<?xml version="1.0" encoding="utf-8"?><testsuites name="pytest tests"><testsuite name="pytest" errors="10" failures="596" skipped="74" tests="12799" time="2036.995" timestamp="2026-08-02T13:22:02.462038-07:00" hostname="DESKTOP-KCPMGP3"><testcase classname="" name="tests.test_wiki_file_bug" file="tests/test_wiki_file_bug.py" time="0.000"><skipped message="collection skipped">('C:\\Users\\Jonathan\\Projects\\wf-required-test-gate\\tests\\test_wiki_file_bug.py', 32, 'Skipped: wiki file_bug patches not landed yet (missing: _wiki_file_bug, _next_bug_id, _slugify_title, _render_bug_markdown)')</skipped></testcase><testcase classname="tests.command_center.test_collector" name="test_discover_zones_only_existing" file="tests\command_center\test_collector.py" line="50" time="0.007" /><testcase classname="tests.command_center.test_collector" name="test_discover_zones_heat" file="tests\command_center\test_collector.py" line="58" time="0.003" /><testcase classname="tests.command_center.test_collector" name="test_discover_universes_local" file="tests\command_center\test_collector.py" line="67" time="0.026" /><testcase classname="tests.command_center.test_collector" name="test_talk_to_universe_writes_engine_note" file="tests\command_center\test_collector.py" line="81" time="0.023" /><testcase classname="tests.command_center.test_collector" name="test_talk_to_dormant_universe_pins_inbox" file="tests\command_center\test_collector.py" line="98" time="0.023" /><testcase classname="tests.command_center.test_collector" name="test_talk_to_agent_and_chat_history" file="tests\command_center\test_collector.py" line="107" time="0.035" /><testcase classname="tests.command_center.test_collector" name="test_talk_rejects_bad_target" file="tests\command_center\test_collector.py" line="118" time="0.006" /><testcase classname="tests.command_center.test_collector" name="test_detect_agents_from_claude_transcript" file="tests\command_center\test_collector.py" line="124" time="0.023" /><testcase classname="tests.command_center.test_collector" name="test_detect_agents_from_status_claim" file="tests\command_center\test_collector.py" line="158" time="0.007" /><testcase classname="tests.command_center.test_collector" name="test_snapshot_shape_offline" file="tests\command_center\test_collector.py" line="170" time="0.098" /><testcase classname="tests.command_center.test_collector" name="test_kimi_agent_named_by_session_title" file="tests\command_center\test_collector.py" line="182" time="0.036" /><testcase classname="tests.command_center.test_collector" name="test_universe_name_skips_okf_frontmatter" file="tests\command_center\test_collector.py" line="212" time="0.015" /><testcase classname="tests.command_center.test_collector" name="test_universe_name_from_root_index" file="tests\command_center\test_collector.py" line="226" time="0.012" /><testcase classname="tests.command_center.test_collector" name="test_universe_name_never_returns_yes_no_cells" file="tests\command_center\test_collector.py" line="238" time="0.016" /><testcase classname="tests.command_center.test_collector" name="test_strip_frontmatter" file="tests\command_center\test_collector.py" line="254" time="0.001" /><testcase classname="tests.command_center.test_collector" name="test_live_universe_mapping" file="tests\command_center\test_collector.py" line="259" time="0.001" /><testcase classname="tests.command_center.test_hire" name="test_discover_providers_shape" file="tests\command_center\test_hire.py" line="35" time="0.060" /><testcase classname="tests.command_center.test_hire" name="test_hire_preset_writes_config" file="tests\command_center\test_hire.py" line="63" time="0.049" /><testcase classname="tests.command_center.test_hire" name="test_hire_rejects_market_and_unknown" file="tests\command_center\test_hire.py" line="79" time="0.009" /><testcase classname="tests.command_center.test_hire" name="test_hire_dispatch_needs_dispatchable_engine" file="tests\command_center\test_hire.py" line="91" time="0.008" /><testcase classname="tests.command_center.test_parsers" name="test_slugify" file="tests\command_center\test_parsers.py" line="10" time="0.001" /><testcase classname="tests.command_center.test_parsers" name="test_tail_jsonl_reads_last_lines" file="tests\command_center\test_parsers.py" line="16" time="0.013" /><testcase classname="tests.command_center.test_parsers" name="test_iso_to_epoch" file="tests\command_center\test_parsers.py" line="25" time="0.001" /><testcase classname="tests.command_center.test_parsers" name="test_parse_status_claims" file="tests\command_center\test_parsers.py" line="31" time="0.001" /><testcase classname="tests.command_center.test_parsers" name="test_parse_claude_transcript" file="tests\command_center\test_parsers.py" line="50" time="0.001" /><testcase classname="tests.command_center.test_parsers" name="test_parse_codex_rollout" file="tests\command_center\test_parsers.py" line="83" time="0.001" /><testcase classname="tests.command_center.test_parsers" name="test_parse_activity_log_mixed_eras" file="tests\command_center\test_parsers.py" line="106" time="0.001" /><testcase classname="tests.command_center.test_parsers" name="test_zone_for_relpath_longest_prefix" file="tests\command_center\test_parsers.py" line="121" time="0.001" /><testcase classname="tests.command_center.test_parsers" name="test_norm_rel" file="tests\command_center\test_parsers.py" line="128" time="0.003" /><testcase classname="tests.command_center.test_parsers" name="test_make_label" file="tests\command_center\test_parsers.py" line="133" time="0.001" /><testcase classname="tests.command_center.test_parsers" name="test_parse_claude_transcript_opening_prompt_and_branch" file="tests\command_center\test_parsers.py" line="143" time="0.001" /><testcase classname="tests.command_center.test_server" name="test_static_bootstrap_and_health_are_public_but_hardened" file="tests\command_center\test_server.py" line="85" time="0.637" /><testcase classname="tests.command_center.test_server" name="test_private_reads_require_header_token_and_reject_query_token[/api/state]" file="tests\command_center\test_server.py" line="104" time="0.537" /><testcase classname="tests.command_center.test_server" name="test_private_reads_require_header_token_and_reject_query_token[/api/chat?target=agent:kimi-abc]" file="tests\command_center\test_server.py" line="104" time="0.618" /><testcase classname="tests.command_center.test_server" name="test_private_reads_require_header_token_and_reject_query_token[/api/providers]" file="tests\command_center\test_server.py" line="104" time="0.551" /><testcase classname="tests.command_center.test_server" name="test_non_ascii_header_token_is_rejected_without_crashing" file="tests\command_center\test_server.py" line="129" time="0.526" /><testcase classname="tests.command_center.test_server" name="test_talk_and_chat_roundtrip_requires_header" file="tests\command_center\test_server.py" line="142" time="0.552" /><testcase classname="tests.command_center.test_server" name="test_unauthenticated_cross_site_shaped_write_never_calls_collector[/api/talk]" file="tests\command_center\test_server.py" line="164" time="0.405"><failure message="ConnectionAbortedError: [WinError 10053] An established connection was aborted by the software in your host machine">village = (Config(root=WindowsPath('C:/Users/Jonathan/AppData/Local/Temp/pytest-of-Jonathan/pytest-7404/test_unauthenticated_cro...pytest-of-Jonathan/pytest-7404/test_unauthenticated_cross_sit0/k'), data_dirs=[], now=&lt;built-in function time&gt;), 57942)
monkeypatch = &lt;_pytest.monkeypatch.MonkeyPatch object at 0x0000018DFDA9C130&gt;
route = '/api/talk'

    @pytest.mark.parametrize("route", ["/api/talk", "/api/hire"])
    def test_unauthenticated_cross_site_shaped_write_never_calls_collector(
        village,
        monkeypatch: pytest.MonkeyPatch,
        route: str,
    ) -&gt; None:
        _, port = village
        called = False
    
        def forbidden(*_args, **_kwargs):
            nonlocal called
            called = True
            raise AssertionError("collector must not run")
    
        monkeypatch.setattr(collector, "talk" if route.endswith("talk") else "hire", forbidden)
&gt;       status, _, _ = _request(
            port,
            route,
            method="POST",
            payload={"target": "agent:kimi-abc", "message": "csrf"},
            headers={"Origin": "https://attacker.invalid"},
        )

tests\command_center\test_server.py:180: 
_ _ _ _ _ _ _ _ _ _ _ _ _ _ _ _ _ _ _ _ _ _ _ _ _ _ _ _ _ _ _ _ _ _ _ _ _ _ _ _
tests\command_center\test_server.py:80: in _request
    with urllib.request.urlopen(req, timeout=5) as resp:
         ^^^^^^^^^^^^^^^^^^^^^^^^^^^^^^^^^^^^^^
C:\Python314\Lib\urllib\request.py:187: in urlopen
    return opener.open(url, data, timeout)
           ^^^^^^^^^^^^^^^^^^^^^^^^^^^^^^^
C:\Python314\Lib\urllib\request.py:487: in open
    response = self._open(req, data)
               ^^^^^^^^^^^^^^^^^^^^^
C:\Python314\Lib\urllib\request.py:504: in _open
    result = self._call_chain(self.handle_open, protocol, protocol +
C:\Python314\Lib\urllib\request.py:464: in _call_chain
    result = func(*args)
             ^^^^^^^^^^^
C:\Python314\Lib\urllib\request.py:1350: in http_open
    return self.do_open(http.client.HTTPConnection, req)
           ^^^^^^^^^^^^^^^^^^^^^^^^^^^^^^^^^^^^^^^^^^^^^
C:\Python314\Lib\urllib\request.py:1325: in do_open
    r = h.getresponse()
        ^^^^^^^^^^^^^^^
C:\Python314\Lib\http\client.py:1450: in getresponse
    response.begin()
C:\Python314\Lib\http\client.py:336: in begin
    version, status, reason = self._read_status()
                              ^^^^^^^^^^^^^^^^^^^
C:\Python314\Lib\http\client.py:297: in _read_status
    line = str(self.fp.readline(_MAXLINE + 1), "iso-8859-1")
               ^^^^^^^^^^^^^^^^^^^^^^^^^^^^^^
_ _ _ _ _ _ _ _ _ _ _ _ _ _ _ _ _ _ _ _ _ _ _ _ _ _ _ _ _ _ _ _ _ _ _ _ _ _ _ _

self = &lt;socket.SocketIO object at 0x0000018D890DAA40&gt;
b = &lt;memory at 0x0000018D873B8400&gt;

    def readinto(self, b):
        """Read up to len(b) bytes into the writable buffer *b* and return
        the number of bytes read.  If the socket is non-blocking and no bytes
        are available, None is returned.
    
        If *b* is non-empty, a 0 return value indicates that the connection
        was shutdown at the other end.
        """
        self._checkClosed()
        self._checkReadable()
        if self._timeout_occurred:
            raise OSError("cannot read from timed out object")
        try:
&gt;           return self._sock.recv_into(b)
                   ^^^^^^^^^^^^^^^^^^^^^^^
E           ConnectionAbortedError: [WinError 10053] An established connection was aborted by the software in your host machine

C:\Python314\Lib\socket.py:725: ConnectionAbortedError</failure></testcase><testcase classname="tests.command_center.test_server" name="test_unauthenticated_cross_site_shaped_write_never_calls_collector[/api/hire]" file="tests\command_center\test_server.py" line="164" time="0.539" /><testcase classname="tests.command_center.test_server" name="test_talk_validation_runs_only_after_auth" file="tests\command_center\test_server.py" line="191" time="0.521" /><testcase classname="tests.command_center.test_server" name="test_invalid_declared_length_is_rejected_before_body_or_collector[None]" file="tests\command_center\test_server.py" line="203" time="0.537" /><testcase classname="tests.command_center.test_server" name="test_invalid_declared_length_is_rejected_before_body_or_collector[-1]" file="tests\command_center\test_server.py" line="203" time="0.538" /><testcase classname="tests.command_center.test_server" name="test_invalid_declared_length_is_rejected_before_body_or_collector[not-a-number]" file="tests\command_center\test_server.py" line="203" time="0.538" /><testcase classname="tests.command_center.test_server" name="test_invalid_declared_length_is_rejected_before_body_or_collector[65537]" file="tests\command_center\test_server.py" line="203" time="0.537" /><testcase classname="tests.command_center.test_server" name="test_non_object_json_is_rejected_before_collector" file="tests\command_center\test_server.py" line="233" time="0.538" /><testcase classname="tests.command_center.test_server" name="test_auth_preparation_generates_strong_token_and_rejects_weak_explicit" file="tests\command_center\test_server.py" line="258" time="0.003" /><testcase classname="tests.command_center.test_server" name="test_cli_and_config_default_to_loopback" file="tests\command_center\test_server.py" line="280" time="0.001" /><testcase classname="tests.command_center.test_server" name="test_browser_uses_fragment_session_and_header_without_query_bearer" file="tests\command_center\test_server.py" line="285" time="0.001" /><testcase classname="tests.command_center.test_server" name="test_browser_auth_error_is_persistent_and_recovers_from_fragment" file="tests\command_center\test_server.py" line="304" time="0.001" /><testcase classname="tests.desktop_install.test_credentials" name="test_refresh_token_round_trips_through_native_store" file="tests\desktop_install\test_credentials.py" line="48" time="0.001" /><testcase classname="tests.desktop_install.test_credentials" name="test_unavailable_native_backend_fails_closed" file="tests\desktop_install\test_credentials.py" line="65" time="0.001" /><testcase classname="tests.desktop_install.test_credentials" name="test_positive_priority_plaintext_backend_fails_closed" file="tests\desktop_install\test_credentials.py" line="76" time="0.001" /><testcase classname="tests.desktop_install.test_credentials" name="test_native_backend_operational_failure_is_fail_closed" file="tests\desktop_install\test_credentials.py" line="89" time="0.001" /><testcase classname="tests.desktop_install.test_credentials" name="test_refresh_token_is_never_accepted_as_empty" file="tests\desktop_install\test_credentials.py" line="99" time="0.001" /><testcase classname="tests.desktop_install.test_credentials" name="test_delete_removes_native_secret" file="tests\desktop_install\test_credentials.py" line="113" time="0.000" /><testcase classname="tests.desktop_install.test_credentials" name="test_desktop_install_declares_native_keyring_dependency" file="tests\desktop_install\test_credentials.py" line="129" time="0.001" /><testcase classname="tests.desktop_install.test_onboarding" name="test_first_run_binds_existing_account_with_self_visibility" file="tests\desktop_install\test_onboarding.py" line="102" time="0.052" /><testcase classname="tests.desktop_install.test_onboarding" name="test_callback_state_mismatch_creates_no_registration" file="tests\desktop_install\test_onboarding.py" line="129" time="0.004" /><testcase classname="tests.desktop_install.test_onboarding" name="test_first_run_opens_system_browser_authorization" file="tests\desktop_install\test_onboarding.py" line="145" time="0.004" /><testcase classname="tests.desktop_install.test_onboarding" name="test_offline_registration_recovers_once_without_reinstall" file="tests\desktop_install\test_onboarding.py" line="157" time="0.029" /><testcase classname="tests.desktop_install.test_onboarding" name="test_retry_deadline_is_honored_without_hitting_origin" file="tests\desktop_install\test_onboarding.py" line="180" time="0.029" /><testcase classname="tests.desktop_install.test_onboarding" name="test_expired_or_rejected_refresh_stops_online_advertising" file="tests\desktop_install\test_onboarding.py" line="204" time="0.031" /><testcase classname="tests.desktop_install.test_onboarding" name="test_recovery_persists_a_rotated_refresh_token" file="tests\desktop_install\test_onboarding.py" line="229" time="0.038" /><testcase classname="tests.desktop_install.test_onboarding" name="test_expired_online_authorization_pauses_and_refreshes" file="tests\desktop_install\test_onboarding.py" line="249" time="0.033" /><testcase classname="tests.desktop_install.test_onboarding" name="test_packaged_authority_gate_requires_online_unexpired_native_secret" file="tests\desktop_install\test_onboarding.py" line="271" time="0.009" /><testcase classname="tests.desktop_install.test_onboarding" name="test_packaged_authority_gate_rejects_expired_binding" file="tests\desktop_install\test_onboarding.py" line="306" time="0.008" /><testcase classname="tests.desktop_install.test_onboarding" name="test_each_clean_machine_gets_a_distinct_host_identity" file="tests\desktop_install\test_onboarding.py" line="330" time="0.008" /><testcase classname="tests.desktop_install.test_onboarding" name="test_linux_autostart_is_idempotent_and_removable" file="tests\desktop_install\test_onboarding.py" line="338" time="0.015" /><testcase classname="tests.desktop_install.test_onboarding" name="test_uninstall_removes_program_but_preserves_user_content" file="tests\desktop_install\test_onboarding.py" line="355" time="0.012" /><testcase classname="tests.desktop_install.test_onboarding" name="test_pending_state_file_contains_only_non_secret_fields" file="tests\desktop_install\test_onboarding.py" line="382" time="0.010" /><testcase classname="tests.desktop_install.test_packaged_runtime" name="test_source_runtime_command_preserves_python_module_launch" file="tests\desktop_install\test_packaged_runtime.py" line="10" time="0.001" /><testcase classname="tests.desktop_install.test_packaged_runtime" name="test_packaged_runtime_command_reenters_frozen_executable_by_role" file="tests\desktop_install\test_packaged_runtime.py" line="29" time="0.001" /><testcase classname="tests.desktop_install.test_packaged_runtime" name="test_packaged_runtime_anchors_lock_and_logs_in_user_data" file="tests\desktop_install\test_packaged_runtime.py" line="42" time="0.002" /><testcase classname="tests.desktop_install.test_packaged_runtime" name="test_packaged_daemon_start_is_blocked_until_account_binding" file="tests\desktop_install\test_packaged_runtime.py" line="56" time="0.009" /><testcase classname="tests.desktop_install.test_packaged_runtime" name="test_packaged_entrypoint_refuses_unknown_role" file="tests\desktop_install\test_packaged_runtime.py" line="72" time="0.018" /><testcase classname="tests.desktop_install.test_packaged_runtime" name="test_packaged_authority_roles_are_gated_before_import" file="tests\desktop_install\test_packaged_runtime.py" line="79" time="0.001" /><testcase classname="tests.desktop_install.test_packaged_runtime" name="test_packaged_health_probe_creates_clean_user_data_root" file="tests\desktop_install\test_packaged_runtime.py" line="96" time="0.003" /><testcase classname="tests.desktop_install.test_packaged_runtime" name="test_windows_runtime_does_not_duplicate_installer_owned_autostart" file="tests\desktop_install\test_packaged_runtime.py" line="109" time="0.000" /><testcase classname="tests.desktop_install.test_packaged_runtime" name="test_packaged_update_role_invokes_runtime_update_path" file="tests\desktop_install\test_packaged_runtime.py" line="123" time="0.000" /><testcase classname="tests.desktop_install.test_packaged_runtime" name="test_update_without_pinned_public_key_fails_closed" file="tests\desktop_install\test_packaged_runtime.py" line="143" time="0.002" /><testcase classname="tests.desktop_install.test_packaged_runtime" name="test_clean_first_start_creates_nested_log_directory" file="tests\desktop_install\test_packaged_runtime.py" line="162" time="0.004" /><testcase classname="tests.desktop_install.test_packaged_singleton" name="test_packaged_double_launch_converges_on_one_control_process" file="tests\desktop_install\test_packaged_singleton.py" line="7" time="0.009" /><testcase classname="tests.desktop_install.test_packaging_definitions" name="test_artifact_metadata_is_reproducible_and_complete" file="tests\desktop_install\test_packaging_definitions.py" line="31" time="0.046" /><testcase classname="tests.desktop_install.test_packaging_definitions" name="test_signed_metadata_requires_a_real_identity" file="tests\desktop_install\test_packaging_definitions.py" line="64" time="0.004" /><testcase classname="tests.desktop_install.test_packaging_definitions" name="test_each_platform_has_native_build_and_signing_hooks[windows-required0]" file="tests\desktop_install\test_packaging_definitions.py" line="88" time="0.021" /><testcase classname="tests.desktop_install.test_packaging_definitions" name="test_each_platform_has_native_build_and_signing_hooks[macos-required1]" file="tests\desktop_install\test_packaging_definitions.py" line="88" time="0.017" /><testcase classname="tests.desktop_install.test_packaging_definitions" name="test_each_platform_has_native_build_and_signing_hooks[linux-required2]" file="tests\desktop_install\test_packaging_definitions.py" line="88" time="0.008" /><testcase classname="tests.desktop_install.test_packaging_definitions" name="test_linux_build_defines_deb_and_portable_artifacts" file="tests\desktop_install\test_packaging_definitions.py" line="136" time="0.001" /><testcase classname="tests.desktop_install.test_packaging_definitions" name="test_windows_installer_preserves_user_content_on_uninstall" file="tests\desktop_install\test_packaging_definitions.py" line="143" time="0.021" /><testcase classname="tests.desktop_install.test_packaging_definitions" name="test_metadata_json_round_trips_without_absolute_build_paths" file="tests\desktop_install\test_packaging_definitions.py" line="152" time="0.013" /><testcase classname="tests.desktop_install.test_packaging_definitions" name="test_sbom_inventory_comes_from_pyinstaller_bundle_graph" file="tests\desktop_install\test_packaging_definitions.py" line="180" time="0.013" /><testcase classname="tests.desktop_install.test_packaging_definitions" name="test_nonempty_artifact_cannot_have_an_empty_sbom" file="tests\desktop_install\test_packaging_definitions.py" line="239" time="0.001" /><testcase classname="tests.desktop_install.test_packaging_definitions" name="test_build_sbom_integrity_binding_rejects_changed_sbom" file="tests\desktop_install\test_packaging_definitions.py" line="251" time="0.031" /><testcase classname="tests.desktop_install.test_packaging_definitions" name="test_update_manifest_uses_provisioned_ed25519_identity" file="tests\desktop_install\test_packaging_definitions.py" line="294" time="0.031" /><testcase classname="tests.desktop_install.test_release_workflow" name="test_release_workflow_builds_all_supported_platforms" file="tests\desktop_install\test_release_workflow.py" line="31" time="0.014" /><testcase classname="tests.desktop_install.test_release_workflow" name="test_unsigned_ci_builds_cannot_be_published_as_stable" file="tests\desktop_install\test_release_workflow.py" line="42" time="0.001" /><testcase classname="tests.desktop_install.test_release_workflow" name="test_signatures_and_notarization_are_verified_before_publication" file="tests\desktop_install\test_release_workflow.py" line="52" time="0.001" /><testcase classname="tests.desktop_install.test_release_workflow" name="test_workflow_emits_provenance_sbom_channels_and_rollback_evidence" file="tests\desktop_install\test_release_workflow.py" line="61" time="0.001" /><testcase classname="tests.desktop_install.test_release_workflow" name="test_macos_bundle_is_archived_before_cross_job_transport" file="tests\desktop_install\test_release_workflow.py" line="71" time="0.001" /><testcase classname="tests.desktop_install.test_release_workflow" name="test_signed_outputs_are_attested_after_signing" file="tests\desktop_install\test_release_workflow.py" line="78" time="0.001" /><testcase classname="tests.desktop_install.test_release_workflow" name="test_macos_certificate_is_imported_into_temporary_keychain" file="tests\desktop_install\test_release_workflow.py" line="102" time="0.001" /><testcase classname="tests.desktop_install.test_release_workflow" name="test_unsigned_windows_artifact_is_installed_repaired_and_uninstalled" file="tests\desktop_install\test_release_workflow.py" line="109" time="0.028" /><testcase classname="tests.desktop_install.test_release_workflow" name="test_unsigned_windows_lifecycle_is_bounded_and_diagnostic" file="tests\desktop_install\test_release_workflow.py" line="123" time="0.001" /><testcase classname="tests.desktop_install.test_release_workflow" name="test_windows_lifecycle_capture_replays_a_fixed_size_snapshot" file="tests\desktop_install\test_release_workflow.py" line="158" time="0.014" /><testcase classname="tests.desktop_install.test_release_workflow" name="test_windows_lifecycle_capture_writer_is_bounded_while_draining" file="tests\desktop_install\test_release_workflow.py" line="199" time="0.003" /><testcase classname="tests.desktop_install.test_release_workflow" name="test_windows_lifecycle_cleanup_never_uses_run_timeout_cleanup" file="tests\desktop_install\test_release_workflow.py" line="218" time="0.001" /><testcase classname="tests.desktop_install.test_release_workflow" name="test_windows_lifecycle_capture_reader_is_independent_from_live_writer" file="tests\desktop_install\test_release_workflow.py" line="263" time="0.077" /><testcase classname="tests.desktop_install.test_release_workflow" name="test_windows_lifecycle_supervisor_bounds_and_reports_hung_child" file="tests\desktop_install\test_release_workflow.py" line="315" time="2.247" /><testcase classname="tests.desktop_install.test_release_workflow" name="test_release_workflow_has_no_fake_signature_fallback" file="tests\desktop_install\test_release_workflow.py" line="392" time="0.001" /><testcase classname="tests.desktop_install.test_updater" name="test_updater_module_exists" file="tests\desktop_install\test_updater.py" line="97" time="0.001" /><testcase classname="tests.desktop_install.test_updater" name="test_signed_update_activates_after_health_check" file="tests\desktop_install\test_updater.py" line="101" time="0.041" /><testcase classname="tests.desktop_install.test_updater" name="test_tampered_artifact_is_rejected_before_activation" file="tests\desktop_install\test_updater.py" line="117" time="0.022" /><testcase classname="tests.desktop_install.test_updater" name="test_staged_artifact_is_reverified_at_activation" file="tests\desktop_install\test_updater.py" line="130" time="0.020" /><testcase classname="tests.desktop_install.test_updater" name="test_signed_downgrade_is_rejected_without_a_usable_current_version[None]" file="tests\desktop_install\test_updater.py" line="143" time="0.026" /><testcase classname="tests.desktop_install.test_updater" name="test_signed_downgrade_is_rejected_without_a_usable_current_version[{]" file="tests\desktop_install\test_updater.py" line="143" time="0.009" /><testcase classname="tests.desktop_install.test_updater" name="test_signed_downgrade_is_rejected_without_a_usable_current_version[{&quot;artifact&quot;: &quot;releases/1.0.0/TinyAssets-1.0.0.exe&quot;}]" file="tests\desktop_install\test_updater.py" line="143" time="0.027" /><testcase classname="tests.desktop_install.test_updater" name="test_signed_downgrade_is_rejected_without_a_usable_current_version[{&quot;version&quot;: &quot;not-semver&quot;, &quot;artifact&quot;: &quot;release.exe&quot;}]" file="tests\desktop_install\test_updater.py" line="143" time="0.016" /><testcase classname="tests.desktop_install.test_updater" name="test_staged_update_is_rejected_if_it_becomes_a_downgrade_before_apply" file="tests\desktop_install\test_updater.py" line="171" time="0.033" /><testcase classname="tests.desktop_install.test_updater" name="test_tampered_provenance_is_rejected_before_staging[TinyAssetsSetup.exe.spdx.json-SBOM]" file="tests\desktop_install\test_updater.py" line="189" time="0.032" /><testcase classname="tests.desktop_install.test_updater" name="test_tampered_provenance_is_rejected_before_staging[TinyAssetsSetup.exe.metadata.json-metadata]" file="tests\desktop_install\test_updater.py" line="189" time="0.011" /><testcase classname="tests.desktop_install.test_updater" name="test_failed_health_check_rolls_back_and_records_evidence" file="tests\desktop_install\test_updater.py" line="225" time="0.040" /><testcase classname="tests.desktop_install.test_updater" name="test_crash_after_activation_is_recovered_on_next_start" file="tests\desktop_install\test_updater.py" line="245" time="0.038" /><testcase classname="tests.desktop_install.test_updater" name="test_prepared_transaction_rolls_back_conservatively" file="tests\desktop_install\test_updater.py" line="269" time="0.026" /><testcase classname="tests.desktop_install.test_updater" name="test_incompatible_or_downgrade_manifest_is_rejected[override0-newer]" file="tests\desktop_install\test_updater.py" line="301" time="0.010" /><testcase classname="tests.desktop_install.test_updater" name="test_incompatible_or_downgrade_manifest_is_rejected[override1-platform]" file="tests\desktop_install\test_updater.py" line="301" time="0.010" /><testcase classname="tests.desktop_install.test_updater" name="test_incompatible_or_downgrade_manifest_is_rejected[override2-architecture]" file="tests\desktop_install\test_updater.py" line="301" time="0.009" /><testcase classname="tests.desktop_install.test_updater" name="test_incompatible_or_downgrade_manifest_is_rejected[override3-channel]" file="tests\desktop_install\test_updater.py" line="301" time="0.010" /><testcase classname="tests.desktop_install.test_updater" name="test_incompatible_or_downgrade_manifest_is_rejected[override4-product]" file="tests\desktop_install\test_updater.py" line="301" time="0.009" /><testcase classname="tests.desktop_install.test_updater" name="test_semver_prerelease_identifiers_compare_numerically" file="tests\desktop_install\test_updater.py" line="328" time="0.026" /><testcase classname="tests.desktop_install.test_updater" name="test_rollout_cohort_is_enforced_before_staging" file="tests\desktop_install\test_updater.py" line="351" time="0.018" /><testcase classname="tests.desktop_install.test_updater" name="test_windows_installer_executes_verified_artifact_in_silent_mode" file="tests\desktop_install\test_updater.py" line="363" time="0.003" /><testcase classname="tests.load.test_agent_interchange_load" name="test_agent_interchange_deployment_shaped_load" file="tests\load\test_agent_interchange_load.py" line="247" time="5.712" /><testcase classname="tests.smoke.test_domains_fantasy_daemon_registered" name="test_fantasy_daemon_package_imports" file="tests\smoke\test_domains_fantasy_daemon_registered.py" line="10" time="0.001" /><testcase classname="tests.smoke.test_domains_fantasy_daemon_registered" name="test_fantasy_daemon_has_graphs" file="tests\smoke\test_domains_fantasy_daemon_registered.py" line="14" time="0.001" /><testcase classname="tests.smoke.test_mcp_tools_list_non_empty" name="test_mcp_has_registered_tools" file="tests\smoke\test_mcp_tools_list_non_empty.py" line="5" time="0.002" /><testcase classname="tests.smoke.test_plan_md_exists" name="test_agents_md_exists" file="tests\smoke\test_plan_md_exists.py" line="15" time="0.001" /><testcase classname="tests.smoke.test_plan_md_exists" name="test_plan_md_exists" file="tests\smoke\test_plan_md_exists.py" line="19" time="0.001" /><testcase classname="tests.smoke.test_plan_md_exists" name="test_status_md_exists" file="tests\smoke\test_plan_md_exists.py" line="23" time="0.001" /><testcase classname="tests.smoke.test_plan_md_exists" name="test_pyproject_has_tinyassets_name" file="tests\smoke\test_plan_md_exists.py" line="27" time="0.001" /><testcase classname="tests.smoke.test_selfhost_parity" name="test_parity_identical_tools_and_keys_passes" file="tests\smoke\test_selfhost_parity.py" line="25" time="0.001" /><testcase classname="tests.smoke.test_selfhost_parity" name="test_parity_tool_missing_from_tunnel_raises" file="tests\smoke\test_selfhost_parity.py" line="31" time="0.001" /><testcase classname="tests.smoke.test_selfhost_parity" name="test_parity_extra_tool_in_tunnel_raises" file="tests\smoke\test_selfhost_parity.py" line="40" time="0.001" /><testcase classname="tests.smoke.test_selfhost_parity" name="test_parity_status_key_mismatch_raises" file="tests\smoke\test_selfhost_parity.py" line="49" time="0.001" /><testcase classname="tests.smoke.test_selfhost_parity" name="test_parity_both_empty_status_passes" file="tests\smoke\test_selfhost_parity.py" line="59" time="0.001" /><testcase classname="tests.smoke.test_selfhost_parity" name="test_run_exit_0_when_access_gate_holds" file="tests\smoke\test_selfhost_parity.py" line="72" time="0.001" /><testcase classname="tests.smoke.test_selfhost_parity" name="test_run_exit_3_when_tools_differ" file="tests\smoke\test_selfhost_parity.py" line="84" time="0.001" /><testcase classname="tests.smoke.test_selfhost_parity" name="test_run_exit_2_when_network_fails" file="tests\smoke\test_selfhost_parity.py" line="100" time="0.001" /><testcase classname="tests.smoke.test_selfhost_parity" name="test_main_passes_custom_urls_to_run" file="tests\smoke\test_selfhost_parity.py" line="113" time="0.001" /><testcase classname="tests.smoke.test_selfhost_parity" name="test_run_exit_0_when_parity_and_llm_bound" file="tests\smoke\test_selfhost_parity.py" line="144" time="0.001" /><testcase classname="tests.smoke.test_selfhost_parity" name="test_run_fails_when_llm_unbound" file="tests\smoke\test_selfhost_parity.py" line="154" time="0.001" /><testcase classname="tests.smoke.test_selfhost_parity" name="test_run_fails_when_llm_network_error" file="tests\smoke\test_selfhost_parity.py" line="168" time="0.001" /><testcase classname="tests.smoke.test_selfhost_parity" name="test_run_parity_fail_skips_llm_check" file="tests\smoke\test_selfhost_parity.py" line="182" time="0.001" /><testcase classname="tests.smoke.test_sqlite_saver_importable" name="test_sqlite_saver_is_importable" file="tests\smoke\test_sqlite_saver_importable.py" line="10" time="0.001" /><testcase classname="tests.smoke.test_sqlite_saver_importable" name="test_async_sqlite_saver_not_used" file="tests\smoke\test_sqlite_saver_importable.py" line="16" time="0.008" /><testcase classname="tests.smoke.test_tier3_smoke_script" name="test_tier3_smoke_script_exit_zero" file="tests\smoke\test_tier3_smoke_script.py" line="17" time="4.270" /><testcase classname="tests.test_acceptance_suite_ci" name="test_user_story_within_length_bound" file="tests\test_acceptance_suite_ci.py" line="119" time="0.002" /><testcase classname="tests.test_acceptance_suite_ci" name="test_acceptance_suite_goals_propose_passes" file="tests\test_acceptance_suite_ci.py" line="124" time="0.065" /><testcase classname="tests.test_acceptance_suite_ci" name="test_acceptance_suite_gate_catches_failure" file="tests\test_acceptance_suite_ci.py" line="138" time="0.002" /><testcase classname="tests.test_action_scopes" name="test_action_scope_registry_is_derived_from_internal_dispatch_tables" file="tests\test_action_scopes.py" line="62" time="0.001" /><testcase classname="tests.test_action_scopes" name="test_money_escrow_writes_require_write_scope_not_read" file="tests\test_action_scopes.py" line="81" time="0.001" /><testcase classname="tests.test_action_scopes" name="test_action_scope_status_self_audit_reports_table_and_caveats" file="tests\test_action_scopes.py" line="104" time="0.002" /><testcase classname="tests.test_action_scopes" name="test_permission_action_requires_named_scope_when_present" file="tests\test_action_scopes.py" line="121" time="0.001" /><testcase classname="tests.test_action_scopes" name="test_action_scope_checkpoint_enforces_only_when_auth_is_enabled" file="tests\test_action_scopes.py" line="150" time="0.001" /><testcase classname="tests.test_activity_log_parity.TestNormalization" name="test_timestamp_stripped" file="tests\test_activity_log_parity.py" line="102" time="0.001" /><testcase classname="tests.test_activity_log_parity.TestNormalization" name="test_bracket_timestamp_stripped" file="tests\test_activity_log_parity.py" line="108" time="0.000" /><testcase classname="tests.test_activity_log_parity.TestNormalization" name="test_uuid_stripped" file="tests\test_activity_log_parity.py" line="113" time="0.000" /><testcase classname="tests.test_activity_log_parity.TestNormalization" name="test_hash_stripped" file="tests\test_activity_log_parity.py" line="119" time="0.000" /><testcase classname="tests.test_activity_log_parity.TestNormalization" name="test_plain_text_unchanged" file="tests\test_activity_log_parity.py" line="125" time="0.000" /><testcase classname="tests.test_activity_log_parity.TestAcceptableDiffSurface" name="test_dispatcher_observational_is_flag_on_only" file="tests\test_activity_log_parity.py" line="134" time="0.000" /><testcase classname="tests.test_activity_log_parity.TestAcceptableDiffSurface" name="test_heartbeat_is_count_variant" file="tests\test_activity_log_parity.py" line="139" time="0.000" /><testcase classname="tests.test_activity_log_parity.TestAcceptableDiffSurface" name="test_orient_line_is_not_acceptable_diff" file="tests\test_activity_log_parity.py" line="142" time="0.000" /><testcase classname="tests.test_activity_log_parity.TestAcceptableDiffSurface" name="test_empty_line_not_acceptable" file="tests\test_activity_log_parity.py" line="147" time="0.000" /><testcase classname="tests.test_activity_log_parity.TestNormalizeLog" name="test_sorted_and_stripped" file="tests\test_activity_log_parity.py" line="152" time="0.000" /><testcase classname="tests.test_activity_log_parity.TestNormalizeLog" name="test_empty_text" file="tests\test_activity_log_parity.py" line="157" time="0.000" /><testcase classname="tests.test_activity_log_parity.TestNormalizeLog" name="test_timestamps_normalized_before_sort" file="tests\test_activity_log_parity.py" line="160" time="0.000" /><testcase classname="tests.test_agent_interchange" name="test_declarative_adapter_requires_complete_core_json_inventory" file="tests\test_agent_interchange.py" line="89" time="0.001" /><testcase classname="tests.test_agent_interchange" name="test_declarative_rule_operation_cannot_lie_about_loss[dishonest_rule0]" file="tests\test_agent_interchange.py" line="106" time="0.001" /><testcase classname="tests.test_agent_interchange" name="test_declarative_rule_operation_cannot_lie_about_loss[dishonest_rule1]" file="tests\test_agent_interchange.py" line="106" time="0.001" /><testcase classname="tests.test_agent_interchange" name="test_declarative_rule_operation_cannot_lie_about_loss[dishonest_rule2]" file="tests\test_agent_interchange.py" line="106" time="0.001" /><testcase classname="tests.test_agent_interchange" name="test_declarative_target_writes_cannot_overlap[/name]" file="tests\test_agent_interchange.py" line="147" time="0.001" /><testcase classname="tests.test_agent_interchange" name="test_declarative_target_writes_cannot_overlap[/components/imported_extension]" file="tests\test_agent_interchange.py" line="147" time="0.001" /><testcase classname="tests.test_agent_interchange" name="test_credential_paths_and_values_cannot_be_namespace_preserved[credentials0]" file="tests\test_agent_interchange.py" line="166" time="0.001" /><testcase classname="tests.test_agent_interchange" name="test_credential_paths_and_values_cannot_be_namespace_preserved[credentials1]" file="tests\test_agent_interchange.py" line="166" time="0.001" /><testcase classname="tests.test_agent_interchange" name="test_credential_paths_and_values_cannot_be_namespace_preserved[credentials2]" file="tests\test_agent_interchange.py" line="166" time="0.001" /><testcase classname="tests.test_agent_interchange" name="test_token_shaped_value_under_benign_key_is_omitted" file="tests\test_agent_interchange.py" line="201" time="0.001" /><testcase classname="tests.test_agent_interchange" name="test_credential_shaped_object_key_cannot_enter_import_inventory" file="tests\test_agent_interchange.py" line="214" time="0.001" /><testcase classname="tests.test_agent_interchange" name="test_adapter_constant_cannot_inject_credential_shaped_value" file="tests\test_agent_interchange.py" line="227" time="0.001" /><testcase classname="tests.test_agent_interchange" name="test_foreign_export_requires_credential_paths_to_be_omitted" file="tests\test_agent_interchange.py" line="249" time="0.001" /><testcase classname="tests.test_agent_interchange" name="test_foreign_export_secret_omission_cannot_be_called_unsupported" file="tests\test_agent_interchange.py" line="275" time="0.001" /><testcase classname="tests.test_agent_interchange" name="test_public_payload_parser_rejects_duplicate_object_keys" file="tests\test_agent_interchange.py" line="319" time="0.001" /><testcase classname="tests.test_agent_interchange" name="test_adapter_request_has_one_exact_bounded_source_shape" file="tests\test_agent_interchange.py" line="348" time="0.001" /><testcase classname="tests.test_agent_interchange" name="test_opaque_adapter_response_stays_unverified_and_cannot_smuggle_output" file="tests\test_agent_interchange.py" line="392" time="0.001" /><testcase classname="tests.test_agent_interchange" name="test_adapter_response_cannot_echo_credentials_in_report_paths_or_details" file="tests\test_agent_interchange.py" line="419" time="0.001" /><testcase classname="tests.test_agent_interchange" name="test_adapter_response_rejects_duplicate_inventory_and_overlong_paths" file="tests\test_agent_interchange.py" line="470" time="0.001" /><testcase classname="tests.test_agent_interchange" name="test_untrusted_adapter_cannot_self_attest_preservation" file="tests\test_agent_interchange.py" line="499" time="0.001" /><testcase classname="tests.test_agent_interchange" name="test_interchange_size_depth_rule_and_base64_bounds_fail_closed" file="tests\test_agent_interchange.py" line="535" time="0.021" /><testcase classname="tests.test_agent_interchange" name="test_response_candidate_report_detail_digest_and_envelope_bounds_fail_closed" file="tests\test_agent_interchange.py" line="586" time="0.019" /><testcase classname="tests.test_agent_interchange" name="test_adapter_output_cannot_bypass_canonical_agent_validation" file="tests\test_agent_interchange.py" line="659" time="0.001" /><testcase classname="tests.test_agent_interchange" name="test_private_stage_scrubs_secrets_preserves_unknowns_and_expires" file="tests\test_agent_interchange.py" line="684" time="0.031" /><testcase classname="tests.test_agent_interchange" name="test_expired_publish_and_later_writes_prune_stage_and_idempotency" file="tests\test_agent_interchange.py" line="742" time="0.050" /><testcase classname="tests.test_agent_interchange" name="test_stage_idempotency_binds_actor_operation_source_and_adapter" file="tests\test_agent_interchange.py" line="810" time="0.028" /><testcase classname="tests.test_agent_interchange" name="test_receipt_binds_adapter_version_and_detects_tampering" file="tests\test_agent_interchange.py" line="846" time="0.028" /><testcase classname="tests.test_agent_interchange" name="test_publish_stage_is_atomic_and_retry_safe" file="tests\test_agent_interchange.py" line="913" time="0.042" /><testcase classname="tests.test_agent_interchange" name="test_published_stage_exports_safe_import_provenance" file="tests\test_agent_interchange.py" line="965" time="0.030" /><testcase classname="tests.test_agent_interchange" name="test_publish_upgrades_pre_origin_stage_from_receipt_bound_metadata" file="tests\test_agent_interchange.py" line="1021" time="0.042" /><testcase classname="tests.test_agent_interchange" name="test_exact_limit_pre_origin_stage_requires_bounded_restage" file="tests\test_agent_interchange.py" line="1100" time="0.050" /><testcase classname="tests.test_agent_interchange" name="test_schema_upgrade_clears_pre_fix_published_commitments" file="tests\test_agent_interchange.py" line="1185" time="0.045" /><testcase classname="tests.test_agent_interchange" name="test_publish_rejects_stage_content_not_bound_by_stored_receipt" file="tests\test_agent_interchange.py" line="1243" time="0.035" /><testcase classname="tests.test_agent_interchange" name="test_pre_fix_published_stage_retry_uses_legacy_request_digest" file="tests\test_agent_interchange.py" line="1292" time="0.045" /><testcase classname="tests.test_agent_interchange" name="test_identical_receipt_digest_links_every_published_stage" file="tests\test_agent_interchange.py" line="1397" time="0.039" /><testcase classname="tests.test_agent_interchange" name="test_concurrent_identical_stage_import_creates_one_stage" file="tests\test_agent_interchange.py" line="1442" time="0.202" /><testcase classname="tests.test_agent_interchange" name="test_agent_api_authenticates_staging_hides_it_from_other_users_and_publishes" file="tests\test_agent_interchange.py" line="1464" time="0.040" /><testcase classname="tests.test_agent_interchange" name="test_foreign_export_is_adapter_driven_bounded_and_receipted" file="tests\test_agent_interchange.py" line="1551" time="0.029" /><testcase classname="tests.test_agent_interchange" name="test_identical_export_receipt_digest_links_every_actor" file="tests\test_agent_interchange.py" line="1598" time="0.032" /><testcase classname="tests.test_agent_runtime" name="test_manifest_pins_complete_private_input_and_survives_binding_update" file="tests\test_agent_runtime.py" line="129" time="0.058" /><testcase classname="tests.test_agent_runtime" name="test_manifest_compile_retry_is_owner_scoped_and_conflicts_on_changed_input" file="tests\test_agent_runtime.py" line="187" time="0.035" /><testcase classname="tests.test_agent_runtime" name="test_manifest_idempotency_key_namespace_is_per_owner" file="tests\test_agent_runtime.py" line="216" time="0.043" /><testcase classname="tests.test_agent_runtime" name="test_manifest_source_pins_reject_forged_compiler_output[&lt;lambda&gt;0]" file="tests\test_agent_runtime.py" line="254" time="0.025" /><testcase classname="tests.test_agent_runtime" name="test_manifest_source_pins_reject_forged_compiler_output[&lt;lambda&gt;1]" file="tests\test_agent_runtime.py" line="254" time="0.024" /><testcase classname="tests.test_agent_runtime" name="test_manifest_source_pins_reject_forged_compiler_output[&lt;lambda&gt;2]" file="tests\test_agent_runtime.py" line="254" time="0.023" /><testcase classname="tests.test_agent_runtime" name="test_manifest_source_pins_reject_forged_compiler_output[&lt;lambda&gt;3]" file="tests\test_agent_runtime.py" line="254" time="0.024" /><testcase classname="tests.test_agent_runtime" name="test_manifest_source_pins_reject_forged_compiler_output[&lt;lambda&gt;4]" file="tests\test_agent_runtime.py" line="254" time="0.023" /><testcase classname="tests.test_agent_runtime" name="test_manifest_source_pins_reject_forged_compiler_output[&lt;lambda&gt;5]" file="tests\test_agent_runtime.py" line="254" time="0.023" /><testcase classname="tests.test_agent_runtime" name="test_manifest_must_cover_every_public_definition_component" file="tests\test_agent_runtime.py" line="295" time="0.022" /><testcase classname="tests.test_agent_runtime" name="test_manifest_is_private_and_detects_persisted_tampering" file="tests\test_agent_runtime.py" line="328" time="0.042" /><testcase classname="tests.test_agent_runtime" name="test_idempotency_integrity_tamper_cannot_free_the_original_key[column]" file="tests\test_agent_runtime.py" line="356" time="0.043" /><testcase classname="tests.test_agent_runtime" name="test_idempotency_integrity_tamper_cannot_free_the_original_key[envelope]" file="tests\test_agent_runtime.py" line="356" time="0.044" /><testcase classname="tests.test_agent_runtime" name="test_manifest_rejects_secret_runtime_and_unknown_content_atomically[&lt;lambda&gt;0]" file="tests\test_agent_runtime.py" line="404" time="0.023" /><testcase classname="tests.test_agent_runtime" name="test_manifest_rejects_secret_runtime_and_unknown_content_atomically[&lt;lambda&gt;1]" file="tests\test_agent_runtime.py" line="404" time="0.022" /><testcase classname="tests.test_agent_runtime" name="test_manifest_rejects_secret_runtime_and_unknown_content_atomically[&lt;lambda&gt;2]" file="tests\test_agent_runtime.py" line="404" time="0.021" /><testcase classname="tests.test_agent_runtime" name="test_manifest_rejects_oversized_content_without_a_row" file="tests\test_agent_runtime.py" line="435" time="0.034" /><testcase classname="tests.test_agent_runtime" name="test_store_revalidates_a_directly_constructed_manifest_input" file="tests\test_agent_runtime.py" line="453" time="0.022" /><testcase classname="tests.test_agent_runtime" name="test_concurrent_exact_manifest_replay_has_one_identity" file="tests\test_agent_runtime.py" line="473" time="0.194" /><testcase classname="tests.test_agent_runtime_compiler" name="test_executable_components_require_governed_adapters_with_exhaustive_diagnostics" file="tests\test_agent_runtime_compiler.py" line="43" time="0.001" /><testcase classname="tests.test_agent_runtime_compiler" name="test_unknown_descriptive_component_is_preserved_without_authority" file="tests\test_agent_runtime_compiler.py" line="60" time="0.001" /><testcase classname="tests.test_agent_runtime_compiler" name="test_explicit_descriptor_pins_complete_typed_contract" file="tests\test_agent_runtime_compiler.py" line="77" time="0.001" /><testcase classname="tests.test_agent_runtime_compiler" name="test_compilation_is_deterministic_across_mapping_order" file="tests\test_agent_runtime_compiler.py" line="95" time="0.001" /><testcase classname="tests.test_agent_runtime_compiler" name="test_invalid_configuration_and_unavailable_confinement_fail_closed[configuration0-descriptor0-configuration_invalid]" file="tests\test_agent_runtime_compiler.py" line="120" time="0.001" /><testcase classname="tests.test_agent_runtime_compiler" name="test_invalid_configuration_and_unavailable_confinement_fail_closed[configuration1-descriptor1-sandbox_unavailable]" file="tests\test_agent_runtime_compiler.py" line="120" time="0.001" /><testcase classname="tests.test_agent_runtime_compiler" name="test_registry_rejects_duplicate_refs_and_digest_aliases" file="tests\test_agent_runtime_compiler.py" line="145" time="0.001" /><testcase classname="tests.test_agent_runtime_compiler" name="test_implicit_adapter_ambiguity_requires_an_explicit_reference" file="tests\test_agent_runtime_compiler.py" line="162" time="0.001" /><testcase classname="tests.test_agent_runtime_compiler" name="test_public_descriptor_constructors_cannot_bypass_governed_validation" file="tests\test_agent_runtime_compiler.py" line="182" time="0.001" /><testcase classname="tests.test_agent_runtime_compiler" name="test_registry_revalidates_descriptor_facts_at_its_trust_boundary" file="tests\test_agent_runtime_compiler.py" line="208" time="0.001" /><testcase classname="tests.test_agent_runtime_compiler" name="test_registry_detaches_canonical_descriptor_from_the_callers_instance" file="tests\test_agent_runtime_compiler.py" line="221" time="0.001" /><testcase classname="tests.test_agent_runtime_compiler" name="test_malformed_component_values_return_diagnostics[runtime0-configuration0-component_invalid]" file="tests\test_agent_runtime_compiler.py" line="233" time="0.001" /><testcase classname="tests.test_agent_runtime_compiler" name="test_malformed_component_values_return_diagnostics[runtime1-configuration1-configuration_invalid]" file="tests\test_agent_runtime_compiler.py" line="233" time="0.001" /><testcase classname="tests.test_agent_runtime_compiler" name="test_mixed_mapping_keys_return_stable_diagnostics_without_partial_output" file="tests\test_agent_runtime_compiler.py" line="252" time="0.001" /><testcase classname="tests.test_agent_runtime_grants" name="test_resolver_derives_and_resolves_every_reference_from_the_immutable_manifest" file="tests\test_agent_runtime_grants.py" line="102" time="0.001" /><testcase classname="tests.test_agent_runtime_grants" name="test_missing_sources_and_grants_are_exhaustive_and_never_partially_ready" file="tests\test_agent_runtime_grants.py" line="141" time="0.001" /><testcase classname="tests.test_agent_runtime_grants" name="test_account_capability_source_prefers_current_universe_grant_and_rechecks_revocation" file="tests\test_agent_runtime_grants.py" line="169" time="0.077" /><testcase classname="tests.test_agent_runtime_grants" name="test_invalid_or_failed_authoritative_sources_fail_closed[wrong_reference]" file="tests\test_agent_runtime_grants.py" line="241" time="0.001" /><testcase classname="tests.test_agent_runtime_grants" name="test_invalid_or_failed_authoritative_sources_fail_closed[wrong_scope]" file="tests\test_agent_runtime_grants.py" line="241" time="0.001" /><testcase classname="tests.test_agent_runtime_grants" name="test_invalid_or_failed_authoritative_sources_fail_closed[expired]" file="tests\test_agent_runtime_grants.py" line="241" time="0.001" /><testcase classname="tests.test_agent_runtime_grants" name="test_invalid_or_failed_authoritative_sources_fail_closed[exception]" file="tests\test_agent_runtime_grants.py" line="241" time="0.001" /><testcase classname="tests.test_agent_runtime_grants" name="test_evidence_subclasses_cannot_bypass_validation_or_escape_as_exceptions" file="tests\test_agent_runtime_grants.py" line="278" time="0.001" /><testcase classname="tests.test_agent_runtime_grants" name="test_mutated_manifest_integrity_is_rejected_before_any_grant_lookup" file="tests\test_agent_runtime_grants.py" line="310" time="0.001" /><testcase classname="tests.test_agent_runtime_grants" name="test_authoritative_sources_cannot_be_replaced_after_resolver_construction" file="tests\test_agent_runtime_grants.py" line="323" time="0.000" /><testcase classname="tests.test_agent_runtime_grants" name="test_resolution_time_is_fixed_at_server_composition_not_supplied_per_call" file="tests\test_agent_runtime_grants.py" line="332" time="0.001" /><testcase classname="tests.test_agent_runtime_grants" name="test_resolved_evidence_is_detached_from_source_owned_objects" file="tests\test_agent_runtime_grants.py" line="344" time="0.001" /><testcase classname="tests.test_agent_runtime_invocation" name="test_records_are_canonical_immutable_and_reject_broad_subjects" file="tests\test_agent_runtime_invocation.py" line="129" time="0.001" /><testcase classname="tests.test_agent_runtime_invocation" name="test_store_has_no_production_writer_or_generic_transaction_surface" file="tests\test_agent_runtime_invocation.py" line="147" time="0.002" /><testcase classname="tests.test_agent_runtime_invocation" name="test_empty_store_resolves_no_current_invocation" file="tests\test_agent_runtime_invocation.py" line="154" time="0.008" /><testcase classname="tests.test_agent_runtime_invocation" name="test_self_consistent_row_is_not_authority_without_canonical_witness_verifier" file="tests\test_agent_runtime_invocation.py" line="161" time="0.015" /><testcase classname="tests.test_agent_runtime_invocation" name="test_arbitrary_positive_verifier_cannot_be_injected" file="tests\test_agent_runtime_invocation.py" line="173" time="0.003" /><testcase classname="tests.test_agent_runtime_invocation" name="test_invalidated_invocation_cannot_resurrect" file="tests\test_agent_runtime_invocation.py" line="185" time="0.022" /><testcase classname="tests.test_agent_runtime_invocation" name="test_persisted_root_tampering_fails_closed[projection]" file="tests\test_agent_runtime_invocation.py" line="223" time="0.017" /><testcase classname="tests.test_agent_runtime_invocation" name="test_persisted_root_tampering_fails_closed[json]" file="tests\test_agent_runtime_invocation.py" line="223" time="0.017" /><testcase classname="tests.test_agent_runtime_invocation" name="test_persisted_root_tampering_fails_closed[digest]" file="tests\test_agent_runtime_invocation.py" line="223" time="0.016" /><testcase classname="tests.test_agent_runtime_invocation" name="test_event_generation_gap_or_hash_break_fails_closed" file="tests\test_agent_runtime_invocation.py" line="253" time="0.017" /><testcase classname="tests.test_agent_runtime_invocation" name="test_canonical_digest_changes_for_every_authority_link" file="tests\test_agent_runtime_invocation.py" line="277" time="0.001" /><testcase classname="tests.test_agent_runtime_plan_compiler" name="test_builtin_provider_turn_pair_assembles_final_immutable_manifest_input" file="tests\test_agent_runtime_plan_compiler.py" line="64" time="0.019" /><testcase classname="tests.test_agent_runtime_plan_compiler" name="test_adapter_declared_recurrent_multi_entry_topology_is_not_forced_into_a_dag" file="tests\test_agent_runtime_plan_compiler.py" line="87" time="0.001" /><testcase classname="tests.test_agent_runtime_plan_compiler" name="test_missing_or_unavailable_explicit_plan_adapter_never_uses_a_default" file="tests\test_agent_runtime_plan_compiler.py" line="133" time="0.001" /><testcase classname="tests.test_agent_runtime_plan_compiler" name="test_complete_coverage_rejects_silent_component_omission" file="tests\test_agent_runtime_plan_compiler.py" line="147" time="0.001" /><testcase classname="tests.test_agent_runtime_plan_compiler" name="test_descriptive_only_data_is_pinned_but_excluded_from_execution_coverage" file="tests\test_agent_runtime_plan_compiler.py" line="169" time="0.001" /><testcase classname="tests.test_agent_runtime_plan_compiler" name="test_plan_contract_and_confinement_fail_closed_with_sorted_diagnostics" file="tests\test_agent_runtime_plan_compiler.py" line="196" time="0.001" /><testcase classname="tests.test_agent_runtime_plan_compiler" name="test_component_compile_failure_is_preserved_and_plan_is_not_produced" file="tests\test_agent_runtime_plan_compiler.py" line="249" time="0.001" /><testcase classname="tests.test_agent_runtime_plan_compiler" name="test_manifest_safety_rejection_returns_a_diagnostic_instead_of_escaping" file="tests\test_agent_runtime_plan_compiler.py" line="265" time="0.001" /><testcase classname="tests.test_agent_runtime_plan_compiler" name="test_malformed_component_coverage_returns_diagnostics_without_an_exception" file="tests\test_agent_runtime_plan_compiler.py" line="295" time="0.001" /><testcase classname="tests.test_agent_runtime_plan_compiler" name="test_plan_descriptor_trust_boundary_validates_and_detaches_canonical_facts" file="tests\test_agent_runtime_plan_compiler.py" line="310" time="0.001" /><testcase classname="tests.test_agent_runtime_plan_compiler" name="test_non_json_plan_shapes_are_refused_instead_of_normalized" file="tests\test_agent_runtime_plan_compiler.py" line="340" time="0.001" /><testcase classname="tests.test_agent_runtime_plan_compiler" name="test_nested_non_string_plan_keys_are_refused_instead_of_rewritten" file="tests\test_agent_runtime_plan_compiler.py" line="354" time="0.001" /><testcase classname="tests.test_agent_runtime_principal" name="test_principal_is_derived_from_exact_server_records_and_ignores_claimed_actor" file="tests\test_agent_runtime_principal.py" line="176" time="0.016" /><testcase classname="tests.test_agent_runtime_principal" name="test_principal_refuses_stale_invocation_after_activation_epoch_advances" file="tests\test_agent_runtime_principal.py" line="209" time="0.018" /><testcase classname="tests.test_agent_runtime_principal" name="test_principal_refuses_mismatched_or_untyped_invocation_authority[change0-invocation_identity_mismatch]" file="tests\test_agent_runtime_principal.py" line="231" time="0.014" /><testcase classname="tests.test_agent_runtime_principal" name="test_principal_refuses_mismatched_or_untyped_invocation_authority[change1-invocation_identity_mismatch]" file="tests\test_agent_runtime_principal.py" line="231" time="0.015" /><testcase classname="tests.test_agent_runtime_principal" name="test_principal_refuses_mismatched_or_untyped_invocation_authority[change2-invocation_identity_mismatch]" file="tests\test_agent_runtime_principal.py" line="231" time="0.016" /><testcase classname="tests.test_agent_runtime_principal" name="test_principal_refuses_mismatched_or_untyped_invocation_authority[change3-invocation_evidence_invalid]" file="tests\test_agent_runtime_principal.py" line="231" time="0.014" /><testcase classname="tests.test_agent_runtime_principal" name="test_principal_rechecks_live_grants_and_revocation_blocks_next_transition" file="tests\test_agent_runtime_principal.py" line="263" time="0.018" /><testcase classname="tests.test_agent_runtime_principal" name="test_principal_revalidates_activation_after_grant_resolution" file="tests\test_agent_runtime_principal.py" line="292" time="0.019" /><testcase classname="tests.test_agent_runtime_principal" name="test_principal_revalidates_invocation_after_grant_resolution" file="tests\test_agent_runtime_principal.py" line="322" time="0.014" /><testcase classname="tests.test_agent_runtime_principal" name="test_principal_fails_closed_and_redacts_authority_source_errors" file="tests\test_agent_runtime_principal.py" line="347" time="0.014" /><testcase classname="tests.test_agent_runtime_principal" name="test_principal_refuses_stopped_or_wrong_manifest_activation" file="tests\test_agent_runtime_principal.py" line="367" time="0.029" /><testcase classname="tests.test_anonymous_write_challenge" name="test_anonymous_write_call_is_challenged" file="tests\test_anonymous_write_challenge.py" line="159" time="0.001" /><testcase classname="tests.test_anonymous_write_challenge" name="test_anonymous_read_call_passes_with_body_intact" file="tests\test_anonymous_write_challenge.py" line="168" time="0.001" /><testcase classname="tests.test_anonymous_write_challenge" name="test_anonymous_initialize_and_tools_list_pass" file="tests\test_anonymous_write_challenge.py" line="177" time="0.002" /><testcase classname="tests.test_anonymous_write_challenge" name="test_batch_containing_write_is_challenged" file="tests\test_anonymous_write_challenge.py" line="184" time="0.001" /><testcase classname="tests.test_anonymous_write_challenge" name="test_chunked_write_body_is_challenged" file="tests\test_anonymous_write_challenge.py" line="194" time="0.001" /><testcase classname="tests.test_anonymous_write_challenge" name="test_authenticated_write_call_passes_through" file="tests\test_anonymous_write_challenge.py" line="202" time="0.001" /><testcase classname="tests.test_anonymous_write_challenge" name="test_scoped_canary_token_dispatches_only_the_reserved_write" file="tests\test_anonymous_write_challenge.py" line="210" time="0.001" /><testcase classname="tests.test_anonymous_write_challenge" name="test_scoped_canary_token_uses_constant_time_compare" file="tests\test_anonymous_write_challenge.py" line="220" time="0.001" /><testcase classname="tests.test_anonymous_write_challenge" name="test_scoped_canary_token_is_off_when_absent_short_or_mismatched[None-cccccccccccccccccccccccccccccccc]" file="tests\test_anonymous_write_challenge.py" line="237" time="0.001" /><testcase classname="tests.test_anonymous_write_challenge" name="test_scoped_canary_token_is_off_when_absent_short_or_mismatched[short-short]" file="tests\test_anonymous_write_challenge.py" line="237" time="0.001" /><testcase classname="tests.test_anonymous_write_challenge" name="test_scoped_canary_token_is_off_when_absent_short_or_mismatched[\ud800\ud800\ud800\ud800\ud800\ud800\ud800\ud800\ud800\ud800\ud800\ud800\ud800\ud800\ud800\ud800\ud800\ud800\ud800\ud800\ud800\ud800\ud800\ud800\ud800\ud800\ud800\ud800\ud800\ud800\ud800\ud800-cccccccccccccccccccccccccccccccc]" file="tests\test_anonymous_write_challenge.py" line="237" time="0.001" /><testcase classname="tests.test_anonymous_write_challenge" name="test_scoped_canary_token_is_off_when_absent_short_or_mismatched[cccccccccccccccccccccccccccccccc-xxxxxxxxxxxxxxxxxxxxxxxxxxxxxxxx]" file="tests\test_anonymous_write_challenge.py" line="237" time="0.001" /><testcase classname="tests.test_anonymous_write_challenge" name="test_scoped_canary_token_cannot_authorize_any_other_request[body0]" file="tests\test_anonymous_write_challenge.py" line="263" time="0.001" /><testcase classname="tests.test_anonymous_write_challenge" name="test_scoped_canary_token_cannot_authorize_any_other_request[body1]" file="tests\test_anonymous_write_challenge.py" line="263" time="0.002" /><testcase classname="tests.test_anonymous_write_challenge" name="test_scoped_canary_token_cannot_authorize_any_other_request[body2]" file="tests\test_anonymous_write_challenge.py" line="263" time="0.001" /><testcase classname="tests.test_anonymous_write_challenge" name="test_scoped_canary_token_cannot_authorize_any_other_request[body3]" file="tests\test_anonymous_write_challenge.py" line="263" time="0.001" /><testcase classname="tests.test_anonymous_write_challenge" name="test_scoped_canary_token_never_becomes_an_authenticated_identity" file="tests\test_anonymous_write_challenge.py" line="285" time="0.001" /><testcase classname="tests.test_anonymous_write_challenge" name="test_scoped_canary_token_writes_exact_reserved_draft" file="tests\test_anonymous_write_challenge.py" line="317" time="0.013" /><testcase classname="tests.test_anonymous_write_challenge" name="test_scoped_canary_authority_isolated_between_concurrent_requests" file="tests\test_anonymous_write_challenge.py" line="365" time="0.001" /><testcase classname="tests.test_anonymous_write_challenge" name="test_malformed_json_passes_through_unchallenged" file="tests\test_anonymous_write_challenge.py" line="443" time="0.001" /><testcase classname="tests.test_anonymous_write_challenge" name="test_get_stream_and_delete_pass_anonymously" file="tests\test_anonymous_write_challenge.py" line="449" time="0.001" /><testcase classname="tests.test_anonymous_write_challenge" name="test_non_mcp_path_not_challenged" file="tests\test_anonymous_write_challenge.py" line="455" time="0.001" /><testcase classname="tests.test_anonymous_write_challenge" name="test_dev_provider_never_challenges_writes" file="tests\test_anonymous_write_challenge.py" line="463" time="0.001" /><testcase classname="tests.test_anonymous_write_challenge" name="test_challenge_header_matches_connect_time_challenge" file="tests\test_anonymous_write_challenge.py" line="470" time="0.001" /><testcase classname="tests.test_anonymous_write_challenge" name="test_oversized_anonymous_body_answers_413" file="tests\test_anonymous_write_challenge.py" line="479" time="0.002" /><testcase classname="tests.test_anonymous_write_challenge" name="test_oversized_chunked_anonymous_body_answers_413" file="tests\test_anonymous_write_challenge.py" line="488" time="0.001" /><testcase classname="tests.test_anonymous_write_challenge" name="test_oversized_authenticated_body_is_never_buffered_or_rejected" file="tests\test_anonymous_write_challenge.py" line="497" time="0.001" /><testcase classname="tests.test_anonymous_write_challenge" name="test_write_call_at_cap_boundary_still_challenged" file="tests\test_anonymous_write_challenge.py" line="507" time="0.005" /><testcase classname="tests.test_anonymous_write_challenge" name="test_canonical_write_handles_are_registered" file="tests\test_anonymous_write_challenge.py" line="521" time="0.001" /><testcase classname="tests.test_api.TestHealth" name="test_health_ok" file="tests\test_api.py" line="82" time="0.085" /><testcase classname="tests.test_api.TestHealth" name="test_health_with_daemon" file="tests\test_api.py" line="90" time="0.091" /><testcase classname="tests.test_api.TestAuth" name="test_no_key_allows_access" file="tests\test_api.py" line="107" time="0.078" /><testcase classname="tests.test_api.TestAuth" name="test_valid_key_allows_access" file="tests\test_api.py" line="111" time="0.094" /><testcase classname="tests.test_api.TestAuth" name="test_invalid_key_rejected" file="tests\test_api.py" line="118" time="0.093" /><testcase classname="tests.test_api.TestAuth" name="test_missing_key_rejected" file="tests\test_api.py" line="125" time="0.093" /><testcase classname="tests.test_api.TestAuth" name="test_extract_username" file="tests\test_api.py" line="129" time="0.079" /><testcase classname="tests.test_api.TestUniverseValidation" name="test_wrong_universe_returns_404" file="tests\test_api.py" line="142" time="0.078" /><testcase classname="tests.test_api.TestListUniverses" name="test_returns_universes" file="tests\test_api.py" line="154" time="0.076" /><testcase classname="tests.test_api.TestListUniverses" name="test_includes_metadata" file="tests\test_api.py" line="162" time="0.078" /><testcase classname="tests.test_api.TestListUniverses" name="test_includes_word_count_from_status" file="tests\test_api.py" line="170" time="0.088" /><testcase classname="tests.test_api.TestListUniverses" name="test_has_premise_flag" file="tests\test_api.py" line="180" time="0.088" /><testcase classname="tests.test_api.TestListUniverses" name="test_empty_when_unconfigured" file="tests\test_api.py" line="190" time="0.078" /><testcase classname="tests.test_api.TestListUniverses" name="test_multiple_universes" file="tests\test_api.py" line="196" time="0.086" /><testcase classname="tests.test_api.TestListUniverses" name="test_hidden_dirs_excluded" file="tests\test_api.py" line="209" time="0.073" /><testcase classname="tests.test_api.TestCreateUniverse" name="test_create_with_name" file="tests\test_api.py" line="217" time="0.085" /><testcase classname="tests.test_api.TestCreateUniverse" name="test_create_without_name" file="tests\test_api.py" line="240" time="0.085" /><testcase classname="tests.test_api.TestCreateUniverse" name="test_create_duplicate_rejected" file="tests\test_api.py" line="251" time="0.075" /><testcase classname="tests.test_api.TestCreateUniverse" name="test_create_appears_in_list" file="tests\test_api.py" line="259" time="0.096" /><testcase classname="tests.test_api.TestUpdateUniverse" name="test_update_name" file="tests\test_api.py" line="267" time="0.082" /><testcase classname="tests.test_api.TestUpdateUniverse" name="test_update_nonexistent" file="tests\test_api.py" line="284" time="0.073" /><testcase classname="tests.test_api.TestUpdateUniverse" name="test_update_empty_name_rejected" file="tests\test_api.py" line="291" time="0.075" /><testcase classname="tests.test_api.TestDeleteUniverse" name="test_delete_removes_directory" file="tests\test_api.py" line="300" time="0.078" /><testcase classname="tests.test_api.TestDeleteUniverse" name="test_delete_nonexistent_returns_404" file="tests\test_api.py" line="309" time="0.073" /><testcase classname="tests.test_api.TestDeleteUniverse" name="test_delete_removes_from_list" file="tests\test_api.py" line="313" time="0.093" /><testcase classname="tests.test_api.TestDeleteUniverse" name="test_delete_stops_daemon_on_active_universe" file="tests\test_api.py" line="325" time="0.098" /><testcase classname="tests.test_api.TestDeleteUniverse" name="test_delete_clears_active_universe_marker" file="tests\test_api.py" line="338" time="0.092" /><testcase classname="tests.test_api.TestDeleteUniverse" name="test_delete_preserves_other_universes" file="tests\test_api.py" line="347" time="0.163" /><testcase classname="tests.test_api.TestMigration" name="test_auto_creates_universe_json" file="tests\test_api.py" line="364" time="0.141" /><testcase classname="tests.test_api.TestMigration" name="test_migrated_universe_in_list" file="tests\test_api.py" line="380" time="0.115" /><testcase classname="tests.test_api.TestSlugify" name="test_basic" file="tests\test_api.py" line="395" time="0.087" /><testcase classname="tests.test_api.TestSlugify" name="test_spaces_and_special" file="tests\test_api.py" line="398" time="0.087" /><testcase classname="tests.test_api.TestSlugify" name="test_already_slug" file="tests\test_api.py" line="401" time="0.082" /><testcase classname="tests.test_api.TestSlugify" name="test_empty_string_gets_random" file="tests\test_api.py" line="404" time="0.086" /><testcase classname="tests.test_api.TestPremise" name="test_get_premise" file="tests\test_api.py" line="415" time="0.097" /><testcase classname="tests.test_api.TestPremise" name="test_get_premise_falls_back_to_soul" file="tests\test_api.py" line="424" time="0.100" /><testcase classname="tests.test_api.TestPremise" name="test_get_premise_missing" file="tests\test_api.py" line="437" time="0.075" /><testcase classname="tests.test_api.TestPremise" name="test_set_premise" file="tests\test_api.py" line="441" time="0.092" /><testcase classname="tests.test_api.TestPremise" name="test_set_premise_overwrites" file="tests\test_api.py" line="452" time="0.114" /><testcase classname="tests.test_api.TestPremise" name="test_set_premise_empty_rejected" file="tests\test_api.py" line="465" time="0.072" /><testcase classname="tests.test_api.TestNotesEndpoints" name="test_post_note" file="tests\test_api.py" line="479" time="0.090" /><testcase classname="tests.test_api.TestNotesEndpoints" name="test_post_note_invalid_category" file="tests\test_api.py" line="492" time="0.075" /><testcase classname="tests.test_api.TestNotesEndpoints" name="test_get_notes_empty" file="tests\test_api.py" line="499" time="0.078" /><testcase classname="tests.test_api.TestNotesEndpoints" name="test_get_notes_with_filter" file="tests\test_api.py" line="504" time="0.101" /><testcase classname="tests.test_api.TestNotesEndpoints" name="test_post_then_get_roundtrip" file="tests\test_api.py" line="518" time="0.096" /><testcase classname="tests.test_api.TestNotesEndpoints" name="test_patch_note_status" file="tests\test_api.py" line="531" time="0.096" /><testcase classname="tests.test_api.TestNotesEndpoints" name="test_patch_note_invalid_status" file="tests\test_api.py" line="547" time="0.081" /><testcase classname="tests.test_api.TestNotesEndpoints" name="test_patch_note_not_found" file="tests\test_api.py" line="560" time="0.073" /><testcase classname="tests.test_api.TestNotesEndpoints" name="test_delete_note" file="tests\test_api.py" line="567" time="0.088" /><testcase classname="tests.test_api.TestNotesEndpoints" name="test_delete_note_not_found" file="tests\test_api.py" line="582" time="0.073" /><testcase classname="tests.test_api.TestNotesEndpoints" name="test_post_note_with_concern_fields" file="tests\test_api.py" line="588" time="0.071" /><testcase classname="tests.test_api.TestNotesEndpoints" name="test_post_note_with_line_anchor" file="tests\test_api.py" line="603" time="0.073" /><testcase classname="tests.test_api.TestActivity" name="test_returns_tail" file="tests\test_api.py" line="648" time="0.082" /><testcase classname="tests.test_api.TestActivity" name="test_default_lines" file="tests\test_api.py" line="658" time="0.082" /><testcase classname="tests.test_api.TestActivity" name="test_missing_log" file="tests\test_api.py" line="667" time="0.072" /><testcase classname="tests.test_api.TestProgress" name="test_returns_progress" file="tests\test_api.py" line="679" time="0.082" /><testcase classname="tests.test_api.TestProgress" name="test_missing_progress" file="tests\test_api.py" line="688" time="0.071" /><testcase classname="tests.test_api.TestFacts" name="test_returns_facts" file="tests\test_api.py" line="700" time="0.093" /><testcase classname="tests.test_api.TestFacts" name="test_filter_by_chapter" file="tests\test_api.py" line="726" time="0.084" /><testcase classname="tests.test_api.TestFacts" name="test_no_db_returns_empty" file="tests\test_api.py" line="748" time="0.072" /><testcase classname="tests.test_api.TestCharacters" name="test_returns_characters" file="tests\test_api.py" line="762" time="0.081" /><testcase classname="tests.test_api.TestCharacters" name="test_no_db_returns_empty" file="tests\test_api.py" line="784" time="0.072" /><testcase classname="tests.test_api.TestPromises" name="test_returns_scene_promises" file="tests\test_api.py" line="798" time="0.082" /><testcase classname="tests.test_api.TestPromises" name="test_filter_active" file="tests\test_api.py" line="821" time="0.085" /><testcase classname="tests.test_api.TestPromises" name="test_no_db_returns_empty" file="tests\test_api.py" line="852" time="0.074" /><testcase classname="tests.test_api.TestListOutput" name="test_lists_files" file="tests\test_api.py" line="866" time="0.077" /><testcase classname="tests.test_api.TestListOutput" name="test_includes_size" file="tests\test_api.py" line="879" time="0.091" /><testcase classname="tests.test_api.TestListOutput" name="test_empty_when_no_output_dir" file="tests\test_api.py" line="889" time="0.092" /><testcase classname="tests.test_api.TestListOutput" name="test_nested_directories" file="tests\test_api.py" line="894" time="0.086" /><testcase classname="tests.test_api.TestListOutput" name="test_excludes_directories" file="tests\test_api.py" line="903" time="0.094" /><testcase classname="tests.test_api.TestListOutput" name="test_wrong_universe_rejected" file="tests\test_api.py" line="912" time="0.084" /><testcase classname="tests.test_api.TestListOutput" name="test_paths_use_forward_slashes" file="tests\test_api.py" line="916" time="0.087" /><testcase classname="tests.test_api.TestOutput" name="test_reads_chapter" file="tests\test_api.py" line="927" time="0.094" /><testcase classname="tests.test_api.TestOutput" name="test_missing_file" file="tests\test_api.py" line="937" time="0.085" /><testcase classname="tests.test_api.TestOutput" name="test_path_traversal_blocked" file="tests\test_api.py" line="941" time="0.079" /><testcase classname="tests.test_api.TestOutput" name="test_returns_plain_text" file="tests\test_api.py" line="947" time="0.093" /><testcase classname="tests.test_api.TestCanon" name="test_writes_file" file="tests\test_api.py" line="961" time="0.094" /><testcase classname="tests.test_api.TestCanon" name="test_creates_canon_dir" file="tests\test_api.py" line="971" time="0.087" /><testcase classname="tests.test_api.TestCanon" name="test_overwrites_existing" file="tests\test_api.py" line="979" time="0.089" /><testcase classname="tests.test_api.TestCanon" name="test_path_traversal_sanitized" file="tests\test_api.py" line="992" time="0.090" /><testcase classname="tests.test_api.TestListCanon" name="test_lists_files" file="tests\test_api.py" line="1002" time="0.108" /><testcase classname="tests.test_api.TestListCanon" name="test_includes_size" file="tests\test_api.py" line="1015" time="0.210" /><testcase classname="tests.test_api.TestListCanon" name="test_empty_when_no_canon_dir" file="tests\test_api.py" line="1025" time="0.164" /><testcase classname="tests.test_api.TestListCanon" name="test_excludes_directories" file="tests\test_api.py" line="1030" time="0.459" /><testcase classname="tests.test_api.TestListCanon" name="test_wrong_universe_rejected" file="tests\test_api.py" line="1040" time="0.108" /><testcase classname="tests.test_api.TestListCanonSources" name="test_empty_when_no_sources" file="tests\test_api.py" line="1046" time="0.076" /><testcase classname="tests.test_api.TestListCanonSources" name="test_lists_source_files" file="tests\test_api.py" line="1056" time="0.090" /><testcase classname="tests.test_api.TestListCanonSources" name="test_source_files_have_metadata" file="tests\test_api.py" line="1070" time="0.076" /><testcase classname="tests.test_api.TestListCanonSources" name="test_enriches_from_manifest" file="tests\test_api.py" line="1082" time="0.086" /><testcase classname="tests.test_api.TestListCanonSources" name="test_pending_synthesis_counted" file="tests\test_api.py" line="1124" time="0.083" /><testcase classname="tests.test_api.TestListCanonSources" name="test_unsynthesized_source_marked_incomplete" file="tests\test_api.py" line="1137" time="0.092" /><testcase classname="tests.test_api.TestListCanonSources" name="test_reemit_skips_already_queued" file="tests\test_api.py" line="1181" time="0.102" /><testcase classname="tests.test_api.TestListCanonSources" name="test_hidden_files_excluded" file="tests\test_api.py" line="1231" time="0.077" /><testcase classname="tests.test_api.TestListCanonSources" name="test_reemit_stops_after_max_retries" file="tests\test_api.py" line="1243" time="0.083" /><testcase classname="tests.test_api.TestListCanonSources" name="test_reemit_does_not_modify_manifest" file="tests\test_api.py" line="1281" time="0.090" /><testcase classname="tests.test_api.TestGetCanonFile" name="test_reads_file" file="tests\test_api.py" line="1318" time="0.087" /><testcase classname="tests.test_api.TestGetCanonFile" name="test_missing_file" file="tests\test_api.py" line="1330" time="0.088" /><testcase classname="tests.test_api.TestGetCanonFile" name="test_path_traversal_blocked" file="tests\test_api.py" line="1336" time="0.079" /><testcase classname="tests.test_api.TestGetCanonFile" name="test_wrong_universe_rejected" file="tests\test_api.py" line="1345" time="0.074" /><testcase classname="tests.test_api.TestGetCanonFile" name="test_post_then_get_roundtrip" file="tests\test_api.py" line="1349" time="0.087" /><testcase classname="tests.test_api.TestGetCanonFile" name="test_list_then_read_roundtrip" file="tests\test_api.py" line="1358" time="0.097" /><testcase classname="tests.test_api.TestDaemonControl" name="test_pause_signals_daemon" file="tests\test_api.py" line="1383" time="0.092" /><testcase classname="tests.test_api.TestDaemonControl" name="test_pause_reports_universe" file="tests\test_api.py" line="1395" time="0.091" /><testcase classname="tests.test_api.TestDaemonControl" name="test_start_clears_daemon_pause" file="tests\test_api.py" line="1402" time="0.092" /><testcase classname="tests.test_api.TestDaemonControl" name="test_stop_signals_daemon" file="tests\test_api.py" line="1414" time="0.091" /><testcase classname="tests.test_api.TestDaemonControl" name="test_unknown_action" file="tests\test_api.py" line="1428" time="0.075" /><testcase classname="tests.test_api.TestDaemonControl" name="test_start_without_body" file="tests\test_api.py" line="1432" time="0.095" /><testcase classname="tests.test_api.TestDaemonControl" name="test_start_nonexistent_universe_rejected" file="tests\test_api.py" line="1438" time="0.075" /><testcase classname="tests.test_api.TestDaemonSwitching" name="test_start_with_universe_when_no_daemon" file="tests\test_api.py" line="1449" time="0.090" /><testcase classname="tests.test_api.TestDaemonSwitching" name="test_switch_universe_stops_old_starts_new" file="tests\test_api.py" line="1484" time="0.119" /><testcase classname="tests.test_api.TestDaemonSwitching" name="test_start_same_universe_no_switch" file="tests\test_api.py" line="1531" time="0.092" /><testcase classname="tests.test_api.TestDaemonSwitching" name="test_health_reports_active_universe" file="tests\test_api.py" line="1547" time="0.102" /><testcase classname="tests.test_api.TestDaemonSwitching" name="test_health_no_active_when_no_daemon" file="tests\test_api.py" line="1558" time="0.076" /><testcase classname="tests.test_api.TestPathTraversalStrict" name="test_output_prefix_attack" file="tests\test_api.py" line="1570" time="0.072" /><testcase classname="tests.test_api.TestPathTraversalStrict" name="test_universe_id_traversal_blocked" file="tests\test_api.py" line="1577" time="0.074" /><testcase classname="tests.test_api.TestPathTraversalStrict" name="test_universe_delete_traversal_blocked" file="tests\test_api.py" line="1583" time="0.074" /><testcase classname="tests.test_api.TestUnconfigured" name="test_base_raises_when_unconfigured" file="tests\test_api.py" line="1595" time="0.072" /><testcase classname="tests.test_api.TestActivityBounds" name="test_lines_too_high_rejected" file="tests\test_api.py" line="1607" time="0.073" /><testcase classname="tests.test_api.TestActivityBounds" name="test_lines_zero_rejected" file="tests\test_api.py" line="1611" time="0.123" /><testcase classname="tests.test_api.TestActivityBounds" name="test_lines_negative_rejected" file="tests\test_api.py" line="1615" time="0.139" /><testcase classname="tests.test_api.TestDaemonReady" name="test_daemon_state_initializing" file="tests\test_api.py" line="1626" time="0.126" /><testcase classname="tests.test_api.TestDaemonReady" name="test_daemon_state_paused_after_ready" file="tests\test_api.py" line="1636" time="0.103" /><testcase classname="tests.test_api.TestDaemonReady" name="test_health_reports_initializing" file="tests\test_api.py" line="1644" time="0.111" /><testcase classname="tests.test_api.TestPutOutput" name="test_put_blocked" file="tests\test_api.py" line="1663" time="0.091" /><testcase classname="tests.test_api.TestPutOutput" name="test_no_parent_dirs_created" file="tests\test_api.py" line="1671" time="0.084" /><testcase classname="tests.test_api.TestPutOutput" name="test_existing_file_not_overwritten" file="tests\test_api.py" line="1680" time="0.099" /><testcase classname="tests.test_api.TestPutOutput" name="test_path_traversal_blocked" file="tests\test_api.py" line="1693" time="0.092" /><testcase classname="tests.test_api.TestPutOutput" name="test_empty_content_blocked" file="tests\test_api.py" line="1701" time="0.075" /><testcase classname="tests.test_api.TestPutOutput" name="test_wrong_universe_blocked" file="tests\test_api.py" line="1708" time="0.077" /><testcase classname="tests.test_api.TestServeFlag" name="test_serve_arg_exists" file="tests\test_api.py" line="1722" time="0.071" /><testcase classname="tests.test_api.TestServeFlag" name="test_api_module_importable" file="tests\test_api.py" line="1727" time="0.076" /><testcase classname="tests.test_api.TestEdgeCaseUniverseCreation" name="test_create_universe_no_name" file="tests\test_api.py" line="1741" time="0.081" /><testcase classname="tests.test_api.TestEdgeCaseUniverseCreation" name="test_create_universe_declares_loop_branch_in_soul" file="tests\test_api.py" line="1751" time="0.091" /><testcase classname="tests.test_api.TestEdgeCaseUniverseCreation" name="test_create_universe_empty_name" file="tests\test_api.py" line="1762" time="0.084" /><testcase classname="tests.test_api.TestEdgeCaseUniverseCreation" name="test_create_universe_special_characters" file="tests\test_api.py" line="1770" time="0.078" /><testcase classname="tests.test_api.TestEdgeCaseUniverseCreation" name="test_create_universe_very_long_name" file="tests\test_api.py" line="1783" time="0.078" /><testcase classname="tests.test_api.TestEdgeCaseUniverseCreation" name="test_create_universe_unicode_name" file="tests\test_api.py" line="1791" time="0.078" /><testcase classname="tests.test_api.TestEdgeCaseUniverseCreation" name="test_create_duplicate_universe" file="tests\test_api.py" line="1799" time="0.077" /><testcase classname="tests.test_api.TestEdgeCaseUniverseCreation" name="test_create_universe_no_body" file="tests\test_api.py" line="1805" time="0.076" /><testcase classname="tests.test_api.TestEdgeCaseCanon" name="test_canon_empty_content_rejected" file="tests\test_api.py" line="1814" time="0.073" /><testcase classname="tests.test_api.TestEdgeCaseCanon" name="test_canon_large_content" file="tests\test_api.py" line="1822" time="0.078" /><testcase classname="tests.test_api.TestEdgeCaseCanon" name="test_canon_path_traversal_filename" file="tests\test_api.py" line="1831" time="0.077" /><testcase classname="tests.test_api.TestEdgeCaseCanon" name="test_canon_dot_filename" file="tests\test_api.py" line="1841" time="0.084" /><testcase classname="tests.test_api.TestEdgeCaseCanon" name="test_canon_dotdot_filename" file="tests\test_api.py" line="1849" time="0.080" /><testcase classname="tests.test_api.TestEdgeCaseCanon" name="test_canon_nonexistent_universe" file="tests\test_api.py" line="1857" time="0.082" /><testcase classname="tests.test_api.TestCanonUpload" name="test_single_file_byte_for_byte" file="tests\test_api.py" line="1890" time="0.097" /><testcase classname="tests.test_api.TestCanonUpload" name="test_multiple_files" file="tests\test_api.py" line="1919" time="0.119" /><testcase classname="tests.test_api.TestCanonUpload" name="test_binary_content_preserved" file="tests\test_api.py" line="1946" time="0.094" /><testcase classname="tests.test_api.TestCanonUpload" name="test_reviewed_marker_created" file="tests\test_api.py" line="1964" time="0.095" /><testcase classname="tests.test_api.TestCanonUpload" name="test_no_file_refs_returns_400" file="tests\test_api.py" line="1983" time="0.082" /><testcase classname="tests.test_api.TestCanonUpload" name="test_empty_file_refs_returns_400" file="tests\test_api.py" line="1991" time="0.107" /><testcase classname="tests.test_api.TestCanonUpload" name="test_missing_download_link" file="tests\test_api.py" line="1999" time="0.294" /><testcase classname="tests.test_api.TestCanonUpload" name="test_download_failure_reported" file="tests\test_api.py" line="2012" time="0.076" /><testcase classname="tests.test_api.TestCanonUpload" name="test_path_traversal_in_filename" file="tests\test_api.py" line="2030" time="0.083" /><testcase classname="tests.test_api.TestCanonUpload" name="test_dot_filename_gets_default" file="tests\test_api.py" line="2048" time="0.085" /><testcase classname="tests.test_api.TestCanonUpload" name="test_nonexistent_universe_returns_404" file="tests\test_api.py" line="2064" time="0.073" /><testcase classname="tests.test_api.TestCanonUpload" name="test_partial_success" file="tests\test_api.py" line="2077" time="0.085" /><testcase classname="tests.test_api.TestCanonBatchUpload" name="test_single_file_small" file="tests\test_api.py" line="2106" time="0.085" /><testcase classname="tests.test_api.TestCanonBatchUpload" name="test_large_file_routes_to_sources" file="tests\test_api.py" line="2126" time="0.080" /><testcase classname="tests.test_api.TestCanonBatchUpload" name="test_multiple_files_mixed_types" file="tests\test_api.py" line="2144" time="0.094" /><testcase classname="tests.test_api.TestCanonBatchUpload" name="test_empty_files_rejected" file="tests\test_api.py" line="2173" time="0.076" /><testcase classname="tests.test_api.TestCanonBatchUpload" name="test_missing_content_reports_error" file="tests\test_api.py" line="2181" time="0.074" /><testcase classname="tests.test_api.TestCanonBatchUpload" name="test_invalid_base64_reports_error" file="tests\test_api.py" line="2191" time="0.072" /><testcase classname="tests.test_api.TestCanonBatchUpload" name="test_user_provenance_marker_created" file="tests\test_api.py" line="2205" time="0.083" /><testcase classname="tests.test_api.TestCanonBatchUpload" name="test_upload_includes_ingestion_metadata" file="tests\test_api.py" line="2222" time="0.080" /><testcase classname="tests.test_api.TestUploadIngestionPipeline" name="test_upload_returns_file_type" file="tests\test_api.py" line="2263" time="0.079" /><testcase classname="tests.test_api.TestUploadIngestionPipeline" name="test_upload_large_file_routes_to_sources" file="tests\test_api.py" line="2282" time="0.084" /><testcase classname="tests.test_api.TestEdgeCaseDataEndpoints" name="test_facts_no_db" file="tests\test_api.py" line="2308" time="0.078" /><testcase classname="tests.test_api.TestEdgeCaseDataEndpoints" name="test_characters_no_db" file="tests\test_api.py" line="2315" time="0.078" /><testcase classname="tests.test_api.TestEdgeCaseDataEndpoints" name="test_promises_no_db" file="tests\test_api.py" line="2321" time="0.079" /><testcase classname="tests.test_api.TestEdgeCaseDataEndpoints" name="test_facts_nonexistent_universe" file="tests\test_api.py" line="2327" time="0.078" /><testcase classname="tests.test_api.TestEdgeCaseDataEndpoints" name="test_characters_nonexistent_universe" file="tests\test_api.py" line="2332" time="0.074" /><testcase classname="tests.test_api.TestEdgeCaseDataEndpoints" name="test_promises_nonexistent_universe" file="tests\test_api.py" line="2337" time="0.076" /><testcase classname="tests.test_api.TestEdgeCaseOverview" name="test_overview_empty_universe" file="tests\test_api.py" line="2346" time="0.076" /><testcase classname="tests.test_api.TestEdgeCaseOverview" name="test_overview_nonexistent_universe" file="tests\test_api.py" line="2357" time="0.076" /><testcase classname="tests.test_api.TestEdgeCaseDaemon" name="test_stop_when_not_running" file="tests\test_api.py" line="2366" time="0.099" /><testcase classname="tests.test_api.TestEdgeCaseDaemon" name="test_start_with_empty_universe_string" file="tests\test_api.py" line="2373" time="0.091" /><testcase classname="tests.test_api.TestEdgeCaseDaemon" name="test_start_nonexistent_universe" file="tests\test_api.py" line="2379" time="0.092" /><testcase classname="tests.test_api.TestEdgeCaseDaemon" name="test_pause_when_not_running" file="tests\test_api.py" line="2387" time="0.092" /><testcase classname="tests.test_api.TestEdgeCasePremise" name="test_get_premise_when_none_set" file="tests\test_api.py" line="2397" time="0.073" /><testcase classname="tests.test_api.TestEdgeCasePremise" name="test_set_empty_premise" file="tests\test_api.py" line="2402" time="0.072" /><testcase classname="tests.test_api.TestEdgeCasePremise" name="test_set_very_long_premise" file="tests\test_api.py" line="2411" time="0.075" /><testcase classname="tests.test_api.TestProviderKeyPersistence" name="test_save_and_load_provider_key" file="tests\test_api.py" line="2427" time="0.080" /><testcase classname="tests.test_api.TestProviderKeyPersistence" name="test_load_does_not_overwrite_existing_env" file="tests\test_api.py" line="2457" time="0.081" /><testcase classname="tests.test_api.TestProviderKeyPersistence" name="test_load_rejects_non_whitelisted_env_var" file="tests\test_api.py" line="2478" time="0.084" /><testcase classname="tests.test_api.TestProviderKeyPersistence" name="test_configure_provider_persists_key" file="tests\test_api.py" line="2504" time="0.087" /><testcase classname="tests.test_api.TestProviderKeyPersistence" name="test_configure_provider_supports_grok" file="tests\test_api.py" line="2517" time="0.077" /><testcase classname="tests.test_api.TestStatusIsActive" name="test_status_returns_is_active_false_when_no_daemon" file="tests\test_api.py" line="2532" time="0.076" /><testcase classname="tests.test_api.TestStatusIsActive" name="test_status_idle_when_daemon_on_different_universe" file="tests\test_api.py" line="2540" time="0.081" /><testcase classname="tests.test_api.TestStatusIsActive" name="test_status_active_when_daemon_on_same_universe" file="tests\test_api.py" line="2572" time="0.074" /><testcase classname="tests.test_api.TestStatusIsActive" name="test_overview_includes_is_active" file="tests\test_api.py" line="2599" time="0.080" /><testcase classname="tests.test_api_edge_cases.TestCreateUniverseEdgeCases" name="test_empty_name_string" file="tests\test_api_edge_cases.py" line="57" time="0.078" /><testcase classname="tests.test_api_edge_cases.TestCreateUniverseEdgeCases" name="test_very_long_name" file="tests\test_api_edge_cases.py" line="65" time="0.077" /><testcase classname="tests.test_api_edge_cases.TestCreateUniverseEdgeCases" name="test_unicode_name" file="tests\test_api_edge_cases.py" line="76" time="0.082" /><testcase classname="tests.test_api_edge_cases.TestCreateUniverseEdgeCases" name="test_emoji_name" file="tests\test_api_edge_cases.py" line="82" time="0.088" /><testcase classname="tests.test_api_edge_cases.TestCreateUniverseEdgeCases" name="test_special_chars_name" file="tests\test_api_edge_cases.py" line="89" time="0.082" /><testcase classname="tests.test_api_edge_cases.TestCreateUniverseEdgeCases" name="test_whitespace_only_name" file="tests\test_api_edge_cases.py" line="101" time="0.085" /><testcase classname="tests.test_api_edge_cases.TestCreateUniverseEdgeCases" name="test_null_body" file="tests\test_api_edge_cases.py" line="107" time="0.083" /><testcase classname="tests.test_api_edge_cases.TestCreateUniverseEdgeCases" name="test_extra_fields_ignored" file="tests\test_api_edge_cases.py" line="113" time="0.079" /><testcase classname="tests.test_api_edge_cases.TestUpdateUniverseEdgeCases" name="test_update_very_long_name" file="tests\test_api_edge_cases.py" line="128" time="0.079" /><testcase classname="tests.test_api_edge_cases.TestUpdateUniverseEdgeCases" name="test_update_unicode_name" file="tests\test_api_edge_cases.py" line="136" time="0.074" /><testcase classname="tests.test_api_edge_cases.TestUpdateUniverseEdgeCases" name="test_update_missing_name_field" file="tests\test_api_edge_cases.py" line="144" time="0.072" /><testcase classname="tests.test_api_edge_cases.TestUpdateUniverseEdgeCases" name="test_update_null_name" file="tests\test_api_edge_cases.py" line="152" time="0.073" /><testcase classname="tests.test_api_edge_cases.TestPremiseEdgeCases" name="test_very_long_premise" file="tests\test_api_edge_cases.py" line="167" time="0.095" /><testcase classname="tests.test_api_edge_cases.TestPremiseEdgeCases" name="test_unicode_premise" file="tests\test_api_edge_cases.py" line="178" time="0.101" /><testcase classname="tests.test_api_edge_cases.TestPremiseEdgeCases" name="test_premise_with_markdown" file="tests\test_api_edge_cases.py" line="189" time="0.093" /><testcase classname="tests.test_api_edge_cases.TestPremiseEdgeCases" name="test_premise_null_text" file="tests\test_api_edge_cases.py" line="200" time="0.074" /><testcase classname="tests.test_api_edge_cases.TestPremiseEdgeCases" name="test_premise_missing_text" file="tests\test_api_edge_cases.py" line="208" time="0.077" /><testcase classname="tests.test_api_edge_cases.TestCanonEdgeCases" name="test_large_canon_file" file="tests\test_api_edge_cases.py" line="223" time="0.105" /><testcase classname="tests.test_api_edge_cases.TestCanonEdgeCases" name="test_empty_filename_rejected" file="tests\test_api_edge_cases.py" line="234" time="0.076" /><testcase classname="tests.test_api_edge_cases.TestCanonEdgeCases" name="test_empty_content_rejected" file="tests\test_api_edge_cases.py" line="241" time="0.086" /><testcase classname="tests.test_api_edge_cases.TestCanonEdgeCases" name="test_filename_with_spaces" file="tests\test_api_edge_cases.py" line="248" time="0.083" /><testcase classname="tests.test_api_edge_cases.TestCanonEdgeCases" name="test_filename_only_dots_rejected" file="tests\test_api_edge_cases.py" line="257" time="0.079" /><testcase classname="tests.test_api_edge_cases.TestCanonEdgeCases" name="test_unicode_content" file="tests\test_api_edge_cases.py" line="266" time="0.092" /><testcase classname="tests.test_api_edge_cases.TestCanonEdgeCases" name="test_hidden_files_excluded_from_list" file="tests\test_api_edge_cases.py" line="277" time="0.081" /><testcase classname="tests.test_api_edge_cases.TestOverview" name="test_overview_empty_universe" file="tests\test_api_edge_cases.py" line="295" time="0.082" /><testcase classname="tests.test_api_edge_cases.TestOverview" name="test_overview_with_all_data" file="tests\test_api_edge_cases.py" line="306" time="0.109" /><testcase classname="tests.test_api_edge_cases.TestOverview" name="test_overview_nonexistent_universe" file="tests\test_api_edge_cases.py" line="337" time="0.078" /><testcase classname="tests.test_api_edge_cases.TestOverview" name="test_overview_corrupt_status_json" file="tests\test_api_edge_cases.py" line="341" time="0.089" /><testcase classname="tests.test_api_edge_cases.TestInternalsNoDB" name="test_facts_no_db" file="tests\test_api_edge_cases.py" line="358" time="0.076" /><testcase classname="tests.test_api_edge_cases.TestInternalsNoDB" name="test_characters_no_db" file="tests\test_api_edge_cases.py" line="364" time="0.074" /><testcase classname="tests.test_api_edge_cases.TestInternalsNoDB" name="test_promises_no_db" file="tests\test_api_edge_cases.py" line="369" time="0.076" /><testcase classname="tests.test_api_edge_cases.TestInternalsNoDB" name="test_facts_nonexistent_universe" file="tests\test_api_edge_cases.py" line="374" time="0.074" /><testcase classname="tests.test_api_edge_cases.TestInternalsNoDB" name="test_characters_nonexistent_universe" file="tests\test_api_edge_cases.py" line="378" time="0.077" /><testcase classname="tests.test_api_edge_cases.TestInternalsNoDB" name="test_promises_nonexistent_universe" file="tests\test_api_edge_cases.py" line="382" time="0.073" /><testcase classname="tests.test_api_edge_cases.TestFactsEdgeCases" name="test_facts_invalid_chapter_param" file="tests\test_api_edge_cases.py" line="393" time="0.085" /><testcase classname="tests.test_api_edge_cases.TestFactsEdgeCases" name="test_facts_negative_chapter_rejected" file="tests\test_api_edge_cases.py" line="398" time="0.085" /><testcase classname="tests.test_api_edge_cases.TestFactsEdgeCases" name="test_facts_non_numeric_chapter_rejected" file="tests\test_api_edge_cases.py" line="402" time="0.078" /><testcase classname="tests.test_api_edge_cases.TestFactsEdgeCases" name="test_facts_chapter_with_no_results" file="tests\test_api_edge_cases.py" line="406" time="0.084" /><testcase classname="tests.test_api_edge_cases.TestPromisesEdgeCases" name="test_invalid_status_filter" file="tests\test_api_edge_cases.py" line="429" time="0.073" /><testcase classname="tests.test_api_edge_cases.TestPromisesEdgeCases" name="test_resolved_filter" file="tests\test_api_edge_cases.py" line="436" time="0.086" /><testcase classname="tests.test_api_edge_cases.TestOutputEdgeCases" name="test_read_empty_directory_returns_404" file="tests\test_api_edge_cases.py" line="473" time="0.075" /><testcase classname="tests.test_api_edge_cases.TestOutputEdgeCases" name="test_read_directory_concatenates_scenes" file="tests\test_api_edge_cases.py" line="480" time="0.090" /><testcase classname="tests.test_api_edge_cases.TestOutputEdgeCases" name="test_put_empty_path" file="tests\test_api_edge_cases.py" line="492" time="0.077" /><testcase classname="tests.test_api_edge_cases.TestOutputEdgeCases" name="test_put_unicode_content_blocked" file="tests\test_api_edge_cases.py" line="500" time="0.074" /><testcase classname="tests.test_api_edge_cases.TestDaemonControlEdgeCases" name="test_unknown_action_rejects" file="tests\test_api_edge_cases.py" line="516" time="0.082" /><testcase classname="tests.test_api_edge_cases.TestDaemonControlEdgeCases" name="test_stop_when_no_daemon" file="tests\test_api_edge_cases.py" line="522" time="0.074" /><testcase classname="tests.test_api_edge_cases.TestDaemonControlEdgeCases" name="test_pause_when_no_daemon" file="tests\test_api_edge_cases.py" line="528" time="0.072" /><testcase classname="tests.test_api_edge_cases.TestDaemonControlEdgeCases" name="test_start_with_empty_universe" file="tests\test_api_edge_cases.py" line="534" time="0.072" /><testcase classname="tests.test_api_edge_cases.TestDaemonControlEdgeCases" name="test_start_with_null_universe" file="tests\test_api_edge_cases.py" line="543" time="0.074" /><testcase classname="tests.test_api_edge_cases.TestStatusEdgeCases" name="test_corrupt_status_json" file="tests\test_api_edge_cases.py" line="558" time="0.082" /><testcase classname="tests.test_api_edge_cases.TestStatusEdgeCases" name="test_empty_status_json" file="tests\test_api_edge_cases.py" line="566" time="0.074" /><testcase classname="tests.test_api_edge_cases.TestAuthEdgeCases" name="test_bearer_prefix_case_sensitive" file="tests\test_api_edge_cases.py" line="579" time="0.090" /><testcase classname="tests.test_api_edge_cases.TestAuthEdgeCases" name="test_key_without_bearer_prefix_accepted" file="tests\test_api_edge_cases.py" line="593" time="0.094" /><testcase classname="tests.test_api_edge_cases.TestAuthEdgeCases" name="test_empty_api_key_env_allows_access" file="tests\test_api_edge_cases.py" line="608" time="0.363" /><testcase classname="tests.test_api_edge_cases.TestActivityEdgeCases" name="test_empty_log_file" file="tests\test_api_edge_cases.py" line="620" time="0.244" /><testcase classname="tests.test_api_edge_cases.TestActivityEdgeCases" name="test_single_line_log" file="tests\test_api_edge_cases.py" line="627" time="0.084" /><testcase classname="tests.test_api_edge_cases.TestActivityEdgeCases" name="test_lines_exactly_at_max" file="tests\test_api_edge_cases.py" line="635" time="0.084" /><testcase classname="tests.test_api_evaluation" name="test_module_exposes_expected_public_names" file="tests\test_api_evaluation.py" line="26" time="0.001" /><testcase classname="tests.test_api_evaluation" name="test_judgment_actions_table_has_7_handlers" file="tests\test_api_evaluation.py" line="44" time="0.000" /><testcase classname="tests.test_api_evaluation" name="test_judgment_actions_keys_are_expected_set" file="tests\test_api_evaluation.py" line="48" time="0.000" /><testcase classname="tests.test_api_evaluation" name="test_all_judgment_actions_are_callable" file="tests\test_api_evaluation.py" line="57" time="0.000" /><testcase classname="tests.test_api_evaluation" name="test_judgment_write_actions_is_subset_of_judgment_actions" file="tests\test_api_evaluation.py" line="62" time="0.000" /><testcase classname="tests.test_api_evaluation" name="test_judgment_write_actions_has_only_state_mutators" file="tests\test_api_evaluation.py" line="66" time="0.000" /><testcase classname="tests.test_api_evaluation" name="test_judgment_read_actions_are_excluded_from_write_set" file="tests\test_api_evaluation.py" line="72" time="0.000" /><testcase classname="tests.test_api_evaluation" name="test_branch_version_actions_table_has_3_handlers" file="tests\test_api_evaluation.py" line="83" time="0.000" /><testcase classname="tests.test_api_evaluation" name="test_branch_version_actions_keys_are_expected_set" file="tests\test_api_evaluation.py" line="87" time="0.000" /><testcase classname="tests.test_api_evaluation" name="test_all_branch_version_actions_are_callable" file="tests\test_api_evaluation.py" line="92" time="0.000" /><testcase classname="tests.test_api_evaluation" name="test_split_tag_csv_empty_string_returns_empty_list" file="tests\test_api_evaluation.py" line="100" time="0.000" /><testcase classname="tests.test_api_evaluation" name="test_split_tag_csv_single_tag" file="tests\test_api_evaluation.py" line="104" time="0.000" /><testcase classname="tests.test_api_evaluation" name="test_split_tag_csv_multiple_tags_strips_whitespace" file="tests\test_api_evaluation.py" line="108" time="0.000" /><testcase classname="tests.test_api_evaluation" name="test_split_tag_csv_drops_empty_segments" file="tests\test_api_evaluation.py" line="112" time="0.000" /><testcase classname="tests.test_api_evaluation" name="test_action_judge_run_missing_run_id_returns_error" file="tests\test_api_evaluation.py" line="121" time="0.000" /><testcase classname="tests.test_api_evaluation" name="test_action_judge_run_missing_judgment_text_returns_error" file="tests\test_api_evaluation.py" line="127" time="0.000" /><testcase classname="tests.test_api_evaluation" name="test_action_judge_run_returns_str" file="tests\test_api_evaluation.py" line="133" time="0.001" /><testcase classname="tests.test_api_evaluation" name="test_action_publish_version_missing_branch_def_id_returns_error" file="tests\test_api_evaluation.py" line="138" time="0.000" /><testcase classname="tests.test_api_helpers.TestBasePath" name="test_returns_path" file="tests\test_api_helpers.py" line="25" time="0.002" /><testcase classname="tests.test_api_helpers.TestBasePath" name="test_honours_workflow_data_dir" file="tests\test_api_helpers.py" line="30" time="0.003" /><testcase classname="tests.test_api_helpers.TestBasePath" name="test_absolute" file="tests\test_api_helpers.py" line="34" time="0.002" /><testcase classname="tests.test_api_helpers.TestUniverseDir" name="test_returns_child_of_base" file="tests\test_api_helpers.py" line="44" time="0.002" /><testcase classname="tests.test_api_helpers.TestUniverseDir" name="test_correct_name" file="tests\test_api_helpers.py" line="49" time="0.002" /><testcase classname="tests.test_api_helpers.TestUniverseDir" name="test_path_traversal_raises" file="tests\test_api_helpers.py" line="54" time="0.002" /><testcase classname="tests.test_api_helpers.TestUniverseDir" name="test_path_traversal_absolute_raises" file="tests\test_api_helpers.py" line="59" time="0.002" /><testcase classname="tests.test_api_helpers.TestUniverseDir" name="test_nested_name_stays_inside" file="tests\test_api_helpers.py" line="65" time="0.002" /><testcase classname="tests.test_api_helpers.TestDefaultUniverse" name="test_env_var_overrides" file="tests\test_api_helpers.py" line="77" time="0.002" /><testcase classname="tests.test_api_helpers.TestDefaultUniverse" name="test_active_marker_overrides_env_default" file="tests\test_api_helpers.py" line="82" time="0.010" /><testcase classname="tests.test_api_helpers.TestDefaultUniverse" name="test_invalid_active_marker_ignored" file="tests\test_api_helpers.py" line="90" time="0.011" /><testcase classname="tests.test_api_helpers.TestDefaultUniverse" name="test_first_subdir_if_no_env" file="tests\test_api_helpers.py" line="97" time="0.004" /><testcase classname="tests.test_api_helpers.TestDefaultUniverse" name="test_skips_dotdirs" file="tests\test_api_helpers.py" line="104" time="0.003" /><testcase classname="tests.test_api_helpers.TestDefaultUniverse" name="test_fallback_when_empty" file="tests\test_api_helpers.py" line="111" time="0.002" /><testcase classname="tests.test_api_helpers.TestDefaultUniverse" name="test_fallback_when_no_base" file="tests\test_api_helpers.py" line="116" time="0.002" /><testcase classname="tests.test_api_helpers.TestDefaultUniverse" name="test_skips_files" file="tests\test_api_helpers.py" line="122" time="0.003" /><testcase classname="tests.test_api_helpers.TestReadJson" name="test_reads_dict" file="tests\test_api_helpers.py" line="136" time="0.011" /><testcase classname="tests.test_api_helpers.TestReadJson" name="test_reads_list" file="tests\test_api_helpers.py" line="142" time="0.012" /><testcase classname="tests.test_api_helpers.TestReadJson" name="test_returns_none_missing" file="tests\test_api_helpers.py" line="148" time="0.003" /><testcase classname="tests.test_api_helpers.TestReadJson" name="test_returns_none_invalid_json" file="tests\test_api_helpers.py" line="152" time="0.010" /><testcase classname="tests.test_api_helpers.TestReadJson" name="test_returns_none_empty_file" file="tests\test_api_helpers.py" line="157" time="0.003" /><testcase classname="tests.test_api_helpers.TestReadJson" name="test_nested_structure" file="tests\test_api_helpers.py" line="162" time="0.013" /><testcase classname="tests.test_api_helpers.TestReadText" name="test_reads_content" file="tests\test_api_helpers.py" line="174" time="0.010" /><testcase classname="tests.test_api_helpers.TestReadText" name="test_returns_default_missing" file="tests\test_api_helpers.py" line="179" time="0.003" /><testcase classname="tests.test_api_helpers.TestReadText" name="test_custom_default" file="tests\test_api_helpers.py" line="183" time="0.002" /><testcase classname="tests.test_api_helpers.TestReadText" name="test_empty_file" file="tests\test_api_helpers.py" line="187" time="0.003" /><testcase classname="tests.test_api_helpers.TestReadText" name="test_multiline" file="tests\test_api_helpers.py" line="192" time="0.010" /><testcase classname="tests.test_api_helpers.TestWikiRoot" name="test_honours_workflow_wiki_path" file="tests\test_api_helpers.py" line="204" time="0.003" /><testcase classname="tests.test_api_helpers.TestWikiRoot" name="test_returns_path" file="tests\test_api_helpers.py" line="209" time="0.002" /><testcase classname="tests.test_api_helpers.TestWikiSubdirs" name="test_pages_dir_under_root" file="tests\test_api_helpers.py" line="219" time="0.002" /><testcase classname="tests.test_api_helpers.TestWikiSubdirs" name="test_drafts_dir_under_root" file="tests\test_api_helpers.py" line="223" time="0.002" /><testcase classname="tests.test_api_helpers.TestWikiSubdirs" name="test_pages_drafts_distinct" file="tests\test_api_helpers.py" line="227" time="0.002" /><testcase classname="tests.test_api_helpers.TestFindAllPages" name="test_empty_directory" file="tests\test_api_helpers.py" line="237" time="0.002" /><testcase classname="tests.test_api_helpers.TestFindAllPages" name="test_nonexistent_directory" file="tests\test_api_helpers.py" line="240" time="0.002" /><testcase classname="tests.test_api_helpers.TestFindAllPages" name="test_finds_md_files" file="tests\test_api_helpers.py" line="243" time="0.003" /><testcase classname="tests.test_api_helpers.TestFindAllPages" name="test_skips_non_md_files" file="tests\test_api_helpers.py" line="249" time="0.003" /><testcase classname="tests.test_api_helpers.TestFindAllPages" name="test_recursive" file="tests\test_api_helpers.py" line="256" time="0.004" /><testcase classname="tests.test_api_helpers.TestFindAllPages" name="test_returns_sorted" file="tests\test_api_helpers.py" line="267" time="0.004" /><testcase classname="tests.test_api_helpers.TestFindAllPages" name="test_returns_files_only" file="tests\test_api_helpers.py" line="274" time="0.003" /><testcase classname="tests.test_api_logger_names" name="test_branch_api_logger_uses_module_namespace" file="tests\test_api_logger_names.py" line="5" time="0.000" /><testcase classname="tests.test_api_logger_names" name="test_branch_api_uses_workflow_db_helper_name" file="tests\test_api_logger_names.py" line="11" time="0.000" /><testcase classname="tests.test_api_logger_names" name="test_extensions_api_logger_uses_module_namespace" file="tests\test_api_logger_names.py" line="18" time="0.000" /><testcase classname="tests.test_api_market" name="test_module_exposes_expected_public_names" file="tests\test_api_market.py" line="35" time="0.001" /><testcase classname="tests.test_api_market" name="test_escrow_actions_table_has_8_handlers" file="tests\test_api_market.py" line="78" time="0.000" /><testcase classname="tests.test_api_market" name="test_escrow_actions_keys" file="tests\test_api_market.py" line="82" time="0.000" /><testcase classname="tests.test_api_market" name="test_outcome_actions_table_has_3_handlers" file="tests\test_api_market.py" line="93" time="0.000" /><testcase classname="tests.test_api_market" name="test_outcome_actions_keys" file="tests\test_api_market.py" line="97" time="0.000" /><testcase classname="tests.test_api_market" name="test_attribution_actions_table_has_2_handlers" file="tests\test_api_market.py" line="104" time="0.000" /><testcase classname="tests.test_api_market" name="test_attribution_actions_keys" file="tests\test_api_market.py" line="108" time="0.000" /><testcase classname="tests.test_api_market" name="test_goal_actions_table_has_14_handlers" file="tests\test_api_market.py" line="115" time="0.000" /><testcase classname="tests.test_api_market" name="test_goal_actions_keys" file="tests\test_api_market.py" line="123" time="0.000" /><testcase classname="tests.test_api_market" name="test_goal_write_actions_subset_of_goal_actions" file="tests\test_api_market.py" line="138" time="0.000" /><testcase classname="tests.test_api_market" name="test_goal_write_actions_includes_state_mutators" file="tests\test_api_market.py" line="142" time="0.000" /><testcase classname="tests.test_api_market" name="test_goal_read_actions_excluded_from_write_set" file="tests\test_api_market.py" line="148" time="0.000" /><testcase classname="tests.test_api_market" name="test_goal_directory_action_aliases_dispatch_to_canonical_actions[list_workflow_goals-list-kwargs0]" file="tests\test_api_market.py" line="153" time="0.001" /><testcase classname="tests.test_api_market" name="test_goal_directory_action_aliases_dispatch_to_canonical_actions[search_workflow_goals-search-kwargs1]" file="tests\test_api_market.py" line="153" time="0.001" /><testcase classname="tests.test_api_market" name="test_goal_directory_action_aliases_dispatch_to_canonical_actions[get_workflow_goal-get-kwargs2]" file="tests\test_api_market.py" line="153" time="0.001" /><testcase classname="tests.test_api_market" name="test_goal_directory_action_aliases_dispatch_to_canonical_actions[propose_workflow_goal-propose-kwargs3]" file="tests\test_api_market.py" line="153" time="0.001" /><testcase classname="tests.test_api_market" name="test_goals_unknown_action_lists_directory_aliases" file="tests\test_api_market.py" line="188" time="0.043" /><testcase classname="tests.test_api_market" name="test_gates_actions_table_has_14_handlers" file="tests\test_api_market.py" line="197" time="0.001" /><testcase classname="tests.test_api_market" name="test_gates_actions_keys" file="tests\test_api_market.py" line="201" time="0.000" /><testcase classname="tests.test_api_market" name="test_gate_event_actions_table_has_6_handlers" file="tests\test_api_market.py" line="214" time="0.000" /><testcase classname="tests.test_api_market" name="test_gate_event_actions_keys" file="tests\test_api_market.py" line="218" time="0.000" /><testcase classname="tests.test_api_market" name="test_dispatch_table_handlers_are_callable[_ESCROW_ACTIONS-table0]" file="tests\test_api_market.py" line="229" time="0.001" /><testcase classname="tests.test_api_market" name="test_dispatch_table_handlers_are_callable[_OUTCOME_ACTIONS-table1]" file="tests\test_api_market.py" line="229" time="0.001" /><testcase classname="tests.test_api_market" name="test_dispatch_table_handlers_are_callable[_ATTRIBUTION_ACTIONS-table2]" file="tests\test_api_market.py" line="229" time="0.001" /><testcase classname="tests.test_api_market" name="test_dispatch_table_handlers_are_callable[_GOAL_ACTIONS-table3]" file="tests\test_api_market.py" line="229" time="0.001" /><testcase classname="tests.test_api_market" name="test_dispatch_table_handlers_are_callable[_GATES_ACTIONS-table4]" file="tests\test_api_market.py" line="229" time="0.001" /><testcase classname="tests.test_api_market" name="test_dispatch_table_handlers_are_callable[_GATE_EVENT_ACTIONS-table5]" file="tests\test_api_market.py" line="229" time="0.001" /><testcase classname="tests.test_api_market" name="test_action_escrow_inspect_missing_args_returns_error" file="tests\test_api_market.py" line="248" time="0.026" /><testcase classname="tests.test_api_market" name="test_action_get_outcome_missing_args_returns_error" file="tests\test_api_market.py" line="253" time="0.001" /><testcase classname="tests.test_api_market" name="test_action_record_remix_missing_args_returns_error" file="tests\test_api_market.py" line="258" time="0.000" /><testcase classname="tests.test_api_market" name="test_action_goal_propose_missing_name_returns_error" file="tests\test_api_market.py" line="263" time="0.000" /><testcase classname="tests.test_api_market" name="test_action_attest_gate_event_missing_args_returns_error" file="tests\test_api_market.py" line="268" time="0.001" /><testcase classname="tests.test_api_market" name="test_goals_unknown_action_returns_error" file="tests\test_api_market.py" line="276" time="0.001" /><testcase classname="tests.test_api_market" name="test_gates_when_flag_off_returns_not_available" file="tests\test_api_market.py" line="282" time="0.000" /><testcase classname="tests.test_api_market" name="test_gates_list_returns_discovery_payload" file="tests\test_api_market.py" line="289" time="0.001" /><testcase classname="tests.test_api_market" name="test_gates_enabled_default_off" file="tests\test_api_market.py" line="300" time="0.000" /><testcase classname="tests.test_api_market" name="test_gates_enabled_truthy_values" file="tests\test_api_market.py" line="305" time="0.001" /><testcase classname="tests.test_api_market" name="test_universe_server_goals_and_gates_are_decorated_wrappers" file="tests\test_api_market.py" line="314" time="0.000" /><testcase classname="tests.test_api_runs" name="test_module_exposes_expected_public_names" file="tests\test_api_runs.py" line="32" time="0.000" /><testcase classname="tests.test_api_runs" name="test_run_actions_table_has_18_handlers" file="tests\test_api_runs.py" line="58" time="0.000" /><testcase classname="tests.test_api_runs" name="test_run_actions_table_keys_are_expected_set" file="tests\test_api_runs.py" line="62" time="0.001" /><testcase classname="tests.test_api_runs" name="test_all_run_actions_are_callable" file="tests\test_api_runs.py" line="74" time="0.000" /><testcase classname="tests.test_api_runs" name="test_run_write_actions_is_subset_of_run_actions" file="tests\test_api_runs.py" line="79" time="0.000" /><testcase classname="tests.test_api_runs" name="test_run_write_actions_includes_state_mutators" file="tests\test_api_runs.py" line="83" time="0.001" /><testcase classname="tests.test_api_runs" name="test_run_write_actions_excludes_read_actions" file="tests\test_api_runs.py" line="93" time="0.001" /><testcase classname="tests.test_api_runs" name="test_build_failure_taxonomy_returns_list_of_triples" file="tests\test_api_runs.py" line="107" time="0.000" /><testcase classname="tests.test_api_runs" name="test_build_failure_taxonomy_returns_equal_content_across_calls" file="tests\test_api_runs.py" line="119" time="0.000" /><testcase classname="tests.test_api_runs" name="test_failure_taxonomy_module_state_is_list" file="tests\test_api_runs.py" line="126" time="0.000" /><testcase classname="tests.test_api_runs" name="test_classify_run_error_unknown_falls_back_to_unknown_class" file="tests\test_api_runs.py" line="131" time="0.001" /><testcase classname="tests.test_api_runs" name="test_classify_run_error_returns_dict_shape" file="tests\test_api_runs.py" line="140" time="0.000" /><testcase classname="tests.test_api_runs" name="test_classify_run_outcome_error_returns_none_when_no_match" file="tests\test_api_runs.py" line="147" time="0.000" /><testcase classname="tests.test_api_runs" name="test_classify_run_outcome_error_returns_none_for_empty" file="tests\test_api_runs.py" line="152" time="0.001" /><testcase classname="tests.test_api_runs" name="test_actionable_by_returns_string" file="tests\test_api_runs.py" line="156" time="0.000" /><testcase classname="tests.test_api_runs" name="test_failure_payload_shape" file="tests\test_api_runs.py" line="165" time="0.001" /><testcase classname="tests.test_api_runs" name="test_ensure_runs_recovery_is_idempotent" file="tests\test_api_runs.py" line="179" time="0.024" /><testcase classname="tests.test_api_runs" name="test_action_run_branch_missing_branch_def_id_returns_error" file="tests\test_api_runs.py" line="188" time="0.001" /><testcase classname="tests.test_api_runs" name="test_action_run_branch_returns_str" file="tests\test_api_runs.py" line="195" time="0.001" /><testcase classname="tests.test_api_runs" name="test_action_run_branch_guidance_uses_advertised_handles" file="tests\test_api_runs.py" line="200" time="0.001" /><testcase classname="tests.test_api_runs" name="test_compile_failure_records_actionable_run_error" file="tests\test_api_runs.py" line="244" time="0.058" /><testcase classname="tests.test_api_runs" name="test_compile_failed_outcome_is_classified" file="tests\test_api_runs.py" line="296" time="0.001" /><testcase classname="tests.test_api_runs" name="test_provider_exhausted_outcome_is_classified" file="tests\test_api_runs.py" line="304" time="0.001" /><testcase classname="tests.test_api_runs" name="test_failed_run_snapshot_marks_last_running_node_failed" file="tests\test_api_runs.py" line="313" time="0.001" /><testcase classname="tests.test_api_runs" name="test_failed_run_snapshot_surfaces_provider_chain_from_failed_event" file="tests\test_api_runs.py" line="341" time="0.001" /><testcase classname="tests.test_api_runs" name="test_failed_run_snapshot_surfaces_provider_chain_from_error_suffix" file="tests\test_api_runs.py" line="420" time="0.001" /><testcase classname="tests.test_api_runtime_ops" name="test_module_exposes_expected_public_names" file="tests\test_api_runtime_ops.py" line="35" time="0.001" /><testcase classname="tests.test_api_runtime_ops" name="test_project_memory_actions_table_has_3_handlers" file="tests\test_api_runtime_ops.py" line="58" time="0.000" /><testcase classname="tests.test_api_runtime_ops" name="test_project_memory_actions_keys" file="tests\test_api_runtime_ops.py" line="62" time="0.000" /><testcase classname="tests.test_api_runtime_ops" name="test_project_memory_write_actions_only_set" file="tests\test_api_runtime_ops.py" line="67" time="0.000" /><testcase classname="tests.test_api_runtime_ops" name="test_project_memory_write_actions_subset_of_actions" file="tests\test_api_runtime_ops.py" line="72" time="0.000" /><testcase classname="tests.test_api_runtime_ops" name="test_inspect_dry_actions_table_has_2_handlers" file="tests\test_api_runtime_ops.py" line="79" time="0.000" /><testcase classname="tests.test_api_runtime_ops" name="test_inspect_dry_actions_keys" file="tests\test_api_runtime_ops.py" line="83" time="0.000" /><testcase classname="tests.test_api_runtime_ops" name="test_messaging_actions_table_has_3_handlers" file="tests\test_api_runtime_ops.py" line="90" time="0.000" /><testcase classname="tests.test_api_runtime_ops" name="test_messaging_actions_keys" file="tests\test_api_runtime_ops.py" line="94" time="0.000" /><testcase classname="tests.test_api_runtime_ops" name="test_scheduler_actions_table_has_8_handlers" file="tests\test_api_runtime_ops.py" line="102" time="0.000" /><testcase classname="tests.test_api_runtime_ops" name="test_scheduler_actions_keys" file="tests\test_api_runtime_ops.py" line="106" time="0.000" /><testcase classname="tests.test_api_runtime_ops" name="test_dispatch_table_handlers_are_callable[_PROJECT_MEMORY_ACTIONS-table0]" file="tests\test_api_runtime_ops.py" line="119" time="0.001" /><testcase classname="tests.test_api_runtime_ops" name="test_dispatch_table_handlers_are_callable[_INSPECT_DRY_ACTIONS-table1]" file="tests\test_api_runtime_ops.py" line="119" time="0.001" /><testcase classname="tests.test_api_runtime_ops" name="test_dispatch_table_handlers_are_callable[_MESSAGING_ACTIONS-table2]" file="tests\test_api_runtime_ops.py" line="119" time="0.001" /><testcase classname="tests.test_api_runtime_ops" name="test_dispatch_table_handlers_are_callable[_SCHEDULER_ACTIONS-table3]" file="tests\test_api_runtime_ops.py" line="119" time="0.001" /><testcase classname="tests.test_api_runtime_ops" name="test_load_branch_for_inspect_with_neither_arg_returns_error_str" file="tests\test_api_runtime_ops.py" line="136" time="0.001" /><testcase classname="tests.test_api_runtime_ops" name="test_load_branch_for_inspect_invalid_json_returns_error_str" file="tests\test_api_runtime_ops.py" line="142" time="0.001" /><testcase classname="tests.test_api_runtime_ops" name="test_apply_patch_ops_is_callable" file="tests\test_api_runtime_ops.py" line="148" time="0.001" /><testcase classname="tests.test_api_runtime_ops" name="test_action_project_memory_get_missing_args_returns_error" file="tests\test_api_runtime_ops.py" line="156" time="0.012" /><testcase classname="tests.test_api_runtime_ops" name="test_action_project_memory_set_missing_args_returns_error" file="tests\test_api_runtime_ops.py" line="161" time="0.001" /><testcase classname="tests.test_api_runtime_ops" name="test_action_dry_inspect_node_missing_branch_id_returns_error_dict" file="tests\test_api_runtime_ops.py" line="166" time="0.001" /><testcase classname="tests.test_api_runtime_ops" name="test_action_dry_inspect_patch_missing_args_returns_error_dict" file="tests\test_api_runtime_ops.py" line="171" time="0.000" /><testcase classname="tests.test_api_runtime_ops" name="test_action_messaging_send_missing_args_returns_error_dict" file="tests\test_api_runtime_ops.py" line="176" time="0.001" /><testcase classname="tests.test_api_runtime_ops" name="test_action_schedule_branch_missing_args_returns_error_dict" file="tests\test_api_runtime_ops.py" line="181" time="0.000" /><testcase classname="tests.test_api_status" name="test_module_exposes_expected_public_names" file="tests\test_api_status.py" line="20" time="0.000" /><testcase classname="tests.test_api_status" name="test_policy_hash_is_deterministic" file="tests\test_api_status.py" line="30" time="0.001" /><testcase classname="tests.test_api_status" name="test_policy_hash_differs_for_different_payloads" file="tests\test_api_status.py" line="37" time="0.000" /><testcase classname="tests.test_api_status" name="test_policy_hash_returns_sha256_hex" file="tests\test_api_status.py" line="41" time="0.000" /><testcase classname="tests.test_api_status" name="test_policy_hash_handles_empty_dict" file="tests\test_api_status.py" line="48" time="0.000" /><testcase classname="tests.test_api_status" name="test_get_status_returns_str_json" file="tests\test_api_status.py" line="70" time="0.066" /><testcase classname="tests.test_api_status" name="test_get_status_returns_versioned_contract_keys" file="tests\test_api_status.py" line="77" time="0.060" /><testcase classname="tests.test_api_status" name="test_get_status_active_host_shape" file="tests\test_api_status.py" line="108" time="0.060" /><testcase classname="tests.test_api_status" name="test_get_status_evidence_includes_policy_hash" file="tests\test_api_status.py" line="115" time="0.058" /><testcase classname="tests.test_api_status" name="test_get_status_release_state_reports_missing_receipt" file="tests\test_api_status.py" line="123" time="0.059" /><testcase classname="tests.test_api_status" name="test_get_status_release_state_reads_deploy_receipt" file="tests\test_api_status.py" line="132" time="0.070" /><testcase classname="tests.test_api_status" name="test_get_status_includes_read_only_open_brain_surface" file="tests\test_api_status.py" line="167" time="0.102" /><testcase classname="tests.test_api_status" name="test_get_status_explicit_universe_id_overrides_default" file="tests\test_api_status.py" line="201" time="0.064" /><testcase classname="tests.test_api_status" name="test_get_status_nonexistent_universe_marks_universe_exists_false" file="tests\test_api_status.py" line="211" time="0.012" /><testcase classname="tests.test_api_status" name="test_get_status_session_boundary_uses_token_safe_fingerprint" file="tests\test_api_status.py" line="219" time="0.062" /><testcase classname="tests.test_api_status" name="test_get_status_caveats_warn_when_no_provider_bound" file="tests\test_api_status.py" line="230" time="0.058" /><testcase classname="tests.test_api_universe" name="test_module_exposes_expected_public_names" file="tests\test_api_universe.py" line="89" time="0.001" /><testcase classname="tests.test_api_universe" name="test_write_actions_table_has_27_entries" file="tests\test_api_universe.py" line="149" time="0.001" /><testcase classname="tests.test_api_universe" name="test_write_actions_entries_are_extractor_gate_tuples" file="tests\test_api_universe.py" line="160" time="0.000" /><testcase classname="tests.test_api_universe" name="test_pattern_a2_wrapper_delegates_to_api_universe" file="tests\test_api_universe.py" line="178" time="0.001" /><testcase classname="tests.test_api_universe" name="test_community_change_context_tool_delegates_to_api_universe" file="tests\test_api_universe.py" line="196" time="0.001" /><testcase classname="tests.test_api_universe" name="test_dispatch_with_ledger_signature" file="tests\test_api_universe.py" line="221" time="0.001" /><testcase classname="tests.test_api_universe" name="test_scope_universe_response_prepends_universe_lead_in" file="tests\test_api_universe.py" line="231" time="0.001" /><testcase classname="tests.test_api_universe" name="test_staleness_bucket_handles_none" file="tests\test_api_universe.py" line="241" time="0.000" /><testcase classname="tests.test_api_universe" name="test_daemon_liveness_returns_dict_with_required_keys" file="tests\test_api_universe.py" line="248" time="0.003" /><testcase classname="tests.test_api_universe" name="test_universe_impl_dispatch_table_has_known_actions" file="tests\test_api_universe.py" line="269" time="0.001" /><testcase classname="tests.test_api_universe" name="test_every_universe_action_dispatches[list]" file="tests\test_api_universe.py" line="278" time="0.001" /><testcase classname="tests.test_api_universe" name="test_every_universe_action_dispatches[inspect]" file="tests\test_api_universe.py" line="278" time="0.013" /><testcase classname="tests.test_api_universe" name="test_every_universe_action_dispatches[read_output]" file="tests\test_api_universe.py" line="278" time="0.004" /><testcase classname="tests.test_api_universe" name="test_every_universe_action_dispatches[submit_request]" file="tests\test_api_universe.py" line="278" time="0.001" /><testcase classname="tests.test_api_universe" name="test_every_universe_action_dispatches[queue_list]" file="tests\test_api_universe.py" line="278" time="0.004" /><testcase classname="tests.test_api_universe" name="test_every_universe_action_dispatches[daemon_overview]" file="tests\test_api_universe.py" line="278" time="0.004" /><testcase classname="tests.test_api_universe" name="test_every_universe_action_dispatches[daemon_list]" file="tests\test_api_universe.py" line="278" time="0.008" /><testcase classname="tests.test_api_universe" name="test_every_universe_action_dispatches[daemon_get]" file="tests\test_api_universe.py" line="278" time="0.003" /><testcase classname="tests.test_api_universe" name="test_every_universe_action_dispatches[daemon_create]" file="tests\test_api_universe.py" line="278" time="0.001" /><testcase classname="tests.test_api_universe" name="test_every_universe_action_dispatches[daemon_summon]" file="tests\test_api_universe.py" line="278" time="0.001" /><testcase classname="tests.test_api_universe" name="test_every_universe_action_dispatches[daemon_pause]" file="tests\test_api_universe.py" line="278" time="0.001" /><testcase classname="tests.test_api_universe" name="test_every_universe_action_dispatches[daemon_resume]" file="tests\test_api_universe.py" line="278" time="0.001" /><testcase classname="tests.test_api_universe" name="test_every_universe_action_dispatches[daemon_restart]" file="tests\test_api_universe.py" line="278" time="0.001" /><testcase classname="tests.test_api_universe" name="test_every_universe_action_dispatches[daemon_banish]" file="tests\test_api_universe.py" line="278" time="0.001" /><testcase classname="tests.test_api_universe" name="test_every_universe_action_dispatches[daemon_update_behavior]" file="tests\test_api_universe.py" line="278" time="0.001" /><testcase classname="tests.test_api_universe" name="test_every_universe_action_dispatches[daemon_control_status]" file="tests\test_api_universe.py" line="278" time="0.008" /><testcase classname="tests.test_api_universe" name="test_every_universe_action_dispatches[daemon_memory_capture]" file="tests\test_api_universe.py" line="278" time="0.001" /><testcase classname="tests.test_api_universe" name="test_every_universe_action_dispatches[daemon_memory_search]" file="tests\test_api_universe.py" line="278" time="0.001" /><testcase classname="tests.test_api_universe" name="test_every_universe_action_dispatches[daemon_memory_list]" file="tests\test_api_universe.py" line="278" time="0.001" /><testcase classname="tests.test_api_universe" name="test_every_universe_action_dispatches[daemon_memory_review]" file="tests\test_api_universe.py" line="278" time="0.001" /><testcase classname="tests.test_api_universe" name="test_every_universe_action_dispatches[daemon_memory_promote]" file="tests\test_api_universe.py" line="278" time="0.001" /><testcase classname="tests.test_api_universe" name="test_every_universe_action_dispatches[daemon_memory_status]" file="tests\test_api_universe.py" line="278" time="0.001" /><testcase classname="tests.test_api_universe" name="test_every_universe_action_dispatches[set_tier_config]" file="tests\test_api_universe.py" line="278" time="0.001" /><testcase classname="tests.test_api_universe" name="test_every_universe_action_dispatches[queue_cancel]" file="tests\test_api_universe.py" line="278" time="0.001" /><testcase classname="tests.test_api_universe" name="test_every_universe_action_dispatches[subscribe_goal]" file="tests\test_api_universe.py" line="278" time="0.001" /><testcase classname="tests.test_api_universe" name="test_every_universe_action_dispatches[unsubscribe_goal]" file="tests\test_api_universe.py" line="278" time="0.001" /><testcase classname="tests.test_api_universe" name="test_every_universe_action_dispatches[list_subscriptions]" file="tests\test_api_universe.py" line="278" time="0.004" /><testcase classname="tests.test_api_universe" name="test_every_universe_action_dispatches[post_to_goal_pool]" file="tests\test_api_universe.py" line="278" time="0.001" /><testcase classname="tests.test_api_universe" name="test_every_universe_action_dispatches[submit_node_bid]" file="tests\test_api_universe.py" line="278" time="0.001" /><testcase classname="tests.test_api_universe" name="test_every_universe_action_dispatches[community_change_context]" file="tests\test_api_universe.py" line="278" time="0.004" /><testcase classname="tests.test_api_universe" name="test_every_universe_action_dispatches[give_direction]" file="tests\test_api_universe.py" line="278" time="0.001" /><testcase classname="tests.test_api_universe" name="test_every_universe_action_dispatches[query_world]" file="tests\test_api_universe.py" line="278" time="0.004" /><testcase classname="tests.test_api_universe" name="test_every_universe_action_dispatches[read_premise]" file="tests\test_api_universe.py" line="278" time="0.004" /><testcase classname="tests.test_api_universe" name="test_every_universe_action_dispatches[set_premise]" file="tests\test_api_universe.py" line="278" time="0.001" /><testcase classname="tests.test_api_universe" name="test_every_universe_action_dispatches[add_canon]" file="tests\test_api_universe.py" line="278" time="0.001" /><testcase classname="tests.test_api_universe" name="test_every_universe_action_dispatches[add_canon_from_path]" file="tests\test_api_universe.py" line="278" time="0.001" /><testcase classname="tests.test_api_universe" name="test_every_universe_action_dispatches[list_canon]" file="tests\test_api_universe.py" line="278" time="0.004" /><testcase classname="tests.test_api_universe" name="test_every_universe_action_dispatches[read_canon]" file="tests\test_api_universe.py" line="278" time="0.004" /><testcase classname="tests.test_api_universe" name="test_every_universe_action_dispatches[list_sources]" file="tests\test_api_universe.py" line="278" time="0.004" /><testcase classname="tests.test_api_universe" name="test_every_universe_action_dispatches[read_source]" file="tests\test_api_universe.py" line="278" time="0.004" /><testcase classname="tests.test_api_universe" name="test_every_universe_action_dispatches[control_daemon]" file="tests\test_api_universe.py" line="278" time="0.001" /><testcase classname="tests.test_api_universe" name="test_every_universe_action_dispatches[get_activity]" file="tests\test_api_universe.py" line="278" time="0.004" /><testcase classname="tests.test_api_universe" name="test_every_universe_action_dispatches[get_recent_events]" file="tests\test_api_universe.py" line="278" time="0.004" /><testcase classname="tests.test_api_universe" name="test_every_universe_action_dispatches[get_ledger]" file="tests\test_api_universe.py" line="278" time="0.004" /><testcase classname="tests.test_api_universe" name="test_every_universe_action_dispatches[switch_universe]" file="tests\test_api_universe.py" line="278" time="0.001" /><testcase classname="tests.test_api_universe" name="test_every_universe_action_dispatches[create_universe]" file="tests\test_api_universe.py" line="278" time="0.053" /><testcase classname="tests.test_api_universe" name="test_community_change_context_overview" file="tests\test_api_universe.py" line="316" time="0.001" /><testcase classname="tests.test_api_universe" name="test_community_change_context_pr_detail" file="tests\test_api_universe.py" line="374" time="0.001" /><testcase classname="tests.test_api_universe" name="test_community_change_context_issue_detail" file="tests\test_api_universe.py" line="430" time="0.001" /><testcase classname="tests.test_api_universe" name="test_daemon_actions_create_summon_and_banish" file="tests\test_api_universe.py" line="465" time="0.254" /><testcase classname="tests.test_api_universe" name="test_daemon_control_actions_accept_top_level_daemon_id" file="tests\test_api_universe.py" line="583" time="0.145" /><testcase classname="tests.test_api_universe" name="test_bundled_source_root_ignores_pool_volume_override" file="tests\test_api_universe.py" line="661" time="0.003" /><testcase classname="tests.test_api_universe" name="test_bundled_source_root_ignores_even_a_checkout_shaped_override" file="tests\test_api_universe.py" line="677" time="0.004" /><testcase classname="tests.test_api_universe" name="test_change_loop_plan_context_survives_pool_volume_override" file="tests\test_api_universe.py" line="696" time="0.014" /><testcase classname="tests.test_api_universe" name="test_change_loop_plan_context_marks_unresolved_heading" file="tests\test_api_universe.py" line="712" time="0.012" /><testcase classname="tests.test_api_universe" name="test_change_loop_plan_context_marks_all_headings_when_plan_is_unreadable" file="tests\test_api_universe.py" line="737" time="0.003" /><testcase classname="tests.test_api_wiki" name="test_module_exposes_expected_public_names" file="tests\test_api_wiki.py" line="117" time="0.001" /><testcase classname="tests.test_api_wiki" name="test_wiki_categories_canonical_order" file="tests\test_api_wiki.py" line="127" time="0.001" /><testcase classname="tests.test_api_wiki" name="test_kind_routing_covers_all_valid_kinds" file="tests\test_api_wiki.py" line="139" time="0.001" /><testcase classname="tests.test_api_wiki" name="test_sanitize_slug_strips_extension_and_normalizes" file="tests\test_api_wiki.py" line="149" time="0.001" /><testcase classname="tests.test_api_wiki" name="test_slugify_title_truncates_and_handles_empty" file="tests\test_api_wiki.py" line="155" time="0.000" /><testcase classname="tests.test_api_wiki" name="test_parse_frontmatter_roundtrip" file="tests\test_api_wiki.py" line="161" time="0.001" /><testcase classname="tests.test_api_wiki" name="test_parse_frontmatter_no_frontmatter_returns_empty_meta" file="tests\test_api_wiki.py" line="168" time="0.000" /><testcase classname="tests.test_api_wiki" name="test_extract_keywords_drops_stop_words" file="tests\test_api_wiki.py" line="175" time="0.001" /><testcase classname="tests.test_api_wiki" name="test_wiki_similarity_score_identical_pages_high" file="tests\test_api_wiki.py" line="183" time="0.001" /><testcase classname="tests.test_api_wiki" name="test_wiki_similarity_score_disjoint_pages_low" file="tests\test_api_wiki.py" line="190" time="0.001" /><testcase classname="tests.test_api_wiki" name="test_jaccard_basic" file="tests\test_api_wiki.py" line="198" time="0.001" /><testcase classname="tests.test_api_wiki" name="test_bug_token_set_filters_short_words" file="tests\test_api_wiki.py" line="205" time="0.001" /><testcase classname="tests.test_api_wiki" name="test_bug_dedup_threshold_constant" file="tests\test_api_wiki.py" line="212" time="0.001" /><testcase classname="tests.test_api_wiki" name="test_next_id_starts_at_001_for_empty_dirs" file="tests\test_api_wiki.py" line="216" time="0.003" /><testcase classname="tests.test_api_wiki" name="test_next_id_increments_past_existing" file="tests\test_api_wiki.py" line="225" time="0.004" /><testcase classname="tests.test_api_wiki" name="test_ensure_wiki_scaffold_creates_full_tree" file="tests\test_api_wiki.py" line="239" time="0.013" /><testcase classname="tests.test_api_wiki" name="test_ensure_wiki_scaffold_idempotent_preserves_user_content" file="tests\test_api_wiki.py" line="252" time="0.025" /><testcase classname="tests.test_api_wiki" name="test_wiki_unknown_action_returns_error" file="tests\test_api_wiki.py" line="263" time="0.015" /><testcase classname="tests.test_api_wiki" name="test_wiki_list_returns_promoted_and_drafts_keys" file="tests\test_api_wiki.py" line="270" time="0.020" /><testcase classname="tests.test_api_wiki" name="test_wiki_search_requires_query" file="tests\test_api_wiki.py" line="278" time="0.016" /><testcase classname="tests.test_api_wiki" name="test_wiki_search_no_results_returns_empty_list" file="tests\test_api_wiki.py" line="283" time="0.018" /><testcase classname="tests.test_api_wiki" name="test_wiki_search_returns_completeness_warning_with_matches" file="tests\test_api_wiki.py" line="290" time="0.040" /><testcase classname="tests.test_api_wiki" name="test_wiki_since_returns_pages_updated_after_timestamp" file="tests\test_api_wiki.py" line="318" time="0.045" /><testcase classname="tests.test_api_wiki" name="test_wiki_since_requires_valid_changed_since" file="tests\test_api_wiki.py" line="356" time="0.017" /><testcase classname="tests.test_api_wiki" name="test_wiki_read_requires_page" file="tests\test_api_wiki.py" line="364" time="0.014" /><testcase classname="tests.test_api_wiki" name="test_wiki_read_index_after_scaffold" file="tests\test_api_wiki.py" line="369" time="0.025" /><testcase classname="tests.test_api_wiki" name="test_wiki_read_returns_source_proof_and_ambient_feed" file="tests\test_api_wiki.py" line="375" time="0.049" /><testcase classname="tests.test_api_wiki" name="test_wiki_scope_and_audience_matrix_is_fail_closed_and_self_auditing" file="tests\test_api_wiki.py" line="450" time="0.221" /><testcase classname="tests.test_api_wiki" name="test_wiki_category_filters_search_since_and_ambient_without_widening" file="tests\test_api_wiki.py" line="514" time="0.101" /><testcase classname="tests.test_api_wiki" name="test_wiki_exact_read_source_scope_and_list_structure_stay_distinct" file="tests\test_api_wiki.py" line="585" time="0.084" /><testcase classname="tests.test_api_wiki" name="test_wiki_visibility_denial_precedes_scope_with_real_grant_control[discovery-search]" file="tests\test_api_wiki.py" line="627" time="0.137" /><testcase classname="tests.test_api_wiki" name="test_wiki_visibility_denial_precedes_scope_with_real_grant_control[discovery-since]" file="tests\test_api_wiki.py" line="627" time="0.111" /><testcase classname="tests.test_api_wiki" name="test_wiki_visibility_denial_precedes_scope_with_real_grant_control[discovery-ambient]" file="tests\test_api_wiki.py" line="627" time="0.111" /><testcase classname="tests.test_api_wiki" name="test_wiki_visibility_denial_precedes_scope_with_real_grant_control[coordination-search]" file="tests\test_api_wiki.py" line="627" time="0.128" /><testcase classname="tests.test_api_wiki" name="test_wiki_visibility_denial_precedes_scope_with_real_grant_control[coordination-since]" file="tests\test_api_wiki.py" line="627" time="0.108" /><testcase classname="tests.test_api_wiki" name="test_wiki_visibility_denial_precedes_scope_with_real_grant_control[coordination-ambient]" file="tests\test_api_wiki.py" line="627" time="0.121" /><testcase classname="tests.test_api_wiki" name="test_wiki_visibility_denial_precedes_scope_with_real_grant_control[all-search]" file="tests\test_api_wiki.py" line="627" time="0.118" /><testcase classname="tests.test_api_wiki" name="test_wiki_visibility_denial_precedes_scope_with_real_grant_control[all-since]" file="tests\test_api_wiki.py" line="627" time="0.111" /><testcase classname="tests.test_api_wiki" name="test_wiki_visibility_denial_precedes_scope_with_real_grant_control[all-ambient]" file="tests\test_api_wiki.py" line="627" time="0.115" /><testcase classname="tests.test_api_wiki" name="test_wiki_default_discovery_dispatch_is_deterministic_across_256_calls" file="tests\test_api_wiki.py" line="691" time="0.860" /><testcase classname="tests.test_api_wiki" name="test_wiki_read_large_page_marks_content_and_supports_offset" file="tests\test_api_wiki.py" line="717" time="0.034" /><testcase classname="tests.test_api_wiki" name="test_wiki_read_default_window_handles_medium_design_doc" file="tests\test_api_wiki.py" line="756" time="0.049" /><testcase classname="tests.test_api_wiki" name="test_wiki_read_max_chars_is_capped" file="tests\test_api_wiki.py" line="778" time="0.031" /><testcase classname="tests.test_api_wiki" name="test_wiki_write_requires_filename_and_content" file="tests\test_api_wiki.py" line="802" time="0.016" /><testcase classname="tests.test_api_wiki" name="test_wiki_write_accepts_custom_category" file="tests\test_api_wiki.py" line="807" time="0.015" /><testcase classname="tests.test_api_wiki" name="test_wiki_write_sanitizes_custom_category" file="tests\test_api_wiki.py" line="823" time="0.017" /><testcase classname="tests.test_api_wiki" name="test_wiki_write_rejects_unsluggable_category" file="tests\test_api_wiki.py" line="837" time="0.016" /><testcase classname="tests.test_api_wiki" name="test_wiki_custom_category_promotes_and_indexes" file="tests\test_api_wiki.py" line="845" time="0.052" /><testcase classname="tests.test_api_wiki" name="test_wiki_promote_category_is_traversal_safe" file="tests\test_api_wiki.py" line="864" time="0.018" /><testcase classname="tests.test_api_wiki" name="test_wiki_write_drafts_then_promote_roundtrip" file="tests\test_api_wiki.py" line="875" time="0.043" /><testcase classname="tests.test_api_wiki" name="test_wiki_write_accepts_wiki_relative_draft_filename" file="tests\test_api_wiki.py" line="897" time="0.015" /><testcase classname="tests.test_api_wiki" name="test_wiki_patch_updates_long_page_without_full_replace" file="tests\test_api_wiki.py" line="915" time="0.044" /><testcase classname="tests.test_api_wiki" name="test_wiki_patch_dry_run_reports_without_writing" file="tests\test_api_wiki.py" line="949" time="0.026" /><testcase classname="tests.test_api_wiki" name="test_wiki_patch_rejects_hash_mismatch_without_writing" file="tests\test_api_wiki.py" line="968" time="0.024" /><testcase classname="tests.test_api_wiki" name="test_wiki_patch_rejects_ambiguous_old_text_without_writing" file="tests\test_api_wiki.py" line="989" time="0.022" /><testcase classname="tests.test_api_wiki" name="test_wiki_promote_lint_blocks_when_required_fields_missing" file="tests\test_api_wiki.py" line="1009" time="0.029" /><testcase classname="tests.test_api_wiki" name="test_wiki_promote_lint_accepts_block_sources_with_non_http_uri" file="tests\test_api_wiki.py" line="1020" time="0.029" /><testcase classname="tests.test_api_wiki" name="test_wiki_supersede_requires_three_args" file="tests\test_api_wiki.py" line="1049" time="0.015" /><testcase classname="tests.test_api_wiki" name="test_wiki_file_bug_requires_title_component_severity" file="tests\test_api_wiki.py" line="1057" time="0.015" /><testcase classname="tests.test_api_wiki" name="test_wiki_file_bug_rejects_invalid_severity" file="tests\test_api_wiki.py" line="1063" time="0.014" /><testcase classname="tests.test_api_wiki" name="test_wiki_file_bug_files_clean_when_no_dups" file="tests\test_api_wiki.py" line="1077" time="0.014" /><testcase classname="tests.test_api_wiki" name="test_wiki_file_bug_title_only_path_still_succeeds" file="tests\test_api_wiki.py" line="1093" time="0.015" /><testcase classname="tests.test_api_wiki" name="test_wiki_file_bug_rejects_unsupported_body_field" file="tests\test_api_wiki.py" line="1108" time="0.013" /><testcase classname="tests.test_api_wiki" name="test_wiki_file_bug_rejects_unknown_direct_kwarg" file="tests\test_api_wiki.py" line="1127" time="0.010" /><testcase classname="tests.test_api_wiki" name="test_wiki_file_bug_is_filing_only_with_retired_environment_set" file="tests\test_api_wiki.py" line="1144" time="0.022" /><testcase classname="tests.test_api_wiki" name="test_wiki_file_bug_dedup_returns_similar_found" file="tests\test_api_wiki.py" line="1181" time="0.027" /><testcase classname="tests.test_api_wiki" name="test_wiki_cosign_bug_requires_args" file="tests\test_api_wiki.py" line="1200" time="0.018" /><testcase classname="tests.test_api_wiki" name="test_wiki_cosign_bug_unknown_id_errors" file="tests\test_api_wiki.py" line="1207" time="0.014" /><testcase classname="tests.test_api_wiki" name="test_wiki_cosign_bug_appends_to_existing_filing" file="tests\test_api_wiki.py" line="1218" time="0.048" /><testcase classname="tests.test_asp_engine_data_file.TestDefaultRulesPath" name="test_path_resolves_to_lp_file" file="tests\test_asp_engine_data_file.py" line="25" time="0.001" /><testcase classname="tests.test_asp_engine_data_file.TestDefaultRulesPath" name="test_path_exists_in_checkout" file="tests\test_asp_engine_data_file.py" line="29" time="0.001" /><testcase classname="tests.test_asp_engine_data_file.TestDefaultRulesPath" name="test_file_is_non_empty" file="tests\test_asp_engine_data_file.py" line="36" time="0.001" /><testcase classname="tests.test_asp_engine_data_file.TestDefaultRulesPath" name="test_file_is_readable_text" file="tests\test_asp_engine_data_file.py" line="41" time="0.010" /><testcase classname="tests.test_asp_engine_data_file.TestDefaultRulesPath" name="test_data_dir_parent_matches_package_root" file="tests\test_asp_engine_data_file.py" line="45" time="0.001" /><testcase classname="tests.test_asp_engine_data_file.TestASPEngineAbsentFile" name="test_engine_init_with_missing_rules_does_not_crash" file="tests\test_asp_engine_data_file.py" line="59" time="0.003" /><testcase classname="tests.test_asp_engine_data_file.TestASPEngineAbsentFile" name="test_engine_logs_warning_when_rules_file_missing" file="tests\test_asp_engine_data_file.py" line="68" time="0.003" /><testcase classname="tests.test_asp_solver" name="test_asp_engine_satisfiable" file="tests\test_asp_solver.py" line="26" time="0.040" /><testcase classname="tests.test_asp_solver" name="test_asp_engine_unsatisfiable" file="tests\test_asp_solver.py" line="48" time="0.001" /><testcase classname="tests.test_asp_solver" name="test_asp_validates_scene_plan_violation" file="tests\test_asp_solver.py" line="64" time="0.001" /><testcase classname="tests.test_asp_solver" name="test_asp_validates_scene_plan_ok" file="tests\test_asp_solver.py" line="81" time="0.001" /><testcase classname="tests.test_asp_solver" name="test_world_rules_load" file="tests\test_asp_solver.py" line="103" time="0.002" /><testcase classname="tests.test_asp_solver" name="test_world_rules_catch_violation" file="tests\test_asp_solver.py" line="118" time="0.002" /><testcase classname="tests.test_asp_solver" name="test_surface_to_facts_characters" file="tests\test_asp_solver.py" line="138" time="0.001" /><testcase classname="tests.test_asp_solver" name="test_surface_to_facts_institutions" file="tests\test_asp_solver.py" line="152" time="0.000" /><testcase classname="tests.test_asp_solver" name="test_surface_to_facts_empty" file="tests\test_asp_solver.py" line="169" time="0.000" /><testcase classname="tests.test_asp_solver" name="test_validate_surface_complete" file="tests\test_asp_solver.py" line="181" time="0.002" /><testcase classname="tests.test_asp_solver" name="test_incremental_solving" file="tests\test_asp_solver.py" line="230" time="0.001" /><testcase classname="tests.test_asp_solver" name="test_incremental_solving_accumulates_facts_but_does_not_reground_base_rules" file="tests\test_asp_solver.py" line="249" time="0.001" /><testcase classname="tests.test_asp_solver" name="test_incremental_solving_empty_batch_returns_empty_results" file="tests\test_asp_solver.py" line="272" time="0.001" /><testcase classname="tests.test_asp_solver" name="test_empty_surface_scores_zero" file="tests\test_asp_solver.py" line="283" time="0.000" /><testcase classname="tests.test_asp_solver" name="test_populated_surface_scores_high" file="tests\test_asp_solver.py" line="290" time="0.000" /><testcase classname="tests.test_asp_solver" name="test_empty_surface_not_ready" file="tests\test_asp_solver.py" line="314" time="0.000" /><testcase classname="tests.test_attach_existing_child_run" name="test_attach_existing_child_run_copies_completed_child_output" file="tests\test_attach_existing_child_run.py" line="87" time="0.119" /><testcase classname="tests.test_attach_existing_child_run" name="test_attach_existing_child_run_does_not_leave_parent_waiting" file="tests\test_attach_existing_child_run.py" line="111" time="0.139" /><testcase classname="tests.test_attach_existing_child_run" name="test_extensions_routes_attach_existing_child_run" file="tests\test_attach_existing_child_run.py" line="126" time="0.111" /><testcase classname="tests.test_attach_existing_child_run" name="test_attach_existing_child_run_rejects_missing_child_run" file="tests\test_attach_existing_child_run.py" line="145" time="0.089" /><testcase classname="tests.test_attach_existing_child_run" name="test_attach_existing_child_run_rejects_non_completed_child[running]" file="tests\test_attach_existing_child_run.py" line="154" time="0.097" /><testcase classname="tests.test_attach_existing_child_run" name="test_attach_existing_child_run_rejects_non_completed_child[interrupted]" file="tests\test_attach_existing_child_run.py" line="154" time="0.109" /><testcase classname="tests.test_attach_existing_child_run" name="test_attach_existing_child_run_rejects_non_completed_child[failed]" file="tests\test_attach_existing_child_run.py" line="154" time="0.104" /><testcase classname="tests.test_attach_existing_child_run" name="test_attach_existing_child_run_rejects_wrong_branch" file="tests\test_attach_existing_child_run.py" line="170" time="0.137" /><testcase classname="tests.test_attach_existing_child_run" name="test_attach_existing_child_run_rejects_supplied_branch_override" file="tests\test_attach_existing_child_run.py" line="181" time="0.102" /><testcase classname="tests.test_attach_existing_child_run" name="test_attach_existing_child_run_rejects_missing_output" file="tests\test_attach_existing_child_run.py" line="193" time="0.122" /><testcase classname="tests.test_attach_existing_child_run" name="test_attach_existing_child_run_rejects_same_child_conflicting_digest" file="tests\test_attach_existing_child_run.py" line="202" time="0.146" /><testcase classname="tests.test_attach_existing_child_run" name="test_attach_existing_child_run_rejects_parent_not_receipt_waiting" file="tests\test_attach_existing_child_run.py" line="221" time="0.109" /><testcase classname="tests.test_attach_existing_child_run" name="test_attach_existing_child_run_reclaims_child_invocation_receipt_waiting_parent" file="tests\test_attach_existing_child_run.py" line="238" time="0.134" /><testcase classname="tests.test_attribution_calc.TestComputeCreditSharesFromCredits" name="test_single_author_gets_full_share" file="tests\test_attribution_calc.py" line="71" time="0.001" /><testcase classname="tests.test_attribution_calc.TestComputeCreditSharesFromCredits" name="test_two_authors_same_generation_split_equally" file="tests\test_attribution_calc.py" line="77" time="0.001" /><testcase classname="tests.test_attribution_calc.TestComputeCreditSharesFromCredits" name="test_identity_fields_do_not_change_credit_split" file="tests\test_attribution_calc.py" line="88" time="0.001" /><testcase classname="tests.test_attribution_calc.TestComputeCreditSharesFromCredits" name="test_two_generation_chain_depth_decay" file="tests\test_attribution_calc.py" line="99" time="0.001" /><testcase classname="tests.test_attribution_calc.TestComputeCreditSharesFromCredits" name="test_three_generation_chain_decay" file="tests\test_attribution_calc.py" line="112" time="0.001" /><testcase classname="tests.test_attribution_calc.TestComputeCreditSharesFromCredits" name="test_multi_fork_same_generation_splits_equally" file="tests\test_attribution_calc.py" line="126" time="0.001" /><testcase classname="tests.test_attribution_calc.TestComputeCreditSharesFromCredits" name="test_depth_cap_truncates_deep_lineage" file="tests\test_attribution_calc.py" line="145" time="0.001" /><testcase classname="tests.test_attribution_calc.TestComputeCreditSharesFromCredits" name="test_empty_credits_returns_empty" file="tests\test_attribution_calc.py" line="159" time="0.000" /><testcase classname="tests.test_attribution_calc.TestComputeCreditSharesFromCredits" name="test_shares_sum_to_one" file="tests\test_attribution_calc.py" line="163" time="0.001" /><testcase classname="tests.test_attribution_calc.TestComputeCreditSharesFromEdges" name="test_single_parent_gets_full_share" file="tests\test_attribution_calc.py" line="179" time="0.001" /><testcase classname="tests.test_attribution_calc.TestComputeCreditSharesFromEdges" name="test_two_parents_same_depth_split_equally" file="tests\test_attribution_calc.py" line="186" time="0.001" /><testcase classname="tests.test_attribution_calc.TestComputeCreditSharesFromEdges" name="test_cycle_detection_raises" file="tests\test_attribution_calc.py" line="197" time="0.001" /><testcase classname="tests.test_attribution_calc.TestComputeCreditSharesFromEdges" name="test_depth_cap_respected" file="tests\test_attribution_calc.py" line="204" time="0.001" /><testcase classname="tests.test_attribution_calc.TestComputeCreditSharesFromEdges" name="test_no_edges_no_credits_returns_empty" file="tests\test_attribution_calc.py" line="216" time="0.000" /><testcase classname="tests.test_attribution_calc.TestComputePayoutShares" name="test_fee_goes_to_treasury" file="tests\test_attribution_calc.py" line="225" time="0.001" /><testcase classname="tests.test_attribution_calc.TestComputePayoutShares" name="test_distributable_remainder_after_fee" file="tests\test_attribution_calc.py" line="235" time="0.001"><failure message="assert MicroToken(50) == 49.5 ± 4.9e-05&#10;  &#10;  comparison failed&#10;  Obtained: MicroToken(50)&#10;  Expected: 49.5 ± 4.9e-05">self = &lt;tests.test_attribution_calc.TestComputePayoutShares object at 0x0000018DFD0CE350&gt;

    def test_distributable_remainder_after_fee(self):
        """Two equal-weight authors split 99% of payout."""
        from tinyassets.attribution.calc import compute_payout_shares
        credits = [
            _credit("alice", "art-1", gen_depth=0),
            _credit("bob", "art-1", gen_depth=0),
        ]
        result = compute_payout_shares(
            edges=[], credits=credits, total_payout=100.0, fee_pct=0.01
        )
        assert result["_treasury"] == pytest.approx(1.0)
&gt;       assert result["alice"] == pytest.approx(49.5)
E       assert MicroToken(50) == 49.5 ± 4.9e-05
E         
E         comparison failed
E         Obtained: MicroToken(50)
E         Expected: 49.5 ± 4.9e-05

tests\test_attribution_calc.py:247: AssertionError</failure></testcase><testcase classname="tests.test_attribution_calc.TestComputePayoutShares" name="test_zero_payout_returns_zero_treasury" file="tests\test_attribution_calc.py" line="249" time="0.001" /><testcase classname="tests.test_attribution_calc.TestComputePayoutShares" name="test_custom_fee_pct" file="tests\test_attribution_calc.py" line="255" time="0.001" /><testcase classname="tests.test_attribution_calc.TestComputePayoutShares" name="test_no_credits_only_treasury" file="tests\test_attribution_calc.py" line="264" time="0.001"><failure message="assert MicroToken(100) == 1.0 ± 1.0e-06&#10;  &#10;  comparison failed&#10;  Obtained: MicroToken(100)&#10;  Expected: 1.0 ± 1.0e-06">self = &lt;tests.test_attribution_calc.TestComputePayoutShares object at 0x0000018DFD4828D0&gt;

    def test_no_credits_only_treasury(self):
        """No credits → entire fee to treasury, nothing to distribute."""
        from tinyassets.attribution.calc import compute_payout_shares
        result = compute_payout_shares(
            edges=[], credits=[], total_payout=100.0, fee_pct=0.01
        )
&gt;       assert result["_treasury"] == pytest.approx(1.0)
E       assert MicroToken(100) == 1.0 ± 1.0e-06
E         
E         comparison failed
E         Obtained: MicroToken(100)
E         Expected: 1.0 ± 1.0e-06

tests\test_attribution_calc.py:271: AssertionError</failure></testcase><testcase classname="tests.test_attribution_mcp.TestRecordRemix" name="test_record_stores_edge" file="tests\test_attribution_mcp.py" line="24" time="0.122" /><testcase classname="tests.test_attribution_mcp.TestRecordRemix" name="test_record_all_valid_contribution_kinds" file="tests\test_attribution_mcp.py" line="36" time="0.112" /><testcase classname="tests.test_attribution_mcp.TestRecordRemix" name="test_record_missing_parent_returns_error" file="tests\test_attribution_mcp.py" line="48" time="0.077" /><testcase classname="tests.test_attribution_mcp.TestRecordRemix" name="test_record_missing_child_returns_error" file="tests\test_attribution_mcp.py" line="55" time="0.060" /><testcase classname="tests.test_attribution_mcp.TestRecordRemix" name="test_record_invalid_contribution_kind_returns_error" file="tests\test_attribution_mcp.py" line="62" time="0.047" /><testcase classname="tests.test_attribution_mcp.TestRecordRemix" name="test_record_same_parent_child_rejected" file="tests\test_attribution_mcp.py" line="72" time="0.049" /><testcase classname="tests.test_attribution_mcp.TestRecordRemix" name="test_record_duplicate_edge_rejected" file="tests\test_attribution_mcp.py" line="80" time="0.080" /><testcase classname="tests.test_attribution_mcp.TestRecordRemix" name="test_record_with_credit_share" file="tests\test_attribution_mcp.py" line="93" time="0.068" /><testcase classname="tests.test_attribution_mcp.TestRecordRemix" name="test_record_credit_persists_identity_tuple" file="tests\test_attribution_mcp.py" line="103" time="0.108" /><testcase classname="tests.test_attribution_mcp.TestRecordRemix" name="test_cycle_rejected_direct" file="tests\test_attribution_mcp.py" line="137" time="0.082" /><testcase classname="tests.test_attribution_mcp.TestRecordRemix" name="test_cycle_rejected_transitive" file="tests\test_attribution_mcp.py" line="151" time="0.090" /><testcase classname="tests.test_attribution_mcp.TestRecordRemix" name="test_generation_depth_increments" file="tests\test_attribution_mcp.py" line="170" time="0.063" /><testcase classname="tests.test_attribution_mcp.TestGetProvenance" name="test_provenance_returns_chain" file="tests\test_attribution_mcp.py" line="188" time="0.055" /><testcase classname="tests.test_attribution_mcp.TestGetProvenance" name="test_provenance_empty_for_original" file="tests\test_attribution_mcp.py" line="203" time="0.041" /><testcase classname="tests.test_attribution_mcp.TestGetProvenance" name="test_provenance_missing_child_returns_error" file="tests\test_attribution_mcp.py" line="211" time="0.027" /><testcase classname="tests.test_attribution_mcp.TestGetProvenance" name="test_provenance_multi_hop_chain" file="tests\test_attribution_mcp.py" line="215" time="0.068" /><testcase classname="tests.test_attribution_mcp.TestGetProvenance" name="test_max_depth_limits_chain" file="tests\test_attribution_mcp.py" line="238" time="0.094" /><testcase classname="tests.test_attribution_mcp.TestCrossUniverseIsolation" name="test_record_in_one_universe_invisible_in_another" file="tests\test_attribution_mcp.py" line="259" time="0.147" /><testcase classname="tests.test_attribution_mcp.TestAttributionActionsInAvailableList" name="test_attribution_actions_listed_on_unknown_action" file="tests\test_attribution_mcp.py" line="290" time="0.040" /><testcase classname="tests.test_attribution_schema.TestAttributionEdge" name="test_from_row_round_trip" file="tests\test_attribution_schema.py" line="64" time="0.001" /><testcase classname="tests.test_attribution_schema.TestAttributionEdge" name="test_defaults_on_missing_optional_fields" file="tests\test_attribution_schema.py" line="72" time="0.000" /><testcase classname="tests.test_attribution_schema.TestAttributionEdge" name="test_generation_depth_zero_raises" file="tests\test_attribution_schema.py" line="85" time="0.001" /><testcase classname="tests.test_attribution_schema.TestAttributionEdge" name="test_invalid_parent_kind_raises" file="tests\test_attribution_schema.py" line="89" time="0.001" /><testcase classname="tests.test_attribution_schema.TestAttributionEdge" name="test_invalid_child_kind_raises" file="tests\test_attribution_schema.py" line="93" time="0.001" /><testcase classname="tests.test_attribution_schema.TestAttributionEdge" name="test_invalid_contribution_kind_raises" file="tests\test_attribution_schema.py" line="97" time="0.001" /><testcase classname="tests.test_attribution_schema.TestAttributionEdge" name="test_valid_contribution_kinds" file="tests\test_attribution_schema.py" line="101" time="0.000" /><testcase classname="tests.test_attribution_schema.TestAttributionEdge" name="test_valid_artifact_kinds" file="tests\test_attribution_schema.py" line="106" time="0.000" /><testcase classname="tests.test_attribution_schema.TestAttributionCredit" name="test_from_row_round_trip" file="tests\test_attribution_schema.py" line="115" time="0.001" /><testcase classname="tests.test_attribution_schema.TestAttributionCredit" name="test_schema_has_optional_identity_tuple_columns" file="tests\test_attribution_schema.py" line="127" time="0.001" /><testcase classname="tests.test_attribution_schema.TestAttributionCredit" name="test_is_original_author_true" file="tests\test_attribution_schema.py" line="139" time="0.001" /><testcase classname="tests.test_attribution_schema.TestAttributionCredit" name="test_is_original_author_false" file="tests\test_attribution_schema.py" line="143" time="0.000" /><testcase classname="tests.test_attribution_schema.TestAttributionCredit" name="test_credit_share_above_one_raises" file="tests\test_attribution_schema.py" line="147" time="0.001" /><testcase classname="tests.test_attribution_schema.TestAttributionCredit" name="test_credit_share_negative_raises" file="tests\test_attribution_schema.py" line="151" time="0.000" /><testcase classname="tests.test_attribution_schema.TestAttributionCredit" name="test_royalty_share_above_one_raises" file="tests\test_attribution_schema.py" line="155" time="0.001" /><testcase classname="tests.test_attribution_schema.TestAttributionCredit" name="test_generation_depth_negative_raises" file="tests\test_attribution_schema.py" line="159" time="0.001" /><testcase classname="tests.test_attribution_schema.TestAttributionCredit" name="test_invalid_artifact_kind_raises" file="tests\test_attribution_schema.py" line="163" time="0.001" /><testcase classname="tests.test_attribution_schema.TestAttributionCredit" name="test_credit_share_boundary_zero" file="tests\test_attribution_schema.py" line="167" time="0.000" /><testcase classname="tests.test_attribution_schema.TestAttributionCredit" name="test_credit_share_boundary_one" file="tests\test_attribution_schema.py" line="171" time="0.000" /><testcase classname="tests.test_attribution_schema.TestAttributionCredit" name="test_defaults_on_missing_optional_fields" file="tests\test_attribution_schema.py" line="175" time="0.001" /><testcase classname="tests.test_attribution_schema.TestRemixProvenance" name="test_total_credit_share_empty" file="tests\test_attribution_schema.py" line="217" time="0.000" /><testcase classname="tests.test_attribution_schema.TestRemixProvenance" name="test_total_credit_share_single" file="tests\test_attribution_schema.py" line="221" time="0.000" /><testcase classname="tests.test_attribution_schema.TestRemixProvenance" name="test_is_credit_valid_within_bounds" file="tests\test_attribution_schema.py" line="229" time="0.001" /><testcase classname="tests.test_attribution_schema.TestRemixProvenance" name="test_is_credit_valid_exactly_one" file="tests\test_attribution_schema.py" line="240" time="0.000" /><testcase classname="tests.test_attribution_schema.TestRemixProvenance" name="test_is_credit_invalid_exceeds_one" file="tests\test_attribution_schema.py" line="251" time="0.000" /><testcase classname="tests.test_attribution_schema.TestRemixProvenance" name="test_max_generation_depth_no_edges" file="tests\test_attribution_schema.py" line="262" time="0.000" /><testcase classname="tests.test_attribution_schema.TestRemixProvenance" name="test_max_generation_depth_n_generation_chain" file="tests\test_attribution_schema.py" line="266" time="0.000" /><testcase classname="tests.test_attribution_schema.TestRemixProvenance" name="test_credits_for_actor_filters_correctly" file="tests\test_attribution_schema.py" line="276" time="0.000" /><testcase classname="tests.test_attribution_schema.TestRemixProvenance" name="test_three_generation_chain_share_sum" file="tests\test_attribution_schema.py" line="287" time="0.001" /><testcase classname="tests.test_attribution_schema.TestMigrateAttributionSchema" name="test_tables_created" file="tests\test_attribution_schema.py" line="303" time="0.001" /><testcase classname="tests.test_attribution_schema.TestMigrateAttributionSchema" name="test_idempotent_double_call" file="tests\test_attribution_schema.py" line="311" time="0.001" /><testcase classname="tests.test_attribution_schema.TestMigrateAttributionSchema" name="test_idempotent_ten_calls" file="tests\test_attribution_schema.py" line="319" time="0.001" /><testcase classname="tests.test_attribution_schema.TestDDLIntegration" name="test_insert_edge" file="tests\test_attribution_schema.py" line="331" time="0.001" /><testcase classname="tests.test_attribution_schema.TestDDLIntegration" name="test_insert_credit" file="tests\test_attribution_schema.py" line="347" time="0.001" /><testcase classname="tests.test_attribution_schema.TestDDLIntegration" name="test_duplicate_edge_rejected" file="tests\test_attribution_schema.py" line="364" time="0.001" /><testcase classname="tests.test_attribution_schema.TestDDLIntegration" name="test_duplicate_credit_rejected" file="tests\test_attribution_schema.py" line="380" time="0.001" /><testcase classname="tests.test_attribution_schema.TestDDLIntegration" name="test_invalid_contribution_kind_rejected" file="tests\test_attribution_schema.py" line="400" time="0.001" /><testcase classname="tests.test_attribution_schema.TestDDLIntegration" name="test_credit_share_out_of_range_rejected" file="tests\test_attribution_schema.py" line="409" time="0.001" /><testcase classname="tests.test_attribution_schema.TestDDLIntegration" name="test_edge_roundtrip_via_from_row" file="tests\test_attribution_schema.py" line="420" time="0.001" /><testcase classname="tests.test_attribution_schema.TestDDLIntegration" name="test_credit_roundtrip_via_from_row" file="tests\test_attribution_schema.py" line="434" time="0.001" /><testcase classname="tests.test_auth_refresh_viability" name="test_fresh_last_refresh_is_ok_without_probe" file="tests\test_auth_refresh_viability.py" line="48" time="0.012" /><testcase classname="tests.test_auth_refresh_viability" name="test_missing_last_refresh_falls_back_to_fresh_mtime" file="tests\test_auth_refresh_viability.py" line="57" time="0.010" /><testcase classname="tests.test_auth_refresh_viability" name="test_absent_auth_json_still_not_logged_in" file="tests\test_auth_refresh_viability.py" line="66" time="0.003" /><testcase classname="tests.test_auth_refresh_viability" name="test_stale_plus_dead_probe_quarantines" file="tests\test_auth_refresh_viability.py" line="82" time="0.012" /><testcase classname="tests.test_auth_refresh_viability" name="test_stale_plus_alive_probe_is_ok" file="tests\test_auth_refresh_viability.py" line="94" time="0.012" /><testcase classname="tests.test_auth_refresh_viability" name="test_stale_plus_inconclusive_probe_fails_toward_ok" file="tests\test_auth_refresh_viability.py" line="103" time="0.014" /><testcase classname="tests.test_auth_refresh_viability" name="test_probe_disabled_env_reads_presence_only" file="tests\test_auth_refresh_viability.py" line="116" time="0.003" /><testcase classname="tests.test_auth_refresh_viability" name="test_allow_probe_false_never_spawns_probe_on_stale" file="tests\test_auth_refresh_viability.py" line="126" time="0.010" /><testcase classname="tests.test_auth_refresh_viability" name="test_allow_probe_false_still_serves_cached_dead_verdict" file="tests\test_auth_refresh_viability.py" line="136" time="0.021" /><testcase classname="tests.test_auth_refresh_viability" name="test_probe_result_cached_within_ttl" file="tests\test_auth_refresh_viability.py" line="154" time="0.020" /><testcase classname="tests.test_auth_refresh_viability" name="test_probe_reruns_after_ttl_expiry" file="tests\test_auth_refresh_viability.py" line="169" time="0.022" /><testcase classname="tests.test_auth_refresh_viability" name="test_dead_verdict_visible_across_processes_via_disk" file="tests\test_auth_refresh_viability.py" line="189" time="0.020" /><testcase classname="tests.test_auth_refresh_viability" name="test_live_probe_detects_each_dead_signature[your access token could not be refreshed]" file="tests\test_auth_refresh_viability.py" line="216" time="0.006" /><testcase classname="tests.test_auth_refresh_viability" name="test_live_probe_detects_each_dead_signature[please log out and sign in again]" file="tests\test_auth_refresh_viability.py" line="216" time="0.005" /><testcase classname="tests.test_auth_refresh_viability" name="test_live_probe_detects_each_dead_signature[401 unauthorized]" file="tests\test_auth_refresh_viability.py" line="216" time="0.007" /><testcase classname="tests.test_auth_refresh_viability" name="test_live_probe_clean_output_is_ok" file="tests\test_auth_refresh_viability.py" line="229" time="0.006" /><testcase classname="tests.test_auth_refresh_viability" name="test_live_probe_matches_signatures_case_insensitively" file="tests\test_auth_refresh_viability.py" line="234" time="0.006" /><testcase classname="tests.test_auth_refresh_viability" name="test_live_probe_silent_auth_mirror_empty_stdout" file="tests\test_auth_refresh_viability.py" line="243" time="0.005" /><testcase classname="tests.test_auth_refresh_viability" name="test_live_probe_broad_signals_never_match_model_text" file="tests\test_auth_refresh_viability.py" line="254" time="0.005" /><testcase classname="tests.test_auth_refresh_viability" name="test_live_probe_empty_output_without_signal_is_inconclusive" file="tests\test_auth_refresh_viability.py" line="265" time="0.005" /><testcase classname="tests.test_auth_refresh_viability" name="test_live_probe_nonzero_exit_without_signature_is_inconclusive" file="tests\test_auth_refresh_viability.py" line="272" time="0.005" /><testcase classname="tests.test_auth_refresh_viability" name="test_live_probe_timeout_is_inconclusive" file="tests\test_auth_refresh_viability.py" line="279" time="0.005" /><testcase classname="tests.test_auth_refresh_viability" name="test_live_probe_missing_binary_is_inconclusive" file="tests\test_auth_refresh_viability.py" line="287" time="0.005" /><testcase classname="tests.test_auth_refresh_viability" name="test_env_seconds_reject_non_finite_and_non_positive[junk]" file="tests\test_auth_refresh_viability.py" line="298" time="0.001" /><testcase classname="tests.test_auth_refresh_viability" name="test_env_seconds_reject_non_finite_and_non_positive[-5]" file="tests\test_auth_refresh_viability.py" line="298" time="0.001" /><testcase classname="tests.test_auth_refresh_viability" name="test_env_seconds_reject_non_finite_and_non_positive[0]" file="tests\test_auth_refresh_viability.py" line="298" time="0.001" /><testcase classname="tests.test_auth_refresh_viability" name="test_env_seconds_reject_non_finite_and_non_positive[inf]" file="tests\test_auth_refresh_viability.py" line="298" time="0.001" /><testcase classname="tests.test_auth_refresh_viability" name="test_env_seconds_reject_non_finite_and_non_positive[nan]" file="tests\test_auth_refresh_viability.py" line="298" time="0.001" /><testcase classname="tests.test_auth_refresh_viability" name="test_env_seconds_reject_non_finite_and_non_positive[1e999]" file="tests\test_auth_refresh_viability.py" line="298" time="0.001" /><testcase classname="tests.test_auth_refresh_viability" name="test_last_refresh_z_suffix_parses" file="tests\test_auth_refresh_viability.py" line="306" time="0.012" /><testcase classname="tests.test_auth_refresh_viability" name="test_corrupt_auth_json_is_suspicious_not_mtime_fresh[not json]" file="tests\test_auth_refresh_viability.py" line="313" time="0.004" /><testcase classname="tests.test_auth_refresh_viability" name="test_corrupt_auth_json_is_suspicious_not_mtime_fresh[[]]" file="tests\test_auth_refresh_viability.py" line="313" time="0.003" /><testcase classname="tests.test_auth_refresh_viability" name="test_corrupt_auth_json_is_suspicious_not_mtime_fresh[&quot;str&quot;]" file="tests\test_auth_refresh_viability.py" line="313" time="0.009" /><testcase classname="tests.test_auth_refresh_viability" name="test_corrupt_auth_json_with_dead_probe_quarantines" file="tests\test_auth_refresh_viability.py" line="321" time="0.005" /><testcase classname="tests.test_auth_refresh_viability" name="test_valid_json_without_last_refresh_uses_mtime" file="tests\test_auth_refresh_viability.py" line="333" time="0.003" /><testcase classname="tests.test_auth_refresh_viability" name="test_unparseable_last_refresh_field_is_suspicious" file="tests\test_auth_refresh_viability.py" line="342" time="0.012" /><testcase classname="tests.test_auth_refresh_viability" name="test_unreadable_auth_json_returns_none" file="tests\test_auth_refresh_viability.py" line="349" time="0.003" /><testcase classname="tests.test_auth_refresh_viability" name="test_dead_probe_verdict_flows_into_worker_quarantine" file="tests\test_auth_refresh_viability.py" line="356" time="0.012" /><testcase classname="tests.test_author_server_api" name="test_session_creation_and_me_endpoint" file="tests\test_author_server_api.py" line="56" time="0.151" /><testcase classname="tests.test_author_server_api" name="test_author_fork_vote_creates_new_author" file="tests\test_author_server_api.py" line="70" time="0.266" /><testcase classname="tests.test_author_server_api" name="test_branch_request_runtime_and_ledger_flow" file="tests\test_author_server_api.py" line="114" time="0.246" /><testcase classname="tests.test_author_server_api" name="test_configure_bootstraps_universes_from_filesystem" file="tests\test_author_server_api.py" line="165" time="0.243" /><testcase classname="tests.test_author_server_api" name="test_votes_ballots_returns_vote_shape" file="tests\test_author_server_api.py" line="195" time="0.212" /><testcase classname="tests.test_author_server_api" name="test_votes_resolve_forces_close_before_duration_elapses" file="tests\test_author_server_api.py" line="237" time="0.235" /><testcase classname="tests.test_author_server_api" name="test_votes_resolve_requires_resolve_vote_capability" file="tests\test_author_server_api.py" line="291" time="0.180" /><testcase classname="tests.test_author_server_api" name="test_propose_author_fork_signature_regression" file="tests\test_author_server_api.py" line="322" time="0.118" /><testcase classname="tests.test_authoring_file_io" name="test_manifest_declares_types_bounds_and_cardinality" file="tests\test_authoring_file_io.py" line="98" time="0.051" /><testcase classname="tests.test_authoring_file_io" name="test_unknown_io_type_fails_loudly" file="tests\test_authoring_file_io.py" line="111" time="0.049" /><testcase classname="tests.test_authoring_file_io" name="test_attached_pdfs_bind_to_opaque_execution_scoped_handles" file="tests\test_authoring_file_io.py" line="127" time="0.076" /><testcase classname="tests.test_authoring_file_io" name="test_disallowed_media_type_fails_before_execution" file="tests\test_authoring_file_io.py" line="160" time="0.047" /><testcase classname="tests.test_authoring_file_io" name="test_oversize_and_overcount_attachments_are_refused" file="tests\test_authoring_file_io.py" line="175" time="0.050" /><testcase classname="tests.test_authoring_file_io" name="test_missing_required_input_is_field_level_evidence" file="tests\test_authoring_file_io.py" line="198" time="0.052" /><testcase classname="tests.test_authoring_file_io" name="test_undeclared_input_is_refused" file="tests\test_authoring_file_io.py" line="208" time="0.051" /><testcase classname="tests.test_authoring_file_io" name="test_client_paths_are_never_accepted_as_file_content" file="tests\test_authoring_file_io.py" line="222" time="0.049" /><testcase classname="tests.test_authoring_file_io" name="test_safe_filename_strips_traversal[../../etc/passwd-etc_passwd]" file="tests\test_authoring_file_io.py" line="242" time="0.001" /><testcase classname="tests.test_authoring_file_io" name="test_safe_filename_strips_traversal[C:\\Windows\\system32\\evil.dll-C_Windows_system32_evil.dll]" file="tests\test_authoring_file_io.py" line="242" time="0.001" /><testcase classname="tests.test_authoring_file_io" name="test_safe_filename_strips_traversal[  spaced name .pdf -spaced name .pdf]" file="tests\test_authoring_file_io.py" line="242" time="0.001" /><testcase classname="tests.test_authoring_file_io" name="test_safe_filename_strips_traversal[-unnamed]" file="tests\test_authoring_file_io.py" line="242" time="0.001" /><testcase classname="tests.test_authoring_file_io" name="test_safe_filename_strips_traversal[.....-unnamed]" file="tests\test_authoring_file_io.py" line="242" time="0.001" /><testcase classname="tests.test_authoring_file_io" name="test_bound_handle_filename_is_sanitized" file="tests\test_authoring_file_io.py" line="258" time="0.053" /><testcase classname="tests.test_authoring_file_io" name="test_declared_file_output_is_a_bounded_deliverable" file="tests\test_authoring_file_io.py" line="275" time="0.045" /><testcase classname="tests.test_authoring_file_io" name="test_connector_push_disposition_requires_declaration" file="tests\test_authoring_file_io.py" line="291" time="0.052" /><testcase classname="tests.test_authoring_file_io" name="test_output_exceeding_bounds_or_media_type_is_refused" file="tests\test_authoring_file_io.py" line="307" time="0.052" /><testcase classname="tests.test_authoring_file_io" name="test_handle_expires_and_then_fails_closed" file="tests\test_authoring_file_io.py" line="333" time="0.059" /><testcase classname="tests.test_authoring_file_io" name="test_revoked_handle_fails_closed" file="tests\test_authoring_file_io.py" line="356" time="0.104" /><testcase classname="tests.test_authoring_file_io" name="test_sibling_user_cannot_read_another_users_handle" file="tests\test_authoring_file_io.py" line="372" time="0.060" /><testcase classname="tests.test_authoring_file_io" name="test_handle_ids_are_unguessable_and_scoped_to_their_session" file="tests\test_authoring_file_io.py" line="387" time="0.072" /><testcase classname="tests.test_authoring_sandbox" name="test_default_policy_is_deny_by_default" file="tests\test_authoring_sandbox.py" line="57" time="0.001" /><testcase classname="tests.test_authoring_sandbox" name="test_policy_from_declaration_tightens_but_never_loosens_beyond_ceiling" file="tests\test_authoring_sandbox.py" line="68" time="0.001" /><testcase classname="tests.test_authoring_sandbox" name="test_unknown_policy_key_fails_loudly" file="tests\test_authoring_sandbox.py" line="84" time="0.000" /><testcase classname="tests.test_authoring_sandbox" name="test_inline_credential_material_is_refused_not_stored" file="tests\test_authoring_sandbox.py" line="91" time="0.078" /><testcase classname="tests.test_authoring_sandbox" name="test_effect_declaring_secret_material_is_refused" file="tests\test_authoring_sandbox.py" line="139" time="0.038" /><testcase classname="tests.test_authoring_sandbox" name="test_budget_ledger_names_the_budget_that_fired" file="tests\test_authoring_sandbox.py" line="173" time="0.001" /><testcase classname="tests.test_authoring_sandbox" name="test_budget_ledger_rejects_undeclared_budget_kinds" file="tests\test_authoring_sandbox.py" line="189" time="0.001" /><testcase classname="tests.test_authoring_sandbox" name="test_external_call_budget_is_zero_by_default" file="tests\test_authoring_sandbox.py" line="197" time="0.000" /><testcase classname="tests.test_authoring_sandbox" name="test_undeclared_destination_is_denied_without_leaking_credentials" file="tests\test_authoring_sandbox.py" line="211" time="0.000" /><testcase classname="tests.test_authoring_sandbox" name="test_network_decision_matches_host_not_substring" file="tests\test_authoring_sandbox.py" line="226" time="0.000" /><testcase classname="tests.test_authoring_sandbox" name="test_isolation_report_never_claims_os_isolation_without_a_probe" file="tests\test_authoring_sandbox.py" line="241" time="0.000" /><testcase classname="tests.test_authoring_sandbox" name="test_policy_demanding_os_isolation_fails_closed" file="tests\test_authoring_sandbox.py" line="258" time="0.001" /><testcase classname="tests.test_authoring_sandbox" name="test_default_mode_simulates_effects_and_redacts_secrets" file="tests\test_authoring_sandbox.py" line="279" time="0.001" /><testcase classname="tests.test_authoring_sandbox" name="test_effect_class_defaults_to_irreversible_when_undeclared" file="tests\test_authoring_sandbox.py" line="295" time="0.000" /><testcase classname="tests.test_authoring_sandbox" name="test_redact_preserves_shape_and_drops_secret_values" file="tests\test_authoring_sandbox.py" line="303" time="0.000" /><testcase classname="tests.test_authoring_sandbox" name="test_real_effect_without_confirmation_refuses_before_the_adapter" file="tests\test_authoring_sandbox.py" line="320" time="0.015" /><testcase classname="tests.test_authoring_sandbox" name="test_confirmation_is_single_use_and_bound_to_the_draft_version" file="tests\test_authoring_sandbox.py" line="335" time="0.038" /><testcase classname="tests.test_authoring_sandbox" name="test_confirmation_from_another_run_or_effect_is_refused" file="tests\test_authoring_sandbox.py" line="378" time="0.044" /><testcase classname="tests.test_authoring_sandbox" name="test_expired_confirmation_is_refused" file="tests\test_authoring_sandbox.py" line="418" time="0.043" /><testcase classname="tests.test_authoring_sandbox" name="test_forged_token_is_refused" file="tests\test_authoring_sandbox.py" line="439" time="0.034" /><testcase classname="tests.test_authoring_sandbox" name="test_dry_test_reaches_effect_and_mutates_nothing" file="tests\test_authoring_sandbox.py" line="493" time="0.066" /><testcase classname="tests.test_authoring_sandbox" name="test_real_mode_irreversible_effect_refuses_without_fresh_confirmation" file="tests\test_authoring_sandbox.py" line="508" time="0.056" /><testcase classname="tests.test_authoring_sandbox" name="test_real_mode_with_confirmation_authorizes_exactly_that_effect" file="tests\test_authoring_sandbox.py" line="525" time="0.087" /><testcase classname="tests.test_authoring_sandbox" name="test_test_run_records_a_budget_and_isolation_event" file="tests\test_authoring_sandbox.py" line="563" time="0.055" /><testcase classname="tests.test_authoring_sandbox" name="test_declared_egress_to_an_undeclared_destination_is_denied" file="tests\test_authoring_sandbox.py" line="578" time="0.051" /><testcase classname="tests.test_authoring_sandbox" name="test_working_code_node_executes_and_reports_measured_budget" file="tests\test_authoring_sandbox.py" line="670" time="0.091" /><testcase classname="tests.test_authoring_sandbox" name="test_raising_code_node_fails_the_test_and_blocks_publication" file="tests\test_authoring_sandbox.py" line="692" time="0.097" /><testcase classname="tests.test_authoring_sandbox" name="test_network_capable_draft_source_is_refused_before_execution" file="tests\test_authoring_sandbox.py" line="721" time="0.050" /><testcase classname="tests.test_authoring_sandbox" name="test_prompt_template_node_is_reported_not_executed_not_passed" file="tests\test_authoring_sandbox.py" line="742" time="0.048" /><testcase classname="tests.test_authoring_sandbox" name="test_wall_budget_stop_is_observed_from_the_real_run" file="tests\test_authoring_sandbox.py" line="783" time="0.077" /><testcase classname="tests.test_authoring_sandbox" name="test_nested_secret_material_anywhere_in_the_draft_is_refused" file="tests\test_authoring_sandbox.py" line="802" time="0.030" /><testcase classname="tests.test_authoring_sandbox" name="test_destination_display_never_echoes_userinfo_or_query" file="tests\test_authoring_sandbox.py" line="846" time="0.019" /><testcase classname="tests.test_authoring_scale" name="test_concurrent_author_sessions_stay_owner_bound" file="tests\test_authoring_scale.py" line="59" time="2.790" /><testcase classname="tests.test_authoring_scale" name="test_concurrent_edits_to_one_session_lose_no_committed_event" file="tests\test_authoring_scale.py" line="108" time="0.235" /><testcase classname="tests.test_authoring_sessions" name="test_start_from_sketch_creates_owner_scoped_skeleton" file="tests\test_authoring_sessions.py" line="105" time="0.029" /><testcase classname="tests.test_authoring_sessions" name="test_anonymous_actor_cannot_author" file="tests\test_authoring_sessions.py" line="138" time="0.003" /><testcase classname="tests.test_authoring_sessions" name="test_multiple_seeds_are_refused" file="tests\test_authoring_sessions.py" line="145" time="0.012" /><testcase classname="tests.test_authoring_sessions" name="test_no_seed_is_refused" file="tests\test_authoring_sessions.py" line="153" time="0.010" /><testcase classname="tests.test_authoring_sessions" name="test_inaccessible_base_version_does_not_leak" file="tests\test_authoring_sessions.py" line="160" time="0.075" /><testcase classname="tests.test_authoring_sessions" name="test_non_owner_read_fails_closed_indistinguishably" file="tests\test_authoring_sessions.py" line="183" time="0.049" /><testcase classname="tests.test_authoring_sessions" name="test_non_owner_cannot_edit_or_publish" file="tests\test_authoring_sessions.py" line="195" time="0.054" /><testcase classname="tests.test_authoring_sessions" name="test_resume_from_published_version_copies_definition_not_execution_data" file="tests\test_authoring_sessions.py" line="215" time="0.078" /><testcase classname="tests.test_authoring_sessions" name="test_full_view_exposes_every_execution_affecting_declaration" file="tests\test_authoring_sessions.py" line="244" time="0.059" /><testcase classname="tests.test_authoring_sessions" name="test_summary_view_never_hides_effects_or_blockers" file="tests\test_authoring_sessions.py" line="273" time="0.045" /><testcase classname="tests.test_authoring_sessions" name="test_diff_is_anchored_to_a_session_event" file="tests\test_authoring_sessions.py" line="305" time="0.059" /><testcase classname="tests.test_authoring_sessions" name="test_missing_diff_anchor_reports_and_invents_nothing" file="tests\test_authoring_sessions.py" line="325" time="0.047" /><testcase classname="tests.test_authoring_sessions" name="test_valid_batch_commits_once_as_one_event" file="tests\test_authoring_sessions.py" line="343" time="0.052" /><testcase classname="tests.test_authoring_sessions" name="test_one_invalid_operation_rejects_the_whole_batch" file="tests\test_authoring_sessions.py" line="361" time="0.052" /><testcase classname="tests.test_authoring_sessions" name="test_unknown_operation_verb_and_bad_path_are_machine_readable" file="tests\test_authoring_sessions.py" line="387" time="0.046" /><testcase classname="tests.test_authoring_sessions" name="test_composition_cycle_is_rejected" file="tests\test_authoring_sessions.py" line="409" time="0.046" /><testcase classname="tests.test_authoring_sessions" name="test_store_commit_is_itself_compare_and_swap" file="tests\test_authoring_sessions.py" line="430" time="0.056" /><testcase classname="tests.test_authoring_sessions" name="test_apply_operations_never_mutates_the_caller_document" file="tests\test_authoring_sessions.py" line="464" time="0.004" /><testcase classname="tests.test_authoring_sessions" name="test_concurrent_edit_batches_do_not_lose_an_event" file="tests\test_authoring_sessions.py" line="490" time="0.057" /><testcase classname="tests.test_authoring_sessions" name="test_successful_test_publishes_nothing" file="tests\test_authoring_sessions.py" line="525" time="0.064" /><testcase classname="tests.test_authoring_sessions" name="test_publish_requires_a_test_of_the_exact_draft_version" file="tests\test_authoring_sessions.py" line="533" time="0.051" /><testcase classname="tests.test_authoring_sessions" name="test_publish_creates_one_immutable_version_with_provenance" file="tests\test_authoring_sessions.py" line="551" time="0.084" /><testcase classname="tests.test_authoring_sessions" name="test_publication_fails_when_the_draft_advanced_after_review" file="tests\test_authoring_sessions.py" line="575" time="0.071" /><testcase classname="tests.test_authoring_sessions" name="test_later_edits_publish_a_new_version_and_never_mutate_the_old" file="tests\test_authoring_sessions.py" line="601" time="0.118" /><testcase classname="tests.test_authoring_sessions" name="test_failed_publication_leaves_draft_inspectable" file="tests\test_authoring_sessions.py" line="637" time="0.045" /><testcase classname="tests.test_authoring_sessions" name="test_contributor_import_records_source_provenance" file="tests\test_authoring_sessions.py" line="660" time="0.058" /><testcase classname="tests.test_authoring_sessions" name="test_router_roundtrip_start_edit_test_publish" file="tests\test_authoring_sessions.py" line="704" time="0.141" /><testcase classname="tests.test_authoring_sessions" name="test_router_reports_errors_as_json_not_exceptions" file="tests\test_authoring_sessions.py" line="736" time="0.091" /><testcase classname="tests.test_authoring_sessions" name="test_authoring_actions_add_no_advertised_handle" file="tests\test_authoring_sessions.py" line="744" time="0.067" /><testcase classname="tests.test_authoring_sessions" name="test_authoring_actions_are_listed_and_scope_derived" file="tests\test_authoring_sessions.py" line="749" time="0.067" /><testcase classname="tests.test_authoring_sessions" name="test_a_recurring_definition_hash_cannot_reuse_an_older_version_test" file="tests\test_authoring_sessions.py" line="766" time="0.112" /><testcase classname="tests.test_authoring_sessions" name="test_the_same_draft_version_cannot_be_published_twice" file="tests\test_authoring_sessions.py" line="807" time="0.076" /><testcase classname="tests.test_authoring_sessions" name="test_store_publish_is_atomic_against_a_concurrent_draft_advance" file="tests\test_authoring_sessions.py" line="833" time="0.080" /><testcase classname="tests.test_authoring_sessions" name="test_an_expired_draft_is_readable_but_not_writable" file="tests\test_authoring_sessions.py" line="884" time="0.057" /><testcase classname="tests.test_authoring_sessions" name="test_router_returns_json_for_an_out_of_range_list_index" file="tests\test_authoring_sessions.py" line="916" time="0.099" /><testcase classname="tests.test_auto_ship.TestRubricMode" name="test_warn_is_default_and_never_blocks" file="tests\test_auto_ship.py" line="54" time="0.001" /><testcase classname="tests.test_auto_ship.TestRubricMode" name="test_off_mode_skips_rubric" file="tests\test_auto_ship.py" line="64" time="0.001" /><testcase classname="tests.test_auto_ship.TestRubricMode" name="test_enforce_blocks_packet_missing_rubric_fields" file="tests\test_auto_ship.py" line="70" time="0.001" /><testcase classname="tests.test_auto_ship.TestRubricMode" name="test_enforce_passes_fully_populated_packet" file="tests\test_auto_ship.py" line="78" time="0.001" /><testcase classname="tests.test_auto_ship.TestRubricMode" name="test_invalid_mode_falls_back_to_warn" file="tests\test_auto_ship.py" line="89" time="0.001" /><testcase classname="tests.test_auto_ship.TestTrajectoryMode" name="test_warn_is_default_and_never_blocks" file="tests\test_auto_ship.py" line="111" time="0.001" /><testcase classname="tests.test_auto_ship.TestTrajectoryMode" name="test_off_mode_skips_trajectory" file="tests\test_auto_ship.py" line="124" time="0.001" /><testcase classname="tests.test_auto_ship.TestTrajectoryMode" name="test_clean_packet_has_no_trajectory_warnings" file="tests\test_auto_ship.py" line="130" time="0.000" /><testcase classname="tests.test_auto_ship.TestTrajectoryMode" name="test_warn_never_changes_decision" file="tests\test_auto_ship.py" line="135" time="0.001" /><testcase classname="tests.test_auto_ship.TestTrajectoryMode" name="test_enforce_blocks_conclusive_fail" file="tests\test_auto_ship.py" line="146" time="0.001" /><testcase classname="tests.test_auto_ship.TestTrajectoryMode" name="test_enforce_does_not_block_clean_packet" file="tests\test_auto_ship.py" line="161" time="0.001" /><testcase classname="tests.test_auto_ship.TestTrajectoryMode" name="test_enforce_block_is_distinct_axis_from_rubric" file="tests\test_auto_ship.py" line="169" time="0.001" /><testcase classname="tests.test_auto_ship.TestTrajectoryMode" name="test_invalid_trajectory_mode_falls_back_to_warn" file="tests\test_auto_ship.py" line="179" time="0.001" /><testcase classname="tests.test_auto_ship.TestTrajectoryMode" name="test_both_enforce_flags_coexist_distinct_rule_ids" file="tests\test_auto_ship.py" line="185" time="0.001" /><testcase classname="tests.test_auto_ship.TestTrajectoryMode" name="test_fail_open_on_eval_error" file="tests\test_auto_ship.py" line="201" time="0.001" /><testcase classname="tests.test_auto_ship.TestPhase1Contract" name="test_dry_run_always_set" file="tests\test_auto_ship.py" line="219" time="0.001" /><testcase classname="tests.test_auto_ship.TestPhase1Contract" name="test_ship_status_always_skipped_in_phase_1" file="tests\test_auto_ship.py" line="223" time="0.001" /><testcase classname="tests.test_auto_ship.TestPhase1Contract" name="test_passed_decision_keys" file="tests\test_auto_ship.py" line="229" time="0.001" /><testcase classname="tests.test_auto_ship.TestPhase1Contract" name="test_blocked_decision_keys" file="tests\test_auto_ship.py" line="236" time="0.001" /><testcase classname="tests.test_auto_ship.TestPacketShape" name="test_non_dict_packet_blocked[None]" file="tests\test_auto_ship.py" line="248" time="0.001" /><testcase classname="tests.test_auto_ship.TestPacketShape" name="test_non_dict_packet_blocked[]" file="tests\test_auto_ship.py" line="248" time="0.001" /><testcase classname="tests.test_auto_ship.TestPacketShape" name="test_non_dict_packet_blocked[42]" file="tests\test_auto_ship.py" line="248" time="0.000" /><testcase classname="tests.test_auto_ship.TestPacketShape" name="test_non_dict_packet_blocked[not_a_dict3]" file="tests\test_auto_ship.py" line="248" time="0.000" /><testcase classname="tests.test_auto_ship.TestPacketShape" name="test_non_dict_packet_blocked[{}]" file="tests\test_auto_ship.py" line="248" time="0.000" /><testcase classname="tests.test_auto_ship.TestPacketShape" name="test_empty_packet_blocks_with_required_field_violations" file="tests\test_auto_ship.py" line="254" time="0.001" /><testcase classname="tests.test_auto_ship.TestRequiredFields" name="test_each_required_field_when_missing[release_gate_result]" file="tests\test_auto_ship.py" line="265" time="0.001" /><testcase classname="tests.test_auto_ship.TestRequiredFields" name="test_each_required_field_when_missing[ship_class]" file="tests\test_auto_ship.py" line="265" time="0.001" /><testcase classname="tests.test_auto_ship.TestRequiredFields" name="test_each_required_field_when_missing[child_keep_reject_decision]" file="tests\test_auto_ship.py" line="265" time="0.001" /><testcase classname="tests.test_auto_ship.TestRequiredFields" name="test_each_required_field_when_missing[child_score]" file="tests\test_auto_ship.py" line="265" time="0.001" /><testcase classname="tests.test_auto_ship.TestRequiredFields" name="test_each_required_field_when_missing[risk_level]" file="tests\test_auto_ship.py" line="265" time="0.001" /><testcase classname="tests.test_auto_ship.TestRequiredFields" name="test_each_required_field_when_missing[blocked_execution_record]" file="tests\test_auto_ship.py" line="265" time="0.001" /><testcase classname="tests.test_auto_ship.TestRequiredFields" name="test_each_required_field_when_missing[stable_evidence_handle]" file="tests\test_auto_ship.py" line="265" time="0.001" /><testcase classname="tests.test_auto_ship.TestRequiredFields" name="test_each_required_field_when_missing[automation_claim_status]" file="tests\test_auto_ship.py" line="265" time="0.001" /><testcase classname="tests.test_auto_ship.TestRequiredFields" name="test_each_required_field_when_missing[rollback_plan]" file="tests\test_auto_ship.py" line="265" time="0.001" /><testcase classname="tests.test_auto_ship.TestRequiredFields" name="test_each_required_field_when_empty_string[release_gate_result]" file="tests\test_auto_ship.py" line="285" time="0.001" /><testcase classname="tests.test_auto_ship.TestRequiredFields" name="test_each_required_field_when_empty_string[stable_evidence_handle]" file="tests\test_auto_ship.py" line="285" time="0.001" /><testcase classname="tests.test_auto_ship.TestRequiredFields" name="test_each_required_field_when_empty_string[rollback_plan]" file="tests\test_auto_ship.py" line="285" time="0.001" /><testcase classname="tests.test_auto_ship.TestValueGates" name="test_missing_coding_packet_status_blocked" file="tests\test_auto_ship.py" line="299" time="0.000" /><testcase classname="tests.test_auto_ship.TestValueGates" name="test_allowed_coding_packet_status_passes[KEEP_READY]" file="tests\test_auto_ship.py" line="309" time="0.001" /><testcase classname="tests.test_auto_ship.TestValueGates" name="test_allowed_coding_packet_status_passes[AUTO_SHIP_READY]" file="tests\test_auto_ship.py" line="309" time="0.001" /><testcase classname="tests.test_auto_ship.TestValueGates" name="test_top_level_coding_packet_status_passes" file="tests\test_auto_ship.py" line="314" time="0.001" /><testcase classname="tests.test_auto_ship.TestValueGates" name="test_source_packet_coding_packet_status_passes" file="tests\test_auto_ship.py" line="320" time="0.001" /><testcase classname="tests.test_auto_ship.TestValueGates" name="test_bad_coding_packet_status_blocked" file="tests\test_auto_ship.py" line="326" time="0.000" /><testcase classname="tests.test_auto_ship.TestValueGates" name="test_release_gate_must_be_approve_auto_ship" file="tests\test_auto_ship.py" line="334" time="0.001" /><testcase classname="tests.test_auto_ship.TestValueGates" name="test_child_decision_must_be_keep" file="tests\test_auto_ship.py" line="343" time="0.001" /><testcase classname="tests.test_auto_ship.TestValueGates" name="test_child_score_below_threshold_blocked" file="tests\test_auto_ship.py" line="352" time="0.001" /><testcase classname="tests.test_auto_ship.TestValueGates" name="test_child_score_at_threshold_passes" file="tests\test_auto_ship.py" line="360" time="0.000" /><testcase classname="tests.test_auto_ship.TestValueGates" name="test_child_score_non_numeric_blocked" file="tests\test_auto_ship.py" line="364" time="0.000" /><testcase classname="tests.test_auto_ship.TestValueGates" name="test_risk_level_not_low_blocked" file="tests\test_auto_ship.py" line="372" time="0.001" /><testcase classname="tests.test_auto_ship.TestValueGates" name="test_blocked_execution_record_nonempty_blocked" file="tests\test_auto_ship.py" line="380" time="0.000" /><testcase classname="tests.test_auto_ship.TestValueGates" name="test_automation_claim_status_must_be_in_allowlist" file="tests\test_auto_ship.py" line="388" time="0.001" /><testcase classname="tests.test_auto_ship.TestShipClass" name="test_each_allowed_ship_class_passes[docs_canary]" file="tests\test_auto_ship.py" line="408" time="0.001" /><testcase classname="tests.test_auto_ship.TestShipClass" name="test_each_allowed_ship_class_passes[metadata_canary]" file="tests\test_auto_ship.py" line="408" time="0.001" /><testcase classname="tests.test_auto_ship.TestShipClass" name="test_each_allowed_ship_class_passes[test_fixture_canary]" file="tests\test_auto_ship.py" line="408" time="0.001" /><testcase classname="tests.test_auto_ship.TestShipClass" name="test_runtime_ship_class_blocked" file="tests\test_auto_ship.py" line="422" time="0.001" /><testcase classname="tests.test_auto_ship.TestPaths" name="test_empty_changed_paths_blocked" file="tests\test_auto_ship.py" line="434" time="0.001" /><testcase classname="tests.test_auto_ship.TestPaths" name="test_path_not_under_allowed_prefix_blocked" file="tests\test_auto_ship.py" line="441" time="0.001" /><testcase classname="tests.test_auto_ship.TestPaths" name="test_each_forbidden_prefix_blocked[tinyassets/runtime/]" file="tests\test_auto_ship.py" line="450" time="0.001" /><testcase classname="tests.test_auto_ship.TestPaths" name="test_each_forbidden_prefix_blocked[tinyassets/providers/]" file="tests\test_auto_ship.py" line="450" time="0.001" /><testcase classname="tests.test_auto_ship.TestPaths" name="test_each_forbidden_prefix_blocked[tinyassets/api/]" file="tests\test_auto_ship.py" line="450" time="0.001" /><testcase classname="tests.test_auto_ship.TestPaths" name="test_each_forbidden_prefix_blocked[tinyassets/wiki/]" file="tests\test_auto_ship.py" line="450" time="0.001" /><testcase classname="tests.test_auto_ship.TestPaths" name="test_each_forbidden_prefix_blocked[tinyassets/dispatcher/]" file="tests\test_auto_ship.py" line="450" time="0.001" /><testcase classname="tests.test_auto_ship.TestPaths" name="test_each_forbidden_prefix_blocked[.github/]" file="tests\test_auto_ship.py" line="450" time="0.001" /><testcase classname="tests.test_auto_ship.TestPaths" name="test_each_forbidden_prefix_blocked[scripts/deploy/]" file="tests\test_auto_ship.py" line="450" time="0.001" /><testcase classname="tests.test_auto_ship.TestPaths" name="test_each_forbidden_prefix_blocked[migrations/]" file="tests\test_auto_ship.py" line="450" time="0.001" /><testcase classname="tests.test_auto_ship.TestPaths" name="test_forbidden_substring_env_blocked" file="tests\test_auto_ship.py" line="461" time="0.001" /><testcase classname="tests.test_auto_ship.TestPaths" name="test_forbidden_substring_secret_blocked" file="tests\test_auto_ship.py" line="471" time="0.001" /><testcase classname="tests.test_auto_ship.TestPaths" name="test_path_normalization_does_not_let_forbidden_in" file="tests\test_auto_ship.py" line="477" time="0.001" /><testcase classname="tests.test_auto_ship.TestPaths" name="test_invalid_changed_path_entry_blocked" file="tests\test_auto_ship.py" line="488" time="0.001" /><testcase classname="tests.test_auto_ship.TestDiffContent" name="test_diff_under_size_cap_passes" file="tests\test_auto_ship.py" line="500" time="0.001" /><testcase classname="tests.test_auto_ship.TestDiffContent" name="test_diff_over_size_cap_blocked" file="tests\test_auto_ship.py" line="504" time="0.001" /><testcase classname="tests.test_auto_ship.TestDiffContent" name="test_binary_content_blocked" file="tests\test_auto_ship.py" line="511" time="0.001" /><testcase classname="tests.test_auto_ship.TestDiffContent" name="test_openai_secret_in_diff_blocked" file="tests\test_auto_ship.py" line="518" time="0.001" /><testcase classname="tests.test_auto_ship.TestDiffContent" name="test_aws_secret_in_diff_blocked" file="tests\test_auto_ship.py" line="527" time="0.001" /><testcase classname="tests.test_auto_ship.TestDiffContent" name="test_private_key_block_blocked" file="tests\test_auto_ship.py" line="533" time="0.001" /><testcase classname="tests.test_auto_ship.TestDiffContent" name="test_diff_non_string_blocked" file="tests\test_auto_ship.py" line="539" time="0.000" /><testcase classname="tests.test_auto_ship.TestRollbackHandle" name="test_handle_uses_rollback_plan_when_present" file="tests\test_auto_ship.py" line="551" time="0.001" /><testcase classname="tests.test_auto_ship.TestRollbackHandle" name="test_handle_falls_back_to_evidence_handle_for_auto_plan" file="tests\test_auto_ship.py" line="555" time="0.001" /><testcase classname="tests.test_auto_ship.TestAggregateReporting" name="test_multiple_violations_all_collected" file="tests\test_auto_ship.py" line="567" time="0.001" /><testcase classname="tests.test_auto_ship_health_status" name="test_auto_ship_health_empty_ledger_shape" file="tests\test_auto_ship_health_status.py" line="58" time="0.004" /><testcase classname="tests.test_auto_ship_health_status" name="test_auto_ship_health_surfaces_corrupt_ledger" file="tests\test_auto_ship_health_status.py" line="70" time="0.010" /><testcase classname="tests.test_auto_ship_health_status" name="test_auto_ship_health_summarizes_recent_open_and_regressed_attempts" file="tests\test_auto_ship_health_status.py" line="80" time="0.122" /><testcase classname="tests.test_auto_ship_health_status" name="test_get_status_response_includes_auto_ship_health" file="tests\test_auto_ship_health_status.py" line="134" time="0.072" /><testcase classname="tests.test_auto_ship_ledger" name="test_attempt_from_decision_persists_rubric_warnings" file="tests\test_auto_ship_ledger.py" line="44" time="0.001" /><testcase classname="tests.test_auto_ship_ledger" name="test_attempt_from_decision_empty_warnings_default" file="tests\test_auto_ship_ledger.py" line="63" time="0.001" /><testcase classname="tests.test_auto_ship_ledger" name="test_from_dict_defaults_rubric_warnings_for_old_rows" file="tests\test_auto_ship_ledger.py" line="71" time="0.001" /><testcase classname="tests.test_auto_ship_ledger" name="test_summarize_rubric_warnings_aggregates" file="tests\test_auto_ship_ledger.py" line="81" time="0.031" /><testcase classname="tests.test_auto_ship_ledger" name="test_summarize_rubric_warnings_robust_to_malformed" file="tests\test_auto_ship_ledger.py" line="104" time="0.015" /><testcase classname="tests.test_auto_ship_ledger" name="test_attempt_from_decision_persists_trajectory_warnings" file="tests\test_auto_ship_ledger.py" line="126" time="0.001" /><testcase classname="tests.test_auto_ship_ledger" name="test_attempt_from_decision_empty_trajectory_warnings_default" file="tests\test_auto_ship_ledger.py" line="144" time="0.001" /><testcase classname="tests.test_auto_ship_ledger" name="test_from_dict_defaults_trajectory_warnings_for_old_rows" file="tests\test_auto_ship_ledger.py" line="152" time="0.000" /><testcase classname="tests.test_auto_ship_ledger" name="test_summarize_trajectory_warnings_aggregates" file="tests\test_auto_ship_ledger.py" line="162" time="0.028" /><testcase classname="tests.test_auto_ship_ledger" name="test_summarize_trajectory_warnings_robust_to_malformed" file="tests\test_auto_ship_ledger.py" line="182" time="0.013" /><testcase classname="tests.test_auto_ship_ledger" name="test_new_attempt_id_shape_matches_spec_example" file="tests\test_auto_ship_ledger.py" line="202" time="0.001" /><testcase classname="tests.test_auto_ship_ledger" name="test_new_attempt_id_unique_in_same_second" file="tests\test_auto_ship_ledger.py" line="210" time="0.001" /><testcase classname="tests.test_auto_ship_ledger" name="test_shipattempt_to_from_dict_round_trip" file="tests\test_auto_ship_ledger.py" line="221" time="0.000" /><testcase classname="tests.test_auto_ship_ledger" name="test_shipattempt_from_dict_ignores_unknown_keys" file="tests\test_auto_ship_ledger.py" line="236" time="0.000" /><testcase classname="tests.test_auto_ship_ledger" name="test_record_attempt_creates_file" file="tests\test_auto_ship_ledger.py" line="252" time="0.012" /><testcase classname="tests.test_auto_ship_ledger" name="test_record_attempt_appends_not_rewrites" file="tests\test_auto_ship_ledger.py" line="271" time="0.028" /><testcase classname="tests.test_auto_ship_ledger" name="test_record_attempt_rejects_duplicate_id" file="tests\test_auto_ship_ledger.py" line="284" time="0.012" /><testcase classname="tests.test_auto_ship_ledger" name="test_record_attempt_rejects_unknown_ship_status" file="tests\test_auto_ship_ledger.py" line="296" time="0.003" /><testcase classname="tests.test_auto_ship_ledger" name="test_record_attempt_rejects_empty_id" file="tests\test_auto_ship_ledger.py" line="307" time="0.003" /><testcase classname="tests.test_auto_ship_ledger" name="test_read_attempts_empty_when_missing" file="tests\test_auto_ship_ledger.py" line="321" time="0.003" /><testcase classname="tests.test_auto_ship_ledger" name="test_read_attempts_returns_in_append_order" file="tests\test_auto_ship_ledger.py" line="325" time="0.050" /><testcase classname="tests.test_auto_ship_ledger" name="test_read_attempts_ship_status_filter" file="tests\test_auto_ship_ledger.py" line="338" time="0.033" /><testcase classname="tests.test_auto_ship_ledger" name="test_read_attempts_limit_returns_tail" file="tests\test_auto_ship_ledger.py" line="351" time="0.090" /><testcase classname="tests.test_auto_ship_ledger" name="test_read_attempts_limit_zero_returns_empty" file="tests\test_auto_ship_ledger.py" line="363" time="0.032" /><testcase classname="tests.test_auto_ship_ledger" name="test_read_attempts_filter_then_limit" file="tests\test_auto_ship_ledger.py" line="374" time="0.097" /><testcase classname="tests.test_auto_ship_ledger" name="test_read_attempts_corrupt_row_raises" file="tests\test_auto_ship_ledger.py" line="388" time="0.013" /><testcase classname="tests.test_auto_ship_ledger" name="test_read_attempts_blank_lines_skipped" file="tests\test_auto_ship_ledger.py" line="402" time="0.013" /><testcase classname="tests.test_auto_ship_ledger" name="test_find_attempt_returns_none_when_missing" file="tests\test_auto_ship_ledger.py" line="422" time="0.003" /><testcase classname="tests.test_auto_ship_ledger" name="test_find_attempt_returns_row" file="tests\test_auto_ship_ledger.py" line="426" time="0.011" /><testcase classname="tests.test_auto_ship_ledger" name="test_update_attempt_mutates_allowed_field" file="tests\test_auto_ship_ledger.py" line="442" time="0.023" /><testcase classname="tests.test_auto_ship_ledger" name="test_update_attempt_rejects_immutable_field" file="tests\test_auto_ship_ledger.py" line="463" time="0.004" /><testcase classname="tests.test_auto_ship_ledger" name="test_update_attempt_rejects_changing_created_at" file="tests\test_auto_ship_ledger.py" line="474" time="0.004" /><testcase classname="tests.test_auto_ship_ledger" name="test_update_attempt_rejects_invalid_ship_status" file="tests\test_auto_ship_ledger.py" line="488" time="0.003" /><testcase classname="tests.test_auto_ship_ledger" name="test_update_attempt_raises_keyerror_on_missing" file="tests\test_auto_ship_ledger.py" line="499" time="0.003" /><testcase classname="tests.test_auto_ship_ledger" name="test_update_attempt_caller_provided_updated_at_is_honored" file="tests\test_auto_ship_ledger.py" line="504" time="0.012" /><testcase classname="tests.test_auto_ship_ledger" name="test_concurrent_appends_serialize_via_lock" file="tests\test_auto_ship_ledger.py" line="524" time="3.057" /><testcase classname="tests.test_auto_ship_ledger" name="test_attempt_from_decision_passed_becomes_skipped" file="tests\test_auto_ship_ledger.py" line="554" time="0.001" /><testcase classname="tests.test_auto_ship_ledger" name="test_attempt_from_decision_blocked_encodes_violations" file="tests\test_auto_ship_ledger.py" line="582" time="0.001" /><testcase classname="tests.test_auto_ship_ledger" name="test_attempt_from_decision_blocked_with_no_violations_uses_fallback" file="tests\test_auto_ship_ledger.py" line="607" time="0.001" /><testcase classname="tests.test_auto_ship_ledger" name="test_attempt_from_decision_round_trip_through_record_and_read" file="tests\test_auto_ship_ledger.py" line="624" time="0.014" /><testcase classname="tests.test_auto_ship_ledger" name="test_valid_ship_statuses_includes_all_phase_states" file="tests\test_auto_ship_ledger.py" line="653" time="0.001" /><testcase classname="tests.test_auto_ship_ledger" name="test_mutable_fields_excludes_identity_fields" file="tests\test_auto_ship_ledger.py" line="658" time="0.000" /><testcase classname="tests.test_auto_ship_ledger" name="test_ledger_filename_matches_spec_lowercase_snake" file="tests\test_auto_ship_ledger.py" line="666" time="0.000" /><testcase classname="tests.test_auto_ship_ledger" name="test_ship_attempt_has_rollback_pr_identity_fields" file="tests\test_auto_ship_ledger.py" line="673" time="0.000" /><testcase classname="tests.test_auto_ship_ledger" name="test_update_attempt_can_mutate_rollback_pr_identity_fields" file="tests\test_auto_ship_ledger.py" line="691" time="0.025" /><testcase classname="tests.test_auto_ship_ledger" name="test_old_row_without_rollback_pr_fields_loads_cleanly" file="tests\test_auto_ship_ledger.py" line="717" time="0.001" /><testcase classname="tests.test_auto_ship_ledger" name="test_mutable_fields_includes_rollback_pr_identity" file="tests\test_auto_ship_ledger.py" line="733" time="0.000" /><testcase classname="tests.test_auto_ship_pr" name="test_disabled_by_default_records_pr_create_disabled" file="tests\test_auto_ship_pr.py" line="37" time="0.020" /><testcase classname="tests.test_auto_ship_pr" name="test_enabled_rejects_non_auto_change_head" file="tests\test_auto_ship_pr.py" line="61" time="0.017" /><testcase classname="tests.test_auto_ship_pr" name="test_enabled_requires_token" file="tests\test_auto_ship_pr.py" line="81" time="0.014" /><testcase classname="tests.test_auto_ship_pr" name="test_enabled_uses_vault_token_and_ignores_env" file="tests\test_auto_ship_pr.py" line="100" time="0.016" /><testcase classname="tests.test_auto_ship_pr" name="test_enabled_ignores_env_when_vault_missing" file="tests\test_auto_ship_pr.py" line="143" time="0.006" /><testcase classname="tests.test_auto_ship_pr" name="test_enabled_creates_pr_and_updates_ledger" file="tests\test_auto_ship_pr.py" line="159" time="0.015" /><testcase classname="tests.test_auto_ship_pr" name="test_existing_open_pr_is_idempotent" file="tests\test_auto_ship_pr.py" line="218" time="0.016" /><testcase classname="tests.test_auto_ship_pr" name="test_github_api_failure_records_failed" file="tests\test_auto_ship_pr.py" line="243" time="0.017" /><testcase classname="tests.test_auto_ship_pr" name="test_github_network_exception_records_failed" file="tests\test_auto_ship_pr.py" line="272" time="0.014" /><testcase classname="tests.test_auto_ship_pr" name="test_enabled_rejects_stale_head_before_pr_creation" file="tests\test_auto_ship_pr.py" line="302" time="0.015" /><testcase classname="tests.test_auto_ship_pr" name="test_blocked_attempt_is_not_eligible_for_pr_creation" file="tests\test_auto_ship_pr.py" line="340" time="0.015" /><testcase classname="tests.test_auto_ship_ship_classes_config" name="test_ship_class_defaults_require_two_manual_keys" file="tests\test_auto_ship_ship_classes_config.py" line="7" time="0.004" /><testcase classname="tests.test_auto_ship_ship_classes_config" name="test_graduation_classes_start_disabled_until_policy_flip" file="tests\test_auto_ship_ship_classes_config.py" line="17" time="0.003" /><testcase classname="tests.test_automation_activations" name="test_create_stopped_is_idempotent_and_server_authoritative" file="tests\test_automation_activations.py" line="68" time="0.011" /><testcase classname="tests.test_automation_activations" name="test_active_record_requires_exact_executor_version_and_lease" file="tests\test_automation_activations.py" line="95" time="0.024" /><testcase classname="tests.test_automation_activations" name="test_cloud_cannot_activate_while_tray_activation_is_current" file="tests\test_automation_activations.py" line="132" time="0.014" /><testcase classname="tests.test_automation_activations" name="test_tray_rollback_requires_cloud_to_be_durably_stopped" file="tests\test_automation_activations.py" line="159" time="0.019" /><testcase classname="tests.test_automation_activations" name="test_stop_fences_cached_claim_and_clears_active_identity" file="tests\test_automation_activations.py" line="186" time="0.017" /><testcase classname="tests.test_automation_activations" name="test_rebind_advances_epoch_and_fences_old_version" file="tests\test_automation_activations.py" line="210" time="0.016" /><testcase classname="tests.test_automation_activations" name="test_competing_cloud_versions_have_one_cas_winner" file="tests\test_automation_activations.py" line="235" time="0.029" /><testcase classname="tests.test_automation_activations" name="test_stale_expected_record_cannot_stop_or_rebind" file="tests\test_automation_activations.py" line="268" time="0.019" /><testcase classname="tests.test_automation_activations" name="test_activate_rejects_blank_active_identity[subject]" file="tests\test_automation_activations.py" line="289" time="0.008" /><testcase classname="tests.test_automation_activations" name="test_activate_rejects_blank_active_identity[lease_id]" file="tests\test_automation_activations.py" line="289" time="0.010" /><testcase classname="tests.test_automation_activations" name="test_create_rejects_blank_keys" file="tests\test_automation_activations.py" line="314" time="0.003" /><testcase classname="tests.test_automation_activations" name="test_agent_binding_creation_derives_one_reserved_activation_key" file="tests\test_automation_activations.py" line="323" time="0.097" /><testcase classname="tests.test_automation_activations" name="test_generic_creation_cannot_claim_reserved_agent_namespace" file="tests\test_automation_activations.py" line="344" time="0.004" /><testcase classname="tests.test_automation_activations" name="test_subject_kind_must_match_automation_namespace" file="tests\test_automation_activations.py" line="356" time="0.014" /><testcase classname="tests.test_automation_activations" name="test_rebind_cannot_cross_subject_namespaces" file="tests\test_automation_activations.py" line="383" time="0.020" /><testcase classname="tests.test_automation_activations" name="test_agent_manifest_activation_and_claim_are_exactly_subject_fenced" file="tests\test_automation_activations.py" line="412" time="0.018" /><testcase classname="tests.test_automation_activations" name="test_competing_agent_manifests_for_one_binding_have_one_cas_winner" file="tests\test_automation_activations.py" line="452" time="0.021" /><testcase classname="tests.test_automation_activations" name="test_legacy_active_activation_migration_fails_without_rewriting_row" file="tests\test_automation_activations.py" line="484" time="0.012" /><testcase classname="tests.test_automation_activations" name="test_legacy_stopped_activation_migrates_without_changing_epoch" file="tests\test_automation_activations.py" line="526" time="0.044" /><testcase classname="tests.test_backend_factory" name="test_env_var_forces_sqlite_only" file="tests\test_backend_factory.py" line="54" time="0.083" /><testcase classname="tests.test_backend_factory" name="test_env_var_forces_sqlite_cached" file="tests\test_backend_factory.py" line="65" time="0.021" /><testcase classname="tests.test_backend_factory" name="test_env_var_unknown_value_falls_through_to_autoprobe" file="tests\test_backend_factory.py" line="73" time="0.019" /><testcase classname="tests.test_backend_factory" name="test_autoprobe_chooses_cached_when_git_enabled" file="tests\test_backend_factory.py" line="86" time="0.090" /><testcase classname="tests.test_backend_factory" name="test_autoprobe_falls_back_to_sqlite_only_when_git_disabled" file="tests\test_backend_factory.py" line="94" time="0.019" /><testcase classname="tests.test_backend_factory" name="test_get_backend_memoizes" file="tests\test_backend_factory.py" line="102" time="0.054" /><testcase classname="tests.test_backend_factory" name="test_invalidate_backend_cache_reprobes" file="tests\test_backend_factory.py" line="108" time="0.037" /><testcase classname="tests.test_backend_factory" name="test_invalidate_also_clears_git_bridge_cache" file="tests\test_backend_factory.py" line="123" time="0.105" /><testcase classname="tests.test_backend_factory" name="test_format_dirty_file_conflict_shape" file="tests\test_backend_factory.py" line="141" time="0.001" /><testcase classname="tests.test_backend_factory" name="test_format_dirty_file_conflict_handles_empty_paths" file="tests\test_backend_factory.py" line="160" time="0.001" /><testcase classname="tests.test_background_authority_inventory" name="test_current_repository_matches_reviewed_background_authority_inventory" file="tests\test_background_authority_inventory.py" line="19" time="8.411" /><testcase classname="tests.test_background_authority_inventory" name="test_scanner_detects_a_new_sensitive_execution_call" file="tests\test_background_authority_inventory.py" line="23" time="0.015" /><testcase classname="tests.test_background_authority_inventory" name="test_scanner_counts_duplicate_calls_in_one_function" file="tests\test_background_authority_inventory.py" line="39" time="0.013" /><testcase classname="tests.test_background_authority_inventory" name="test_scanner_resolves_imported_sensitive_alias" file="tests\test_background_authority_inventory.py" line="58" time="0.011" /><testcase classname="tests.test_background_authority_inventory" name="test_scanner_resolves_assigned_sensitive_alias" file="tests\test_background_authority_inventory.py" line="76" time="0.013" /><testcase classname="tests.test_background_authority_inventory" name="test_repository_scan_detects_an_unreviewed_root" file="tests\test_background_authority_inventory.py" line="95" time="0.004" /><testcase classname="tests.test_background_authority_inventory" name="test_inventory_covers_every_required_source_family" file="tests\test_background_authority_inventory.py" line="120" time="0.001" /><testcase classname="tests.test_background_authority_inventory" name="test_inventory_records_canonical_read_interfaces_without_new_truth" file="tests\test_background_authority_inventory.py" line="138" time="0.000" /><testcase classname="tests.test_background_authority_inventory" name="test_inventory_closes_indirect_and_packaged_execution_boundaries" file="tests\test_background_authority_inventory.py" line="171" time="0.000" /><testcase classname="tests.test_background_authority_inventory" name="test_sensitive_call_manifest_is_nonempty_and_duplicate_free" file="tests\test_background_authority_inventory.py" line="200" time="0.000" /><testcase classname="tests.test_background_branch_authority" name="test_binding_round_trip_is_lossless_and_typed" file="tests\test_background_branch_authority.py" line="144" time="0.001" /><testcase classname="tests.test_background_branch_authority" name="test_attempt_round_trip_is_lossless_and_keeps_authorizer_separate" file="tests\test_background_branch_authority.py" line="158" time="0.001" /><testcase classname="tests.test_background_branch_authority" name="test_binding_rejects_malformed_or_open_ended_values[binding_id-]" file="tests\test_background_branch_authority.py" line="171" time="0.001" /><testcase classname="tests.test_background_branch_authority" name="test_binding_rejects_malformed_or_open_ended_values[generation-0]" file="tests\test_background_branch_authority.py" line="171" time="0.001" /><testcase classname="tests.test_background_branch_authority" name="test_binding_rejects_malformed_or_open_ended_values[status-invented]" file="tests\test_background_branch_authority.py" line="171" time="0.001" /><testcase classname="tests.test_background_branch_authority" name="test_binding_rejects_malformed_or_open_ended_values[source_kind-wiki_filing]" file="tests\test_background_branch_authority.py" line="171" time="0.001" /><testcase classname="tests.test_background_branch_authority" name="test_binding_rejects_malformed_or_open_ended_values[target_mode-latest]" file="tests\test_background_branch_authority.py" line="171" time="0.001" /><testcase classname="tests.test_background_branch_authority" name="test_binding_rejects_malformed_or_open_ended_values[permitted_executor_classes-value5]" file="tests\test_background_branch_authority.py" line="171" time="0.001" /><testcase classname="tests.test_background_branch_authority" name="test_binding_rejects_malformed_or_open_ended_values[remaining_cost_microunits--1]" file="tests\test_background_branch_authority.py" line="171" time="0.001" /><testcase classname="tests.test_background_branch_authority" name="test_binding_rejects_unknown_or_missing_fields" file="tests\test_background_branch_authority.py" line="191" time="0.001" /><testcase classname="tests.test_background_branch_authority" name="test_target_mode_requires_exactly_the_matching_version_shape" file="tests\test_background_branch_authority.py" line="203" time="0.001" /><testcase classname="tests.test_background_branch_authority" name="test_attempt_rejects_malformed_or_open_ended_values[attempt_id-]" file="tests\test_background_branch_authority.py" line="222" time="0.001" /><testcase classname="tests.test_background_branch_authority" name="test_attempt_rejects_malformed_or_open_ended_values[logical_attempt_key-]" file="tests\test_background_branch_authority.py" line="222" time="0.001" /><testcase classname="tests.test_background_branch_authority" name="test_attempt_rejects_malformed_or_open_ended_values[binding_generation-0]" file="tests\test_background_branch_authority.py" line="222" time="0.001" /><testcase classname="tests.test_background_branch_authority" name="test_attempt_rejects_malformed_or_open_ended_values[source_generation--1]" file="tests\test_background_branch_authority.py" line="222" time="0.001" /><testcase classname="tests.test_background_branch_authority" name="test_attempt_rejects_malformed_or_open_ended_values[claim_generation-0]" file="tests\test_background_branch_authority.py" line="222" time="0.001" /><testcase classname="tests.test_background_branch_authority" name="test_attempt_rejects_malformed_or_open_ended_values[lease_generation-0]" file="tests\test_background_branch_authority.py" line="222" time="0.001" /><testcase classname="tests.test_background_branch_authority" name="test_attempt_rejects_malformed_or_open_ended_values[remaining_count--1]" file="tests\test_background_branch_authority.py" line="222" time="0.001" /><testcase classname="tests.test_background_branch_authority" name="test_attempt_rejects_malformed_or_open_ended_values[lifecycle-invented]" file="tests\test_background_branch_authority.py" line="222" time="0.001" /><testcase classname="tests.test_background_branch_authority" name="test_hold_lifecycle_requires_typed_reason_and_non_hold_forbids_it" file="tests\test_background_branch_authority.py" line="243" time="0.001" /><testcase classname="tests.test_background_branch_authority" name="test_terminal_lifecycle_requires_reason_and_active_forbids_it" file="tests\test_background_branch_authority.py" line="262" time="0.001" /><testcase classname="tests.test_background_branch_authority" name="test_provenance_is_strict_and_receipts_are_non_bearer_references" file="tests\test_background_branch_authority.py" line="280" time="0.001" /><testcase classname="tests.test_background_branch_authority" name="test_nested_policy_and_receipt_data_cannot_mutate_records" file="tests\test_background_branch_authority.py" line="296" time="0.001" /><testcase classname="tests.test_background_branch_authority" name="test_direct_constructors_copy_retained_sequences" file="tests\test_background_branch_authority.py" line="313" time="0.001" /><testcase classname="tests.test_background_branch_authority" name="test_serialized_sequence_fields_require_json_lists" file="tests\test_background_branch_authority.py" line="328" time="0.001" /><testcase classname="tests.test_background_branch_authority" name="test_direct_constructors_reject_string_sequences" file="tests\test_background_branch_authority.py" line="340" time="0.001" /><testcase classname="tests.test_background_branch_authority" name="test_policy_and_receipt_schemas_reject_secret_shaped_material" file="tests\test_background_branch_authority.py" line="350" time="0.001" /><testcase classname="tests.test_background_branch_authority" name="test_receipt_fields_require_kind_specific_nominal_references[xoxb-123456789-secret-b2_execution_grant_id]" file="tests\test_background_branch_authority.py" line="362" time="0.001" /><testcase classname="tests.test_background_branch_authority" name="test_receipt_fields_require_kind_specific_nominal_references[xoxb-123456789-secret-provider_work_receipt_id]" file="tests\test_background_branch_authority.py" line="362" time="0.001" /><testcase classname="tests.test_background_branch_authority" name="test_receipt_fields_require_kind_specific_nominal_references[xoxb-123456789-secret-provider_attempt_receipt_id]" file="tests\test_background_branch_authority.py" line="362" time="0.001" /><testcase classname="tests.test_background_branch_authority" name="test_receipt_fields_require_kind_specific_nominal_references[xoxb-123456789-secret-payment_receipt_id]" file="tests\test_background_branch_authority.py" line="362" time="0.001" /><testcase classname="tests.test_background_branch_authority" name="test_receipt_fields_require_kind_specific_nominal_references[xoxb-123456789-secret-effect_receipt_id]" file="tests\test_background_branch_authority.py" line="362" time="0.001" /><testcase classname="tests.test_background_branch_authority" name="test_receipt_fields_require_kind_specific_nominal_references[eyJhbGciOiJIUzI1NiJ9.eyJzdWIiOiIxIn0.signature-b2_execution_grant_id]" file="tests\test_background_branch_authority.py" line="362" time="0.001" /><testcase classname="tests.test_background_branch_authority" name="test_receipt_fields_require_kind_specific_nominal_references[eyJhbGciOiJIUzI1NiJ9.eyJzdWIiOiIxIn0.signature-provider_work_receipt_id]" file="tests\test_background_branch_authority.py" line="362" time="0.001" /><testcase classname="tests.test_background_branch_authority" name="test_receipt_fields_require_kind_specific_nominal_references[eyJhbGciOiJIUzI1NiJ9.eyJzdWIiOiIxIn0.signature-provider_attempt_receipt_id]" file="tests\test_background_branch_authority.py" line="362" time="0.001" /><testcase classname="tests.test_background_branch_authority" name="test_receipt_fields_require_kind_specific_nominal_references[eyJhbGciOiJIUzI1NiJ9.eyJzdWIiOiIxIn0.signature-payment_receipt_id]" file="tests\test_background_branch_authority.py" line="362" time="0.001" /><testcase classname="tests.test_background_branch_authority" name="test_receipt_fields_require_kind_specific_nominal_references[eyJhbGciOiJIUzI1NiJ9.eyJzdWIiOiIxIn0.signature-effect_receipt_id]" file="tests\test_background_branch_authority.py" line="362" time="0.001" /><testcase classname="tests.test_background_branch_authority" name="test_all_receipt_reference_kinds_have_closed_valid_shapes" file="tests\test_background_branch_authority.py" line="390" time="0.001" /><testcase classname="tests.test_background_branch_authority" name="test_generic_authority_references_require_nominal_domain_prefixes[xoxb-123456789-secret-binding-source_id]" file="tests\test_background_branch_authority.py" line="403" time="0.001" /><testcase classname="tests.test_background_branch_authority" name="test_generic_authority_references_require_nominal_domain_prefixes[xoxb-123456789-secret-provenance-source_id]" file="tests\test_background_branch_authority.py" line="403" time="0.001" /><testcase classname="tests.test_background_branch_authority" name="test_generic_authority_references_require_nominal_domain_prefixes[xoxb-123456789-secret-provenance-audit_correlation_ids]" file="tests\test_background_branch_authority.py" line="403" time="0.001" /><testcase classname="tests.test_background_branch_authority" name="test_generic_authority_references_require_nominal_domain_prefixes[eyJhbGciOiJIUzI1NiJ9.eyJzdWIiOiIxIn0.signature-binding-source_id]" file="tests\test_background_branch_authority.py" line="403" time="0.001" /><testcase classname="tests.test_background_branch_authority" name="test_generic_authority_references_require_nominal_domain_prefixes[eyJhbGciOiJIUzI1NiJ9.eyJzdWIiOiIxIn0.signature-provenance-source_id]" file="tests\test_background_branch_authority.py" line="403" time="0.001" /><testcase classname="tests.test_background_branch_authority" name="test_generic_authority_references_require_nominal_domain_prefixes[eyJhbGciOiJIUzI1NiJ9.eyJzdWIiOiIxIn0.signature-provenance-audit_correlation_ids]" file="tests\test_background_branch_authority.py" line="403" time="0.001" /><testcase classname="tests.test_background_branch_authority" name="test_source_revision_is_a_canonical_decimal_generation[04]" file="tests\test_background_branch_authority.py" line="436" time="0.001" /><testcase classname="tests.test_background_branch_authority" name="test_source_revision_is_a_canonical_decimal_generation[-1]" file="tests\test_background_branch_authority.py" line="436" time="0.001" /><testcase classname="tests.test_background_branch_authority" name="test_source_revision_is_a_canonical_decimal_generation[latest]" file="tests\test_background_branch_authority.py" line="436" time="0.001" /><testcase classname="tests.test_background_branch_authority" name="test_source_revision_is_a_canonical_decimal_generation[xoxb-123-secret]" file="tests\test_background_branch_authority.py" line="436" time="0.001" /><testcase classname="tests.test_background_branch_authority" name="test_binding_ids_digests_and_source_fields_reject_bearer_material[binding_id]" file="tests\test_background_branch_authority.py" line="445" time="0.001" /><testcase classname="tests.test_background_branch_authority" name="test_binding_ids_digests_and_source_fields_reject_bearer_material[binding_digest]" file="tests\test_background_branch_authority.py" line="445" time="0.001" /><testcase classname="tests.test_background_branch_authority" name="test_binding_ids_digests_and_source_fields_reject_bearer_material[authorizing_principal_id]" file="tests\test_background_branch_authority.py" line="445" time="0.001" /><testcase classname="tests.test_background_branch_authority" name="test_binding_ids_digests_and_source_fields_reject_bearer_material[universe_id]" file="tests\test_background_branch_authority.py" line="445" time="0.000" /><testcase classname="tests.test_background_branch_authority" name="test_binding_ids_digests_and_source_fields_reject_bearer_material[branch_def_id]" file="tests\test_background_branch_authority.py" line="445" time="0.001" /><testcase classname="tests.test_background_branch_authority" name="test_binding_ids_digests_and_source_fields_reject_bearer_material[source_id]" file="tests\test_background_branch_authority.py" line="445" time="0.001" /><testcase classname="tests.test_background_branch_authority" name="test_binding_ids_digests_and_source_fields_reject_bearer_material[source_revision]" file="tests\test_background_branch_authority.py" line="445" time="0.001" /><testcase classname="tests.test_background_branch_authority" name="test_binding_ids_digests_and_source_fields_reject_bearer_material[source_digest]" file="tests\test_background_branch_authority.py" line="445" time="0.001" /><testcase classname="tests.test_background_branch_authority" name="test_binding_ids_digests_and_source_fields_reject_bearer_material[pinned_branch_version_id]" file="tests\test_background_branch_authority.py" line="445" time="0.001" /><testcase classname="tests.test_background_branch_authority" name="test_binding_ids_digests_and_source_fields_reject_bearer_material[daemon_id]" file="tests\test_background_branch_authority.py" line="445" time="0.001" /><testcase classname="tests.test_background_branch_authority" name="test_binding_ids_digests_and_source_fields_reject_bearer_material[runtime_id]" file="tests\test_background_branch_authority.py" line="445" time="0.001" /><testcase classname="tests.test_background_branch_authority" name="test_attempt_ids_digests_and_source_fields_reject_bearer_material[attempt_id]" file="tests\test_background_branch_authority.py" line="469" time="0.001" /><testcase classname="tests.test_background_branch_authority" name="test_attempt_ids_digests_and_source_fields_reject_bearer_material[logical_attempt_key]" file="tests\test_background_branch_authority.py" line="469" time="0.001" /><testcase classname="tests.test_background_branch_authority" name="test_attempt_ids_digests_and_source_fields_reject_bearer_material[binding_id]" file="tests\test_background_branch_authority.py" line="469" time="0.001" /><testcase classname="tests.test_background_branch_authority" name="test_attempt_ids_digests_and_source_fields_reject_bearer_material[binding_digest]" file="tests\test_background_branch_authority.py" line="469" time="0.001" /><testcase classname="tests.test_background_branch_authority" name="test_attempt_ids_digests_and_source_fields_reject_bearer_material[authorizing_principal_id]" file="tests\test_background_branch_authority.py" line="469" time="0.001" /><testcase classname="tests.test_background_branch_authority" name="test_attempt_ids_digests_and_source_fields_reject_bearer_material[universe_id]" file="tests\test_background_branch_authority.py" line="469" time="0.001" /><testcase classname="tests.test_background_branch_authority" name="test_attempt_ids_digests_and_source_fields_reject_bearer_material[branch_def_id]" file="tests\test_background_branch_authority.py" line="469" time="0.001" /><testcase classname="tests.test_background_branch_authority" name="test_attempt_ids_digests_and_source_fields_reject_bearer_material[branch_version_id]" file="tests\test_background_branch_authority.py" line="469" time="0.001" /><testcase classname="tests.test_background_branch_authority" name="test_attempt_ids_digests_and_source_fields_reject_bearer_material[branch_content_digest]" file="tests\test_background_branch_authority.py" line="469" time="0.001" /><testcase classname="tests.test_background_branch_authority" name="test_attempt_ids_digests_and_source_fields_reject_bearer_material[source_id]" file="tests\test_background_branch_authority.py" line="469" time="0.001" /><testcase classname="tests.test_background_branch_authority" name="test_provenance_identity_fields_reject_bearer_material[authorizing_principal_id]" file="tests\test_background_branch_authority.py" line="494" time="0.001" /><testcase classname="tests.test_background_branch_authority" name="test_provenance_identity_fields_reject_bearer_material[source_id]" file="tests\test_background_branch_authority.py" line="494" time="0.001" /><testcase classname="tests.test_background_branch_authority" name="test_binding_rejects_open_authority_vocabulary[operation-admin_everything]" file="tests\test_background_branch_authority.py" line="503" time="0.001" /><testcase classname="tests.test_background_branch_authority" name="test_binding_rejects_open_authority_vocabulary[permitted_executor_classes-value1]" file="tests\test_background_branch_authority.py" line="503" time="0.001" /><testcase classname="tests.test_background_branch_authority" name="test_binding_rejects_queue_claim_as_issuance_root" file="tests\test_background_branch_authority.py" line="518" time="0.001" /><testcase classname="tests.test_background_branch_authority" name="test_child_delegation_cannot_grant_resume_authority" file="tests\test_background_branch_authority.py" line="526" time="0.001" /><testcase classname="tests.test_background_branch_authority" name="test_resume_binding_requires_resumed_run_source_and_pinned_target" file="tests\test_background_branch_authority.py" line="534" time="0.001" /><testcase classname="tests.test_background_branch_authority" name="test_resume_attempt_requires_resumed_run_source" file="tests\test_background_branch_authority.py" line="560" time="0.001" /><testcase classname="tests.test_background_branch_authority" name="test_binding_digest_fields_require_canonical_sha256[sha256:not-a-digest-binding_digest]" file="tests\test_background_branch_authority.py" line="582" time="0.001" /><testcase classname="tests.test_background_branch_authority" name="test_binding_digest_fields_require_canonical_sha256[sha256:not-a-digest-source_digest]" file="tests\test_background_branch_authority.py" line="582" time="0.001" /><testcase classname="tests.test_background_branch_authority" name="test_binding_digest_fields_require_canonical_sha256[sk_live_raw_secret-binding_digest]" file="tests\test_background_branch_authority.py" line="582" time="0.001" /><testcase classname="tests.test_background_branch_authority" name="test_binding_digest_fields_require_canonical_sha256[sk_live_raw_secret-source_digest]" file="tests\test_background_branch_authority.py" line="582" time="0.001" /><testcase classname="tests.test_background_branch_authority" name="test_binding_digest_fields_require_canonical_sha256[sha256:AAAAAAAAAAAAAAAAAAAAAAAAAAAAAAAAAAAAAAAAAAAAAAAAAAAAAAAAAAAAAAAA-binding_digest]" file="tests\test_background_branch_authority.py" line="582" time="0.001" /><testcase classname="tests.test_background_branch_authority" name="test_binding_digest_fields_require_canonical_sha256[sha256:AAAAAAAAAAAAAAAAAAAAAAAAAAAAAAAAAAAAAAAAAAAAAAAAAAAAAAAAAAAAAAAA-source_digest]" file="tests\test_background_branch_authority.py" line="582" time="0.001" /><testcase classname="tests.test_background_branch_authority" name="test_binding_digest_fields_require_canonical_sha256[sha256:000000000000000000000000000000000000000000000000000000000000000-binding_digest]" file="tests\test_background_branch_authority.py" line="582" time="0.001" /><testcase classname="tests.test_background_branch_authority" name="test_binding_digest_fields_require_canonical_sha256[sha256:000000000000000000000000000000000000000000000000000000000000000-source_digest]" file="tests\test_background_branch_authority.py" line="582" time="0.001" /><testcase classname="tests.test_background_branch_authority" name="test_attempt_digest_fields_require_canonical_sha256[binding_digest]" file="tests\test_background_branch_authority.py" line="600" time="0.001" /><testcase classname="tests.test_background_branch_authority" name="test_attempt_digest_fields_require_canonical_sha256[branch_content_digest]" file="tests\test_background_branch_authority.py" line="600" time="0.001" /><testcase classname="tests.test_background_branch_authority" name="test_binding_expiry_requires_canonical_utc_timestamp[never]" file="tests\test_background_branch_authority.py" line="609" time="0.001" /><testcase classname="tests.test_background_branch_authority" name="test_binding_expiry_requires_canonical_utc_timestamp[2026-07-30]" file="tests\test_background_branch_authority.py" line="609" time="0.001" /><testcase classname="tests.test_background_branch_authority" name="test_binding_expiry_requires_canonical_utc_timestamp[2026-07-30T08:00:00+00:00]" file="tests\test_background_branch_authority.py" line="609" time="0.001" /><testcase classname="tests.test_background_branch_authority" name="test_attempt_timestamps_require_canonical_utc[created_at-not-a-timestamp]" file="tests\test_background_branch_authority.py" line="618" time="0.001" /><testcase classname="tests.test_background_branch_authority" name="test_attempt_timestamps_require_canonical_utc[updated_at-2026-07-30T07:01:00+00:00]" file="tests\test_background_branch_authority.py" line="618" time="0.001" /><testcase classname="tests.test_background_branch_authority" name="test_attempt_timestamps_require_canonical_utc[lease_expires_at-later]" file="tests\test_background_branch_authority.py" line="618" time="0.001" /><testcase classname="tests.test_background_branch_authority" name="test_attempt_timestamps_obey_creation_update_and_lease_order" file="tests\test_background_branch_authority.py" line="634" time="0.001" /><testcase classname="tests.test_background_branch_authority" name="test_attempt_audience_must_match_provenance_executor" file="tests\test_background_branch_authority.py" line="646" time="0.001" /><testcase classname="tests.test_background_branch_authority" name="test_lineage_distinguishes_root_and_child_attempts" file="tests\test_background_branch_authority.py" line="658" time="0.001" /><testcase classname="tests.test_background_branch_authority" name="test_parent_attempt_source_is_bound_to_parent_lineage" file="tests\test_background_branch_authority.py" line="676" time="0.001" /><testcase classname="tests.test_background_branch_authority" name="test_descendant_count_budget_is_independent_of_max_attempts" file="tests\test_background_branch_authority.py" line="693" time="0.001" /><testcase classname="tests.test_background_branch_authority" name="test_authority_lock_order_matches_non_nested_execution_sequence" file="tests\test_background_branch_authority.py" line="704" time="0.000" /><testcase classname="tests.test_background_branch_authority" name="test_authority_store_exposes_only_opaque_transactions_and_bounded_queries" file="tests\test_background_branch_authority.py" line="724" time="0.001" /><testcase classname="tests.test_background_branch_authority" name="test_authority_pages_are_immutable_and_cursor_bounded" file="tests\test_background_branch_authority.py" line="752" time="0.001" /><testcase classname="tests.test_background_branch_authority" name="test_authority_write_outcomes_are_closed_and_non_authorizing" file="tests\test_background_branch_authority.py" line="782" time="0.001" /><testcase classname="tests.test_background_branch_authority" name="test_exact_record_fences_reject_stale_budget_and_lifecycle_writers" file="tests\test_background_branch_authority.py" line="823" time="0.001" /><testcase classname="tests.test_background_branch_authority" name="test_exact_record_fences_require_their_typed_record" file="tests\test_background_branch_authority.py" line="844" time="0.001" /><testcase classname="tests.test_background_branch_authority" name="test_request_task_key_accepts_canonical_epoch2_admission_ids" file="tests\test_background_branch_authority.py" line="936" time="0.001" /><testcase classname="tests.test_background_branch_authority" name="test_logical_attempt_key_builders_are_deterministic_distinct_and_non_secret" file="tests\test_background_branch_authority.py" line="949" time="0.001" /><testcase classname="tests.test_background_branch_authority" name="test_schedule_logical_attempt_key_has_a_stable_golden_vector" file="tests\test_background_branch_authority.py" line="963" time="0.000" /><testcase classname="tests.test_background_branch_authority" name="test_schedule_key_uses_nominal_period_identity_across_dst_gap_replay" file="tests\test_background_branch_authority.py" line="975" time="0.001" /><testcase classname="tests.test_background_branch_authority" name="test_logical_attempt_keys_change_when_any_replay_boundary_changes" file="tests\test_background_branch_authority.py" line="998" time="0.001" /><testcase classname="tests.test_background_branch_authority" name="test_every_logical_attempt_key_input_is_load_bearing" file="tests\test_background_branch_authority.py" line="1043" time="0.001" /><testcase classname="tests.test_background_branch_authority" name="test_logical_attempt_key_builders_reject_noncanonical_inputs[build_schedule_attempt_key-kwargs0]" file="tests\test_background_branch_authority.py" line="1159" time="0.001" /><testcase classname="tests.test_background_branch_authority" name="test_logical_attempt_key_builders_reject_noncanonical_inputs[build_subscription_event_attempt_key-kwargs1]" file="tests\test_background_branch_authority.py" line="1159" time="0.001" /><testcase classname="tests.test_background_branch_authority" name="test_logical_attempt_key_builders_reject_noncanonical_inputs[build_soul_cycle_attempt_key-kwargs2]" file="tests\test_background_branch_authority.py" line="1159" time="0.001" /><testcase classname="tests.test_background_branch_authority" name="test_logical_attempt_key_builders_reject_noncanonical_inputs[build_resume_checkpoint_attempt_key-kwargs3]" file="tests\test_background_branch_authority.py" line="1159" time="0.001" /><testcase classname="tests.test_background_branch_authority" name="test_logical_attempt_key_builders_reject_noncanonical_inputs[build_graph_child_attempt_key-kwargs4]" file="tests\test_background_branch_authority.py" line="1159" time="0.001" /><testcase classname="tests.test_background_branch_authority" name="test_no_wiki_filing_logical_attempt_key_builder_exists" file="tests\test_background_branch_authority.py" line="1215" time="0.000" /><testcase classname="tests.test_background_branch_authority_service" name="test_create_derives_server_fields_and_replays_after_restart" file="tests\test_background_branch_authority_service.py" line="172" time="0.013" /><testcase classname="tests.test_background_branch_authority_service" name="test_transition_surfaces_accept_no_caller_authority_fields[create-root]" file="tests\test_background_branch_authority_service.py" line="189" time="0.001" /><testcase classname="tests.test_background_branch_authority_service" name="test_transition_surfaces_accept_no_caller_authority_fields[rotate-expected]" file="tests\test_background_branch_authority_service.py" line="189" time="0.001" /><testcase classname="tests.test_background_branch_authority_service" name="test_transition_surfaces_accept_no_caller_authority_fields[pause-expected]" file="tests\test_background_branch_authority_service.py" line="189" time="0.001" /><testcase classname="tests.test_background_branch_authority_service" name="test_transition_surfaces_accept_no_caller_authority_fields[revoke-expected]" file="tests\test_background_branch_authority_service.py" line="189" time="0.001" /><testcase classname="tests.test_background_branch_authority_service" name="test_transition_surfaces_accept_no_caller_authority_fields[exhaust-expected]" file="tests\test_background_branch_authority_service.py" line="189" time="0.001" /><testcase classname="tests.test_background_branch_authority_service" name="test_resolved_seed_retains_immutable_executor_constraints" file="tests\test_background_branch_authority_service.py" line="210" time="0.001" /><testcase classname="tests.test_background_branch_authority_service" name="test_create_conflicts_if_canonical_resolution_changes_for_same_root" file="tests\test_background_branch_authority_service.py" line="222" time="0.013" /><testcase classname="tests.test_background_branch_authority_service" name="test_create_fails_closed_on_missing_or_mismatched_resolution[None]" file="tests\test_background_branch_authority_service.py" line="244" time="0.003" /><testcase classname="tests.test_background_branch_authority_service" name="test_create_fails_closed_on_missing_or_mismatched_resolution[seed1]" file="tests\test_background_branch_authority_service.py" line="244" time="0.003" /><testcase classname="tests.test_background_branch_authority_service" name="test_create_fails_closed_on_missing_or_mismatched_resolution[seed2]" file="tests\test_background_branch_authority_service.py" line="244" time="0.002" /><testcase classname="tests.test_background_branch_authority_service" name="test_server_owned_lifecycle_transitions_are_fenced_and_idempotent" file="tests\test_background_branch_authority_service.py" line="268" time="0.036" /><testcase classname="tests.test_background_branch_authority_service" name="test_rotate_rejects_authorizer_or_source_transfer" file="tests\test_background_branch_authority_service.py" line="320" time="0.009" /><testcase classname="tests.test_background_branch_authority_service" name="test_stale_generation_cannot_overwrite_a_winner" file="tests\test_background_branch_authority_service.py" line="334" time="0.019" /><testcase classname="tests.test_background_branch_authority_service" name="test_stale_invalid_local_transition_reports_generation_mismatch" file="tests\test_background_branch_authority_service.py" line="351" time="0.023" /><testcase classname="tests.test_background_branch_authority_service" name="test_concurrent_pause_has_one_applied_transition" file="tests\test_background_branch_authority_service.py" line="370" time="0.103" /><testcase classname="tests.test_background_branch_authority_service" name="test_attempt_issuance_pins_fresh_state_and_replays_after_restart" file="tests\test_background_branch_authority_service.py" line="386" time="0.016" /><testcase classname="tests.test_background_branch_authority_service" name="test_attempt_issuance_has_one_atomic_logical_key_winner" file="tests\test_background_branch_authority_service.py" line="425" time="0.134" /><testcase classname="tests.test_background_branch_authority_service" name="test_attempt_issuance_fails_closed_on_fresh_state_mismatch[request_update0-resolution_update0-physical_universe_mismatch]" file="tests\test_background_branch_authority_service.py" line="444" time="0.015" /><testcase classname="tests.test_background_branch_authority_service" name="test_attempt_issuance_fails_closed_on_fresh_state_mismatch[request_update1-resolution_update1-pinned_target_mismatch]" file="tests\test_background_branch_authority_service.py" line="444" time="0.014" /><testcase classname="tests.test_background_branch_authority_service" name="test_attempt_issuance_fails_closed_on_fresh_state_mismatch[request_update2-resolution_update2-executor_mismatch]" file="tests\test_background_branch_authority_service.py" line="444" time="0.013" /><testcase classname="tests.test_background_branch_authority_service" name="test_attempt_issuance_rejects_stale_binding_and_missing_authority" file="tests\test_background_branch_authority_service.py" line="497" time="0.024" /><testcase classname="tests.test_background_branch_authority_service" name="test_attempt_issuance_enforces_binding_attempt_limit" file="tests\test_background_branch_authority_service.py" line="529" time="0.016" /><testcase classname="tests.test_background_branch_authority_service" name="test_attempt_issuance_replay_requires_the_same_non_authorizing_context" file="tests\test_background_branch_authority_service.py" line="553" time="0.017" /><testcase classname="tests.test_background_branch_authority_service" name="test_attempt_claim_has_one_exact_fence_winner" file="tests\test_background_branch_authority_service.py" line="629" time="0.021" /><testcase classname="tests.test_background_branch_authority_service" name="test_attempt_claim_resolves_authority_inside_store_transaction" file="tests\test_background_branch_authority_service.py" line="655" time="0.019" /><testcase classname="tests.test_background_branch_authority_service" name="test_attempt_claim_cannot_change_executor_audience" file="tests\test_background_branch_authority_service.py" line="700" time="0.015" /><testcase classname="tests.test_background_branch_authority_service" name="test_attempt_claim_revalidates_binding_revocation_in_same_transaction" file="tests\test_background_branch_authority_service.py" line="719" time="0.029" /><testcase classname="tests.test_background_branch_authority_service" name="test_attempt_renew_and_release_are_generation_fenced" file="tests\test_background_branch_authority_service.py" line="768" time="0.031" /><testcase classname="tests.test_background_branch_authority_service" name="test_attempt_renew_and_release_require_resolved_executor" file="tests\test_background_branch_authority_service.py" line="801" time="0.023" /><testcase classname="tests.test_background_branch_authority_service" name="test_attempt_renew_revalidates_binding_revocation" file="tests\test_background_branch_authority_service.py" line="835" time="0.035" /><testcase classname="tests.test_background_branch_authority_service" name="test_attempt_reclaim_accepts_no_caller_constructed_recovery_proof" file="tests\test_background_branch_authority_service.py" line="871" time="0.017" /><testcase classname="tests.test_background_branch_authority_service" name="test_attempt_reclaim_rejects_lease_only_or_indeterminate_proof[UNKNOWN-NOT_CROSSED]" file="tests\test_background_branch_authority_service.py" line="880" time="0.024" /><testcase classname="tests.test_background_branch_authority_service" name="test_attempt_reclaim_rejects_lease_only_or_indeterminate_proof[DEAD-INDETERMINATE]" file="tests\test_background_branch_authority_service.py" line="880" time="0.021" /><testcase classname="tests.test_background_branch_authority_service" name="test_attempt_reclaim_advances_same_attempt_for_conclusive_dead_predecessor" file="tests\test_background_branch_authority_service.py" line="925" time="0.026" /><testcase classname="tests.test_background_branch_authority_service" name="test_attempt_reclaim_cannot_change_executor_domain" file="tests\test_background_branch_authority_service.py" line="956" time="0.019" /><testcase classname="tests.test_background_branch_authority_store" name="test_binding_insert_replay_conflict_and_restart" file="tests\test_background_branch_authority_store.py" line="130" time="0.014" /><testcase classname="tests.test_background_branch_authority_store" name="test_attempt_unique_logical_key_and_parent_binding" file="tests\test_background_branch_authority_store.py" line="151" time="0.021" /><testcase classname="tests.test_background_branch_authority_store" name="test_attempt_must_match_parent_binding[binding_digest-sha256:dddddddddddddddddddddddddddddddddddddddddddddddddddddddddddddddd]" file="tests\test_background_branch_authority_store.py" line="179" time="0.010" /><testcase classname="tests.test_background_branch_authority_store" name="test_attempt_must_match_parent_binding[binding_generation-4]" file="tests\test_background_branch_authority_store.py" line="179" time="0.009" /><testcase classname="tests.test_background_branch_authority_store" name="test_attempt_must_match_parent_binding[universe_id-universe_other]" file="tests\test_background_branch_authority_store.py" line="179" time="0.009" /><testcase classname="tests.test_background_branch_authority_store" name="test_attempt_must_match_parent_binding[branch_def_id-branch_other]" file="tests\test_background_branch_authority_store.py" line="179" time="0.010" /><testcase classname="tests.test_background_branch_authority_store" name="test_attempt_must_match_parent_binding[remaining_count-25]" file="tests\test_background_branch_authority_store.py" line="179" time="0.011" /><testcase classname="tests.test_background_branch_authority_store" name="test_exact_record_cas_replays_and_rejects_stale_writers" file="tests\test_background_branch_authority_store.py" line="201" time="0.022" /><testcase classname="tests.test_background_branch_authority_store" name="test_attempt_cas_rejects_non_monotonic_mutations[replacement0]" file="tests\test_background_branch_authority_store.py" line="253" time="0.010" /><testcase classname="tests.test_background_branch_authority_store" name="test_attempt_cas_rejects_non_monotonic_mutations[replacement1]" file="tests\test_background_branch_authority_store.py" line="253" time="0.009" /><testcase classname="tests.test_background_branch_authority_store" name="test_attempt_cas_rejects_non_monotonic_mutations[replacement2]" file="tests\test_background_branch_authority_store.py" line="253" time="0.010" /><testcase classname="tests.test_background_branch_authority_store" name="test_attempt_cas_rejects_non_monotonic_mutations[replacement3]" file="tests\test_background_branch_authority_store.py" line="253" time="0.010" /><testcase classname="tests.test_background_branch_authority_store" name="test_attempt_cas_rejects_non_monotonic_mutations[replacement4]" file="tests\test_background_branch_authority_store.py" line="253" time="0.009" /><testcase classname="tests.test_background_branch_authority_store" name="test_terminal_attempt_cannot_be_revived" file="tests\test_background_branch_authority_store.py" line="299" time="0.009" /><testcase classname="tests.test_background_branch_authority_store" name="test_recovery_release_requires_and_accepts_new_fence" file="tests\test_background_branch_authority_store.py" line="325" time="0.013" /><testcase classname="tests.test_background_branch_authority_store" name="test_transaction_rolls_back_both_record_types" file="tests\test_background_branch_authority_store.py" line="352" time="0.014" /><testcase classname="tests.test_background_branch_authority_store" name="test_transaction_reads_binding_logical_key_and_attempt_count" file="tests\test_background_branch_authority_store.py" line="364" time="0.010" /><testcase classname="tests.test_background_branch_authority_store" name="test_concurrent_identical_insert_has_one_applied_winner" file="tests\test_background_branch_authority_store.py" line="388" time="0.115" /><testcase classname="tests.test_background_branch_authority_store" name="test_concurrent_logical_attempt_key_has_one_applied_winner" file="tests\test_background_branch_authority_store.py" line="403" time="0.175" /><testcase classname="tests.test_background_branch_authority_store" name="test_transaction_attempt_count_serializes_bounded_reservation" file="tests\test_background_branch_authority_store.py" line="424" time="0.030" /><testcase classname="tests.test_background_branch_authority_store" name="test_transaction_attempt_count_fails_closed_on_binding_index_tamper" file="tests\test_background_branch_authority_store.py" line="450" time="0.024" /><testcase classname="tests.test_background_branch_authority_store" name="test_transaction_attempt_count_fails_closed_on_hidden_digest_tamper" file="tests\test_background_branch_authority_store.py" line="472" time="0.023" /><testcase classname="tests.test_background_branch_authority_store" name="test_bounded_filtered_pages_use_stable_opaque_cursors" file="tests\test_background_branch_authority_store.py" line="504" time="0.019" /><testcase classname="tests.test_background_branch_authority_store" name="test_attempt_updated_before_uses_chronological_time[2026-07-30T07:01:00.500000Z]" file="tests\test_background_branch_authority_store.py" line="554" time="0.013" /><testcase classname="tests.test_background_branch_authority_store" name="test_attempt_updated_before_uses_chronological_time[2026-07-30T00:01:00.500000-07:00]" file="tests\test_background_branch_authority_store.py" line="554" time="0.012" /><testcase classname="tests.test_background_branch_authority_store" name="test_concrete_store_satisfies_table_agnostic_protocol" file="tests\test_background_branch_authority_store.py" line="580" time="0.008" /><testcase classname="tests.test_background_branch_authority_store" name="test_index_or_record_tamper_fails_closed" file="tests\test_background_branch_authority_store.py" line="588" time="0.031" /><testcase classname="tests.test_backup_restore_drill_invariants" name="test_restore_script_exists" file="tests\test_backup_restore_drill_invariants.py" line="35" time="0.001" /><testcase classname="tests.test_backup_restore_drill_invariants" name="test_restore_does_not_call_docker_start" file="tests\test_backup_restore_drill_invariants.py" line="60" time="0.006" /><testcase classname="tests.test_backup_restore_drill_invariants" name="test_restore_does_not_call_systemctl_start" file="tests\test_backup_restore_drill_invariants.py" line="70" time="0.001" /><testcase classname="tests.test_backup_restore_drill_invariants" name="test_restore_stops_every_running_volume_consumer_before_swap" file="tests\test_backup_restore_drill_invariants.py" line="83" time="0.001" /><testcase classname="tests.test_backup_restore_drill_invariants" name="test_restore_uses_docker_inspected_mountpoint_not_derived_path" file="tests\test_backup_restore_drill_invariants.py" line="94" time="0.001" /><testcase classname="tests.test_backup_restore_drill_invariants" name="test_restore_exits_zero_after_extract" file="tests\test_backup_restore_drill_invariants.py" line="100" time="0.001" /><testcase classname="tests.test_backup_restore_drill_invariants" name="test_restore_exit_5_no_longer_emitted" file="tests\test_backup_restore_drill_invariants.py" line="116" time="0.001" /><testcase classname="tests.test_backup_restore_drill_invariants" name="test_drill_start_compose_scopes_to_daemon_service" file="tests\test_backup_restore_drill_invariants.py" line="154" time="0.016" /><testcase classname="tests.test_backup_restore_drill_invariants" name="test_drill_start_compose_does_not_start_cloudflared" file="tests\test_backup_restore_drill_invariants.py" line="168" time="0.016" /><testcase classname="tests.test_backup_restore_drill_invariants" name="test_drill_probe_still_hits_daemon_port" file="tests\test_backup_restore_drill_invariants.py" line="181" time="0.001" /><testcase classname="tests.test_backup_restore_drill_invariants" name="test_drill_probe_uses_ssh_tunnel_not_external_http" file="tests\test_backup_restore_drill_invariants.py" line="193" time="0.016" /><testcase classname="tests.test_backup_restore_drill_invariants" name="test_drill_does_not_require_0_0_0_0_binding" file="tests\test_backup_restore_drill_invariants.py" line="235" time="0.016" /><testcase classname="tests.test_backup_script" name="test_backup_sh_shellcheck" file="tests\test_backup_script.py" line="109" time="0.000"><skipped type="pytest.skip" message="shellcheck not installed">C:\Users\Jonathan\Projects\wf-required-test-gate\tests\test_backup_script.py:110: shellcheck not installed</skipped></testcase><testcase classname="tests.test_backup_script" name="test_restore_sh_shellcheck" file="tests\test_backup_script.py" line="118" time="0.000"><skipped type="pytest.skip" message="shellcheck not installed">C:\Users\Jonathan\Projects\wf-required-test-gate\tests\test_backup_script.py:119: shellcheck not installed</skipped></testcase><testcase classname="tests.test_backup_script" name="test_backup_dry_run_exits_0_without_backup_dest" file="tests\test_backup_script.py" line="133" time="0.139" /><testcase classname="tests.test_backup_script" name="test_backup_dry_run_prints_dry_run_indicator" file="tests\test_backup_script.py" line="145" time="0.120" /><testcase classname="tests.test_backup_script" name="test_backup_dry_run_no_mutating_commands" file="tests\test_backup_script.py" line="158" time="0.121" /><testcase classname="tests.test_backup_script" name="test_backup_exits_1_when_backup_dest_missing" file="tests\test_backup_script.py" line="192" time="0.050" /><testcase classname="tests.test_backup_script" name="test_restore_dry_run_exits_0" file="tests\test_backup_script.py" line="250" time="0.206" /><testcase classname="tests.test_backup_script" name="test_restore_dry_run_prints_dry_run_indicator" file="tests\test_backup_script.py" line="265" time="0.218" /><testcase classname="tests.test_backup_script" name="test_restore_exits_1_when_backup_dest_missing" file="tests\test_backup_script.py" line="281" time="0.051" /><testcase classname="tests.test_backup_script" name="test_restore_rejects_unsafe_docker_volume_name" file="tests\test_backup_script.py" line="377" time="0.072" /><testcase classname="tests.test_backup_script" name="test_restore_round_trip_from_backup_archive_preserves_dotfiles" file="tests\test_backup_script.py" line="390" time="1.235"><failure message="AssertionError: restore failed:&#10;  [restore 2026-08-02T20:23:50Z] ERROR: BACKUP_FILE must be an absolute readable non-symlink regular file&#10;  &#10;  &#10;assert 2 == 0&#10; +  where 2 = CompletedProcess(args=['C:\\Program Files\\Git\\usr\\bin\\bash.EXE', 'C:/Users/Jonathan/Projects/wf-required-test-gate...'[restore 2026-08-02T20:23:50Z] ERROR: BACKUP_FILE must be an absolute readable non-symlink regular file\n', stderr='').returncode">tmp_path = WindowsPath('C:/Users/Jonathan/AppData/Local/Temp/pytest-of-Jonathan/pytest-7404/test_restore_round_trip_from_b0')

    def test_restore_round_trip_from_backup_archive_preserves_dotfiles(tmp_path):
        source_dir = tmp_path / "source-volume" / "_data"
        source_dir.mkdir(parents=True)
        (source_dir / ".tinyassets.db").write_text("secret-state", encoding="utf-8")
        (source_dir / "nested").mkdir()
        (source_dir / "nested" / "canon.json").write_text("{}", encoding="utf-8")
        archive = _backup_archive(tmp_path, source_dir)
    
        target_dir = tmp_path / "target-volume" / "_data"
        target_dir.mkdir(parents=True)
        target_dir.chmod(0o750)
        (target_dir / "obsolete.txt").write_text("old", encoding="utf-8")
        fake_bin = _fake_restore_bin(tmp_path, target_dir)
        result = _run(RESTORE_SH, _restore_env(tmp_path, target_dir, archive, fake_bin))
    
&gt;       assert result.returncode == 0, f"restore failed:\n{result.stdout}\n{result.stderr}"
E       AssertionError: restore failed:
E         [restore 2026-08-02T20:23:50Z] ERROR: BACKUP_FILE must be an absolute readable non-symlink regular file
E         
E         
E       assert 2 == 0
E        +  where 2 = CompletedProcess(args=['C:\\Program Files\\Git\\usr\\bin\\bash.EXE', 'C:/Users/Jonathan/Projects/wf-required-test-gate...'[restore 2026-08-02T20:23:50Z] ERROR: BACKUP_FILE must be an absolute readable non-symlink regular file\n', stderr='').returncode

tests\test_backup_script.py:406: AssertionError</failure></testcase><testcase classname="tests.test_backup_script" name="test_restore_corrupt_archive_leaves_volume_and_containers_intact" file="tests\test_backup_script.py" line="417" time="0.052" /><testcase classname="tests.test_backup_script" name="test_restore_staging_failure_leaves_volume_and_containers_intact" file="tests\test_backup_script.py" line="436" time="0.041"><failure message="AssertionError: assert 'archive staging extract failed' in ('[restore 2026-08-02T20:23:50Z] ERROR: BACKUP_FILE must be an absolute readable non-symlink regular file\n' + '')&#10; +  where '[restore 2026-08-02T20:23:50Z] ERROR: BACKUP_FILE must be an absolute readable non-symlink regular file\n' = CompletedProcess(args=['C:\\Program Files\\Git\\usr\\bin\\bash.EXE', 'C:/Users/Jonathan/Projects/wf-required-test-gate...'[restore 2026-08-02T20:23:50Z] ERROR: BACKUP_FILE must be an absolute readable non-symlink regular file\n', stderr='').stdout&#10; +  and   '' = CompletedProcess(args=['C:\\Program Files\\Git\\usr\\bin\\bash.EXE', 'C:/Users/Jonathan/Projects/wf-required-test-gate...'[restore 2026-08-02T20:23:50Z] ERROR: BACKUP_FILE must be an absolute readable non-symlink regular file\n', stderr='').stderr">tmp_path = WindowsPath('C:/Users/Jonathan/AppData/Local/Temp/pytest-of-Jonathan/pytest-7404/test_restore_staging_failure_l0')

    def test_restore_staging_failure_leaves_volume_and_containers_intact(tmp_path):
        target_dir = tmp_path / "target-volume" / "_data"
        target_dir.mkdir(parents=True)
        (target_dir / ".preserve").write_text("prior", encoding="utf-8")
        archive = _simple_full_archive(tmp_path / "valid.tar.gz")
        fake_bin = _fake_restore_bin(tmp_path, target_dir)
        call_log = tmp_path / "docker.calls"
        (fake_bin / "tar").write_text(
            "#!/usr/bin/env bash\n"
            'if [[ " $* " == *" -xzf "* ]]; then exit 74; fi\n'
            'exec /bin/tar "$@"\n',
            encoding="utf-8",
            newline="\n",
        )
        (fake_bin / "tar").chmod(0o755)
        env = _restore_env(tmp_path, target_dir, archive, fake_bin)
        env["DOCKER_CALL_LOG"] = _bash_path(call_log)
        result = _run(RESTORE_SH, env)
    
        assert result.returncode != 0
&gt;       assert "archive staging extract failed" in (result.stdout + result.stderr)
E       AssertionError: assert 'archive staging extract failed' in ('[restore 2026-08-02T20:23:50Z] ERROR: BACKUP_FILE must be an absolute readable non-symlink regular file\n' + '')
E        +  where '[restore 2026-08-02T20:23:50Z] ERROR: BACKUP_FILE must be an absolute readable non-symlink regular file\n' = CompletedProcess(args=['C:\\Program Files\\Git\\usr\\bin\\bash.EXE', 'C:/Users/Jonathan/Projects/wf-required-test-gate...'[restore 2026-08-02T20:23:50Z] ERROR: BACKUP_FILE must be an absolute readable non-symlink regular file\n', stderr='').stdout
E        +  and   '' = CompletedProcess(args=['C:\\Program Files\\Git\\usr\\bin\\bash.EXE', 'C:/Users/Jonathan/Projects/wf-required-test-gate...'[restore 2026-08-02T20:23:50Z] ERROR: BACKUP_FILE must be an absolute readable non-symlink regular file\n', stderr='').stderr

tests\test_backup_script.py:457: AssertionError</failure></testcase><testcase classname="tests.test_backup_script" name="test_restore_consumer_enumeration_failure_leaves_volume_intact" file="tests\test_backup_script.py" line="461" time="0.074"><failure message="AssertionError: assert 'failed to enumerate running volume consumers' in ('[restore 2026-08-02T20:23:50Z] ERROR: BACKUP_FILE must be an absolute readable non-symlink regular file\n' + '')&#10; +  where '[restore 2026-08-02T20:23:50Z] ERROR: BACKUP_FILE must be an absolute readable non-symlink regular file\n' = CompletedProcess(args=['C:\\Program Files\\Git\\usr\\bin\\bash.EXE', 'C:/Users/Jonathan/Projects/wf-required-test-gate...'[restore 2026-08-02T20:23:50Z] ERROR: BACKUP_FILE must be an absolute readable non-symlink regular file\n', stderr='').stdout&#10; +  and   '' = CompletedProcess(args=['C:\\Program Files\\Git\\usr\\bin\\bash.EXE', 'C:/Users/Jonathan/Projects/wf-required-test-gate...'[restore 2026-08-02T20:23:50Z] ERROR: BACKUP_FILE must be an absolute readable non-symlink regular file\n', stderr='').stderr">tmp_path = WindowsPath('C:/Users/Jonathan/AppData/Local/Temp/pytest-of-Jonathan/pytest-7404/test_restore_consumer_enumerat0')

    def test_restore_consumer_enumeration_failure_leaves_volume_intact(tmp_path):
        target_dir = tmp_path / "target-volume" / "_data"
        target_dir.mkdir(parents=True)
        (target_dir / ".preserve").write_text("prior", encoding="utf-8")
        archive = _simple_full_archive(tmp_path / "valid.tar.gz")
        fake_bin = _fake_restore_bin(tmp_path, target_dir)
        env = _restore_env(tmp_path, target_dir, archive, fake_bin)
        env["DOCKER_PS_EXIT"] = "70"
        result = _run(RESTORE_SH, env)
    
        assert result.returncode != 0
&gt;       assert "failed to enumerate running volume consumers" in (
            result.stdout + result.stderr
        )
E       AssertionError: assert 'failed to enumerate running volume consumers' in ('[restore 2026-08-02T20:23:50Z] ERROR: BACKUP_FILE must be an absolute readable non-symlink regular file\n' + '')
E        +  where '[restore 2026-08-02T20:23:50Z] ERROR: BACKUP_FILE must be an absolute readable non-symlink regular file\n' = CompletedProcess(args=['C:\\Program Files\\Git\\usr\\bin\\bash.EXE', 'C:/Users/Jonathan/Projects/wf-required-test-gate...'[restore 2026-08-02T20:23:50Z] ERROR: BACKUP_FILE must be an absolute readable non-symlink regular file\n', stderr='').stdout
E        +  and   '' = CompletedProcess(args=['C:\\Program Files\\Git\\usr\\bin\\bash.EXE', 'C:/Users/Jonathan/Projects/wf-required-test-gate...'[restore 2026-08-02T20:23:50Z] ERROR: BACKUP_FILE must be an absolute readable non-symlink regular file\n', stderr='').stderr

tests\test_backup_script.py:473: AssertionError</failure></testcase><testcase classname="tests.test_backup_script" name="test_restore_rejects_unsafe_archive_before_mutation[absolute]" file="tests\test_backup_script.py" line="487" time="0.042" /><testcase classname="tests.test_backup_script" name="test_restore_rejects_unsafe_archive_before_mutation[traversal]" file="tests\test_backup_script.py" line="487" time="0.084" /><testcase classname="tests.test_backup_script" name="test_restore_rejects_unsafe_archive_before_mutation[mixed-root]" file="tests\test_backup_script.py" line="487" time="0.040" /><testcase classname="tests.test_backup_script" name="test_restore_rejects_unsafe_archive_before_mutation[root-file]" file="tests\test_backup_script.py" line="487" time="0.043" /><testcase classname="tests.test_backup_script" name="test_restore_rejects_unsafe_archive_before_mutation[special]" file="tests\test_backup_script.py" line="487" time="0.077" /><testcase classname="tests.test_backup_script" name="test_restore_rejects_unsafe_archive_before_mutation[symlink]" file="tests\test_backup_script.py" line="487" time="0.041" /><testcase classname="tests.test_backup_script" name="test_restore_rejects_unsafe_archive_before_mutation[hardlink]" file="tests\test_backup_script.py" line="487" time="0.040" /><testcase classname="tests.test_backup_script" name="test_restore_rolls_back_when_second_rename_fails" file="tests\test_backup_script.py" line="545" time="0.041"><failure message="AssertionError: test must inject the staged-directory rename failure&#10;assert False&#10; +  where False = exists()&#10; +    where exists = WindowsPath('C:/Users/Jonathan/AppData/Local/Temp/pytest-of-Jonathan/pytest-7404/test_restore_rolls_back_when_s0/second-rename-failed').exists">tmp_path = WindowsPath('C:/Users/Jonathan/AppData/Local/Temp/pytest-of-Jonathan/pytest-7404/test_restore_rolls_back_when_s0')

    def test_restore_rolls_back_when_second_rename_fails(tmp_path):
        target_dir = tmp_path / "target-volume" / "_data"
        target_dir.mkdir(parents=True)
        (target_dir / "prior.txt").write_text("prior", encoding="utf-8")
        archive = _simple_full_archive(tmp_path / "valid.tar.gz")
        fake_bin = _fake_restore_bin(tmp_path, target_dir)
        marker = tmp_path / "second-rename-failed"
        (fake_bin / "mv").write_text(
            "#!/usr/bin/env bash\n"
            'args=("$@"); while [[ "${args[0]}" == "--" ]]; do args=("${args[@]:1}"); done\n'
            'dest="${args[$((${#args[@]} - 1))]}"\n'
            'if [[ "$dest" == "$FAIL_SECOND_RENAME_TARGET" '
            '&amp;&amp; ! -e "$FAIL_SECOND_RENAME_MARKER" ]]; then\n'
            '    touch "$FAIL_SECOND_RENAME_MARKER"; exit 1\n'
            "fi\n"
            'exec /bin/mv "$@"\n',
            encoding="utf-8",
            newline="\n",
        )
        (fake_bin / "mv").chmod(0o755)
        env = _restore_env(tmp_path, target_dir, archive, fake_bin)
        env.update({
            "FAIL_SECOND_RENAME_TARGET": _bash_path(target_dir),
            "FAIL_SECOND_RENAME_MARKER": _bash_path(marker),
        })
        result = _run(RESTORE_SH, env)
    
        assert result.returncode != 0
&gt;       assert marker.exists(), "test must inject the staged-directory rename failure"
E       AssertionError: test must inject the staged-directory rename failure
E       assert False
E        +  where False = exists()
E        +    where exists = WindowsPath('C:/Users/Jonathan/AppData/Local/Temp/pytest-of-Jonathan/pytest-7404/test_restore_rolls_back_when_s0/second-rename-failed').exists

tests\test_backup_script.py:574: AssertionError</failure></testcase><testcase classname="tests.test_backup_script" name="test_local_backup_file_bypasses_rclone_and_is_preserved" file="tests\test_backup_script.py" line="578" time="0.075"><failure message="AssertionError: [restore 2026-08-02T20:23:50Z] ERROR: BACKUP_FILE must be an absolute readable non-symlink regular file&#10;  &#10;  &#10;assert 2 == 0&#10; +  where 2 = CompletedProcess(args=['C:\\Program Files\\Git\\usr\\bin\\bash.EXE', 'C:/Users/Jonathan/Projects/wf-required-test-gate...'[restore 2026-08-02T20:23:50Z] ERROR: BACKUP_FILE must be an absolute readable non-symlink regular file\n', stderr='').returncode">tmp_path = WindowsPath('C:/Users/Jonathan/AppData/Local/Temp/pytest-of-Jonathan/pytest-7404/test_local_backup_file_bypasse0')

    def test_local_backup_file_bypasses_rclone_and_is_preserved(tmp_path):
        target_dir = tmp_path / "target-volume" / "_data"
        target_dir.mkdir(parents=True)
        archive = _simple_full_archive(tmp_path / "local.tar.gz")
        fake_bin = _fake_restore_bin(tmp_path, target_dir)
        rclone_marker = tmp_path / "rclone-called"
        (fake_bin / "rclone").write_text(
            "#!/usr/bin/env bash\n"
            'touch "$RCLONE_MARKER"; exit 99\n',
            encoding="utf-8",
            newline="\n",
        )
        (fake_bin / "rclone").chmod(0o755)
        env = _restore_env(tmp_path, target_dir, archive, fake_bin)
        env["RCLONE_MARKER"] = _bash_path(rclone_marker)
        result = _run(RESTORE_SH, env)
    
&gt;       assert result.returncode == 0, f"{result.stdout}\n{result.stderr}"
E       AssertionError: [restore 2026-08-02T20:23:50Z] ERROR: BACKUP_FILE must be an absolute readable non-symlink regular file
E         
E         
E       assert 2 == 0
E        +  where 2 = CompletedProcess(args=['C:\\Program Files\\Git\\usr\\bin\\bash.EXE', 'C:/Users/Jonathan/Projects/wf-required-test-gate...'[restore 2026-08-02T20:23:50Z] ERROR: BACKUP_FILE must be an absolute readable non-symlink regular file\n', stderr='').returncode

tests\test_backup_script.py:596: AssertionError</failure></testcase><testcase classname="tests.test_backup_script" name="test_local_backup_file_rejects_symlink_source" file="tests\test_backup_script.py" line="600" time="0.005"><skipped type="pytest.skip" message="symlink creation unavailable: [WinError 1314] A required privilege is not held by the client: 'C:\\Users\\Jonathan\\AppData\\Local\\Temp\\pytest-of-Jonathan\\pytest-7404\\test_local_backup_file_rejects0\\target.tar.gz' -&gt; 'C:\\Users\\Jonathan\\AppData\\Local\\Temp\\pytest-of-Jonathan\\pytest-7404\\test_local_backup_file_rejects0\\linked.tar.gz'">C:\Users\Jonathan\Projects\wf-required-test-gate\tests\test_backup_script.py:607: symlink creation unavailable: [WinError 1314] A required privilege is not held by the client: 'C:\\Users\\Jonathan\\AppData\\Local\\Temp\\pytest-of-Jonathan\\pytest-7404\\test_local_backup_file_rejects0\\target.tar.gz' -&gt; 'C:\\Users\\Jonathan\\AppData\\Local\\Temp\\pytest-of-Jonathan\\pytest-7404\\test_local_backup_file_rejects0\\linked.tar.gz'</skipped></testcase><testcase classname="tests.test_backup_script" name="test_remote_restore_filters_brain_and_uses_unique_download_dir" file="tests\test_backup_script.py" line="620" time="0.564"><failure message="AssertionError: [restore 2026-08-02T20:23:51Z] target remote archive: tinyassets-data-2026-07-23T00-00-00Z.tar.gz&#10;  [restore 2026-08-02T20:23:51Z] downloading tinyassets-data-2026-07-23T00-00-00Z.tar.gz...&#10;  [restore 2026-08-02T20:23:51Z]   download OK (124 bytes)&#10;  [restore 2026-08-02T20:23:51Z] ERROR: restore already in progress for /tmp/pytest-of-Jonathan/pytest-7404/test_remote_restore_filters_br0/target-volume/_data&#10;  &#10;  C:/Users/Jonathan/Projects/wf-required-test-gate/deploy/backup-restore.sh: line 199: flock: command not found&#10;  &#10;assert 1 == 0&#10; +  where 1 = CompletedProcess(args=['C:\\Program Files\\Git\\usr\\bin\\bash.EXE', 'C:/Users/Jonathan/Projects/wf-required-test-gate...derr='C:/Users/Jonathan/Projects/wf-required-test-gate/deploy/backup-restore.sh: line 199: flock: command not found\n').returncode">tmp_path = WindowsPath('C:/Users/Jonathan/AppData/Local/Temp/pytest-of-Jonathan/pytest-7404/test_remote_restore_filters_br0')

    def test_remote_restore_filters_brain_and_uses_unique_download_dir(tmp_path):
        target_dir = tmp_path / "target-volume" / "_data"
        target_dir.mkdir(parents=True)
        remote_archive = _simple_full_archive(tmp_path / "remote-data.tar.gz")
        fake_bin = _fake_restore_bin(tmp_path, target_dir)
        rclone_log = tmp_path / "rclone.log"
        (fake_bin / "rclone").write_text(
            "#!/usr/bin/env bash\n"
            'if [[ "$1" == "lsf" ]]; then\n'
            "  echo '2026-07-23T00-00-00Z;tinyassets-brain-2026-07-23T00-00-00Z.tar.gz'\n"
            "  echo '2026-07-23T00-00-00Z;tinyassets-data-2026-07-23T00-00-00Z.tar.gz'\n"
            "  exit 0\n"
            "fi\n"
            'if [[ "$1" == "ls" ]]; then exit 0; fi\n'
            'if [[ "$1" == "copyto" ]]; then\n'
            '  argc=$#; dest="${!argc}"; echo "$dest" &gt;&gt; "$RCLONE_LOG"\n'
            '  cp "$REMOTE_ARCHIVE" "$dest"; exit 0\n'
            "fi\n"
            "exit 1\n",
            encoding="utf-8",
            newline="\n",
        )
        (fake_bin / "rclone").chmod(0o755)
        env = {
            "BACKUP_DEST": "fake:backups",
            "BACKUP_LOG": _bash_path(tmp_path / "restore.log"),
            "BACKUP_VOLUME": "test-volume",
            "TEST_VOLUME_DIR": _bash_path(target_dir),
            "REMOTE_ARCHIVE": _bash_path(remote_archive),
            "RCLONE_LOG": _bash_path(rclone_log),
            "PATH": _bash_path_env(fake_bin),
        }
        result = _run(RESTORE_SH, env)
    
&gt;       assert result.returncode == 0, f"{result.stdout}\n{result.stderr}"
E       AssertionError: [restore 2026-08-02T20:23:51Z] target remote archive: tinyassets-data-2026-07-23T00-00-00Z.tar.gz
E         [restore 2026-08-02T20:23:51Z] downloading tinyassets-data-2026-07-23T00-00-00Z.tar.gz...
E         [restore 2026-08-02T20:23:51Z]   download OK (124 bytes)
E         [restore 2026-08-02T20:23:51Z] ERROR: restore already in progress for /tmp/pytest-of-Jonathan/pytest-7404/test_remote_restore_filters_br0/target-volume/_data
E         
E         C:/Users/Jonathan/Projects/wf-required-test-gate/deploy/backup-restore.sh: line 199: flock: command not found
E         
E       assert 1 == 0
E        +  where 1 = CompletedProcess(args=['C:\\Program Files\\Git\\usr\\bin\\bash.EXE', 'C:/Users/Jonathan/Projects/wf-required-test-gate...derr='C:/Users/Jonathan/Projects/wf-required-test-gate/deploy/backup-restore.sh: line 199: flock: command not found\n').returncode

tests\test_backup_script.py:655: AssertionError</failure></testcase><testcase classname="tests.test_backup_script" name="test_restore_stops_all_running_volume_consumers_after_validation" file="tests\test_backup_script.py" line="660" time="0.078"><failure message="AssertionError: [restore 2026-08-02T20:23:51Z] ERROR: BACKUP_FILE must be an absolute readable non-symlink regular file&#10;  &#10;  &#10;assert 2 == 0&#10; +  where 2 = CompletedProcess(args=['C:\\Program Files\\Git\\usr\\bin\\bash.EXE', 'C:/Users/Jonathan/Projects/wf-required-test-gate...'[restore 2026-08-02T20:23:51Z] ERROR: BACKUP_FILE must be an absolute readable non-symlink regular file\n', stderr='').returncode">tmp_path = WindowsPath('C:/Users/Jonathan/AppData/Local/Temp/pytest-of-Jonathan/pytest-7404/test_restore_stops_all_running0')

    def test_restore_stops_all_running_volume_consumers_after_validation(tmp_path):
        target_dir = tmp_path / "target-volume" / "_data"
        target_dir.mkdir(parents=True)
        archive = _simple_full_archive(tmp_path / "valid.tar.gz")
        fake_bin = _fake_restore_bin(tmp_path, target_dir)
        call_log = tmp_path / "docker.calls"
        env = _restore_env(tmp_path, target_dir, archive, fake_bin)
        env.update({
            "DOCKER_CALL_LOG": _bash_path(call_log),
            "DOCKER_PS_OUTPUT": "container-a\ncontainer-b",
            "DOCKER_STOP_MARKER": _bash_path(tmp_path / "docker.stopped"),
        })
        result = _run(RESTORE_SH, env)
    
&gt;       assert result.returncode == 0, f"{result.stdout}\n{result.stderr}"
E       AssertionError: [restore 2026-08-02T20:23:51Z] ERROR: BACKUP_FILE must be an absolute readable non-symlink regular file
E         
E         
E       assert 2 == 0
E        +  where 2 = CompletedProcess(args=['C:\\Program Files\\Git\\usr\\bin\\bash.EXE', 'C:/Users/Jonathan/Projects/wf-required-test-gate...'[restore 2026-08-02T20:23:51Z] ERROR: BACKUP_FILE must be an absolute readable non-symlink regular file\n', stderr='').returncode

tests\test_backup_script.py:675: AssertionError</failure></testcase><testcase classname="tests.test_backup_script" name="test_bounded_parallel_volume_restore_burst_is_isolated" file="tests\test_backup_script.py" line="680" time="0.146"><failure message="AssertionError: ['[restore 2026-08-02T20:23:51Z] ERROR: BACKUP_FILE must be an absolute readable non-symlink regular file&#10;  &#10;  ', '[rest...n', '[restore 2026-08-02T20:23:51Z] ERROR: BACKUP_FILE must be an absolute readable non-symlink regular file&#10;  &#10;  ', ...]&#10;assert False&#10; +  where False = all(&lt;generator object test_bounded_parallel_volume_restore_burst_is_isolated.&lt;locals&gt;.&lt;genexpr&gt; at 0x0000018DC8D95220&gt;)">tmp_path = WindowsPath('C:/Users/Jonathan/AppData/Local/Temp/pytest-of-Jonathan/pytest-7404/test_bounded_parallel_volume_r0')

    def test_bounded_parallel_volume_restore_burst_is_isolated(tmp_path):
        cases = []
        for index in range(8):
            name = f"volume-{index}"
            case_dir = tmp_path / name
            target_dir = case_dir / "volume" / "_data"
            target_dir.mkdir(parents=True)
            archive = _simple_full_archive(case_dir / "archive.tar.gz", name)
            fake_bin = _fake_restore_bin(case_dir, target_dir)
            cases.append((case_dir, target_dir, archive, fake_bin, name))
    
        def restore(case):
            case_dir, target_dir, archive, fake_bin, _ = case
            return _run(RESTORE_SH, _restore_env(case_dir, target_dir, archive, fake_bin))
    
        with ThreadPoolExecutor(max_workers=8) as executor:
            results = list(executor.map(restore, cases))
    
&gt;       assert all(result.returncode == 0 for result in results), [
            f"{result.stdout}\n{result.stderr}" for result in results
        ]
E       AssertionError: ['[restore 2026-08-02T20:23:51Z] ERROR: BACKUP_FILE must be an absolute readable non-symlink regular file
E         
E         ', '[rest...n', '[restore 2026-08-02T20:23:51Z] ERROR: BACKUP_FILE must be an absolute readable non-symlink regular file
E         
E         ', ...]
E       assert False
E        +  where False = all(&lt;generator object test_bounded_parallel_volume_restore_burst_is_isolated.&lt;locals&gt;.&lt;genexpr&gt; at 0x0000018DC8D95220&gt;)

tests\test_backup_script.py:699: AssertionError</failure></testcase><testcase classname="tests.test_backup_script" name="test_same_volume_restore_is_refused_while_lock_is_held" file="tests\test_backup_script.py" line="706" time="0.246"><failure message="AssertionError: first restore failed:&#10;  [restore 2026-08-02T20:23:51Z] ERROR: BACKUP_FILE must be an absolute readable non-symlink regular file&#10;  &#10;  &#10;assert 2 == 0&#10; +  where 2 = &lt;Popen: returncode: 2 args: ['C:\\Program Files\\Git\\usr\\bin\\bash.EXE', '...&gt;.returncode">tmp_path = WindowsPath('C:/Users/Jonathan/AppData/Local/Temp/pytest-of-Jonathan/pytest-7404/test_same_volume_restore_is_re0')

    def test_same_volume_restore_is_refused_while_lock_is_held(tmp_path):
        target_dir = tmp_path / "volume" / "_data"
        target_dir.mkdir(parents=True)
        archive = _simple_full_archive(tmp_path / "archive.tar.gz", "new")
        fake_bin = _fake_restore_bin(tmp_path, target_dir)
        (fake_bin / "tar").write_text(
            "#!/usr/bin/env bash\n"
            'if [[ " $* " == *" -xzf "* ]]; then sleep 1; fi\n'
            'exec /bin/tar "$@"\n',
            encoding="utf-8",
            newline="\n",
        )
        (fake_bin / "tar").chmod(0o755)
        env = _restore_env(tmp_path, target_dir, archive, fake_bin)
    
        if _is_wsl_bash():
            assignments = " ".join(f"{k}={shlex.quote(str(v))}" for k, v in env.items())
            command = f"/usr/bin/env {assignments} {shlex.quote(_bash_path(RESTORE_SH))}"
            first = subprocess.Popen([_BASH, "-lc", command], stdout=subprocess.PIPE,
                                     stderr=subprocess.PIPE, text=True)
        else:
            first = subprocess.Popen([_BASH, _bash_path(RESTORE_SH)], stdout=subprocess.PIPE,
                                     stderr=subprocess.PIPE, text=True, env={**os.environ, **env})
        time.sleep(0.2)
        second = _run(RESTORE_SH, env)
        first_stdout, first_stderr = first.communicate(timeout=10)
    
&gt;       assert first.returncode == 0, f"first restore failed:\n{first_stdout}\n{first_stderr}"
E       AssertionError: first restore failed:
E         [restore 2026-08-02T20:23:51Z] ERROR: BACKUP_FILE must be an absolute readable non-symlink regular file
E         
E         
E       assert 2 == 0
E        +  where 2 = &lt;Popen: returncode: 2 args: ['C:\\Program Files\\Git\\usr\\bin\\bash.EXE', '...&gt;.returncode

tests\test_backup_script.py:734: AssertionError</failure></testcase><testcase classname="tests.test_backup_script" name="test_retention_keeps_last_7_daily" file="tests\test_backup_script.py" line="751" time="0.001" /><testcase classname="tests.test_backup_script" name="test_retention_keeps_weekly_anchors" file="tests\test_backup_script.py" line="762" time="0.001" /><testcase classname="tests.test_backup_script" name="test_retention_all_recent_no_pruning" file="tests\test_backup_script.py" line="773" time="0.001" /><testcase classname="tests.test_backup_script" name="test_retention_monthly_anchor_kept" file="tests\test_backup_script.py" line="781" time="0.001" /><testcase classname="tests.test_backup_script" name="test_retention_never_deletes_unrecognized_names" file="tests\test_backup_script.py" line="798" time="0.001" /><testcase classname="tests.test_backup_script" name="test_retention_per_tier_independent" file="tests\test_backup_script.py" line="814" time="0.001" /><testcase classname="tests.test_backup_script" name="test_backup_sh_has_brain_tier_and_tolerates_live_tar" file="tests\test_backup_script.py" line="830" time="0.001" /><testcase classname="tests.test_backup_script" name="test_prune_script_subprocess_emits_deletions" file="tests\test_backup_script.py" line="841" time="0.072" /><testcase classname="tests.test_backup_ship_gh" name="test_ship_exits_1_without_gh_token" file="tests\test_backup_ship_gh.py" line="48" time="0.004" /><testcase classname="tests.test_backup_ship_gh" name="test_ship_exits_2_when_tarball_missing" file="tests\test_backup_ship_gh.py" line="56" time="0.004" /><testcase classname="tests.test_backup_ship_gh" name="test_ensure_repo_noop_when_exists" file="tests\test_backup_ship_gh.py" line="67" time="0.001" /><testcase classname="tests.test_backup_ship_gh" name="test_ensure_repo_creates_when_missing" file="tests\test_backup_ship_gh.py" line="80" time="0.001" /><testcase classname="tests.test_backup_ship_gh" name="test_ensure_repo_re_raises_non_404" file="tests\test_backup_ship_gh.py" line="101" time="0.001" /><testcase classname="tests.test_backup_ship_gh" name="test_create_release_posts_correct_tag" file="tests\test_backup_ship_gh.py" line="112" time="0.001" /><testcase classname="tests.test_backup_ship_gh" name="test_upload_asset_strips_template_suffix" file="tests\test_backup_ship_gh.py" line="127" time="0.004" /><testcase classname="tests.test_backup_ship_gh" name="test_upload_asset_uses_gzip_content_type" file="tests\test_backup_ship_gh.py" line="147" time="0.004" /><testcase classname="tests.test_backup_ship_gh" name="test_prune_releases_keeps_newest" file="tests\test_backup_ship_gh.py" line="174" time="0.001" /><testcase classname="tests.test_backup_ship_gh" name="test_prune_releases_noop_when_within_limit" file="tests\test_backup_ship_gh.py" line="199" time="0.001" /><testcase classname="tests.test_backup_ship_gh" name="test_delete_release_reports_stale_404_without_hiding_other_errors" file="tests\test_backup_ship_gh.py" line="208" time="0.001" /><testcase classname="tests.test_backup_ship_gh" name="test_ship_dry_run_makes_no_api_calls" file="tests\test_backup_ship_gh.py" line="228" time="0.003" /><testcase classname="tests.test_backup_ship_gh" name="test_ship_calls_ensure_create_upload_prune" file="tests\test_backup_ship_gh.py" line="236" time="0.003" /><testcase classname="tests.test_backup_ship_gh" name="test_ship_exits_3_on_api_error" file="tests\test_backup_ship_gh.py" line="266" time="0.003" /><testcase classname="tests.test_backup_ship_gh" name="test_tag_derived_from_tarball_stem" file="tests\test_backup_ship_gh.py" line="283" time="0.004" /><testcase classname="tests.test_backup_ship_gh" name="test_backup_sh_references_backup_ship_gh" file="tests\test_backup_ship_gh.py" line="308" time="0.001" /><testcase classname="tests.test_backup_ship_gh" name="test_backup_sh_gh_token_guard" file="tests\test_backup_ship_gh.py" line="314" time="0.001" /><testcase classname="tests.test_backup_ship_gh" name="test_backup_sh_offsite_is_best_effort" file="tests\test_backup_ship_gh.py" line="320" time="0.001" /><testcase classname="tests.test_backup_ship_gh" name="test_runbook_mentions_gh_restore" file="tests\test_backup_ship_gh.py" line="330" time="0.001" /><testcase classname="tests.test_backup_ship_gh" name="test_api_tolerates_empty_body_204" file="tests\test_backup_ship_gh.py" line="344" time="0.001" /><testcase classname="tests.test_backup_ship_gh" name="test_api_timeout_uses_controlled_transport_error" file="tests\test_backup_ship_gh.py" line="367" time="0.001" /><testcase classname="tests.test_backup_ship_gh" name="test_retention_reconcile_budget_is_bounded_to_two_minutes" file="tests\test_backup_ship_gh.py" line="383" time="0.000" /><testcase classname="tests.test_backup_ship_gh" name="test_stale_victim_reconciliation_stops_at_wall_clock_budget" file="tests\test_backup_ship_gh.py" line="387" time="0.001" /><testcase classname="tests.test_backup_ship_gh" name="test_prune_never_touches_non_backup_releases" file="tests\test_backup_ship_gh.py" line="436" time="0.001" /><testcase classname="tests.test_backup_ship_gh" name="test_prune_orders_by_published_at_when_created_at_ties" file="tests\test_backup_ship_gh.py" line="469" time="0.001" /><testcase classname="tests.test_backup_ship_gh" name="test_prune_falls_back_to_tag_timestamp_without_published_at" file="tests\test_backup_ship_gh.py" line="491" time="0.001" /><testcase classname="tests.test_backup_ship_gh" name="test_prune_counts_just_created_release_before_list_converges" file="tests\test_backup_ship_gh.py" line="508" time="0.001" /><testcase classname="tests.test_backup_ship_gh" name="test_prune_does_not_double_count_converged_created_release" file="tests\test_backup_ship_gh.py" line="554" time="0.001" /><testcase classname="tests.test_backup_ship_gh" name="test_prune_fails_when_created_release_never_becomes_list_visible" file="tests\test_backup_ship_gh.py" line="577" time="0.001" /><testcase classname="tests.test_backup_ship_gh" name="test_sequential_upload_pruning_skips_stale_already_deleted_victim" file="tests\test_backup_ship_gh.py" line="609" time="0.001" /><testcase classname="tests.test_bootstrap_add_second_ssh_key" name="test_exits_1_without_host" file="tests\test_bootstrap_add_second_ssh_key.py" line="27" time="0.001" /><testcase classname="tests.test_bootstrap_add_second_ssh_key" name="test_exits_1_without_primary_key" file="tests\test_bootstrap_add_second_ssh_key.py" line="35" time="0.001" /><testcase classname="tests.test_bootstrap_add_second_ssh_key" name="test_run_skips_when_secret_already_exists_in_legacy_mode" file="tests\test_bootstrap_add_second_ssh_key.py" line="46" time="0.001" /><testcase classname="tests.test_bootstrap_add_second_ssh_key" name="test_run_does_not_check_secret_in_default_vault_mode" file="tests\test_bootstrap_add_second_ssh_key.py" line="58" time="0.001" /><testcase classname="tests.test_bootstrap_add_second_ssh_key" name="test_dry_run_skips_mutations" file="tests\test_bootstrap_add_second_ssh_key.py" line="73" time="0.001" /><testcase classname="tests.test_bootstrap_add_second_ssh_key" name="test_pubkey_already_present_skips_upload" file="tests\test_bootstrap_add_second_ssh_key.py" line="125" time="0.035" /><testcase classname="tests.test_bootstrap_add_second_ssh_key" name="test_upload_attempted_when_pubkey_absent" file="tests\test_bootstrap_add_second_ssh_key.py" line="130" time="0.008" /><testcase classname="tests.test_bootstrap_add_second_ssh_key" name="test_gh_token_from_env" file="tests\test_bootstrap_add_second_ssh_key.py" line="138" time="0.001" /><testcase classname="tests.test_bootstrap_add_second_ssh_key" name="test_gh_token_explicit_arg_takes_priority" file="tests\test_bootstrap_add_second_ssh_key.py" line="143" time="0.001" /><testcase classname="tests.test_bootstrap_add_second_ssh_key" name="test_pubkey_already_present_parses_yes" file="tests\test_bootstrap_add_second_ssh_key.py" line="151" time="0.001" /><testcase classname="tests.test_bootstrap_add_second_ssh_key" name="test_pubkey_not_present_parses_no" file="tests\test_bootstrap_add_second_ssh_key.py" line="158" time="0.001" /><testcase classname="tests.test_bootstrap_add_second_ssh_key" name="test_append_pubkey_raises_on_nonzero" file="tests\test_bootstrap_add_second_ssh_key.py" line="165" time="0.001" /><testcase classname="tests.test_bootstrap_add_second_ssh_key" name="test_script_exists" file="tests\test_bootstrap_add_second_ssh_key.py" line="175" time="0.001" /><testcase classname="tests.test_bootstrap_add_second_ssh_key" name="test_audit_mentions_dual_key" file="tests\test_bootstrap_add_second_ssh_key.py" line="182" time="0.001" /><testcase classname="tests.test_bootstrap_add_second_ssh_key" name="test_audit_mentions_second_key_script" file="tests\test_bootstrap_add_second_ssh_key.py" line="188" time="0.001" /><testcase classname="tests.test_bootstrap_add_second_ssh_key" name="test_secret_name_constant" file="tests\test_bootstrap_add_second_ssh_key.py" line="194" time="0.000" /><testcase classname="tests.test_bootstrap_add_second_ssh_key" name="test_do_key_exists_matches_on_key_body" file="tests\test_bootstrap_add_second_ssh_key.py" line="201" time="0.001" /><testcase classname="tests.test_bootstrap_add_second_ssh_key" name="test_do_register_key_parses_response" file="tests\test_bootstrap_add_second_ssh_key.py" line="226" time="0.001" /><testcase classname="tests.test_bootstrap_add_second_ssh_key" name="test_print_only_emits_private_pem_to_stdout" file="tests\test_bootstrap_add_second_ssh_key.py" line="252" time="0.036" /><testcase classname="tests.test_bootstrap_add_second_ssh_key" name="test_default_mode_writes_key_files_to_out_dir" file="tests\test_bootstrap_add_second_ssh_key.py" line="284" time="0.017" /><testcase classname="tests.test_bootstrap_add_second_ssh_key" name="test_mutually_exclusive_print_only_and_gh_secret" file="tests\test_bootstrap_add_second_ssh_key.py" line="319" time="0.001" /><testcase classname="tests.test_bootstrap_add_second_ssh_key" name="test_do_register_skipped_when_no_token" file="tests\test_bootstrap_add_second_ssh_key.py" line="328" time="0.016" /><testcase classname="tests.test_bootstrap_add_second_ssh_key" name="test_do_register_runs_when_token_set" file="tests\test_bootstrap_add_second_ssh_key.py" line="360" time="0.008" /><testcase classname="tests.test_bootstrap_add_second_ssh_key" name="test_default_key_name_and_do_label_constants" file="tests\test_bootstrap_add_second_ssh_key.py" line="396" time="0.001" /><testcase classname="tests.test_bootstrap_env.TestProbeEnvReadability" name="test_readable_file_returns_true" file="tests\test_bootstrap_env.py" line="20" time="0.012" /><testcase classname="tests.test_bootstrap_env.TestProbeEnvReadability" name="test_missing_file_returns_true" file="tests\test_bootstrap_env.py" line="26" time="0.004" /><testcase classname="tests.test_bootstrap_env.TestProbeEnvReadability" name="test_unreadable_file_returns_false" file="tests\test_bootstrap_env.py" line="30" time="0.000"><skipped type="pytest.skip" message="chmod 000 permission denial not enforced on Windows">C:\Users\Jonathan\Projects\wf-required-test-gate\tests\test_bootstrap_env.py:31: chmod 000 permission denial not enforced on Windows</skipped></testcase><testcase classname="tests.test_bootstrap_env.TestProbeEnvReadability" name="test_unreadable_file_emits_warning" file="tests\test_bootstrap_env.py" line="44" time="0.000"><skipped type="pytest.skip" message="chmod 000 permission denial not enforced on Windows">C:\Users\Jonathan\Projects\wf-required-test-gate\tests\test_bootstrap_env.py:45: chmod 000 permission denial not enforced on Windows</skipped></testcase><testcase classname="tests.test_bootstrap_env.TestProbeEnvReadability" name="test_warning_includes_fix_command" file="tests\test_bootstrap_env.py" line="64" time="0.000"><skipped type="pytest.skip" message="chmod 000 permission denial not enforced on Windows">C:\Users\Jonathan\Projects\wf-required-test-gate\tests\test_bootstrap_env.py:65: chmod 000 permission denial not enforced on Windows</skipped></testcase><testcase classname="tests.test_bootstrap_env.TestProbeEnvReadability" name="test_readable_file_no_warning_emitted" file="tests\test_bootstrap_env.py" line="84" time="0.005" /><testcase classname="tests.test_bootstrap_env.TestProbeEnvReadability" name="test_missing_file_no_warning_emitted" file="tests\test_bootstrap_env.py" line="95" time="0.003" /><testcase classname="tests.test_bootstrap_script" name="test_bootstrap_shellcheck" file="tests\test_bootstrap_script.py" line="35" time="0.000"><skipped type="pytest.skip" message="shellcheck not installed">C:\Users\Jonathan\Projects\wf-required-test-gate\tests\test_bootstrap_script.py:36: shellcheck not installed</skipped></testcase><testcase classname="tests.test_bootstrap_script" name="test_docker_daemon_json_path_present" file="tests\test_bootstrap_script.py" line="50" time="0.012" /><testcase classname="tests.test_bootstrap_script" name="test_docker_log_max_size_10m" file="tests\test_bootstrap_script.py" line="54" time="0.001" /><testcase classname="tests.test_bootstrap_script" name="test_docker_log_max_file_3" file="tests\test_bootstrap_script.py" line="58" time="0.001" /><testcase classname="tests.test_bootstrap_script" name="test_docker_log_driver_json_file" file="tests\test_bootstrap_script.py" line="62" time="0.001" /><testcase classname="tests.test_bootstrap_script" name="test_docker_daemon_json_idempotent_guard" file="tests\test_bootstrap_script.py" line="66" time="0.001" /><testcase classname="tests.test_bootstrap_script" name="test_swap_swapfile_path" file="tests\test_bootstrap_script.py" line="82" time="0.001" /><testcase classname="tests.test_bootstrap_script" name="test_swap_size_2gb" file="tests\test_bootstrap_script.py" line="86" time="0.001" /><testcase classname="tests.test_bootstrap_script" name="test_swap_fallocate_present" file="tests\test_bootstrap_script.py" line="90" time="0.001" /><testcase classname="tests.test_bootstrap_script" name="test_swap_swapon_present" file="tests\test_bootstrap_script.py" line="94" time="0.001" /><testcase classname="tests.test_bootstrap_script" name="test_swap_fstab_entry_present" file="tests\test_bootstrap_script.py" line="98" time="0.001" /><testcase classname="tests.test_bootstrap_script" name="test_swap_fstab_idempotency_guard" file="tests\test_bootstrap_script.py" line="104" time="0.001" /><testcase classname="tests.test_bootstrap_script" name="test_swap_chmod_600" file="tests\test_bootstrap_script.py" line="113" time="0.001" /><testcase classname="tests.test_bootstrap_script" name="test_swappiness_sysctl_d_file" file="tests\test_bootstrap_script.py" line="122" time="0.001" /><testcase classname="tests.test_bootstrap_script" name="test_swappiness_value_10" file="tests\test_bootstrap_script.py" line="126" time="0.001" /><testcase classname="tests.test_bootstrap_script" name="test_swappiness_idempotent_guard" file="tests\test_bootstrap_script.py" line="130" time="0.001" /><testcase classname="tests.test_bootstrap_script" name="test_deploy_dir_mkdir_present" file="tests\test_bootstrap_script.py" line="140" time="0.001" /><testcase classname="tests.test_bootstrap_script" name="test_deploy_dir_mkdir_before_git_clone" file="tests\test_bootstrap_script.py" line="147" time="0.001" /><testcase classname="tests.test_bootstrap_script" name="test_deploy_dir_mkdir_uses_workflow_home_var" file="tests\test_bootstrap_script.py" line="158" time="0.001" /><testcase classname="tests.test_bootstrap_script" name="test_bootstrap_waits_for_cloud_init" file="tests\test_bootstrap_script.py" line="169" time="0.001" /><testcase classname="tests.test_bootstrap_script" name="test_bootstrap_cloud_init_is_guarded_by_command_check" file="tests\test_bootstrap_script.py" line="185" time="0.001" /><testcase classname="tests.test_bootstrap_script" name="test_bootstrap_cloud_init_failure_is_non_fatal" file="tests\test_bootstrap_script.py" line="194" time="0.001" /><testcase classname="tests.test_bootstrap_script" name="test_bootstrap_apt_lock_wait_loop_present" file="tests\test_bootstrap_script.py" line="207" time="0.001" /><testcase classname="tests.test_bootstrap_script" name="test_bootstrap_apt_lock_wait_appears_before_apt_update" file="tests\test_bootstrap_script.py" line="220" time="0.001" /><testcase classname="tests.test_bootstrap_script" name="test_bootstrap_apt_lock_wait_has_timeout" file="tests\test_bootstrap_script.py" line="233" time="0.001" /><testcase classname="tests.test_bootstrap_script" name="test_bootstrap_git_never_uses_safe_directory_exception" file="tests\test_bootstrap_script.py" line="245" time="0.001" /><testcase classname="tests.test_bootstrap_script" name="test_repeat_root_owned_checkout_converges_before_service_git" file="tests\test_bootstrap_script.py" line="251" time="0.001" /><testcase classname="tests.test_bootstrap_script" name="test_bootstrap_validates_checkout_sha_before_installer" file="tests\test_bootstrap_script.py" line="276" time="0.001" /><testcase classname="tests.test_branch_authoring_actions" name="test_create_branch_round_trips" file="tests\test_branch_authoring_actions.py" line="42" time="0.134" /><testcase classname="tests.test_branch_authoring_actions" name="test_create_branch_requires_name" file="tests\test_branch_authoring_actions.py" line="54" time="0.112" /><testcase classname="tests.test_branch_authoring_actions" name="test_list_branches_returns_summaries" file="tests\test_branch_authoring_actions.py" line="60" time="0.142" /><testcase classname="tests.test_branch_authoring_actions" name="test_list_branches_scope_published_filters_on_published_versions" file="tests\test_branch_authoring_actions.py" line="94" time="0.241" /><testcase classname="tests.test_branch_authoring_actions" name="test_list_branches_scope_published_is_the_default" file="tests\test_branch_authoring_actions.py" line="131" time="0.219" /><testcase classname="tests.test_branch_authoring_actions" name="test_list_branches_scope_mine_filters_to_caller" file="tests\test_branch_authoring_actions.py" line="147" time="0.245" /><testcase classname="tests.test_branch_authoring_actions" name="test_list_branches_rejects_unknown_scope" file="tests\test_branch_authoring_actions.py" line="177" time="0.114" /><testcase classname="tests.test_branch_authoring_actions" name="test_list_branches_node_count_matches_node_defs_length" file="tests\test_branch_authoring_actions.py" line="188" time="0.212" /><testcase classname="tests.test_branch_authoring_actions" name="test_delete_branch" file="tests\test_branch_authoring_actions.py" line="228" time="0.203" /><testcase classname="tests.test_branch_authoring_actions" name="test_add_node_rejects_source_and_template_both" file="tests\test_branch_authoring_actions.py" line="240" time="0.136" /><testcase classname="tests.test_branch_authoring_actions" name="test_add_node_duplicate_id_rejected" file="tests\test_branch_authoring_actions.py" line="253" time="0.158" /><testcase classname="tests.test_branch_authoring_actions" name="test_set_entry_point_updates_branch" file="tests\test_branch_authoring_actions.py" line="272" time="0.179" /><testcase classname="tests.test_branch_authoring_actions" name="test_add_state_field_duplicate_rejected" file="tests\test_branch_authoring_actions.py" line="286" time="0.143" /><testcase classname="tests.test_branch_authoring_actions" name="test_validate_reports_errors_on_empty_branch" file="tests\test_branch_authoring_actions.py" line="301" time="0.128" /><testcase classname="tests.test_branch_authoring_actions" name="test_describe_branch_points_at_runner" file="tests\test_branch_authoring_actions.py" line="309" time="0.160"><failure message="assert 'run_branch' in 'Branch: Empty  [c6a27c4aea27]\nAuthor: tester   Domain: workflow\nEntry point: (not set)\n\nNodes (0):\n  (no nodes y...)\n```\n\nNote: run this branch with run_graph branch_def_id=&quot;c6a27c4aea27&quot; inputs_json=&quot;&lt;state JSON&gt;&quot; once validated.'">branch_env = (&lt;module 'tinyassets.universe_server' from 'C:\\Users\\Jonathan\\Projects\\wf-required-test-gate\\tinyassets\\universe...'&gt;, WindowsPath('C:/Users/Jonathan/AppData/Local/Temp/pytest-of-Jonathan/pytest-7404/test_describe_branch_points_at0'))

    def test_describe_branch_points_at_runner(branch_env):
        """Phase 3 shipped — describe_branch should direct users to run_branch."""
        us, _ = branch_env
        bid = _call(us, "create_branch", name="Empty")["branch_def_id"]
        result = _call(us, "describe_branch", branch_def_id=bid)
&gt;       assert "run_branch" in result["summary"]
E       assert 'run_branch' in 'Branch: Empty  [c6a27c4aea27]\nAuthor: tester   Domain: workflow\nEntry point: (not set)\n\nNodes (0):\n  (no nodes y...)\n```\n\nNote: run this branch with run_graph branch_def_id="c6a27c4aea27" inputs_json="&lt;state JSON&gt;" once validated.'

tests\test_branch_authoring_actions.py:315: AssertionError</failure></testcase><testcase classname="tests.test_branch_authoring_actions" name="test_recipe_tracker_end_to_end" file="tests\test_branch_authoring_actions.py" line="318" time="0.491"><failure message="assert 'run_branch' in 'Branch: Recipe tracker  [eb8c4d3d3550]\nAuthor: tester   Domain: workflow\nEntry point: capture\n\nNodes (3):\n  - ca...x\n```\n\nNote: run this branch with run_graph branch_def_id=&quot;eb8c4d3d3550&quot; inputs_json=&quot;&lt;state JSON&gt;&quot; once validated.'">branch_env = (&lt;module 'tinyassets.universe_server' from 'C:\\Users\\Jonathan\\Projects\\wf-required-test-gate\\tinyassets\\universe...'&gt;, WindowsPath('C:/Users/Jonathan/AppData/Local/Temp/pytest-of-Jonathan/pytest-7404/test_recipe_tracker_end_to_end0'))

    def test_recipe_tracker_end_to_end(branch_env):
        us, base = branch_env
    
        created = _call(
            us, "create_branch",
            name="Recipe tracker",
            description="Capture, categorize, archive recipes",
        )
        bid = created["branch_def_id"]
        assert created["status"] == "created"
    
        for node_id, display, template in (
            ("capture", "Capture raw recipe",
             "Read the user's message and extract recipe."),
            ("categorize", "Categorize recipe",
             "Classify by cuisine and meal type."),
            ("archive", "Archive to library",
             "Format as a wiki entry."),
        ):
            r = _call(
                us, "add_node",
                branch_def_id=bid, node_id=node_id,
                display_name=display, prompt_template=template,
            )
            assert r["status"] == "added"
    
        for src, dst in (
            ("START", "capture"),
            ("capture", "categorize"),
            ("categorize", "archive"),
            ("archive", "END"),
        ):
            _call(us, "connect_nodes",
                  branch_def_id=bid, from_node=src, to_node=dst)
    
        _call(us, "set_entry_point", branch_def_id=bid, node_id="capture")
    
        for fname, ftype, default in (
            ("raw_recipe", "str", ""),
            ("category", "str", ""),
            ("archived", "bool", "false"),
        ):
            r = _call(
                us, "add_state_field",
                branch_def_id=bid, field_name=fname,
                field_type=ftype, field_default=default,
            )
            assert r["status"] == "added"
    
        validated = _call(us, "validate_branch", branch_def_id=bid)
        assert validated["valid"] is True, validated
    
        described = _call(us, "describe_branch", branch_def_id=bid)
        assert described["valid"] is True
        assert "recipe tracker" in described["summary"].lower()
        assert "capture" in described["summary"]
&gt;       assert "run_branch" in described["summary"]
E       assert 'run_branch' in 'Branch: Recipe tracker  [eb8c4d3d3550]\nAuthor: tester   Domain: workflow\nEntry point: capture\n\nNodes (3):\n  - ca...x\n```\n\nNote: run this branch with run_graph branch_def_id="eb8c4d3d3550" inputs_json="&lt;state JSON&gt;" once validated.'

tests\test_branch_authoring_actions.py:375: AssertionError</failure></testcase><testcase classname="tests.test_branch_authoring_actions" name="test_ledger_attribution_uses_current_actor" file="tests\test_branch_authoring_actions.py" line="389" time="0.127" /><testcase classname="tests.test_branch_authoring_actions" name="test_read_actions_do_not_hit_ledger" file="tests\test_branch_authoring_actions.py" line="407" time="0.168" /><testcase classname="tests.test_branch_authoring_actions" name="test_unknown_action_without_metadata_is_denied" file="tests\test_branch_authoring_actions.py" line="421" time="0.071" /><testcase classname="tests.test_branch_authoring_actions" name="test_missing_branch_id_returns_error" file="tests\test_branch_authoring_actions.py" line="428" time="0.123" /><testcase classname="tests.test_branch_authoring_actions" name="test_describe_branch_returns_mermaid_flowchart" file="tests\test_branch_authoring_actions.py" line="439" time="0.280" /><testcase classname="tests.test_branch_authoring_actions" name="test_describe_empty_branch_still_emits_mermaid" file="tests\test_branch_authoring_actions.py" line="474" time="0.144" /><testcase classname="tests.test_branch_authoring_actions" name="test_mermaid_label_escapes_quotes_and_newlines" file="tests\test_branch_authoring_actions.py" line="486" time="0.179" /><testcase classname="tests.test_branch_definitions_db.TestSaveAndGet" name="test_save_and_retrieve" file="tests\test_branch_definitions_db.py" line="84" time="0.055" /><testcase classname="tests.test_branch_definitions_db.TestSaveAndGet" name="test_graph_topology_preserved" file="tests\test_branch_definitions_db.py" line="99" time="0.055" /><testcase classname="tests.test_branch_definitions_db.TestSaveAndGet" name="test_node_defs_preserved" file="tests\test_branch_definitions_db.py" line="114" time="0.055" /><testcase classname="tests.test_branch_definitions_db.TestSaveAndGet" name="test_state_schema_preserved" file="tests\test_branch_definitions_db.py" line="123" time="0.056" /><testcase classname="tests.test_branch_definitions_db.TestSaveAndGet" name="test_get_nonexistent_raises" file="tests\test_branch_definitions_db.py" line="133" time="0.048" /><testcase classname="tests.test_branch_definitions_db.TestSaveAndGet" name="test_upsert_replaces" file="tests\test_branch_definitions_db.py" line="137" time="0.062" /><testcase classname="tests.test_branch_definitions_db.TestSaveAndGet" name="test_legacy_nodes_key_compat" file="tests\test_branch_definitions_db.py" line="151" time="0.053" /><testcase classname="tests.test_branch_definitions_db.TestListAndFilter" name="test_list_all" file="tests\test_branch_definitions_db.py" line="186" time="0.066" /><testcase classname="tests.test_branch_definitions_db.TestListAndFilter" name="test_filter_published" file="tests\test_branch_definitions_db.py" line="191" time="0.059" /><testcase classname="tests.test_branch_definitions_db.TestListAndFilter" name="test_filter_author" file="tests\test_branch_definitions_db.py" line="197" time="0.061" /><testcase classname="tests.test_branch_definitions_db.TestListAndFilter" name="test_filter_domain_id" file="tests\test_branch_definitions_db.py" line="203" time="0.060" /><testcase classname="tests.test_branch_definitions_db.TestListAndFilter" name="test_filter_tag" file="tests\test_branch_definitions_db.py" line="209" time="0.063" /><testcase classname="tests.test_branch_definitions_db.TestListAndFilter" name="test_filter_name_contains" file="tests\test_branch_definitions_db.py" line="215" time="0.064" /><testcase classname="tests.test_branch_definitions_db.TestListAndFilter" name="test_filter_combined" file="tests\test_branch_definitions_db.py" line="221" time="0.119" /><testcase classname="tests.test_branch_definitions_db.TestListAndFilter" name="test_empty_results" file="tests\test_branch_definitions_db.py" line="228" time="0.049" /><testcase classname="tests.test_branch_definitions_db.TestUpdate" name="test_update_simple_fields" file="tests\test_branch_definitions_db.py" line="239" time="0.060" /><testcase classname="tests.test_branch_definitions_db.TestUpdate" name="test_update_domain_id" file="tests\test_branch_definitions_db.py" line="251" time="0.060" /><testcase classname="tests.test_branch_definitions_db.TestUpdate" name="test_update_tags" file="tests\test_branch_definitions_db.py" line="262" time="0.057" /><testcase classname="tests.test_branch_definitions_db.TestUpdate" name="test_update_published" file="tests\test_branch_definitions_db.py" line="273" time="0.055" /><testcase classname="tests.test_branch_definitions_db.TestUpdate" name="test_update_node_defs" file="tests\test_branch_definitions_db.py" line="284" time="0.053" /><testcase classname="tests.test_branch_definitions_db.TestUpdate" name="test_update_graph_nodes" file="tests\test_branch_definitions_db.py" line="297" time="0.077" /><testcase classname="tests.test_branch_definitions_db.TestUpdate" name="test_update_legacy_nodes_key" file="tests\test_branch_definitions_db.py" line="310" time="0.472" /><testcase classname="tests.test_branch_definitions_db.TestUpdate" name="test_update_bumps_updated_at" file="tests\test_branch_definitions_db.py" line="322" time="0.060" /><testcase classname="tests.test_branch_definitions_db.TestDelete" name="test_delete_existing" file="tests\test_branch_definitions_db.py" line="341" time="0.053" /><testcase classname="tests.test_branch_definitions_db.TestDelete" name="test_delete_nonexistent" file="tests\test_branch_definitions_db.py" line="350" time="0.042" /><testcase classname="tests.test_branch_definitions_db.TestFork" name="test_fork_creates_new_branch" file="tests\test_branch_definitions_db.py" line="362" time="0.061" /><testcase classname="tests.test_branch_definitions_db.TestFork" name="test_fork_preserves_topology" file="tests\test_branch_definitions_db.py" line="380" time="0.061" /><testcase classname="tests.test_branch_definitions_db.TestFork" name="test_fork_increments_source_fork_count" file="tests\test_branch_definitions_db.py" line="391" time="0.068" /><testcase classname="tests.test_branch_definitions_db.TestFork" name="test_fork_resets_stats" file="tests\test_branch_definitions_db.py" line="402" time="0.065" /><testcase classname="tests.test_branch_definitions_db.TestFork" name="test_fork_nonexistent_raises" file="tests\test_branch_definitions_db.py" line="413" time="0.044" /><testcase classname="tests.test_branch_definitions_db.TestFork" name="test_two_branches_after_fork" file="tests\test_branch_definitions_db.py" line="419" time="0.064" /><testcase classname="tests.test_branch_definitions_db.TestGoalCommonNodesAll" name="test_aggregates_across_goals" file="tests\test_branch_definitions_db.py" line="480" time="0.056" /><testcase classname="tests.test_branch_definitions_db.TestGoalCommonNodesAll" name="test_threshold_filters_singletons" file="tests\test_branch_definitions_db.py" line="512" time="0.052" /><testcase classname="tests.test_branch_definitions_db.TestGoalCommonNodesAll" name="test_unbound_branches_still_counted" file="tests\test_branch_definitions_db.py" line="524" time="0.057" /><testcase classname="tests.test_branch_definitions_db.TestSearchNodes" name="test_empty_query_returns_all_nodes" file="tests\test_branch_definitions_db.py" line="550" time="0.054" /><testcase classname="tests.test_branch_definitions_db.TestSearchNodes" name="test_query_ranks_matching_over_non_matching" file="tests\test_branch_definitions_db.py" line="560" time="0.052" /><testcase classname="tests.test_branch_definitions_db.TestSearchNodes" name="test_reuse_count_counts_distinct_branches" file="tests\test_branch_definitions_db.py" line="579" time="0.057" /><testcase classname="tests.test_branch_definitions_db.TestSearchNodes" name="test_role_filter_restricts_by_phase" file="tests\test_branch_definitions_db.py" line="594" time="0.052" /><testcase classname="tests.test_branch_definitions_db.TestSearchNodes" name="test_prompt_template_preview_truncates" file="tests\test_branch_definitions_db.py" line="607" time="0.050" /><testcase classname="tests.test_branch_evaluation_iteration" name="test_judge_run_stores_judgment" file="tests\test_branch_evaluation_iteration.py" line="76" time="0.107"><failure message="KeyError: 'branch_def_id'">p4_env = (&lt;module 'tinyassets.universe_server' from 'C:\\Users\\Jonathan\\Projects\\wf-required-test-gate\\tinyassets\\universe...dowsPath('C:/Users/Jonathan/AppData/Local/Temp/pytest-of-Jonathan/pytest-7404/test_judge_run_stores_judgment0/output'))

    def test_judge_run_stores_judgment(p4_env):
        us, _ = p4_env
&gt;       bid = _build_trivial_branch(us)
              ^^^^^^^^^^^^^^^^^^^^^^^^^

tests\test_branch_evaluation_iteration.py:79: 
_ _ _ _ _ _ _ _ _ _ _ _ _ _ _ _ _ _ _ _ _ _ _ _ _ _ _ _ _ _ _ _ _ _ _ _ _ _ _ _

us = &lt;module 'tinyassets.universe_server' from 'C:\\Users\\Jonathan\\Projects\\wf-required-test-gate\\tinyassets\\universe_server.py'&gt;

    def _build_trivial_branch(us) -&gt; str:
        """A single-node branch that always completes cleanly via mock provider.
    
        Keeps evaluation tests focused on eval surfaces rather than graph shape.
        """
        spec = {
            "name": "Trivial",
            "description": "Single-node test branch",
            "entry_point": "n",
            "node_defs": [
                {"node_id": "n", "display_name": "N",
                 "prompt_template": "Handle: {x}", "output_keys": ["n_out"]},
            ],
            "edges": [
                {"from": "START", "to": "n"},
                {"from": "n", "to": "END"},
            ],
            "state_schema": [
                {"name": "x", "type": "str"},
                {"name": "n_out", "type": "str"},
            ],
        }
&gt;       return _call(us, "build_branch", spec_json=json.dumps(spec))["branch_def_id"]
               ^^^^^^^^^^^^^^^^^^^^^^^^^^^^^^^^^^^^^^^^^^^^^^^^^^^^^^^^^^^^^^^^^^^^^^
E       KeyError: 'branch_def_id'

tests\test_branch_evaluation_iteration.py:62: KeyError</failure></testcase><testcase classname="tests.test_branch_evaluation_iteration" name="test_judge_run_requires_run_id_and_text" file="tests\test_branch_evaluation_iteration.py" line="89" time="0.066" /><testcase classname="tests.test_branch_evaluation_iteration" name="test_judge_run_rejects_missing_run" file="tests\test_branch_evaluation_iteration.py" line="97" time="0.090" /><testcase classname="tests.test_branch_evaluation_iteration" name="test_judge_run_text_channel_preview" file="tests\test_branch_evaluation_iteration.py" line="104" time="0.105"><failure message="KeyError: 'branch_def_id'">p4_env = (&lt;module 'tinyassets.universe_server' from 'C:\\Users\\Jonathan\\Projects\\wf-required-test-gate\\tinyassets\\universe...dowsPath('C:/Users/Jonathan/AppData/Local/Temp/pytest-of-Jonathan/pytest-7404/test_judge_run_text_channel_pr0/output'))

    def test_judge_run_text_channel_preview(p4_env):
        us, _ = p4_env
&gt;       bid = _build_trivial_branch(us)
              ^^^^^^^^^^^^^^^^^^^^^^^^^

tests\test_branch_evaluation_iteration.py:107: 
_ _ _ _ _ _ _ _ _ _ _ _ _ _ _ _ _ _ _ _ _ _ _ _ _ _ _ _ _ _ _ _ _ _ _ _ _ _ _ _

us = &lt;module 'tinyassets.universe_server' from 'C:\\Users\\Jonathan\\Projects\\wf-required-test-gate\\tinyassets\\universe_server.py'&gt;

    def _build_trivial_branch(us) -&gt; str:
        """A single-node branch that always completes cleanly via mock provider.
    
        Keeps evaluation tests focused on eval surfaces rather than graph shape.
        """
        spec = {
            "name": "Trivial",
            "description": "Single-node test branch",
            "entry_point": "n",
            "node_defs": [
                {"node_id": "n", "display_name": "N",
                 "prompt_template": "Handle: {x}", "output_keys": ["n_out"]},
            ],
            "edges": [
                {"from": "START", "to": "n"},
                {"from": "n", "to": "END"},
            ],
            "state_schema": [
                {"name": "x", "type": "str"},
                {"name": "n_out", "type": "str"},
            ],
        }
&gt;       return _call(us, "build_branch", spec_json=json.dumps(spec))["branch_def_id"]
               ^^^^^^^^^^^^^^^^^^^^^^^^^^^^^^^^^^^^^^^^^^^^^^^^^^^^^^^^^^^^^^^^^^^^^^
E       KeyError: 'branch_def_id'

tests\test_branch_evaluation_iteration.py:62: KeyError</failure></testcase><testcase classname="tests.test_branch_evaluation_iteration" name="test_judge_run_supports_run_scoped_judgment" file="tests\test_branch_evaluation_iteration.py" line="117" time="0.104"><failure message="KeyError: 'branch_def_id'">p4_env = (&lt;module 'tinyassets.universe_server' from 'C:\\Users\\Jonathan\\Projects\\wf-required-test-gate\\tinyassets\\universe...dowsPath('C:/Users/Jonathan/AppData/Local/Temp/pytest-of-Jonathan/pytest-7404/test_judge_run_supports_run_sc0/output'))

    def test_judge_run_supports_run_scoped_judgment(p4_env):
        us, _ = p4_env
&gt;       bid = _build_trivial_branch(us)
              ^^^^^^^^^^^^^^^^^^^^^^^^^

tests\test_branch_evaluation_iteration.py:120: 
_ _ _ _ _ _ _ _ _ _ _ _ _ _ _ _ _ _ _ _ _ _ _ _ _ _ _ _ _ _ _ _ _ _ _ _ _ _ _ _

us = &lt;module 'tinyassets.universe_server' from 'C:\\Users\\Jonathan\\Projects\\wf-required-test-gate\\tinyassets\\universe_server.py'&gt;

    def _build_trivial_branch(us) -&gt; str:
        """A single-node branch that always completes cleanly via mock provider.
    
        Keeps evaluation tests focused on eval surfaces rather than graph shape.
        """
        spec = {
            "name": "Trivial",
            "description": "Single-node test branch",
            "entry_point": "n",
            "node_defs": [
                {"node_id": "n", "display_name": "N",
                 "prompt_template": "Handle: {x}", "output_keys": ["n_out"]},
            ],
            "edges": [
                {"from": "START", "to": "n"},
                {"from": "n", "to": "END"},
            ],
            "state_schema": [
                {"name": "x", "type": "str"},
                {"name": "n_out", "type": "str"},
            ],
        }
&gt;       return _call(us, "build_branch", spec_json=json.dumps(spec))["branch_def_id"]
               ^^^^^^^^^^^^^^^^^^^^^^^^^^^^^^^^^^^^^^^^^^^^^^^^^^^^^^^^^^^^^^^^^^^^^^
E       KeyError: 'branch_def_id'

tests\test_branch_evaluation_iteration.py:62: KeyError</failure></testcase><testcase classname="tests.test_branch_evaluation_iteration" name="test_judge_run_ledgers_the_write" file="tests\test_branch_evaluation_iteration.py" line="128" time="0.107"><failure message="KeyError: 'branch_def_id'">p4_env = (&lt;module 'tinyassets.universe_server' from 'C:\\Users\\Jonathan\\Projects\\wf-required-test-gate\\tinyassets\\universe...dowsPath('C:/Users/Jonathan/AppData/Local/Temp/pytest-of-Jonathan/pytest-7404/test_judge_run_ledgers_the_wri0/output'))

    def test_judge_run_ledgers_the_write(p4_env):
        us, base = p4_env
&gt;       bid = _build_trivial_branch(us)
              ^^^^^^^^^^^^^^^^^^^^^^^^^

tests\test_branch_evaluation_iteration.py:131: 
_ _ _ _ _ _ _ _ _ _ _ _ _ _ _ _ _ _ _ _ _ _ _ _ _ _ _ _ _ _ _ _ _ _ _ _ _ _ _ _

us = &lt;module 'tinyassets.universe_server' from 'C:\\Users\\Jonathan\\Projects\\wf-required-test-gate\\tinyassets\\universe_server.py'&gt;

    def _build_trivial_branch(us) -&gt; str:
        """A single-node branch that always completes cleanly via mock provider.
    
        Keeps evaluation tests focused on eval surfaces rather than graph shape.
        """
        spec = {
            "name": "Trivial",
            "description": "Single-node test branch",
            "entry_point": "n",
            "node_defs": [
                {"node_id": "n", "display_name": "N",
                 "prompt_template": "Handle: {x}", "output_keys": ["n_out"]},
            ],
            "edges": [
                {"from": "START", "to": "n"},
                {"from": "n", "to": "END"},
            ],
            "state_schema": [
                {"name": "x", "type": "str"},
                {"name": "n_out", "type": "str"},
            ],
        }
&gt;       return _call(us, "build_branch", spec_json=json.dumps(spec))["branch_def_id"]
               ^^^^^^^^^^^^^^^^^^^^^^^^^^^^^^^^^^^^^^^^^^^^^^^^^^^^^^^^^^^^^^^^^^^^^^
E       KeyError: 'branch_def_id'

tests\test_branch_evaluation_iteration.py:62: KeyError</failure></testcase><testcase classname="tests.test_branch_evaluation_iteration" name="test_list_judgments_requires_a_filter" file="tests\test_branch_evaluation_iteration.py" line="143" time="0.066" /><testcase classname="tests.test_branch_evaluation_iteration" name="test_list_judgments_by_run" file="tests\test_branch_evaluation_iteration.py" line="149" time="0.107"><failure message="KeyError: 'branch_def_id'">p4_env = (&lt;module 'tinyassets.universe_server' from 'C:\\Users\\Jonathan\\Projects\\wf-required-test-gate\\tinyassets\\universe... WindowsPath('C:/Users/Jonathan/AppData/Local/Temp/pytest-of-Jonathan/pytest-7404/test_list_judgments_by_run0/output'))

    def test_list_judgments_by_run(p4_env):
        us, _ = p4_env
&gt;       bid = _build_trivial_branch(us)
              ^^^^^^^^^^^^^^^^^^^^^^^^^

tests\test_branch_evaluation_iteration.py:152: 
_ _ _ _ _ _ _ _ _ _ _ _ _ _ _ _ _ _ _ _ _ _ _ _ _ _ _ _ _ _ _ _ _ _ _ _ _ _ _ _

us = &lt;module 'tinyassets.universe_server' from 'C:\\Users\\Jonathan\\Projects\\wf-required-test-gate\\tinyassets\\universe_server.py'&gt;

    def _build_trivial_branch(us) -&gt; str:
        """A single-node branch that always completes cleanly via mock provider.
    
        Keeps evaluation tests focused on eval surfaces rather than graph shape.
        """
        spec = {
            "name": "Trivial",
            "description": "Single-node test branch",
            "entry_point": "n",
            "node_defs": [
                {"node_id": "n", "display_name": "N",
                 "prompt_template": "Handle: {x}", "output_keys": ["n_out"]},
            ],
            "edges": [
                {"from": "START", "to": "n"},
                {"from": "n", "to": "END"},
            ],
            "state_schema": [
                {"name": "x", "type": "str"},
                {"name": "n_out", "type": "str"},
            ],
        }
&gt;       return _call(us, "build_branch", spec_json=json.dumps(spec))["branch_def_id"]
               ^^^^^^^^^^^^^^^^^^^^^^^^^^^^^^^^^^^^^^^^^^^^^^^^^^^^^^^^^^^^^^^^^^^^^^
E       KeyError: 'branch_def_id'

tests\test_branch_evaluation_iteration.py:62: KeyError</failure></testcase><testcase classname="tests.test_branch_evaluation_iteration" name="test_list_judgments_by_node_scoped_across_runs" file="tests\test_branch_evaluation_iteration.py" line="161" time="0.106"><failure message="KeyError: 'branch_def_id'">p4_env = (&lt;module 'tinyassets.universe_server' from 'C:\\Users\\Jonathan\\Projects\\wf-required-test-gate\\tinyassets\\universe...dowsPath('C:/Users/Jonathan/AppData/Local/Temp/pytest-of-Jonathan/pytest-7404/test_list_judgments_by_node_sc0/output'))

    def test_list_judgments_by_node_scoped_across_runs(p4_env):
        us, _ = p4_env
&gt;       bid = _build_trivial_branch(us)
              ^^^^^^^^^^^^^^^^^^^^^^^^^

tests\test_branch_evaluation_iteration.py:164: 
_ _ _ _ _ _ _ _ _ _ _ _ _ _ _ _ _ _ _ _ _ _ _ _ _ _ _ _ _ _ _ _ _ _ _ _ _ _ _ _

us = &lt;module 'tinyassets.universe_server' from 'C:\\Users\\Jonathan\\Projects\\wf-required-test-gate\\tinyassets\\universe_server.py'&gt;

    def _build_trivial_branch(us) -&gt; str:
        """A single-node branch that always completes cleanly via mock provider.
    
        Keeps evaluation tests focused on eval surfaces rather than graph shape.
        """
        spec = {
            "name": "Trivial",
            "description": "Single-node test branch",
            "entry_point": "n",
            "node_defs": [
                {"node_id": "n", "display_name": "N",
                 "prompt_template": "Handle: {x}", "output_keys": ["n_out"]},
            ],
            "edges": [
                {"from": "START", "to": "n"},
                {"from": "n", "to": "END"},
            ],
            "state_schema": [
                {"name": "x", "type": "str"},
                {"name": "n_out", "type": "str"},
            ],
        }
&gt;       return _call(us, "build_branch", spec_json=json.dumps(spec))["branch_def_id"]
               ^^^^^^^^^^^^^^^^^^^^^^^^^^^^^^^^^^^^^^^^^^^^^^^^^^^^^^^^^^^^^^^^^^^^^^
E       KeyError: 'branch_def_id'

tests\test_branch_evaluation_iteration.py:62: KeyError</failure></testcase><testcase classname="tests.test_branch_evaluation_iteration" name="test_list_judgments_catalog_shape" file="tests\test_branch_evaluation_iteration.py" line="175" time="0.114"><failure message="KeyError: 'branch_def_id'">p4_env = (&lt;module 'tinyassets.universe_server' from 'C:\\Users\\Jonathan\\Projects\\wf-required-test-gate\\tinyassets\\universe...dowsPath('C:/Users/Jonathan/AppData/Local/Temp/pytest-of-Jonathan/pytest-7404/test_list_judgments_catalog_sh0/output'))

    def test_list_judgments_catalog_shape(p4_env):
        us, _ = p4_env
&gt;       bid = _build_trivial_branch(us)
              ^^^^^^^^^^^^^^^^^^^^^^^^^

tests\test_branch_evaluation_iteration.py:178: 
_ _ _ _ _ _ _ _ _ _ _ _ _ _ _ _ _ _ _ _ _ _ _ _ _ _ _ _ _ _ _ _ _ _ _ _ _ _ _ _

us = &lt;module 'tinyassets.universe_server' from 'C:\\Users\\Jonathan\\Projects\\wf-required-test-gate\\tinyassets\\universe_server.py'&gt;

    def _build_trivial_branch(us) -&gt; str:
        """A single-node branch that always completes cleanly via mock provider.
    
        Keeps evaluation tests focused on eval surfaces rather than graph shape.
        """
        spec = {
            "name": "Trivial",
            "description": "Single-node test branch",
            "entry_point": "n",
            "node_defs": [
                {"node_id": "n", "display_name": "N",
                 "prompt_template": "Handle: {x}", "output_keys": ["n_out"]},
            ],
            "edges": [
                {"from": "START", "to": "n"},
                {"from": "n", "to": "END"},
            ],
            "state_schema": [
                {"name": "x", "type": "str"},
                {"name": "n_out", "type": "str"},
            ],
        }
&gt;       return _call(us, "build_branch", spec_json=json.dumps(spec))["branch_def_id"]
               ^^^^^^^^^^^^^^^^^^^^^^^^^^^^^^^^^^^^^^^^^^^^^^^^^^^^^^^^^^^^^^^^^^^^^^
E       KeyError: 'branch_def_id'

tests\test_branch_evaluation_iteration.py:62: KeyError</failure></testcase><testcase classname="tests.test_branch_evaluation_iteration" name="test_compare_runs_requires_both_ids" file="tests\test_branch_evaluation_iteration.py" line="192" time="0.068" /><testcase classname="tests.test_branch_evaluation_iteration" name="test_compare_runs_detects_unchanged_outputs" file="tests\test_branch_evaluation_iteration.py" line="200" time="0.108"><failure message="KeyError: 'branch_def_id'">p4_env = (&lt;module 'tinyassets.universe_server' from 'C:\\Users\\Jonathan\\Projects\\wf-required-test-gate\\tinyassets\\universe...dowsPath('C:/Users/Jonathan/AppData/Local/Temp/pytest-of-Jonathan/pytest-7404/test_compare_runs_detects_unch0/output'))

    def test_compare_runs_detects_unchanged_outputs(p4_env):
        us, _ = p4_env
&gt;       bid = _build_trivial_branch(us)
              ^^^^^^^^^^^^^^^^^^^^^^^^^

tests\test_branch_evaluation_iteration.py:203: 
_ _ _ _ _ _ _ _ _ _ _ _ _ _ _ _ _ _ _ _ _ _ _ _ _ _ _ _ _ _ _ _ _ _ _ _ _ _ _ _

us = &lt;module 'tinyassets.universe_server' from 'C:\\Users\\Jonathan\\Projects\\wf-required-test-gate\\tinyassets\\universe_server.py'&gt;

    def _build_trivial_branch(us) -&gt; str:
        """A single-node branch that always completes cleanly via mock provider.
    
        Keeps evaluation tests focused on eval surfaces rather than graph shape.
        """
        spec = {
            "name": "Trivial",
            "description": "Single-node test branch",
            "entry_point": "n",
            "node_defs": [
                {"node_id": "n", "display_name": "N",
                 "prompt_template": "Handle: {x}", "output_keys": ["n_out"]},
            ],
            "edges": [
                {"from": "START", "to": "n"},
                {"from": "n", "to": "END"},
            ],
            "state_schema": [
                {"name": "x", "type": "str"},
                {"name": "n_out", "type": "str"},
            ],
        }
&gt;       return _call(us, "build_branch", spec_json=json.dumps(spec))["branch_def_id"]
               ^^^^^^^^^^^^^^^^^^^^^^^^^^^^^^^^^^^^^^^^^^^^^^^^^^^^^^^^^^^^^^^^^^^^^^
E       KeyError: 'branch_def_id'

tests\test_branch_evaluation_iteration.py:62: KeyError</failure></testcase><testcase classname="tests.test_branch_evaluation_iteration" name="test_compare_runs_detects_changed_field" file="tests\test_branch_evaluation_iteration.py" line="215" time="0.106"><failure message="KeyError: 'branch_def_id'">p4_env = (&lt;module 'tinyassets.universe_server' from 'C:\\Users\\Jonathan\\Projects\\wf-required-test-gate\\tinyassets\\universe...dowsPath('C:/Users/Jonathan/AppData/Local/Temp/pytest-of-Jonathan/pytest-7404/test_compare_runs_detects_chan0/output'))

    def test_compare_runs_detects_changed_field(p4_env):
        us, _ = p4_env
&gt;       bid = _build_trivial_branch(us)
              ^^^^^^^^^^^^^^^^^^^^^^^^^

tests\test_branch_evaluation_iteration.py:218: 
_ _ _ _ _ _ _ _ _ _ _ _ _ _ _ _ _ _ _ _ _ _ _ _ _ _ _ _ _ _ _ _ _ _ _ _ _ _ _ _

us = &lt;module 'tinyassets.universe_server' from 'C:\\Users\\Jonathan\\Projects\\wf-required-test-gate\\tinyassets\\universe_server.py'&gt;

    def _build_trivial_branch(us) -&gt; str:
        """A single-node branch that always completes cleanly via mock provider.
    
        Keeps evaluation tests focused on eval surfaces rather than graph shape.
        """
        spec = {
            "name": "Trivial",
            "description": "Single-node test branch",
            "entry_point": "n",
            "node_defs": [
                {"node_id": "n", "display_name": "N",
                 "prompt_template": "Handle: {x}", "output_keys": ["n_out"]},
            ],
            "edges": [
                {"from": "START", "to": "n"},
                {"from": "n", "to": "END"},
            ],
            "state_schema": [
                {"name": "x", "type": "str"},
                {"name": "n_out", "type": "str"},
            ],
        }
&gt;       return _call(us, "build_branch", spec_json=json.dumps(spec))["branch_def_id"]
               ^^^^^^^^^^^^^^^^^^^^^^^^^^^^^^^^^^^^^^^^^^^^^^^^^^^^^^^^^^^^^^^^^^^^^^
E       KeyError: 'branch_def_id'

tests\test_branch_evaluation_iteration.py:62: KeyError</failure></testcase><testcase classname="tests.test_branch_evaluation_iteration" name="test_compare_runs_flags_topology_change_after_update_node" file="tests\test_branch_evaluation_iteration.py" line="227" time="0.111"><failure message="KeyError: 'branch_def_id'">p4_env = (&lt;module 'tinyassets.universe_server' from 'C:\\Users\\Jonathan\\Projects\\wf-required-test-gate\\tinyassets\\universe...dowsPath('C:/Users/Jonathan/AppData/Local/Temp/pytest-of-Jonathan/pytest-7404/test_compare_runs_flags_topolo0/output'))

    def test_compare_runs_flags_topology_change_after_update_node(p4_env):
        """AC: `compare_runs` exposes topology_changed when branch_version
        differs between the two runs."""
        us, _ = p4_env
&gt;       bid = _build_trivial_branch(us)
              ^^^^^^^^^^^^^^^^^^^^^^^^^

tests\test_branch_evaluation_iteration.py:232: 
_ _ _ _ _ _ _ _ _ _ _ _ _ _ _ _ _ _ _ _ _ _ _ _ _ _ _ _ _ _ _ _ _ _ _ _ _ _ _ _

us = &lt;module 'tinyassets.universe_server' from 'C:\\Users\\Jonathan\\Projects\\wf-required-test-gate\\tinyassets\\universe_server.py'&gt;

    def _build_trivial_branch(us) -&gt; str:
        """A single-node branch that always completes cleanly via mock provider.
    
        Keeps evaluation tests focused on eval surfaces rather than graph shape.
        """
        spec = {
            "name": "Trivial",
            "description": "Single-node test branch",
            "entry_point": "n",
            "node_defs": [
                {"node_id": "n", "display_name": "N",
                 "prompt_template": "Handle: {x}", "output_keys": ["n_out"]},
            ],
            "edges": [
                {"from": "START", "to": "n"},
                {"from": "n", "to": "END"},
            ],
            "state_schema": [
                {"name": "x", "type": "str"},
                {"name": "n_out", "type": "str"},
            ],
        }
&gt;       return _call(us, "build_branch", spec_json=json.dumps(spec))["branch_def_id"]
               ^^^^^^^^^^^^^^^^^^^^^^^^^^^^^^^^^^^^^^^^^^^^^^^^^^^^^^^^^^^^^^^^^^^^^^
E       KeyError: 'branch_def_id'

tests\test_branch_evaluation_iteration.py:62: KeyError</failure></testcase><testcase classname="tests.test_branch_evaluation_iteration" name="test_compare_runs_narrows_on_single_field" file="tests\test_branch_evaluation_iteration.py" line="243" time="0.106"><failure message="KeyError: 'branch_def_id'">p4_env = (&lt;module 'tinyassets.universe_server' from 'C:\\Users\\Jonathan\\Projects\\wf-required-test-gate\\tinyassets\\universe...dowsPath('C:/Users/Jonathan/AppData/Local/Temp/pytest-of-Jonathan/pytest-7404/test_compare_runs_narrows_on_s0/output'))

    def test_compare_runs_narrows_on_single_field(p4_env):
        us, _ = p4_env
&gt;       bid = _build_trivial_branch(us)
              ^^^^^^^^^^^^^^^^^^^^^^^^^

tests\test_branch_evaluation_iteration.py:246: 
_ _ _ _ _ _ _ _ _ _ _ _ _ _ _ _ _ _ _ _ _ _ _ _ _ _ _ _ _ _ _ _ _ _ _ _ _ _ _ _

us = &lt;module 'tinyassets.universe_server' from 'C:\\Users\\Jonathan\\Projects\\wf-required-test-gate\\tinyassets\\universe_server.py'&gt;

    def _build_trivial_branch(us) -&gt; str:
        """A single-node branch that always completes cleanly via mock provider.
    
        Keeps evaluation tests focused on eval surfaces rather than graph shape.
        """
        spec = {
            "name": "Trivial",
            "description": "Single-node test branch",
            "entry_point": "n",
            "node_defs": [
                {"node_id": "n", "display_name": "N",
                 "prompt_template": "Handle: {x}", "output_keys": ["n_out"]},
            ],
            "edges": [
                {"from": "START", "to": "n"},
                {"from": "n", "to": "END"},
            ],
            "state_schema": [
                {"name": "x", "type": "str"},
                {"name": "n_out", "type": "str"},
            ],
        }
&gt;       return _call(us, "build_branch", spec_json=json.dumps(spec))["branch_def_id"]
               ^^^^^^^^^^^^^^^^^^^^^^^^^^^^^^^^^^^^^^^^^^^^^^^^^^^^^^^^^^^^^^^^^^^^^^
E       KeyError: 'branch_def_id'

tests\test_branch_evaluation_iteration.py:62: KeyError</failure></testcase><testcase classname="tests.test_branch_evaluation_iteration" name="test_suggest_node_edit_bundles_context" file="tests\test_branch_evaluation_iteration.py" line="260" time="0.106"><failure message="KeyError: 'branch_def_id'">p4_env = (&lt;module 'tinyassets.universe_server' from 'C:\\Users\\Jonathan\\Projects\\wf-required-test-gate\\tinyassets\\universe...dowsPath('C:/Users/Jonathan/AppData/Local/Temp/pytest-of-Jonathan/pytest-7404/test_suggest_node_edit_bundles0/output'))

    def test_suggest_node_edit_bundles_context(p4_env):
        us, _ = p4_env
&gt;       bid = _build_trivial_branch(us)
              ^^^^^^^^^^^^^^^^^^^^^^^^^

tests\test_branch_evaluation_iteration.py:263: 
_ _ _ _ _ _ _ _ _ _ _ _ _ _ _ _ _ _ _ _ _ _ _ _ _ _ _ _ _ _ _ _ _ _ _ _ _ _ _ _

us = &lt;module 'tinyassets.universe_server' from 'C:\\Users\\Jonathan\\Projects\\wf-required-test-gate\\tinyassets\\universe_server.py'&gt;

    def _build_trivial_branch(us) -&gt; str:
        """A single-node branch that always completes cleanly via mock provider.
    
        Keeps evaluation tests focused on eval surfaces rather than graph shape.
        """
        spec = {
            "name": "Trivial",
            "description": "Single-node test branch",
            "entry_point": "n",
            "node_defs": [
                {"node_id": "n", "display_name": "N",
                 "prompt_template": "Handle: {x}", "output_keys": ["n_out"]},
            ],
            "edges": [
                {"from": "START", "to": "n"},
                {"from": "n", "to": "END"},
            ],
            "state_schema": [
                {"name": "x", "type": "str"},
                {"name": "n_out", "type": "str"},
            ],
        }
&gt;       return _call(us, "build_branch", spec_json=json.dumps(spec))["branch_def_id"]
               ^^^^^^^^^^^^^^^^^^^^^^^^^^^^^^^^^^^^^^^^^^^^^^^^^^^^^^^^^^^^^^^^^^^^^^
E       KeyError: 'branch_def_id'

tests\test_branch_evaluation_iteration.py:62: KeyError</failure></testcase><testcase classname="tests.test_branch_evaluation_iteration" name="test_suggest_node_edit_rejects_missing_branch_or_node" file="tests\test_branch_evaluation_iteration.py" line="279" time="0.109"><failure message="KeyError: 'branch_def_id'">p4_env = (&lt;module 'tinyassets.universe_server' from 'C:\\Users\\Jonathan\\Projects\\wf-required-test-gate\\tinyassets\\universe...dowsPath('C:/Users/Jonathan/AppData/Local/Temp/pytest-of-Jonathan/pytest-7404/test_suggest_node_edit_rejects0/output'))

    def test_suggest_node_edit_rejects_missing_branch_or_node(p4_env):
        us, _ = p4_env
        r1 = _call(us, "suggest_node_edit", branch_def_id="nope", node_id="n")
        assert "error" in r1
    
&gt;       bid = _build_trivial_branch(us)
              ^^^^^^^^^^^^^^^^^^^^^^^^^

tests\test_branch_evaluation_iteration.py:285: 
_ _ _ _ _ _ _ _ _ _ _ _ _ _ _ _ _ _ _ _ _ _ _ _ _ _ _ _ _ _ _ _ _ _ _ _ _ _ _ _

us = &lt;module 'tinyassets.universe_server' from 'C:\\Users\\Jonathan\\Projects\\wf-required-test-gate\\tinyassets\\universe_server.py'&gt;

    def _build_trivial_branch(us) -&gt; str:
        """A single-node branch that always completes cleanly via mock provider.
    
        Keeps evaluation tests focused on eval surfaces rather than graph shape.
        """
        spec = {
            "name": "Trivial",
            "description": "Single-node test branch",
            "entry_point": "n",
            "node_defs": [
                {"node_id": "n", "display_name": "N",
                 "prompt_template": "Handle: {x}", "output_keys": ["n_out"]},
            ],
            "edges": [
                {"from": "START", "to": "n"},
                {"from": "n", "to": "END"},
            ],
            "state_schema": [
                {"name": "x", "type": "str"},
                {"name": "n_out", "type": "str"},
            ],
        }
&gt;       return _call(us, "build_branch", spec_json=json.dumps(spec))["branch_def_id"]
               ^^^^^^^^^^^^^^^^^^^^^^^^^^^^^^^^^^^^^^^^^^^^^^^^^^^^^^^^^^^^^^^^^^^^^^
E       KeyError: 'branch_def_id'

tests\test_branch_evaluation_iteration.py:62: KeyError</failure></testcase><testcase classname="tests.test_branch_evaluation_iteration" name="test_suggest_node_edit_does_not_call_llm" file="tests\test_branch_evaluation_iteration.py" line="290" time="0.105"><failure message="KeyError: 'branch_def_id'">p4_env = (&lt;module 'tinyassets.universe_server' from 'C:\\Users\\Jonathan\\Projects\\wf-required-test-gate\\tinyassets\\universe...dowsPath('C:/Users/Jonathan/AppData/Local/Temp/pytest-of-Jonathan/pytest-7404/test_suggest_node_edit_does_no0/output'))

    def test_suggest_node_edit_does_not_call_llm(p4_env):
        """AC: `suggest_node_edit` assembles context; it does NOT delegate
        to the writer. If it did, the tests here would trigger the provider
        stub and the result['node'] vs the framed text block would diverge.
        Here we just assert the output shape matches "context bundle",
        nothing LLM-generated in it."""
        us, _ = p4_env
&gt;       bid = _build_trivial_branch(us)
              ^^^^^^^^^^^^^^^^^^^^^^^^^

tests\test_branch_evaluation_iteration.py:298: 
_ _ _ _ _ _ _ _ _ _ _ _ _ _ _ _ _ _ _ _ _ _ _ _ _ _ _ _ _ _ _ _ _ _ _ _ _ _ _ _

us = &lt;module 'tinyassets.universe_server' from 'C:\\Users\\Jonathan\\Projects\\wf-required-test-gate\\tinyassets\\universe_server.py'&gt;

    def _build_trivial_branch(us) -&gt; str:
        """A single-node branch that always completes cleanly via mock provider.
    
        Keeps evaluation tests focused on eval surfaces rather than graph shape.
        """
        spec = {
            "name": "Trivial",
            "description": "Single-node test branch",
            "entry_point": "n",
            "node_defs": [
                {"node_id": "n", "display_name": "N",
                 "prompt_template": "Handle: {x}", "output_keys": ["n_out"]},
            ],
            "edges": [
                {"from": "START", "to": "n"},
                {"from": "n", "to": "END"},
            ],
            "state_schema": [
                {"name": "x", "type": "str"},
                {"name": "n_out", "type": "str"},
            ],
        }
&gt;       return _call(us, "build_branch", spec_json=json.dumps(spec))["branch_def_id"]
               ^^^^^^^^^^^^^^^^^^^^^^^^^^^^^^^^^^^^^^^^^^^^^^^^^^^^^^^^^^^^^^^^^^^^^^
E       KeyError: 'branch_def_id'

tests\test_branch_evaluation_iteration.py:62: KeyError</failure></testcase><testcase classname="tests.test_branch_evaluation_iteration" name="test_get_node_output_returns_captured_event" file="tests\test_branch_evaluation_iteration.py" line="309" time="0.107"><failure message="KeyError: 'branch_def_id'">p4_env = (&lt;module 'tinyassets.universe_server' from 'C:\\Users\\Jonathan\\Projects\\wf-required-test-gate\\tinyassets\\universe...dowsPath('C:/Users/Jonathan/AppData/Local/Temp/pytest-of-Jonathan/pytest-7404/test_get_node_output_returns_c0/output'))

    def test_get_node_output_returns_captured_event(p4_env):
        us, _ = p4_env
&gt;       bid = _build_trivial_branch(us)
              ^^^^^^^^^^^^^^^^^^^^^^^^^

tests\test_branch_evaluation_iteration.py:312: 
_ _ _ _ _ _ _ _ _ _ _ _ _ _ _ _ _ _ _ _ _ _ _ _ _ _ _ _ _ _ _ _ _ _ _ _ _ _ _ _

us = &lt;module 'tinyassets.universe_server' from 'C:\\Users\\Jonathan\\Projects\\wf-required-test-gate\\tinyassets\\universe_server.py'&gt;

    def _build_trivial_branch(us) -&gt; str:
        """A single-node branch that always completes cleanly via mock provider.
    
        Keeps evaluation tests focused on eval surfaces rather than graph shape.
        """
        spec = {
            "name": "Trivial",
            "description": "Single-node test branch",
            "entry_point": "n",
            "node_defs": [
                {"node_id": "n", "display_name": "N",
                 "prompt_template": "Handle: {x}", "output_keys": ["n_out"]},
            ],
            "edges": [
                {"from": "START", "to": "n"},
                {"from": "n", "to": "END"},
            ],
            "state_schema": [
                {"name": "x", "type": "str"},
                {"name": "n_out", "type": "str"},
            ],
        }
&gt;       return _call(us, "build_branch", spec_json=json.dumps(spec))["branch_def_id"]
               ^^^^^^^^^^^^^^^^^^^^^^^^^^^^^^^^^^^^^^^^^^^^^^^^^^^^^^^^^^^^^^^^^^^^^^
E       KeyError: 'branch_def_id'

tests\test_branch_evaluation_iteration.py:62: KeyError</failure></testcase><testcase classname="tests.test_branch_evaluation_iteration" name="test_get_node_output_errors_on_unknown_node" file="tests\test_branch_evaluation_iteration.py" line="321" time="0.104"><failure message="KeyError: 'branch_def_id'">p4_env = (&lt;module 'tinyassets.universe_server' from 'C:\\Users\\Jonathan\\Projects\\wf-required-test-gate\\tinyassets\\universe...dowsPath('C:/Users/Jonathan/AppData/Local/Temp/pytest-of-Jonathan/pytest-7404/test_get_node_output_errors_on0/output'))

    def test_get_node_output_errors_on_unknown_node(p4_env):
        us, _ = p4_env
&gt;       bid = _build_trivial_branch(us)
              ^^^^^^^^^^^^^^^^^^^^^^^^^

tests\test_branch_evaluation_iteration.py:324: 
_ _ _ _ _ _ _ _ _ _ _ _ _ _ _ _ _ _ _ _ _ _ _ _ _ _ _ _ _ _ _ _ _ _ _ _ _ _ _ _

us = &lt;module 'tinyassets.universe_server' from 'C:\\Users\\Jonathan\\Projects\\wf-required-test-gate\\tinyassets\\universe_server.py'&gt;

    def _build_trivial_branch(us) -&gt; str:
        """A single-node branch that always completes cleanly via mock provider.
    
        Keeps evaluation tests focused on eval surfaces rather than graph shape.
        """
        spec = {
            "name": "Trivial",
            "description": "Single-node test branch",
            "entry_point": "n",
            "node_defs": [
                {"node_id": "n", "display_name": "N",
                 "prompt_template": "Handle: {x}", "output_keys": ["n_out"]},
            ],
            "edges": [
                {"from": "START", "to": "n"},
                {"from": "n", "to": "END"},
            ],
            "state_schema": [
                {"name": "x", "type": "str"},
                {"name": "n_out", "type": "str"},
            ],
        }
&gt;       return _call(us, "build_branch", spec_json=json.dumps(spec))["branch_def_id"]
               ^^^^^^^^^^^^^^^^^^^^^^^^^^^^^^^^^^^^^^^^^^^^^^^^^^^^^^^^^^^^^^^^^^^^^^
E       KeyError: 'branch_def_id'

tests\test_branch_evaluation_iteration.py:62: KeyError</failure></testcase><testcase classname="tests.test_branch_evaluation_iteration" name="test_get_node_output_requires_both_ids" file="tests\test_branch_evaluation_iteration.py" line="330" time="0.071" /><testcase classname="tests.test_branch_evaluation_iteration" name="test_run_branch_records_lineage" file="tests\test_branch_evaluation_iteration.py" line="343" time="0.103"><failure message="KeyError: 'branch_def_id'">p4_env = (&lt;module 'tinyassets.universe_server' from 'C:\\Users\\Jonathan\\Projects\\wf-required-test-gate\\tinyassets\\universe...dowsPath('C:/Users/Jonathan/AppData/Local/Temp/pytest-of-Jonathan/pytest-7404/test_run_branch_records_lineag0/output'))

    def test_run_branch_records_lineage(p4_env):
        """Every run writes a run_lineage row. Second run on the same
        branch + actor points at the first run as parent."""
        us, base = p4_env
&gt;       bid = _build_trivial_branch(us)
              ^^^^^^^^^^^^^^^^^^^^^^^^^

tests\test_branch_evaluation_iteration.py:348: 
_ _ _ _ _ _ _ _ _ _ _ _ _ _ _ _ _ _ _ _ _ _ _ _ _ _ _ _ _ _ _ _ _ _ _ _ _ _ _ _

us = &lt;module 'tinyassets.universe_server' from 'C:\\Users\\Jonathan\\Projects\\wf-required-test-gate\\tinyassets\\universe_server.py'&gt;

    def _build_trivial_branch(us) -&gt; str:
        """A single-node branch that always completes cleanly via mock provider.
    
        Keeps evaluation tests focused on eval surfaces rather than graph shape.
        """
        spec = {
            "name": "Trivial",
            "description": "Single-node test branch",
            "entry_point": "n",
            "node_defs": [
                {"node_id": "n", "display_name": "N",
                 "prompt_template": "Handle: {x}", "output_keys": ["n_out"]},
            ],
            "edges": [
                {"from": "START", "to": "n"},
                {"from": "n", "to": "END"},
            ],
            "state_schema": [
                {"name": "x", "type": "str"},
                {"name": "n_out", "type": "str"},
            ],
        }
&gt;       return _call(us, "build_branch", spec_json=json.dumps(spec))["branch_def_id"]
               ^^^^^^^^^^^^^^^^^^^^^^^^^^^^^^^^^^^^^^^^^^^^^^^^^^^^^^^^^^^^^^^^^^^^^^
E       KeyError: 'branch_def_id'

tests\test_branch_evaluation_iteration.py:62: KeyError</failure></testcase><testcase classname="tests.test_branch_evaluation_iteration" name="test_run_branch_resume_from_records_explicit_source_run" file="tests\test_branch_evaluation_iteration.py" line="362" time="0.107"><failure message="KeyError: 'branch_def_id'">p4_env = (&lt;module 'tinyassets.universe_server' from 'C:\\Users\\Jonathan\\Projects\\wf-required-test-gate\\tinyassets\\universe...dowsPath('C:/Users/Jonathan/AppData/Local/Temp/pytest-of-Jonathan/pytest-7404/test_run_branch_resume_from_re0/output'))

    def test_run_branch_resume_from_records_explicit_source_run(p4_env):
        """resume_from chooses the source run even when it is not the latest run."""
        us, base = p4_env
&gt;       bid = _build_trivial_branch(us)
              ^^^^^^^^^^^^^^^^^^^^^^^^^

tests\test_branch_evaluation_iteration.py:366: 
_ _ _ _ _ _ _ _ _ _ _ _ _ _ _ _ _ _ _ _ _ _ _ _ _ _ _ _ _ _ _ _ _ _ _ _ _ _ _ _

us = &lt;module 'tinyassets.universe_server' from 'C:\\Users\\Jonathan\\Projects\\wf-required-test-gate\\tinyassets\\universe_server.py'&gt;

    def _build_trivial_branch(us) -&gt; str:
        """A single-node branch that always completes cleanly via mock provider.
    
        Keeps evaluation tests focused on eval surfaces rather than graph shape.
        """
        spec = {
            "name": "Trivial",
            "description": "Single-node test branch",
            "entry_point": "n",
            "node_defs": [
                {"node_id": "n", "display_name": "N",
                 "prompt_template": "Handle: {x}", "output_keys": ["n_out"]},
            ],
            "edges": [
                {"from": "START", "to": "n"},
                {"from": "n", "to": "END"},
            ],
            "state_schema": [
                {"name": "x", "type": "str"},
                {"name": "n_out", "type": "str"},
            ],
        }
&gt;       return _call(us, "build_branch", spec_json=json.dumps(spec))["branch_def_id"]
               ^^^^^^^^^^^^^^^^^^^^^^^^^^^^^^^^^^^^^^^^^^^^^^^^^^^^^^^^^^^^^^^^^^^^^^
E       KeyError: 'branch_def_id'

tests\test_branch_evaluation_iteration.py:62: KeyError</failure></testcase><testcase classname="tests.test_branch_evaluation_iteration" name="test_run_branch_resume_from_missing_source_returns_error" file="tests\test_branch_evaluation_iteration.py" line="387" time="0.114"><failure message="KeyError: 'branch_def_id'">p4_env = (&lt;module 'tinyassets.universe_server' from 'C:\\Users\\Jonathan\\Projects\\wf-required-test-gate\\tinyassets\\universe...dowsPath('C:/Users/Jonathan/AppData/Local/Temp/pytest-of-Jonathan/pytest-7404/test_run_branch_resume_from_mi0/output'))

    def test_run_branch_resume_from_missing_source_returns_error(p4_env):
        us, _ = p4_env
&gt;       bid = _build_trivial_branch(us)
              ^^^^^^^^^^^^^^^^^^^^^^^^^

tests\test_branch_evaluation_iteration.py:390: 
_ _ _ _ _ _ _ _ _ _ _ _ _ _ _ _ _ _ _ _ _ _ _ _ _ _ _ _ _ _ _ _ _ _ _ _ _ _ _ _

us = &lt;module 'tinyassets.universe_server' from 'C:\\Users\\Jonathan\\Projects\\wf-required-test-gate\\tinyassets\\universe_server.py'&gt;

    def _build_trivial_branch(us) -&gt; str:
        """A single-node branch that always completes cleanly via mock provider.
    
        Keeps evaluation tests focused on eval surfaces rather than graph shape.
        """
        spec = {
            "name": "Trivial",
            "description": "Single-node test branch",
            "entry_point": "n",
            "node_defs": [
                {"node_id": "n", "display_name": "N",
                 "prompt_template": "Handle: {x}", "output_keys": ["n_out"]},
            ],
            "edges": [
                {"from": "START", "to": "n"},
                {"from": "n", "to": "END"},
            ],
            "state_schema": [
                {"name": "x", "type": "str"},
                {"name": "n_out", "type": "str"},
            ],
        }
&gt;       return _call(us, "build_branch", spec_json=json.dumps(spec))["branch_def_id"]
               ^^^^^^^^^^^^^^^^^^^^^^^^^^^^^^^^^^^^^^^^^^^^^^^^^^^^^^^^^^^^^^^^^^^^^^
E       KeyError: 'branch_def_id'

tests\test_branch_evaluation_iteration.py:62: KeyError</failure></testcase><testcase classname="tests.test_branch_evaluation_iteration" name="test_run_branch_resume_from_carries_source_inputs_when_absent" file="tests\test_branch_evaluation_iteration.py" line="403" time="0.113"><failure message="KeyError: 'branch_def_id'">p4_env = (&lt;module 'tinyassets.universe_server' from 'C:\\Users\\Jonathan\\Projects\\wf-required-test-gate\\tinyassets\\universe...dowsPath('C:/Users/Jonathan/AppData/Local/Temp/pytest-of-Jonathan/pytest-7404/test_run_branch_resume_from_ca0/output'))

    def test_run_branch_resume_from_carries_source_inputs_when_absent(p4_env):
        us, base = p4_env
&gt;       bid = _build_trivial_branch(us)
              ^^^^^^^^^^^^^^^^^^^^^^^^^

tests\test_branch_evaluation_iteration.py:406: 
_ _ _ _ _ _ _ _ _ _ _ _ _ _ _ _ _ _ _ _ _ _ _ _ _ _ _ _ _ _ _ _ _ _ _ _ _ _ _ _

us = &lt;module 'tinyassets.universe_server' from 'C:\\Users\\Jonathan\\Projects\\wf-required-test-gate\\tinyassets\\universe_server.py'&gt;

    def _build_trivial_branch(us) -&gt; str:
        """A single-node branch that always completes cleanly via mock provider.
    
        Keeps evaluation tests focused on eval surfaces rather than graph shape.
        """
        spec = {
            "name": "Trivial",
            "description": "Single-node test branch",
            "entry_point": "n",
            "node_defs": [
                {"node_id": "n", "display_name": "N",
                 "prompt_template": "Handle: {x}", "output_keys": ["n_out"]},
            ],
            "edges": [
                {"from": "START", "to": "n"},
                {"from": "n", "to": "END"},
            ],
            "state_schema": [
                {"name": "x", "type": "str"},
                {"name": "n_out", "type": "str"},
            ],
        }
&gt;       return _call(us, "build_branch", spec_json=json.dumps(spec))["branch_def_id"]
               ^^^^^^^^^^^^^^^^^^^^^^^^^^^^^^^^^^^^^^^^^^^^^^^^^^^^^^^^^^^^^^^^^^^^^^
E       KeyError: 'branch_def_id'

tests\test_branch_evaluation_iteration.py:62: KeyError</failure></testcase><testcase classname="tests.test_branch_evaluation_iteration" name="test_run_branch_resume_from_cross_actor_returns_error" file="tests\test_branch_evaluation_iteration.py" line="423" time="0.108"><failure message="KeyError: 'branch_def_id'">p4_env = (&lt;module 'tinyassets.universe_server' from 'C:\\Users\\Jonathan\\Projects\\wf-required-test-gate\\tinyassets\\universe...dowsPath('C:/Users/Jonathan/AppData/Local/Temp/pytest-of-Jonathan/pytest-7404/test_run_branch_resume_from_cr0/output'))

    def test_run_branch_resume_from_cross_actor_returns_error(p4_env):
        # Run isolation is by owning universe: a branch run's actor is
        # `universe:&lt;uid&gt;` (permissions.branch_run_actor), so a run created by one
        # universe must not be resumable by another. The retired UNIVERSE_SERVER_USER
        # env-actor model no longer distinguishes callers (current_actor_id has no env
        # fallback), so cross-actor isolation is exercised via two universes.
        us, base = p4_env
&gt;       bid = _build_trivial_branch(us)
              ^^^^^^^^^^^^^^^^^^^^^^^^^

tests\test_branch_evaluation_iteration.py:431: 
_ _ _ _ _ _ _ _ _ _ _ _ _ _ _ _ _ _ _ _ _ _ _ _ _ _ _ _ _ _ _ _ _ _ _ _ _ _ _ _

us = &lt;module 'tinyassets.universe_server' from 'C:\\Users\\Jonathan\\Projects\\wf-required-test-gate\\tinyassets\\universe_server.py'&gt;

    def _build_trivial_branch(us) -&gt; str:
        """A single-node branch that always completes cleanly via mock provider.
    
        Keeps evaluation tests focused on eval surfaces rather than graph shape.
        """
        spec = {
            "name": "Trivial",
            "description": "Single-node test branch",
            "entry_point": "n",
            "node_defs": [
                {"node_id": "n", "display_name": "N",
                 "prompt_template": "Handle: {x}", "output_keys": ["n_out"]},
            ],
            "edges": [
                {"from": "START", "to": "n"},
                {"from": "n", "to": "END"},
            ],
            "state_schema": [
                {"name": "x", "type": "str"},
                {"name": "n_out", "type": "str"},
            ],
        }
&gt;       return _call(us, "build_branch", spec_json=json.dumps(spec))["branch_def_id"]
               ^^^^^^^^^^^^^^^^^^^^^^^^^^^^^^^^^^^^^^^^^^^^^^^^^^^^^^^^^^^^^^^^^^^^^^
E       KeyError: 'branch_def_id'

tests\test_branch_evaluation_iteration.py:62: KeyError</failure></testcase><testcase classname="tests.test_branch_evaluation_iteration" name="test_run_branch_resume_from_branch_mismatch_returns_error" file="tests\test_branch_evaluation_iteration.py" line="471" time="0.109"><failure message="KeyError: 'branch_def_id'">p4_env = (&lt;module 'tinyassets.universe_server' from 'C:\\Users\\Jonathan\\Projects\\wf-required-test-gate\\tinyassets\\universe...dowsPath('C:/Users/Jonathan/AppData/Local/Temp/pytest-of-Jonathan/pytest-7404/test_run_branch_resume_from_br0/output'))

    def test_run_branch_resume_from_branch_mismatch_returns_error(p4_env):
        us, _ = p4_env
&gt;       source_bid = _build_trivial_branch(us)
                     ^^^^^^^^^^^^^^^^^^^^^^^^^

tests\test_branch_evaluation_iteration.py:474: 
_ _ _ _ _ _ _ _ _ _ _ _ _ _ _ _ _ _ _ _ _ _ _ _ _ _ _ _ _ _ _ _ _ _ _ _ _ _ _ _

us = &lt;module 'tinyassets.universe_server' from 'C:\\Users\\Jonathan\\Projects\\wf-required-test-gate\\tinyassets\\universe_server.py'&gt;

    def _build_trivial_branch(us) -&gt; str:
        """A single-node branch that always completes cleanly via mock provider.
    
        Keeps evaluation tests focused on eval surfaces rather than graph shape.
        """
        spec = {
            "name": "Trivial",
            "description": "Single-node test branch",
            "entry_point": "n",
            "node_defs": [
                {"node_id": "n", "display_name": "N",
                 "prompt_template": "Handle: {x}", "output_keys": ["n_out"]},
            ],
            "edges": [
                {"from": "START", "to": "n"},
                {"from": "n", "to": "END"},
            ],
            "state_schema": [
                {"name": "x", "type": "str"},
                {"name": "n_out", "type": "str"},
            ],
        }
&gt;       return _call(us, "build_branch", spec_json=json.dumps(spec))["branch_def_id"]
               ^^^^^^^^^^^^^^^^^^^^^^^^^^^^^^^^^^^^^^^^^^^^^^^^^^^^^^^^^^^^^^^^^^^^^^
E       KeyError: 'branch_def_id'

tests\test_branch_evaluation_iteration.py:62: KeyError</failure></testcase><testcase classname="tests.test_branch_evaluation_iteration" name="test_update_node_records_edit_audit" file="tests\test_branch_evaluation_iteration.py" line="489" time="0.106"><failure message="KeyError: 'branch_def_id'">p4_env = (&lt;module 'tinyassets.universe_server' from 'C:\\Users\\Jonathan\\Projects\\wf-required-test-gate\\tinyassets\\universe...dowsPath('C:/Users/Jonathan/AppData/Local/Temp/pytest-of-Jonathan/pytest-7404/test_update_node_records_edit_0/output'))

    def test_update_node_records_edit_audit(p4_env):
        """Every update_node emits a node_edit_audit row."""
        us, base = p4_env
&gt;       bid = _build_trivial_branch(us)
              ^^^^^^^^^^^^^^^^^^^^^^^^^

tests\test_branch_evaluation_iteration.py:493: 
_ _ _ _ _ _ _ _ _ _ _ _ _ _ _ _ _ _ _ _ _ _ _ _ _ _ _ _ _ _ _ _ _ _ _ _ _ _ _ _

us = &lt;module 'tinyassets.universe_server' from 'C:\\Users\\Jonathan\\Projects\\wf-required-test-gate\\tinyassets\\universe_server.py'&gt;

    def _build_trivial_branch(us) -&gt; str:
        """A single-node branch that always completes cleanly via mock provider.
    
        Keeps evaluation tests focused on eval surfaces rather than graph shape.
        """
        spec = {
            "name": "Trivial",
            "description": "Single-node test branch",
            "entry_point": "n",
            "node_defs": [
                {"node_id": "n", "display_name": "N",
                 "prompt_template": "Handle: {x}", "output_keys": ["n_out"]},
            ],
            "edges": [
                {"from": "START", "to": "n"},
                {"from": "n", "to": "END"},
            ],
            "state_schema": [
                {"name": "x", "type": "str"},
                {"name": "n_out", "type": "str"},
            ],
        }
&gt;       return _call(us, "build_branch", spec_json=json.dumps(spec))["branch_def_id"]
               ^^^^^^^^^^^^^^^^^^^^^^^^^^^^^^^^^^^^^^^^^^^^^^^^^^^^^^^^^^^^^^^^^^^^^^
E       KeyError: 'branch_def_id'

tests\test_branch_evaluation_iteration.py:62: KeyError</failure></testcase><testcase classname="tests.test_branch_evaluation_iteration" name="test_update_node_carries_judgment_attribution" file="tests\test_branch_evaluation_iteration.py" line="506" time="0.106"><failure message="KeyError: 'branch_def_id'">p4_env = (&lt;module 'tinyassets.universe_server' from 'C:\\Users\\Jonathan\\Projects\\wf-required-test-gate\\tinyassets\\universe...dowsPath('C:/Users/Jonathan/AppData/Local/Temp/pytest-of-Jonathan/pytest-7404/test_update_node_carries_judgm0/output'))

    def test_update_node_carries_judgment_attribution(p4_env):
        """When a judgment triggers the edit, the audit row records it."""
        us, base = p4_env
&gt;       bid = _build_trivial_branch(us)
              ^^^^^^^^^^^^^^^^^^^^^^^^^

tests\test_branch_evaluation_iteration.py:510: 
_ _ _ _ _ _ _ _ _ _ _ _ _ _ _ _ _ _ _ _ _ _ _ _ _ _ _ _ _ _ _ _ _ _ _ _ _ _ _ _

us = &lt;module 'tinyassets.universe_server' from 'C:\\Users\\Jonathan\\Projects\\wf-required-test-gate\\tinyassets\\universe_server.py'&gt;

    def _build_trivial_branch(us) -&gt; str:
        """A single-node branch that always completes cleanly via mock provider.
    
        Keeps evaluation tests focused on eval surfaces rather than graph shape.
        """
        spec = {
            "name": "Trivial",
            "description": "Single-node test branch",
            "entry_point": "n",
            "node_defs": [
                {"node_id": "n", "display_name": "N",
                 "prompt_template": "Handle: {x}", "output_keys": ["n_out"]},
            ],
            "edges": [
                {"from": "START", "to": "n"},
                {"from": "n", "to": "END"},
            ],
            "state_schema": [
                {"name": "x", "type": "str"},
                {"name": "n_out", "type": "str"},
            ],
        }
&gt;       return _call(us, "build_branch", spec_json=json.dumps(spec))["branch_def_id"]
               ^^^^^^^^^^^^^^^^^^^^^^^^^^^^^^^^^^^^^^^^^^^^^^^^^^^^^^^^^^^^^^^^^^^^^^
E       KeyError: 'branch_def_id'

tests\test_branch_evaluation_iteration.py:62: KeyError</failure></testcase><testcase classname="tests.test_branch_evaluation_iteration" name="test_run_lineage_surfaces_edits_since_parent" file="tests\test_branch_evaluation_iteration.py" line="523" time="0.108"><failure message="KeyError: 'branch_def_id'">p4_env = (&lt;module 'tinyassets.universe_server' from 'C:\\Users\\Jonathan\\Projects\\wf-required-test-gate\\tinyassets\\universe...dowsPath('C:/Users/Jonathan/AppData/Local/Temp/pytest-of-Jonathan/pytest-7404/test_run_lineage_surfaces_edit0/output'))

    def test_run_lineage_surfaces_edits_since_parent(p4_env):
        """After update_node between two runs, the second run's lineage
        records the changed node(s)."""
        us, base = p4_env
&gt;       bid = _build_trivial_branch(us)
              ^^^^^^^^^^^^^^^^^^^^^^^^^

tests\test_branch_evaluation_iteration.py:528: 
_ _ _ _ _ _ _ _ _ _ _ _ _ _ _ _ _ _ _ _ _ _ _ _ _ _ _ _ _ _ _ _ _ _ _ _ _ _ _ _

us = &lt;module 'tinyassets.universe_server' from 'C:\\Users\\Jonathan\\Projects\\wf-required-test-gate\\tinyassets\\universe_server.py'&gt;

    def _build_trivial_branch(us) -&gt; str:
        """A single-node branch that always completes cleanly via mock provider.
    
        Keeps evaluation tests focused on eval surfaces rather than graph shape.
        """
        spec = {
            "name": "Trivial",
            "description": "Single-node test branch",
            "entry_point": "n",
            "node_defs": [
                {"node_id": "n", "display_name": "N",
                 "prompt_template": "Handle: {x}", "output_keys": ["n_out"]},
            ],
            "edges": [
                {"from": "START", "to": "n"},
                {"from": "n", "to": "END"},
            ],
            "state_schema": [
                {"name": "x", "type": "str"},
                {"name": "n_out", "type": "str"},
            ],
        }
&gt;       return _call(us, "build_branch", spec_json=json.dumps(spec))["branch_def_id"]
               ^^^^^^^^^^^^^^^^^^^^^^^^^^^^^^^^^^^^^^^^^^^^^^^^^^^^^^^^^^^^^^^^^^^^^^
E       KeyError: 'branch_def_id'

tests\test_branch_evaluation_iteration.py:62: KeyError</failure></testcase><testcase classname="tests.test_branch_evaluation_iteration" name="test_unknown_action_catalog_lists_phase4" file="tests\test_branch_evaluation_iteration.py" line="545" time="0.068" /><testcase classname="tests.test_branch_evaluation_iteration" name="test_mission5_loop_end_to_end" file="tests\test_branch_evaluation_iteration.py" line="554" time="0.108"><failure message="KeyError: 'branch_def_id'">p4_env = (&lt;module 'tinyassets.universe_server' from 'C:\\Users\\Jonathan\\Projects\\wf-required-test-gate\\tinyassets\\universe...ndowsPath('C:/Users/Jonathan/AppData/Local/Temp/pytest-of-Jonathan/pytest-7404/test_mission5_loop_end_to_end0/output'))

    def test_mission5_loop_end_to_end(p4_env):
        """Mission 5 readiness: user builds → runs → judges → edits →
        reruns → compares. This test is the full round-trip proof that
        the surfaces connect.
        """
        us, base = p4_env
&gt;       bid = _build_trivial_branch(us)
              ^^^^^^^^^^^^^^^^^^^^^^^^^

tests\test_branch_evaluation_iteration.py:561: 
_ _ _ _ _ _ _ _ _ _ _ _ _ _ _ _ _ _ _ _ _ _ _ _ _ _ _ _ _ _ _ _ _ _ _ _ _ _ _ _

us = &lt;module 'tinyassets.universe_server' from 'C:\\Users\\Jonathan\\Projects\\wf-required-test-gate\\tinyassets\\universe_server.py'&gt;

    def _build_trivial_branch(us) -&gt; str:
        """A single-node branch that always completes cleanly via mock provider.
    
        Keeps evaluation tests focused on eval surfaces rather than graph shape.
        """
        spec = {
            "name": "Trivial",
            "description": "Single-node test branch",
            "entry_point": "n",
            "node_defs": [
                {"node_id": "n", "display_name": "N",
                 "prompt_template": "Handle: {x}", "output_keys": ["n_out"]},
            ],
            "edges": [
                {"from": "START", "to": "n"},
                {"from": "n", "to": "END"},
            ],
            "state_schema": [
                {"name": "x", "type": "str"},
                {"name": "n_out", "type": "str"},
            ],
        }
&gt;       return _call(us, "build_branch", spec_json=json.dumps(spec))["branch_def_id"]
               ^^^^^^^^^^^^^^^^^^^^^^^^^^^^^^^^^^^^^^^^^^^^^^^^^^^^^^^^^^^^^^^^^^^^^^
E       KeyError: 'branch_def_id'

tests\test_branch_evaluation_iteration.py:62: KeyError</failure></testcase><testcase classname="tests.test_branch_evaluation_iteration" name="test_judgments_survive_module_reload" file="tests\test_branch_evaluation_iteration.py" line="600" time="0.244"><failure message="KeyError: 'branch_def_id'">p4_env = (&lt;module 'tinyassets.universe_server' from 'C:\\Users\\Jonathan\\Projects\\wf-required-test-gate\\tinyassets\\universe...dowsPath('C:/Users/Jonathan/AppData/Local/Temp/pytest-of-Jonathan/pytest-7404/test_judgments_survive_module_0/output'))

    def test_judgments_survive_module_reload(p4_env):
        """AC #7: judgments persist across sessions. Reloading the module
        simulates a server restart."""
        us, base = p4_env
&gt;       bid = _build_trivial_branch(us)
              ^^^^^^^^^^^^^^^^^^^^^^^^^

tests\test_branch_evaluation_iteration.py:605: 
_ _ _ _ _ _ _ _ _ _ _ _ _ _ _ _ _ _ _ _ _ _ _ _ _ _ _ _ _ _ _ _ _ _ _ _ _ _ _ _

us = &lt;module 'tinyassets.universe_server' from 'C:\\Users\\Jonathan\\Projects\\wf-required-test-gate\\tinyassets\\universe_server.py'&gt;

    def _build_trivial_branch(us) -&gt; str:
        """A single-node branch that always completes cleanly via mock provider.
    
        Keeps evaluation tests focused on eval surfaces rather than graph shape.
        """
        spec = {
            "name": "Trivial",
            "description": "Single-node test branch",
            "entry_point": "n",
            "node_defs": [
                {"node_id": "n", "display_name": "N",
                 "prompt_template": "Handle: {x}", "output_keys": ["n_out"]},
            ],
            "edges": [
                {"from": "START", "to": "n"},
                {"from": "n", "to": "END"},
            ],
            "state_schema": [
                {"name": "x", "type": "str"},
                {"name": "n_out", "type": "str"},
            ],
        }
&gt;       return _call(us, "build_branch", spec_json=json.dumps(spec))["branch_def_id"]
               ^^^^^^^^^^^^^^^^^^^^^^^^^^^^^^^^^^^^^^^^^^^^^^^^^^^^^^^^^^^^^^^^^^^^^^
E       KeyError: 'branch_def_id'

tests\test_branch_evaluation_iteration.py:62: KeyError</failure></testcase><testcase classname="tests.test_branch_evaluation_iteration" name="test_update_node_snapshots_body_in_audit" file="tests\test_branch_evaluation_iteration.py" line="626" time="0.111"><failure message="KeyError: 'branch_def_id'">p4_env = (&lt;module 'tinyassets.universe_server' from 'C:\\Users\\Jonathan\\Projects\\wf-required-test-gate\\tinyassets\\universe...dowsPath('C:/Users/Jonathan/AppData/Local/Temp/pytest-of-Jonathan/pytest-7404/test_update_node_snapshots_bod0/output'))

    def test_update_node_snapshots_body_in_audit(p4_env):
        """AC #50: audit row captures full pre/post NodeDefinition bodies."""
        us, base = p4_env
&gt;       bid = _build_trivial_branch(us)
              ^^^^^^^^^^^^^^^^^^^^^^^^^

tests\test_branch_evaluation_iteration.py:630: 
_ _ _ _ _ _ _ _ _ _ _ _ _ _ _ _ _ _ _ _ _ _ _ _ _ _ _ _ _ _ _ _ _ _ _ _ _ _ _ _

us = &lt;module 'tinyassets.universe_server' from 'C:\\Users\\Jonathan\\Projects\\wf-required-test-gate\\tinyassets\\universe_server.py'&gt;

    def _build_trivial_branch(us) -&gt; str:
        """A single-node branch that always completes cleanly via mock provider.
    
        Keeps evaluation tests focused on eval surfaces rather than graph shape.
        """
        spec = {
            "name": "Trivial",
            "description": "Single-node test branch",
            "entry_point": "n",
            "node_defs": [
                {"node_id": "n", "display_name": "N",
                 "prompt_template": "Handle: {x}", "output_keys": ["n_out"]},
            ],
            "edges": [
                {"from": "START", "to": "n"},
                {"from": "n", "to": "END"},
            ],
            "state_schema": [
                {"name": "x", "type": "str"},
                {"name": "n_out", "type": "str"},
            ],
        }
&gt;       return _call(us, "build_branch", spec_json=json.dumps(spec))["branch_def_id"]
               ^^^^^^^^^^^^^^^^^^^^^^^^^^^^^^^^^^^^^^^^^^^^^^^^^^^^^^^^^^^^^^^^^^^^^^
E       KeyError: 'branch_def_id'

tests\test_branch_evaluation_iteration.py:62: KeyError</failure></testcase><testcase classname="tests.test_branch_evaluation_iteration" name="test_list_node_versions_returns_history" file="tests\test_branch_evaluation_iteration.py" line="642" time="0.108"><failure message="KeyError: 'branch_def_id'">p4_env = (&lt;module 'tinyassets.universe_server' from 'C:\\Users\\Jonathan\\Projects\\wf-required-test-gate\\tinyassets\\universe...dowsPath('C:/Users/Jonathan/AppData/Local/Temp/pytest-of-Jonathan/pytest-7404/test_list_node_versions_return0/output'))

    def test_list_node_versions_returns_history(p4_env):
        us, _ = p4_env
&gt;       bid = _build_trivial_branch(us)
              ^^^^^^^^^^^^^^^^^^^^^^^^^

tests\test_branch_evaluation_iteration.py:645: 
_ _ _ _ _ _ _ _ _ _ _ _ _ _ _ _ _ _ _ _ _ _ _ _ _ _ _ _ _ _ _ _ _ _ _ _ _ _ _ _

us = &lt;module 'tinyassets.universe_server' from 'C:\\Users\\Jonathan\\Projects\\wf-required-test-gate\\tinyassets\\universe_server.py'&gt;

    def _build_trivial_branch(us) -&gt; str:
        """A single-node branch that always completes cleanly via mock provider.
    
        Keeps evaluation tests focused on eval surfaces rather than graph shape.
        """
        spec = {
            "name": "Trivial",
            "description": "Single-node test branch",
            "entry_point": "n",
            "node_defs": [
                {"node_id": "n", "display_name": "N",
                 "prompt_template": "Handle: {x}", "output_keys": ["n_out"]},
            ],
            "edges": [
                {"from": "START", "to": "n"},
                {"from": "n", "to": "END"},
            ],
            "state_schema": [
                {"name": "x", "type": "str"},
                {"name": "n_out", "type": "str"},
            ],
        }
&gt;       return _call(us, "build_branch", spec_json=json.dumps(spec))["branch_def_id"]
               ^^^^^^^^^^^^^^^^^^^^^^^^^^^^^^^^^^^^^^^^^^^^^^^^^^^^^^^^^^^^^^^^^^^^^^
E       KeyError: 'branch_def_id'

tests\test_branch_evaluation_iteration.py:62: KeyError</failure></testcase><testcase classname="tests.test_branch_evaluation_iteration" name="test_list_node_versions_requires_ids" file="tests\test_branch_evaluation_iteration.py" line="659" time="0.069" /><testcase classname="tests.test_branch_evaluation_iteration" name="test_rollback_node_default_rewinds_one_step" file="tests\test_branch_evaluation_iteration.py" line="667" time="0.114"><failure message="KeyError: 'branch_def_id'">p4_env = (&lt;module 'tinyassets.universe_server' from 'C:\\Users\\Jonathan\\Projects\\wf-required-test-gate\\tinyassets\\universe...dowsPath('C:/Users/Jonathan/AppData/Local/Temp/pytest-of-Jonathan/pytest-7404/test_rollback_node_default_rew0/output'))

    def test_rollback_node_default_rewinds_one_step(p4_env):
        us, _ = p4_env
&gt;       bid = _build_trivial_branch(us)
              ^^^^^^^^^^^^^^^^^^^^^^^^^

tests\test_branch_evaluation_iteration.py:670: 
_ _ _ _ _ _ _ _ _ _ _ _ _ _ _ _ _ _ _ _ _ _ _ _ _ _ _ _ _ _ _ _ _ _ _ _ _ _ _ _

us = &lt;module 'tinyassets.universe_server' from 'C:\\Users\\Jonathan\\Projects\\wf-required-test-gate\\tinyassets\\universe_server.py'&gt;

    def _build_trivial_branch(us) -&gt; str:
        """A single-node branch that always completes cleanly via mock provider.
    
        Keeps evaluation tests focused on eval surfaces rather than graph shape.
        """
        spec = {
            "name": "Trivial",
            "description": "Single-node test branch",
            "entry_point": "n",
            "node_defs": [
                {"node_id": "n", "display_name": "N",
                 "prompt_template": "Handle: {x}", "output_keys": ["n_out"]},
            ],
            "edges": [
                {"from": "START", "to": "n"},
                {"from": "n", "to": "END"},
            ],
            "state_schema": [
                {"name": "x", "type": "str"},
                {"name": "n_out", "type": "str"},
            ],
        }
&gt;       return _call(us, "build_branch", spec_json=json.dumps(spec))["branch_def_id"]
               ^^^^^^^^^^^^^^^^^^^^^^^^^^^^^^^^^^^^^^^^^^^^^^^^^^^^^^^^^^^^^^^^^^^^^^
E       KeyError: 'branch_def_id'

tests\test_branch_evaluation_iteration.py:62: KeyError</failure></testcase><testcase classname="tests.test_branch_evaluation_iteration" name="test_rollback_node_to_specific_version" file="tests\test_branch_evaluation_iteration.py" line="685" time="0.113"><failure message="KeyError: 'branch_def_id'">p4_env = (&lt;module 'tinyassets.universe_server' from 'C:\\Users\\Jonathan\\Projects\\wf-required-test-gate\\tinyassets\\universe...dowsPath('C:/Users/Jonathan/AppData/Local/Temp/pytest-of-Jonathan/pytest-7404/test_rollback_node_to_specific0/output'))

    def test_rollback_node_to_specific_version(p4_env):
        us, _ = p4_env
&gt;       bid = _build_trivial_branch(us)
              ^^^^^^^^^^^^^^^^^^^^^^^^^

tests\test_branch_evaluation_iteration.py:688: 
_ _ _ _ _ _ _ _ _ _ _ _ _ _ _ _ _ _ _ _ _ _ _ _ _ _ _ _ _ _ _ _ _ _ _ _ _ _ _ _

us = &lt;module 'tinyassets.universe_server' from 'C:\\Users\\Jonathan\\Projects\\wf-required-test-gate\\tinyassets\\universe_server.py'&gt;

    def _build_trivial_branch(us) -&gt; str:
        """A single-node branch that always completes cleanly via mock provider.
    
        Keeps evaluation tests focused on eval surfaces rather than graph shape.
        """
        spec = {
            "name": "Trivial",
            "description": "Single-node test branch",
            "entry_point": "n",
            "node_defs": [
                {"node_id": "n", "display_name": "N",
                 "prompt_template": "Handle: {x}", "output_keys": ["n_out"]},
            ],
            "edges": [
                {"from": "START", "to": "n"},
                {"from": "n", "to": "END"},
            ],
            "state_schema": [
                {"name": "x", "type": "str"},
                {"name": "n_out", "type": "str"},
            ],
        }
&gt;       return _call(us, "build_branch", spec_json=json.dumps(spec))["branch_def_id"]
               ^^^^^^^^^^^^^^^^^^^^^^^^^^^^^^^^^^^^^^^^^^^^^^^^^^^^^^^^^^^^^^^^^^^^^^
E       KeyError: 'branch_def_id'

tests\test_branch_evaluation_iteration.py:62: KeyError</failure></testcase><testcase classname="tests.test_branch_evaluation_iteration" name="test_rollback_records_audit_row_with_rollback_kind" file="tests\test_branch_evaluation_iteration.py" line="702" time="0.111"><failure message="KeyError: 'branch_def_id'">p4_env = (&lt;module 'tinyassets.universe_server' from 'C:\\Users\\Jonathan\\Projects\\wf-required-test-gate\\tinyassets\\universe...dowsPath('C:/Users/Jonathan/AppData/Local/Temp/pytest-of-Jonathan/pytest-7404/test_rollback_records_audit_ro0/output'))

    def test_rollback_records_audit_row_with_rollback_kind(p4_env):
        us, base = p4_env
&gt;       bid = _build_trivial_branch(us)
              ^^^^^^^^^^^^^^^^^^^^^^^^^

tests\test_branch_evaluation_iteration.py:705: 
_ _ _ _ _ _ _ _ _ _ _ _ _ _ _ _ _ _ _ _ _ _ _ _ _ _ _ _ _ _ _ _ _ _ _ _ _ _ _ _

us = &lt;module 'tinyassets.universe_server' from 'C:\\Users\\Jonathan\\Projects\\wf-required-test-gate\\tinyassets\\universe_server.py'&gt;

    def _build_trivial_branch(us) -&gt; str:
        """A single-node branch that always completes cleanly via mock provider.
    
        Keeps evaluation tests focused on eval surfaces rather than graph shape.
        """
        spec = {
            "name": "Trivial",
            "description": "Single-node test branch",
            "entry_point": "n",
            "node_defs": [
                {"node_id": "n", "display_name": "N",
                 "prompt_template": "Handle: {x}", "output_keys": ["n_out"]},
            ],
            "edges": [
                {"from": "START", "to": "n"},
                {"from": "n", "to": "END"},
            ],
            "state_schema": [
                {"name": "x", "type": "str"},
                {"name": "n_out", "type": "str"},
            ],
        }
&gt;       return _call(us, "build_branch", spec_json=json.dumps(spec))["branch_def_id"]
               ^^^^^^^^^^^^^^^^^^^^^^^^^^^^^^^^^^^^^^^^^^^^^^^^^^^^^^^^^^^^^^^^^^^^^^
E       KeyError: 'branch_def_id'

tests\test_branch_evaluation_iteration.py:62: KeyError</failure></testcase><testcase classname="tests.test_branch_evaluation_iteration" name="test_rollback_is_itself_an_edit_that_can_be_undone" file="tests\test_branch_evaluation_iteration.py" line="719" time="0.109"><failure message="KeyError: 'branch_def_id'">p4_env = (&lt;module 'tinyassets.universe_server' from 'C:\\Users\\Jonathan\\Projects\\wf-required-test-gate\\tinyassets\\universe...dowsPath('C:/Users/Jonathan/AppData/Local/Temp/pytest-of-Jonathan/pytest-7404/test_rollback_is_itself_an_edi0/output'))

    def test_rollback_is_itself_an_edit_that_can_be_undone(p4_env):
        """Critical property — forward history survives rollback."""
        us, _ = p4_env
&gt;       bid = _build_trivial_branch(us)
              ^^^^^^^^^^^^^^^^^^^^^^^^^

tests\test_branch_evaluation_iteration.py:723: 
_ _ _ _ _ _ _ _ _ _ _ _ _ _ _ _ _ _ _ _ _ _ _ _ _ _ _ _ _ _ _ _ _ _ _ _ _ _ _ _

us = &lt;module 'tinyassets.universe_server' from 'C:\\Users\\Jonathan\\Projects\\wf-required-test-gate\\tinyassets\\universe_server.py'&gt;

    def _build_trivial_branch(us) -&gt; str:
        """A single-node branch that always completes cleanly via mock provider.
    
        Keeps evaluation tests focused on eval surfaces rather than graph shape.
        """
        spec = {
            "name": "Trivial",
            "description": "Single-node test branch",
            "entry_point": "n",
            "node_defs": [
                {"node_id": "n", "display_name": "N",
                 "prompt_template": "Handle: {x}", "output_keys": ["n_out"]},
            ],
            "edges": [
                {"from": "START", "to": "n"},
                {"from": "n", "to": "END"},
            ],
            "state_schema": [
                {"name": "x", "type": "str"},
                {"name": "n_out", "type": "str"},
            ],
        }
&gt;       return _call(us, "build_branch", spec_json=json.dumps(spec))["branch_def_id"]
               ^^^^^^^^^^^^^^^^^^^^^^^^^^^^^^^^^^^^^^^^^^^^^^^^^^^^^^^^^^^^^^^^^^^^^^
E       KeyError: 'branch_def_id'

tests\test_branch_evaluation_iteration.py:62: KeyError</failure></testcase><testcase classname="tests.test_branch_evaluation_iteration" name="test_rollback_rejects_when_no_history" file="tests\test_branch_evaluation_iteration.py" line="734" time="0.111"><failure message="KeyError: 'branch_def_id'">p4_env = (&lt;module 'tinyassets.universe_server' from 'C:\\Users\\Jonathan\\Projects\\wf-required-test-gate\\tinyassets\\universe...dowsPath('C:/Users/Jonathan/AppData/Local/Temp/pytest-of-Jonathan/pytest-7404/test_rollback_rejects_when_no_0/output'))

    def test_rollback_rejects_when_no_history(p4_env):
        us, _ = p4_env
&gt;       bid = _build_trivial_branch(us)
              ^^^^^^^^^^^^^^^^^^^^^^^^^

tests\test_branch_evaluation_iteration.py:737: 
_ _ _ _ _ _ _ _ _ _ _ _ _ _ _ _ _ _ _ _ _ _ _ _ _ _ _ _ _ _ _ _ _ _ _ _ _ _ _ _

us = &lt;module 'tinyassets.universe_server' from 'C:\\Users\\Jonathan\\Projects\\wf-required-test-gate\\tinyassets\\universe_server.py'&gt;

    def _build_trivial_branch(us) -&gt; str:
        """A single-node branch that always completes cleanly via mock provider.
    
        Keeps evaluation tests focused on eval surfaces rather than graph shape.
        """
        spec = {
            "name": "Trivial",
            "description": "Single-node test branch",
            "entry_point": "n",
            "node_defs": [
                {"node_id": "n", "display_name": "N",
                 "prompt_template": "Handle: {x}", "output_keys": ["n_out"]},
            ],
            "edges": [
                {"from": "START", "to": "n"},
                {"from": "n", "to": "END"},
            ],
            "state_schema": [
                {"name": "x", "type": "str"},
                {"name": "n_out", "type": "str"},
            ],
        }
&gt;       return _call(us, "build_branch", spec_json=json.dumps(spec))["branch_def_id"]
               ^^^^^^^^^^^^^^^^^^^^^^^^^^^^^^^^^^^^^^^^^^^^^^^^^^^^^^^^^^^^^^^^^^^^^^
E       KeyError: 'branch_def_id'

tests\test_branch_evaluation_iteration.py:62: KeyError</failure></testcase><testcase classname="tests.test_branch_evaluation_iteration" name="test_rollback_rejects_to_current_version" file="tests\test_branch_evaluation_iteration.py" line="742" time="0.107"><failure message="KeyError: 'branch_def_id'">p4_env = (&lt;module 'tinyassets.universe_server' from 'C:\\Users\\Jonathan\\Projects\\wf-required-test-gate\\tinyassets\\universe...dowsPath('C:/Users/Jonathan/AppData/Local/Temp/pytest-of-Jonathan/pytest-7404/test_rollback_rejects_to_curre0/output'))

    def test_rollback_rejects_to_current_version(p4_env):
        us, _ = p4_env
&gt;       bid = _build_trivial_branch(us)
              ^^^^^^^^^^^^^^^^^^^^^^^^^

tests\test_branch_evaluation_iteration.py:745: 
_ _ _ _ _ _ _ _ _ _ _ _ _ _ _ _ _ _ _ _ _ _ _ _ _ _ _ _ _ _ _ _ _ _ _ _ _ _ _ _

us = &lt;module 'tinyassets.universe_server' from 'C:\\Users\\Jonathan\\Projects\\wf-required-test-gate\\tinyassets\\universe_server.py'&gt;

    def _build_trivial_branch(us) -&gt; str:
        """A single-node branch that always completes cleanly via mock provider.
    
        Keeps evaluation tests focused on eval surfaces rather than graph shape.
        """
        spec = {
            "name": "Trivial",
            "description": "Single-node test branch",
            "entry_point": "n",
            "node_defs": [
                {"node_id": "n", "display_name": "N",
                 "prompt_template": "Handle: {x}", "output_keys": ["n_out"]},
            ],
            "edges": [
                {"from": "START", "to": "n"},
                {"from": "n", "to": "END"},
            ],
            "state_schema": [
                {"name": "x", "type": "str"},
                {"name": "n_out", "type": "str"},
            ],
        }
&gt;       return _call(us, "build_branch", spec_json=json.dumps(spec))["branch_def_id"]
               ^^^^^^^^^^^^^^^^^^^^^^^^^^^^^^^^^^^^^^^^^^^^^^^^^^^^^^^^^^^^^^^^^^^^^^
E       KeyError: 'branch_def_id'

tests\test_branch_evaluation_iteration.py:62: KeyError</failure></testcase><testcase classname="tests.test_branch_evaluation_iteration" name="test_rollback_rejects_unknown_version" file="tests\test_branch_evaluation_iteration.py" line="753" time="0.108"><failure message="KeyError: 'branch_def_id'">p4_env = (&lt;module 'tinyassets.universe_server' from 'C:\\Users\\Jonathan\\Projects\\wf-required-test-gate\\tinyassets\\universe...dowsPath('C:/Users/Jonathan/AppData/Local/Temp/pytest-of-Jonathan/pytest-7404/test_rollback_rejects_unknown_0/output'))

    def test_rollback_rejects_unknown_version(p4_env):
        us, _ = p4_env
&gt;       bid = _build_trivial_branch(us)
              ^^^^^^^^^^^^^^^^^^^^^^^^^

tests\test_branch_evaluation_iteration.py:756: 
_ _ _ _ _ _ _ _ _ _ _ _ _ _ _ _ _ _ _ _ _ _ _ _ _ _ _ _ _ _ _ _ _ _ _ _ _ _ _ _

us = &lt;module 'tinyassets.universe_server' from 'C:\\Users\\Jonathan\\Projects\\wf-required-test-gate\\tinyassets\\universe_server.py'&gt;

    def _build_trivial_branch(us) -&gt; str:
        """A single-node branch that always completes cleanly via mock provider.
    
        Keeps evaluation tests focused on eval surfaces rather than graph shape.
        """
        spec = {
            "name": "Trivial",
            "description": "Single-node test branch",
            "entry_point": "n",
            "node_defs": [
                {"node_id": "n", "display_name": "N",
                 "prompt_template": "Handle: {x}", "output_keys": ["n_out"]},
            ],
            "edges": [
                {"from": "START", "to": "n"},
                {"from": "n", "to": "END"},
            ],
            "state_schema": [
                {"name": "x", "type": "str"},
                {"name": "n_out", "type": "str"},
            ],
        }
&gt;       return _call(us, "build_branch", spec_json=json.dumps(spec))["branch_def_id"]
               ^^^^^^^^^^^^^^^^^^^^^^^^^^^^^^^^^^^^^^^^^^^^^^^^^^^^^^^^^^^^^^^^^^^^^^
E       KeyError: 'branch_def_id'

tests\test_branch_evaluation_iteration.py:62: KeyError</failure></testcase><testcase classname="tests.test_branch_evaluation_iteration" name="test_rollback_rejects_bad_to_version_string" file="tests\test_branch_evaluation_iteration.py" line="764" time="0.125"><failure message="KeyError: 'branch_def_id'">p4_env = (&lt;module 'tinyassets.universe_server' from 'C:\\Users\\Jonathan\\Projects\\wf-required-test-gate\\tinyassets\\universe...dowsPath('C:/Users/Jonathan/AppData/Local/Temp/pytest-of-Jonathan/pytest-7404/test_rollback_rejects_bad_to_v0/output'))

    def test_rollback_rejects_bad_to_version_string(p4_env):
        us, _ = p4_env
&gt;       bid = _build_trivial_branch(us)
              ^^^^^^^^^^^^^^^^^^^^^^^^^

tests\test_branch_evaluation_iteration.py:767: 
_ _ _ _ _ _ _ _ _ _ _ _ _ _ _ _ _ _ _ _ _ _ _ _ _ _ _ _ _ _ _ _ _ _ _ _ _ _ _ _

us = &lt;module 'tinyassets.universe_server' from 'C:\\Users\\Jonathan\\Projects\\wf-required-test-gate\\tinyassets\\universe_server.py'&gt;

    def _build_trivial_branch(us) -&gt; str:
        """A single-node branch that always completes cleanly via mock provider.
    
        Keeps evaluation tests focused on eval surfaces rather than graph shape.
        """
        spec = {
            "name": "Trivial",
            "description": "Single-node test branch",
            "entry_point": "n",
            "node_defs": [
                {"node_id": "n", "display_name": "N",
                 "prompt_template": "Handle: {x}", "output_keys": ["n_out"]},
            ],
            "edges": [
                {"from": "START", "to": "n"},
                {"from": "n", "to": "END"},
            ],
            "state_schema": [
                {"name": "x", "type": "str"},
                {"name": "n_out", "type": "str"},
            ],
        }
&gt;       return _call(us, "build_branch", spec_json=json.dumps(spec))["branch_def_id"]
               ^^^^^^^^^^^^^^^^^^^^^^^^^^^^^^^^^^^^^^^^^^^^^^^^^^^^^^^^^^^^^^^^^^^^^^
E       KeyError: 'branch_def_id'

tests\test_branch_evaluation_iteration.py:62: KeyError</failure></testcase><testcase classname="tests.test_branch_evaluation_iteration" name="test_rollback_preserves_judgments_on_runs" file="tests\test_branch_evaluation_iteration.py" line="775" time="0.116"><failure message="KeyError: 'branch_def_id'">p4_env = (&lt;module 'tinyassets.universe_server' from 'C:\\Users\\Jonathan\\Projects\\wf-required-test-gate\\tinyassets\\universe...dowsPath('C:/Users/Jonathan/AppData/Local/Temp/pytest-of-Jonathan/pytest-7404/test_rollback_preserves_judgme0/output'))

    def test_rollback_preserves_judgments_on_runs(p4_env):
        """AC #50 carry-forward: judgments stay associated with the runs
        they targeted. Rolling back doesn't strip them."""
        us, _ = p4_env
&gt;       bid = _build_trivial_branch(us)
              ^^^^^^^^^^^^^^^^^^^^^^^^^

tests\test_branch_evaluation_iteration.py:780: 
_ _ _ _ _ _ _ _ _ _ _ _ _ _ _ _ _ _ _ _ _ _ _ _ _ _ _ _ _ _ _ _ _ _ _ _ _ _ _ _

us = &lt;module 'tinyassets.universe_server' from 'C:\\Users\\Jonathan\\Projects\\wf-required-test-gate\\tinyassets\\universe_server.py'&gt;

    def _build_trivial_branch(us) -&gt; str:
        """A single-node branch that always completes cleanly via mock provider.
    
        Keeps evaluation tests focused on eval surfaces rather than graph shape.
        """
        spec = {
            "name": "Trivial",
            "description": "Single-node test branch",
            "entry_point": "n",
            "node_defs": [
                {"node_id": "n", "display_name": "N",
                 "prompt_template": "Handle: {x}", "output_keys": ["n_out"]},
            ],
            "edges": [
                {"from": "START", "to": "n"},
                {"from": "n", "to": "END"},
            ],
            "state_schema": [
                {"name": "x", "type": "str"},
                {"name": "n_out", "type": "str"},
            ],
        }
&gt;       return _call(us, "build_branch", spec_json=json.dumps(spec))["branch_def_id"]
               ^^^^^^^^^^^^^^^^^^^^^^^^^^^^^^^^^^^^^^^^^^^^^^^^^^^^^^^^^^^^^^^^^^^^^^
E       KeyError: 'branch_def_id'

tests\test_branch_evaluation_iteration.py:62: KeyError</failure></testcase><testcase classname="tests.test_branch_evaluation_iteration" name="test_rollback_bumps_branch_version" file="tests\test_branch_evaluation_iteration.py" line="794" time="0.240"><failure message="KeyError: 'branch_def_id'">p4_env = (&lt;module 'tinyassets.universe_server' from 'C:\\Users\\Jonathan\\Projects\\wf-required-test-gate\\tinyassets\\universe...dowsPath('C:/Users/Jonathan/AppData/Local/Temp/pytest-of-Jonathan/pytest-7404/test_rollback_bumps_branch_ver0/output'))

    def test_rollback_bumps_branch_version(p4_env):
        us, _ = p4_env
&gt;       bid = _build_trivial_branch(us)
              ^^^^^^^^^^^^^^^^^^^^^^^^^

tests\test_branch_evaluation_iteration.py:797: 
_ _ _ _ _ _ _ _ _ _ _ _ _ _ _ _ _ _ _ _ _ _ _ _ _ _ _ _ _ _ _ _ _ _ _ _ _ _ _ _

us = &lt;module 'tinyassets.universe_server' from 'C:\\Users\\Jonathan\\Projects\\wf-required-test-gate\\tinyassets\\universe_server.py'&gt;

    def _build_trivial_branch(us) -&gt; str:
        """A single-node branch that always completes cleanly via mock provider.
    
        Keeps evaluation tests focused on eval surfaces rather than graph shape.
        """
        spec = {
            "name": "Trivial",
            "description": "Single-node test branch",
            "entry_point": "n",
            "node_defs": [
                {"node_id": "n", "display_name": "N",
                 "prompt_template": "Handle: {x}", "output_keys": ["n_out"]},
            ],
            "edges": [
                {"from": "START", "to": "n"},
                {"from": "n", "to": "END"},
            ],
            "state_schema": [
                {"name": "x", "type": "str"},
                {"name": "n_out", "type": "str"},
            ],
        }
&gt;       return _call(us, "build_branch", spec_json=json.dumps(spec))["branch_def_id"]
               ^^^^^^^^^^^^^^^^^^^^^^^^^^^^^^^^^^^^^^^^^^^^^^^^^^^^^^^^^^^^^^^^^^^^^^
E       KeyError: 'branch_def_id'

tests\test_branch_evaluation_iteration.py:62: KeyError</failure></testcase><testcase classname="tests.test_branch_evaluation_iteration" name="test_rollback_writes_ledger" file="tests\test_branch_evaluation_iteration.py" line="805" time="0.145"><failure message="KeyError: 'branch_def_id'">p4_env = (&lt;module 'tinyassets.universe_server' from 'C:\\Users\\Jonathan\\Projects\\wf-required-test-gate\\tinyassets\\universe...WindowsPath('C:/Users/Jonathan/AppData/Local/Temp/pytest-of-Jonathan/pytest-7404/test_rollback_writes_ledger0/output'))

    def test_rollback_writes_ledger(p4_env):
        us, base = p4_env
&gt;       bid = _build_trivial_branch(us)
              ^^^^^^^^^^^^^^^^^^^^^^^^^

tests\test_branch_evaluation_iteration.py:808: 
_ _ _ _ _ _ _ _ _ _ _ _ _ _ _ _ _ _ _ _ _ _ _ _ _ _ _ _ _ _ _ _ _ _ _ _ _ _ _ _

us = &lt;module 'tinyassets.universe_server' from 'C:\\Users\\Jonathan\\Projects\\wf-required-test-gate\\tinyassets\\universe_server.py'&gt;

    def _build_trivial_branch(us) -&gt; str:
        """A single-node branch that always completes cleanly via mock provider.
    
        Keeps evaluation tests focused on eval surfaces rather than graph shape.
        """
        spec = {
            "name": "Trivial",
            "description": "Single-node test branch",
            "entry_point": "n",
            "node_defs": [
                {"node_id": "n", "display_name": "N",
                 "prompt_template": "Handle: {x}", "output_keys": ["n_out"]},
            ],
            "edges": [
                {"from": "START", "to": "n"},
                {"from": "n", "to": "END"},
            ],
            "state_schema": [
                {"name": "x", "type": "str"},
                {"name": "n_out", "type": "str"},
            ],
        }
&gt;       return _call(us, "build_branch", spec_json=json.dumps(spec))["branch_def_id"]
               ^^^^^^^^^^^^^^^^^^^^^^^^^^^^^^^^^^^^^^^^^^^^^^^^^^^^^^^^^^^^^^^^^^^^^^
E       KeyError: 'branch_def_id'

tests\test_branch_evaluation_iteration.py:62: KeyError</failure></testcase><testcase classname="tests.test_branch_evaluation_iteration" name="test_rollback_text_channel_mentions_version_transition" file="tests\test_branch_evaluation_iteration.py" line="815" time="0.143"><failure message="KeyError: 'branch_def_id'">p4_env = (&lt;module 'tinyassets.universe_server' from 'C:\\Users\\Jonathan\\Projects\\wf-required-test-gate\\tinyassets\\universe...dowsPath('C:/Users/Jonathan/AppData/Local/Temp/pytest-of-Jonathan/pytest-7404/test_rollback_text_channel_men0/output'))

    def test_rollback_text_channel_mentions_version_transition(p4_env):
        us, _ = p4_env
&gt;       bid = _build_trivial_branch(us)
              ^^^^^^^^^^^^^^^^^^^^^^^^^

tests\test_branch_evaluation_iteration.py:818: 
_ _ _ _ _ _ _ _ _ _ _ _ _ _ _ _ _ _ _ _ _ _ _ _ _ _ _ _ _ _ _ _ _ _ _ _ _ _ _ _

us = &lt;module 'tinyassets.universe_server' from 'C:\\Users\\Jonathan\\Projects\\wf-required-test-gate\\tinyassets\\universe_server.py'&gt;

    def _build_trivial_branch(us) -&gt; str:
        """A single-node branch that always completes cleanly via mock provider.
    
        Keeps evaluation tests focused on eval surfaces rather than graph shape.
        """
        spec = {
            "name": "Trivial",
            "description": "Single-node test branch",
            "entry_point": "n",
            "node_defs": [
                {"node_id": "n", "display_name": "N",
                 "prompt_template": "Handle: {x}", "output_keys": ["n_out"]},
            ],
            "edges": [
                {"from": "START", "to": "n"},
                {"from": "n", "to": "END"},
            ],
            "state_schema": [
                {"name": "x", "type": "str"},
                {"name": "n_out", "type": "str"},
            ],
        }
&gt;       return _call(us, "build_branch", spec_json=json.dumps(spec))["branch_def_id"]
               ^^^^^^^^^^^^^^^^^^^^^^^^^^^^^^^^^^^^^^^^^^^^^^^^^^^^^^^^^^^^^^^^^^^^^^
E       KeyError: 'branch_def_id'

tests\test_branch_evaluation_iteration.py:62: KeyError</failure></testcase><testcase classname="tests.test_branch_evaluation_iteration" name="test_unknown_action_catalog_lists_rollback_actions" file="tests\test_branch_evaluation_iteration.py" line="826" time="0.068" /><testcase classname="tests.test_branch_janitor" name="test_protected_branches_never_touched" file="tests\test_branch_janitor.py" line="40" time="0.001" /><testcase classname="tests.test_branch_janitor" name="test_merged_branch_is_sweepable" file="tests\test_branch_janitor.py" line="47" time="0.001" /><testcase classname="tests.test_branch_janitor" name="test_open_pr_protects_unmerged_stale_branch" file="tests\test_branch_janitor.py" line="53" time="0.001" /><testcase classname="tests.test_branch_janitor" name="test_recent_commit_never_deleted" file="tests\test_branch_janitor.py" line="59" time="0.001" /><testcase classname="tests.test_branch_janitor" name="test_stale_unmerged_flagged_not_deleted" file="tests\test_branch_janitor.py" line="65" time="0.000" /><testcase classname="tests.test_branch_janitor" name="test_past_grace_is_delete_candidate" file="tests\test_branch_janitor.py" line="72" time="0.000" /><testcase classname="tests.test_branch_janitor" name="test_pr_lookup_failure_disables_unmerged_deletion" file="tests\test_branch_janitor.py" line="78" time="0.001" /><testcase classname="tests.test_branch_janitor" name="test_merged_takes_priority_over_protected_order" file="tests\test_branch_janitor.py" line="85" time="0.000" /><testcase classname="tests.test_branch_mutation_authority" name="test_structural_mutation_denies_non_author_without_state_change[add_node]" file="tests\test_branch_mutation_authority.py" line="196" time="0.075" /><testcase classname="tests.test_branch_mutation_authority" name="test_structural_mutation_denies_non_author_without_state_change[connect_nodes]" file="tests\test_branch_mutation_authority.py" line="196" time="0.083" /><testcase classname="tests.test_branch_mutation_authority" name="test_structural_mutation_denies_non_author_without_state_change[set_entry_point]" file="tests\test_branch_mutation_authority.py" line="196" time="0.089" /><testcase classname="tests.test_branch_mutation_authority" name="test_structural_mutation_denies_non_author_without_state_change[add_state_field]" file="tests\test_branch_mutation_authority.py" line="196" time="0.077" /><testcase classname="tests.test_branch_mutation_authority" name="test_structural_mutation_owner_control_still_changes_state[add_node]" file="tests\test_branch_mutation_authority.py" line="217" time="0.100" /><testcase classname="tests.test_branch_mutation_authority" name="test_structural_mutation_owner_control_still_changes_state[connect_nodes]" file="tests\test_branch_mutation_authority.py" line="217" time="0.086" /><testcase classname="tests.test_branch_mutation_authority" name="test_structural_mutation_owner_control_still_changes_state[set_entry_point]" file="tests\test_branch_mutation_authority.py" line="217" time="0.090" /><testcase classname="tests.test_branch_mutation_authority" name="test_structural_mutation_owner_control_still_changes_state[add_state_field]" file="tests\test_branch_mutation_authority.py" line="217" time="0.084" /><testcase classname="tests.test_branch_mutation_authority" name="test_foreign_private_structural_selector_matches_missing_exactly[id]" file="tests\test_branch_mutation_authority.py" line="236" time="0.096" /><testcase classname="tests.test_branch_mutation_authority" name="test_foreign_private_structural_selector_matches_missing_exactly[name]" file="tests\test_branch_mutation_authority.py" line="236" time="0.091" /><testcase classname="tests.test_branch_mutation_authority" name="test_environment_only_actor_cannot_mutate_matching_public_author" file="tests\test_branch_mutation_authority.py" line="270" time="0.100" /><testcase classname="tests.test_branch_mutation_authority" name="test_new_node_and_ledger_actor_are_server_bound_to_authenticated_subject" file="tests\test_branch_mutation_authority.py" line="292" time="0.113" /><testcase classname="tests.test_branch_mutation_authority" name="test_node_mutation_denies_non_author_before_expansion_or_provenance_change[update_node]" file="tests\test_branch_mutation_authority.py" line="320" time="0.093" /><testcase classname="tests.test_branch_mutation_authority" name="test_node_mutation_denies_non_author_before_expansion_or_provenance_change[patch_nodes]" file="tests\test_branch_mutation_authority.py" line="320" time="0.072" /><testcase classname="tests.test_branch_mutation_authority" name="test_node_mutation_denies_non_author_before_expansion_or_provenance_change[approve_source_code]" file="tests\test_branch_mutation_authority.py" line="320" time="0.088" /><testcase classname="tests.test_branch_mutation_authority" name="test_node_mutation_private_and_missing_responses_are_identical[update_node]" file="tests\test_branch_mutation_authority.py" line="347" time="0.092" /><testcase classname="tests.test_branch_mutation_authority" name="test_node_mutation_private_and_missing_responses_are_identical[patch_nodes]" file="tests\test_branch_mutation_authority.py" line="347" time="0.090" /><testcase classname="tests.test_branch_mutation_authority" name="test_node_mutation_private_and_missing_responses_are_identical[approve_source_code]" file="tests\test_branch_mutation_authority.py" line="347" time="0.084" /><testcase classname="tests.test_branch_mutation_authority" name="test_node_mutation_owner_controls_and_approval_attribution[update_node]" file="tests\test_branch_mutation_authority.py" line="387" time="0.132" /><testcase classname="tests.test_branch_mutation_authority" name="test_node_mutation_owner_controls_and_approval_attribution[patch_nodes]" file="tests\test_branch_mutation_authority.py" line="387" time="0.076" /><testcase classname="tests.test_branch_mutation_authority" name="test_node_mutation_owner_controls_and_approval_attribution[approve_source_code]" file="tests\test_branch_mutation_authority.py" line="387" time="0.097" /><testcase classname="tests.test_branch_mutation_authority" name="test_patch_branch_non_author_denial_is_generic_and_force_cannot_bypass" file="tests\test_branch_mutation_authority.py" line="417" time="0.067" /><testcase classname="tests.test_branch_mutation_authority" name="test_patch_branch_private_and_missing_responses_are_identical" file="tests\test_branch_mutation_authority.py" line="435" time="0.064" /><testcase classname="tests.test_branch_mutation_authority" name="test_patch_branch_author_keeps_authorized_conflict_recovery_path[False]" file="tests\test_branch_mutation_authority.py" line="461" time="0.097" /><testcase classname="tests.test_branch_mutation_authority" name="test_patch_branch_author_keeps_authorized_conflict_recovery_path[True]" file="tests\test_branch_mutation_authority.py" line="461" time="0.133" /><testcase classname="tests.test_branch_mutation_authority" name="test_delete_denies_public_non_author_and_preserves_branch_and_versions" file="tests\test_branch_mutation_authority.py" line="490" time="0.092" /><testcase classname="tests.test_branch_mutation_authority" name="test_delete_private_and_missing_responses_are_identical" file="tests\test_branch_mutation_authority.py" line="522" time="0.065" /><testcase classname="tests.test_branch_mutation_authority" name="test_delete_author_control_still_removes_branch" file="tests\test_branch_mutation_authority.py" line="553" time="0.066" /><testcase classname="tests.test_branch_mutation_authority" name="test_branch_action_scope_defense_in_depth_stays_fail_closed" file="tests\test_branch_mutation_authority.py" line="575" time="0.004" /><testcase classname="tests.test_branch_name_resolution.TestResolveBranchId" name="test_exact_id_returned_unchanged" file="tests\test_branch_name_resolution.py" line="35" time="0.001" /><testcase classname="tests.test_branch_name_resolution.TestResolveBranchId" name="test_name_resolved_to_id" file="tests\test_branch_name_resolution.py" line="42" time="0.001" /><testcase classname="tests.test_branch_name_resolution.TestResolveBranchId" name="test_name_resolution_case_insensitive" file="tests\test_branch_name_resolution.py" line="49" time="0.001" /><testcase classname="tests.test_branch_name_resolution.TestResolveBranchId" name="test_unknown_input_returned_unchanged" file="tests\test_branch_name_resolution.py" line="56" time="0.001" /><testcase classname="tests.test_branch_name_resolution.TestResolveBranchId" name="test_empty_string_returned_unchanged" file="tests\test_branch_name_resolution.py" line="63" time="0.001" /><testcase classname="tests.test_branch_name_resolution.TestResolveBranchId" name="test_second_branch_resolved_by_name" file="tests\test_branch_name_resolution.py" line="70" time="0.001" /><testcase classname="tests.test_branch_name_resolution.TestDescribeBranchAcceptsName" name="test_describe_by_name_succeeds" file="tests\test_branch_name_resolution.py" line="81" time="0.002" /><testcase classname="tests.test_branch_read_authority" name="test_caller_identity_string_is_not_an_authenticated_credential" file="tests\test_branch_read_authority.py" line="111" time="0.049" /><testcase classname="tests.test_branch_read_authority" name="test_anonymous_environment_actor_cannot_create_or_reach_ledger" file="tests\test_branch_read_authority.py" line="121" time="0.051" /><testcase classname="tests.test_branch_read_authority" name="test_create_and_build_bind_author_receipt_nodes_and_ledger_to_subject" file="tests\test_branch_read_authority.py" line="139" time="0.102" /><testcase classname="tests.test_branch_read_authority" name="test_listing_uses_only_authenticated_viewer_and_mine_is_empty_for_anonymous" file="tests\test_branch_read_authority.py" line="194" time="0.080" /><testcase classname="tests.test_branch_read_authority" name="test_reusable_node_search_counts_only_public_and_own_private_candidates" file="tests\test_branch_read_authority.py" line="241" time="0.080" /><testcase classname="tests.test_branch_read_authority" name="test_private_id_and_missing_selector_have_byte_identical_read_envelopes[get_branch]" file="tests\test_branch_read_authority.py" line="285" time="0.064" /><testcase classname="tests.test_branch_read_authority" name="test_private_id_and_missing_selector_have_byte_identical_read_envelopes[describe_branch]" file="tests\test_branch_read_authority.py" line="285" time="0.068" /><testcase classname="tests.test_branch_read_authority" name="test_private_id_and_missing_selector_have_byte_identical_read_envelopes[validate_branch]" file="tests\test_branch_read_authority.py" line="285" time="0.068" /><testcase classname="tests.test_branch_read_authority" name="test_private_id_and_missing_selector_have_byte_identical_read_envelopes[fork_tree]" file="tests\test_branch_read_authority.py" line="285" time="0.066" /><testcase classname="tests.test_branch_read_authority" name="test_environment_identity_cannot_resolve_private_name_to_canonical_id" file="tests\test_branch_read_authority.py" line="319" time="0.060" /><testcase classname="tests.test_branch_read_authority" name="test_public_and_authenticated_owner_reads_remain_available" file="tests\test_branch_read_authority.py" line="343" time="0.063" /><testcase classname="tests.test_branch_read_authority" name="test_unreadable_fork_pointer_and_ancestor_are_omitted" file="tests\test_branch_read_authority.py" line="374" time="0.138" /><testcase classname="tests.test_branch_read_authority" name="test_descendant_projection_includes_public_and_owner_private_only" file="tests\test_branch_read_authority.py" line="414" time="0.110" /><testcase classname="tests.test_branch_read_authority" name="test_foreign_private_and_missing_node_ref_are_identical_and_copy_nothing" file="tests\test_branch_read_authority.py" line="525" time="0.111" /><testcase classname="tests.test_branch_read_authority" name="test_authorized_node_ref_preserves_copied_source_provenance[public-bob]" file="tests\test_branch_read_authority.py" line="589" time="0.089" /><testcase classname="tests.test_branch_read_authority" name="test_authorized_node_ref_preserves_copied_source_provenance[private-alice]" file="tests\test_branch_read_authority.py" line="589" time="0.068" /><testcase classname="tests.test_branch_read_authority" name="test_foreign_private_and_missing_clone_version_are_identical_and_atomic" file="tests\test_branch_read_authority.py" line="645" time="0.095" /><testcase classname="tests.test_branch_read_authority" name="test_authorized_public_and_owner_private_clone_preserves_source_nodes[public-bob]" file="tests\test_branch_read_authority.py" line="681" time="0.094" /><testcase classname="tests.test_branch_read_authority" name="test_authorized_public_and_owner_private_clone_preserves_source_nodes[private-alice]" file="tests\test_branch_read_authority.py" line="681" time="0.093" /><testcase classname="tests.test_branch_read_authority" name="test_foreign_private_and_missing_set_fork_from_are_identical_and_atomic" file="tests\test_branch_read_authority.py" line="722" time="0.110" /><testcase classname="tests.test_branch_read_authority" name="test_authorized_set_fork_from_accepts_public_and_owner_private_parent[public-bob]" file="tests\test_branch_read_authority.py" line="776" time="0.111" /><testcase classname="tests.test_branch_read_authority" name="test_authorized_set_fork_from_accepts_public_and_owner_private_parent[private-alice]" file="tests\test_branch_read_authority.py" line="776" time="0.110" /><testcase classname="tests.test_branch_runner" name="test_compiler_rejects_invalid_branch" file="tests\test_branch_runner.py" line="92" time="0.003" /><testcase classname="tests.test_branch_runner" name="test_compiler_rejects_unapproved_source_code" file="tests\test_branch_runner.py" line="100" time="0.001" /><testcase classname="tests.test_branch_runner" name="test_compiler_accepts_approved_source_code" file="tests\test_branch_runner.py" line="118" time="0.007" /><testcase classname="tests.test_branch_runner" name="test_source_code_node_can_call_allowed_mcp_action" file="tests\test_branch_runner.py" line="143" time="0.004" /><testcase classname="tests.test_branch_runner" name="test_source_code_node_rejects_mcp_action_not_in_tools_allowed" file="tests\test_branch_runner.py" line="193" time="0.005" /><testcase classname="tests.test_branch_runner" name="test_source_code_node_can_call_wiki_read" file="tests\test_branch_runner.py" line="230" time="0.004" /><testcase classname="tests.test_branch_runner" name="test_source_code_node_cannot_call_wiki_write" file="tests\test_branch_runner.py" line="276" time="0.005" /><testcase classname="tests.test_branch_runner" name="test_node_wiki_dispatch_blocks_write_even_if_aliased" file="tests\test_branch_runner.py" line="314" time="0.005" /><testcase classname="tests.test_branch_runner" name="test_branch_spec_preserves_tools_allowed" file="tests\test_branch_runner.py" line="357" time="0.012" /><testcase classname="tests.test_branch_runner" name="test_compiler_synthesized_typeddict_reducer_append" file="tests\test_branch_runner.py" line="372" time="0.007" /><testcase classname="tests.test_branch_runner" name="test_prompt_template_single_brace_substitutes" file="tests\test_branch_runner.py" line="450" time="0.008" /><testcase classname="tests.test_branch_runner" name="test_prompt_template_double_brace_substitutes" file="tests\test_branch_runner.py" line="457" time="0.009" /><testcase classname="tests.test_branch_runner" name="test_prompt_template_double_brace_with_whitespace" file="tests\test_branch_runner.py" line="466" time="0.009" /><testcase classname="tests.test_branch_runner" name="test_prompt_template_mixed_single_and_double" file="tests\test_branch_runner.py" line="473" time="0.009" /><testcase classname="tests.test_branch_runner" name="test_prompt_template_multiple_double_brace_occurrences" file="tests\test_branch_runner.py" line="482" time="0.008" /><testcase classname="tests.test_branch_runner" name="test_prompt_template_missing_key_raises" file="tests\test_branch_runner.py" line="492" time="0.001" /><testcase classname="tests.test_branch_runner" name="test_prompt_template_missing_key_detected_for_double_brace" file="tests\test_branch_runner.py" line="506" time="0.001" /><testcase classname="tests.test_branch_runner" name="test_normalize_placeholders_helper" file="tests\test_branch_runner.py" line="519" time="0.001" /><testcase classname="tests.test_branch_runner" name="test_execute_branch_end_to_end" file="tests\test_branch_runner.py" line="535" time="0.090" /><testcase classname="tests.test_branch_runner" name="test_execute_branch_records_executor_identity_without_changing_actor" file="tests\test_branch_runner.py" line="562" time="0.098" /><testcase classname="tests.test_branch_runner" name="test_execute_branch_reports_node_status_callback" file="tests\test_branch_runner.py" line="597" time="0.081" /><testcase classname="tests.test_branch_runner" name="test_execute_branch_fails_on_compiler_error" file="tests\test_branch_runner.py" line="633" time="0.052" /><testcase classname="tests.test_branch_runner" name="test_execute_branch_reports_unapproved_source_code" file="tests\test_branch_runner.py" line="649" time="0.055" /><testcase classname="tests.test_branch_runner" name="test_run_branch_recipe_vignette_end_to_end" file="tests\test_branch_runner.py" line="674" time="0.108"><failure message="KeyError: 'branch_def_id'">runner_env = (&lt;module 'tinyassets.universe_server' from 'C:\\Users\\Jonathan\\Projects\\wf-required-test-gate\\tinyassets\\universe...dowsPath('C:/Users/Jonathan/AppData/Local/Temp/pytest-of-Jonathan/pytest-7404/test_run_branch_recipe_vignett0/output'))

    def test_run_branch_recipe_vignette_end_to_end(runner_env):
        """Acceptance criterion #1 — recipe-tracker runs via run_branch.
    
        Phase 3.5: run_branch now returns ``status=queued`` and the worker
        finishes in the background. Use ``_run_and_wait`` to resolve the
        terminal state for assertion.
        """
        us, _ = runner_env
&gt;       bid = _build_recipe_branch(us)
              ^^^^^^^^^^^^^^^^^^^^^^^^

tests\test_branch_runner.py:683: 
_ _ _ _ _ _ _ _ _ _ _ _ _ _ _ _ _ _ _ _ _ _ _ _ _ _ _ _ _ _ _ _ _ _ _ _ _ _ _ _

us = &lt;module 'tinyassets.universe_server' from 'C:\\Users\\Jonathan\\Projects\\wf-required-test-gate\\tinyassets\\universe_server.py'&gt;

    def _build_recipe_branch(us) -&gt; str:
        """Create the recipe-tracker branch from the Phase 2 vignette."""
&gt;       bid = _call(us, "create_branch", name="Recipe tracker")["branch_def_id"]
              ^^^^^^^^^^^^^^^^^^^^^^^^^^^^^^^^^^^^^^^^^^^^^^^^^^^^^^^^^^^^^^^^^^
E       KeyError: 'branch_def_id'

tests\test_branch_runner.py:63: KeyError</failure></testcase><testcase classname="tests.test_branch_runner" name="test_run_branch_rejects_invalid_branch" file="tests\test_branch_runner.py" line="694" time="0.108"><failure message="KeyError: 'branch_def_id'">runner_env = (&lt;module 'tinyassets.universe_server' from 'C:\\Users\\Jonathan\\Projects\\wf-required-test-gate\\tinyassets\\universe...dowsPath('C:/Users/Jonathan/AppData/Local/Temp/pytest-of-Jonathan/pytest-7404/test_run_branch_rejects_invali0/output'))

    def test_run_branch_rejects_invalid_branch(runner_env):
        us, _ = runner_env
&gt;       bid = _call(us, "create_branch", name="Empty")["branch_def_id"]
              ^^^^^^^^^^^^^^^^^^^^^^^^^^^^^^^^^^^^^^^^^^^^^^^^^^^^^^^^^
E       KeyError: 'branch_def_id'

tests\test_branch_runner.py:697: KeyError</failure></testcase><testcase classname="tests.test_branch_runner" name="test_run_branch_rejects_malformed_inputs_json" file="tests\test_branch_runner.py" line="703" time="0.110"><failure message="KeyError: 'branch_def_id'">runner_env = (&lt;module 'tinyassets.universe_server' from 'C:\\Users\\Jonathan\\Projects\\wf-required-test-gate\\tinyassets\\universe...dowsPath('C:/Users/Jonathan/AppData/Local/Temp/pytest-of-Jonathan/pytest-7404/test_run_branch_rejects_malfor0/output'))

    def test_run_branch_rejects_malformed_inputs_json(runner_env):
        us, _ = runner_env
&gt;       bid = _build_recipe_branch(us)
              ^^^^^^^^^^^^^^^^^^^^^^^^

tests\test_branch_runner.py:706: 
_ _ _ _ _ _ _ _ _ _ _ _ _ _ _ _ _ _ _ _ _ _ _ _ _ _ _ _ _ _ _ _ _ _ _ _ _ _ _ _

us = &lt;module 'tinyassets.universe_server' from 'C:\\Users\\Jonathan\\Projects\\wf-required-test-gate\\tinyassets\\universe_server.py'&gt;

    def _build_recipe_branch(us) -&gt; str:
        """Create the recipe-tracker branch from the Phase 2 vignette."""
&gt;       bid = _call(us, "create_branch", name="Recipe tracker")["branch_def_id"]
              ^^^^^^^^^^^^^^^^^^^^^^^^^^^^^^^^^^^^^^^^^^^^^^^^^^^^^^^^^^^^^^^^^^
E       KeyError: 'branch_def_id'

tests\test_branch_runner.py:63: KeyError</failure></testcase><testcase classname="tests.test_branch_runner" name="test_get_run_returns_snapshot_with_mermaid" file="tests\test_branch_runner.py" line="713" time="0.109"><failure message="KeyError: 'branch_def_id'">runner_env = (&lt;module 'tinyassets.universe_server' from 'C:\\Users\\Jonathan\\Projects\\wf-required-test-gate\\tinyassets\\universe...dowsPath('C:/Users/Jonathan/AppData/Local/Temp/pytest-of-Jonathan/pytest-7404/test_get_run_returns_snapshot_0/output'))

    def test_get_run_returns_snapshot_with_mermaid(runner_env):
        us, _ = runner_env
&gt;       bid = _build_recipe_branch(us)
              ^^^^^^^^^^^^^^^^^^^^^^^^

tests\test_branch_runner.py:716: 
_ _ _ _ _ _ _ _ _ _ _ _ _ _ _ _ _ _ _ _ _ _ _ _ _ _ _ _ _ _ _ _ _ _ _ _ _ _ _ _

us = &lt;module 'tinyassets.universe_server' from 'C:\\Users\\Jonathan\\Projects\\wf-required-test-gate\\tinyassets\\universe_server.py'&gt;

    def _build_recipe_branch(us) -&gt; str:
        """Create the recipe-tracker branch from the Phase 2 vignette."""
&gt;       bid = _call(us, "create_branch", name="Recipe tracker")["branch_def_id"]
              ^^^^^^^^^^^^^^^^^^^^^^^^^^^^^^^^^^^^^^^^^^^^^^^^^^^^^^^^^^^^^^^^^^
E       KeyError: 'branch_def_id'

tests\test_branch_runner.py:63: KeyError</failure></testcase><testcase classname="tests.test_branch_runner" name="test_list_runs_filters_by_branch" file="tests\test_branch_runner.py" line="736" time="0.106"><failure message="KeyError: 'branch_def_id'">runner_env = (&lt;module 'tinyassets.universe_server' from 'C:\\Users\\Jonathan\\Projects\\wf-required-test-gate\\tinyassets\\universe...dowsPath('C:/Users/Jonathan/AppData/Local/Temp/pytest-of-Jonathan/pytest-7404/test_list_runs_filters_by_bran0/output'))

    def test_list_runs_filters_by_branch(runner_env):
        us, _ = runner_env
&gt;       bid1 = _build_recipe_branch(us)
               ^^^^^^^^^^^^^^^^^^^^^^^^

tests\test_branch_runner.py:739: 
_ _ _ _ _ _ _ _ _ _ _ _ _ _ _ _ _ _ _ _ _ _ _ _ _ _ _ _ _ _ _ _ _ _ _ _ _ _ _ _

us = &lt;module 'tinyassets.universe_server' from 'C:\\Users\\Jonathan\\Projects\\wf-required-test-gate\\tinyassets\\universe_server.py'&gt;

    def _build_recipe_branch(us) -&gt; str:
        """Create the recipe-tracker branch from the Phase 2 vignette."""
&gt;       bid = _call(us, "create_branch", name="Recipe tracker")["branch_def_id"]
              ^^^^^^^^^^^^^^^^^^^^^^^^^^^^^^^^^^^^^^^^^^^^^^^^^^^^^^^^^^^^^^^^^^
E       KeyError: 'branch_def_id'

tests\test_branch_runner.py:63: KeyError</failure></testcase><testcase classname="tests.test_branch_runner" name="test_stream_run_returns_events_since_cursor" file="tests\test_branch_runner.py" line="750" time="0.107"><failure message="KeyError: 'branch_def_id'">runner_env = (&lt;module 'tinyassets.universe_server' from 'C:\\Users\\Jonathan\\Projects\\wf-required-test-gate\\tinyassets\\universe...dowsPath('C:/Users/Jonathan/AppData/Local/Temp/pytest-of-Jonathan/pytest-7404/test_stream_run_returns_events0/output'))

    def test_stream_run_returns_events_since_cursor(runner_env):
        us, _ = runner_env
&gt;       bid = _build_recipe_branch(us)
              ^^^^^^^^^^^^^^^^^^^^^^^^

tests\test_branch_runner.py:753: 
_ _ _ _ _ _ _ _ _ _ _ _ _ _ _ _ _ _ _ _ _ _ _ _ _ _ _ _ _ _ _ _ _ _ _ _ _ _ _ _

us = &lt;module 'tinyassets.universe_server' from 'C:\\Users\\Jonathan\\Projects\\wf-required-test-gate\\tinyassets\\universe_server.py'&gt;

    def _build_recipe_branch(us) -&gt; str:
        """Create the recipe-tracker branch from the Phase 2 vignette."""
&gt;       bid = _call(us, "create_branch", name="Recipe tracker")["branch_def_id"]
              ^^^^^^^^^^^^^^^^^^^^^^^^^^^^^^^^^^^^^^^^^^^^^^^^^^^^^^^^^^^^^^^^^^
E       KeyError: 'branch_def_id'

tests\test_branch_runner.py:63: KeyError</failure></testcase><testcase classname="tests.test_branch_runner" name="test_cancel_run_marks_cancel_requested" file="tests\test_branch_runner.py" line="766" time="0.108"><failure message="KeyError: 'branch_def_id'">runner_env = (&lt;module 'tinyassets.universe_server' from 'C:\\Users\\Jonathan\\Projects\\wf-required-test-gate\\tinyassets\\universe...dowsPath('C:/Users/Jonathan/AppData/Local/Temp/pytest-of-Jonathan/pytest-7404/test_cancel_run_marks_cancel_r0/output'))

    def test_cancel_run_marks_cancel_requested(runner_env):
        us, _ = runner_env
&gt;       bid = _build_recipe_branch(us)
              ^^^^^^^^^^^^^^^^^^^^^^^^

tests\test_branch_runner.py:769: 
_ _ _ _ _ _ _ _ _ _ _ _ _ _ _ _ _ _ _ _ _ _ _ _ _ _ _ _ _ _ _ _ _ _ _ _ _ _ _ _

us = &lt;module 'tinyassets.universe_server' from 'C:\\Users\\Jonathan\\Projects\\wf-required-test-gate\\tinyassets\\universe_server.py'&gt;

    def _build_recipe_branch(us) -&gt; str:
        """Create the recipe-tracker branch from the Phase 2 vignette."""
&gt;       bid = _call(us, "create_branch", name="Recipe tracker")["branch_def_id"]
              ^^^^^^^^^^^^^^^^^^^^^^^^^^^^^^^^^^^^^^^^^^^^^^^^^^^^^^^^^^^^^^^^^^
E       KeyError: 'branch_def_id'

tests\test_branch_runner.py:63: KeyError</failure></testcase><testcase classname="tests.test_branch_runner" name="test_get_run_output_full_and_single_field" file="tests\test_branch_runner.py" line="776" time="0.107"><failure message="KeyError: 'branch_def_id'">runner_env = (&lt;module 'tinyassets.universe_server' from 'C:\\Users\\Jonathan\\Projects\\wf-required-test-gate\\tinyassets\\universe...dowsPath('C:/Users/Jonathan/AppData/Local/Temp/pytest-of-Jonathan/pytest-7404/test_get_run_output_full_and_s0/output'))

    def test_get_run_output_full_and_single_field(runner_env):
        us, _ = runner_env
&gt;       bid = _build_recipe_branch(us)
              ^^^^^^^^^^^^^^^^^^^^^^^^

tests\test_branch_runner.py:779: 
_ _ _ _ _ _ _ _ _ _ _ _ _ _ _ _ _ _ _ _ _ _ _ _ _ _ _ _ _ _ _ _ _ _ _ _ _ _ _ _

us = &lt;module 'tinyassets.universe_server' from 'C:\\Users\\Jonathan\\Projects\\wf-required-test-gate\\tinyassets\\universe_server.py'&gt;

    def _build_recipe_branch(us) -&gt; str:
        """Create the recipe-tracker branch from the Phase 2 vignette."""
&gt;       bid = _call(us, "create_branch", name="Recipe tracker")["branch_def_id"]
              ^^^^^^^^^^^^^^^^^^^^^^^^^^^^^^^^^^^^^^^^^^^^^^^^^^^^^^^^^^^^^^^^^^
E       KeyError: 'branch_def_id'

tests\test_branch_runner.py:63: KeyError</failure></testcase><testcase classname="tests.test_branch_runner" name="test_run_ledger_entries_land" file="tests\test_branch_runner.py" line="797" time="0.109"><failure message="KeyError: 'branch_def_id'">runner_env = (&lt;module 'tinyassets.universe_server' from 'C:\\Users\\Jonathan\\Projects\\wf-required-test-gate\\tinyassets\\universe...indowsPath('C:/Users/Jonathan/AppData/Local/Temp/pytest-of-Jonathan/pytest-7404/test_run_ledger_entries_land0/output'))

    def test_run_ledger_entries_land(runner_env):
        us, base = runner_env
&gt;       bid = _build_recipe_branch(us)
              ^^^^^^^^^^^^^^^^^^^^^^^^

tests\test_branch_runner.py:800: 
_ _ _ _ _ _ _ _ _ _ _ _ _ _ _ _ _ _ _ _ _ _ _ _ _ _ _ _ _ _ _ _ _ _ _ _ _ _ _ _

us = &lt;module 'tinyassets.universe_server' from 'C:\\Users\\Jonathan\\Projects\\wf-required-test-gate\\tinyassets\\universe_server.py'&gt;

    def _build_recipe_branch(us) -&gt; str:
        """Create the recipe-tracker branch from the Phase 2 vignette."""
&gt;       bid = _call(us, "create_branch", name="Recipe tracker")["branch_def_id"]
              ^^^^^^^^^^^^^^^^^^^^^^^^^^^^^^^^^^^^^^^^^^^^^^^^^^^^^^^^^^^^^^^^^^
E       KeyError: 'branch_def_id'

tests\test_branch_runner.py:63: KeyError</failure></testcase><testcase classname="tests.test_branch_runner" name="test_thread_isolation_between_runs" file="tests\test_branch_runner.py" line="810" time="0.115"><failure message="KeyError: 'branch_def_id'">runner_env = (&lt;module 'tinyassets.universe_server' from 'C:\\Users\\Jonathan\\Projects\\wf-required-test-gate\\tinyassets\\universe...dowsPath('C:/Users/Jonathan/AppData/Local/Temp/pytest-of-Jonathan/pytest-7404/test_thread_isolation_between_0/output'))

    def test_thread_isolation_between_runs(runner_env):
        """AC #5 — two runs of different branches don't bleed state."""
        us, base = runner_env
&gt;       bid1 = _build_recipe_branch(us)
               ^^^^^^^^^^^^^^^^^^^^^^^^

tests\test_branch_runner.py:814: 
_ _ _ _ _ _ _ _ _ _ _ _ _ _ _ _ _ _ _ _ _ _ _ _ _ _ _ _ _ _ _ _ _ _ _ _ _ _ _ _

us = &lt;module 'tinyassets.universe_server' from 'C:\\Users\\Jonathan\\Projects\\wf-required-test-gate\\tinyassets\\universe_server.py'&gt;

    def _build_recipe_branch(us) -&gt; str:
        """Create the recipe-tracker branch from the Phase 2 vignette."""
&gt;       bid = _call(us, "create_branch", name="Recipe tracker")["branch_def_id"]
              ^^^^^^^^^^^^^^^^^^^^^^^^^^^^^^^^^^^^^^^^^^^^^^^^^^^^^^^^^^^^^^^^^^
E       KeyError: 'branch_def_id'

tests\test_branch_runner.py:63: KeyError</failure></testcase><testcase classname="tests.test_branch_runner" name="test_no_fantasy_domain_import_required" file="tests\test_branch_runner.py" line="833" time="0.112"><failure message="KeyError: 'branch_def_id'">runner_env = (&lt;module 'tinyassets.universe_server' from 'C:\\Users\\Jonathan\\Projects\\wf-required-test-gate\\tinyassets\\universe...dowsPath('C:/Users/Jonathan/AppData/Local/Temp/pytest-of-Jonathan/pytest-7404/test_no_fantasy_domain_import_0/output'))
monkeypatch = &lt;_pytest.monkeypatch.MonkeyPatch object at 0x0000018D8C084050&gt;

    def test_no_fantasy_domain_import_required(runner_env, monkeypatch):
        """AC #6 — a non-fantasy branch runs with no fantasy_author imports."""
        import sys
    
        # Drop any previously-imported fantasy_author modules to prove the
        # runner doesn't require them.
        fa_mods = [
            k for k in list(sys.modules)
            if k.startswith("fantasy_author")
            or k.startswith("domains.fantasy_daemon")
        ]
        for mod in fa_mods:
            monkeypatch.setitem(sys.modules, mod, None)
    
        us, _ = runner_env
&gt;       bid = _call(us, "create_branch", name="Research")["branch_def_id"]
              ^^^^^^^^^^^^^^^^^^^^^^^^^^^^^^^^^^^^^^^^^^^^^^^^^^^^^^^^^^^^
E       KeyError: 'branch_def_id'

tests\test_branch_runner.py:849: KeyError</failure></testcase><testcase classname="tests.test_branch_runner" name="test_unknown_action_catalog_lists_run_actions" file="tests\test_branch_runner.py" line="869" time="0.067" /><testcase classname="tests.test_branch_runner" name="test_run_branch_returns_markdown_text_channel" file="tests\test_branch_runner.py" line="884" time="0.106"><failure message="KeyError: 'branch_def_id'">runner_env = (&lt;module 'tinyassets.universe_server' from 'C:\\Users\\Jonathan\\Projects\\wf-required-test-gate\\tinyassets\\universe...dowsPath('C:/Users/Jonathan/AppData/Local/Temp/pytest-of-Jonathan/pytest-7404/test_run_branch_returns_markdo0/output'))

    def test_run_branch_returns_markdown_text_channel(runner_env):
        """Phase 3.5 — run_branch returns status=queued immediately with a
        text channel that points callers at the polling surface."""
        us, _ = runner_env
&gt;       bid = _build_recipe_branch(us)
              ^^^^^^^^^^^^^^^^^^^^^^^^

tests\test_branch_runner.py:889: 
_ _ _ _ _ _ _ _ _ _ _ _ _ _ _ _ _ _ _ _ _ _ _ _ _ _ _ _ _ _ _ _ _ _ _ _ _ _ _ _

us = &lt;module 'tinyassets.universe_server' from 'C:\\Users\\Jonathan\\Projects\\wf-required-test-gate\\tinyassets\\universe_server.py'&gt;

    def _build_recipe_branch(us) -&gt; str:
        """Create the recipe-tracker branch from the Phase 2 vignette."""
&gt;       bid = _call(us, "create_branch", name="Recipe tracker")["branch_def_id"]
              ^^^^^^^^^^^^^^^^^^^^^^^^^^^^^^^^^^^^^^^^^^^^^^^^^^^^^^^^^^^^^^^^^^
E       KeyError: 'branch_def_id'

tests\test_branch_runner.py:63: KeyError</failure></testcase><testcase classname="tests.test_branch_runner" name="test_get_run_text_channel_matches_summary" file="tests\test_branch_runner.py" line="903" time="0.103"><failure message="KeyError: 'branch_def_id'">runner_env = (&lt;module 'tinyassets.universe_server' from 'C:\\Users\\Jonathan\\Projects\\wf-required-test-gate\\tinyassets\\universe...dowsPath('C:/Users/Jonathan/AppData/Local/Temp/pytest-of-Jonathan/pytest-7404/test_get_run_text_channel_matc0/output'))

    def test_get_run_text_channel_matches_summary(runner_env):
        us, _ = runner_env
&gt;       bid = _build_recipe_branch(us)
              ^^^^^^^^^^^^^^^^^^^^^^^^

tests\test_branch_runner.py:906: 
_ _ _ _ _ _ _ _ _ _ _ _ _ _ _ _ _ _ _ _ _ _ _ _ _ _ _ _ _ _ _ _ _ _ _ _ _ _ _ _

us = &lt;module 'tinyassets.universe_server' from 'C:\\Users\\Jonathan\\Projects\\wf-required-test-gate\\tinyassets\\universe_server.py'&gt;

    def _build_recipe_branch(us) -&gt; str:
        """Create the recipe-tracker branch from the Phase 2 vignette."""
&gt;       bid = _call(us, "create_branch", name="Recipe tracker")["branch_def_id"]
              ^^^^^^^^^^^^^^^^^^^^^^^^^^^^^^^^^^^^^^^^^^^^^^^^^^^^^^^^^^^^^^^^^^
E       KeyError: 'branch_def_id'

tests\test_branch_runner.py:63: KeyError</failure></testcase><testcase classname="tests.test_branch_runner" name="test_list_runs_catalog_text_is_compact" file="tests\test_branch_runner.py" line="913" time="0.102"><failure message="KeyError: 'branch_def_id'">runner_env = (&lt;module 'tinyassets.universe_server' from 'C:\\Users\\Jonathan\\Projects\\wf-required-test-gate\\tinyassets\\universe...dowsPath('C:/Users/Jonathan/AppData/Local/Temp/pytest-of-Jonathan/pytest-7404/test_list_runs_catalog_text_is0/output'))

    def test_list_runs_catalog_text_is_compact(runner_env):
        us, _ = runner_env
&gt;       bid = _build_recipe_branch(us)
              ^^^^^^^^^^^^^^^^^^^^^^^^

tests\test_branch_runner.py:916: 
_ _ _ _ _ _ _ _ _ _ _ _ _ _ _ _ _ _ _ _ _ _ _ _ _ _ _ _ _ _ _ _ _ _ _ _ _ _ _ _

us = &lt;module 'tinyassets.universe_server' from 'C:\\Users\\Jonathan\\Projects\\wf-required-test-gate\\tinyassets\\universe_server.py'&gt;

    def _build_recipe_branch(us) -&gt; str:
        """Create the recipe-tracker branch from the Phase 2 vignette."""
&gt;       bid = _call(us, "create_branch", name="Recipe tracker")["branch_def_id"]
              ^^^^^^^^^^^^^^^^^^^^^^^^^^^^^^^^^^^^^^^^^^^^^^^^^^^^^^^^^^^^^^^^^^
E       KeyError: 'branch_def_id'

tests\test_branch_runner.py:63: KeyError</failure></testcase><testcase classname="tests.test_branch_runner" name="test_stream_run_events_text_is_tight" file="tests\test_branch_runner.py" line="926" time="0.106"><failure message="KeyError: 'branch_def_id'">runner_env = (&lt;module 'tinyassets.universe_server' from 'C:\\Users\\Jonathan\\Projects\\wf-required-test-gate\\tinyassets\\universe...dowsPath('C:/Users/Jonathan/AppData/Local/Temp/pytest-of-Jonathan/pytest-7404/test_stream_run_events_text_is0/output'))

    def test_stream_run_events_text_is_tight(runner_env):
        us, _ = runner_env
&gt;       bid = _build_recipe_branch(us)
              ^^^^^^^^^^^^^^^^^^^^^^^^

tests\test_branch_runner.py:929: 
_ _ _ _ _ _ _ _ _ _ _ _ _ _ _ _ _ _ _ _ _ _ _ _ _ _ _ _ _ _ _ _ _ _ _ _ _ _ _ _

us = &lt;module 'tinyassets.universe_server' from 'C:\\Users\\Jonathan\\Projects\\wf-required-test-gate\\tinyassets\\universe_server.py'&gt;

    def _build_recipe_branch(us) -&gt; str:
        """Create the recipe-tracker branch from the Phase 2 vignette."""
&gt;       bid = _call(us, "create_branch", name="Recipe tracker")["branch_def_id"]
              ^^^^^^^^^^^^^^^^^^^^^^^^^^^^^^^^^^^^^^^^^^^^^^^^^^^^^^^^^^^^^^^^^^
E       KeyError: 'branch_def_id'

tests\test_branch_runner.py:63: KeyError</failure></testcase><testcase classname="tests.test_branch_runner" name="test_cancel_run_text_channel" file="tests\test_branch_runner.py" line="936" time="0.105"><failure message="KeyError: 'branch_def_id'">runner_env = (&lt;module 'tinyassets.universe_server' from 'C:\\Users\\Jonathan\\Projects\\wf-required-test-gate\\tinyassets\\universe...indowsPath('C:/Users/Jonathan/AppData/Local/Temp/pytest-of-Jonathan/pytest-7404/test_cancel_run_text_channel0/output'))

    def test_cancel_run_text_channel(runner_env):
        us, _ = runner_env
&gt;       bid = _build_recipe_branch(us)
              ^^^^^^^^^^^^^^^^^^^^^^^^

tests\test_branch_runner.py:939: 
_ _ _ _ _ _ _ _ _ _ _ _ _ _ _ _ _ _ _ _ _ _ _ _ _ _ _ _ _ _ _ _ _ _ _ _ _ _ _ _

us = &lt;module 'tinyassets.universe_server' from 'C:\\Users\\Jonathan\\Projects\\wf-required-test-gate\\tinyassets\\universe_server.py'&gt;

    def _build_recipe_branch(us) -&gt; str:
        """Create the recipe-tracker branch from the Phase 2 vignette."""
&gt;       bid = _call(us, "create_branch", name="Recipe tracker")["branch_def_id"]
              ^^^^^^^^^^^^^^^^^^^^^^^^^^^^^^^^^^^^^^^^^^^^^^^^^^^^^^^^^^^^^^^^^^
E       KeyError: 'branch_def_id'

tests\test_branch_runner.py:63: KeyError</failure></testcase><testcase classname="tests.test_branch_runner" name="test_get_run_output_text_channel" file="tests\test_branch_runner.py" line="946" time="0.108"><failure message="KeyError: 'branch_def_id'">runner_env = (&lt;module 'tinyassets.universe_server' from 'C:\\Users\\Jonathan\\Projects\\wf-required-test-gate\\tinyassets\\universe...dowsPath('C:/Users/Jonathan/AppData/Local/Temp/pytest-of-Jonathan/pytest-7404/test_get_run_output_text_chann0/output'))

    def test_get_run_output_text_channel(runner_env):
        us, _ = runner_env
&gt;       bid = _build_recipe_branch(us)
              ^^^^^^^^^^^^^^^^^^^^^^^^

tests\test_branch_runner.py:949: 
_ _ _ _ _ _ _ _ _ _ _ _ _ _ _ _ _ _ _ _ _ _ _ _ _ _ _ _ _ _ _ _ _ _ _ _ _ _ _ _

us = &lt;module 'tinyassets.universe_server' from 'C:\\Users\\Jonathan\\Projects\\wf-required-test-gate\\tinyassets\\universe_server.py'&gt;

    def _build_recipe_branch(us) -&gt; str:
        """Create the recipe-tracker branch from the Phase 2 vignette."""
&gt;       bid = _call(us, "create_branch", name="Recipe tracker")["branch_def_id"]
              ^^^^^^^^^^^^^^^^^^^^^^^^^^^^^^^^^^^^^^^^^^^^^^^^^^^^^^^^^^^^^^^^^^
E       KeyError: 'branch_def_id'

tests\test_branch_runner.py:63: KeyError</failure></testcase><testcase classname="tests.test_branch_runner" name="test_stream_run_truncates_long_event_history" file="tests\test_branch_runner.py" line="964" time="0.109"><failure message="KeyError: 'branch_def_id'">runner_env = (&lt;module 'tinyassets.universe_server' from 'C:\\Users\\Jonathan\\Projects\\wf-required-test-gate\\tinyassets\\universe...dowsPath('C:/Users/Jonathan/AppData/Local/Temp/pytest-of-Jonathan/pytest-7404/test_stream_run_truncates_long0/output'))

    def test_stream_run_truncates_long_event_history(runner_env):
        """Per spec §Long-running actions — tight poll responses, not the
        whole transcript. Caps at 12 event lines even with more events."""
        us, _ = runner_env
&gt;       bid = _build_recipe_branch(us)
              ^^^^^^^^^^^^^^^^^^^^^^^^

tests\test_branch_runner.py:969: 
_ _ _ _ _ _ _ _ _ _ _ _ _ _ _ _ _ _ _ _ _ _ _ _ _ _ _ _ _ _ _ _ _ _ _ _ _ _ _ _

us = &lt;module 'tinyassets.universe_server' from 'C:\\Users\\Jonathan\\Projects\\wf-required-test-gate\\tinyassets\\universe_server.py'&gt;

    def _build_recipe_branch(us) -&gt; str:
        """Create the recipe-tracker branch from the Phase 2 vignette."""
&gt;       bid = _call(us, "create_branch", name="Recipe tracker")["branch_def_id"]
              ^^^^^^^^^^^^^^^^^^^^^^^^^^^^^^^^^^^^^^^^^^^^^^^^^^^^^^^^^^^^^^^^^^
E       KeyError: 'branch_def_id'

tests\test_branch_runner.py:63: KeyError</failure></testcase><testcase classname="tests.test_branch_runner" name="test_run_branch_returns_quickly_with_queued_status" file="tests\test_branch_runner.py" line="986" time="0.108"><failure message="KeyError: 'branch_def_id'">runner_env = (&lt;module 'tinyassets.universe_server' from 'C:\\Users\\Jonathan\\Projects\\wf-required-test-gate\\tinyassets\\universe...dowsPath('C:/Users/Jonathan/AppData/Local/Temp/pytest-of-Jonathan/pytest-7404/test_run_branch_returns_quickl0/output'))

    def test_run_branch_returns_quickly_with_queued_status(runner_env):
        """AC: MCP returns in &lt;1s wall even when the graph would take much
        longer. Phase 3.5 makes this real."""
        import time
    
        us, _ = runner_env
&gt;       bid = _build_recipe_branch(us)
              ^^^^^^^^^^^^^^^^^^^^^^^^

tests\test_branch_runner.py:993: 
_ _ _ _ _ _ _ _ _ _ _ _ _ _ _ _ _ _ _ _ _ _ _ _ _ _ _ _ _ _ _ _ _ _ _ _ _ _ _ _

us = &lt;module 'tinyassets.universe_server' from 'C:\\Users\\Jonathan\\Projects\\wf-required-test-gate\\tinyassets\\universe_server.py'&gt;

    def _build_recipe_branch(us) -&gt; str:
        """Create the recipe-tracker branch from the Phase 2 vignette."""
&gt;       bid = _call(us, "create_branch", name="Recipe tracker")["branch_def_id"]
              ^^^^^^^^^^^^^^^^^^^^^^^^^^^^^^^^^^^^^^^^^^^^^^^^^^^^^^^^^^^^^^^^^^
E       KeyError: 'branch_def_id'

tests\test_branch_runner.py:63: KeyError</failure></testcase><testcase classname="tests.test_branch_runner" name="test_cancel_run_interrupts_mid_flight" file="tests\test_branch_runner.py" line="1012" time="0.582" /><testcase classname="tests.test_branch_runner" name="test_recover_in_flight_runs_marks_running_as_interrupted" file="tests\test_branch_runner.py" line="1091" time="0.048" /><testcase classname="tests.test_branch_runner" name="test_recover_in_flight_runs_leaves_terminal_rows_alone" file="tests\test_branch_runner.py" line="1119" time="0.071" /><testcase classname="tests.test_branch_runner" name="test_latest_run_by_name_returns_newest_matching_branch_run" file="tests\test_branch_runner.py" line="1140" time="0.051" /><testcase classname="tests.test_branch_runner" name="test_concurrent_cap_respected" file="tests\test_branch_runner.py" line="1173" time="0.004" /><testcase classname="tests.test_branch_runner" name="test_async_run_completes_successfully" file="tests\test_branch_runner.py" line="1185" time="0.084" /><testcase classname="tests.test_branch_skills" name="test_branch_definition_round_trips_skill_snapshots" file="tests\test_branch_skills.py" line="62" time="0.001" /><testcase classname="tests.test_branch_skills" name="test_save_and_get_preserves_branch_skills" file="tests\test_branch_skills.py" line="103" time="0.050" /><testcase classname="tests.test_branch_skills" name="test_build_branch_accepts_skill_snapshots" file="tests\test_branch_skills.py" line="130" time="0.107"><failure message="KeyError: 'branch_def_id'">branch_env = (&lt;module 'tinyassets.universe_server' from 'C:\\Users\\Jonathan\\Projects\\wf-required-test-gate\\tinyassets\\universe...dowsPath('C:/Users/Jonathan/AppData/Local/Temp/pytest-of-Jonathan/pytest-7404/test_build_branch_accepts_skil0/output'))

    def test_build_branch_accepts_skill_snapshots(branch_env):
        us, _base = branch_env
        spec = _minimal_branch_spec(
            skills=[
                {
                    "name": "Copied prompt style",
                    "body": "Use terse acceptance criteria before coding.",
                    "source_url": "https://example.com/cool-skill.md",
                    "source_note": "User pasted this from the internet.",
                }
            ]
        )
    
        built = _call(us, "build_branch", spec_json=json.dumps(spec))
&gt;       got = _call(us, "get_branch", branch_def_id=built["branch_def_id"])
                                                    ^^^^^^^^^^^^^^^^^^^^^^
E       KeyError: 'branch_def_id'

tests\test_branch_skills.py:145: KeyError</failure></testcase><testcase classname="tests.test_branch_skills" name="test_patch_branch_can_add_update_and_remove_skill_snapshots" file="tests\test_branch_skills.py" line="153" time="0.110"><failure message="KeyError: 'branch_def_id'">branch_env = (&lt;module 'tinyassets.universe_server' from 'C:\\Users\\Jonathan\\Projects\\wf-required-test-gate\\tinyassets\\universe...dowsPath('C:/Users/Jonathan/AppData/Local/Temp/pytest-of-Jonathan/pytest-7404/test_patch_branch_can_add_upda0/output'))

    def test_patch_branch_can_add_update_and_remove_skill_snapshots(branch_env):
        us, _base = branch_env
        built = _call(us, "build_branch", spec_json=json.dumps(_minimal_branch_spec()))
&gt;       branch_id = built["branch_def_id"]
                    ^^^^^^^^^^^^^^^^^^^^^^
E       KeyError: 'branch_def_id'

tests\test_branch_skills.py:157: KeyError</failure></testcase><testcase classname="tests.test_branch_skills" name="test_patch_branch_rejects_skill_without_body" file="tests\test_branch_skills.py" line="203" time="0.110"><failure message="KeyError: 'branch_def_id'">branch_env = (&lt;module 'tinyassets.universe_server' from 'C:\\Users\\Jonathan\\Projects\\wf-required-test-gate\\tinyassets\\universe...dowsPath('C:/Users/Jonathan/AppData/Local/Temp/pytest-of-Jonathan/pytest-7404/test_patch_branch_rejects_skil0/output'))

    def test_patch_branch_rejects_skill_without_body(branch_env):
        us, _base = branch_env
        built = _call(us, "build_branch", spec_json=json.dumps(_minimal_branch_spec()))
    
        result = _call(
            us,
            "patch_branch",
&gt;           branch_def_id=built["branch_def_id"],
                          ^^^^^^^^^^^^^^^^^^^^^^
            changes_json=json.dumps([
                {
                    "op": "add_skill",
                    "skill": {
                        "name": "Broken copied skill",
                        "source_url": "https://example.com/missing-body.md",
                    },
                }
            ]),
        )
E       KeyError: 'branch_def_id'

tests\test_branch_skills.py:211: KeyError</failure></testcase><testcase classname="tests.test_branch_tasks" name="test_branch_task_lease_fields_default_and_roundtrip" file="tests\test_branch_tasks.py" line="39" time="0.001" /><testcase classname="tests.test_branch_tasks" name="test_legacy_branch_task_rows_default_missing_lease_fields" file="tests\test_branch_tasks.py" line="50" time="0.013" /><testcase classname="tests.test_branch_tasks" name="test_claim_task_stamps_write_only_lease_metadata" file="tests\test_branch_tasks.py" line="70" time="0.014" /><testcase classname="tests.test_branch_tasks" name="test_refresh_task_heartbeat_extends_running_task_lease" file="tests\test_branch_tasks.py" line="86" time="0.027" /><testcase classname="tests.test_branch_tasks" name="test_refresh_task_heartbeat_respects_worker_owner_guard" file="tests\test_branch_tasks.py" line="104" time="0.024" /><testcase classname="tests.test_branch_tasks" name="test_mark_task_progress_stamps_running_task" file="tests\test_branch_tasks.py" line="122" time="0.025" /><testcase classname="tests.test_branch_tasks" name="test_recover_claimed_tasks_clears_active_lease_metadata" file="tests\test_branch_tasks.py" line="133" time="0.041" /><testcase classname="tests.test_branch_tasks" name="test_reclaim_leaseless_running_row_only_in_startup_mode" file="tests\test_branch_tasks.py" line="151" time="0.034" /><testcase classname="tests.test_branch_tasks" name="test_epoch1_recovery_requires_target_guard_when_supplied" file="tests\test_branch_tasks.py" line="176" time="0.024" /><testcase classname="tests.test_branch_tasks" name="test_epoch1_recovery_revalidates_row_after_target_proof" file="tests\test_branch_tasks.py" line="196" time="0.032" /><testcase classname="tests.test_branch_tasks" name="test_lease_window_exceeds_worst_case_provider_node" file="tests\test_branch_tasks.py" line="221" time="0.004" /><testcase classname="tests.test_branch_tasks" name="test_mark_status_stamps_terminal_at_on_terminal_transition" file="tests\test_branch_tasks.py" line="233" time="0.032" /><testcase classname="tests.test_branch_tasks" name="test_mark_status_terminal_finalize_is_idempotent" file="tests\test_branch_tasks.py" line="246" time="0.036" /><testcase classname="tests.test_branch_tasks" name="test_mark_status_still_raises_on_nonterminal_invalid" file="tests\test_branch_tasks.py" line="266" time="0.013" /><testcase classname="tests.test_branch_tasks" name="test_dispatcher_startup_preserves_live_peer_running_task" file="tests\test_branch_tasks.py" line="275" time="0.023" /><testcase classname="tests.test_branch_tasks" name="test_dispatcher_startup_reclaims_expired_lease" file="tests\test_branch_tasks.py" line="295" time="0.033" /><testcase classname="tests.test_branch_tasks" name="test_reclaim_predecessor_resets_own_worker_id_task" file="tests\test_branch_tasks.py" line="328" time="0.030" /><testcase classname="tests.test_branch_tasks" name="test_reclaim_predecessor_ignores_valid_lease" file="tests\test_branch_tasks.py" line="338" time="0.032" /><testcase classname="tests.test_branch_tasks" name="test_reclaim_predecessor_preserves_live_peer" file="tests\test_branch_tasks.py" line="351" time="0.025" /><testcase classname="tests.test_branch_tasks" name="test_reclaim_predecessor_noop_on_blank_worker_id" file="tests\test_branch_tasks.py" line="358" time="0.024" /><testcase classname="tests.test_branch_tasks" name="test_reclaim_predecessor_ignores_non_running_rows" file="tests\test_branch_tasks.py" line="365" time="0.013" /><testcase classname="tests.test_branch_tasks" name="test_dispatcher_startup_reclaims_own_predecessor_orphan" file="tests\test_branch_tasks.py" line="373" time="0.035" /><testcase classname="tests.test_branch_tasks" name="test_dispatcher_startup_preserves_peer_under_other_worker_id" file="tests\test_branch_tasks.py" line="388" time="0.027" /><testcase classname="tests.test_branch_tasks" name="test_dispatcher_startup_no_predecessor_reclaim_without_worker_id" file="tests\test_branch_tasks.py" line="402" time="0.024" /><testcase classname="tests.test_branch_tasks" name="test_dispatcher_startup_skips_shared_default_worker_id" file="tests\test_branch_tasks.py" line="419" time="0.025" /><testcase classname="tests.test_branch_tasks_v2" name="test_pretraffic_migration_adds_lease_column_to_existing_v2_store" file="tests\test_branch_tasks_v2.py" line="165" time="0.051" /><testcase classname="tests.test_branch_tasks_v2" name="test_adapter_reads_canonical_epoch2_task_and_ids_are_unique" file="tests\test_branch_tasks_v2.py" line="193" time="0.053" /><testcase classname="tests.test_branch_tasks_v2" name="test_live_claimed_request_read_model_is_worker_bound_and_lease_bound" file="tests\test_branch_tasks_v2.py" line="229" time="0.065" /><testcase classname="tests.test_branch_tasks_v2" name="test_invalid_live_claim_does_not_block_later_valid_claim_at_limit_one" file="tests\test_branch_tasks_v2.py" line="285" time="0.083" /><testcase classname="tests.test_branch_tasks_v2" name="test_cancel_requested_claim_is_not_materializable" file="tests\test_branch_tasks_v2.py" line="343" time="0.058" /><testcase classname="tests.test_branch_tasks_v2" name="test_existing_path_safe_universe_ids_remain_eligible[fantasy]" file="tests\test_branch_tasks_v2.py" line="362" time="0.050" /><testcase classname="tests.test_branch_tasks_v2" name="test_existing_path_safe_universe_ids_remain_eligible[default-universe]" file="tests\test_branch_tasks_v2.py" line="362" time="0.049" /><testcase classname="tests.test_branch_tasks_v2" name="test_existing_path_safe_universe_ids_remain_eligible[patch-loop-live]" file="tests\test_branch_tasks_v2.py" line="362" time="0.060" /><testcase classname="tests.test_branch_tasks_v2" name="test_claim_rechecks_exact_live_descriptor_inside_transaction" file="tests\test_branch_tasks_v2.py" line="382" time="0.093" /><testcase classname="tests.test_branch_tasks_v2" name="test_activation_bound_claim_rechecks_current_epoch_and_executor" file="tests\test_branch_tasks_v2.py" line="453" time="0.087" /><testcase classname="tests.test_branch_tasks_v2" name="test_stopped_or_tampered_activation_cannot_claim" file="tests\test_branch_tasks_v2.py" line="517" time="0.133" /><testcase classname="tests.test_branch_tasks_v2" name="test_claim_uses_transaction_time_for_descriptor_freshness" file="tests\test_branch_tasks_v2.py" line="638" time="0.054" /><testcase classname="tests.test_branch_tasks_v2" name="test_concurrent_claim_has_exactly_one_winner" file="tests\test_branch_tasks_v2.py" line="673" time="0.060" /><testcase classname="tests.test_branch_tasks_v2" name="test_claim_rejects_every_descriptor_identity_mismatch[queue_protocol_version-1]" file="tests\test_branch_tasks_v2.py" line="740" time="0.050" /><testcase classname="tests.test_branch_tasks_v2" name="test_claim_rejects_every_descriptor_identity_mismatch[capabilities-invalid_value1]" file="tests\test_branch_tasks_v2.py" line="740" time="0.050" /><testcase classname="tests.test_branch_tasks_v2" name="test_claim_rejects_every_descriptor_identity_mismatch[worker_id-worker-other]" file="tests\test_branch_tasks_v2.py" line="740" time="0.053" /><testcase classname="tests.test_branch_tasks_v2" name="test_claim_rejects_every_descriptor_identity_mismatch[runtime_instance_id-runtime-other]" file="tests\test_branch_tasks_v2.py" line="740" time="0.054" /><testcase classname="tests.test_branch_tasks_v2" name="test_claim_rejects_every_descriptor_identity_mismatch[boot_id-boot-other]" file="tests\test_branch_tasks_v2.py" line="740" time="0.054" /><testcase classname="tests.test_branch_tasks_v2" name="test_claim_rejects_every_descriptor_identity_mismatch[build_sha-cccccccccccccccccccccccccccccccccccccccc]" file="tests\test_branch_tasks_v2.py" line="740" time="0.052" /><testcase classname="tests.test_branch_tasks_v2" name="test_claim_rejects_every_descriptor_identity_mismatch[config_hash-dddddddddddddddddddddddddddddddddddddddddddddddddddddddddddddddd]" file="tests\test_branch_tasks_v2.py" line="740" time="0.053" /><testcase classname="tests.test_branch_tasks_v2" name="test_claim_rejects_every_descriptor_identity_mismatch[universe_id-universe-other]" file="tests\test_branch_tasks_v2.py" line="740" time="0.053" /><testcase classname="tests.test_branch_tasks_v2" name="test_heartbeat_cancel_terminal_and_expired_recovery" file="tests\test_branch_tasks_v2.py" line="774" time="0.084" /><testcase classname="tests.test_branch_tasks_v2" name="test_recovery_poll_without_expired_claim_stays_read_only" file="tests\test_branch_tasks_v2.py" line="846" time="0.052" /><testcase classname="tests.test_branch_tasks_v2" name="test_recovery_fails_closed_for_partial_epoch2_schema" file="tests\test_branch_tasks_v2.py" line="873" time="0.010" /><testcase classname="tests.test_branch_tasks_v2" name="test_pending_cancel_is_terminal_without_claim" file="tests\test_branch_tasks_v2.py" line="888" time="0.065" /><testcase classname="tests.test_branch_tasks_v2" name="test_expired_worker_cannot_heartbeat_or_finish_before_recovery" file="tests\test_branch_tasks_v2.py" line="904" time="0.058" /><testcase classname="tests.test_branch_tasks_v2" name="test_epoch2_recovery_requires_target_guard_when_supplied" file="tests\test_branch_tasks_v2.py" line="930" time="0.055" /><testcase classname="tests.test_branch_tasks_v2" name="test_epoch2_recovery_revalidates_row_after_target_proof" file="tests\test_branch_tasks_v2.py" line="948" time="0.061" /><testcase classname="tests.test_branch_tasks_v2" name="test_cancel_requested_task_recovers_to_cancelled" file="tests\test_branch_tasks_v2.py" line="985" time="0.078" /><testcase classname="tests.test_branch_tasks_v2" name="test_claim_event_failure_rolls_back_running_transition" file="tests\test_branch_tasks_v2.py" line="1015" time="0.068" /><testcase classname="tests.test_branch_tasks_v2" name="test_v1_claim_code_cannot_open_or_mutate_epoch2" file="tests\test_branch_tasks_v2.py" line="1050" time="0.073" /><testcase classname="tests.test_branch_tasks_v2" name="test_v2_worker_can_drain_both_epochs_through_epoch_specific_claimers" file="tests\test_branch_tasks_v2.py" line="1081" time="0.076" /><testcase classname="tests.test_branch_tasks_v2" name="test_directed_epoch2_task_preserves_owner_tier_and_assignment" file="tests\test_branch_tasks_v2.py" line="1119" time="0.054" /><testcase classname="tests.test_branch_tasks_v2" name="test_quarantine_maintenance_is_separate_atomic_and_sanitized" file="tests\test_branch_tasks_v2.py" line="1139" time="0.087" /><testcase classname="tests.test_branch_tasks_v2" name="test_quarantine_failure_is_red_rollback_and_row_remains_inert[quarantine_receipt_written]" file="tests\test_branch_tasks_v2.py" line="1232" time="0.082" /><testcase classname="tests.test_branch_tasks_v2" name="test_quarantine_failure_is_red_rollback_and_row_remains_inert[quarantine_source_disabled]" file="tests\test_branch_tasks_v2.py" line="1232" time="0.070" /><testcase classname="tests.test_branch_tasks_v2" name="test_malformed_json_is_incomplete_and_never_reaches_task_decoding" file="tests\test_branch_tasks_v2.py" line="1305" time="0.078" /><testcase classname="tests.test_branch_tasks_v2" name="test_parseable_task_input_mutation_breaks_canonical_body_evidence[request_type-revision]" file="tests\test_branch_tasks_v2.py" line="1329" time="0.068" /><testcase classname="tests.test_branch_tasks_v2" name="test_parseable_task_input_mutation_breaks_canonical_body_evidence[branch_id-forged-branch]" file="tests\test_branch_tasks_v2.py" line="1329" time="0.066" /><testcase classname="tests.test_branch_tasks_v2" name="test_parseable_task_input_mutation_breaks_canonical_body_evidence[pickup_incentive-forged-pickup]" file="tests\test_branch_tasks_v2.py" line="1329" time="0.068" /><testcase classname="tests.test_branch_tasks_v2" name="test_parseable_task_input_mutation_breaks_canonical_body_evidence[directed_daemon_instruction-forged instruction]" file="tests\test_branch_tasks_v2.py" line="1329" time="0.070" /><testcase classname="tests.test_branch_tasks_v2" name="test_unauthenticated_executable_task_inputs_are_inert_and_quarantined[branch_def_id]" file="tests\test_branch_tasks_v2.py" line="1372" time="0.066" /><testcase classname="tests.test_branch_tasks_v2" name="test_unauthenticated_executable_task_inputs_are_inert_and_quarantined[unexpected_input]" file="tests\test_branch_tasks_v2.py" line="1372" time="0.065" /><testcase classname="tests.test_branch_tasks_v2" name="test_corrupt_admission_evidence_cannot_claim_before_maintenance" file="tests\test_branch_tasks_v2.py" line="1424" time="0.069" /><testcase classname="tests.test_branch_tasks_v2" name="test_parseable_forged_evidence_is_inert_and_quarantined[UPDATE request_admissions SET idempotency_key_hash = 'forged-key' WHERE branch_task_id = ?-invalid_operator_admission]" file="tests\test_branch_tasks_v2.py" line="1455" time="0.095" /><testcase classname="tests.test_branch_tasks_v2" name="test_parseable_forged_evidence_is_inert_and_quarantined[UPDATE request_admissions SET body_digest = 'forged-body', body_digest_version = 'rfc8785-v0' WHERE branch_task_id = ?-invalid_operator_admission]" file="tests\test_branch_tasks_v2.py" line="1455" time="0.064" /><testcase classname="tests.test_branch_tasks_v2" name="test_parseable_forged_evidence_is_inert_and_quarantined[UPDATE request_admissions SET priority_policy_version = 'forged-policy' WHERE branch_task_id = ?-invalid_operator_admission]" file="tests\test_branch_tasks_v2.py" line="1455" time="0.074" /><testcase classname="tests.test_branch_tasks_v2" name="test_parseable_forged_evidence_is_inert_and_quarantined[UPDATE request_admissions SET receipt_json = '{&quot;authority&quot;:&quot;request-local&quot;,&quot;grant_generation&quot;:999,&quot;priority_policy_version&quot;:&quot;operator-priority-v1&quot;,&quot;directed_assignment&quot;:{}}' WHERE branch_task_id = ?-invalid_operator_admission]" file="tests\test_branch_tasks_v2.py" line="1455" time="0.072" /><testcase classname="tests.test_branch_tasks_v2" name="test_parseable_forged_evidence_is_inert_and_quarantined[UPDATE request_admissions SET actor_id = 'forged-actor' WHERE branch_task_id = ?-invalid_operator_admission]" file="tests\test_branch_tasks_v2.py" line="1455" time="0.072" /><testcase classname="tests.test_branch_tasks_v2" name="test_parseable_forged_evidence_is_inert_and_quarantined[UPDATE request_admissions SET tenant_id = 'forged-tenant' WHERE branch_task_id = ?-invalid_operator_admission]" file="tests\test_branch_tasks_v2.py" line="1455" time="0.065" /><testcase classname="tests.test_branch_tasks_v2" name="test_parseable_forged_evidence_is_inert_and_quarantined[UPDATE request_admissions SET receipt_json = '{}' WHERE branch_task_id = ?-invalid_operator_admission]" file="tests\test_branch_tasks_v2.py" line="1455" time="0.070" /><testcase classname="tests.test_branch_tasks_v2" name="test_parseable_forged_evidence_is_inert_and_quarantined[UPDATE request_admissions SET result_json = '{}' WHERE branch_task_id = ?-invalid_operator_admission]" file="tests\test_branch_tasks_v2.py" line="1455" time="0.072" /><testcase classname="tests.test_branch_tasks_v2" name="test_parseable_forged_evidence_is_inert_and_quarantined[UPDATE user_requests SET status = 'succeeded' WHERE request_id = (SELECT request_id FROM branch_tasks_v2 WHERE branch_task_id = ?)-invalid_operator_admission]" file="tests\test_branch_tasks_v2.py" line="1455" time="0.069" /><testcase classname="tests.test_branch_tasks_v2" name="test_unauthorized_directed_receipt_is_inert[none-cccccccccccccccccccccccccccccccccccccccccccccccccccccccccccccccc]" file="tests\test_branch_tasks_v2.py" line="1540" time="0.086" /><testcase classname="tests.test_branch_tasks_v2" name="test_unauthorized_directed_receipt_is_inert[local_host-cccccccccccccccccccccccccccccccccccccccccccccccccccccccccccccccc]" file="tests\test_branch_tasks_v2.py" line="1540" time="0.091" /><testcase classname="tests.test_branch_tasks_v2" name="test_unauthorized_directed_receipt_is_inert[delegated_host-cccccccccccccccccccccccccccccccccccccccccccccccccccccccccccccccc]" file="tests\test_branch_tasks_v2.py" line="1540" time="0.091" /><testcase classname="tests.test_branch_tasks_v2" name="test_unauthorized_directed_receipt_is_inert[owner-dddddddddddddddddddddddddddddddddddddddddddddddddddddddddddddddd]" file="tests\test_branch_tasks_v2.py" line="1540" time="0.092" /><testcase classname="tests.test_branch_tasks_v2" name="test_unauthorized_directed_receipt_is_inert[owner-not-a-canonical-soul-hash]" file="tests\test_branch_tasks_v2.py" line="1540" time="0.098" /><testcase classname="tests.test_branch_tasks_v2" name="test_null_task_id_uses_stable_sanitized_quarantine_identifier" file="tests\test_branch_tasks_v2.py" line="1602" time="0.101" /><testcase classname="tests.test_branch_tasks_v2" name="test_corrupt_string_identifiers_are_never_exposed_in_receipt" file="tests\test_branch_tasks_v2.py" line="1655" time="0.083" /><testcase classname="tests.test_branch_tasks_v2" name="test_quarantine_digest_is_independent_of_physical_rowid" file="tests\test_branch_tasks_v2.py" line="1694" time="0.103" /><testcase classname="tests.test_branch_tasks_v2" name="test_raw_sqlite_corruption_has_totalized_digest_and_receipt[non_finite]" file="tests\test_branch_tasks_v2.py" line="1731" time="0.079" /><testcase classname="tests.test_branch_tasks_v2" name="test_raw_sqlite_corruption_has_totalized_digest_and_receipt[blob]" file="tests\test_branch_tasks_v2.py" line="1731" time="0.083" /><testcase classname="tests.test_branch_tasks_v2" name="test_maintenance_scan_limit_rotates_and_bounds_writer_lock" file="tests\test_branch_tasks_v2.py" line="1771" time="0.112" /><testcase classname="tests.test_branch_tasks_v2" name="test_maintenance_bounds_terminal_history_to_scan_limit" file="tests\test_branch_tasks_v2.py" line="1832" time="0.098" /><testcase classname="tests.test_branch_tasks_v2" name="test_compacted_terminal_row_is_not_reclassified_as_invalid" file="tests\test_branch_tasks_v2.py" line="1864" time="0.070" /><testcase classname="tests.test_branch_tasks_v2" name="test_compaction_hard_caps_physical_rows_per_writer_transaction" file="tests\test_branch_tasks_v2.py" line="1891" time="0.090" /><testcase classname="tests.test_branch_tasks_v2" name="test_compaction_rejects_operation_time_before_terminal_without_mutation" file="tests\test_branch_tasks_v2.py" line="1930" time="0.061" /><testcase classname="tests.test_branch_tasks_v2" name="test_compaction_quarantines_inconsistent_persisted_terminal_time[request_admissions-2026-07-24T08:02:00+00:00]" file="tests\test_branch_tasks_v2.py" line="1971" time="0.087" /><testcase classname="tests.test_branch_tasks_v2" name="test_compaction_quarantines_inconsistent_persisted_terminal_time[branch_tasks_v2-]" file="tests\test_branch_tasks_v2.py" line="1971" time="0.085" /><testcase classname="tests.test_branch_tasks_v2" name="test_compaction_quarantines_invalid_terminal_before_erasing_evidence" file="tests\test_branch_tasks_v2.py" line="2026" time="0.104" /><testcase classname="tests.test_branch_tasks_v2" name="test_compacted_terminal_timestamps_must_match_and_be_ordered[terminal_at-2026-07-24T08:02:00+00:00]" file="tests\test_branch_tasks_v2.py" line="2072" time="0.127" /><testcase classname="tests.test_branch_tasks_v2" name="test_compacted_terminal_timestamps_must_match_and_be_ordered[compacted_at-2026-07-24T08:00:00+00:00]" file="tests\test_branch_tasks_v2.py" line="2072" time="0.109" /><testcase classname="tests.test_branch_tasks_v2" name="test_noncompacted_corrupt_terminal_row_is_quarantined[protocol_version-99-unsupported_protocol]" file="tests\test_branch_tasks_v2.py" line="2114" time="0.100" /><testcase classname="tests.test_branch_tasks_v2" name="test_noncompacted_corrupt_terminal_row_is_quarantined[receipt_json-{}-invalid_operator_admission]" file="tests\test_branch_tasks_v2.py" line="2114" time="0.086" /><testcase classname="tests.test_branch_tasks_v2" name="test_disabled_invalid_row_gets_receipt_but_valid_policy_row_does_not" file="tests\test_branch_tasks_v2.py" line="2155" time="0.094" /><testcase classname="tests.test_branch_tasks_v2" name="test_maintenance_hard_caps_caller_requested_batch" file="tests\test_branch_tasks_v2.py" line="2202" time="0.073" /><testcase classname="tests.test_branch_tasks_v2" name="test_storage_rejects_unbounded_private_quarantine_reason" file="tests\test_branch_tasks_v2.py" line="2228" time="0.065" /><testcase classname="tests.test_branch_tasks_v2" name="test_corrupt_status_is_scanned_and_sanitized" file="tests\test_branch_tasks_v2.py" line="2262" time="0.089" /><testcase classname="tests.test_branch_tasks_v2" name="test_cycle_high_water_prevents_starvation_under_sustained_inserts" file="tests\test_branch_tasks_v2.py" line="2290" time="0.148" /><testcase classname="tests.test_branch_tasks_v2" name="test_bounded_maintenance_cursor_reaches_invalid_row_after_valid_rows" file="tests\test_branch_tasks_v2.py" line="2332" time="0.139" /><testcase classname="tests.test_branch_tasks_v2" name="test_concurrent_maintenance_writes_one_receipt_per_digest" file="tests\test_branch_tasks_v2.py" line="2370" time="0.099" /><testcase classname="tests.test_branch_tasks_v2" name="test_operational_snapshot_separates_inert_and_waiting_rows" file="tests\test_branch_tasks_v2.py" line="2422" time="0.145" /><testcase classname="tests.test_branch_tasks_v2" name="test_operational_capacity_is_evaluated_per_pending_task" file="tests\test_branch_tasks_v2.py" line="2572" time="0.086" /><testcase classname="tests.test_branch_tasks_v2" name="test_operational_scope_uses_admission_then_request_fallback" file="tests\test_branch_tasks_v2.py" line="2611" time="0.083" /><testcase classname="tests.test_branch_tasks_v2" name="test_operational_read_surfaces_unknown_and_unscoped_rows_as_incomplete" file="tests\test_branch_tasks_v2.py" line="2645" time="0.099" /><testcase classname="tests.test_branch_tasks_v2" name="test_unknown_lifecycle_status_output_is_fixed_and_bounded" file="tests\test_branch_tasks_v2.py" line="2718" time="0.212" /><testcase classname="tests.test_branch_tasks_v2" name="test_public_operational_read_uses_existence_not_exact_unscoped_count" file="tests\test_branch_tasks_v2.py" line="2764" time="0.065" /><testcase classname="tests.test_branch_tasks_v2" name="test_operational_counts_and_candidates_share_one_sqlite_snapshot" file="tests\test_branch_tasks_v2.py" line="2804" time="0.071" /><testcase classname="tests.test_branch_tasks_v2" name="test_operational_diagnostics_are_output_and_scan_bounded" file="tests\test_branch_tasks_v2.py" line="2854" time="0.644" /><testcase classname="tests.test_branch_versions_rollback_columns.TestFreshDBSchema" name="test_new_columns_present" file="tests\test_branch_versions_rollback_columns.py" line="61" time="0.026" /><testcase classname="tests.test_branch_versions_rollback_columns.TestFreshDBSchema" name="test_new_indexes_present" file="tests\test_branch_versions_rollback_columns.py" line="73" time="0.025" /><testcase classname="tests.test_branch_versions_rollback_columns.TestPreTask22Migration" name="test_migration_adds_columns" file="tests\test_branch_versions_rollback_columns.py" line="130" time="0.048" /><testcase classname="tests.test_branch_versions_rollback_columns.TestPreTask22Migration" name="test_migration_is_idempotent" file="tests\test_branch_versions_rollback_columns.py" line="141" time="0.045" /><testcase classname="tests.test_branch_versions_rollback_columns.TestPreTask22Migration" name="test_existing_row_backfills_to_active_and_default_window" file="tests\test_branch_versions_rollback_columns.py" line="150" time="0.051" /><testcase classname="tests.test_branch_versions_rollback_columns.TestDataclassRoundtrip" name="test_to_dict_includes_new_fields" file="tests\test_branch_versions_rollback_columns.py" line="166" time="0.001" /><testcase classname="tests.test_branch_versions_rollback_columns.TestDataclassRoundtrip" name="test_default_field_values" file="tests\test_branch_versions_rollback_columns.py" line="188" time="0.001" /><testcase classname="tests.test_branch_versions_rollback_columns.TestPublishWatchWindow" name="test_default_watch_window_is_24h" file="tests\test_branch_versions_rollback_columns.py" line="207" time="0.025" /><testcase classname="tests.test_branch_versions_rollback_columns.TestPublishWatchWindow" name="test_explicit_arg_wins_over_frontmatter" file="tests\test_branch_versions_rollback_columns.py" line="212" time="0.026" /><testcase classname="tests.test_branch_versions_rollback_columns.TestPublishWatchWindow" name="test_frontmatter_wins_over_default" file="tests\test_branch_versions_rollback_columns.py" line="220" time="0.033" /><testcase classname="tests.test_branch_versions_rollback_columns.TestPublishWatchWindow" name="test_invalid_watch_window_falls_back_to_default" file="tests\test_branch_versions_rollback_columns.py" line="226" time="0.029" /><testcase classname="tests.test_branch_versions_rollback_columns.TestPublishWatchWindow" name="test_zero_watch_window_falls_back_to_default" file="tests\test_branch_versions_rollback_columns.py" line="232" time="0.028" /><testcase classname="tests.test_branch_versions_rollback_columns.TestResolveWatchWindow" name="test_resolution[branch_dict0-None-86400]" file="tests\test_branch_versions_rollback_columns.py" line="244" time="0.001" /><testcase classname="tests.test_branch_versions_rollback_columns.TestResolveWatchWindow" name="test_resolution[branch_dict1-None-3600]" file="tests\test_branch_versions_rollback_columns.py" line="244" time="0.001" /><testcase classname="tests.test_branch_versions_rollback_columns.TestResolveWatchWindow" name="test_resolution[branch_dict2-7200-7200]" file="tests\test_branch_versions_rollback_columns.py" line="244" time="0.001" /><testcase classname="tests.test_branch_versions_rollback_columns.TestResolveWatchWindow" name="test_resolution[branch_dict3-None-86400]" file="tests\test_branch_versions_rollback_columns.py" line="244" time="0.001" /><testcase classname="tests.test_branch_versions_rollback_columns.TestResolveWatchWindow" name="test_resolution[branch_dict4-None-86400]" file="tests\test_branch_versions_rollback_columns.py" line="244" time="0.001" /><testcase classname="tests.test_branch_versions_rollback_columns.TestIsWithinWatchWindow" name="test_just_published_is_within" file="tests\test_branch_versions_rollback_columns.py" line="281" time="0.001" /><testcase classname="tests.test_branch_versions_rollback_columns.TestIsWithinWatchWindow" name="test_past_window_returns_false" file="tests\test_branch_versions_rollback_columns.py" line="286" time="0.001" /><testcase classname="tests.test_branch_versions_rollback_columns.TestIsWithinWatchWindow" name="test_rolled_back_status_returns_false" file="tests\test_branch_versions_rollback_columns.py" line="294" time="0.001" /><testcase classname="tests.test_branch_versions_rollback_columns.TestIsWithinWatchWindow" name="test_unparseable_published_at_returns_false" file="tests\test_branch_versions_rollback_columns.py" line="302" time="0.000" /><testcase classname="tests.test_branch_versions_rollback_columns.TestIsWithinWatchWindow" name="test_naive_datetime_treated_as_utc" file="tests\test_branch_versions_rollback_columns.py" line="315" time="0.001" /><testcase classname="tests.test_branch_visibility" name="test_default_visibility_is_public" file="tests\test_branch_visibility.py" line="67" time="0.073" /><testcase classname="tests.test_branch_visibility" name="test_explicit_private_round_trips" file="tests\test_branch_visibility.py" line="79" time="0.075" /><testcase classname="tests.test_branch_visibility" name="test_unknown_visibility_normalizes_to_public" file="tests\test_branch_visibility.py" line="90" time="0.053" /><testcase classname="tests.test_branch_visibility" name="test_update_visibility_public_to_private" file="tests\test_branch_visibility.py" line="103" time="0.061" /><testcase classname="tests.test_branch_visibility" name="test_list_branch_definitions_hides_others_private" file="tests\test_branch_visibility.py" line="123" time="0.076" /><testcase classname="tests.test_branch_visibility" name="test_list_claims_hides_private_branch_from_non_owner" file="tests\test_branch_visibility.py" line="222" time="0.090" /><testcase classname="tests.test_branch_visibility" name="test_list_claims_shows_own_private_to_owner" file="tests\test_branch_visibility.py" line="240" time="0.089" /><testcase classname="tests.test_branch_visibility" name="test_leaderboard_hides_private_branch_from_non_owner" file="tests\test_branch_visibility.py" line="254" time="0.103" /><testcase classname="tests.test_branch_visibility" name="test_leaderboard_shows_own_private_to_owner" file="tests\test_branch_visibility.py" line="270" time="0.113" /><testcase classname="tests.test_branch_visibility" name="test_private_branch_on_public_goal_is_visible_to_owner" file="tests\test_branch_visibility.py" line="287" time="0.108" /><testcase classname="tests.test_branch_visibility" name="test_branch_create_accepts_visibility" file="tests\test_branch_visibility.py" line="347" time="0.065" /><testcase classname="tests.test_branch_visibility" name="test_branch_get_hides_private_from_non_owner" file="tests\test_branch_visibility.py" line="367" time="0.073" /><testcase classname="tests.test_branch_visibility" name="test_goal_get_hides_private_branch_from_non_owner" file="tests\test_branch_visibility.py" line="406" time="0.088" /><testcase classname="tests.test_branch_visibility" name="test_goal_common_nodes_hides_private_branch_from_non_owner" file="tests\test_branch_visibility.py" line="466" time="0.085" /><testcase classname="tests.test_branches.TestStateFieldDecl" name="test_defaults" file="tests\test_branches.py" line="27" time="0.001" /><testcase classname="tests.test_branches.TestStateFieldDecl" name="test_all_valid_types" file="tests\test_branches.py" line="35" time="0.001" /><testcase classname="tests.test_branches.TestStateFieldDecl" name="test_all_valid_reducers" file="tests\test_branches.py" line="40" time="0.001" /><testcase classname="tests.test_branches.TestStateFieldDecl" name="test_invalid_type_raises" file="tests\test_branches.py" line="45" time="0.001" /><testcase classname="tests.test_branches.TestStateFieldDecl" name="test_invalid_reducer_raises" file="tests\test_branches.py" line="49" time="0.001" /><testcase classname="tests.test_branches.TestStateFieldDecl" name="test_round_trip" file="tests\test_branches.py" line="53" time="0.001" /><testcase classname="tests.test_branches.TestStateFieldDecl" name="test_from_dict_ignores_unknown_keys" file="tests\test_branches.py" line="69" time="0.000" /><testcase classname="tests.test_branches.TestNodeDefinition" name="test_defaults" file="tests\test_branches.py" line="80" time="0.001" /><testcase classname="tests.test_branches.TestNodeDefinition" name="test_all_valid_phases" file="tests\test_branches.py" line="101" time="0.001" /><testcase classname="tests.test_branches.TestNodeDefinition" name="test_invalid_phase_raises" file="tests\test_branches.py" line="106" time="0.001" /><testcase classname="tests.test_branches.TestNodeDefinition" name="test_round_trip" file="tests\test_branches.py" line="110" time="0.001" /><testcase classname="tests.test_branches.TestNodeDefinition" name="test_to_node_registration_compat" file="tests\test_branches.py" line="144" time="0.000" /><testcase classname="tests.test_branches.TestNodeDefinition" name="test_from_node_registration" file="tests\test_branches.py" line="170" time="0.001" /><testcase classname="tests.test_branches.TestNodeDefinition" name="test_from_dict_ignores_unknown_keys" file="tests\test_branches.py" line="190" time="0.000" /><testcase classname="tests.test_branches.TestNodeDefinition" name="test_tools_allowed_rejects_non_list_shape" file="tests\test_branches.py" line="198" time="0.001" /><testcase classname="tests.test_branches.TestGraphNodeRef" name="test_defaults" file="tests\test_branches.py" line="214" time="0.000" /><testcase classname="tests.test_branches.TestGraphNodeRef" name="test_round_trip" file="tests\test_branches.py" line="220" time="0.000" /><testcase classname="tests.test_branches.TestEdgeDefinition" name="test_simple_edge" file="tests\test_branches.py" line="236" time="0.000" /><testcase classname="tests.test_branches.TestEdgeDefinition" name="test_serializes_as_from_to" file="tests\test_branches.py" line="241" time="0.000" /><testcase classname="tests.test_branches.TestEdgeDefinition" name="test_deserialize_from_to_keys" file="tests\test_branches.py" line="247" time="0.000" /><testcase classname="tests.test_branches.TestEdgeDefinition" name="test_deserialize_from_node_keys" file="tests\test_branches.py" line="252" time="0.000" /><testcase classname="tests.test_branches.TestEdgeDefinition" name="test_round_trip" file="tests\test_branches.py" line="258" time="0.000" /><testcase classname="tests.test_branches.TestConditionalEdge" name="test_basic" file="tests\test_branches.py" line="272" time="0.000" /><testcase classname="tests.test_branches.TestConditionalEdge" name="test_serializes_as_from" file="tests\test_branches.py" line="280" time="0.000" /><testcase classname="tests.test_branches.TestConditionalEdge" name="test_round_trip" file="tests\test_branches.py" line="285" time="0.000" /><testcase classname="tests.test_branches.TestBranchDefinition" name="test_defaults" file="tests\test_branches.py" line="359" time="0.001" /><testcase classname="tests.test_branches.TestBranchDefinition" name="test_auto_generated_id" file="tests\test_branches.py" line="377" time="0.001" /><testcase classname="tests.test_branches.TestBranchDefinition" name="test_round_trip_dict" file="tests\test_branches.py" line="382" time="0.001" /><testcase classname="tests.test_branches.TestBranchDefinition" name="test_round_trip_json" file="tests\test_branches.py" line="401" time="0.001" /><testcase classname="tests.test_branches.TestBranchDefinition" name="test_graph_json_langgraph_shape" file="tests\test_branches.py" line="413" time="0.001" /><testcase classname="tests.test_branches.TestBranchDefinition" name="test_state_schema_json" file="tests\test_branches.py" line="430" time="0.001" /><testcase classname="tests.test_branches.TestBranchDefinition" name="test_node_def_ids" file="tests\test_branches.py" line="437" time="0.001" /><testcase classname="tests.test_branches.TestBranchDefinition" name="test_get_node_def" file="tests\test_branches.py" line="441" time="0.001" /><testcase classname="tests.test_branches.TestBranchDefinition" name="test_validate_valid_branch" file="tests\test_branches.py" line="448" time="0.001" /><testcase classname="tests.test_branches.TestBranchDefinition" name="test_validate_missing_name" file="tests\test_branches.py" line="453" time="0.001" /><testcase classname="tests.test_branches.TestBranchDefinition" name="test_validate_no_nodes" file="tests\test_branches.py" line="459" time="0.001" /><testcase classname="tests.test_branches.TestBranchDefinition" name="test_validate_bad_entry_point" file="tests\test_branches.py" line="464" time="0.001" /><testcase classname="tests.test_branches.TestBranchDefinition" name="test_validate_duplicate_node_def_ids" file="tests\test_branches.py" line="470" time="0.001" /><testcase classname="tests.test_branches.TestBranchDefinition" name="test_validate_duplicate_graph_node_ids" file="tests\test_branches.py" line="476" time="0.001" /><testcase classname="tests.test_branches.TestBranchDefinition" name="test_validate_bad_edge_from" file="tests\test_branches.py" line="482" time="0.001" /><testcase classname="tests.test_branches.TestBranchDefinition" name="test_validate_bad_edge_to" file="tests\test_branches.py" line="488" time="0.001" /><testcase classname="tests.test_branches.TestBranchDefinition" name="test_validate_start_end_are_valid" file="tests\test_branches.py" line="494" time="0.001" /><testcase classname="tests.test_branches.TestBranchDefinition" name="test_validate_bad_conditional_edge_from" file="tests\test_branches.py" line="501" time="0.001" /><testcase classname="tests.test_branches.TestBranchDefinition" name="test_validate_bad_conditional_edge_target" file="tests\test_branches.py" line="509" time="0.001" /><testcase classname="tests.test_branches.TestBranchDefinition" name="test_validate_graph_node_bad_def_ref" file="tests\test_branches.py" line="517" time="0.001" /><testcase classname="tests.test_branches.TestBranchDefinition" name="test_validate_duplicate_state_fields" file="tests\test_branches.py" line="523" time="0.001" /><testcase classname="tests.test_branches.TestBranchDefinition" name="test_validate_state_field_cannot_collide_with_graph_node_id" file="tests\test_branches.py" line="529" time="0.001" /><testcase classname="tests.test_branches.TestBranchDefinition" name="test_state_field_graph_node_collision_suggestion_names_both_sides" file="tests\test_branches.py" line="535" time="0.001" /><testcase classname="tests.test_branches.TestBranchDefinition" name="test_validate_input_key_must_be_declared_when_state_schema_exists" file="tests\test_branches.py" line="549" time="0.001" /><testcase classname="tests.test_branches.TestBranchDefinition" name="test_validate_output_key_must_be_declared_when_state_schema_exists" file="tests\test_branches.py" line="561" time="0.001" /><testcase classname="tests.test_branches.TestBranchDefinition" name="test_validate_legacy_empty_state_schema_remains_allowed" file="tests\test_branches.py" line="573" time="0.001" /><testcase classname="tests.test_branches.TestBranchDefinition" name="test_fork" file="tests\test_branches.py" line="593" time="0.001" /><testcase classname="tests.test_branches.TestBranchDefinition" name="test_fork_default_name" file="tests\test_branches.py" line="613" time="0.001" /><testcase classname="tests.test_branches.TestBranchDefinition" name="test_legacy_nodes_key_compat" file="tests\test_branches.py" line="618" time="0.001" /><testcase classname="tests.test_branches.TestBranchDefinition" name="test_from_dict_ignores_unknown_keys" file="tests\test_branches.py" line="631" time="0.001" /><testcase classname="tests.test_branches.TestBranchDefinition" name="test_state_schema_is_unvalidated" file="tests\test_branches.py" line="641" time="0.001" /><testcase classname="tests.test_branches.TestBranchDefinition" name="test_from_dict_does_not_mutate_input" file="tests\test_branches.py" line="656" time="0.001" /><testcase classname="tests.test_branches.TestBranchDefinition" name="test_from_dict_db_row_shape" file="tests\test_branches.py" line="671" time="0.001" /><testcase classname="tests.test_branches.TestBranchDefinition" name="test_validate_missing_entry_point" file="tests\test_branches.py" line="695" time="0.001" /><testcase classname="tests.test_branches.TestBranchDefinition" name="test_validate_orphaned_node" file="tests\test_branches.py" line="705" time="0.001" /><testcase classname="tests.test_branches.TestBranchDefinition" name="test_validate_cycle_without_exit" file="tests\test_branches.py" line="732" time="0.001" /><testcase classname="tests.test_branches.TestBranchDefinition" name="test_validate_cycle_with_exit_is_ok" file="tests\test_branches.py" line="755" time="0.001" /><testcase classname="tests.test_branches.TestNodeDefinitionStrictKeysValidation" name="test_str_input_keys_rejects" file="tests\test_branches.py" line="803" time="0.001" /><testcase classname="tests.test_branches.TestNodeDefinitionStrictKeysValidation" name="test_str_output_keys_rejects" file="tests\test_branches.py" line="813" time="0.001" /><testcase classname="tests.test_branches.TestNodeDefinitionStrictKeysValidation" name="test_int_input_keys_rejects" file="tests\test_branches.py" line="823" time="0.001" /><testcase classname="tests.test_branches.TestNodeDefinitionStrictKeysValidation" name="test_dict_output_keys_rejects" file="tests\test_branches.py" line="832" time="0.001" /><testcase classname="tests.test_branches.TestNodeDefinitionStrictKeysValidation" name="test_list_of_non_string_input_keys_rejects" file="tests\test_branches.py" line="841" time="0.001" /><testcase classname="tests.test_branches.TestNodeDefinitionStrictKeysValidation" name="test_list_of_non_string_output_keys_rejects" file="tests\test_branches.py" line="851" time="0.001" /><testcase classname="tests.test_branches.TestNodeDefinitionStrictKeysValidation" name="test_proper_lists_pass" file="tests\test_branches.py" line="861" time="0.000" /><testcase classname="tests.test_branches.TestNodeDefinitionStrictKeysValidation" name="test_empty_lists_pass" file="tests\test_branches.py" line="871" time="0.001" /><testcase classname="tests.test_branches.TestNodeDefinitionStrictKeysValidation" name="test_from_dict_with_str_input_keys_rejects" file="tests\test_branches.py" line="877" time="0.001" /><testcase classname="tests.test_branches.TestNodeDefinitionStrictKeysValidation" name="test_from_dict_with_str_output_keys_rejects" file="tests\test_branches.py" line="887" time="0.001" /><testcase classname="tests.test_branches.TestNodeDefinitionStrictKeysValidation" name="test_branch_from_dict_propagates_node_validation" file="tests\test_branches.py" line="896" time="0.001" /><testcase classname="tests.test_branches.TestNodeDefinitionStrictKeysValidation" name="test_validation_error_is_value_error_subclass" file="tests\test_branches.py" line="909" time="0.000" /><testcase classname="tests.test_branches.TestNodeDefinitionStrictKeysValidation" name="test_to_dict_round_trip_preserves_lists" file="tests\test_branches.py" line="925" time="0.001" /><testcase classname="tests.test_bug029_chain_drain.TestAllApiProvidersInCooldown" name="test_returns_false_when_no_providers_cooled" file="tests\test_bug029_chain_drain.py" line="23" time="0.001" /><testcase classname="tests.test_bug029_chain_drain.TestAllApiProvidersInCooldown" name="test_returns_true_when_all_api_providers_cooled" file="tests\test_bug029_chain_drain.py" line="28" time="0.001" /><testcase classname="tests.test_bug029_chain_drain.TestAllApiProvidersInCooldown" name="test_returns_false_when_one_api_provider_available" file="tests\test_bug029_chain_drain.py" line="35" time="0.000" /><testcase classname="tests.test_bug029_chain_drain.TestAllApiProvidersInCooldown" name="test_returns_false_when_chain_is_only_local" file="tests\test_bug029_chain_drain.py" line="41" time="0.000" /><testcase classname="tests.test_bug029_chain_drain.TestAllApiProvidersInCooldown" name="test_custom_local_providers_set" file="tests\test_bug029_chain_drain.py" line="46" time="0.001" /><testcase classname="tests.test_bug029_chain_drain.TestAllApiProvidersInCooldown" name="test_returns_false_when_chain_is_empty" file="tests\test_bug029_chain_drain.py" line="54" time="0.000" /><testcase classname="tests.test_bug029_chain_drain.TestCooldownRemainingDict" name="test_returns_zero_for_uncooled_providers" file="tests\test_bug029_chain_drain.py" line="64" time="0.000" /><testcase classname="tests.test_bug029_chain_drain.TestCooldownRemainingDict" name="test_returns_positive_for_cooled_providers" file="tests\test_bug029_chain_drain.py" line="70" time="0.001" /><testcase classname="tests.test_bug029_chain_drain.TestCooldownRemainingDict" name="test_all_providers_covered" file="tests\test_bug029_chain_drain.py" line="77" time="0.000" /><testcase classname="tests.test_bug029_chain_drain.TestChainDrainWarning" name="test_chain_drain_emits_warning" file="tests\test_bug029_chain_drain.py" line="85" time="0.005" /><testcase classname="tests.test_bug029_chain_drain.TestChainDrainWarning" name="test_chain_drain_warning_with_unregistered_api_provider" file="tests\test_bug029_chain_drain.py" line="130" time="0.002" /><testcase classname="tests.test_bug029_chain_drain.TestGetStatusCooldownField" name="test_get_status_has_per_provider_cooldown_remaining" file="tests\test_bug029_chain_drain.py" line="174" time="0.080" /><testcase classname="tests.test_bug029_chain_drain.TestGetStatusCooldownField" name="test_per_provider_cooldown_remaining_values_are_ints" file="tests\test_bug029_chain_drain.py" line="181" time="0.027" /><testcase classname="tests.test_bug029_chain_drain.TestGetStatusCooldownField" name="test_schema_contract_includes_per_provider_field" file="tests\test_bug029_chain_drain.py" line="189" time="0.031" /><testcase classname="tests.test_bug029_chain_drain.TestActionableByCompleteness" name="test_every_class_resolves_to_known_bucket" file="tests\test_bug029_chain_drain.py" line="235" time="0.001" /><testcase classname="tests.test_bug029_chain_drain.TestActionableByCompleteness" name="test_unknown_class_falls_back_to_user" file="tests\test_bug029_chain_drain.py" line="249" time="0.001" /><testcase classname="tests.test_bug029_chain_drain.TestActionableByCompleteness" name="test_taxonomy_covers_all_four_buckets" file="tests\test_bug029_chain_drain.py" line="254" time="0.001" /><testcase classname="tests.test_bug029_chain_drain.TestClassifyOutcomeErrorCompleteness" name="test_classifier_returns_expected_class[Empty LLM response from provider-empty_llm_response]" file="tests\test_bug029_chain_drain.py" line="295" time="0.001" /><testcase classname="tests.test_bug029_chain_drain.TestClassifyOutcomeErrorCompleteness" name="test_classifier_returns_expected_class[Run timed out after 60s-timeout]" file="tests\test_bug029_chain_drain.py" line="295" time="0.001" /><testcase classname="tests.test_bug029_chain_drain.TestClassifyOutcomeErrorCompleteness" name="test_classifier_returns_expected_class[Quota exhausted on Anthropic API-quota_exhausted]" file="tests\test_bug029_chain_drain.py" line="295" time="0.001" /><testcase classname="tests.test_bug029_chain_drain.TestClassifyOutcomeErrorCompleteness" name="test_classifier_returns_expected_class[Provider overloaded \u2014 503 service unavailable-provider_overloaded]" file="tests\test_bug029_chain_drain.py" line="295" time="0.001" /><testcase classname="tests.test_bug029_chain_drain.TestClassifyOutcomeErrorCompleteness" name="test_classifier_returns_expected_class[Maximum context length exceeded for model-context_length_exceeded]" file="tests\test_bug029_chain_drain.py" line="295" time="0.001" /><testcase classname="tests.test_bug029_chain_drain.TestClassifyOutcomeErrorCompleteness" name="test_classifier_returns_expected_class[Auth expired: token refresh required-permission_denied:auth_expired]" file="tests\test_bug029_chain_drain.py" line="295" time="0.001" /><testcase classname="tests.test_bug029_chain_drain.TestClassifyOutcomeErrorCompleteness" name="test_classifier_returns_expected_class[Approval required for source_code node-node_not_approved]" file="tests\test_bug029_chain_drain.py" line="295" time="0.001" /><testcase classname="tests.test_bug029_chain_drain.TestClassifyOutcomeErrorCompleteness" name="test_classifier_returns_expected_class[Permission denied-permission_denied:approval_required]" file="tests\test_bug029_chain_drain.py" line="295" time="0.001" /><testcase classname="tests.test_bug029_chain_drain.TestClassifyOutcomeErrorCompleteness" name="test_classifier_returns_expected_class[Subprocess failure: exit code 127-provider_subprocess_failed]" file="tests\test_bug029_chain_drain.py" line="295" time="0.001" /><testcase classname="tests.test_bug029_chain_drain.TestClassifyOutcomeErrorCompleteness" name="test_classifier_returns_expected_class[Concurrent modification conflict-state_mutation_conflict]" file="tests\test_bug029_chain_drain.py" line="295" time="0.001" /><testcase classname="tests.test_bug029_chain_drain.TestClassifyOutcomeErrorCompleteness" name="test_classifier_returns_expected_class[Provider unavailable: no API key-provider_unavailable]" file="tests\test_bug029_chain_drain.py" line="295" time="0.001" /><testcase classname="tests.test_bug029_chain_drain.TestClassifyOutcomeErrorCompleteness" name="test_classifier_returns_expected_class[Groq call failed: HTTP 502-provider_error]" file="tests\test_bug029_chain_drain.py" line="295" time="0.001" /><testcase classname="tests.test_bug029_chain_drain.TestClassifyOutcomeErrorCompleteness" name="test_classifier_returns_non_empty_suggested_action[Empty LLM response from provider-empty_llm_response]" file="tests\test_bug029_chain_drain.py" line="307" time="0.001" /><testcase classname="tests.test_bug029_chain_drain.TestClassifyOutcomeErrorCompleteness" name="test_classifier_returns_non_empty_suggested_action[Run timed out after 60s-timeout]" file="tests\test_bug029_chain_drain.py" line="307" time="0.001" /><testcase classname="tests.test_bug029_chain_drain.TestClassifyOutcomeErrorCompleteness" name="test_classifier_returns_non_empty_suggested_action[Quota exhausted on Anthropic API-quota_exhausted]" file="tests\test_bug029_chain_drain.py" line="307" time="0.001" /><testcase classname="tests.test_bug029_chain_drain.TestClassifyOutcomeErrorCompleteness" name="test_classifier_returns_non_empty_suggested_action[Provider overloaded \u2014 503 service unavailable-provider_overloaded]" file="tests\test_bug029_chain_drain.py" line="307" time="0.001" /><testcase classname="tests.test_bug029_chain_drain.TestClassifyOutcomeErrorCompleteness" name="test_classifier_returns_non_empty_suggested_action[Maximum context length exceeded for model-context_length_exceeded]" file="tests\test_bug029_chain_drain.py" line="307" time="0.001" /><testcase classname="tests.test_bug029_chain_drain.TestClassifyOutcomeErrorCompleteness" name="test_classifier_returns_non_empty_suggested_action[Auth expired: token refresh required-permission_denied:auth_expired]" file="tests\test_bug029_chain_drain.py" line="307" time="0.001" /><testcase classname="tests.test_bug029_chain_drain.TestClassifyOutcomeErrorCompleteness" name="test_classifier_returns_non_empty_suggested_action[Approval required for source_code node-node_not_approved]" file="tests\test_bug029_chain_drain.py" line="307" time="0.001" /><testcase classname="tests.test_bug029_chain_drain.TestClassifyOutcomeErrorCompleteness" name="test_classifier_returns_non_empty_suggested_action[Permission denied-permission_denied:approval_required]" file="tests\test_bug029_chain_drain.py" line="307" time="0.001" /><testcase classname="tests.test_bug029_chain_drain.TestClassifyOutcomeErrorCompleteness" name="test_classifier_returns_non_empty_suggested_action[Subprocess failure: exit code 127-provider_subprocess_failed]" file="tests\test_bug029_chain_drain.py" line="307" time="0.001" /><testcase classname="tests.test_bug029_chain_drain.TestClassifyOutcomeErrorCompleteness" name="test_classifier_returns_non_empty_suggested_action[Concurrent modification conflict-state_mutation_conflict]" file="tests\test_bug029_chain_drain.py" line="307" time="0.001" /><testcase classname="tests.test_bug029_chain_drain.TestClassifyOutcomeErrorCompleteness" name="test_classifier_returns_non_empty_suggested_action[Provider unavailable: no API key-provider_unavailable]" file="tests\test_bug029_chain_drain.py" line="307" time="0.001" /><testcase classname="tests.test_bug029_chain_drain.TestClassifyOutcomeErrorCompleteness" name="test_classifier_returns_non_empty_suggested_action[Groq call failed: HTTP 502-provider_error]" file="tests\test_bug029_chain_drain.py" line="307" time="0.001" /><testcase classname="tests.test_bug029_chain_drain.TestClassifyOutcomeErrorCompleteness" name="test_classified_class_resolves_to_known_actionable_by[Empty LLM response from provider-empty_llm_response]" file="tests\test_bug029_chain_drain.py" line="320" time="0.001" /><testcase classname="tests.test_bug029_chain_drain.TestClassifyOutcomeErrorCompleteness" name="test_classified_class_resolves_to_known_actionable_by[Run timed out after 60s-timeout]" file="tests\test_bug029_chain_drain.py" line="320" time="0.001" /><testcase classname="tests.test_bug029_chain_drain.TestClassifyOutcomeErrorCompleteness" name="test_classified_class_resolves_to_known_actionable_by[Quota exhausted on Anthropic API-quota_exhausted]" file="tests\test_bug029_chain_drain.py" line="320" time="0.001" /><testcase classname="tests.test_bug029_chain_drain.TestClassifyOutcomeErrorCompleteness" name="test_classified_class_resolves_to_known_actionable_by[Provider overloaded \u2014 503 service unavailable-provider_overloaded]" file="tests\test_bug029_chain_drain.py" line="320" time="0.001" /><testcase classname="tests.test_bug029_chain_drain.TestClassifyOutcomeErrorCompleteness" name="test_classified_class_resolves_to_known_actionable_by[Maximum context length exceeded for model-context_length_exceeded]" file="tests\test_bug029_chain_drain.py" line="320" time="0.001" /><testcase classname="tests.test_bug029_chain_drain.TestClassifyOutcomeErrorCompleteness" name="test_classified_class_resolves_to_known_actionable_by[Auth expired: token refresh required-permission_denied:auth_expired]" file="tests\test_bug029_chain_drain.py" line="320" time="0.001" /><testcase classname="tests.test_bug029_chain_drain.TestClassifyOutcomeErrorCompleteness" name="test_classified_class_resolves_to_known_actionable_by[Approval required for source_code node-node_not_approved]" file="tests\test_bug029_chain_drain.py" line="320" time="0.001" /><testcase classname="tests.test_bug029_chain_drain.TestClassifyOutcomeErrorCompleteness" name="test_classified_class_resolves_to_known_actionable_by[Permission denied-permission_denied:approval_required]" file="tests\test_bug029_chain_drain.py" line="320" time="0.001" /><testcase classname="tests.test_bug029_chain_drain.TestClassifyOutcomeErrorCompleteness" name="test_classified_class_resolves_to_known_actionable_by[Subprocess failure: exit code 127-provider_subprocess_failed]" file="tests\test_bug029_chain_drain.py" line="320" time="0.001" /><testcase classname="tests.test_bug029_chain_drain.TestClassifyOutcomeErrorCompleteness" name="test_classified_class_resolves_to_known_actionable_by[Concurrent modification conflict-state_mutation_conflict]" file="tests\test_bug029_chain_drain.py" line="320" time="0.001" /><testcase classname="tests.test_bug029_chain_drain.TestClassifyOutcomeErrorCompleteness" name="test_classified_class_resolves_to_known_actionable_by[Provider unavailable: no API key-provider_unavailable]" file="tests\test_bug029_chain_drain.py" line="320" time="0.001" /><testcase classname="tests.test_bug029_chain_drain.TestClassifyOutcomeErrorCompleteness" name="test_classified_class_resolves_to_known_actionable_by[Groq call failed: HTTP 502-provider_error]" file="tests\test_bug029_chain_drain.py" line="320" time="0.001" /><testcase classname="tests.test_bug_investigation.TestIsAutoTriggerEnabled" name="test_disabled_when_env_unset" file="tests\test_bug_investigation.py" line="22" time="0.003" /><testcase classname="tests.test_bug_investigation.TestIsAutoTriggerEnabled" name="test_enabled_when_env_set" file="tests\test_bug_investigation.py" line="30" time="0.002" /><testcase classname="tests.test_bug_investigation.TestIsAutoTriggerEnabled" name="test_disabled_when_env_empty_string" file="tests\test_bug_investigation.py" line="34" time="0.002" /><testcase classname="tests.test_bug_investigation.TestBuildRunPayload" name="test_extracts_all_expected_keys" file="tests\test_bug_investigation.py" line="44" time="0.002" /><testcase classname="tests.test_bug_investigation.TestBuildRunPayload" name="test_missing_keys_default_to_empty_string" file="tests\test_bug_investigation.py" line="63" time="0.002" /><testcase classname="tests.test_bug_investigation.TestBuildRunPayload" name="test_extra_keys_are_excluded" file="tests\test_bug_investigation.py" line="70" time="0.002" /><testcase classname="tests.test_bug_investigation.TestBuildRunPayload" name="test_existing_request_text_is_preserved" file="tests\test_bug_investigation.py" line="81" time="0.002" /><testcase classname="tests.test_bug_investigation.TestBuildRunPayload" name="test_payload_keys_are_stable" file="tests\test_bug_investigation.py" line="89" time="0.002" /><testcase classname="tests.test_bug_investigation.TestFormatInvestigationComment" name="test_contains_run_id" file="tests\test_bug_investigation.py" line="105" time="0.001" /><testcase classname="tests.test_bug_investigation.TestFormatInvestigationComment" name="test_default_status_is_queued" file="tests\test_bug_investigation.py" line="109" time="0.001" /><testcase classname="tests.test_bug_investigation.TestFormatInvestigationComment" name="test_custom_status" file="tests\test_bug_investigation.py" line="113" time="0.001" /><testcase classname="tests.test_bug_investigation.TestFormatInvestigationComment" name="test_has_investigation_heading" file="tests\test_bug_investigation.py" line="117" time="0.001" /><testcase classname="tests.test_bug_investigation.TestFormatInvestigationComment" name="test_starts_with_double_newline" file="tests\test_bug_investigation.py" line="121" time="0.001" /><testcase classname="tests.test_bug_investigation.TestFormatPatchPacketComment" name="test_empty_dict_returns_empty_string" file="tests\test_bug_investigation.py" line="131" time="0.001" /><testcase classname="tests.test_bug_investigation.TestFormatPatchPacketComment" name="test_all_none_values_returns_empty_string" file="tests\test_bug_investigation.py" line="134" time="0.001" /><testcase classname="tests.test_bug_investigation.TestFormatPatchPacketComment" name="test_has_patch_packet_heading_when_nonempty" file="tests\test_bug_investigation.py" line="142" time="0.001" /><testcase classname="tests.test_bug_investigation.TestFormatPatchPacketComment" name="test_includes_present_sections" file="tests\test_bug_investigation.py" line="146" time="0.001" /><testcase classname="tests.test_bug_investigation.TestFormatPatchPacketComment" name="test_omits_missing_sections" file="tests\test_bug_investigation.py" line="156" time="0.000" /><testcase classname="tests.test_bug_investigation.TestFormatPatchPacketComment" name="test_all_four_sections_present" file="tests\test_bug_investigation.py" line="161" time="0.001" /><testcase classname="tests.test_bug_investigation.TestAttachPatchPacketComment" name="test_successful_attach" file="tests\test_bug_investigation.py" line="218" time="0.023" /><testcase classname="tests.test_bug_investigation.TestAttachPatchPacketComment" name="test_nonexistent_bug_returns_error" file="tests\test_bug_investigation.py" line="232" time="0.006" /><testcase classname="tests.test_bug_investigation.TestAttachPatchPacketComment" name="test_reattach_replaces_not_duplicates" file="tests\test_bug_investigation.py" line="242" time="0.023" /><testcase classname="tests.test_bug_investigation.TestAttachPatchPacketComment" name="test_reattach_preserves_following_heading" file="tests\test_bug_investigation.py" line="256" time="0.021" /><testcase classname="tests.test_bug_investigation.TestAttachPatchPacketComment" name="test_empty_patch_packet_returns_error" file="tests\test_bug_investigation.py" line="273" time="0.005" /><testcase classname="tests.test_bug_investigation.TestAttachPatchPacketComment" name="test_slug_case_alias_resolution" file="tests\test_bug_investigation.py" line="284" time="0.007" /><testcase classname="tests.test_bug_investigation.TestAttachPatchPacketComment" name="test_lowercase_bug_id_also_resolves" file="tests\test_bug_investigation.py" line="296" time="0.007" /><testcase classname="tests.test_bug_investigation_canonical_cutover" name="test_no_env_no_enqueue" file="tests\test_bug_investigation_canonical_cutover.py" line="188" time="0.067" /><testcase classname="tests.test_bug_investigation_canonical_cutover" name="test_empty_bug_id_skipped_even_with_env" file="tests\test_bug_investigation_canonical_cutover.py" line="203" time="0.068" /><testcase classname="tests.test_bug_investigation_canonical_cutover" name="test_env_fallback_preserved_when_no_goal_id" file="tests\test_bug_investigation_canonical_cutover.py" line="226" time="0.065" /><testcase classname="tests.test_bug_investigation_canonical_cutover" name="test_env_fallback_used_when_goal_id_has_no_canonical" file="tests\test_bug_investigation_canonical_cutover.py" line="247" time="0.075" /><testcase classname="tests.test_bug_investigation_canonical_cutover" name="test_goal_canonical_used_when_set" file="tests\test_bug_investigation_canonical_cutover.py" line="287" time="0.116" /><testcase classname="tests.test_bug_investigation_canonical_cutover" name="test_goal_canonical_with_auto_refresh" file="tests\test_bug_investigation_canonical_cutover.py" line="315" time="0.266" /><testcase classname="tests.test_bug_investigation_canonical_cutover" name="test_resolve_handler_returns_empty_when_no_goal_and_no_env" file="tests\test_bug_investigation_canonical_cutover.py" line="441" time="0.069" /><testcase classname="tests.test_bug_investigation_canonical_cutover" name="test_resolve_handler_strips_whitespace_in_env" file="tests\test_bug_investigation_canonical_cutover.py" line="446" time="0.070" /><testcase classname="tests.test_bug_investigation_dispatcher.TestEnqueueInvestigationRequest" name="test_creates_dispatcher_entry_with_bug_investigation_type" file="tests\test_bug_investigation_dispatcher.py" line="25" time="0.016" /><testcase classname="tests.test_bug_investigation_dispatcher.TestEnqueueInvestigationRequest" name="test_returns_request_id_not_run_id" file="tests\test_bug_investigation_dispatcher.py" line="41" time="0.006" /><testcase classname="tests.test_bug_investigation_dispatcher.TestEnqueueInvestigationRequest" name="test_inputs_contain_bug_payload" file="tests\test_bug_investigation_dispatcher.py" line="52" time="0.015" /><testcase classname="tests.test_bug_investigation_dispatcher.TestEnqueueInvestigationRequest" name="test_merge_instant_effort_metadata_uses_fast_lane" file="tests\test_bug_investigation_dispatcher.py" line="67" time="0.018" /><testcase classname="tests.test_bug_investigation_dispatcher.TestEnqueueInvestigationRequest" name="test_raises_if_no_branch_def_id" file="tests\test_bug_investigation_dispatcher.py" line="95" time="0.004" /><testcase classname="tests.test_bug_investigation_dispatcher.TestEnqueueInvestigationRequest" name="test_raises_if_request_type_not_in_priorities" file="tests\test_bug_investigation_dispatcher.py" line="104" time="0.004" /><testcase classname="tests.test_bug_investigation_dispatcher.TestEnqueueInvestigationRequest" name="test_universe_id_inferred_from_base_path_name" file="tests\test_bug_investigation_dispatcher.py" line="113" time="0.013" /><testcase classname="tests.test_bug_investigation_dispatcher.TestEnqueueInvestigationRequest" name="test_explicit_universe_id_overrides_path_name" file="tests\test_bug_investigation_dispatcher.py" line="125" time="0.014" /><testcase classname="tests.test_bug_investigation_dispatcher.TestPrefersRequestType" name="test_unset_env_accepts_all_types" file="tests\test_bug_investigation_dispatcher.py" line="141" time="0.001" /><testcase classname="tests.test_bug_investigation_dispatcher.TestPrefersRequestType" name="test_empty_env_accepts_all_types" file="tests\test_bug_investigation_dispatcher.py" line="147" time="0.001" /><testcase classname="tests.test_bug_investigation_dispatcher.TestPrefersRequestType" name="test_daemon_with_bug_investigation_in_priorities_claims_it" file="tests\test_bug_investigation_dispatcher.py" line="151" time="0.000" /><testcase classname="tests.test_bug_investigation_dispatcher.TestPrefersRequestType" name="test_daemon_without_bug_investigation_does_not_claim" file="tests\test_bug_investigation_dispatcher.py" line="155" time="0.001" /><testcase classname="tests.test_bug_investigation_dispatcher.TestPrefersRequestType" name="test_priorities_order_preserved" file="tests\test_bug_investigation_dispatcher.py" line="159" time="0.001" /><testcase classname="tests.test_bug_investigation_dispatcher.TestPrefersRequestType" name="test_whitespace_trimmed_in_priorities" file="tests\test_bug_investigation_dispatcher.py" line="164" time="0.001" /><testcase classname="tests.test_bug_investigation_dispatcher.TestSelectNextTaskRequestTypeFilter" name="test_daemon_with_priorities_only_claims_matching_type" file="tests\test_bug_investigation_dispatcher.py" line="188" time="0.026" /><testcase classname="tests.test_bug_investigation_dispatcher.TestSelectNextTaskRequestTypeFilter" name="test_daemon_without_priorities_claims_any_type" file="tests\test_bug_investigation_dispatcher.py" line="197" time="0.013" /><testcase classname="tests.test_bug_investigation_dispatcher.TestSelectNextTaskRequestTypeFilter" name="test_no_matching_tasks_returns_none" file="tests\test_bug_investigation_dispatcher.py" line="205" time="0.015" /><testcase classname="tests.test_bug_investigation_dispatcher.TestFormatInvestigationComment" name="test_request_id_path_uses_dispatcher_request_id_label" file="tests\test_bug_investigation_dispatcher.py" line="217" time="0.001" /><testcase classname="tests.test_bug_investigation_dispatcher.TestFormatInvestigationComment" name="test_run_id_path_uses_run_id_label" file="tests\test_bug_investigation_dispatcher.py" line="223" time="0.000" /><testcase classname="tests.test_bug_investigation_dispatcher.TestFormatInvestigationComment" name="test_request_id_takes_precedence_when_both_given" file="tests\test_bug_investigation_dispatcher.py" line="229" time="0.000" /><testcase classname="tests.test_bug_investigation_dispatcher.TestFormatInvestigationComment" name="test_status_included_in_comment" file="tests\test_bug_investigation_dispatcher.py" line="234" time="0.000" /><testcase classname="tests.test_bug_investigation_dispatcher.TestBranchTaskRequestTypeField" name="test_default_request_type_is_branch_run" file="tests\test_bug_investigation_dispatcher.py" line="243" time="0.001" /><testcase classname="tests.test_bug_investigation_dispatcher.TestBranchTaskRequestTypeField" name="test_request_type_roundtrips_through_json" file="tests\test_bug_investigation_dispatcher.py" line="252" time="0.014" /><testcase classname="tests.test_bug_investigation_dispatcher.TestBranchTaskRequestTypeField" name="test_legacy_tasks_without_request_type_default_to_branch_run" file="tests\test_bug_investigation_dispatcher.py" line="266" time="0.014" /><testcase classname="tests.test_bug_investigation_dispatcher.TestBugInvestigationDirectRunRouting" name="test_bug_investigation_tasks_execute_through_direct_run_path" file="tests\test_bug_investigation_dispatcher.py" line="284" time="0.001" /><testcase classname="tests.test_bug_investigation_dispatcher.TestBugInvestigationDirectRunRouting" name="test_universe_cycle_wrapper_still_uses_wrapper_path" file="tests\test_bug_investigation_dispatcher.py" line="296" time="0.001" /><testcase classname="tests.test_bug_investigation_dispatcher.TestBugInvestigationDirectRunRouting" name="test_bug_investigation_direct_run_synthesizes_request_text_for_legacy_tasks" file="tests\test_bug_investigation_dispatcher.py" line="308" time="0.001" /><testcase classname="tests.test_bug_investigation_dispatcher.TestBugInvestigationDirectRunRouting" name="test_bug_investigation_direct_run_preserves_existing_request_text" file="tests\test_bug_investigation_dispatcher.py" line="323" time="0.000" /><testcase classname="tests.test_bug_investigation_dispatcher.TestBugInvestigationDirectRunRouting" name="test_branch_run_inputs_are_not_rewritten" file="tests\test_bug_investigation_dispatcher.py" line="338" time="0.001" /><testcase classname="tests.test_bug_investigation_dispatcher.TestBugInvestigationDirectRunRouting" name="test_direct_run_rejects_task_universe_mismatching_physical_queue" file="tests\test_bug_investigation_dispatcher.py" line="353" time="0.005" /><testcase classname="tests.test_bug_investigation_dispatcher.TestBugInvestigationDirectRunRouting" name="test_direct_run_passes_physical_universe_to_matched_execution" file="tests\test_bug_investigation_dispatcher.py" line="412" time="0.005" /><testcase classname="tests.test_bug_investigation_dispatcher.TestBugInvestigationDirectRunRouting" name="test_direct_run_reuses_completed_branch_task_run_after_restart" file="tests\test_bug_investigation_dispatcher.py" line="478" time="0.034" /><testcase classname="tests.test_bug_investigation_dispatcher.TestBugInvestigationPatchPacketWriteBack" name="test_completed_bug_investigation_attaches_patch_packet_to_wiki" file="tests\test_bug_investigation_dispatcher.py" line="559" time="0.023" /><testcase classname="tests.test_bug_investigation_dispatcher.TestBugInvestigationPatchPacketWriteBack" name="test_non_completed_bug_investigation_does_not_attach_false_packet" file="tests\test_bug_investigation_dispatcher.py" line="592" time="0.006" /><testcase classname="tests.test_bug_investigation_dispatcher.TestBugInvestigationPatchPacketWriteBack" name="test_attaches_candidate_packet_from_attached_child_output" file="tests\test_bug_investigation_dispatcher.py" line="618" time="0.014" /><testcase classname="tests.test_bug_investigation_dispatcher.TestBugInvestigationPatchPacketWriteBack" name="test_attaches_live_parent_child_candidate_packet_string" file="tests\test_bug_investigation_dispatcher.py" line="650" time="0.013" /><testcase classname="tests.test_bug_investigation_dispatcher.TestBugInvestigationPatchPacketWriteBack" name="test_attaches_live_child_candidate_packet_string" file="tests\test_bug_investigation_dispatcher.py" line="689" time="0.016" /><testcase classname="tests.test_bug_investigation_flow.TestEnqueueInvestigationRequest" name="test_returns_non_empty_request_id" file="tests\test_bug_investigation_flow.py" line="72" time="0.005" /><testcase classname="tests.test_bug_investigation_flow.TestEnqueueInvestigationRequest" name="test_creates_branch_tasks_json" file="tests\test_bug_investigation_flow.py" line="76" time="0.005" /><testcase classname="tests.test_bug_investigation_flow.TestEnqueueInvestigationRequest" name="test_task_has_correct_request_type" file="tests\test_bug_investigation_flow.py" line="81" time="0.013" /><testcase classname="tests.test_bug_investigation_flow.TestEnqueueInvestigationRequest" name="test_task_has_correct_branch_def_id" file="tests\test_bug_investigation_flow.py" line="88" time="0.014" /><testcase classname="tests.test_bug_investigation_flow.TestEnqueueInvestigationRequest" name="test_task_inputs_match_build_run_payload" file="tests\test_bug_investigation_flow.py" line="94" time="0.014" /><testcase classname="tests.test_bug_investigation_flow.TestEnqueueInvestigationRequest" name="test_task_trigger_source_is_owner_queued" file="tests\test_bug_investigation_flow.py" line="108" time="0.016" /><testcase classname="tests.test_bug_investigation_flow.TestEnqueueInvestigationRequest" name="test_task_universe_id_preserved" file="tests\test_bug_investigation_flow.py" line="114" time="0.013" /><testcase classname="tests.test_bug_investigation_flow.TestEnqueueInvestigationRequest" name="test_task_id_matches_returned_request_id" file="tests\test_bug_investigation_flow.py" line="120" time="0.014" /><testcase classname="tests.test_bug_investigation_flow.TestEnqueueInvestigationRequest" name="test_raises_value_error_when_branch_def_id_empty" file="tests\test_bug_investigation_flow.py" line="126" time="0.004" /><testcase classname="tests.test_bug_investigation_flow.TestEnqueueInvestigationRequest" name="test_raises_runtime_error_when_request_type_not_accepted" file="tests\test_bug_investigation_flow.py" line="137" time="0.005" /><testcase classname="tests.test_bug_investigation_flow.TestEnqueueInvestigationRequest" name="test_priority_weight_passed_through" file="tests\test_bug_investigation_flow.py" line="148" time="0.015" /><testcase classname="tests.test_bug_investigation_flow.TestEnqueueInvestigationRequest" name="test_missing_bug_ref_keys_default_to_empty_string" file="tests\test_bug_investigation_flow.py" line="162" time="0.014" /><testcase classname="tests.test_bug_investigation_flow.TestFormatInvestigationCommentPaths" name="test_run_id_path_uses_investigation_run_id_label" file="tests\test_bug_investigation_flow.py" line="185" time="0.001" /><testcase classname="tests.test_bug_investigation_flow.TestFormatInvestigationCommentPaths" name="test_request_id_path_uses_dispatcher_request_id_label" file="tests\test_bug_investigation_flow.py" line="191" time="0.001" /><testcase classname="tests.test_bug_investigation_flow.TestFormatInvestigationCommentPaths" name="test_request_id_path_does_not_include_run_id_label" file="tests\test_bug_investigation_flow.py" line="197" time="0.000" /><testcase classname="tests.test_bug_investigation_flow.TestFormatInvestigationCommentPaths" name="test_run_id_path_does_not_include_dispatcher_label" file="tests\test_bug_investigation_flow.py" line="203" time="0.001" /><testcase classname="tests.test_bug_investigation_flow.TestFormatInvestigationCommentPaths" name="test_status_appears_in_both_paths" file="tests\test_bug_investigation_flow.py" line="209" time="0.000" /><testcase classname="tests.test_bug_investigation_flow.TestAttachPatchPacketPipeline" name="test_first_attach_appends_to_page" file="tests\test_bug_investigation_flow.py" line="233" time="0.024" /><testcase classname="tests.test_bug_investigation_flow.TestAttachPatchPacketPipeline" name="test_second_attach_replaces_first" file="tests\test_bug_investigation_flow.py" line="241" time="0.025" /><testcase classname="tests.test_bug_investigation_flow.TestAttachPatchPacketPipeline" name="test_full_packet_all_sections_present" file="tests\test_bug_investigation_flow.py" line="251" time="0.007" /><testcase classname="tests.test_bug_investigation_flow.TestAttachPatchPacketPipeline" name="test_original_description_preserved_after_attach" file="tests\test_bug_investigation_flow.py" line="261" time="0.008" /><testcase classname="tests.test_bug_investigation_flow.TestAttachPatchPacketPipeline" name="test_patch_packet_size_bytes_matches_encoded_length" file="tests\test_bug_investigation_flow.py" line="268" time="0.007" /><testcase classname="tests.test_bug_investigation_wiring.TestEnvGate" name="test_returns_none_when_env_unset" file="tests\test_bug_investigation_wiring.py" line="22" time="0.005" /><testcase classname="tests.test_bug_investigation_wiring.TestEnvGate" name="test_returns_none_when_env_empty_string" file="tests\test_bug_investigation_wiring.py" line="32" time="0.004" /><testcase classname="tests.test_bug_investigation_wiring.TestEnvGate" name="test_returns_none_when_env_whitespace" file="tests\test_bug_investigation_wiring.py" line="42" time="0.004" /><testcase classname="tests.test_bug_investigation_wiring.TestEnqueuesWhenBound" name="test_enqueues_when_canonical_bound" file="tests\test_bug_investigation_wiring.py" line="57" time="0.014" /><testcase classname="tests.test_bug_investigation_wiring.TestEnqueuesWhenBound" name="test_passes_universe_id_through" file="tests\test_bug_investigation_wiring.py" line="84" time="0.016" /><testcase classname="tests.test_bug_investigation_wiring.TestEnqueuesWhenBound" name="test_frontmatter_bug_id_overridden_by_arg" file="tests\test_bug_investigation_wiring.py" line="98" time="0.014" /><testcase classname="tests.test_bug_investigation_wiring.TestGracefulFailure" name="test_returns_none_on_dispatcher_rejection" file="tests\test_bug_investigation_wiring.py" line="117" time="0.005" /><testcase classname="tests.test_bug_investigation_wiring.TestGracefulFailure" name="test_returns_none_on_missing_bug_id" file="tests\test_bug_investigation_wiring.py" line="134" time="0.004" /><testcase classname="tests.test_bug_investigation_wiring.TestGracefulFailure" name="test_returns_none_on_value_error_from_enqueue" file="tests\test_bug_investigation_wiring.py" line="148" time="0.004" /><testcase classname="tests.test_bug_investigation_wiring.TestGracefulFailure" name="test_none_frontmatter_does_not_crash" file="tests\test_bug_investigation_wiring.py" line="165" time="0.013" /><testcase classname="tests.test_bug_investigation_wiring" name="test_wiki_file_bug_never_invokes_retired_investigation_helpers" file="tests\test_bug_investigation_wiring.py" line="183" time="0.024" /><testcase classname="tests.test_bug_investigation_wiring" name="test_wiki_file_bug_preserves_historical_receipt_without_writing" file="tests\test_bug_investigation_wiring.py" line="235" time="0.025" /><testcase classname="tests.test_build_branch_nested_graph_shape" name="test_nested_graph_shape_accepted_by_build_branch" file="tests\test_build_branch_nested_graph_shape.py" line="96" time="0.110"><failure message="AssertionError: {'error': 'Authenticated branch subject required.'}&#10;assert None == 'built'&#10; +  where None = &lt;built-in method get of dict object at 0x0000018D9C36CF40&gt;('status')&#10; +    where &lt;built-in method get of dict object at 0x0000018D9C36CF40&gt; = {'error': 'Authenticated branch subject required.'}.get">ext_env = &lt;module 'tinyassets.universe_server' from 'C:\\Users\\Jonathan\\Projects\\wf-required-test-gate\\tinyassets\\universe_server.py'&gt;

    def test_nested_graph_shape_accepted_by_build_branch(ext_env):
        """The canonical PR-037 failure shape now builds cleanly."""
        us = ext_env
        spec = _two_node_spec_nested_graph()
        res = _call(us, action="build_branch", spec_json=json.dumps(spec))
&gt;       assert res.get("status") == "built", res
E       AssertionError: {'error': 'Authenticated branch subject required.'}
E       assert None == 'built'
E        +  where None = &lt;built-in method get of dict object at 0x0000018D9C36CF40&gt;('status')
E        +    where &lt;built-in method get of dict object at 0x0000018D9C36CF40&gt; = {'error': 'Authenticated branch subject required.'}.get

tests\test_build_branch_nested_graph_shape.py:102: AssertionError</failure></testcase><testcase classname="tests.test_build_branch_nested_graph_shape" name="test_top_level_keys_still_win_when_both_present" file="tests\test_build_branch_nested_graph_shape.py" line="108" time="0.107"><failure message="AssertionError: {'error': 'Authenticated branch subject required.'}&#10;assert None == 'built'&#10; +  where None = &lt;built-in method get of dict object at 0x0000018D9C54A680&gt;('status')&#10; +    where &lt;built-in method get of dict object at 0x0000018D9C54A680&gt; = {'error': 'Authenticated branch subject required.'}.get">ext_env = &lt;module 'tinyassets.universe_server' from 'C:\\Users\\Jonathan\\Projects\\wf-required-test-gate\\tinyassets\\universe_server.py'&gt;

    def test_top_level_keys_still_win_when_both_present(ext_env):
        """If a spec has BOTH top-level edges AND graph.edges, top-level wins.
    
        This mirrors `BranchDefinition.from_dict`'s precedence and keeps the
        legacy / canonical write path stable.
        """
        us = ext_env
        spec = _two_node_spec_nested_graph()
        # Override at top level. The graph.edges values should be ignored
        # because top-level takes precedence.
        spec["edges"] = [
            {"from": "classify", "to": "end_marker"},
            {"from": "end_marker", "to": "END"},
        ]
        spec["entry_point"] = "classify"
        res = _call(us, action="build_branch", spec_json=json.dumps(spec))
&gt;       assert res.get("status") == "built", res
E       AssertionError: {'error': 'Authenticated branch subject required.'}
E       assert None == 'built'
E        +  where None = &lt;built-in method get of dict object at 0x0000018D9C54A680&gt;('status')
E        +    where &lt;built-in method get of dict object at 0x0000018D9C54A680&gt; = {'error': 'Authenticated branch subject required.'}.get

tests\test_build_branch_nested_graph_shape.py:125: AssertionError</failure></testcase><testcase classname="tests.test_build_branch_nested_graph_shape" name="test_nested_graph_entry_point_used_when_top_level_missing" file="tests\test_build_branch_nested_graph_shape.py" line="128" time="0.109"><failure message="AssertionError: {'error': 'Authenticated branch subject required.'}&#10;assert None == 'built'&#10; +  where None = &lt;built-in method get of dict object at 0x0000018D9C610840&gt;('status')&#10; +    where &lt;built-in method get of dict object at 0x0000018D9C610840&gt; = {'error': 'Authenticated branch subject required.'}.get">ext_env = &lt;module 'tinyassets.universe_server' from 'C:\\Users\\Jonathan\\Projects\\wf-required-test-gate\\tinyassets\\universe_server.py'&gt;

    def test_nested_graph_entry_point_used_when_top_level_missing(ext_env):
        """`graph.entry_point` should be used when no top-level entry_point."""
        us = ext_env
        spec = _two_node_spec_nested_graph()
        # The fixture spec has no top-level entry_point — only graph.entry_point.
        assert "entry_point" not in {k for k in spec if k != "graph"}
        res = _call(us, action="build_branch", spec_json=json.dumps(spec))
&gt;       assert res.get("status") == "built", res
E       AssertionError: {'error': 'Authenticated branch subject required.'}
E       assert None == 'built'
E        +  where None = &lt;built-in method get of dict object at 0x0000018D9C610840&gt;('status')
E        +    where &lt;built-in method get of dict object at 0x0000018D9C610840&gt; = {'error': 'Authenticated branch subject required.'}.get

tests\test_build_branch_nested_graph_shape.py:136: AssertionError</failure></testcase><testcase classname="tests.test_build_branch_nested_graph_shape" name="test_nested_graph_conditional_edges_read" file="tests\test_build_branch_nested_graph_shape.py" line="139" time="0.114"><failure message="AssertionError: {'error': 'Authenticated branch subject required.'}&#10;assert None == 'built'&#10; +  where None = &lt;built-in method get of dict object at 0x0000018D9C819680&gt;('status')&#10; +    where &lt;built-in method get of dict object at 0x0000018D9C819680&gt; = {'error': 'Authenticated branch subject required.'}.get">ext_env = &lt;module 'tinyassets.universe_server' from 'C:\\Users\\Jonathan\\Projects\\wf-required-test-gate\\tinyassets\\universe_server.py'&gt;

    def test_nested_graph_conditional_edges_read(ext_env):
        """conditional_edges inside `graph` should also flow through."""
        us = ext_env
        spec = _two_node_spec_nested_graph()
        spec["graph"]["edges"] = [{"from": "end_marker", "to": "END"}]
        spec["graph"]["conditional_edges"] = [
            {
                "from": "classify",
                "conditions": {"done": "end_marker"},
            },
        ]
        res = _call(us, action="build_branch", spec_json=json.dumps(spec))
&gt;       assert res.get("status") == "built", res
E       AssertionError: {'error': 'Authenticated branch subject required.'}
E       assert None == 'built'
E        +  where None = &lt;built-in method get of dict object at 0x0000018D9C819680&gt;('status')
E        +    where &lt;built-in method get of dict object at 0x0000018D9C819680&gt; = {'error': 'Authenticated branch subject required.'}.get

tests\test_build_branch_nested_graph_shape.py:152: AssertionError</failure></testcase><testcase classname="tests.test_build_branch_nested_graph_shape" name="test_round_trip_get_branch_then_build_branch_works" file="tests\test_build_branch_nested_graph_shape.py" line="156" time="0.112"><failure message="AssertionError: {'error': 'Authenticated branch subject required.'}&#10;assert None == 'built'&#10; +  where None = &lt;built-in method get of dict object at 0x0000018D9C9D7840&gt;('status')&#10; +    where &lt;built-in method get of dict object at 0x0000018D9C9D7840&gt; = {'error': 'Authenticated branch subject required.'}.get">ext_env = &lt;module 'tinyassets.universe_server' from 'C:\\Users\\Jonathan\\Projects\\wf-required-test-gate\\tinyassets\\universe_server.py'&gt;

    def test_round_trip_get_branch_then_build_branch_works(ext_env):
        """A user can fork a built branch by re-submitting its `get_branch` shape.
    
        End-to-end:
        1. Build a branch
        2. Call get_branch on it -&gt; read the response (nested graph shape)
        3. Submit that response as a new build_branch spec (with renamed `name`)
        4. The new branch builds cleanly and matches the source structurally
        """
        us = ext_env
        spec_a = _two_node_spec_nested_graph()
        res_a = _call(us, action="build_branch", spec_json=json.dumps(spec_a))
&gt;       assert res_a.get("status") == "built", res_a
E       AssertionError: {'error': 'Authenticated branch subject required.'}
E       assert None == 'built'
E        +  where None = &lt;built-in method get of dict object at 0x0000018D9C9D7840&gt;('status')
E        +    where &lt;built-in method get of dict object at 0x0000018D9C9D7840&gt; = {'error': 'Authenticated branch subject required.'}.get

tests\test_build_branch_nested_graph_shape.py:169: AssertionError</failure></testcase><testcase classname="tests.test_build_branch_summary_response.TestBuildBranchSummaryDefault" name="test_default_has_summary_fields" file="tests\test_build_branch_summary_response.py" line="134" time="0.001"><failure message="KeyError: 'status'">self = &lt;tests.test_build_branch_summary_response.TestBuildBranchSummaryDefault object at 0x0000018D805EDA90&gt;

    def test_default_has_summary_fields(self):
        result = _call_build(self._spec())
&gt;       assert result["status"] == "built"
               ^^^^^^^^^^^^^^^^
E       KeyError: 'status'

tests\test_build_branch_summary_response.py:137: KeyError</failure></testcase><testcase classname="tests.test_build_branch_summary_response.TestBuildBranchSummaryDefault" name="test_default_excludes_branch_field" file="tests\test_build_branch_summary_response.py" line="144" time="0.001" /><testcase classname="tests.test_build_branch_summary_response.TestBuildBranchSummaryDefault" name="test_default_response_under_5kb" file="tests\test_build_branch_summary_response.py" line="148" time="0.001" /><testcase classname="tests.test_build_branch_summary_response.TestBuildBranchSummaryDefault" name="test_verbose_true_includes_branch" file="tests\test_build_branch_summary_response.py" line="153" time="0.001"><failure message="KeyError: 'status'">self = &lt;tests.test_build_branch_summary_response.TestBuildBranchSummaryDefault object at 0x0000018D80448640&gt;

    def test_verbose_true_includes_branch(self):
        result = _call_build(self._spec(), verbose=True)
&gt;       assert result["status"] == "built"
               ^^^^^^^^^^^^^^^^
E       KeyError: 'status'

tests\test_build_branch_summary_response.py:156: KeyError</failure></testcase><testcase classname="tests.test_build_branch_summary_response.TestBuildBranchSummaryDefault" name="test_verbose_false_same_as_default" file="tests\test_build_branch_summary_response.py" line="159" time="0.001" /><testcase classname="tests.test_build_branch_summary_response.TestBuildBranchSummaryDefault" name="test_verbose_string_true_includes_branch" file="tests\test_build_branch_summary_response.py" line="163" time="0.001"><failure message="AssertionError: assert 'branch' in {'error': 'Authenticated branch subject required.'}">self = &lt;tests.test_build_branch_summary_response.TestBuildBranchSummaryDefault object at 0x0000018D805F2AD0&gt;

    def test_verbose_string_true_includes_branch(self):
        from tinyassets.api.branches import _ext_branch_build
        spec = self._spec()
        saved = _make_branch_dict(name=spec["name"])
        save_mock = MagicMock(return_value=saved)
        with (
            patch("tinyassets.daemon_server.save_branch_definition", save_mock),
            patch("tinyassets.api.helpers._base_path", return_value="/fake"),
            patch("tinyassets.branches.BranchDefinition.validate", return_value=[]),
        ):
            result = json.loads(_ext_branch_build(
                {"spec_json": json.dumps(spec), "verbose": "true"}
            ))
&gt;       assert "branch" in result
E       AssertionError: assert 'branch' in {'error': 'Authenticated branch subject required.'}

tests\test_build_branch_summary_response.py:177: AssertionError</failure></testcase><testcase classname="tests.test_build_branch_summary_response.TestBuildBranchSummaryDefault" name="test_summary_has_text_field" file="tests\test_build_branch_summary_response.py" line="178" time="0.001"><failure message="AssertionError: assert 'text' in {'error': 'Authenticated branch subject required.'}">self = &lt;tests.test_build_branch_summary_response.TestBuildBranchSummaryDefault object at 0x0000018D805F2580&gt;

    def test_summary_has_text_field(self):
        result = _call_build(self._spec())
&gt;       assert "text" in result
E       AssertionError: assert 'text' in {'error': 'Authenticated branch subject required.'}

tests\test_build_branch_summary_response.py:181: AssertionError</failure></testcase><testcase classname="tests.test_build_branch_summary_response.TestBuildBranchSummaryDefault" name="test_validation_summary_is_ok_on_success" file="tests\test_build_branch_summary_response.py" line="183" time="0.001"><failure message="KeyError: 'validation_summary'">self = &lt;tests.test_build_branch_summary_response.TestBuildBranchSummaryDefault object at 0x0000018D806B7850&gt;

    def test_validation_summary_is_ok_on_success(self):
        result = _call_build(self._spec())
&gt;       assert result["validation_summary"] == "ok"
               ^^^^^^^^^^^^^^^^^^^^^^^^^^^^
E       KeyError: 'validation_summary'

tests\test_build_branch_summary_response.py:186: KeyError</failure></testcase><testcase classname="tests.test_build_branch_summary_response.TestPatchBranchSummaryDefault" name="test_default_excludes_branch_field" file="tests\test_build_branch_summary_response.py" line="196" time="0.001"><failure message="KeyError: 'status'">self = &lt;tests.test_build_branch_summary_response.TestPatchBranchSummaryDefault object at 0x0000018D805EDBD0&gt;

    def test_default_excludes_branch_field(self):
        before, after = self._before_after()
        result = _call_patch(before, after, [{"op": "set_name", "name": "New Name"}])
&gt;       assert result["status"] == "patched"
               ^^^^^^^^^^^^^^^^
E       KeyError: 'status'

tests\test_build_branch_summary_response.py:200: KeyError</failure></testcase><testcase classname="tests.test_build_branch_summary_response.TestPatchBranchSummaryDefault" name="test_default_includes_patched_fields" file="tests\test_build_branch_summary_response.py" line="202" time="0.002"><failure message="assert 'patched_fields' in {'error': &quot;Branch 'b1' not found.&quot;}">self = &lt;tests.test_build_branch_summary_response.TestPatchBranchSummaryDefault object at 0x0000018D805EDD10&gt;

    def test_default_includes_patched_fields(self):
        before, after = self._before_after()
        result = _call_patch(before, after, [{"op": "set_name", "name": "New Name"}])
&gt;       assert "patched_fields" in result
E       assert 'patched_fields' in {'error': "Branch 'b1' not found."}

tests\test_build_branch_summary_response.py:206: AssertionError</failure></testcase><testcase classname="tests.test_build_branch_summary_response.TestPatchBranchSummaryDefault" name="test_default_includes_post_patch" file="tests\test_build_branch_summary_response.py" line="208" time="0.002"><failure message="assert 'post_patch' in {'error': &quot;Branch 'b1' not found.&quot;}">self = &lt;tests.test_build_branch_summary_response.TestPatchBranchSummaryDefault object at 0x0000018D804482B0&gt;

    def test_default_includes_post_patch(self):
        """BUG-030 invariant: post_patch always present in SUMMARY mode."""
        before, after = self._before_after()
        result = _call_patch(before, after, [{"op": "set_name", "name": "New Name"}])
&gt;       assert "post_patch" in result
E       assert 'post_patch' in {'error': "Branch 'b1' not found."}

tests\test_build_branch_summary_response.py:213: AssertionError</failure></testcase><testcase classname="tests.test_build_branch_summary_response.TestPatchBranchSummaryDefault" name="test_default_response_under_5kb" file="tests\test_build_branch_summary_response.py" line="220" time="0.001" /><testcase classname="tests.test_build_branch_summary_response.TestPatchBranchSummaryDefault" name="test_verbose_true_includes_branch" file="tests\test_build_branch_summary_response.py" line="229" time="0.001"><failure message="KeyError: 'status'">self = &lt;tests.test_build_branch_summary_response.TestPatchBranchSummaryDefault object at 0x0000018D8025A8D0&gt;

    def test_verbose_true_includes_branch(self):
        before, after = self._before_after()
        result = _call_patch(
            before, after,
            [{"op": "set_name", "name": "New Name"}],
            verbose=True,
        )
&gt;       assert result["status"] == "patched"
               ^^^^^^^^^^^^^^^^
E       KeyError: 'status'

tests\test_build_branch_summary_response.py:237: KeyError</failure></testcase><testcase classname="tests.test_build_branch_summary_response.TestPatchBranchSummaryDefault" name="test_verbose_false_excludes_branch" file="tests\test_build_branch_summary_response.py" line="240" time="0.001" /><testcase classname="tests.test_build_branch_summary_response.TestPatchBranchSummaryDefault" name="test_bug030_post_patch_branch_def_id_always_present" file="tests\test_build_branch_summary_response.py" line="249" time="0.001"><failure message="KeyError: 'post_patch'">self = &lt;tests.test_build_branch_summary_response.TestPatchBranchSummaryDefault object at 0x0000018D805F27A0&gt;

    def test_bug030_post_patch_branch_def_id_always_present(self):
        """post_patch.branch_def_id is always present (BUG-030 core invariant)."""
        before = _make_branch_dict(branch_def_id="b_target")
        after = dict(before, name="Renamed", updated_at="2026-01-02T00:00:00")
        result = _call_patch(before, after, [{"op": "set_name", "name": "Renamed"}])
&gt;       assert result["post_patch"]["branch_def_id"] == "b_target"
               ^^^^^^^^^^^^^^^^^^^^
E       KeyError: 'post_patch'

tests\test_build_branch_summary_response.py:255: KeyError</failure></testcase><testcase classname="tests.test_build_branch_summary_response.TestPatchBranchSummaryDefault" name="test_noop_patch_patched_fields_empty" file="tests\test_build_branch_summary_response.py" line="256" time="0.002"><failure message="KeyError: 'patched_fields'">self = &lt;tests.test_build_branch_summary_response.TestPatchBranchSummaryDefault object at 0x0000018D80534250&gt;

    def test_noop_patch_patched_fields_empty(self):
        before = _make_branch_dict(name="Same")
        after = dict(before, updated_at="2026-01-02T00:00:00")
        result = _call_patch(before, after, [{"op": "set_name", "name": "Same"}])
&gt;       assert result["patched_fields"] == []
               ^^^^^^^^^^^^^^^^^^^^^^^^
E       KeyError: 'patched_fields'

tests\test_build_branch_summary_response.py:261: KeyError</failure></testcase><testcase classname="tests.test_build_branch_summary_response.TestAddNodeSummaryDefault" name="test_default_includes_branch_def_id_and_node_id" file="tests\test_build_branch_summary_response.py" line="297" time="0.002"><failure message="KeyError: 'status'">self = &lt;tests.test_build_branch_summary_response.TestAddNodeSummaryDefault object at 0x0000018D805EDE50&gt;

    def test_default_includes_branch_def_id_and_node_id(self):
        result = _call_add_node(self._branch(), {"node_id": "n_new", "display_name": "new"})
&gt;       assert result["status"] == "added"
               ^^^^^^^^^^^^^^^^
E       KeyError: 'status'

tests\test_build_branch_summary_response.py:300: KeyError</failure></testcase><testcase classname="tests.test_build_branch_summary_response.TestAddNodeSummaryDefault" name="test_default_excludes_node_def" file="tests\test_build_branch_summary_response.py" line="303" time="0.002" /><testcase classname="tests.test_build_branch_summary_response.TestAddNodeSummaryDefault" name="test_verbose_true_includes_node_def" file="tests\test_build_branch_summary_response.py" line="307" time="0.002"><failure message="KeyError: 'status'">self = &lt;tests.test_build_branch_summary_response.TestAddNodeSummaryDefault object at 0x0000018D80448B00&gt;

    def test_verbose_true_includes_node_def(self):
        result = _call_add_node(
            self._branch(),
            {"node_id": "n_new", "display_name": "new"},
            verbose=True,
        )
&gt;       assert result["status"] == "added"
               ^^^^^^^^^^^^^^^^
E       KeyError: 'status'

tests\test_build_branch_summary_response.py:314: KeyError</failure></testcase><testcase classname="tests.test_build_branch_summary_response.TestAddNodeSummaryDefault" name="test_default_response_under_500_bytes" file="tests\test_build_branch_summary_response.py" line="316" time="0.002" /><testcase classname="tests.test_build_branch_summary_response.TestConnectNodesSummaryDefault" name="test_default_shape" file="tests\test_build_branch_summary_response.py" line="351" time="0.002"><failure message="KeyError: 'status'">self = &lt;tests.test_build_branch_summary_response.TestConnectNodesSummaryDefault object at 0x0000018D805EE0D0&gt;

    def test_default_shape(self):
        branch = _make_branch_dict(branch_def_id="b_conn")
        result = _call_connect_nodes(branch, "n1", "n2")
&gt;       assert result["status"] == "connected"
               ^^^^^^^^^^^^^^^^
E       KeyError: 'status'

tests\test_build_branch_summary_response.py:355: KeyError</failure></testcase><testcase classname="tests.test_build_branch_summary_response.TestConnectNodesSummaryDefault" name="test_verbose_includes_edge_count" file="tests\test_build_branch_summary_response.py" line="360" time="0.002"><failure message="assert 'edge_count' in {'error': &quot;Branch 'b_conn' not found.&quot;}">self = &lt;tests.test_build_branch_summary_response.TestConnectNodesSummaryDefault object at 0x0000018D805EE210&gt;

    def test_verbose_includes_edge_count(self):
        branch = _make_branch_dict(branch_def_id="b_conn")
        result = _call_connect_nodes(branch, "n1", "n2", verbose=True)
&gt;       assert "edge_count" in result
E       assert 'edge_count' in {'error': "Branch 'b_conn' not found."}

tests\test_build_branch_summary_response.py:364: AssertionError</failure></testcase><testcase classname="tests.test_build_branch_summary_response.TestConnectNodesSummaryDefault" name="test_default_under_300_bytes" file="tests\test_build_branch_summary_response.py" line="365" time="0.001" /><testcase classname="tests.test_build_branch_summary_response.TestSetEntryPointSummaryDefault" name="test_default_shape" file="tests\test_build_branch_summary_response.py" line="396" time="0.001"><failure message="KeyError: 'status'">self = &lt;tests.test_build_branch_summary_response.TestSetEntryPointSummaryDefault object at 0x0000018D805EE350&gt;

    def test_default_shape(self):
        branch = _make_branch_dict(branch_def_id="b_ep")
        result = _call_set_entry_point(branch, "n_start")
&gt;       assert result["status"] == "set"
               ^^^^^^^^^^^^^^^^
E       KeyError: 'status'

tests\test_build_branch_summary_response.py:400: KeyError</failure></testcase><testcase classname="tests.test_build_branch_summary_response.TestSetEntryPointSummaryDefault" name="test_verbose_includes_node_count" file="tests\test_build_branch_summary_response.py" line="404" time="0.001"><failure message="assert 'node_count' in {'error': &quot;Branch 'b_ep' not found.&quot;}">self = &lt;tests.test_build_branch_summary_response.TestSetEntryPointSummaryDefault object at 0x0000018D805EE490&gt;

    def test_verbose_includes_node_count(self):
        branch = _make_branch_dict(branch_def_id="b_ep")
        result = _call_set_entry_point(branch, "n_start", verbose=True)
&gt;       assert "node_count" in result
E       assert 'node_count' in {'error': "Branch 'b_ep' not found."}

tests\test_build_branch_summary_response.py:408: AssertionError</failure></testcase><testcase classname="tests.test_build_branch_summary_response.TestSetEntryPointSummaryDefault" name="test_default_under_200_bytes" file="tests\test_build_branch_summary_response.py" line="409" time="0.001" /><testcase classname="tests.test_build_branch_summary_response.TestAddStateFieldSummaryDefault" name="test_default_shape" file="tests\test_build_branch_summary_response.py" line="444" time="0.001"><failure message="KeyError: 'status'">self = &lt;tests.test_build_branch_summary_response.TestAddStateFieldSummaryDefault object at 0x0000018D805EE5D0&gt;

    def test_default_shape(self):
        branch = _make_branch_dict(branch_def_id="b_sf")
        result = _call_add_state_field(branch, "my_field")
&gt;       assert result["status"] == "added"
               ^^^^^^^^^^^^^^^^
E       KeyError: 'status'

tests\test_build_branch_summary_response.py:448: KeyError</failure></testcase><testcase classname="tests.test_build_branch_summary_response.TestAddStateFieldSummaryDefault" name="test_verbose_includes_field_count" file="tests\test_build_branch_summary_response.py" line="452" time="0.002"><failure message="assert 'field_count' in {'error': &quot;Branch 'b_sf' not found.&quot;}">self = &lt;tests.test_build_branch_summary_response.TestAddStateFieldSummaryDefault object at 0x0000018D805EE710&gt;

    def test_verbose_includes_field_count(self):
        branch = _make_branch_dict(branch_def_id="b_sf")
        result = _call_add_state_field(branch, "my_field", verbose=True)
&gt;       assert "field_count" in result
E       assert 'field_count' in {'error': "Branch 'b_sf' not found."}

tests\test_build_branch_summary_response.py:456: AssertionError</failure></testcase><testcase classname="tests.test_build_branch_summary_response.TestAddStateFieldSummaryDefault" name="test_default_under_200_bytes" file="tests\test_build_branch_summary_response.py" line="457" time="0.001" /><testcase classname="tests.test_build_image_workflow" name="test_build_image_push_is_limited_to_runtime_paths" file="tests\test_build_image_workflow.py" line="48" time="0.003" /><testcase classname="tests.test_build_image_workflow" name="test_build_image_keeps_manual_dispatch" file="tests\test_build_image_workflow.py" line="76" time="0.003" /><testcase classname="tests.test_build_image_workflow" name="test_recovery_retag_is_isolated_from_deploy_trigger" file="tests\test_build_image_workflow.py" line="81" time="0.005" /><testcase classname="tests.test_build_image_workflow" name="test_manual_retag_is_digest_and_revision_bound" file="tests\test_build_image_workflow.py" line="90" time="0.003" /><testcase classname="tests.test_build_image_workflow" name="test_manual_retag_skips_image_rebuild" file="tests\test_build_image_workflow.py" line="111" time="0.001" /><testcase classname="tests.test_build_image_workflow" name="test_build_image_publishes_only_short_sha_tag" file="tests\test_build_image_workflow.py" line="120" time="0.001" /><testcase classname="tests.test_canary_scripts_import_smoke" name="test_canary_module_importable[uptime_canary]" file="tests\test_canary_scripts_import_smoke.py" line="61" time="0.001" /><testcase classname="tests.test_canary_scripts_import_smoke" name="test_canary_module_importable[mcp_public_canary]" file="tests\test_canary_scripts_import_smoke.py" line="61" time="0.001" /><testcase classname="tests.test_canary_scripts_import_smoke" name="test_canary_module_importable[mcp_tool_canary]" file="tests\test_canary_scripts_import_smoke.py" line="61" time="0.001" /><testcase classname="tests.test_canary_scripts_import_smoke" name="test_canary_module_importable[last_activity_canary]" file="tests\test_canary_scripts_import_smoke.py" line="61" time="0.001" /><testcase classname="tests.test_canary_scripts_import_smoke" name="test_canary_module_importable[revert_loop_canary]" file="tests\test_canary_scripts_import_smoke.py" line="61" time="0.001" /><testcase classname="tests.test_canary_scripts_import_smoke" name="test_canary_module_importable[wiki_canary]" file="tests\test_canary_scripts_import_smoke.py" line="61" time="0.001" /><testcase classname="tests.test_canary_scripts_import_smoke" name="test_canary_module_exposes_main_callable[uptime_canary]" file="tests\test_canary_scripts_import_smoke.py" line="67" time="0.001" /><testcase classname="tests.test_canary_scripts_import_smoke" name="test_canary_module_exposes_main_callable[mcp_public_canary]" file="tests\test_canary_scripts_import_smoke.py" line="67" time="0.001" /><testcase classname="tests.test_canary_scripts_import_smoke" name="test_canary_module_exposes_main_callable[mcp_tool_canary]" file="tests\test_canary_scripts_import_smoke.py" line="67" time="0.001" /><testcase classname="tests.test_canary_scripts_import_smoke" name="test_canary_module_exposes_main_callable[last_activity_canary]" file="tests\test_canary_scripts_import_smoke.py" line="67" time="0.001" /><testcase classname="tests.test_canary_scripts_import_smoke" name="test_canary_module_exposes_main_callable[revert_loop_canary]" file="tests\test_canary_scripts_import_smoke.py" line="67" time="0.001" /><testcase classname="tests.test_canary_scripts_import_smoke" name="test_canary_module_exposes_main_callable[wiki_canary]" file="tests\test_canary_scripts_import_smoke.py" line="67" time="0.001" /><testcase classname="tests.test_canary_scripts_import_smoke" name="test_canary_module_has_default_url[uptime_canary]" file="tests\test_canary_scripts_import_smoke.py" line="76" time="0.001" /><testcase classname="tests.test_canary_scripts_import_smoke" name="test_canary_module_has_default_url[mcp_public_canary]" file="tests\test_canary_scripts_import_smoke.py" line="76" time="0.000" /><testcase classname="tests.test_canary_scripts_import_smoke" name="test_canary_module_has_default_url[mcp_tool_canary]" file="tests\test_canary_scripts_import_smoke.py" line="76" time="0.000" /><testcase classname="tests.test_canary_scripts_import_smoke" name="test_canary_module_has_default_url[last_activity_canary]" file="tests\test_canary_scripts_import_smoke.py" line="76" time="0.001" /><testcase classname="tests.test_canary_scripts_import_smoke" name="test_canary_module_has_default_url[revert_loop_canary]" file="tests\test_canary_scripts_import_smoke.py" line="76" time="0.001" /><testcase classname="tests.test_canary_scripts_import_smoke" name="test_canary_module_has_default_url[wiki_canary]" file="tests\test_canary_scripts_import_smoke.py" line="76" time="0.001" /><testcase classname="tests.test_canary_scripts_import_smoke" name="test_non_canary_script_default_url_matches_canonical[navigator_wiki_sweep]" file="tests\test_canary_scripts_import_smoke.py" line="90" time="0.007" /><testcase classname="tests.test_canary_scripts_import_smoke" name="test_non_canary_script_default_url_matches_canonical[mcp_probe]" file="tests\test_canary_scripts_import_smoke.py" line="90" time="0.001" /><testcase classname="tests.test_canary_scripts_import_smoke" name="test_non_canary_script_default_url_matches_canonical[verify_llm_binding]" file="tests\test_canary_scripts_import_smoke.py" line="90" time="0.001" /><testcase classname="tests.test_canary_scripts_import_smoke" name="test_log_helpers_single_definition" file="tests\test_canary_scripts_import_smoke.py" line="118" time="0.001" /><testcase classname="tests.test_canary_scripts_import_smoke" name="test_tool_canary_helpers_reused_by_wiki_canary" file="tests\test_canary_scripts_import_smoke.py" line="161" time="0.001" /><testcase classname="tests.test_canary_scripts_import_smoke" name="test_extract_tool_text_single_definition" file="tests\test_canary_scripts_import_smoke.py" line="200" time="0.001" /><testcase classname="tests.test_canary_scripts_import_smoke" name="test_initialized_notif_single_definition" file="tests\test_canary_scripts_import_smoke.py" line="214" time="0.000" /><testcase classname="tests.test_canary_scripts_import_smoke" name="test_post_underlying_function_is_common" file="tests\test_canary_scripts_import_smoke.py" line="228" time="0.000" /><testcase classname="tests.test_canary_scripts_import_smoke" name="test_init_payload_builder_single_definition" file="tests\test_canary_scripts_import_smoke.py" line="250" time="0.001" /><testcase classname="tests.test_canary_scripts_import_smoke.TestCanaryExceptionShape" name="test_class_is_exception_subclass[last_activity_canary-LastActivityError]" file="tests\test_canary_scripts_import_smoke.py" line="306" time="0.001" /><testcase classname="tests.test_canary_scripts_import_smoke.TestCanaryExceptionShape" name="test_class_is_exception_subclass[mcp_public_canary-CanaryError]" file="tests\test_canary_scripts_import_smoke.py" line="306" time="0.001" /><testcase classname="tests.test_canary_scripts_import_smoke.TestCanaryExceptionShape" name="test_class_is_exception_subclass[mcp_tool_canary-ToolCanaryError]" file="tests\test_canary_scripts_import_smoke.py" line="306" time="0.001" /><testcase classname="tests.test_canary_scripts_import_smoke.TestCanaryExceptionShape" name="test_class_is_exception_subclass[revert_loop_canary-RevertLoopError]" file="tests\test_canary_scripts_import_smoke.py" line="306" time="0.001" /><testcase classname="tests.test_canary_scripts_import_smoke.TestCanaryExceptionShape" name="test_instance_has_code_and_msg_attrs[last_activity_canary-LastActivityError]" file="tests\test_canary_scripts_import_smoke.py" line="318" time="0.001" /><testcase classname="tests.test_canary_scripts_import_smoke.TestCanaryExceptionShape" name="test_instance_has_code_and_msg_attrs[mcp_public_canary-CanaryError]" file="tests\test_canary_scripts_import_smoke.py" line="318" time="0.001" /><testcase classname="tests.test_canary_scripts_import_smoke.TestCanaryExceptionShape" name="test_instance_has_code_and_msg_attrs[mcp_tool_canary-ToolCanaryError]" file="tests\test_canary_scripts_import_smoke.py" line="318" time="0.001" /><testcase classname="tests.test_canary_scripts_import_smoke.TestCanaryExceptionShape" name="test_instance_has_code_and_msg_attrs[revert_loop_canary-RevertLoopError]" file="tests\test_canary_scripts_import_smoke.py" line="318" time="0.001" /><testcase classname="tests.test_canary_scripts_import_smoke.TestCanaryExceptionShape" name="test_instance_carries_msg_in_str[last_activity_canary-LastActivityError]" file="tests\test_canary_scripts_import_smoke.py" line="340" time="0.001" /><testcase classname="tests.test_canary_scripts_import_smoke.TestCanaryExceptionShape" name="test_instance_carries_msg_in_str[mcp_public_canary-CanaryError]" file="tests\test_canary_scripts_import_smoke.py" line="340" time="0.001" /><testcase classname="tests.test_canary_scripts_import_smoke.TestCanaryExceptionShape" name="test_instance_carries_msg_in_str[mcp_tool_canary-ToolCanaryError]" file="tests\test_canary_scripts_import_smoke.py" line="340" time="0.001" /><testcase classname="tests.test_canary_scripts_import_smoke.TestCanaryExceptionShape" name="test_instance_carries_msg_in_str[revert_loop_canary-RevertLoopError]" file="tests\test_canary_scripts_import_smoke.py" line="340" time="0.001" /><testcase classname="tests.test_canary_scripts_import_smoke" name="test_wiki_canary_reuses_tool_canary_error" file="tests\test_canary_scripts_import_smoke.py" line="355" time="0.000" /><testcase classname="tests.test_canary_scripts_import_smoke" name="test_uptime_canary_reuses_public_canary_error" file="tests\test_canary_scripts_import_smoke.py" line="373" time="0.001" /><testcase classname="tests.test_canon_containment_sites" name="test_orient_read_canon_context_skips_symlink" file="tests\test_canon_containment_sites.py" line="53" time="0.014"><skipped type="pytest.skip" message="symlink unsupported on this platform: [WinError 1314] A required privilege is not held by the client: 'C:\\Users\\Jonathan\\AppData\\Local\\Temp\\pytest-of-Jonathan\\pytest-7404\\test_orient_read_canon_context0\\SECRET.md' -&gt; 'C:\\Users\\Jonathan\\AppData\\Local\\Temp\\pytest-of-Jonathan\\pytest-7404\\test_orient_read_canon_context0\\canon\\real_topic_evil.md'">C:\Users\Jonathan\Projects\wf-required-test-gate\tests\test_canon_containment_sites.py:40: symlink unsupported on this platform: [WinError 1314] A required privilege is not held by the client: 'C:\\Users\\Jonathan\\AppData\\Local\\Temp\\pytest-of-Jonathan\\pytest-7404\\test_orient_read_canon_context0\\SECRET.md' -&gt; 'C:\\Users\\Jonathan\\AppData\\Local\\Temp\\pytest-of-Jonathan\\pytest-7404\\test_orient_read_canon_context0\\canon\\real_topic_evil.md'</skipped></testcase><testcase classname="tests.test_canon_containment_sites" name="test_writer_tools_render_canon_skips_symlink" file="tests\test_canon_containment_sites.py" line="68" time="0.007"><skipped type="pytest.skip" message="symlink unsupported on this platform: [WinError 1314] A required privilege is not held by the client: 'C:\\Users\\Jonathan\\AppData\\Local\\Temp\\pytest-of-Jonathan\\pytest-7404\\test_writer_tools_render_canon0\\SECRET.md' -&gt; 'C:\\Users\\Jonathan\\AppData\\Local\\Temp\\pytest-of-Jonathan\\pytest-7404\\test_writer_tools_render_canon0\\canon\\real_topic_evil.md'">C:\Users\Jonathan\Projects\wf-required-test-gate\tests\test_canon_containment_sites.py:40: symlink unsupported on this platform: [WinError 1314] A required privilege is not held by the client: 'C:\\Users\\Jonathan\\AppData\\Local\\Temp\\pytest-of-Jonathan\\pytest-7404\\test_writer_tools_render_canon0\\SECRET.md' -&gt; 'C:\\Users\\Jonathan\\AppData\\Local\\Temp\\pytest-of-Jonathan\\pytest-7404\\test_writer_tools_render_canon0\\canon\\real_topic_evil.md'</skipped></testcase><testcase classname="tests.test_canon_containment_sites" name="test_plan_constraint_synthesis_skips_symlink" file="tests\test_canon_containment_sites.py" line="83" time="0.007"><skipped type="pytest.skip" message="symlink unsupported on this platform: [WinError 1314] A required privilege is not held by the client: 'C:\\Users\\Jonathan\\AppData\\Local\\Temp\\pytest-of-Jonathan\\pytest-7404\\test_plan_constraint_synthesis0\\SECRET.md' -&gt; 'C:\\Users\\Jonathan\\AppData\\Local\\Temp\\pytest-of-Jonathan\\pytest-7404\\test_plan_constraint_synthesis0\\canon\\real_topic_evil.md'">C:\Users\Jonathan\Projects\wf-required-test-gate\tests\test_canon_containment_sites.py:40: symlink unsupported on this platform: [WinError 1314] A required privilege is not held by the client: 'C:\\Users\\Jonathan\\AppData\\Local\\Temp\\pytest-of-Jonathan\\pytest-7404\\test_plan_constraint_synthesis0\\SECRET.md' -&gt; 'C:\\Users\\Jonathan\\AppData\\Local\\Temp\\pytest-of-Jonathan\\pytest-7404\\test_plan_constraint_synthesis0\\canon\\real_topic_evil.md'</skipped></testcase><testcase classname="tests.test_canon_containment_sites" name="test_commit_read_canon_excerpts_skips_symlink" file="tests\test_canon_containment_sites.py" line="117" time="0.006"><skipped type="pytest.skip" message="symlink unsupported on this platform: [WinError 1314] A required privilege is not held by the client: 'C:\\Users\\Jonathan\\AppData\\Local\\Temp\\pytest-of-Jonathan\\pytest-7404\\test_commit_read_canon_excerpt0\\SECRET.md' -&gt; 'C:\\Users\\Jonathan\\AppData\\Local\\Temp\\pytest-of-Jonathan\\pytest-7404\\test_commit_read_canon_excerpt0\\canon\\real_topic_evil.md'">C:\Users\Jonathan\Projects\wf-required-test-gate\tests\test_canon_containment_sites.py:40: symlink unsupported on this platform: [WinError 1314] A required privilege is not held by the client: 'C:\\Users\\Jonathan\\AppData\\Local\\Temp\\pytest-of-Jonathan\\pytest-7404\\test_commit_read_canon_excerpt0\\SECRET.md' -&gt; 'C:\\Users\\Jonathan\\AppData\\Local\\Temp\\pytest-of-Jonathan\\pytest-7404\\test_commit_read_canon_excerpt0\\canon\\real_topic_evil.md'</skipped></testcase><testcase classname="tests.test_canon_containment_sites" name="test_reflect_collect_reviewable_skips_symlink" file="tests\test_canon_containment_sites.py" line="132" time="0.005"><skipped type="pytest.skip" message="symlink unsupported on this platform: [WinError 1314] A required privilege is not held by the client: 'C:\\Users\\Jonathan\\AppData\\Local\\Temp\\pytest-of-Jonathan\\pytest-7404\\test_reflect_collect_reviewabl0\\SECRET.md' -&gt; 'C:\\Users\\Jonathan\\AppData\\Local\\Temp\\pytest-of-Jonathan\\pytest-7404\\test_reflect_collect_reviewabl0\\canon\\real_topic_evil.md'">C:\Users\Jonathan\Projects\wf-required-test-gate\tests\test_canon_containment_sites.py:40: symlink unsupported on this platform: [WinError 1314] A required privilege is not held by the client: 'C:\\Users\\Jonathan\\AppData\\Local\\Temp\\pytest-of-Jonathan\\pytest-7404\\test_reflect_collect_reviewabl0\\SECRET.md' -&gt; 'C:\\Users\\Jonathan\\AppData\\Local\\Temp\\pytest-of-Jonathan\\pytest-7404\\test_reflect_collect_reviewabl0\\canon\\real_topic_evil.md'</skipped></testcase><testcase classname="tests.test_canon_containment_sites" name="test_reflect_rewrite_rejects_llm_traversal_filename" file="tests\test_canon_containment_sites.py" line="143" time="0.022" /><testcase classname="tests.test_canon_containment_sites" name="test_worldbuild_scan_existing_skips_symlink" file="tests\test_canon_containment_sites.py" line="187" time="0.006"><skipped type="pytest.skip" message="symlink unsupported on this platform: [WinError 1314] A required privilege is not held by the client: 'C:\\Users\\Jonathan\\AppData\\Local\\Temp\\pytest-of-Jonathan\\pytest-7404\\test_worldbuild_scan_existing_0\\SECRET.md' -&gt; 'C:\\Users\\Jonathan\\AppData\\Local\\Temp\\pytest-of-Jonathan\\pytest-7404\\test_worldbuild_scan_existing_0\\canon\\real_topic_evil.md'">C:\Users\Jonathan\Projects\wf-required-test-gate\tests\test_canon_containment_sites.py:40: symlink unsupported on this platform: [WinError 1314] A required privilege is not held by the client: 'C:\\Users\\Jonathan\\AppData\\Local\\Temp\\pytest-of-Jonathan\\pytest-7404\\test_worldbuild_scan_existing_0\\SECRET.md' -&gt; 'C:\\Users\\Jonathan\\AppData\\Local\\Temp\\pytest-of-Jonathan\\pytest-7404\\test_worldbuild_scan_existing_0\\canon\\real_topic_evil.md'</skipped></testcase><testcase classname="tests.test_canon_containment_sites" name="test_raptor_read_canon_paragraphs_skips_symlink" file="tests\test_canon_containment_sites.py" line="202" time="0.006"><skipped type="pytest.skip" message="symlink unsupported on this platform: [WinError 1314] A required privilege is not held by the client: 'C:\\Users\\Jonathan\\AppData\\Local\\Temp\\pytest-of-Jonathan\\pytest-7404\\test_raptor_read_canon_paragra0\\SECRET.md' -&gt; 'C:\\Users\\Jonathan\\AppData\\Local\\Temp\\pytest-of-Jonathan\\pytest-7404\\test_raptor_read_canon_paragra0\\canon\\real_topic_evil.md'">C:\Users\Jonathan\Projects\wf-required-test-gate\tests\test_canon_containment_sites.py:40: symlink unsupported on this platform: [WinError 1314] A required privilege is not held by the client: 'C:\\Users\\Jonathan\\AppData\\Local\\Temp\\pytest-of-Jonathan\\pytest-7404\\test_raptor_read_canon_paragra0\\SECRET.md' -&gt; 'C:\\Users\\Jonathan\\AppData\\Local\\Temp\\pytest-of-Jonathan\\pytest-7404\\test_raptor_read_canon_paragra0\\canon\\real_topic_evil.md'</skipped></testcase><testcase classname="tests.test_canon_containment_sites" name="test_memory_ingestion_find_files_skips_symlinked_subdir" file="tests\test_canon_containment_sites.py" line="217" time="0.006"><skipped type="pytest.skip" message="symlink unsupported on this platform: [WinError 1314] A required privilege is not held by the client: 'C:\\Users\\Jonathan\\AppData\\Local\\Temp\\pytest-of-Jonathan\\pytest-7404\\test_memory_ingestion_find_fil0\\outside' -&gt; 'C:\\Users\\Jonathan\\AppData\\Local\\Temp\\pytest-of-Jonathan\\pytest-7404\\test_memory_ingestion_find_fil0\\canon\\linkdir'">C:\Users\Jonathan\Projects\wf-required-test-gate\tests\test_canon_containment_sites.py:230: symlink unsupported on this platform: [WinError 1314] A required privilege is not held by the client: 'C:\\Users\\Jonathan\\AppData\\Local\\Temp\\pytest-of-Jonathan\\pytest-7404\\test_memory_ingestion_find_fil0\\outside' -&gt; 'C:\\Users\\Jonathan\\AppData\\Local\\Temp\\pytest-of-Jonathan\\pytest-7404\\test_memory_ingestion_find_fil0\\canon\\linkdir'</skipped></testcase><testcase classname="tests.test_canon_containment_sites" name="test_universe_read_canon_rejects_symlink" file="tests\test_canon_containment_sites.py" line="254" time="0.005"><failure message="AttributeError: &lt;module 'tinyassets.api.universe' from 'C:\\Users\\Jonathan\\Projects\\wf-required-test-gate\\tinyassets\\api\\universe.py'&gt; has no attribute '_default_universe'">tmp_path = WindowsPath('C:/Users/Jonathan/AppData/Local/Temp/pytest-of-Jonathan/pytest-7404/test_universe_read_canon_rejec0')
monkeypatch = &lt;_pytest.monkeypatch.MonkeyPatch object at 0x0000018D9CE07540&gt;

    def test_universe_read_canon_rejects_symlink(tmp_path, monkeypatch):
        from tinyassets.api import universe as uni
    
        uid, udir = _setup_universe(tmp_path, monkeypatch)
&gt;       monkeypatch.setattr(uni, "_default_universe", lambda: uid)
E       AttributeError: &lt;module 'tinyassets.api.universe' from 'C:\\Users\\Jonathan\\Projects\\wf-required-test-gate\\tinyassets\\api\\universe.py'&gt; has no attribute '_default_universe'

tests\test_canon_containment_sites.py:259: AttributeError</failure></testcase><testcase classname="tests.test_canon_containment_sites" name="test_universe_list_canon_skips_symlink" file="tests\test_canon_containment_sites.py" line="279" time="0.005"><failure message="AttributeError: &lt;module 'tinyassets.api.universe' from 'C:\\Users\\Jonathan\\Projects\\wf-required-test-gate\\tinyassets\\api\\universe.py'&gt; has no attribute '_default_universe'">tmp_path = WindowsPath('C:/Users/Jonathan/AppData/Local/Temp/pytest-of-Jonathan/pytest-7404/test_universe_list_canon_skips0')
monkeypatch = &lt;_pytest.monkeypatch.MonkeyPatch object at 0x0000018D9CE078C0&gt;

    def test_universe_list_canon_skips_symlink(tmp_path, monkeypatch):
        from tinyassets.api import universe as uni
    
        uid, udir = _setup_universe(tmp_path, monkeypatch)
&gt;       monkeypatch.setattr(uni, "_default_universe", lambda: uid)
E       AttributeError: &lt;module 'tinyassets.api.universe' from 'C:\\Users\\Jonathan\\Projects\\wf-required-test-gate\\tinyassets\\api\\universe.py'&gt; has no attribute '_default_universe'

tests\test_canon_containment_sites.py:284: AttributeError</failure></testcase><testcase classname="tests.test_canon_containment_sites" name="test_universe_read_source_rejects_traversal" file="tests\test_canon_containment_sites.py" line="301" time="0.005"><failure message="AttributeError: &lt;module 'tinyassets.api.universe' from 'C:\\Users\\Jonathan\\Projects\\wf-required-test-gate\\tinyassets\\api\\universe.py'&gt; has no attribute '_default_universe'">tmp_path = WindowsPath('C:/Users/Jonathan/AppData/Local/Temp/pytest-of-Jonathan/pytest-7404/test_universe_read_source_reje0')
monkeypatch = &lt;_pytest.monkeypatch.MonkeyPatch object at 0x0000018D9CE07D20&gt;

    def test_universe_read_source_rejects_traversal(tmp_path, monkeypatch):
        """Traversal filename to read_source is rejected (runs live, no symlink)."""
        from tinyassets.api import universe as uni
    
        uid, udir = _setup_universe(tmp_path, monkeypatch)
&gt;       monkeypatch.setattr(uni, "_default_universe", lambda: uid)
E       AttributeError: &lt;module 'tinyassets.api.universe' from 'C:\\Users\\Jonathan\\Projects\\wf-required-test-gate\\tinyassets\\api\\universe.py'&gt; has no attribute '_default_universe'

tests\test_canon_containment_sites.py:307: AttributeError</failure></testcase><testcase classname="tests.test_canon_containment_sites" name="test_universe_read_source_legit_file_still_works" file="tests\test_canon_containment_sites.py" line="316" time="0.005"><failure message="AttributeError: &lt;module 'tinyassets.api.universe' from 'C:\\Users\\Jonathan\\Projects\\wf-required-test-gate\\tinyassets\\api\\universe.py'&gt; has no attribute '_default_universe'">tmp_path = WindowsPath('C:/Users/Jonathan/AppData/Local/Temp/pytest-of-Jonathan/pytest-7404/test_universe_read_source_legi0')
monkeypatch = &lt;_pytest.monkeypatch.MonkeyPatch object at 0x0000018D9CE369E0&gt;

    def test_universe_read_source_legit_file_still_works(tmp_path, monkeypatch):
        """A real ``canon/sources/&lt;name&gt;`` file must still be readable after the
        containment-root fix (no regression of the happy path)."""
        from tinyassets.api import universe as uni
    
        uid, udir = _setup_universe(tmp_path, monkeypatch)
&gt;       monkeypatch.setattr(uni, "_default_universe", lambda: uid)
E       AttributeError: &lt;module 'tinyassets.api.universe' from 'C:\\Users\\Jonathan\\Projects\\wf-required-test-gate\\tinyassets\\api\\universe.py'&gt; has no attribute '_default_universe'

tests\test_canon_containment_sites.py:323: AttributeError</failure></testcase><testcase classname="tests.test_canon_containment_sites" name="test_universe_read_source_rejects_symlinked_sources_dir" file="tests\test_canon_containment_sites.py" line="333" time="0.005"><failure message="AttributeError: &lt;module 'tinyassets.api.universe' from 'C:\\Users\\Jonathan\\Projects\\wf-required-test-gate\\tinyassets\\api\\universe.py'&gt; has no attribute '_default_universe'">tmp_path = WindowsPath('C:/Users/Jonathan/AppData/Local/Temp/pytest-of-Jonathan/pytest-7404/test_universe_read_source_reje1')
monkeypatch = &lt;_pytest.monkeypatch.MonkeyPatch object at 0x0000018D9CE37930&gt;

    def test_universe_read_source_rejects_symlinked_sources_dir(tmp_path, monkeypatch):
        """A *symlinked* ``canon/sources`` directory must not become a trusted root.
    
        Even when ``read_source`` is asked for a plain basename that exists at the
        symlink target outside canon, containment is measured against the canon
        ROOT, so the read is rejected and no external content leaks.
        """
        from tinyassets.api import universe as uni
    
        uid, udir = _setup_universe(tmp_path, monkeypatch)
&gt;       monkeypatch.setattr(uni, "_default_universe", lambda: uid)
E       AttributeError: &lt;module 'tinyassets.api.universe' from 'C:\\Users\\Jonathan\\Projects\\wf-required-test-gate\\tinyassets\\api\\universe.py'&gt; has no attribute '_default_universe'

tests\test_canon_containment_sites.py:344: AttributeError</failure></testcase><testcase classname="tests.test_canon_containment_sites" name="test_universe_list_sources_skips_symlinked_sources_dir" file="tests\test_canon_containment_sites.py" line="360" time="0.005"><failure message="AttributeError: &lt;module 'tinyassets.api.universe' from 'C:\\Users\\Jonathan\\Projects\\wf-required-test-gate\\tinyassets\\api\\universe.py'&gt; has no attribute '_default_universe'">tmp_path = WindowsPath('C:/Users/Jonathan/AppData/Local/Temp/pytest-of-Jonathan/pytest-7404/test_universe_list_sources_ski0')
monkeypatch = &lt;_pytest.monkeypatch.MonkeyPatch object at 0x0000018D9CE37D90&gt;

    def test_universe_list_sources_skips_symlinked_sources_dir(tmp_path, monkeypatch):
        """A symlinked ``canon/sources`` dir must surface no source files."""
        from tinyassets.api import universe as uni
    
        uid, udir = _setup_universe(tmp_path, monkeypatch)
&gt;       monkeypatch.setattr(uni, "_default_universe", lambda: uid)
E       AttributeError: &lt;module 'tinyassets.api.universe' from 'C:\\Users\\Jonathan\\Projects\\wf-required-test-gate\\tinyassets\\api\\universe.py'&gt; has no attribute '_default_universe'

tests\test_canon_containment_sites.py:366: AttributeError</failure></testcase><testcase classname="tests.test_canon_containment_sites" name="test_universe_list_sources_legit_files_still_listed" file="tests\test_canon_containment_sites.py" line="382" time="0.005"><failure message="AttributeError: &lt;module 'tinyassets.api.universe' from 'C:\\Users\\Jonathan\\Projects\\wf-required-test-gate\\tinyassets\\api\\universe.py'&gt; has no attribute '_default_universe'">tmp_path = WindowsPath('C:/Users/Jonathan/AppData/Local/Temp/pytest-of-Jonathan/pytest-7404/test_universe_list_sources_leg0')
monkeypatch = &lt;_pytest.monkeypatch.MonkeyPatch object at 0x0000018D9CE37070&gt;

    def test_universe_list_sources_legit_files_still_listed(tmp_path, monkeypatch):
        """Real ``canon/sources/*`` files must still be enumerated (no regression)."""
        from tinyassets.api import universe as uni
    
        uid, udir = _setup_universe(tmp_path, monkeypatch)
&gt;       monkeypatch.setattr(uni, "_default_universe", lambda: uid)
E       AttributeError: &lt;module 'tinyassets.api.universe' from 'C:\\Users\\Jonathan\\Projects\\wf-required-test-gate\\tinyassets\\api\\universe.py'&gt; has no attribute '_default_universe'

tests\test_canon_containment_sites.py:388: AttributeError</failure></testcase><testcase classname="tests.test_canon_containment_sites" name="test_work_targets_manifest_read_rejects_symlink" file="tests\test_canon_containment_sites.py" line="405" time="0.006"><skipped type="pytest.skip" message="symlink unsupported on this platform: [WinError 1314] A required privilege is not held by the client: 'C:\\Users\\Jonathan\\AppData\\Local\\Temp\\pytest-of-Jonathan\\pytest-7404\\test_work_targets_manifest_rea0\\secret_manifest.json' -&gt; 'C:\\Users\\Jonathan\\AppData\\Local\\Temp\\pytest-of-Jonathan\\pytest-7404\\test_work_targets_manifest_rea0\\u1\\canon\\.manifest.json'">C:\Users\Jonathan\Projects\wf-required-test-gate\tests\test_canon_containment_sites.py:421: symlink unsupported on this platform: [WinError 1314] A required privilege is not held by the client: 'C:\\Users\\Jonathan\\AppData\\Local\\Temp\\pytest-of-Jonathan\\pytest-7404\\test_work_targets_manifest_rea0\\secret_manifest.json' -&gt; 'C:\\Users\\Jonathan\\AppData\\Local\\Temp\\pytest-of-Jonathan\\pytest-7404\\test_work_targets_manifest_rea0\\u1\\canon\\.manifest.json'</skipped></testcase><testcase classname="tests.test_canon_containment_sites" name="test_work_targets_manifest_read_legit_still_works" file="tests\test_canon_containment_sites.py" line="428" time="0.019" /><testcase classname="tests.test_canon_containment_sites" name="test_work_targets_needs_synthesis_rejects_traversal_source_path" file="tests\test_canon_containment_sites.py" line="454" time="0.006" /><testcase classname="tests.test_canon_containment_sites" name="test_work_targets_needs_synthesis_legit_source_path" file="tests\test_canon_containment_sites.py" line="472" time="0.006" /><testcase classname="tests.test_canon_containment_sites" name="test_select_task_count_canon_skips_symlink" file="tests\test_canon_containment_sites.py" line="491" time="0.005"><skipped type="pytest.skip" message="symlink unsupported on this platform: [WinError 1314] A required privilege is not held by the client: 'C:\\Users\\Jonathan\\AppData\\Local\\Temp\\pytest-of-Jonathan\\pytest-7404\\test_select_task_count_canon_s0\\SECRET.md' -&gt; 'C:\\Users\\Jonathan\\AppData\\Local\\Temp\\pytest-of-Jonathan\\pytest-7404\\test_select_task_count_canon_s0\\canon\\real_topic_evil.md'">C:\Users\Jonathan\Projects\wf-required-test-gate\tests\test_canon_containment_sites.py:40: symlink unsupported on this platform: [WinError 1314] A required privilege is not held by the client: 'C:\\Users\\Jonathan\\AppData\\Local\\Temp\\pytest-of-Jonathan\\pytest-7404\\test_select_task_count_canon_s0\\SECRET.md' -&gt; 'C:\\Users\\Jonathan\\AppData\\Local\\Temp\\pytest-of-Jonathan\\pytest-7404\\test_select_task_count_canon_s0\\canon\\real_topic_evil.md'</skipped></testcase><testcase classname="tests.test_canon_containment_sites" name="test_select_task_count_canon_legit_only" file="tests\test_canon_containment_sites.py" line="501" time="0.008" /><testcase classname="tests.test_canon_io.TestSafeCanonPath" name="test_legitimate_name_resolves_inside" file="tests\test_canon_io.py" line="46" time="0.005" /><testcase classname="tests.test_canon_io.TestSafeCanonPath" name="test_legitimate_subdir_allowed" file="tests\test_canon_io.py" line="53" time="0.005" /><testcase classname="tests.test_canon_io.TestSafeCanonPath" name="test_dotdot_traversal_rejected" file="tests\test_canon_io.py" line="59" time="0.005" /><testcase classname="tests.test_canon_io.TestSafeCanonPath" name="test_resolve_lands_outside_is_rejected" file="tests\test_canon_io.py" line="65" time="0.004" /><testcase classname="tests.test_canon_io.TestSafeCanonPath" name="test_symlinked_target_outside_rejected" file="tests\test_canon_io.py" line="74" time="0.005"><skipped type="pytest.skip" message="symlink unsupported on this platform: [WinError 1314] A required privilege is not held by the client: 'C:\\Users\\Jonathan\\AppData\\Local\\Temp\\pytest-of-Jonathan\\pytest-7404\\test_symlinked_target_outside_0\\secret.md' -&gt; 'C:\\Users\\Jonathan\\AppData\\Local\\Temp\\pytest-of-Jonathan\\pytest-7404\\test_symlinked_target_outside_0\\canon\\evil.md'">C:\Users\Jonathan\Projects\wf-required-test-gate\tests\test_canon_io.py:38: symlink unsupported on this platform: [WinError 1314] A required privilege is not held by the client: 'C:\\Users\\Jonathan\\AppData\\Local\\Temp\\pytest-of-Jonathan\\pytest-7404\\test_symlinked_target_outside_0\\secret.md' -&gt; 'C:\\Users\\Jonathan\\AppData\\Local\\Temp\\pytest-of-Jonathan\\pytest-7404\\test_symlinked_target_outside_0\\canon\\evil.md'</skipped></testcase><testcase classname="tests.test_canon_io.TestReadWriteHelpers" name="test_read_canon_text_inside" file="tests\test_canon_io.py" line="85" time="0.013" /><testcase classname="tests.test_canon_io.TestReadWriteHelpers" name="test_read_canon_text_rejects_traversal" file="tests\test_canon_io.py" line="91" time="0.011" /><testcase classname="tests.test_canon_io.TestReadWriteHelpers" name="test_read_canon_text_rejects_symlink_escape" file="tests\test_canon_io.py" line="98" time="0.007"><skipped type="pytest.skip" message="symlink unsupported on this platform: [WinError 1314] A required privilege is not held by the client: 'C:\\Users\\Jonathan\\AppData\\Local\\Temp\\pytest-of-Jonathan\\pytest-7404\\test_read_canon_text_rejects_s0\\secret.md' -&gt; 'C:\\Users\\Jonathan\\AppData\\Local\\Temp\\pytest-of-Jonathan\\pytest-7404\\test_read_canon_text_rejects_s0\\canon\\link.md'">C:\Users\Jonathan\Projects\wf-required-test-gate\tests\test_canon_io.py:38: symlink unsupported on this platform: [WinError 1314] A required privilege is not held by the client: 'C:\\Users\\Jonathan\\AppData\\Local\\Temp\\pytest-of-Jonathan\\pytest-7404\\test_read_canon_text_rejects_s0\\secret.md' -&gt; 'C:\\Users\\Jonathan\\AppData\\Local\\Temp\\pytest-of-Jonathan\\pytest-7404\\test_read_canon_text_rejects_s0\\canon\\link.md'</skipped></testcase><testcase classname="tests.test_canon_io.TestReadWriteHelpers" name="test_write_canon_text_inside" file="tests\test_canon_io.py" line="107" time="0.006" /><testcase classname="tests.test_canon_io.TestReadWriteHelpers" name="test_write_canon_text_rejects_traversal" file="tests\test_canon_io.py" line="114" time="0.005" /><testcase classname="tests.test_canon_io.TestReadWriteHelpers" name="test_write_canon_text_rejects_symlink_escape" file="tests\test_canon_io.py" line="121" time="0.006"><skipped type="pytest.skip" message="symlink unsupported on this platform: [WinError 1314] A required privilege is not held by the client: 'C:\\Users\\Jonathan\\AppData\\Local\\Temp\\pytest-of-Jonathan\\pytest-7404\\test_write_canon_text_rejects_1\\victim.md' -&gt; 'C:\\Users\\Jonathan\\AppData\\Local\\Temp\\pytest-of-Jonathan\\pytest-7404\\test_write_canon_text_rejects_1\\canon\\doc.md'">C:\Users\Jonathan\Projects\wf-required-test-gate\tests\test_canon_io.py:38: symlink unsupported on this platform: [WinError 1314] A required privilege is not held by the client: 'C:\\Users\\Jonathan\\AppData\\Local\\Temp\\pytest-of-Jonathan\\pytest-7404\\test_write_canon_text_rejects_1\\victim.md' -&gt; 'C:\\Users\\Jonathan\\AppData\\Local\\Temp\\pytest-of-Jonathan\\pytest-7404\\test_write_canon_text_rejects_1\\canon\\doc.md'</skipped></testcase><testcase classname="tests.test_canon_io.TestIterCanonFiles" name="test_missing_dir_yields_nothing" file="tests\test_canon_io.py" line="141" time="0.004" /><testcase classname="tests.test_canon_io.TestIterCanonFiles" name="test_yields_legitimate_files_sorted" file="tests\test_canon_io.py" line="144" time="0.005" /><testcase classname="tests.test_canon_io.TestIterCanonFiles" name="test_suffix_filter" file="tests\test_canon_io.py" line="152" time="0.006" /><testcase classname="tests.test_canon_io.TestIterCanonFiles" name="test_include_hidden_false_skips_dotfiles" file="tests\test_canon_io.py" line="162" time="0.005" /><testcase classname="tests.test_canon_io.TestIterCanonFiles" name="test_recursive_yields_subdir_files" file="tests\test_canon_io.py" line="170" time="0.006" /><testcase classname="tests.test_canon_io.TestIterCanonFiles" name="test_symlinked_file_escaping_is_skipped" file="tests\test_canon_io.py" line="183" time="0.006"><skipped type="pytest.skip" message="symlink unsupported on this platform: [WinError 1314] A required privilege is not held by the client: 'C:\\Users\\Jonathan\\AppData\\Local\\Temp\\pytest-of-Jonathan\\pytest-7404\\test_symlinked_file_escaping_i0\\secret.md' -&gt; 'C:\\Users\\Jonathan\\AppData\\Local\\Temp\\pytest-of-Jonathan\\pytest-7404\\test_symlinked_file_escaping_i0\\canon\\evil.md'">C:\Users\Jonathan\Projects\wf-required-test-gate\tests\test_canon_io.py:38: symlink unsupported on this platform: [WinError 1314] A required privilege is not held by the client: 'C:\\Users\\Jonathan\\AppData\\Local\\Temp\\pytest-of-Jonathan\\pytest-7404\\test_symlinked_file_escaping_i0\\secret.md' -&gt; 'C:\\Users\\Jonathan\\AppData\\Local\\Temp\\pytest-of-Jonathan\\pytest-7404\\test_symlinked_file_escaping_i0\\canon\\evil.md'</skipped></testcase><testcase classname="tests.test_canon_io.TestIterCanonFiles" name="test_symlinked_subdir_escaping_is_skipped_recursive" file="tests\test_canon_io.py" line="194" time="0.005"><skipped type="pytest.skip" message="symlink unsupported on this platform: [WinError 1314] A required privilege is not held by the client: 'C:\\Users\\Jonathan\\AppData\\Local\\Temp\\pytest-of-Jonathan\\pytest-7404\\test_symlinked_subdir_escaping0\\outside' -&gt; 'C:\\Users\\Jonathan\\AppData\\Local\\Temp\\pytest-of-Jonathan\\pytest-7404\\test_symlinked_subdir_escaping0\\canon\\linkdir'">C:\Users\Jonathan\Projects\wf-required-test-gate\tests\test_canon_io.py:38: symlink unsupported on this platform: [WinError 1314] A required privilege is not held by the client: 'C:\\Users\\Jonathan\\AppData\\Local\\Temp\\pytest-of-Jonathan\\pytest-7404\\test_symlinked_subdir_escaping0\\outside' -&gt; 'C:\\Users\\Jonathan\\AppData\\Local\\Temp\\pytest-of-Jonathan\\pytest-7404\\test_symlinked_subdir_escaping0\\canon\\linkdir'</skipped></testcase><testcase classname="tests.test_canon_io.TestIterCanonFiles" name="test_resolved_path_is_file_only" file="tests\test_canon_io.py" line="211" time="0.005" /><testcase classname="tests.test_canon_io.TestIterCanonFiles" name="test_escaping_entry_is_skipped_live" file="tests\test_canon_io.py" line="219" time="0.005" /><testcase classname="tests.test_canon_io.TestIterCanonFilesSubdir" name="test_subdir_yields_legitimate_files" file="tests\test_canon_io.py" line="251" time="0.006" /><testcase classname="tests.test_canon_io.TestIterCanonFilesSubdir" name="test_missing_subdir_yields_nothing" file="tests\test_canon_io.py" line="263" time="0.005" /><testcase classname="tests.test_canon_io.TestIterCanonFilesSubdir" name="test_subdir_resolves_outside_is_rejected_live" file="tests\test_canon_io.py" line="268" time="0.005" /><testcase classname="tests.test_canon_io.TestIterCanonFilesSubdir" name="test_symlinked_subdir_root_is_rejected" file="tests\test_canon_io.py" line="280" time="0.005"><skipped type="pytest.skip" message="symlink unsupported on this platform: [WinError 1314] A required privilege is not held by the client: 'C:\\Users\\Jonathan\\AppData\\Local\\Temp\\pytest-of-Jonathan\\pytest-7404\\test_symlinked_subdir_root_is_0\\outside_sources' -&gt; 'C:\\Users\\Jonathan\\AppData\\Local\\Temp\\pytest-of-Jonathan\\pytest-7404\\test_symlinked_subdir_root_is_0\\canon\\sources'">C:\Users\Jonathan\Projects\wf-required-test-gate\tests\test_canon_io.py:38: symlink unsupported on this platform: [WinError 1314] A required privilege is not held by the client: 'C:\\Users\\Jonathan\\AppData\\Local\\Temp\\pytest-of-Jonathan\\pytest-7404\\test_symlinked_subdir_root_is_0\\outside_sources' -&gt; 'C:\\Users\\Jonathan\\AppData\\Local\\Temp\\pytest-of-Jonathan\\pytest-7404\\test_symlinked_subdir_root_is_0\\canon\\sources'</skipped></testcase><testcase classname="tests.test_canon_io.TestIterCanonFilesSubdir" name="test_symlinked_file_inside_legit_subdir_is_skipped" file="tests\test_canon_io.py" line="295" time="0.006"><skipped type="pytest.skip" message="symlink unsupported on this platform: [WinError 1314] A required privilege is not held by the client: 'C:\\Users\\Jonathan\\AppData\\Local\\Temp\\pytest-of-Jonathan\\pytest-7404\\test_symlinked_file_inside_leg0\\secret.txt' -&gt; 'C:\\Users\\Jonathan\\AppData\\Local\\Temp\\pytest-of-Jonathan\\pytest-7404\\test_symlinked_file_inside_leg0\\canon\\sources\\evil.txt'">C:\Users\Jonathan\Projects\wf-required-test-gate\tests\test_canon_io.py:38: symlink unsupported on this platform: [WinError 1314] A required privilege is not held by the client: 'C:\\Users\\Jonathan\\AppData\\Local\\Temp\\pytest-of-Jonathan\\pytest-7404\\test_symlinked_file_inside_leg0\\secret.txt' -&gt; 'C:\\Users\\Jonathan\\AppData\\Local\\Temp\\pytest-of-Jonathan\\pytest-7404\\test_symlinked_file_inside_leg0\\canon\\sources\\evil.txt'</skipped></testcase><testcase classname="tests.test_canonical_bindings_migration.TestSchemaDDL" name="test_fresh_db_creates_canonical_bindings_table" file="tests\test_canonical_bindings_migration.py" line="59" time="0.056" /><testcase classname="tests.test_canonical_bindings_migration.TestSchemaDDL" name="test_table_has_expected_columns" file="tests\test_canonical_bindings_migration.py" line="70" time="0.063" /><testcase classname="tests.test_canonical_bindings_migration.TestSchemaDDL" name="test_indexes_exist" file="tests\test_canonical_bindings_migration.py" line="92" time="0.055" /><testcase classname="tests.test_canonical_bindings_migration.TestBackfill" name="test_existing_canonical_is_backfilled" file="tests\test_canonical_bindings_migration.py" line="112" time="0.108" /><testcase classname="tests.test_canonical_bindings_migration.TestBackfill" name="test_goals_with_null_canonical_are_not_backfilled" file="tests\test_canonical_bindings_migration.py" line="141" time="0.056" /><testcase classname="tests.test_canonical_bindings_migration.TestBackfill" name="test_backfill_is_idempotent" file="tests\test_canonical_bindings_migration.py" line="156" time="0.106" /><testcase classname="tests.test_canonical_bindings_migration.TestBackfill" name="test_composite_primary_key_blocks_duplicate_scope" file="tests\test_canonical_bindings_migration.py" line="174" time="0.107" /><testcase classname="tests.test_canonical_bindings_migration.TestBackfill" name="test_different_scope_tokens_coexist" file="tests\test_canonical_bindings_migration.py" line="196" time="0.110" /><testcase classname="tests.test_canonical_bindings_migration.TestDualWrite" name="test_set_canonical_writes_both_stores" file="tests\test_canonical_bindings_migration.py" line="231" time="0.119" /><testcase classname="tests.test_canonical_bindings_migration.TestDualWrite" name="test_set_canonical_overwrite_updates_both" file="tests\test_canonical_bindings_migration.py" line="256" time="0.140" /><testcase classname="tests.test_canonical_bindings_migration.TestDualWrite" name="test_unset_canonical_removes_default_binding" file="tests\test_canonical_bindings_migration.py" line="282" time="0.141" /><testcase classname="tests.test_canonical_bindings_migration.TestDualWrite" name="test_unset_does_not_touch_other_scopes" file="tests\test_canonical_bindings_migration.py" line="307" time="0.127" /><testcase classname="tests.test_canonical_bindings_migration.TestDualWrite" name="test_set_canonical_invalid_branch_version_raises" file="tests\test_canonical_bindings_migration.py" line="344" time="0.089" /><testcase classname="tests.test_canonical_bindings_migration.TestReaderCutover" name="test_reader_prefers_canonical_bindings_over_legacy" file="tests\test_canonical_bindings_migration.py" line="387" time="0.111" /><testcase classname="tests.test_canonical_bindings_migration.TestReaderCutover" name="test_reader_falls_back_to_legacy_when_bindings_empty" file="tests\test_canonical_bindings_migration.py" line="404" time="0.085" /><testcase classname="tests.test_canonical_bindings_migration.TestReaderCutover" name="test_reader_returns_none_when_both_stores_empty" file="tests\test_canonical_bindings_migration.py" line="447" time="0.059" /><testcase classname="tests.test_canonical_bindings_migration.TestReaderCutover" name="test_reader_after_dual_write_consistent" file="tests\test_canonical_bindings_migration.py" line="459" time="0.102" /><testcase classname="tests.test_canonical_bindings_migration.TestReaderCutover" name="test_list_goals_uses_cutover" file="tests\test_canonical_bindings_migration.py" line="483" time="0.130" /><testcase classname="tests.test_canonical_bindings_migration.TestReaderCutover" name="test_helper_increments_counter_once_per_legacy_only_goal" file="tests\test_canonical_bindings_migration.py" line="506" time="0.106" /><testcase classname="tests.test_canonical_branch.TestCanonicalBranchDefaults" name="test_goal_has_no_canonical_by_default" file="tests\test_canonical_branch.py" line="46" time="0.059" /><testcase classname="tests.test_canonical_branch.TestCanonicalBranchDefaults" name="test_goal_has_empty_canonical_history_by_default" file="tests\test_canonical_branch.py" line="51" time="0.059" /><testcase classname="tests.test_canonical_branch.TestCanonicalBranchDefaults" name="test_get_canonical_branch_history_nonexistent_goal_returns_empty" file="tests\test_canonical_branch.py" line="56" time="0.052" /><testcase classname="tests.test_canonical_branch.TestSetCanonicalBranch" name="test_set_canonical_records_version_id" file="tests\test_canonical_branch.py" line="64" time="0.102" /><testcase classname="tests.test_canonical_branch.TestSetCanonicalBranch" name="test_set_canonical_no_initial_history_entry" file="tests\test_canonical_branch.py" line="73" time="0.109" /><testcase classname="tests.test_canonical_branch.TestSetCanonicalBranch" name="test_set_canonical_twice_records_history" file="tests\test_canonical_branch.py" line="83" time="0.133" /><testcase classname="tests.test_canonical_branch.TestSetCanonicalBranch" name="test_history_accumulates_across_multiple_changes" file="tests\test_canonical_branch.py" line="103" time="0.156" /><testcase classname="tests.test_canonical_branch.TestSetCanonicalBranch" name="test_unset_canonical_sets_to_none" file="tests\test_canonical_branch.py" line="116" time="0.113" /><testcase classname="tests.test_canonical_branch.TestSetCanonicalBranch" name="test_nonexistent_goal_raises_key_error" file="tests\test_canonical_branch.py" line="127" time="0.091" /><testcase classname="tests.test_canonical_branch.TestSetCanonicalBranch" name="test_invalid_branch_version_id_raises_value_error" file="tests\test_canonical_branch.py" line="137" time="0.076" /><testcase classname="tests.test_canonical_branch.TestSetCanonicalBranch" name="test_get_goal_includes_canonical_in_response" file="tests\test_canonical_branch.py" line="146" time="0.106" /><testcase classname="tests.test_canonical_branch_mcp.TestSetCanonicalResponseShape" name="test_set_canonical_action_in_goal_available_actions" file="tests\test_canonical_branch_mcp.py" line="75" time="0.001" /><testcase classname="tests.test_canonical_branch_mcp.TestSetCanonicalResponseShape" name="test_set_canonical_in_goal_write_actions" file="tests\test_canonical_branch_mcp.py" line="79" time="0.001" /><testcase classname="tests.test_canonical_branch_mcp.TestSetCanonicalResponseShape" name="test_set_canonical_in_all_goal_actions" file="tests\test_canonical_branch_mcp.py" line="83" time="0.000" /><testcase classname="tests.test_canonical_branch_mcp.TestSetCanonicalResponseShape" name="test_goals_signature_accepts_branch_version_id" file="tests\test_canonical_branch_mcp.py" line="91" time="0.001" /><testcase classname="tests.test_canonical_branch_mcp.TestRunBranchVersionWiring" name="test_run_branch_version_action_wired" file="tests\test_canonical_branch_mcp.py" line="116" time="0.001" /><testcase classname="tests.test_canonical_branch_mcp.TestRunBranchVersionWiring" name="test_run_branch_version_in_run_write_actions" file="tests\test_canonical_branch_mcp.py" line="120" time="0.001" /><testcase classname="tests.test_canonical_branch_mcp.TestRunBranchVersionWiring" name="test_set_canonical_and_run_version_actions_compose" file="tests\test_canonical_branch_mcp.py" line="124" time="0.001" /><testcase classname="tests.test_canonical_branch_mcp.TestSetCanonicalAction" name="test_set_canonical_by_goal_author_succeeds" file="tests\test_canonical_branch_mcp.py" line="146" time="0.130"><failure message="KeyError: 'branch_def_id'">self = &lt;tests.test_canonical_branch_mcp.TestSetCanonicalAction object at 0x0000018D80481090&gt;
env = (&lt;module 'tinyassets.universe_server' from 'C:\\Users\\Jonathan\\Projects\\wf-required-test-gate\\tinyassets\\universe...dowsPath('C:/Users/Jonathan/AppData/Local/Temp/pytest-of-Jonathan/pytest-7404/test_set_canonical_by_goal_aut0/output'))

    def test_set_canonical_by_goal_author_succeeds(self, env):
        us, base = env
        gid = _seed_goal(us)
&gt;       bvid = _seed_published_branch(us, base)
               ^^^^^^^^^^^^^^^^^^^^^^^^^^^^^^^^

tests\test_canonical_branch_mcp.py:150: 
_ _ _ _ _ _ _ _ _ _ _ _ _ _ _ _ _ _ _ _ _ _ _ _ _ _ _ _ _ _ _ _ _ _ _ _ _ _ _ _

us = &lt;module 'tinyassets.universe_server' from 'C:\\Users\\Jonathan\\Projects\\wf-required-test-gate\\tinyassets\\universe_server.py'&gt;
base = WindowsPath('C:/Users/Jonathan/AppData/Local/Temp/pytest-of-Jonathan/pytest-7404/test_set_canonical_by_goal_aut0/output')
name = 'canonical-target'

    def _seed_published_branch(us, base, name="canonical-target"):
        """Build a minimal branch and publish it. Returns branch_version_id."""
&gt;       bid = _call(us, "extensions", "create_branch", name=name)["branch_def_id"]
              ^^^^^^^^^^^^^^^^^^^^^^^^^^^^^^^^^^^^^^^^^^^^^^^^^^^^^^^^^^^^^^^^^^^^
E       KeyError: 'branch_def_id'

tests\test_canonical_branch_mcp.py:47: KeyError</failure></testcase><testcase classname="tests.test_canonical_branch_mcp.TestSetCanonicalAction" name="test_set_canonical_nonexistent_version_rejected" file="tests\test_canonical_branch_mcp.py" line="155" time="0.147" /><testcase classname="tests.test_canonical_branch_mcp.TestSetCanonicalAction" name="test_unset_canonical_returns_null" file="tests\test_canonical_branch_mcp.py" line="165" time="0.123"><failure message="KeyError: 'branch_def_id'">self = &lt;tests.test_canonical_branch_mcp.TestSetCanonicalAction object at 0x0000018D804649D0&gt;
env = (&lt;module 'tinyassets.universe_server' from 'C:\\Users\\Jonathan\\Projects\\wf-required-test-gate\\tinyassets\\universe...dowsPath('C:/Users/Jonathan/AppData/Local/Temp/pytest-of-Jonathan/pytest-7404/test_unset_canonical_returns_n0/output'))

    def test_unset_canonical_returns_null(self, env):
        us, base = env
        gid = _seed_goal(us)
&gt;       bvid = _seed_published_branch(us, base)
               ^^^^^^^^^^^^^^^^^^^^^^^^^^^^^^^^

tests\test_canonical_branch_mcp.py:169: 
_ _ _ _ _ _ _ _ _ _ _ _ _ _ _ _ _ _ _ _ _ _ _ _ _ _ _ _ _ _ _ _ _ _ _ _ _ _ _ _

us = &lt;module 'tinyassets.universe_server' from 'C:\\Users\\Jonathan\\Projects\\wf-required-test-gate\\tinyassets\\universe_server.py'&gt;
base = WindowsPath('C:/Users/Jonathan/AppData/Local/Temp/pytest-of-Jonathan/pytest-7404/test_unset_canonical_returns_n0/output')
name = 'canonical-target'

    def _seed_published_branch(us, base, name="canonical-target"):
        """Build a minimal branch and publish it. Returns branch_version_id."""
&gt;       bid = _call(us, "extensions", "create_branch", name=name)["branch_def_id"]
              ^^^^^^^^^^^^^^^^^^^^^^^^^^^^^^^^^^^^^^^^^^^^^^^^^^^^^^^^^^^^^^^^^^^^
E       KeyError: 'branch_def_id'

tests\test_canonical_branch_mcp.py:47: KeyError</failure></testcase><testcase classname="tests.test_canonical_branch_mcp.TestSetCanonicalAction" name="test_goals_get_returns_canonical_after_set" file="tests\test_canonical_branch_mcp.py" line="178" time="0.122"><failure message="KeyError: 'branch_def_id'">self = &lt;tests.test_canonical_branch_mcp.TestSetCanonicalAction object at 0x0000018D80464B00&gt;
env = (&lt;module 'tinyassets.universe_server' from 'C:\\Users\\Jonathan\\Projects\\wf-required-test-gate\\tinyassets\\universe...dowsPath('C:/Users/Jonathan/AppData/Local/Temp/pytest-of-Jonathan/pytest-7404/test_goals_get_returns_canonic0/output'))

    def test_goals_get_returns_canonical_after_set(self, env):
        """Symmetric boundary check: after `set_canonical` writes the
        binding, `goals action=get` must return the new
        canonical_branch_version_id in the goal dict — proving the
        read-side path also surfaces the value the chatbot just wrote.
        """
        us, base = env
        gid = _seed_goal(us)
&gt;       bvid = _seed_published_branch(us, base)
               ^^^^^^^^^^^^^^^^^^^^^^^^^^^^^^^^

tests\test_canonical_branch_mcp.py:187: 
_ _ _ _ _ _ _ _ _ _ _ _ _ _ _ _ _ _ _ _ _ _ _ _ _ _ _ _ _ _ _ _ _ _ _ _ _ _ _ _

us = &lt;module 'tinyassets.universe_server' from 'C:\\Users\\Jonathan\\Projects\\wf-required-test-gate\\tinyassets\\universe_server.py'&gt;
base = WindowsPath('C:/Users/Jonathan/AppData/Local/Temp/pytest-of-Jonathan/pytest-7404/test_goals_get_returns_canonic0/output')
name = 'canonical-target'

    def _seed_published_branch(us, base, name="canonical-target"):
        """Build a minimal branch and publish it. Returns branch_version_id."""
&gt;       bid = _call(us, "extensions", "create_branch", name=name)["branch_def_id"]
              ^^^^^^^^^^^^^^^^^^^^^^^^^^^^^^^^^^^^^^^^^^^^^^^^^^^^^^^^^^^^^^^^^^^^
E       KeyError: 'branch_def_id'

tests\test_canonical_branch_mcp.py:47: KeyError</failure></testcase><testcase classname="tests.test_canonical_branch_mcp.TestSetCanonicalAction" name="test_set_canonical_missing_goal_id_rejected" file="tests\test_canonical_branch_mcp.py" line="193" time="0.113" /><testcase classname="tests.test_canonical_dispatch" name="test_no_canonical_set_returns_no_canonical_handler" file="tests\test_canonical_dispatch.py" line="267" time="0.102" /><testcase classname="tests.test_canonical_dispatch" name="test_unknown_goal_returns_no_goal" file="tests\test_canonical_dispatch.py" line="277" time="0.091" /><testcase classname="tests.test_canonical_dispatch" name="test_canonical_stored_returned_when_auto_off" file="tests\test_canonical_dispatch.py" line="285" time="0.114" /><testcase classname="tests.test_canonical_dispatch" name="test_auto_refresh_swaps_canonical_when_top_meets_threshold" file="tests\test_canonical_dispatch.py" line="308" time="0.299" /><testcase classname="tests.test_canonical_dispatch" name="test_auto_refresh_noop_when_top_matches_current" file="tests\test_canonical_dispatch.py" line="343" time="0.167" /><testcase classname="tests.test_canonical_dispatch" name="test_threshold_blocks_swap_when_top_has_insufficient_runs" file="tests\test_canonical_dispatch.py" line="369" time="0.183" /><testcase classname="tests.test_canonical_dispatch" name="test_threshold_blocks_swap_no_fallback_returns_no_canonical" file="tests\test_canonical_dispatch.py" line="403" time="0.161" /><testcase classname="tests.test_canonical_dispatch" name="test_in_flight_run_blocks_refresh" file="tests\test_canonical_dispatch.py" line="425" time="0.333" /><testcase classname="tests.test_canonical_dispatch" name="test_in_flight_queued_run_also_blocks_refresh" file="tests\test_canonical_dispatch.py" line="473" time="0.264" /><testcase classname="tests.test_canonical_dispatch" name="test_stale_in_flight_does_not_block_refresh" file="tests\test_canonical_dispatch.py" line="501" time="0.298" /><testcase classname="tests.test_canonical_dispatch" name="test_top_entry_with_no_published_version_keeps_stored_canonical" file="tests\test_canonical_dispatch.py" line="545" time="0.250" /><testcase classname="tests.test_canonical_dispatch" name="test_auto_on_with_no_branches_falls_back_to_stored" file="tests\test_canonical_dispatch.py" line="578" time="0.091" /><testcase classname="tests.test_canonical_dispatch" name="test_in_flight_detects_running" file="tests\test_canonical_dispatch.py" line="595" time="0.109" /><testcase classname="tests.test_canonical_dispatch" name="test_in_flight_detects_queued" file="tests\test_canonical_dispatch.py" line="611" time="0.097" /><testcase classname="tests.test_canonical_dispatch" name="test_in_flight_ignores_terminal_runs" file="tests\test_canonical_dispatch.py" line="626" time="0.131" /><testcase classname="tests.test_canonical_dispatch" name="test_in_flight_filters_other_versions" file="tests\test_canonical_dispatch.py" line="643" time="0.136" /><testcase classname="tests.test_canonical_dispatch" name="test_in_flight_window_excludes_old_runs" file="tests\test_canonical_dispatch.py" line="661" time="0.124" /><testcase classname="tests.test_canonical_dispatch" name="test_resolution_is_deterministic_for_unchanged_state" file="tests\test_canonical_dispatch.py" line="687" time="0.594" /><testcase classname="tests.test_canonical_dispatch" name="test_rolled_back_version_not_selected_by_auto_refresh" file="tests\test_canonical_dispatch.py" line="739" time="0.249" /><testcase classname="tests.test_canonical_dispatch" name="test_rolled_back_version_falls_through_to_active_predecessor" file="tests\test_canonical_dispatch.py" line="803" time="0.188" /><testcase classname="tests.test_canonical_dispatch" name="test_rolled_back_version_keeps_stored_canonical_when_set" file="tests\test_canonical_dispatch.py" line="841" time="0.267" /><testcase classname="tests.test_canonical_dispatch" name="test_set_canonical_directly_rejects_rolled_back_version" file="tests\test_canonical_dispatch.py" line="876" time="0.121" /><testcase classname="tests.test_canonical_dispatch" name="test_set_canonical_accepts_active_version" file="tests\test_canonical_dispatch.py" line="896" time="0.116" /><testcase classname="tests.test_canonical_dispatch" name="test_caller_viewer_cannot_promote_their_private_branch" file="tests\test_canonical_dispatch.py" line="947" time="0.286" /><testcase classname="tests.test_canonical_dispatch" name="test_caller_viewer_does_not_unlock_private_competitor" file="tests\test_canonical_dispatch.py" line="1007" time="0.282" /><testcase classname="tests.test_canonical_dispatch" name="test_owner_viewer_does_not_unlock_their_private_branch_for_canonical" file="tests\test_canonical_dispatch.py" line="1045" time="0.299" /><testcase classname="tests.test_canonical_url_references" name="test_no_api_tinyassets_in_watched_docs" file="tests\test_canonical_url_references.py" line="59" time="0.112" /><testcase classname="tests.test_canonical_url_references" name="test_mcp_subdomain_not_described_as_user_url" file="tests\test_canonical_url_references.py" line="71" time="0.003" /><testcase classname="tests.test_capture_idea" name="test_append_entry_creates_inbox_and_appends" file="tests\test_capture_idea.py" line="17" time="0.024" /><testcase classname="tests.test_capture_idea" name="test_dry_run_does_not_write" file="tests\test_capture_idea.py" line="37" time="0.006" /><testcase classname="tests.test_carried_approval_provenance.TestFailClosedRuntimeGate" name="test_empty_hash_approved_node_fails_closed" file="tests\test_carried_approval_provenance.py" line="71" time="0.001" /><testcase classname="tests.test_carried_approval_provenance.TestFailClosedRuntimeGate" name="test_matching_hash_approved_node_passes" file="tests\test_carried_approval_provenance.py" line="82" time="0.001" /><testcase classname="tests.test_carried_approval_provenance.TestFailClosedRuntimeGate" name="test_mismatched_hash_approved_node_fails_closed" file="tests\test_carried_approval_provenance.py" line="93" time="0.001" /><testcase classname="tests.test_carried_approval_provenance.TestFailClosedRuntimeGate" name="test_mark_approved_helper_passes_gate" file="tests\test_carried_approval_provenance.py" line="106" time="0.001" /><testcase classname="tests.test_carried_approval_provenance.TestForkCopyReconcilesCarriedApproval" name="test_fork_copy_clears_empty_hash_approval" file="tests\test_carried_approval_provenance.py" line="190" time="0.075"><failure message="KeyError: 'status'">self = &lt;tests.test_carried_approval_provenance.TestForkCopyReconcilesCarriedApproval object at 0x0000018D80482490&gt;
tmp_path = WindowsPath('C:/Users/Jonathan/AppData/Local/Temp/pytest-of-Jonathan/pytest-7404/test_fork_copy_clears_empty_ha0')
monkeypatch = &lt;_pytest.monkeypatch.MonkeyPatch object at 0x0000018D9D6EDD30&gt;

    def test_fork_copy_clears_empty_hash_approval(self, tmp_path, monkeypatch):
        from tinyassets.api.branches import _ext_branch_build
    
        base = tmp_path / "output"
        base.mkdir()
        monkeypatch.setenv("TINYASSETS_DATA_DIR", str(base))
    
        src = "def run(state): return {'out': 'carried'}\n"
        bvid = _save_poisoned_parent(base, branch_id="parent1", source_code=src)
    
        # Fork WITHOUT supplying node_defs → inherit the parent's node wholesale.
        spec = json.dumps({
            "name": "Forked",
            "fork_from": bvid,
        })
        result = json.loads(_ext_branch_build({"spec_json": spec}))
&gt;       assert result["status"] == "built", result
               ^^^^^^^^^^^^^^^^
E       KeyError: 'status'

tests\test_carried_approval_provenance.py:207: KeyError</failure></testcase><testcase classname="tests.test_carried_approval_provenance.TestForkCopyReconcilesCarriedApproval" name="test_forked_carried_node_fails_runtime_gate" file="tests\test_carried_approval_provenance.py" line="216" time="0.072"><failure message="KeyError: 'status'">self = &lt;tests.test_carried_approval_provenance.TestForkCopyReconcilesCarriedApproval object at 0x0000018D804825D0&gt;
tmp_path = WindowsPath('C:/Users/Jonathan/AppData/Local/Temp/pytest-of-Jonathan/pytest-7404/test_forked_carried_node_fails0')
monkeypatch = &lt;_pytest.monkeypatch.MonkeyPatch object at 0x0000018D9D9FE0B0&gt;

    def test_forked_carried_node_fails_runtime_gate(self, tmp_path, monkeypatch):
        """End-to-end: the forked branch with the demoted carried node is
        refused by the fail-closed runtime gate (fail-without-approval).
        """
        from tinyassets.api.branches import _ext_branch_build
        from tinyassets.branches import BranchDefinition
        from tinyassets.daemon_server import get_branch_definition
        from tinyassets.graph_compiler import UnapprovedNodeError, compile_branch
    
        base = tmp_path / "output"
        base.mkdir()
        monkeypatch.setenv("TINYASSETS_DATA_DIR", str(base))
    
        src = "def run(state): return {'out': 'carried'}\n"
        bvid = _save_poisoned_parent(base, branch_id="parent2", source_code=src)
        result = json.loads(_ext_branch_build(
            {"spec_json": json.dumps({"name": "Forked2", "fork_from": bvid})}
        ))
&gt;       assert result["status"] == "built", result
               ^^^^^^^^^^^^^^^^
E       KeyError: 'status'

tests\test_carried_approval_provenance.py:235: KeyError</failure></testcase><testcase classname="tests.test_carried_approval_provenance.TestRollbackReconcilesCarriedApproval" name="test_rollback_clears_stale_empty_hash_approval" file="tests\test_carried_approval_provenance.py" line="251" time="0.162" /><testcase classname="tests.test_carried_approval_provenance.TestBidExecutorFailsClosed" name="test_bid_executor_rejects_empty_hash" file="tests\test_carried_approval_provenance.py" line="360" time="0.004" /><testcase classname="tests.test_carried_approval_provenance.TestBidExecutorFailsClosed" name="test_bid_executor_rejects_mismatched_hash" file="tests\test_carried_approval_provenance.py" line="373" time="0.004" /><testcase classname="tests.test_carried_approval_provenance.TestBidExecutorFailsClosed" name="test_bid_executor_runs_with_matching_hash" file="tests\test_carried_approval_provenance.py" line="390" time="0.005" /><testcase classname="tests.test_carried_approval_provenance.TestRunnabilitySurfacesProvenanceChecked" name="test_empty_hash_node_is_unrunnable" file="tests\test_carried_approval_provenance.py" line="415" time="0.001" /><testcase classname="tests.test_carried_approval_provenance.TestRunnabilitySurfacesProvenanceChecked" name="test_matching_hash_node_is_runnable" file="tests\test_carried_approval_provenance.py" line="424" time="0.001" /><testcase classname="tests.test_carried_approval_provenance.TestRunnabilitySurfacesProvenanceChecked" name="test_prompt_template_node_is_runnable" file="tests\test_carried_approval_provenance.py" line="433" time="0.000" /><testcase classname="tests.test_cf_access_cutover" name="test_dry_run_service_token_no_post" file="tests\test_cf_access_cutover.py" line="95" time="0.001" /><testcase classname="tests.test_cf_access_cutover" name="test_dry_run_app_no_post" file="tests\test_cf_access_cutover.py" line="109" time="0.001" /><testcase classname="tests.test_cf_access_cutover" name="test_dry_run_policy_no_post" file="tests\test_cf_access_cutover.py" line="119" time="0.001" /><testcase classname="tests.test_cf_access_cutover" name="test_dry_run_worker_secret_no_put" file="tests\test_cf_access_cutover.py" line="129" time="0.001" /><testcase classname="tests.test_cf_access_cutover" name="test_reuse_existing_service_token" file="tests\test_cf_access_cutover.py" line="141" time="0.001" /><testcase classname="tests.test_cf_access_cutover" name="test_reuse_existing_app_by_domain" file="tests\test_cf_access_cutover.py" line="154" time="0.001" /><testcase classname="tests.test_cf_access_cutover" name="test_reuse_existing_policy_by_name" file="tests\test_cf_access_cutover.py" line="166" time="0.001" /><testcase classname="tests.test_cf_access_cutover" name="test_no_reuse_when_different_domain" file="tests\test_cf_access_cutover.py" line="176" time="0.001" /><testcase classname="tests.test_cf_access_cutover" name="test_service_token_post_payload" file="tests\test_cf_access_cutover.py" line="193" time="0.001" /><testcase classname="tests.test_cf_access_cutover" name="test_app_post_payload" file="tests\test_cf_access_cutover.py" line="208" time="0.001" /><testcase classname="tests.test_cf_access_cutover" name="test_policy_post_payload" file="tests\test_cf_access_cutover.py" line="224" time="0.001" /><testcase classname="tests.test_cf_access_cutover" name="test_worker_secret_put_payload_client_id" file="tests\test_cf_access_cutover.py" line="245" time="0.001" /><testcase classname="tests.test_cf_access_cutover" name="test_worker_secret_put_payload_client_secret" file="tests\test_cf_access_cutover.py" line="258" time="0.001" /><testcase classname="tests.test_cf_access_cutover" name="test_three_check_canonical_green" file="tests\test_cf_access_cutover.py" line="287" time="0.001" /><testcase classname="tests.test_cf_access_cutover" name="test_three_check_internal_401_is_ok" file="tests\test_cf_access_cutover.py" line="313" time="0.001" /><testcase classname="tests.test_cf_access_cutover" name="test_three_check_internal_403_is_ok" file="tests\test_cf_access_cutover.py" line="338" time="0.001" /><testcase classname="tests.test_cf_access_cutover" name="test_three_check_internal_200_is_unexpected" file="tests\test_cf_access_cutover.py" line="363" time="0.001" /><testcase classname="tests.test_cf_access_cutover" name="test_three_check_canonical_failure_reported" file="tests\test_cf_access_cutover.py" line="384" time="0.001" /><testcase classname="tests.test_cf_access_cutover" name="test_service_token_post_api_error_propagates" file="tests\test_cf_access_cutover.py" line="401" time="0.001" /><testcase classname="tests.test_cf_access_cutover.TestMakeCloudflareClient" name="test_bearer_token_returns_cloudflare_client" file="tests\test_cf_access_cutover.py" line="419" time="0.001" /><testcase classname="tests.test_cf_access_cutover.TestMakeCloudflareClient" name="test_global_key_returns_global_key_client" file="tests\test_cf_access_cutover.py" line="428" time="0.001" /><testcase classname="tests.test_cf_access_cutover.TestMakeCloudflareClient" name="test_global_key_wins_over_bearer_when_both_set" file="tests\test_cf_access_cutover.py" line="437" time="0.001" /><testcase classname="tests.test_cf_access_cutover.TestMakeCloudflareClient" name="test_no_credentials_raises" file="tests\test_cf_access_cutover.py" line="444" time="0.001" /><testcase classname="tests.test_cf_access_cutover.TestMakeCloudflareClient" name="test_explicit_token_arg_overrides_env" file="tests\test_cf_access_cutover.py" line="451" time="0.000" /><testcase classname="tests.test_cf_access_cutover.TestMakeCloudflareClient" name="test_explicit_global_key_args_override_env" file="tests\test_cf_access_cutover.py" line="459" time="0.000" /><testcase classname="tests.test_cf_access_cutover.TestGlobalKeyClientHeaders" name="test_request_sends_x_auth_headers" file="tests\test_cf_access_cutover.py" line="468" time="0.001" /><testcase classname="tests.test_cf_access_cutover.TestGlobalKeyClientHeaders" name="test_bearer_client_sends_authorization_header" file="tests\test_cf_access_cutover.py" line="490" time="0.001" /><testcase classname="tests.test_cf_access_cutover.TestCutoverMakeClientPrintsAuthScheme" name="test_bearer_prints_bearer" file="tests\test_cf_access_cutover.py" line="514" time="0.001" /><testcase classname="tests.test_cf_access_cutover.TestCutoverMakeClientPrintsAuthScheme" name="test_global_key_prints_global_key" file="tests\test_cf_access_cutover.py" line="522" time="0.001" /><testcase classname="tests.test_cf_access_rollback" name="test_dry_run_app_no_delete" file="tests\test_cf_access_rollback.py" line="71" time="0.001" /><testcase classname="tests.test_cf_access_rollback" name="test_dry_run_token_no_delete" file="tests\test_cf_access_rollback.py" line="81" time="0.001" /><testcase classname="tests.test_cf_access_rollback" name="test_app_not_found_returns_false" file="tests\test_cf_access_rollback.py" line="96" time="0.001" /><testcase classname="tests.test_cf_access_rollback" name="test_app_empty_list_returns_false" file="tests\test_cf_access_rollback.py" line="107" time="0.001" /><testcase classname="tests.test_cf_access_rollback" name="test_token_not_found_returns_false" file="tests\test_cf_access_rollback.py" line="114" time="0.001" /><testcase classname="tests.test_cf_access_rollback" name="test_token_empty_list_returns_false" file="tests\test_cf_access_rollback.py" line="124" time="0.001" /><testcase classname="tests.test_cf_access_rollback" name="test_app_delete_path" file="tests\test_cf_access_rollback.py" line="136" time="0.001" /><testcase classname="tests.test_cf_access_rollback" name="test_token_delete_path" file="tests\test_cf_access_rollback.py" line="151" time="0.001" /><testcase classname="tests.test_cf_access_rollback" name="test_app_delete_selects_matching_domain_only" file="tests\test_cf_access_rollback.py" line="166" time="0.001" /><testcase classname="tests.test_cf_access_rollback" name="test_rotate_token_deletes_both" file="tests\test_cf_access_rollback.py" line="184" time="0.001" /><testcase classname="tests.test_cf_access_rollback" name="test_no_rotate_token_skips_token_delete" file="tests\test_cf_access_rollback.py" line="220" time="0.001" /><testcase classname="tests.test_cf_access_rollback" name="test_app_delete_api_error_propagates" file="tests\test_cf_access_rollback.py" line="249" time="0.001" /><testcase classname="tests.test_cf_access_rollback" name="test_main_returns_1_on_api_error" file="tests\test_cf_access_rollback.py" line="261" time="0.001" /><testcase classname="tests.test_cf_access_rollback" name="test_main_returns_2_missing_env" file="tests\test_cf_access_rollback.py" line="278" time="0.001" /><testcase classname="tests.test_cf_access_rollback" name="test_rollback_check_canonical_green_internal_ungated" file="tests\test_cf_access_rollback.py" line="313" time="0.001" /><testcase classname="tests.test_cf_access_rollback" name="test_rollback_check_internal_still_gated_401" file="tests\test_cf_access_rollback.py" line="335" time="0.001" /><testcase classname="tests.test_cf_access_rollback" name="test_rollback_check_internal_still_gated_403" file="tests\test_cf_access_rollback.py" line="360" time="0.001" /><testcase classname="tests.test_cf_access_rollback" name="test_rollback_check_canonical_failure" file="tests\test_cf_access_rollback.py" line="385" time="0.001" /><testcase classname="tests.test_chatbot_builder_behaviors_doc" name="test_chatbot_builder_behaviors_documents_concurrent_session_discipline" file="tests\test_chatbot_builder_behaviors_doc.py" line="5" time="0.012" /><testcase classname="tests.test_chatgpt_chat" name="test_module_imports_cleanly" file="tests\test_chatgpt_chat.py" line="30" time="0.072" /><testcase classname="tests.test_chatgpt_chat" name="test_selector_tables_non_empty" file="tests\test_chatgpt_chat.py" line="37" time="0.001" /><testcase classname="tests.test_chatgpt_chat" name="test_help_invocation_exits_zero" file="tests\test_chatgpt_chat.py" line="47" time="0.259" /><testcase classname="tests.test_chatgpt_chat" name="test_subcommands_registered" file="tests\test_chatgpt_chat.py" line="62" time="0.002" /><testcase classname="tests.test_chatgpt_chat" name="test_type_multiline_never_emits_plain_newline_via_type" file="tests\test_chatgpt_chat.py" line="109" time="0.001" /><testcase classname="tests.test_chatgpt_chat" name="test_type_multiline_single_line_emits_no_shift_enter" file="tests\test_chatgpt_chat.py" line="141" time="0.001" /><testcase classname="tests.test_chatgpt_chat" name="test_log_notepad_handles_missing_dir" file="tests\test_chatgpt_chat.py" line="150" time="0.021" /><testcase classname="tests.test_chatgpt_update_node_path.TestUpdateNodeNameBasedRef" name="test_update_node_by_name_succeeds" file="tests\test_chatgpt_update_node_path.py" line="63" time="0.524"><failure message="KeyError: 'status'">self = &lt;tests.test_chatgpt_update_node_path.TestUpdateNodeNameBasedRef object at 0x0000018D80FDC2D0&gt;
ext_env = (&lt;module 'tinyassets.universe_server' from 'C:\\Users\\Jonathan\\Projects\\wf-required-test-gate\\tinyassets\\universe...dowsPath('C:/Users/Jonathan/AppData/Local/Temp/pytest-of-Jonathan/pytest-7404/test_update_node_by_name_succe0/output'))

    def test_update_node_by_name_succeeds(self, ext_env):
        """update_node with branch name resolves to correct branch."""
        us, base = ext_env
&gt;       bid, nid = _build(us, name="climate-claim-checker")
                   ^^^^^^^^^^^^^^^^^^^^^^^^^^^^^^^^^^^^^^^^

tests\test_chatgpt_update_node_path.py:67: 
_ _ _ _ _ _ _ _ _ _ _ _ _ _ _ _ _ _ _ _ _ _ _ _ _ _ _ _ _ _ _ _ _ _ _ _ _ _ _ _

us = &lt;module 'tinyassets.universe_server' from 'C:\\Users\\Jonathan\\Projects\\wf-required-test-gate\\tinyassets\\universe_server.py'&gt;

    def _build(us, *, name: str = "test-branch") -&gt; tuple[str, str]:
        """Build a branch and return (branch_def_id, node_id)."""
        spec = {
            "name": name,
            "description": "for name-based ref tests",
            "tags": [],
            "entry_point": "capture",
            "node_defs": [{
                "node_id": "capture",
                "display_name": "Capture Node",
                "prompt_template": "cap: {x}",
            }],
            "edges": [
                {"from": "START", "to": "capture"},
                {"from": "capture", "to": "END"},
            ],
            "state_schema": [{"name": "x", "type": "str"}],
        }
        res = _call(us, "extensions", "build_branch", spec_json=json.dumps(spec))
&gt;       assert res["status"] == "built", res
               ^^^^^^^^^^^^^
E       KeyError: 'status'

tests\test_chatgpt_update_node_path.py:57: KeyError</failure></testcase><testcase classname="tests.test_chatgpt_update_node_path.TestUpdateNodeNameBasedRef" name="test_update_node_by_name_persists_change" file="tests\test_chatgpt_update_node_path.py" line="78" time="0.118"><failure message="KeyError: 'status'">self = &lt;tests.test_chatgpt_update_node_path.TestUpdateNodeNameBasedRef object at 0x0000018D80FDC410&gt;
ext_env = (&lt;module 'tinyassets.universe_server' from 'C:\\Users\\Jonathan\\Projects\\wf-required-test-gate\\tinyassets\\universe...dowsPath('C:/Users/Jonathan/AppData/Local/Temp/pytest-of-Jonathan/pytest-7404/test_update_node_by_name_persi0/output'))

    def test_update_node_by_name_persists_change(self, ext_env):
        """Change made via name-based ref is visible when loading by ID."""
        us, base = ext_env
&gt;       bid, nid = _build(us, name="my-workflow")
                   ^^^^^^^^^^^^^^^^^^^^^^^^^^^^^^

tests\test_chatgpt_update_node_path.py:82: 
_ _ _ _ _ _ _ _ _ _ _ _ _ _ _ _ _ _ _ _ _ _ _ _ _ _ _ _ _ _ _ _ _ _ _ _ _ _ _ _

us = &lt;module 'tinyassets.universe_server' from 'C:\\Users\\Jonathan\\Projects\\wf-required-test-gate\\tinyassets\\universe_server.py'&gt;

    def _build(us, *, name: str = "test-branch") -&gt; tuple[str, str]:
        """Build a branch and return (branch_def_id, node_id)."""
        spec = {
            "name": name,
            "description": "for name-based ref tests",
            "tags": [],
            "entry_point": "capture",
            "node_defs": [{
                "node_id": "capture",
                "display_name": "Capture Node",
                "prompt_template": "cap: {x}",
            }],
            "edges": [
                {"from": "START", "to": "capture"},
                {"from": "capture", "to": "END"},
            ],
            "state_schema": [{"name": "x", "type": "str"}],
        }
        res = _call(us, "extensions", "build_branch", spec_json=json.dumps(spec))
&gt;       assert res["status"] == "built", res
               ^^^^^^^^^^^^^
E       KeyError: 'status'

tests\test_chatgpt_update_node_path.py:57: KeyError</failure></testcase><testcase classname="tests.test_chatgpt_update_node_path.TestUpdateNodeNameBasedRef" name="test_update_node_by_name_case_insensitive" file="tests\test_chatgpt_update_node_path.py" line="95" time="0.117"><failure message="KeyError: 'status'">self = &lt;tests.test_chatgpt_update_node_path.TestUpdateNodeNameBasedRef object at 0x0000018D8060C180&gt;
ext_env = (&lt;module 'tinyassets.universe_server' from 'C:\\Users\\Jonathan\\Projects\\wf-required-test-gate\\tinyassets\\universe...dowsPath('C:/Users/Jonathan/AppData/Local/Temp/pytest-of-Jonathan/pytest-7404/test_update_node_by_name_case_0/output'))

    def test_update_node_by_name_case_insensitive(self, ext_env):
        """Name resolution for update_node is case-insensitive."""
        us, base = ext_env
&gt;       bid, nid = _build(us, name="Climate TinyAssets")
                   ^^^^^^^^^^^^^^^^^^^^^^^^^^^^^^^^^^^^^

tests\test_chatgpt_update_node_path.py:99: 
_ _ _ _ _ _ _ _ _ _ _ _ _ _ _ _ _ _ _ _ _ _ _ _ _ _ _ _ _ _ _ _ _ _ _ _ _ _ _ _

us = &lt;module 'tinyassets.universe_server' from 'C:\\Users\\Jonathan\\Projects\\wf-required-test-gate\\tinyassets\\universe_server.py'&gt;

    def _build(us, *, name: str = "test-branch") -&gt; tuple[str, str]:
        """Build a branch and return (branch_def_id, node_id)."""
        spec = {
            "name": name,
            "description": "for name-based ref tests",
            "tags": [],
            "entry_point": "capture",
            "node_defs": [{
                "node_id": "capture",
                "display_name": "Capture Node",
                "prompt_template": "cap: {x}",
            }],
            "edges": [
                {"from": "START", "to": "capture"},
                {"from": "capture", "to": "END"},
            ],
            "state_schema": [{"name": "x", "type": "str"}],
        }
        res = _call(us, "extensions", "build_branch", spec_json=json.dumps(spec))
&gt;       assert res["status"] == "built", res
               ^^^^^^^^^^^^^
E       KeyError: 'status'

tests\test_chatgpt_update_node_path.py:57: KeyError</failure></testcase><testcase classname="tests.test_chatgpt_update_node_path.TestUpdateNodeNameBasedRef" name="test_update_node_unknown_name_returns_error" file="tests\test_chatgpt_update_node_path.py" line="109" time="0.124"><failure message="KeyError: 'status'">self = &lt;tests.test_chatgpt_update_node_path.TestUpdateNodeNameBasedRef object at 0x0000018D8060C2B0&gt;
ext_env = (&lt;module 'tinyassets.universe_server' from 'C:\\Users\\Jonathan\\Projects\\wf-required-test-gate\\tinyassets\\universe...dowsPath('C:/Users/Jonathan/AppData/Local/Temp/pytest-of-Jonathan/pytest-7404/test_update_node_unknown_name_0/output'))

    def test_update_node_unknown_name_returns_error(self, ext_env):
        """update_node with unrecognized name returns a clear error."""
        us, base = ext_env
&gt;       _build(us, name="real-workflow")

tests\test_chatgpt_update_node_path.py:113: 
_ _ _ _ _ _ _ _ _ _ _ _ _ _ _ _ _ _ _ _ _ _ _ _ _ _ _ _ _ _ _ _ _ _ _ _ _ _ _ _

us = &lt;module 'tinyassets.universe_server' from 'C:\\Users\\Jonathan\\Projects\\wf-required-test-gate\\tinyassets\\universe_server.py'&gt;

    def _build(us, *, name: str = "test-branch") -&gt; tuple[str, str]:
        """Build a branch and return (branch_def_id, node_id)."""
        spec = {
            "name": name,
            "description": "for name-based ref tests",
            "tags": [],
            "entry_point": "capture",
            "node_defs": [{
                "node_id": "capture",
                "display_name": "Capture Node",
                "prompt_template": "cap: {x}",
            }],
            "edges": [
                {"from": "START", "to": "capture"},
                {"from": "capture", "to": "END"},
            ],
            "state_schema": [{"name": "x", "type": "str"}],
        }
        res = _call(us, "extensions", "build_branch", spec_json=json.dumps(spec))
&gt;       assert res["status"] == "built", res
               ^^^^^^^^^^^^^
E       KeyError: 'status'

tests\test_chatgpt_update_node_path.py:57: KeyError</failure></testcase><testcase classname="tests.test_chatgpt_update_node_path.TestUpdateNodeNameBasedRef" name="test_update_node_by_exact_id_still_works" file="tests\test_chatgpt_update_node_path.py" line="124" time="0.124"><failure message="KeyError: 'status'">self = &lt;tests.test_chatgpt_update_node_path.TestUpdateNodeNameBasedRef object at 0x0000018D804C9D90&gt;
ext_env = (&lt;module 'tinyassets.universe_server' from 'C:\\Users\\Jonathan\\Projects\\wf-required-test-gate\\tinyassets\\universe...dowsPath('C:/Users/Jonathan/AppData/Local/Temp/pytest-of-Jonathan/pytest-7404/test_update_node_by_exact_id_s0/output'))

    def test_update_node_by_exact_id_still_works(self, ext_env):
        """Backward compat: update_node still accepts a raw branch_def_id."""
        us, base = ext_env
&gt;       bid, nid = _build(us, name="id-test-workflow")
                   ^^^^^^^^^^^^^^^^^^^^^^^^^^^^^^^^^^^

tests\test_chatgpt_update_node_path.py:128: 
_ _ _ _ _ _ _ _ _ _ _ _ _ _ _ _ _ _ _ _ _ _ _ _ _ _ _ _ _ _ _ _ _ _ _ _ _ _ _ _

us = &lt;module 'tinyassets.universe_server' from 'C:\\Users\\Jonathan\\Projects\\wf-required-test-gate\\tinyassets\\universe_server.py'&gt;

    def _build(us, *, name: str = "test-branch") -&gt; tuple[str, str]:
        """Build a branch and return (branch_def_id, node_id)."""
        spec = {
            "name": name,
            "description": "for name-based ref tests",
            "tags": [],
            "entry_point": "capture",
            "node_defs": [{
                "node_id": "capture",
                "display_name": "Capture Node",
                "prompt_template": "cap: {x}",
            }],
            "edges": [
                {"from": "START", "to": "capture"},
                {"from": "capture", "to": "END"},
            ],
            "state_schema": [{"name": "x", "type": "str"}],
        }
        res = _call(us, "extensions", "build_branch", spec_json=json.dumps(spec))
&gt;       assert res["status"] == "built", res
               ^^^^^^^^^^^^^
E       KeyError: 'status'

tests\test_chatgpt_update_node_path.py:57: KeyError</failure></testcase><testcase classname="tests.test_chatgpt_update_node_path.TestPatchBranchNameBasedRef" name="test_patch_branch_set_name_by_branch_name" file="tests\test_chatgpt_update_node_path.py" line="142" time="0.122"><failure message="KeyError: 'status'">self = &lt;tests.test_chatgpt_update_node_path.TestPatchBranchNameBasedRef object at 0x0000018D80FDC550&gt;
ext_env = (&lt;module 'tinyassets.universe_server' from 'C:\\Users\\Jonathan\\Projects\\wf-required-test-gate\\tinyassets\\universe...dowsPath('C:/Users/Jonathan/AppData/Local/Temp/pytest-of-Jonathan/pytest-7404/test_patch_branch_set_name_by_0/output'))

    def test_patch_branch_set_name_by_branch_name(self, ext_env):
        """patch_branch accepts human name as branch_def_id for set_name op."""
        us, base = ext_env
&gt;       bid, _ = _build(us, name="original-workflow-name")
                 ^^^^^^^^^^^^^^^^^^^^^^^^^^^^^^^^^^^^^^^^^

tests\test_chatgpt_update_node_path.py:146: 
_ _ _ _ _ _ _ _ _ _ _ _ _ _ _ _ _ _ _ _ _ _ _ _ _ _ _ _ _ _ _ _ _ _ _ _ _ _ _ _

us = &lt;module 'tinyassets.universe_server' from 'C:\\Users\\Jonathan\\Projects\\wf-required-test-gate\\tinyassets\\universe_server.py'&gt;

    def _build(us, *, name: str = "test-branch") -&gt; tuple[str, str]:
        """Build a branch and return (branch_def_id, node_id)."""
        spec = {
            "name": name,
            "description": "for name-based ref tests",
            "tags": [],
            "entry_point": "capture",
            "node_defs": [{
                "node_id": "capture",
                "display_name": "Capture Node",
                "prompt_template": "cap: {x}",
            }],
            "edges": [
                {"from": "START", "to": "capture"},
                {"from": "capture", "to": "END"},
            ],
            "state_schema": [{"name": "x", "type": "str"}],
        }
        res = _call(us, "extensions", "build_branch", spec_json=json.dumps(spec))
&gt;       assert res["status"] == "built", res
               ^^^^^^^^^^^^^
E       KeyError: 'status'

tests\test_chatgpt_update_node_path.py:57: KeyError</failure></testcase><testcase classname="tests.test_chatgpt_update_node_path.TestPatchBranchNameBasedRef" name="test_patch_branch_name_resolves_and_persists" file="tests\test_chatgpt_update_node_path.py" line="157" time="0.120"><failure message="KeyError: 'status'">self = &lt;tests.test_chatgpt_update_node_path.TestPatchBranchNameBasedRef object at 0x0000018D80FDC690&gt;
ext_env = (&lt;module 'tinyassets.universe_server' from 'C:\\Users\\Jonathan\\Projects\\wf-required-test-gate\\tinyassets\\universe...dowsPath('C:/Users/Jonathan/AppData/Local/Temp/pytest-of-Jonathan/pytest-7404/test_patch_branch_name_resolve0/output'))

    def test_patch_branch_name_resolves_and_persists(self, ext_env):
        """patch_branch via name persists the change visibly by loading via ID."""
        us, base = ext_env
&gt;       bid, _ = _build(us, name="persist-test-workflow")
                 ^^^^^^^^^^^^^^^^^^^^^^^^^^^^^^^^^^^^^^^^

tests\test_chatgpt_update_node_path.py:161: 
_ _ _ _ _ _ _ _ _ _ _ _ _ _ _ _ _ _ _ _ _ _ _ _ _ _ _ _ _ _ _ _ _ _ _ _ _ _ _ _

us = &lt;module 'tinyassets.universe_server' from 'C:\\Users\\Jonathan\\Projects\\wf-required-test-gate\\tinyassets\\universe_server.py'&gt;

    def _build(us, *, name: str = "test-branch") -&gt; tuple[str, str]:
        """Build a branch and return (branch_def_id, node_id)."""
        spec = {
            "name": name,
            "description": "for name-based ref tests",
            "tags": [],
            "entry_point": "capture",
            "node_defs": [{
                "node_id": "capture",
                "display_name": "Capture Node",
                "prompt_template": "cap: {x}",
            }],
            "edges": [
                {"from": "START", "to": "capture"},
                {"from": "capture", "to": "END"},
            ],
            "state_schema": [{"name": "x", "type": "str"}],
        }
        res = _call(us, "extensions", "build_branch", spec_json=json.dumps(spec))
&gt;       assert res["status"] == "built", res
               ^^^^^^^^^^^^^
E       KeyError: 'status'

tests\test_chatgpt_update_node_path.py:57: KeyError</failure></testcase><testcase classname="tests.test_check_plan_drift" name="test_parse_plan_commitments_extracts_mechanical_targets" file="tests\test_check_plan_drift.py" line="40" time="0.001" /><testcase classname="tests.test_check_plan_drift" name="test_detect_plan_drift_clean_when_targets_exist" file="tests\test_check_plan_drift.py" line="56" time="0.004"><failure message="NameError: name 'tinyassets' is not defined">tmp_path = WindowsPath('C:/Users/Jonathan/AppData/Local/Temp/pytest-of-Jonathan/pytest-7404/test_detect_plan_drift_clean_w0')

    def test_detect_plan_drift_clean_when_targets_exist(tmp_path: Path):
&gt;       write_repo(tmp_path)

tests\test_check_plan_drift.py:58: 
_ _ _ _ _ _ _ _ _ _ _ _ _ _ _ _ _ _ _ _ _ _ _ _ _ _ _ _ _ _ _ _ _ _ _ _ _ _ _ _

root = WindowsPath('C:/Users/Jonathan/AppData/Local/Temp/pytest-of-Jonathan/pytest-7404/test_detect_plan_drift_clean_w0')
plan = "# TinyAssets - Plan\n\n## Module Layout (target shape)\n\n| Subpackage | Responsibility |\n|---|---|\n| `tinyassets/a...gration policy.** When a flat module crosses ~500 LOC OR overlaps a\nsibling's responsibility, it gets a subpackage.\n"

    def write_repo(root: Path, plan: str = PLAN) -&gt; None:
        (root / "PLAN.md").write_text(plan, encoding="utf-8")
        workflow = root / "workflow"
&gt;       tinyassets.mkdir()
        ^^^^^^^^^^
E       NameError: name 'tinyassets' is not defined

tests\test_check_plan_drift.py:37: NameError</failure></testcase><testcase classname="tests.test_check_plan_drift" name="test_detect_plan_drift_reports_missing_and_oversized_root_modules" file="tests\test_check_plan_drift.py" line="74" time="0.004"><failure message="NameError: name 'tinyassets' is not defined">tmp_path = WindowsPath('C:/Users/Jonathan/AppData/Local/Temp/pytest-of-Jonathan/pytest-7404/test_detect_plan_drift_reports0')

    def test_detect_plan_drift_reports_missing_and_oversized_root_modules(tmp_path: Path):
&gt;       write_repo(tmp_path)

tests\test_check_plan_drift.py:76: 
_ _ _ _ _ _ _ _ _ _ _ _ _ _ _ _ _ _ _ _ _ _ _ _ _ _ _ _ _ _ _ _ _ _ _ _ _ _ _ _

root = WindowsPath('C:/Users/Jonathan/AppData/Local/Temp/pytest-of-Jonathan/pytest-7404/test_detect_plan_drift_reports0')
plan = "# TinyAssets - Plan\n\n## Module Layout (target shape)\n\n| Subpackage | Responsibility |\n|---|---|\n| `tinyassets/a...gration policy.** When a flat module crosses ~500 LOC OR overlaps a\nsibling's responsibility, it gets a subpackage.\n"

    def write_repo(root: Path, plan: str = PLAN) -&gt; None:
        (root / "PLAN.md").write_text(plan, encoding="utf-8")
        workflow = root / "workflow"
&gt;       tinyassets.mkdir()
        ^^^^^^^^^^
E       NameError: name 'tinyassets' is not defined

tests\test_check_plan_drift.py:37: NameError</failure></testcase><testcase classname="tests.test_check_plan_drift" name="test_cli_emits_report_and_nonzero_on_drift" file="tests\test_check_plan_drift.py" line="92" time="0.004"><failure message="NameError: name 'tinyassets' is not defined">tmp_path = WindowsPath('C:/Users/Jonathan/AppData/Local/Temp/pytest-of-Jonathan/pytest-7404/test_cli_emits_report_and_nonz0')

    def test_cli_emits_report_and_nonzero_on_drift(tmp_path: Path):
&gt;       write_repo(tmp_path)

tests\test_check_plan_drift.py:94: 
_ _ _ _ _ _ _ _ _ _ _ _ _ _ _ _ _ _ _ _ _ _ _ _ _ _ _ _ _ _ _ _ _ _ _ _ _ _ _ _

root = WindowsPath('C:/Users/Jonathan/AppData/Local/Temp/pytest-of-Jonathan/pytest-7404/test_cli_emits_report_and_nonz0')
plan = "# TinyAssets - Plan\n\n## Module Layout (target shape)\n\n| Subpackage | Responsibility |\n|---|---|\n| `tinyassets/a...gration policy.** When a flat module crosses ~500 LOC OR overlaps a\nsibling's responsibility, it gets a subpackage.\n"

    def write_repo(root: Path, plan: str = PLAN) -&gt; None:
        (root / "PLAN.md").write_text(plan, encoding="utf-8")
        workflow = root / "workflow"
&gt;       tinyassets.mkdir()
        ^^^^^^^^^^
E       NameError: name 'tinyassets' is not defined

tests\test_check_plan_drift.py:37: NameError</failure></testcase><testcase classname="tests.test_check_plan_drift" name="test_cli_no_fail_allows_inventory_mode" file="tests\test_check_plan_drift.py" line="113" time="0.004"><failure message="NameError: name 'tinyassets' is not defined">tmp_path = WindowsPath('C:/Users/Jonathan/AppData/Local/Temp/pytest-of-Jonathan/pytest-7404/test_cli_no_fail_allows_invent0')

    def test_cli_no_fail_allows_inventory_mode(tmp_path: Path):
&gt;       write_repo(tmp_path)

tests\test_check_plan_drift.py:115: 
_ _ _ _ _ _ _ _ _ _ _ _ _ _ _ _ _ _ _ _ _ _ _ _ _ _ _ _ _ _ _ _ _ _ _ _ _ _ _ _

root = WindowsPath('C:/Users/Jonathan/AppData/Local/Temp/pytest-of-Jonathan/pytest-7404/test_cli_no_fail_allows_invent0')
plan = "# TinyAssets - Plan\n\n## Module Layout (target shape)\n\n| Subpackage | Responsibility |\n|---|---|\n| `tinyassets/a...gration policy.** When a flat module crosses ~500 LOC OR overlaps a\nsibling's responsibility, it gets a subpackage.\n"

    def write_repo(root: Path, plan: str = PLAN) -&gt; None:
        (root / "PLAN.md").write_text(plan, encoding="utf-8")
        workflow = root / "workflow"
&gt;       tinyassets.mkdir()
        ^^^^^^^^^^
E       NameError: name 'tinyassets' is not defined

tests\test_check_plan_drift.py:37: NameError</failure></testcase><testcase classname="tests.test_check_primitive_exists" name="test_action_collision_on_known_verb" file="tests\test_check_primitive_exists.py" line="112" time="0.398"><failure message="AssertionError: CLEAN — no 'validate_branch' action handler/map-entry on refs/remotes/origin/main.&#10;  &#10;assert 0 == 2&#10; +  where 2 = cpe.EXIT_COLLISION">fake_repo = WindowsPath('C:/Users/Jonathan/AppData/Local/Temp/pytest-of-Jonathan/pytest-7404/test_action_collision_on_known0/repo')
capsys = &lt;_pytest.capture.CaptureFixture object at 0x0000018D9DB3C2F0&gt;

    def test_action_collision_on_known_verb(fake_repo: Path, capsys):
        rc = cpe.check_action("validate_branch", repo_root=fake_repo)
        out = capsys.readouterr().out
&gt;       assert rc == cpe.EXIT_COLLISION, out
E       AssertionError: CLEAN — no 'validate_branch' action handler/map-entry on refs/remotes/origin/main.
E         
E       assert 0 == 2
E        +  where 2 = cpe.EXIT_COLLISION

tests\test_check_primitive_exists.py:116: AssertionError</failure></testcase><testcase classname="tests.test_check_primitive_exists" name="test_action_clean_on_unknown_verb" file="tests\test_check_primitive_exists.py" line="123" time="0.456" /><testcase classname="tests.test_check_primitive_exists" name="test_action_rejects_bad_identifier" file="tests\test_check_primitive_exists.py" line="130" time="0.271" /><testcase classname="tests.test_check_primitive_exists" name="test_bug_collision_when_id_in_commit_subject" file="tests\test_check_primitive_exists.py" line="140" time="0.319" /><testcase classname="tests.test_check_primitive_exists" name="test_bug_warning_when_only_file_mentions_match" file="tests\test_check_primitive_exists.py" line="150" time="0.343" /><testcase classname="tests.test_check_primitive_exists" name="test_bug_clean_on_unknown_id" file="tests\test_check_primitive_exists.py" line="162" time="0.314" /><testcase classname="tests.test_check_primitive_exists" name="test_bug_rejects_malformed_id" file="tests\test_check_primitive_exists.py" line="169" time="0.266" /><testcase classname="tests.test_check_primitive_exists" name="test_bug_id_normalized_with_zero_pad" file="tests\test_check_primitive_exists.py" line="176" time="0.284" /><testcase classname="tests.test_check_primitive_exists" name="test_sha_clean_on_main_ancestor" file="tests\test_check_primitive_exists.py" line="190" time="0.398" /><testcase classname="tests.test_check_primitive_exists" name="test_sha_collision_when_unresolvable" file="tests\test_check_primitive_exists.py" line="202" time="0.327" /><testcase classname="tests.test_check_primitive_exists" name="test_sha_collision_when_off_main" file="tests\test_check_primitive_exists.py" line="209" time="0.529" /><testcase classname="tests.test_check_primitive_exists" name="test_sha_rejects_non_hex" file="tests\test_check_primitive_exists.py" line="231" time="0.278" /><testcase classname="tests.test_check_primitive_exists" name="test_cli_main_dispatches_action" file="tests\test_check_primitive_exists.py" line="241" time="0.529" /><testcase classname="tests.test_check_primitive_exists" name="test_cli_main_dispatches_bug" file="tests\test_check_primitive_exists.py" line="248" time="0.288" /><testcase classname="tests.test_check_primitive_exists" name="test_cli_main_requires_subcommand" file="tests\test_check_primitive_exists.py" line="255" time="0.002" /><testcase classname="tests.test_checkpointing.TestWALMode" name="test_wal_mode_on_file_db" file="tests\test_checkpointing.py" line="90" time="0.073" /><testcase classname="tests.test_checkpointing.TestWALMode" name="test_wal_mode_verified_independently" file="tests\test_checkpointing.py" line="120" time="0.021" /><testcase classname="tests.test_checkpointing.TestWALMode" name="test_memory_db_wal_returns_false" file="tests\test_checkpointing.py" line="134" time="0.001" /><testcase classname="tests.test_checkpointing.TestStatePersistence" name="test_state_persists_in_memory" file="tests\test_checkpointing.py" line="150" time="0.026" /><testcase classname="tests.test_checkpointing.TestStatePersistence" name="test_state_persists_to_disk" file="tests\test_checkpointing.py" line="162" time="0.035" /><testcase classname="tests.test_checkpointing.TestStatePersistence" name="test_checkpoint_tables_exist" file="tests\test_checkpointing.py" line="173" time="0.036" /><testcase classname="tests.test_checkpointing.TestStatePersistence" name="test_multiple_threads_isolated" file="tests\test_checkpointing.py" line="192" time="0.037" /><testcase classname="tests.test_checkpointing.TestPauseResume" name="test_resume_from_latest_checkpoint" file="tests\test_checkpointing.py" line="221" time="0.028" /><testcase classname="tests.test_checkpointing.TestPauseResume" name="test_resume_config_builder" file="tests\test_checkpointing.py" line="237" time="0.001" /><testcase classname="tests.test_checkpointing.TestPauseResume" name="test_disk_persistence_across_checkpointers" file="tests\test_checkpointing.py" line="247" time="0.058" /><testcase classname="tests.test_checkpointing.TestCheckpointHistory" name="test_get_checkpoint_history" file="tests\test_checkpointing.py" line="274" time="0.028" /><testcase classname="tests.test_checkpointing.TestCheckpointHistory" name="test_history_limit" file="tests\test_checkpointing.py" line="286" time="0.047" /><testcase classname="tests.test_checkpointing.TestCheckpointHistory" name="test_empty_history_for_unknown_thread" file="tests\test_checkpointing.py" line="300" time="0.001" /><testcase classname="tests.test_checkpointing.TestRetentionPolicy" name="test_retention_keeps_recent" file="tests\test_checkpointing.py" line="314" time="0.031" /><testcase classname="tests.test_checkpointing.TestRetentionPolicy" name="test_retention_deletes_old" file="tests\test_checkpointing.py" line="329" time="0.029" /><testcase classname="tests.test_checkpointing.TestRetentionPolicy" name="test_named_checkpoints_protected" file="tests\test_checkpointing.py" line="345" time="0.028" /><testcase classname="tests.test_checkpointing.TestRetentionPolicy" name="test_mark_and_unmark_named" file="tests\test_checkpointing.py" line="365" time="0.001" /><testcase classname="tests.test_checkpointing.TestDirectCheckpointPruning" name="test_prune_keeps_recent_checkpoints_and_matching_writes" file="tests\test_checkpointing.py" line="452" time="0.015" /><testcase classname="tests.test_checkpointing.TestDirectCheckpointPruning" name="test_prune_keeps_recent_per_namespace" file="tests\test_checkpointing.py" line="496" time="0.010" /><testcase classname="tests.test_checkpointing.TestDirectCheckpointPruning" name="test_configured_retention_defaults_enabled_and_zero_disables" file="tests\test_checkpointing.py" line="532" time="0.001" /><testcase classname="tests.test_checkpointing.TestCreateCheckpointer" name="test_create_memory_checkpointer" file="tests\test_checkpointing.py" line="551" time="0.001" /><testcase classname="tests.test_checkpointing.TestCreateCheckpointer" name="test_create_file_checkpointer" file="tests\test_checkpointing.py" line="556" time="0.005" /><testcase classname="tests.test_checkpointing.TestCreateCheckpointer" name="test_compile_all_graphs_with_factory" file="tests\test_checkpointing.py" line="563" time="0.139" /><testcase classname="tests.test_ci_required_tests" name="test_node_id_module_level_function" file="tests\test_ci_required_tests.py" line="28" time="0.001" /><testcase classname="tests.test_ci_required_tests" name="test_node_id_inside_a_class" file="tests\test_ci_required_tests.py" line="33" time="0.000" /><testcase classname="tests.test_ci_required_tests" name="test_node_id_normalises_windows_separators" file="tests\test_ci_required_tests.py" line="38" time="0.000" /><testcase classname="tests.test_ci_required_tests" name="test_node_id_without_file_attribute_still_identifies_the_test" file="tests\test_ci_required_tests.py" line="43" time="0.000" /><testcase classname="tests.test_ci_required_tests" name="test_parse_quarantine_splits_tolerated_and_flaky" file="tests\test_ci_required_tests.py" line="52" time="0.005" /><testcase classname="tests.test_ci_required_tests" name="test_parse_quarantine_reports_malformed_lines" file="tests\test_ci_required_tests.py" line="68" time="0.005" /><testcase classname="tests.test_ci_required_tests" name="test_parse_quarantine_missing_file_is_empty_not_an_error" file="tests\test_ci_required_tests.py" line="76" time="0.004" /><testcase classname="tests.test_ci_required_tests" name="test_collect_outcomes_classifies_pass_fail_error" file="tests\test_ci_required_tests.py" line="89" time="0.005" /><testcase classname="tests.test_ci_required_tests" name="test_collect_outcomes_excludes_skipped_from_ran" file="tests\test_ci_required_tests.py" line="101" time="0.005" /><testcase classname="tests.test_ci_required_tests" name="test_repo_quarantine_file_is_wellformed" file="tests\test_ci_required_tests.py" line="115" time="0.001" /><testcase classname="tests.test_ci_required_tests" name="test_module_constants_exist[QUARANTINE]" file="tests\test_ci_required_tests.py" line="121" time="0.001" /><testcase classname="tests.test_ci_required_tests" name="test_module_constants_exist[REPO_ROOT]" file="tests\test_ci_required_tests.py" line="121" time="0.000" /><testcase classname="tests.test_ci_required_tests" name="test_node_id_collection_error_has_no_double_colon" file="tests\test_ci_required_tests.py" line="126" time="0.000" /><testcase classname="tests.test_claim_check" name="test_load_status_text_defaults_to_working_tree" file="tests\test_claim_check.py" line="24" time="0.012" /><testcase classname="tests.test_claim_check" name="test_task_label_preserves_full_bolded_identity" file="tests\test_claim_check.py" line="41" time="0.001" /><testcase classname="tests.test_claim_check" name="test_load_status_text_reads_explicit_git_ref" file="tests\test_claim_check.py" line="50" time="0.004" /><testcase classname="tests.test_claim_check" name="test_load_status_text_fails_closed_for_unreadable_ref" file="tests\test_claim_check.py" line="74" time="0.004" /><testcase classname="tests.test_claim_check" name="test_load_status_text_rejects_option_like_ref" file="tests\test_claim_check.py" line="95" time="0.003" /><testcase classname="tests.test_claim_check" name="test_stale_activity_uses_same_explicit_history_ref" file="tests\test_claim_check.py" line="111" time="0.001" /><testcase classname="tests.test_claim_check" name="test_status_row_lifecycle_atom_does_not_create_global_overlap" file="tests\test_claim_check.py" line="137" time="0.000" /><testcase classname="tests.test_claim_check" name="test_status_exemption_preserves_every_non_coordination_overlap" file="tests\test_claim_check.py" line="146" time="0.001" /><testcase classname="tests.test_claim_check" name="test_nested_status_named_file_remains_an_ordinary_collision" file="tests\test_claim_check.py" line="155" time="0.000" /><testcase classname="tests.test_claude_chat_failure_dump" name="test_dump_writes_three_artifacts" file="tests\test_claude_chat_failure_dump.py" line="71" time="0.032" /><testcase classname="tests.test_claude_chat_failure_dump" name="test_dump_sanitizes_reason_for_filename" file="tests\test_claude_chat_failure_dump.py" line="95" time="0.007" /><testcase classname="tests.test_claude_chat_failure_dump" name="test_dump_survives_screenshot_failure" file="tests\test_claude_chat_failure_dump.py" line="112" time="0.006" /><testcase classname="tests.test_claude_chat_failure_dump" name="test_dump_survives_content_failure" file="tests\test_claude_chat_failure_dump.py" line="124" time="0.016" /><testcase classname="tests.test_claude_chat_failure_dump" name="test_dump_never_raises" file="tests\test_claude_chat_failure_dump.py" line="135" time="0.007" /><testcase classname="tests.test_claude_chat_failure_dump" name="test_wait_for_response_returns_timed_out_flag" file="tests\test_claude_chat_failure_dump.py" line="150" time="0.005" /><testcase classname="tests.test_claude_chat_inline_dismiss" name="test_inline_dismiss_click_success_returns_1" file="tests\test_claude_chat_inline_dismiss.py" line="57" time="0.012" /><testcase classname="tests.test_claude_chat_inline_dismiss" name="test_inline_dismiss_not_found_returns_0_no_log" file="tests\test_claude_chat_inline_dismiss.py" line="70" time="0.006" /><testcase classname="tests.test_claude_chat_inline_dismiss" name="test_inline_dismiss_detected_but_click_failed_logs_failed" file="tests\test_claude_chat_inline_dismiss.py" line="79" time="0.016" /><testcase classname="tests.test_claude_chat_inline_dismiss" name="test_inline_dismiss_evaluate_raises_returns_0" file="tests\test_claude_chat_inline_dismiss.py" line="92" time="0.007" /><testcase classname="tests.test_claude_chat_inline_dismiss" name="test_inline_dismiss_empty_payload_returns_0" file="tests\test_claude_chat_inline_dismiss.py" line="100" time="0.005" /><testcase classname="tests.test_claude_chat_inline_dismiss" name="test_inline_dismiss_missing_label_falls_back_to_default" file="tests\test_claude_chat_inline_dismiss.py" line="106" time="0.007" /><testcase classname="tests.test_claude_chat_inline_dismiss" name="test_inline_dismiss_refusal_is_logged_once" file="tests\test_claude_chat_inline_dismiss.py" line="114" time="0.015" /><testcase classname="tests.test_claude_chat_inline_dismiss" name="test_inline_dismiss_ordinary_misses_stay_quiet" file="tests\test_claude_chat_inline_dismiss.py" line="127" time="0.006" /><testcase classname="tests.test_claude_chat_inline_dismiss" name="test_inline_probe_script_gating_strings" file="tests\test_claude_chat_inline_dismiss.py" line="135" time="0.006" /><testcase classname="tests.test_claude_chat_inline_dismiss" name="test_probe_clicks_tinyassets_card" file="tests\test_claude_chat_inline_dismiss.py" line="276" time="0.050" /><testcase classname="tests.test_claude_chat_inline_dismiss" name="test_probe_clicks_legacy_universe_server_card" file="tests\test_claude_chat_inline_dismiss.py" line="287" time="0.048" /><testcase classname="tests.test_claude_chat_inline_dismiss" name="test_probe_does_not_grant_another_connector_after_our_card" file="tests\test_claude_chat_inline_dismiss.py" line="304" time="0.077" /><testcase classname="tests.test_claude_chat_inline_dismiss" name="test_probe_ignores_brand_mentioned_in_chat_prose" file="tests\test_claude_chat_inline_dismiss.py" line="328" time="0.046" /><testcase classname="tests.test_claude_chat_inline_dismiss" name="test_probe_rejects_card_whose_arguments_mention_us" file="tests\test_claude_chat_inline_dismiss.py" line="342" time="0.047" /><testcase classname="tests.test_claude_chat_inline_dismiss" name="test_probe_rejects_lookalike_connector_name" file="tests\test_claude_chat_inline_dismiss.py" line="363" time="0.125" /><testcase classname="tests.test_claude_chat_inline_dismiss" name="test_probe_clicks_real_card_shape[Universe Server]" file="tests\test_claude_chat_inline_dismiss.py" line="399" time="0.046" /><testcase classname="tests.test_claude_chat_inline_dismiss" name="test_probe_clicks_real_card_shape[TinyAssets]" file="tests\test_claude_chat_inline_dismiss.py" line="399" time="0.047" /><testcase classname="tests.test_claude_chat_inline_dismiss" name="test_probe_clicks_real_card_shape[TinyAssets Server]" file="tests\test_claude_chat_inline_dismiss.py" line="399" time="0.046" /><testcase classname="tests.test_claude_chat_inline_dismiss" name="test_probe_clicks_real_card_shape[  TinyAssets  ]" file="tests\test_claude_chat_inline_dismiss.py" line="399" time="0.083" /><testcase classname="tests.test_claude_chat_inline_dismiss" name="test_probe_clicks_real_card_shape[TinyAssets\xa0Server]" file="tests\test_claude_chat_inline_dismiss.py" line="399" time="0.046" /><testcase classname="tests.test_claude_chat_inline_dismiss" name="test_probe_connector_lookup_is_card_scoped_not_page_scoped" file="tests\test_claude_chat_inline_dismiss.py" line="416" time="0.046" /><testcase classname="tests.test_claude_chat_inline_dismiss" name="test_probe_inline_fallback_cannot_reach_a_tool_name" file="tests\test_claude_chat_inline_dismiss.py" line="439" time="0.104" /><testcase classname="tests.test_claude_chat_inline_dismiss" name="test_probe_reads_connector_not_tool_name" file="tests\test_claude_chat_inline_dismiss.py" line="460" time="0.050" /><testcase classname="tests.test_claude_chat_inline_dismiss" name="test_probe_rejects_punctuated_and_third_party_connectors[TinyAssets!]" file="tests\test_claude_chat_inline_dismiss.py" line="472" time="0.050" /><testcase classname="tests.test_claude_chat_inline_dismiss" name="test_probe_rejects_punctuated_and_third_party_connectors[TinyAssets.]" file="tests\test_claude_chat_inline_dismiss.py" line="472" time="0.049" /><testcase classname="tests.test_claude_chat_inline_dismiss" name="test_probe_rejects_punctuated_and_third_party_connectors[TinyAssets-]" file="tests\test_claude_chat_inline_dismiss.py" line="472" time="0.048" /><testcase classname="tests.test_claude_chat_inline_dismiss" name="test_probe_rejects_punctuated_and_third_party_connectors[Google Drive]" file="tests\test_claude_chat_inline_dismiss.py" line="472" time="0.048" /><testcase classname="tests.test_claude_chat_inline_dismiss" name="test_probe_rejects_punctuated_and_third_party_connectors[Gmail]" file="tests\test_claude_chat_inline_dismiss.py" line="472" time="0.046" /><testcase classname="tests.test_claude_chat_inline_dismiss" name="test_probe_requires_always_allow_prefix_not_substring" file="tests\test_claude_chat_inline_dismiss.py" line="487" time="0.048" /><testcase classname="tests.test_claude_chat_inline_dismiss" name="test_probe_clicks_qualified_always_allow_copy" file="tests\test_claude_chat_inline_dismiss.py" line="500" time="0.046" /><testcase classname="tests.test_claude_chat_inline_dismiss" name="test_probe_matches_button_with_nested_markup" file="tests\test_claude_chat_inline_dismiss.py" line="512" time="0.046" /><testcase classname="tests.test_claude_chat_inline_dismiss" name="test_probe_fails_closed_on_ambiguous_container" file="tests\test_claude_chat_inline_dismiss.py" line="525" time="0.047" /><testcase classname="tests.test_claude_chat_inline_dismiss" name="test_probe_ignores_button_not_inside_a_card" file="tests\test_claude_chat_inline_dismiss.py" line="542" time="0.092" /><testcase classname="tests.test_claude_chat_inline_dismiss" name="test_probe_skips_hidden_button_and_takes_visible_card" file="tests\test_claude_chat_inline_dismiss.py" line="554" time="0.049" /><testcase classname="tests.test_claude_chat_inline_dismiss" name="test_probe_no_permission_text_is_a_clean_miss" file="tests\test_claude_chat_inline_dismiss.py" line="570" time="0.048" /><testcase classname="tests.test_claude_chat_notepad_mirror" name="test_log_writes_expected_line_shape" file="tests\test_claude_chat_notepad_mirror.py" line="36" time="0.019" /><testcase classname="tests.test_claude_chat_notepad_mirror" name="test_log_truncates_to_80_chars" file="tests\test_claude_chat_notepad_mirror.py" line="49" time="0.013" /><testcase classname="tests.test_claude_chat_notepad_mirror" name="test_log_collapses_newlines_in_snippet" file="tests\test_claude_chat_notepad_mirror.py" line="59" time="0.018" /><testcase classname="tests.test_claude_chat_notepad_mirror" name="test_log_appends_across_calls" file="tests\test_claude_chat_notepad_mirror.py" line="69" time="0.015" /><testcase classname="tests.test_claude_chat_notepad_mirror" name="test_log_default_tool_name_is_dash" file="tests\test_claude_chat_notepad_mirror.py" line="81" time="0.014" /><testcase classname="tests.test_claude_chat_notepad_mirror" name="test_log_creates_parent_directory" file="tests\test_claude_chat_notepad_mirror.py" line="88" time="0.015" /><testcase classname="tests.test_claude_chat_notepad_mirror" name="test_log_never_raises_on_write_error" file="tests\test_claude_chat_notepad_mirror.py" line="98" time="0.006" /><testcase classname="tests.test_claude_chat_notepad_mirror" name="test_log_empty_text_still_writes_line" file="tests\test_claude_chat_notepad_mirror.py" line="110" time="0.013" /><testcase classname="tests.test_claude_chat_recovery" name="test_selection_widget_visible_detects_ask_user_option" file="tests\test_claude_chat_recovery.py" line="139" time="0.002" /><testcase classname="tests.test_claude_chat_recovery" name="test_selection_widget_visible_false_when_input_present" file="tests\test_claude_chat_recovery.py" line="146" time="0.001" /><testcase classname="tests.test_claude_chat_recovery" name="test_recovery_returns_immediately_when_input_already_present" file="tests\test_claude_chat_recovery.py" line="157" time="0.001" /><testcase classname="tests.test_claude_chat_recovery" name="test_recovery_via_escape_when_selection_widget_active" file="tests\test_claude_chat_recovery.py" line="177" time="0.602" /><testcase classname="tests.test_claude_chat_recovery" name="test_recovery_via_main_click" file="tests\test_claude_chat_recovery.py" line="199" time="0.304" /><testcase classname="tests.test_claude_chat_recovery" name="test_recovery_via_scroll_when_input_virtualized" file="tests\test_claude_chat_recovery.py" line="228" time="0.903" /><testcase classname="tests.test_claude_chat_recovery" name="test_recovery_via_chat_reload_last_resort" file="tests\test_claude_chat_recovery.py" line="238" time="4.008" /><testcase classname="tests.test_claude_chat_recovery" name="test_recovery_skips_reload_when_not_in_chat_url" file="tests\test_claude_chat_recovery.py" line="256" time="1.508" /><testcase classname="tests.test_claude_chat_recovery" name="test_recovery_returns_none_when_all_strategies_fail" file="tests\test_claude_chat_recovery.py" line="271" time="4.408" /><testcase classname="tests.test_claude_chat_recovery" name="test_recovery_never_navigates_to_new_chat" file="tests\test_claude_chat_recovery.py" line="289" time="4.007" /><testcase classname="tests.test_claude_chat_recovery" name="test_recovery_never_clicks_widget_skip_button" file="tests\test_claude_chat_recovery.py" line="303" time="4.409" /><testcase classname="tests.test_claude_chat_recovery" name="test_recovery_via_escape_does_not_submit_choice" file="tests\test_claude_chat_recovery.py" line="363" time="0.610" /><testcase classname="tests.test_claude_chat_recovery" name="test_recovery_returns_none_when_widget_survives_all_strategies" file="tests\test_claude_chat_recovery.py" line="384" time="4.408" /><testcase classname="tests.test_claude_chat_recovery" name="test_recovery_is_resilient_to_exceptions" file="tests\test_claude_chat_recovery.py" line="413" time="0.003" /><testcase classname="tests.test_claude_chat_rich_content" name="test_extract_returns_empty_when_no_assistant_message" file="tests\test_claude_chat_rich_content.py" line="160" time="0.002" /><testcase classname="tests.test_claude_chat_rich_content" name="test_extract_captures_mermaid_code_block" file="tests\test_claude_chat_rich_content.py" line="165" time="0.002" /><testcase classname="tests.test_claude_chat_rich_content" name="test_extract_labels_non_mermaid_code_blocks" file="tests\test_claude_chat_rich_content.py" line="175" time="0.002" /><testcase classname="tests.test_claude_chat_rich_content" name="test_extract_collects_artifact_with_title" file="tests\test_claude_chat_rich_content.py" line="184" time="0.002" /><testcase classname="tests.test_claude_chat_rich_content" name="test_extract_deduplicates_identical_text" file="tests\test_claude_chat_rich_content.py" line="199" time="0.001" /><testcase classname="tests.test_claude_chat_rich_content" name="test_extract_handles_multiple_code_blocks" file="tests\test_claude_chat_rich_content.py" line="216" time="0.001" /><testcase classname="tests.test_claude_chat_rich_content" name="test_extract_handles_code_block_without_language" file="tests\test_claude_chat_rich_content.py" line="232" time="0.001" /><testcase classname="tests.test_claude_chat_rich_content" name="test_extract_skips_empty_bodies" file="tests\test_claude_chat_rich_content.py" line="241" time="0.001" /><testcase classname="tests.test_claude_chat_rich_content" name="test_extract_never_raises_on_selector_errors" file="tests\test_claude_chat_rich_content.py" line="248" time="0.002" /><testcase classname="tests.test_claude_chat_rich_content" name="test_format_empty_list_returns_empty_string" file="tests\test_claude_chat_rich_content.py" line="275" time="0.001" /><testcase classname="tests.test_claude_chat_rich_content" name="test_format_artifact_section" file="tests\test_claude_chat_rich_content.py" line="279" time="0.001" /><testcase classname="tests.test_claude_chat_rich_content" name="test_format_mermaid_section" file="tests\test_claude_chat_rich_content.py" line="287" time="0.001" /><testcase classname="tests.test_claude_chat_rich_content" name="test_format_labels_code_with_language" file="tests\test_claude_chat_rich_content.py" line="295" time="0.001" /><testcase classname="tests.test_claude_chat_rich_content" name="test_format_preserves_item_order" file="tests\test_claude_chat_rich_content.py" line="303" time="0.001" /><testcase classname="tests.test_claude_chat_send_state" name="test_composer_contains_message_when_prompt_was_not_submitted" file="tests\test_claude_chat_send_state.py" line="81" time="0.001" /><testcase classname="tests.test_claude_chat_send_state" name="test_composer_contains_message_normalizes_whitespace" file="tests\test_claude_chat_send_state.py" line="92" time="0.001" /><testcase classname="tests.test_claude_chat_send_state" name="test_composer_contains_message_false_when_input_missing" file="tests\test_claude_chat_send_state.py" line="102" time="0.001" /><testcase classname="tests.test_claude_chat_send_state" name="test_locator_is_disabled_from_disabled_attribute" file="tests\test_claude_chat_send_state.py" line="113" time="0.001" /><testcase classname="tests.test_claude_chat_send_state" name="test_locator_is_disabled_from_aria_attribute" file="tests\test_claude_chat_send_state.py" line="119" time="0.001" /><testcase classname="tests.test_claude_chat_send_state" name="test_locator_is_disabled_from_dom_evaluation" file="tests\test_claude_chat_send_state.py" line="125" time="0.002" /><testcase classname="tests.test_claude_chat_send_state" name="test_visible_submit_block_note_extracts_usage_limit" file="tests\test_claude_chat_send_state.py" line="131" time="0.052" /><testcase classname="tests.test_claude_chat_thinking" name="test_format_trace_without_thinking_is_backward_compatible" file="tests\test_claude_chat_thinking.py" line="38" time="0.002" /><testcase classname="tests.test_claude_chat_thinking" name="test_format_trace_with_rich_section_preserves_suffix" file="tests\test_claude_chat_thinking.py" line="48" time="0.000" /><testcase classname="tests.test_claude_chat_thinking" name="test_format_trace_with_thinking_wraps_in_sections" file="tests\test_claude_chat_thinking.py" line="58" time="0.000" /><testcase classname="tests.test_claude_chat_thinking" name="test_format_trace_empty_response_substitutes_placeholder" file="tests\test_claude_chat_thinking.py" line="75" time="0.000" /><testcase classname="tests.test_claude_chat_thinking" name="test_format_trace_rich_section_after_reply_when_thinking_present" file="tests\test_claude_chat_thinking.py" line="84" time="0.000" /><testcase classname="tests.test_claude_chat_thinking" name="test_expand_thinking_blocks_clicks_visible_expander" file="tests\test_claude_chat_thinking.py" line="145" time="0.301" /><testcase classname="tests.test_claude_chat_thinking" name="test_expand_thinking_blocks_skips_invisible_expander" file="tests\test_claude_chat_thinking.py" line="157" time="0.001" /><testcase classname="tests.test_claude_chat_thinking" name="test_expand_thinking_blocks_survives_click_failure" file="tests\test_claude_chat_thinking.py" line="169" time="0.305" /><testcase classname="tests.test_claude_chat_thinking" name="test_expand_thinking_blocks_returns_zero_for_no_last_locator" file="tests\test_claude_chat_thinking.py" line="187" time="0.002" /><testcase classname="tests.test_claude_chat_thinking" name="test_expand_thinking_blocks_returns_zero_when_no_expanders_match" file="tests\test_claude_chat_thinking.py" line="191" time="0.001" /><testcase classname="tests.test_claude_chat_thinking" name="test_read_thinking_text_returns_first_matched_container" file="tests\test_claude_chat_thinking.py" line="199" time="0.000" /><testcase classname="tests.test_claude_chat_thinking" name="test_read_thinking_text_concatenates_multiple_containers" file="tests\test_claude_chat_thinking.py" line="210" time="0.000" /><testcase classname="tests.test_claude_chat_thinking" name="test_read_thinking_text_returns_empty_when_no_container" file="tests\test_claude_chat_thinking.py" line="222" time="0.000" /><testcase classname="tests.test_claude_chat_thinking" name="test_read_thinking_text_returns_empty_for_no_last_locator" file="tests\test_claude_chat_thinking.py" line="230" time="0.000" /><testcase classname="tests.test_claude_chat_thinking" name="test_thinking_container_selectors_not_empty" file="tests\test_claude_chat_thinking.py" line="239" time="0.000" /><testcase classname="tests.test_claude_chat_thinking" name="test_thinking_expand_button_selectors_include_aria_expanded" file="tests\test_claude_chat_thinking.py" line="243" time="0.000" /><testcase classname="tests.test_claude_chat_thinking" name="test_trace_timestamp_is_iso_8601_with_millis_and_tz" file="tests\test_claude_chat_thinking.py" line="257" time="0.001" /><testcase classname="tests.test_claude_chat_thinking" name="test_trace_timestamps_sort_chronologically_as_strings" file="tests\test_claude_chat_thinking.py" line="273" time="0.000" /><testcase classname="tests.test_cloud_automation_continuation" name="test_claimed_epoch2_task_claims_same_background_attempt" file="tests\test_cloud_automation_continuation.py" line="653" time="0.184" /><testcase classname="tests.test_cloud_automation_continuation" name="test_concurrent_cloud_claims_have_one_task_custody_winner" file="tests\test_cloud_automation_continuation.py" line="698" time="0.315" /><testcase classname="tests.test_cloud_automation_continuation" name="test_cloud_attempt_claim_fails_closed_when_task_custody_changes[activation_stopped]" file="tests\test_cloud_automation_continuation.py" line="736" time="0.164" /><testcase classname="tests.test_cloud_automation_continuation" name="test_cloud_attempt_claim_fails_closed_when_task_custody_changes[alternate_worker]" file="tests\test_cloud_automation_continuation.py" line="736" time="0.157" /><testcase classname="tests.test_cloud_automation_continuation" name="test_cloud_attempt_claim_fails_closed_when_task_custody_changes[lease_mismatch]" file="tests\test_cloud_automation_continuation.py" line="736" time="0.160" /><testcase classname="tests.test_cloud_automation_continuation" name="test_cloud_attempt_claim_fails_closed_when_task_custody_changes[task_renewed]" file="tests\test_cloud_automation_continuation.py" line="736" time="0.157" /><testcase classname="tests.test_cloud_automation_continuation" name="test_activation_compositor_converges_to_one_epoch2_admission_and_attempt" file="tests\test_cloud_automation_continuation.py" line="860" time="0.168" /><testcase classname="tests.test_cloud_automation_continuation" name="test_concurrent_activation_compositors_have_one_admission_and_attempt_winner" file="tests\test_cloud_automation_continuation.py" line="905" time="0.411" /><testcase classname="tests.test_cloud_automation_continuation" name="test_activation_compositor_restart_converges_after_partial_commit[activation_committed]" file="tests\test_cloud_automation_continuation.py" line="931" time="0.164" /><testcase classname="tests.test_cloud_automation_continuation" name="test_activation_compositor_restart_converges_after_partial_commit[admission_committed]" file="tests\test_cloud_automation_continuation.py" line="931" time="0.165" /><testcase classname="tests.test_cloud_automation_continuation" name="test_activation_compositor_rejects_competing_lease_after_activation" file="tests\test_cloud_automation_continuation.py" line="964" time="0.168" /><testcase classname="tests.test_cloud_automation_continuation" name="test_activation_compositor_fails_closed_when_user_authority_is_revoked[provider_revoked-provider_binding_unavailable]" file="tests\test_cloud_automation_continuation.py" line="976" time="0.125" /><testcase classname="tests.test_cloud_automation_continuation" name="test_activation_compositor_fails_closed_when_user_authority_is_revoked[destination_revoked-destination_grant_unavailable]" file="tests\test_cloud_automation_continuation.py" line="976" time="0.124" /><testcase classname="tests.test_cloud_automation_continuation" name="test_activation_compositor_does_not_activate_for_missing_directed_daemon" file="tests\test_cloud_automation_continuation.py" line="1007" time="0.102" /><testcase classname="tests.test_cloud_automation_continuation" name="test_activation_compositor_rejects_mismatched_admission_body_digest" file="tests\test_cloud_automation_continuation.py" line="1026" time="0.125" /><testcase classname="tests.test_cloud_automation_continuation" name="test_activation_compositor_rejects_binding_that_expired_after_preparation" file="tests\test_cloud_automation_continuation.py" line="1045" time="0.129" /><testcase classname="tests.test_cloud_automation_continuation" name="test_activation_compositor_revalidates_live_binding_budget_before_activation[budget_change0]" file="tests\test_cloud_automation_continuation.py" line="1064" time="0.124" /><testcase classname="tests.test_cloud_automation_continuation" name="test_activation_compositor_revalidates_live_binding_budget_before_activation[budget_change1]" file="tests\test_cloud_automation_continuation.py" line="1064" time="0.139" /><testcase classname="tests.test_cloud_automation_continuation" name="test_active_epoch2_task_issues_one_restart_safe_background_attempt" file="tests\test_cloud_automation_continuation.py" line="1097" time="0.258" /><testcase classname="tests.test_cloud_automation_continuation" name="test_epoch2_attempt_resolution_fails_closed_on_stale_assignment[activation_stopped]" file="tests\test_cloud_automation_continuation.py" line="1176" time="0.124" /><testcase classname="tests.test_cloud_automation_continuation" name="test_epoch2_attempt_resolution_fails_closed_on_stale_assignment[alternate_worker]" file="tests\test_cloud_automation_continuation.py" line="1176" time="0.112" /><testcase classname="tests.test_cloud_automation_continuation" name="test_claimed_cloud_attempt_resolves_one_restart_safe_provider_receipt" file="tests\test_cloud_automation_continuation.py" line="1234" time="0.083" /><testcase classname="tests.test_cloud_automation_continuation" name="test_cloud_provider_receipt_resolution_fails_closed_on_stale_owner[activation_stopped-claimed-branch_repo_spec_loop@abc12345-clock0]" file="tests\test_cloud_automation_continuation.py" line="1274" time="0.064" /><testcase classname="tests.test_cloud_automation_continuation" name="test_cloud_provider_receipt_resolution_fails_closed_on_stale_owner[attempt_reserved-reserved-branch_repo_spec_loop@abc12345-clock1]" file="tests\test_cloud_automation_continuation.py" line="1274" time="0.070" /><testcase classname="tests.test_cloud_automation_continuation" name="test_cloud_provider_receipt_resolution_fails_closed_on_stale_owner[provider_revoked-claimed-branch_repo_spec_loop@abc12345-clock2]" file="tests\test_cloud_automation_continuation.py" line="1274" time="0.079" /><testcase classname="tests.test_cloud_automation_continuation" name="test_cloud_provider_receipt_resolution_fails_closed_on_stale_owner[expired_lease-claimed-branch_repo_spec_loop@abc12345-clock3]" file="tests\test_cloud_automation_continuation.py" line="1274" time="0.072" /><testcase classname="tests.test_cloud_automation_continuation" name="test_prepare_persists_one_non_authorizing_restart_safe_record" file="tests\test_cloud_automation_continuation.py" line="1328" time="0.060" /><testcase classname="tests.test_cloud_automation_continuation" name="test_concurrent_and_restart_preparation_replays_one_record" file="tests\test_cloud_automation_continuation.py" line="1372" time="0.161" /><testcase classname="tests.test_cloud_automation_continuation" name="test_different_definition_conflicts_with_prepared_lane" file="tests\test_cloud_automation_continuation.py" line="1395" time="0.066" /><testcase classname="tests.test_cloud_automation_continuation" name="test_prepare_fails_closed_on_missing_or_stale_owner[activation_missing-activation_missing]" file="tests\test_cloud_automation_continuation.py" line="1409" time="0.035" /><testcase classname="tests.test_cloud_automation_continuation" name="test_prepare_fails_closed_on_missing_or_stale_owner[activation_active-activation_not_stopped]" file="tests\test_cloud_automation_continuation.py" line="1409" time="0.042" /><testcase classname="tests.test_cloud_automation_continuation" name="test_prepare_fails_closed_on_missing_or_stale_owner[background_revoked-background_binding_unavailable]" file="tests\test_cloud_automation_continuation.py" line="1409" time="0.039" /><testcase classname="tests.test_cloud_automation_continuation" name="test_prepare_fails_closed_on_missing_or_stale_owner[background_foreign-background_binding_mismatch]" file="tests\test_cloud_automation_continuation.py" line="1409" time="0.038" /><testcase classname="tests.test_cloud_automation_continuation" name="test_prepare_fails_closed_on_missing_or_stale_owner[background_wrong_version-background_binding_mismatch]" file="tests\test_cloud_automation_continuation.py" line="1409" time="0.037" /><testcase classname="tests.test_cloud_automation_continuation" name="test_prepare_fails_closed_on_missing_or_stale_owner[background_wrong_executor-background_binding_mismatch]" file="tests\test_cloud_automation_continuation.py" line="1409" time="0.039" /><testcase classname="tests.test_cloud_automation_continuation" name="test_prepare_fails_closed_on_missing_or_stale_owner[background_broad_executor-background_binding_mismatch]" file="tests\test_cloud_automation_continuation.py" line="1409" time="0.037" /><testcase classname="tests.test_cloud_automation_continuation" name="test_prepare_fails_closed_on_missing_or_stale_owner[background_overbroad_budget-background_binding_mismatch]" file="tests\test_cloud_automation_continuation.py" line="1409" time="0.036" /><testcase classname="tests.test_cloud_automation_continuation" name="test_prepare_fails_closed_on_missing_or_stale_owner[background_exhausted-background_binding_mismatch]" file="tests\test_cloud_automation_continuation.py" line="1409" time="0.038" /><testcase classname="tests.test_cloud_automation_continuation" name="test_prepare_fails_closed_on_missing_or_stale_owner[provider_revoked-provider_binding_unavailable]" file="tests\test_cloud_automation_continuation.py" line="1409" time="0.048" /><testcase classname="tests.test_cloud_automation_continuation" name="test_prepare_fails_closed_on_missing_or_stale_owner[destination_revoked-destination_grant_unavailable]" file="tests\test_cloud_automation_continuation.py" line="1409" time="0.044" /><testcase classname="tests.test_cloud_automation_continuation" name="test_tampered_prepared_record_fails_closed_on_restart" file="tests\test_cloud_automation_continuation.py" line="1476" time="0.065" /><testcase classname="tests.test_cloud_automation_continuation" name="test_prepared_record_rejects_noncanonical_integrity_fields" file="tests\test_cloud_automation_continuation.py" line="1493" time="0.048" /><testcase classname="tests.test_cloud_automation_continuation" name="test_control_plane_owner_change_before_insert_fails_closed[background-background_binding_mismatch]" file="tests\test_cloud_automation_continuation.py" line="1505" time="0.061" /><testcase classname="tests.test_cloud_automation_continuation" name="test_control_plane_owner_change_before_insert_fails_closed[provider-provider_binding_unavailable]" file="tests\test_cloud_automation_continuation.py" line="1505" time="0.056" /><testcase classname="tests.test_cloud_worker" name="test_compute_backoff_first_crash_is_base" file="tests\test_cloud_worker.py" line="77" time="0.001" /><testcase classname="tests.test_cloud_worker" name="test_compute_backoff_second_crash_doubles" file="tests\test_cloud_worker.py" line="81" time="0.001" /><testcase classname="tests.test_cloud_worker" name="test_compute_backoff_third_crash_doubles_again" file="tests\test_cloud_worker.py" line="85" time="0.000" /><testcase classname="tests.test_cloud_worker" name="test_compute_backoff_respects_ceiling" file="tests\test_cloud_worker.py" line="89" time="0.000" /><testcase classname="tests.test_cloud_worker" name="test_compute_backoff_zero_crash_count_is_zero" file="tests\test_cloud_worker.py" line="95" time="0.000" /><testcase classname="tests.test_cloud_worker" name="test_compute_backoff_negative_crash_count_is_zero" file="tests\test_cloud_worker.py" line="99" time="0.000" /><testcase classname="tests.test_cloud_worker" name="test_state_clean_exit_resets_crash_counter" file="tests\test_cloud_worker.py" line="106" time="0.001" /><testcase classname="tests.test_cloud_worker" name="test_state_summary_includes_counters" file="tests\test_cloud_worker.py" line="118" time="0.000" /><testcase classname="tests.test_cloud_worker" name="test_supervisor_clean_exit_uses_idle_backoff" file="tests\test_cloud_worker.py" line="132" time="0.013" /><testcase classname="tests.test_cloud_worker" name="test_supervisor_consecutive_clean_exits_back_off" file="tests\test_cloud_worker.py" line="153" time="0.018" /><testcase classname="tests.test_cloud_worker" name="test_supervisor_crash_uses_exponential_backoff" file="tests\test_cloud_worker.py" line="174" time="0.015" /><testcase classname="tests.test_cloud_worker" name="test_supervisor_crash_followed_by_clean_resets_backoff" file="tests\test_cloud_worker.py" line="199" time="0.015" /><testcase classname="tests.test_cloud_worker" name="test_supervisor_crash_resets_idle_backoff" file="tests\test_cloud_worker.py" line="231" time="0.018" /><testcase classname="tests.test_cloud_worker" name="test_supervisor_max_iterations_honored" file="tests\test_cloud_worker.py" line="258" time="0.021" /><testcase classname="tests.test_cloud_worker" name="test_supervisor_spawn_failure_counted_as_crash" file="tests\test_cloud_worker.py" line="271" time="0.011" /><testcase classname="tests.test_cloud_worker" name="test_supervisor_spawn_failure_resets_idle_backoff" file="tests\test_cloud_worker.py" line="296" time="0.017" /><testcase classname="tests.test_cloud_worker" name="test_subprocess_env_sets_cloud_droplet_host_user" file="tests\test_cloud_worker.py" line="326" time="0.001" /><testcase classname="tests.test_cloud_worker" name="test_subprocess_env_honors_explicit_host_user_override" file="tests\test_cloud_worker.py" line="332" time="0.001" /><testcase classname="tests.test_cloud_worker" name="test_subprocess_env_forces_unified_execution" file="tests\test_cloud_worker.py" line="341" time="0.001" /><testcase classname="tests.test_cloud_worker" name="test_subprocess_env_preserves_operator_unified_execution_setting" file="tests\test_cloud_worker.py" line="349" time="0.001" /><testcase classname="tests.test_cloud_worker" name="test_subprocess_env_sets_workflow_universe" file="tests\test_cloud_worker.py" line="357" time="0.004" /><testcase classname="tests.test_cloud_worker" name="test_subprocess_env_strips_openai_api_key_by_default" file="tests\test_cloud_worker.py" line="362" time="0.001" /><testcase classname="tests.test_cloud_worker" name="test_subprocess_env_preserves_openai_api_key_when_opted_in" file="tests\test_cloud_worker.py" line="369" time="0.001" /><testcase classname="tests.test_cloud_worker" name="test_has_pickable_branch_task_detects_pending_dispatcher_row" file="tests\test_cloud_worker.py" line="491" time="0.017" /><testcase classname="tests.test_cloud_worker" name="test_running_guard_treats_missing_epoch2_store_as_no_active_claim" file="tests\test_cloud_worker.py" line="507" time="0.011" /><testcase classname="tests.test_cloud_worker" name="test_running_guard_fails_closed_for_partial_epoch2_schema" file="tests\test_cloud_worker.py" line="524" time="0.013" /><testcase classname="tests.test_cloud_worker" name="test_epoch2_wakeup_stays_inert_until_daemon_claim_consumer_exists" file="tests\test_cloud_worker.py" line="547" time="0.014" /><testcase classname="tests.test_cloud_worker" name="test_has_pickable_branch_task_detects_current_worker_epoch2_candidate" file="tests\test_cloud_worker.py" line="579" time="0.099" /><testcase classname="tests.test_cloud_worker" name="test_has_pickable_branch_task_rejects_epoch2_capacity_owned_by_other_worker" file="tests\test_cloud_worker.py" line="592" time="0.085" /><testcase classname="tests.test_cloud_worker" name="test_has_pickable_branch_task_enforces_current_runtime_daemon_direction" file="tests\test_cloud_worker.py" line="608" time="0.104" /><testcase classname="tests.test_cloud_worker" name="test_has_pickable_branch_task_leaves_other_daemon_epoch2_work_pending" file="tests\test_cloud_worker.py" line="625" time="0.114" /><testcase classname="tests.test_cloud_worker" name="test_epoch2_capacity_probe_does_not_reselect_v1_for_other_daemon" file="tests\test_cloud_worker.py" line="648" time="0.125" /><testcase classname="tests.test_cloud_worker" name="test_has_pickable_branch_task_rejects_empty_canonical_daemon_id" file="tests\test_cloud_worker.py" line="682" time="0.122" /><testcase classname="tests.test_cloud_worker" name="test_has_pickable_branch_task_ignores_mutable_runtime_daemon_metadata" file="tests\test_cloud_worker.py" line="718" time="0.121" /><testcase classname="tests.test_cloud_worker" name="test_has_pickable_branch_task_applies_request_type_filter_to_epoch2" file="tests\test_cloud_worker.py" line="748" time="0.092" /><testcase classname="tests.test_cloud_worker" name="test_has_pickable_branch_task_rejects_expired_epoch2_capacity" file="tests\test_cloud_worker.py" line="765" time="0.093" /><testcase classname="tests.test_cloud_worker" name="test_has_pickable_branch_task_applies_unified_execution_opt_out_to_epoch2" file="tests\test_cloud_worker.py" line="780" time="0.078" /><testcase classname="tests.test_cloud_worker" name="test_has_pickable_branch_task_respects_unified_execution_opt_out" file="tests\test_cloud_worker.py" line="794" time="0.006" /><testcase classname="tests.test_cloud_worker" name="test_supervisor_restarts_for_current_worker_epoch2_candidate_after_grace" file="tests\test_cloud_worker.py" line="813" time="0.111" /><testcase classname="tests.test_cloud_worker" name="test_supervisor_does_not_restart_epoch2_before_claim_consumer_is_ready" file="tests\test_cloud_worker.py" line="847" time="0.129" /><testcase classname="tests.test_cloud_worker" name="test_supervisor_does_not_restart_epoch2_work_without_compatible_capacity" file="tests\test_cloud_worker.py" line="886" time="0.058" /><testcase classname="tests.test_cloud_worker" name="test_running_guard_protects_active_v2_claim_without_runtime_env" file="tests\test_cloud_worker.py" line="925" time="0.097" /><testcase classname="tests.test_cloud_worker" name="test_supervisor_does_not_recover_expired_v2_claim_while_child_is_alive" file="tests\test_cloud_worker.py" line="966" time="0.128" /><testcase classname="tests.test_cloud_worker" name="test_supervisor_does_not_restart_while_current_worker_has_active_v2_claim" file="tests\test_cloud_worker.py" line="1051" time="0.119" /><testcase classname="tests.test_cloud_worker" name="test_supervisor_does_not_restart_pending_task_before_claim_grace" file="tests\test_cloud_worker.py" line="1122" time="0.011" /><testcase classname="tests.test_cloud_worker" name="test_supervisor_restarts_idle_subprocess_for_still_pending_task_after_grace" file="tests\test_cloud_worker.py" line="1159" time="0.021" /><testcase classname="tests.test_cloud_worker" name="test_supervisor_does_not_restart_when_task_is_already_running" file="tests\test_cloud_worker.py" line="1203" time="0.011" /><testcase classname="tests.test_cloud_worker" name="test_cloud_host_user_default" file="tests\test_cloud_worker.py" line="1239" time="0.001" /><testcase classname="tests.test_cloud_worker" name="test_cloud_host_user_whitespace_falls_back" file="tests\test_cloud_worker.py" line="1244" time="0.001" /><testcase classname="tests.test_cloud_worker" name="test_cloud_host_user_override_honored" file="tests\test_cloud_worker.py" line="1249" time="0.000" /><testcase classname="tests.test_cloud_worker" name="test_resolve_universe_explicit_override" file="tests\test_cloud_worker.py" line="1257" time="0.005" /><testcase classname="tests.test_cloud_worker" name="test_resolve_universe_default_subdir" file="tests\test_cloud_worker.py" line="1265" time="0.005" /><testcase classname="tests.test_cloud_worker" name="test_resolve_universe_active_marker_overrides_default" file="tests\test_cloud_worker.py" line="1274" time="0.006" /><testcase classname="tests.test_cloud_worker" name="test_resolve_universe_explicit_override_beats_active_marker" file="tests\test_cloud_worker.py" line="1285" time="0.005" /><testcase classname="tests.test_cloud_worker" name="test_resolve_universe_auto_picks_first_with_program_md" file="tests\test_cloud_worker.py" line="1297" time="0.005" /><testcase classname="tests.test_cloud_worker" name="test_resolve_universe_auto_picks_first_with_soul_md" file="tests\test_cloud_worker.py" line="1315" time="0.006" /><testcase classname="tests.test_cloud_worker" name="test_resolve_universe_falls_back_to_default_universe_name" file="tests\test_cloud_worker.py" line="1329" time="0.004" /><testcase classname="tests.test_cloud_worker" name="test_spawn_argv_includes_no_tray_and_universe" file="tests\test_cloud_worker.py" line="1342" time="0.004" /><testcase classname="tests.test_cloud_worker" name="test_spawn_argv_uses_fantasy_daemon_module" file="tests\test_cloud_worker.py" line="1362" time="0.004" /><testcase classname="tests.test_cloud_worker" name="test_main_passes_provider_pin_to_supervised_daemon" file="tests\test_cloud_worker.py" line="1377" time="6.599" /><testcase classname="tests.test_cloud_worker" name="test_main_exits_zero_after_max_iterations" file="tests\test_cloud_worker.py" line="1406" time="0.023" /><testcase classname="tests.test_cloud_worker" name="test_release_own_orphaned_leases_releases_own" file="tests\test_cloud_worker.py" line="1449" time="0.032" /><testcase classname="tests.test_cloud_worker" name="test_release_own_orphaned_leases_preserves_peer" file="tests\test_cloud_worker.py" line="1460" time="0.025" /><testcase classname="tests.test_cloud_worker" name="test_release_own_orphaned_leases_skips_default_id" file="tests\test_cloud_worker.py" line="1471" time="0.025" /><testcase classname="tests.test_cloud_worker" name="test_terminate_child_for_stop_clean_exit_confirms" file="tests\test_cloud_worker.py" line="1512" time="0.001" /><testcase classname="tests.test_cloud_worker" name="test_terminate_child_for_stop_kill_then_confirm" file="tests\test_cloud_worker.py" line="1519" time="0.001" /><testcase classname="tests.test_cloud_worker" name="test_terminate_child_for_stop_unconfirmed_returns_false" file="tests\test_cloud_worker.py" line="1526" time="0.001" /><testcase classname="tests.test_cloud_worker" name="test_worker_release_identity_requires_v2_terminal_proof[&lt;lambda&gt;0]" file="tests\test_cloud_worker.py" line="1567" time="0.016" /><testcase classname="tests.test_cloud_worker" name="test_worker_release_identity_requires_v2_terminal_proof[&lt;lambda&gt;1]" file="tests\test_cloud_worker.py" line="1567" time="0.015" /><testcase classname="tests.test_cloud_worker" name="test_worker_release_identity_requires_v2_terminal_proof[&lt;lambda&gt;2]" file="tests\test_cloud_worker.py" line="1567" time="0.019" /><testcase classname="tests.test_cloud_worker" name="test_worker_release_identity_requires_v2_terminal_proof[&lt;lambda&gt;3]" file="tests\test_cloud_worker.py" line="1567" time="0.018" /><testcase classname="tests.test_cloud_worker" name="test_worker_release_identity_requires_v2_terminal_proof[&lt;lambda&gt;4]" file="tests\test_cloud_worker.py" line="1567" time="0.016" /><testcase classname="tests.test_cloud_worker" name="test_worker_release_identity_requires_v2_terminal_proof[&lt;lambda&gt;5]" file="tests\test_cloud_worker.py" line="1567" time="0.021" /><testcase classname="tests.test_cloud_worker" name="test_worker_release_identity_requires_v2_terminal_proof[&lt;lambda&gt;6]" file="tests\test_cloud_worker.py" line="1567" time="0.020" /><testcase classname="tests.test_cloud_worker" name="test_worker_release_identity_requires_v2_terminal_proof[&lt;lambda&gt;7]" file="tests\test_cloud_worker.py" line="1567" time="0.022" /><testcase classname="tests.test_cloud_worker" name="test_worker_release_identity_requires_v2_terminal_proof[&lt;lambda&gt;8]" file="tests\test_cloud_worker.py" line="1567" time="0.022" /><testcase classname="tests.test_cloud_worker" name="test_worker_queue_descriptor_is_release_derived_and_boot_bound" file="tests\test_cloud_worker.py" line="1600" time="0.017" /><testcase classname="tests.test_cloud_worker" name="test_supervisor_heartbeat_persists_isolated_worker_descriptors" file="tests\test_cloud_worker.py" line="1672" time="0.185" /><testcase classname="tests.test_cloud_worker" name="test_supervisor_clears_last_durable_descriptor_when_runtime_id_is_lost" file="tests\test_cloud_worker.py" line="1815" time="0.099" /><testcase classname="tests.test_cloud_worker" name="test_run_supervisor_snapshots_protocol_identity_before_polling" file="tests\test_cloud_worker.py" line="1879" time="0.007" /><testcase classname="tests.test_cloud_worker" name="test_runtime_switch_ignores_absent_prior_slot_and_publishes_new_one" file="tests\test_cloud_worker.py" line="1896" time="0.005" /><testcase classname="tests.test_cloud_worker" name="test_runtime_switch_clears_retired_slot_and_publishes_replacement" file="tests\test_cloud_worker.py" line="1933" time="0.123" /><testcase classname="tests.test_codex_dispatch" name="test_to_native_path[/c/foo/bar-C:/foo/bar]" file="tests\test_codex_dispatch.py" line="35" time="0.001" /><testcase classname="tests.test_codex_dispatch" name="test_to_native_path[/d/x-D:/x]" file="tests\test_codex_dispatch.py" line="35" time="0.001" /><testcase classname="tests.test_codex_dispatch" name="test_to_native_path[/c/-C:/]" file="tests\test_codex_dispatch.py" line="35" time="0.001" /><testcase classname="tests.test_codex_dispatch" name="test_to_native_path[C:/already/native-C:/already/native]" file="tests\test_codex_dispatch.py" line="35" time="0.001" /><testcase classname="tests.test_codex_dispatch" name="test_to_native_path[.-.]" file="tests\test_codex_dispatch.py" line="35" time="0.001" /><testcase classname="tests.test_codex_dispatch" name="test_to_native_path[relative/path-relative/path]" file="tests\test_codex_dispatch.py" line="35" time="0.001" /><testcase classname="tests.test_codex_dispatch" name="test_to_native_path[/home/user-/home/user]" file="tests\test_codex_dispatch.py" line="35" time="0.001" /><testcase classname="tests.test_codex_dispatch" name="test_resolve_codex_env_override" file="tests\test_codex_dispatch.py" line="54" time="0.005" /><testcase classname="tests.test_codex_dispatch" name="test_resolve_codex_ignores_missing_override" file="tests\test_codex_dispatch.py" line="61" time="0.006" /><testcase classname="tests.test_codex_dispatch" name="test_build_cmd_is_read_only_and_no_approval" file="tests\test_codex_dispatch.py" line="76" time="0.001" /><testcase classname="tests.test_codex_dispatch" name="test_build_cmd_passes_cwd_and_out" file="tests\test_codex_dispatch.py" line="89" time="0.000" /><testcase classname="tests.test_codex_dispatch" name="test_build_cmd_pipes_prompt_via_stdin" file="tests\test_codex_dispatch.py" line="96" time="0.000" /><testcase classname="tests.test_codex_dispatch" name="test_build_prompt_has_preamble_and_diff" file="tests\test_codex_dispatch.py" line="105" time="0.000" /><testcase classname="tests.test_codex_dispatch" name="test_nudge_fires_with_label[let's ship this to production-high-risk-ship]" file="tests\test_codex_dispatch.py" line="116" time="0.001" /><testcase classname="tests.test_codex_dispatch" name="test_nudge_fires_with_label[ship it-high-risk-ship]" file="tests\test_codex_dispatch.py" line="116" time="0.001" /><testcase classname="tests.test_codex_dispatch" name="test_nudge_fires_with_label[ready to merge to main?-high-risk-ship]" file="tests\test_codex_dispatch.py" line="116" time="0.001" /><testcase classname="tests.test_codex_dispatch" name="test_nudge_fires_with_label[run the cross-family review gate on this-cross-family-gate]" file="tests\test_codex_dispatch.py" line="116" time="0.001" /><testcase classname="tests.test_codex_dispatch" name="test_nudge_fires_with_label[this is a research-derived finding-cross-family-gate]" file="tests\test_codex_dispatch.py" line="116" time="0.001" /><testcase classname="tests.test_codex_dispatch" name="test_nudge_fires_with_label[i'm stuck, it keeps failing with the same error-stuck-loop]" file="tests\test_codex_dispatch.py" line="116" time="0.001" /><testcase classname="tests.test_codex_dispatch" name="test_nudge_fires_with_label[can you get a second opinion on this?-second-opinion]" file="tests\test_codex_dispatch.py" line="116" time="0.001" /><testcase classname="tests.test_codex_dispatch" name="test_nudge_silent_on_non_qualifying[hello there]" file="tests\test_codex_dispatch.py" line="134" time="0.001" /><testcase classname="tests.test_codex_dispatch" name="test_nudge_silent_on_non_qualifying[add a docstring to this function]" file="tests\test_codex_dispatch.py" line="134" time="0.001" /><testcase classname="tests.test_codex_dispatch" name="test_nudge_silent_on_non_qualifying[]" file="tests\test_codex_dispatch.py" line="134" time="0.001" /><testcase classname="tests.test_codex_dispatch" name="test_nudge_silent_on_non_qualifying[please review this finding for correctness]" file="tests\test_codex_dispatch.py" line="134" time="0.001" /><testcase classname="tests.test_codex_dispatch" name="test_nudge_silent_on_non_qualifying[which approach should we use, A or B?]" file="tests\test_codex_dispatch.py" line="134" time="0.001" /><testcase classname="tests.test_codex_dispatch" name="test_nudge_render_steers_to_background_offload" file="tests\test_codex_dispatch.py" line="150" time="0.000" /><testcase classname="tests.test_codex_dispatch" name="test_run_feeds_full_prompt_via_stdin" file="tests\test_codex_dispatch.py" line="158" time="0.006" /><testcase classname="tests.test_codex_dispatch" name="test_run_timeout_writes_error_verdict" file="tests\test_codex_dispatch.py" line="189" time="0.013" /><testcase classname="tests.test_codex_dispatch" name="test_run_missing_binary_writes_error_verdict" file="tests\test_codex_dispatch.py" line="205" time="0.014" /><testcase classname="tests.test_codex_dispatch" name="test_run_zero_exit_empty_output_writes_error_verdict" file="tests\test_codex_dispatch.py" line="219" time="0.015" /><testcase classname="tests.test_codex_dispatch" name="test_run_success_leaves_codex_verdict_untouched" file="tests\test_codex_dispatch.py" line="233" time="0.013" /><testcase classname="tests.test_codex_dispatch" name="test_run_nonzero_with_partial_output_appends_warning" file="tests\test_codex_dispatch.py" line="247" time="0.015" /><testcase classname="tests.test_coding_packet_rubric" name="test_clean_keep_packet_passes_rubric" file="tests\test_coding_packet_rubric.py" line="26" time="0.001" /><testcase classname="tests.test_coding_packet_rubric" name="test_recursion_limit_empty_output_cannot_claim_keep" file="tests\test_coding_packet_rubric.py" line="34" time="0.001" /><testcase classname="tests.test_coding_packet_rubric" name="test_contradictory_child_claim_and_downgrade_reason_is_violation" file="tests\test_coding_packet_rubric.py" line="47" time="0.000" /><testcase classname="tests.test_coding_packet_rubric" name="test_keep_claim_requires_completed_child_run_and_evidence_bundle" file="tests\test_coding_packet_rubric.py" line="62" time="0.001" /><testcase classname="tests.test_coding_packet_rubric" name="test_keep_claim_requires_release_score_threshold" file="tests\test_coding_packet_rubric.py" line="78" time="0.000" /><testcase classname="tests.test_coding_packet_rubric" name="test_shipped_claim_requires_repo_handle" file="tests\test_coding_packet_rubric.py" line="84" time="0.000" /><testcase classname="tests.test_coding_process" name="test_empty_trajectory_is_inconclusive_not_fail" file="tests\test_coding_process.py" line="20" time="0.001" /><testcase classname="tests.test_coding_process" name="test_non_dict_input_is_inconclusive" file="tests\test_coding_process.py" line="29" time="0.000" /><testcase classname="tests.test_coding_process" name="test_run_status_alone_makes_two_checks_applicable" file="tests\test_coding_process.py" line="34" time="0.000" /><testcase classname="tests.test_coding_process" name="test_absent_negative_signal_does_not_fail" file="tests\test_coding_process.py" line="45" time="0.000" /><testcase classname="tests.test_coding_process" name="test_clean_run_passes" file="tests\test_coding_process.py" line="58" time="0.001" /><testcase classname="tests.test_coding_process" name="test_clean_nonsuccess_status_is_sound" file="tests\test_coding_process.py" line="78" time="0.000" /><testcase classname="tests.test_coding_process" name="test_provider_exhausted_fails_terminal_health" file="tests\test_coding_process.py" line="89" time="0.000" /><testcase classname="tests.test_coding_process" name="test_interrupted_run_fails_terminal_health" file="tests\test_coding_process.py" line="100" time="0.000" /><testcase classname="tests.test_coding_process" name="test_terminal_failure_cannot_be_offset_to_pass" file="tests\test_coding_process.py" line="110" time="0.000" /><testcase classname="tests.test_coding_process" name="test_child_timeout_cannot_be_offset_to_pass" file="tests\test_coding_process.py" line="126" time="0.000" /><testcase classname="tests.test_coding_process" name="test_noncritical_failure_is_still_offset_to_pass" file="tests\test_coding_process.py" line="140" time="0.001" /><testcase classname="tests.test_coding_process" name="test_receipt_waiting_only_on_real_status" file="tests\test_coding_process.py" line="161" time="0.000" /><testcase classname="tests.test_coding_process" name="test_degraded_providers_fail_efficiency" file="tests\test_coding_process.py" line="186" time="0.000" /><testcase classname="tests.test_coding_process" name="test_no_provider_calls_is_not_applicable" file="tests\test_coding_process.py" line="203" time="0.000" /><testcase classname="tests.test_coding_process" name="test_recursion_limit_with_empty_output_scores_zero" file="tests\test_coding_process.py" line="212" time="0.000" /><testcase classname="tests.test_coding_process" name="test_recursion_limit_with_output_is_partial" file="tests\test_coding_process.py" line="225" time="0.000" /><testcase classname="tests.test_coding_process" name="test_child_failure_fails_integrity" file="tests\test_coding_process.py" line="237" time="0.000" /><testcase classname="tests.test_coding_process" name="test_receipt_waiting_fails_integrity" file="tests\test_coding_process.py" line="250" time="0.000" /><testcase classname="tests.test_coding_process" name="test_no_child_dimension_is_not_applicable" file="tests\test_coding_process.py" line="260" time="0.000" /><testcase classname="tests.test_coding_process" name="test_clean_child_attachment_passes" file="tests\test_coding_process.py" line="266" time="0.000" /><testcase classname="tests.test_coding_process" name="test_failed_node_fails_progression" file="tests\test_coding_process.py" line="279" time="0.000" /><testcase classname="tests.test_coding_process" name="test_to_eval_result_skip_uses_reserved_score" file="tests\test_coding_process.py" line="297" time="0.000" /><testcase classname="tests.test_coding_process" name="test_to_eval_result_pass_in_unit_range" file="tests\test_coding_process.py" line="305" time="0.000" /><testcase classname="tests.test_coding_process" name="test_to_dict_round_trips_checks" file="tests\test_coding_process.py" line="314" time="0.000" /><testcase classname="tests.test_coding_process" name="test_from_packet_extracts_recursion_and_attachment" file="tests\test_coding_process.py" line="332" time="0.000" /><testcase classname="tests.test_coding_process" name="test_from_packet_thin_packet_is_fail_open" file="tests\test_coding_process.py" line="346" time="0.000" /><testcase classname="tests.test_coding_process" name="test_from_packet_non_dict_returns_empty" file="tests\test_coding_process.py" line="353" time="0.000" /><testcase classname="tests.test_coding_process" name="test_from_run_parses_system_events" file="tests\test_coding_process.py" line="357" time="0.000" /><testcase classname="tests.test_coding_process" name="test_from_run_raw_get_run_shape_is_thin_not_failing" file="tests\test_coding_process.py" line="391" time="0.000" /><testcase classname="tests.test_coding_process" name="test_from_run_non_dict_returns_empty_status_only" file="tests\test_coding_process.py" line="405" time="0.000" /><testcase classname="tests.test_coding_process" name="test_returns_evaluation_type" file="tests\test_coding_process.py" line="411" time="0.001" /><testcase classname="tests.test_commit_kg_integration.TestCommitKGIntegration" name="test_commit_populates_kg_with_entities" file="tests\test_commit_kg_integration.py" line="137" time="0.058" /><testcase classname="tests.test_commit_kg_integration.TestCommitKGIntegration" name="test_commit_populates_kg_edges" file="tests\test_commit_kg_integration.py" line="161" time="0.059" /><testcase classname="tests.test_commit_kg_integration.TestCommitKGIntegration" name="test_commit_populates_kg_facts" file="tests\test_commit_kg_integration.py" line="177" time="0.058" /><testcase classname="tests.test_commit_kg_integration.TestCommitKGIntegration" name="test_regex_fallback_populates_kg" file="tests\test_commit_kg_integration.py" line="193" time="0.057" /><testcase classname="tests.test_commit_kg_integration.TestCommitKGIntegration" name="test_kg_none_skips_extraction" file="tests\test_commit_kg_integration.py" line="223" time="0.028" /><testcase classname="tests.test_commit_kg_integration.TestCommitKGIntegration" name="test_query_entities_after_commit" file="tests\test_commit_kg_integration.py" line="239" time="0.059" /><testcase classname="tests.test_commit_scene_history" name="test_records_scene_with_real_verdict" file="tests\test_commit_scene_history.py" line="32" time="0.014" /><testcase classname="tests.test_commit_scene_history" name="test_replaces_pending_row_with_committed_verdict" file="tests\test_commit_scene_history.py" line="61" time="0.017" /><testcase classname="tests.test_commit_scene_history" name="test_different_verdicts_persist" file="tests\test_commit_scene_history.py" line="100" time="0.020" /><testcase classname="tests.test_commit_scene_history" name="test_db_failure_is_swallowed" file="tests\test_commit_scene_history.py" line="126" time="0.007" /><testcase classname="tests.test_community_loop_watch" name="test_build_status_keeps_only_uptime_deploy_and_tier3_stages" file="tests\test_community_loop_watch.py" line="32" time="0.045" /><testcase classname="tests.test_community_loop_watch" name="test_build_status_does_not_read_deleted_cheat_loop_workflows" file="tests\test_community_loop_watch.py" line="59" time="0.044" /><testcase classname="tests.test_community_loop_watch" name="test_observation_canary_staleness_still_goes_red" file="tests\test_community_loop_watch.py" line="83" time="0.043" /><testcase classname="tests.test_community_loop_watch" name="test_open_p0_outage_still_goes_red" file="tests\test_community_loop_watch.py" line="105" time="0.045" /><testcase classname="tests.test_community_loop_watch_workflow" name="test_alarm_sink_can_dispatch_actions" file="tests\test_community_loop_watch_workflow.py" line="42" time="0.005" /><testcase classname="tests.test_community_loop_watch_workflow" name="test_alarm_sink_dispatches_only_stale_uptime_canary_workflow" file="tests\test_community_loop_watch_workflow.py" line="51" time="0.005"><failure message="assert 'createTinyAssetsDispatch' in &quot;const overall = process.env.OVERALL || 'red';\nconst label = process.env.LABEL;\nconst probeStatus = process.env.PROB...ber: issue.number,\n    state: 'closed',\n  }));\n  console.log(`closed recovered alarm issue #${issue.number}`);\n}\n&quot;">def test_alarm_sink_dispatches_only_stale_uptime_canary_workflow():
        wf = _load()
        script = _alarm_script(wf)
        retired_workflows = [
            "wiki-" + "bug-sync.yml",
            "auto-" + "fix-bug.yml",
            "auto-" + "check-pr.yml",
        ]
&gt;       assert "createTinyAssetsDispatch" in script
E       assert 'createTinyAssetsDispatch' in "const overall = process.env.OVERALL || 'red';\nconst label = process.env.LABEL;\nconst probeStatus = process.env.PROB...ber: issue.number,\n    state: 'closed',\n  }));\n  console.log(`closed recovered alarm issue #${issue.number}`);\n}\n"

tests\test_community_loop_watch_workflow.py:60: AssertionError</failure></testcase><testcase classname="tests.test_community_loop_watch_workflow" name="test_workflow_triggers_exclude_retired_cheat_loop_workflows" file="tests\test_community_loop_watch_workflow.py" line="66" time="0.005" /><testcase classname="tests.test_community_loop_watch_workflow" name="test_alarm_sink_retries_transient_issue_api_failures" file="tests\test_community_loop_watch_workflow.py" line="84" time="0.005" /><testcase classname="tests.test_composite_branch_actions" name="test_recipe_tracker_builds_in_one_call" file="tests\test_composite_branch_actions.py" line="121" time="0.140" /><testcase classname="tests.test_composite_branch_actions" name="test_build_branch_returns_batch_receipt" file="tests\test_composite_branch_actions.py" line="133" time="0.169" /><testcase classname="tests.test_composite_branch_actions" name="test_build_branch_receipt_reports_unapproved_source_code" file="tests\test_composite_branch_actions.py" line="175" time="0.135" /><testcase classname="tests.test_composite_branch_actions" name="test_patch_branch_source_code_mutation_clears_prior_approval" file="tests\test_composite_branch_actions.py" line="207" time="0.225" /><testcase classname="tests.test_composite_branch_actions" name="test_build_branch_returns_full_branch_in_structured" file="tests\test_composite_branch_actions.py" line="238" time="0.142" /><testcase classname="tests.test_composite_branch_actions" name="test_build_branch_persists" file="tests\test_composite_branch_actions.py" line="246" time="0.318" /><testcase classname="tests.test_composite_branch_actions" name="test_build_branch_preserves_node_timeout_seconds" file="tests\test_composite_branch_actions.py" line="255" time="0.146" /><testcase classname="tests.test_composite_branch_actions" name="test_build_branch_preserves_explicit_non_strict_input_isolation" file="tests\test_composite_branch_actions.py" line="281" time="0.145" /><testcase classname="tests.test_composite_branch_actions" name="test_build_branch_fork_from_inherits_parent_topology" file="tests\test_composite_branch_actions.py" line="332" time="0.207" /><testcase classname="tests.test_composite_branch_actions" name="test_build_branch_rejects_missing_entry_point_with_suggestion" file="tests\test_composite_branch_actions.py" line="381" time="0.135" /><testcase classname="tests.test_composite_branch_actions" name="test_applying_suggestion_succeeds" file="tests\test_composite_branch_actions.py" line="396" time="0.152" /><testcase classname="tests.test_composite_branch_actions" name="test_build_branch_rejects_missing_name_with_suggestion" file="tests\test_composite_branch_actions.py" line="409" time="0.138" /><testcase classname="tests.test_composite_branch_actions" name="test_build_branch_rejects_malformed_json" file="tests\test_composite_branch_actions.py" line="419" time="0.114" /><testcase classname="tests.test_composite_branch_actions" name="test_build_branch_rejects_empty_spec" file="tests\test_composite_branch_actions.py" line="426" time="0.116" /><testcase classname="tests.test_composite_branch_actions" name="test_build_branch_rejects_duplicate_node_ids" file="tests\test_composite_branch_actions.py" line="433" time="0.127" /><testcase classname="tests.test_composite_branch_actions" name="test_build_branch_coerces_unknown_state_type_and_reports" file="tests\test_composite_branch_actions.py" line="451" time="0.134" /><testcase classname="tests.test_composite_branch_actions" name="test_patch_branch_batch_succeeds" file="tests\test_composite_branch_actions.py" line="475" time="0.201" /><testcase classname="tests.test_composite_branch_actions" name="test_patch_branch_publishes_versioned_snapshot" file="tests\test_composite_branch_actions.py" line="506" time="0.214" /><testcase classname="tests.test_composite_branch_actions" name="test_patch_branch_rollback_on_any_op_failure" file="tests\test_composite_branch_actions.py" line="542" time="0.177" /><testcase classname="tests.test_composite_branch_actions" name="test_patch_branch_validation_failure_reverts" file="tests\test_composite_branch_actions.py" line="575" time="0.166" /><testcase classname="tests.test_composite_branch_actions" name="test_patch_branch_rejects_unknown_op" file="tests\test_composite_branch_actions.py" line="597" time="0.178" /><testcase classname="tests.test_composite_branch_actions" name="test_patch_branch_requires_branch_id" file="tests\test_composite_branch_actions.py" line="606" time="0.133" /><testcase classname="tests.test_composite_branch_actions" name="test_patch_branch_requires_changes_json" file="tests\test_composite_branch_actions.py" line="612" time="0.146" /><testcase classname="tests.test_composite_branch_actions" name="test_build_branch_writes_one_ledger_entry" file="tests\test_composite_branch_actions.py" line="624" time="0.151" /><testcase classname="tests.test_composite_branch_actions" name="test_patch_branch_writes_one_ledger_entry" file="tests\test_composite_branch_actions.py" line="638" time="0.205" /><testcase classname="tests.test_composite_branch_actions" name="test_rejected_build_does_not_ledger" file="tests\test_composite_branch_actions.py" line="656" time="0.134" /><testcase classname="tests.test_composite_branch_actions" name="test_rejected_patch_does_not_ledger" file="tests\test_composite_branch_actions.py" line="668" time="0.161" /><testcase classname="tests.test_composite_branch_actions" name="test_atomic_actions_still_work" file="tests\test_composite_branch_actions.py" line="683" time="0.230" /><testcase classname="tests.test_composite_branch_actions" name="test_build_branch_text_channel_includes_ack_and_mermaid" file="tests\test_composite_branch_actions.py" line="707" time="0.144" /><testcase classname="tests.test_composite_branch_actions" name="test_patch_branch_text_channel_on_success" file="tests\test_composite_branch_actions.py" line="715" time="0.193" /><testcase classname="tests.test_composite_branch_actions" name="test_patch_branch_update_node_persists_node_config" file="tests\test_composite_branch_actions.py" line="728" time="0.195" /><testcase classname="tests.test_composite_branch_actions" name="test_patch_branch_update_node_rejects_unknown_field" file="tests\test_composite_branch_actions.py" line="759" time="0.173" /><testcase classname="tests.test_composite_branch_actions" name="test_build_branch_truncates_mermaid_above_12_nodes" file="tests\test_composite_branch_actions.py" line="788" time="0.194" /><testcase classname="tests.test_composite_branch_actions" name="test_unknown_action_without_metadata_is_denied" file="tests\test_composite_branch_actions.py" line="814" time="0.066" /><testcase classname="tests.test_composite_branch_actions" name="test_update_node_changes_prompt_template" file="tests\test_composite_branch_actions.py" line="826" time="0.195" /><testcase classname="tests.test_composite_branch_actions" name="test_update_node_bumps_branch_version" file="tests\test_composite_branch_actions.py" line="842" time="0.198" /><testcase classname="tests.test_composite_branch_actions" name="test_update_node_preserves_node_id" file="tests\test_composite_branch_actions.py" line="861" time="0.215" /><testcase classname="tests.test_composite_branch_actions" name="test_update_node_via_changes_json" file="tests\test_composite_branch_actions.py" line="878" time="0.185" /><testcase classname="tests.test_composite_branch_actions" name="test_update_node_rejects_missing_node" file="tests\test_composite_branch_actions.py" line="895" time="0.147" /><testcase classname="tests.test_composite_branch_actions" name="test_update_node_rejects_missing_branch" file="tests\test_composite_branch_actions.py" line="905" time="0.114" /><testcase classname="tests.test_composite_branch_actions" name="test_update_node_requires_ids" file="tests\test_composite_branch_actions.py" line="912" time="0.115" /><testcase classname="tests.test_composite_branch_actions" name="test_update_node_rejects_empty_update" file="tests\test_composite_branch_actions.py" line="920" time="0.143" /><testcase classname="tests.test_composite_branch_actions" name="test_update_node_rejects_both_template_and_source_code" file="tests\test_composite_branch_actions.py" line="929" time="0.150" /><testcase classname="tests.test_composite_branch_actions" name="test_update_node_switches_from_template_to_source_code" file="tests\test_composite_branch_actions.py" line="940" time="0.187" /><testcase classname="tests.test_composite_branch_actions" name="test_update_node_source_code_mutation_clears_prior_approval" file="tests\test_composite_branch_actions.py" line="955" time="0.204" /><testcase classname="tests.test_composite_branch_actions" name="test_update_node_rejects_invalid_phase" file="tests\test_composite_branch_actions.py" line="986" time="0.143" /><testcase classname="tests.test_composite_branch_actions" name="test_update_node_updates_input_output_keys" file="tests\test_composite_branch_actions.py" line="996" time="0.191" /><testcase classname="tests.test_composite_branch_actions" name="test_update_node_persists_retry_policy_and_timeout" file="tests\test_composite_branch_actions.py" line="1010" time="0.179" /><testcase classname="tests.test_composite_branch_actions" name="test_update_node_rejects_unknown_field" file="tests\test_composite_branch_actions.py" line="1042" time="0.164" /><testcase classname="tests.test_composite_branch_actions" name="test_update_node_writes_ledger" file="tests\test_composite_branch_actions.py" line="1064" time="0.183" /><testcase classname="tests.test_composite_branch_actions" name="test_update_node_rejected_call_does_not_ledger" file="tests\test_composite_branch_actions.py" line="1075" time="0.141" /><testcase classname="tests.test_composite_branch_actions" name="test_update_node_text_channel_reports_changed_fields" file="tests\test_composite_branch_actions.py" line="1086" time="0.188" /><testcase classname="tests.test_composite_branch_actions" name="test_update_node_preserves_topology_and_state_schema" file="tests\test_composite_branch_actions.py" line="1099" time="0.191" /><testcase classname="tests.test_concerns_resolve" name="test_parses_concern_lines" file="tests\test_concerns_resolve.py" line="41" time="0.006" /><testcase classname="tests.test_concerns_resolve" name="test_empty_section_returns_empty" file="tests\test_concerns_resolve.py" line="59" time="0.001" /><testcase classname="tests.test_concerns_resolve" name="test_missing_section_returns_empty" file="tests\test_concerns_resolve.py" line="64" time="0.000" /><testcase classname="tests.test_concerns_resolve" name="test_prose_lines_ignored" file="tests\test_concerns_resolve.py" line="69" time="0.000" /><testcase classname="tests.test_concerns_resolve" name="test_section_stops_at_next_heading" file="tests\test_concerns_resolve.py" line="83" time="0.000" /><testcase classname="tests.test_concerns_resolve" name="test_commit_hash_matches_resolved" file="tests\test_concerns_resolve.py" line="101" time="0.000" /><testcase classname="tests.test_concerns_resolve" name="test_commit_hash_not_in_log_stays_current" file="tests\test_concerns_resolve.py" line="116" time="0.001" /><testcase classname="tests.test_concerns_resolve" name="test_design_note_nonexistent_path_flags_stale" file="tests\test_concerns_resolve.py" line="128" time="0.005" /><testcase classname="tests.test_concerns_resolve" name="test_fallback_verdict_is_current" file="tests\test_concerns_resolve.py" line="141" time="0.001" /><testcase classname="tests.test_concerns_resolve" name="test_write_proposals_produces_expected_headers" file="tests\test_concerns_resolve.py" line="158" time="0.014" /><testcase classname="tests.test_concerns_resolve" name="test_write_proposals_counts_all_verdicts" file="tests\test_concerns_resolve.py" line="178" time="0.014" /><testcase classname="tests.test_concerns_resolve" name="test_main_does_not_edit_status_md" file="tests\test_concerns_resolve.py" line="201" time="0.066" /><testcase classname="tests.test_concerns_resolve" name="test_main_returns_nonzero_on_missing_status" file="tests\test_concerns_resolve.py" line="228" time="0.006" /><testcase classname="tests.test_concerns_resolve" name="test_main_returns_nonzero_on_empty_concerns_section" file="tests\test_concerns_resolve.py" line="239" time="0.012" /><testcase classname="tests.test_concerns_resolve" name="test_cli_smoke_run_against_tmp_status" file="tests\test_concerns_resolve.py" line="256" time="0.146" /><testcase classname="tests.test_concurrency_budget.TestConcurrencyTracker" name="test_unbounded_no_semaphore" file="tests\test_concurrency_budget.py" line="70" time="0.001" /><testcase classname="tests.test_concurrency_budget.TestConcurrencyTracker" name="test_bounded_has_semaphore" file="tests\test_concurrency_budget.py" line="75" time="0.001" /><testcase classname="tests.test_concurrency_budget.TestConcurrencyTracker" name="test_acquire_release_updates_active_count" file="tests\test_concurrency_budget.py" line="80" time="0.000" /><testcase classname="tests.test_concurrency_budget.TestConcurrencyTracker" name="test_peak_is_monotonic" file="tests\test_concurrency_budget.py" line="92" time="0.001" /><testcase classname="tests.test_concurrency_budget.TestConcurrencyTracker" name="test_peak_never_decreases" file="tests\test_concurrency_budget.py" line="101" time="0.001" /><testcase classname="tests.test_concurrency_budget.TestConcurrencyTracker" name="test_budget_blocks_beyond_cap" file="tests\test_concurrency_budget.py" line="110" time="0.051" /><testcase classname="tests.test_concurrency_budget.TestConcurrencyTracker" name="test_stats_returns_correct_shape" file="tests\test_concurrency_budget.py" line="130" time="0.001" /><testcase classname="tests.test_concurrency_budget.TestConcurrencyTracker" name="test_unbounded_stats_budget_is_none" file="tests\test_concurrency_budget.py" line="139" time="0.001" /><testcase classname="tests.test_concurrency_budget.TestCompileBranchConcurrency" name="test_no_budget_compiles_without_tracker" file="tests\test_concurrency_budget.py" line="150" time="0.001" /><testcase classname="tests.test_concurrency_budget.TestCompileBranchConcurrency" name="test_branch_budget_creates_tracker" file="tests\test_concurrency_budget.py" line="155" time="0.001" /><testcase classname="tests.test_concurrency_budget.TestCompileBranchConcurrency" name="test_override_creates_tracker" file="tests\test_concurrency_budget.py" line="162" time="0.001" /><testcase classname="tests.test_concurrency_budget.TestCompileBranchConcurrency" name="test_override_beats_branch_budget" file="tests\test_concurrency_budget.py" line="173" time="0.001" /><testcase classname="tests.test_concurrency_budget.TestCompileBranchConcurrency" name="test_branch_with_budget_runs_and_produces_output" file="tests\test_concurrency_budget.py" line="183" time="0.014" /><testcase classname="tests.test_concurrency_budget.TestCompileBranchConcurrency" name="test_peak_recorded_after_sequential_run" file="tests\test_concurrency_budget.py" line="192" time="0.013" /><testcase classname="tests.test_concurrency_budget.TestCompileBranchConcurrency" name="test_budget_field_on_branch_preserved_after_fork" file="tests\test_concurrency_budget.py" line="201" time="0.001" /><testcase classname="tests.test_concurrency_budget.TestBranchConcurrencyBudgetField" name="test_default_is_none" file="tests\test_concurrency_budget.py" line="215" time="0.001" /><testcase classname="tests.test_concurrency_budget.TestBranchConcurrencyBudgetField" name="test_field_serializes_in_to_dict" file="tests\test_concurrency_budget.py" line="219" time="0.001" /><testcase classname="tests.test_concurrency_budget.TestBranchConcurrencyBudgetField" name="test_field_deserializes_from_dict" file="tests\test_concurrency_budget.py" line="225" time="0.001" /><testcase classname="tests.test_concurrency_budget.TestBranchConcurrencyBudgetField" name="test_none_budget_roundtrips" file="tests\test_concurrency_budget.py" line="231" time="0.001" /><testcase classname="tests.test_concurrency_budget.TestBranchConcurrencyBudgetField" name="test_validate_with_budget_set_passes" file="tests\test_concurrency_budget.py" line="236" time="0.001" /><testcase classname="tests.test_conditional_edges_compile_invoke.TestYamlRoundTripStillRoutes" name="test_yaml_preserves_routing_to_path_a" file="tests\test_conditional_edges_compile_invoke.py" line="151" time="0.019" /><testcase classname="tests.test_conditional_edges_compile_invoke.TestYamlRoundTripStillRoutes" name="test_yaml_preserves_routing_to_path_b" file="tests\test_conditional_edges_compile_invoke.py" line="167" time="0.019" /><testcase classname="tests.test_conditional_edges_compile_invoke.TestYamlRoundTripStillRoutes" name="test_conditional_edges_field_survives_round_trip" file="tests\test_conditional_edges_compile_invoke.py" line="183" time="0.001" /><testcase classname="tests.test_conditional_edges_compile_invoke.TestBranchValidatesAndRoutes" name="test_end_terminal_via_conditional_edge" file="tests\test_conditional_edges_compile_invoke.py" line="208" time="0.013" /><testcase classname="tests.test_conditional_edges_compile_invoke.TestContractInversionRegressionGuard" name="test_router_returning_target_not_label_raises_keyerror" file="tests\test_conditional_edges_compile_invoke.py" line="280" time="0.003" /><testcase classname="tests.test_conditional_edges_compile_invoke.TestContractInversionRegressionGuard" name="test_fixed_router_returning_label_invokes_cleanly" file="tests\test_conditional_edges_compile_invoke.py" line="325" time="0.002" /><testcase classname="tests.test_conditional_edges_compile_invoke.TestContractInversionRegressionGuard" name="test_compile_branch_current_router_routes_correctly" file="tests\test_conditional_edges_compile_invoke.py" line="374" time="0.020" /><testcase classname="tests.test_conditional_edges_surface" name="test_build_branch_accepts_conditional_edges" file="tests\test_conditional_edges_surface.py" line="123" time="0.108"><failure message="KeyError: 'status'">branch_env = (&lt;module 'tinyassets.universe_server' from 'C:\\Users\\Jonathan\\Projects\\wf-required-test-gate\\tinyassets\\universe...'&gt;, WindowsPath('C:/Users/Jonathan/AppData/Local/Temp/pytest-of-Jonathan/pytest-7404/test_build_branch_accepts_cond0'))

    def test_build_branch_accepts_conditional_edges(branch_env):
        us, _ = branch_env
        spec = _router_spec_no_regular_edges()
        spec["conditional_edges"] = [
            {"from": "router", "conditions": {"a": "left", "b": "right"}},
        ]
        result = _call(us, "build_branch", spec_json=json.dumps(spec))
&gt;       assert result["status"] == "built", result
               ^^^^^^^^^^^^^^^^
E       KeyError: 'status'

tests\test_conditional_edges_surface.py:131: KeyError</failure></testcase><testcase classname="tests.test_conditional_edges_surface" name="test_patch_branch_add_conditional_edge_appends" file="tests\test_conditional_edges_surface.py" line="142" time="0.110"><failure message="KeyError: 'status'">branch_env = (&lt;module 'tinyassets.universe_server' from 'C:\\Users\\Jonathan\\Projects\\wf-required-test-gate\\tinyassets\\universe...'&gt;, WindowsPath('C:/Users/Jonathan/AppData/Local/Temp/pytest-of-Jonathan/pytest-7404/test_patch_branch_add_conditio0'))

    def test_patch_branch_add_conditional_edge_appends(branch_env):
        us, _ = branch_env
        result = _call(
            us, "build_branch", spec_json=json.dumps(_three_node_spec()),
        )
&gt;       assert result["status"] == "built", result
               ^^^^^^^^^^^^^^^^
E       KeyError: 'status'

tests\test_conditional_edges_surface.py:148: KeyError</failure></testcase><testcase classname="tests.test_conditional_edges_surface" name="test_patch_remove_conditional_edge_with_outcome_removes_mapping" file="tests\test_conditional_edges_surface.py" line="178" time="0.112"><failure message="KeyError: 'status'">branch_env = (&lt;module 'tinyassets.universe_server' from 'C:\\Users\\Jonathan\\Projects\\wf-required-test-gate\\tinyassets\\universe...'&gt;, WindowsPath('C:/Users/Jonathan/AppData/Local/Temp/pytest-of-Jonathan/pytest-7404/test_patch_remove_conditional_0'))

    def test_patch_remove_conditional_edge_with_outcome_removes_mapping(branch_env):
        us, _ = branch_env
        # Two outcomes route to the same leaf so removing one keeps the
        # graph reachable (the other still points at ``leaf``).
        spec = {
            "name": "Router",
            "node_defs": [
                {"node_id": "router", "display_name": "Router",
                 "prompt_template": "decide"},
                {"node_id": "leaf", "display_name": "Leaf",
                 "prompt_template": "L"},
            ],
            "edges": [{"from": "leaf", "to": "END"}],
            "conditional_edges": [
                {"from": "router", "conditions": {"a": "leaf", "b": "leaf"}},
            ],
            "entry_point": "router",
        }
        built = _call(us, "build_branch", spec_json=json.dumps(spec))
&gt;       assert built["status"] == "built", built
               ^^^^^^^^^^^^^^^
E       KeyError: 'status'

tests\test_conditional_edges_surface.py:198: KeyError</failure></testcase><testcase classname="tests.test_conditional_edges_surface" name="test_patch_remove_conditional_edge_without_outcome_removes_entire_edge" file="tests\test_conditional_edges_surface.py" line="217" time="0.115"><failure message="KeyError: 'status'">branch_env = (&lt;module 'tinyassets.universe_server' from 'C:\\Users\\Jonathan\\Projects\\wf-required-test-gate\\tinyassets\\universe...'&gt;, WindowsPath('C:/Users/Jonathan/AppData/Local/Temp/pytest-of-Jonathan/pytest-7404/test_patch_remove_conditional_1'))

    def test_patch_remove_conditional_edge_without_outcome_removes_entire_edge(
        branch_env,
    ):
        us, _ = branch_env
        # Keep a regular router→leaf edge so the graph stays valid after
        # the conditional edge is wiped entirely.
        spec = {
            "name": "Router",
            "node_defs": [
                {"node_id": "router", "display_name": "Router",
                 "prompt_template": "decide"},
                {"node_id": "leaf", "display_name": "Leaf",
                 "prompt_template": "L"},
            ],
            "edges": [
                {"from": "router", "to": "leaf"},
                {"from": "leaf", "to": "END"},
            ],
            "conditional_edges": [
                {"from": "router", "conditions": {"a": "leaf"}},
            ],
            "entry_point": "router",
        }
        built = _call(us, "build_branch", spec_json=json.dumps(spec))
&gt;       assert built["status"] == "built", built
               ^^^^^^^^^^^^^^^
E       KeyError: 'status'

tests\test_conditional_edges_surface.py:242: KeyError</failure></testcase><testcase classname="tests.test_conditional_edges_surface" name="test_validation_rejects_conditional_edge_referencing_nonexistent_node" file="tests\test_conditional_edges_surface.py" line="258" time="0.109"><failure message="KeyError: 'status'">branch_env = (&lt;module 'tinyassets.universe_server' from 'C:\\Users\\Jonathan\\Projects\\wf-required-test-gate\\tinyassets\\universe...'&gt;, WindowsPath('C:/Users/Jonathan/AppData/Local/Temp/pytest-of-Jonathan/pytest-7404/test_validation_rejects_condit0'))

    def test_validation_rejects_conditional_edge_referencing_nonexistent_node(
        branch_env,
    ):
        us, _ = branch_env
        spec = _router_spec_no_regular_edges()
        spec["conditional_edges"] = [
            {"from": "router", "conditions": {"a": "ghost_target"}},
        ]
        result = _call(us, "build_branch", spec_json=json.dumps(spec))
        # build_branch runs validation post-apply and rejects.
&gt;       assert result["status"] == "rejected"
               ^^^^^^^^^^^^^^^^
E       KeyError: 'status'

tests\test_conditional_edges_surface.py:269: KeyError</failure></testcase><testcase classname="tests.test_conditional_edges_surface" name="test_patch_rejects_empty_conditions_dict" file="tests\test_conditional_edges_surface.py" line="273" time="0.109"><failure message="KeyError: 'branch_def_id'">branch_env = (&lt;module 'tinyassets.universe_server' from 'C:\\Users\\Jonathan\\Projects\\wf-required-test-gate\\tinyassets\\universe...'&gt;, WindowsPath('C:/Users/Jonathan/AppData/Local/Temp/pytest-of-Jonathan/pytest-7404/test_patch_rejects_empty_condi0'))

    def test_patch_rejects_empty_conditions_dict(branch_env):
        us, _ = branch_env
        built = _call(us, "build_branch",
                      spec_json=json.dumps(_three_node_spec()))
&gt;       bid = built["branch_def_id"]
              ^^^^^^^^^^^^^^^^^^^^^^
E       KeyError: 'branch_def_id'

tests\test_conditional_edges_surface.py:278: KeyError</failure></testcase><testcase classname="tests.test_conditional_edges_surface" name="test_add_conditional_edge_twice_merges_outcomes" file="tests\test_conditional_edges_surface.py" line="292" time="0.110"><failure message="KeyError: 'branch_def_id'">branch_env = (&lt;module 'tinyassets.universe_server' from 'C:\\Users\\Jonathan\\Projects\\wf-required-test-gate\\tinyassets\\universe...'&gt;, WindowsPath('C:/Users/Jonathan/AppData/Local/Temp/pytest-of-Jonathan/pytest-7404/test_add_conditional_edge_twic0'))

    def test_add_conditional_edge_twice_merges_outcomes(branch_env):
        """Adding outcomes one at a time merges onto the existing edge.
    
        Callers often add outcomes incrementally. We keep one
        ConditionalEdge per `from` node and merge new outcomes in, so the
        stored shape mirrors LangGraph's routing semantics (one router → one
        edge bundle). To keep each intermediate state valid we route both
        outcomes to the same leaf, then add a third outcome to the same
        leaf in the second patch.
        """
        us, _ = branch_env
&gt;       bid = _call(us, "build_branch",
                    spec_json=json.dumps(_three_node_spec()))["branch_def_id"]
E       KeyError: 'branch_def_id'

tests\test_conditional_edges_surface.py:304: KeyError</failure></testcase><testcase classname="tests.test_conditional_edges_surface" name="test_remove_conditional_edge_missing_outcome_errors" file="tests\test_conditional_edges_surface.py" line="331" time="0.115"><failure message="KeyError: 'status'">branch_env = (&lt;module 'tinyassets.universe_server' from 'C:\\Users\\Jonathan\\Projects\\wf-required-test-gate\\tinyassets\\universe...'&gt;, WindowsPath('C:/Users/Jonathan/AppData/Local/Temp/pytest-of-Jonathan/pytest-7404/test_remove_conditional_edge_m0'))

    def test_remove_conditional_edge_missing_outcome_errors(branch_env):
        us, _ = branch_env
        spec = {
            "name": "Router",
            "node_defs": [
                {"node_id": "router", "display_name": "Router",
                 "prompt_template": "decide"},
                {"node_id": "leaf", "display_name": "Leaf",
                 "prompt_template": "L"},
            ],
            "edges": [{"from": "leaf", "to": "END"}],
            "conditional_edges": [
                {"from": "router", "conditions": {"a": "leaf"}},
            ],
            "entry_point": "router",
        }
        built = _call(us, "build_branch", spec_json=json.dumps(spec))
&gt;       assert built["status"] == "built", built
               ^^^^^^^^^^^^^^^
E       KeyError: 'status'

tests\test_conditional_edges_surface.py:349: KeyError</failure></testcase><testcase classname="tests.test_conditional_edges_surface" name="test_remove_conditional_edge_missing_from_errors" file="tests\test_conditional_edges_surface.py" line="364" time="0.110"><failure message="KeyError: 'branch_def_id'">branch_env = (&lt;module 'tinyassets.universe_server' from 'C:\\Users\\Jonathan\\Projects\\wf-required-test-gate\\tinyassets\\universe...'&gt;, WindowsPath('C:/Users/Jonathan/AppData/Local/Temp/pytest-of-Jonathan/pytest-7404/test_remove_conditional_edge_m1'))

    def test_remove_conditional_edge_missing_from_errors(branch_env):
        us, _ = branch_env
&gt;       bid = _call(us, "build_branch",
                    spec_json=json.dumps(_three_node_spec()))["branch_def_id"]
E       KeyError: 'branch_def_id'

tests\test_conditional_edges_surface.py:367: KeyError</failure></testcase><testcase classname="tests.test_conditional_edges_surface" name="test_self_loop_is_accepted_as_the_retry_primitive" file="tests\test_conditional_edges_surface.py" line="380" time="0.111"><failure message="KeyError: 'status'">branch_env = (&lt;module 'tinyassets.universe_server' from 'C:\\Users\\Jonathan\\Projects\\wf-required-test-gate\\tinyassets\\universe...'&gt;, WindowsPath('C:/Users/Jonathan/AppData/Local/Temp/pytest-of-Jonathan/pytest-7404/test_self_loop_is_accepted_as_0'))

    def test_self_loop_is_accepted_as_the_retry_primitive(branch_env):
        """Self-loop happy path. Conditional edges are the loop/gate
        primitive — a node routing back to itself is valid, not a reject.
        Navigator re-tightened spec 2026-04-22 pinning this behavior."""
        us, _ = branch_env
        spec = {
            "name": "Retry",
            "node_defs": [
                {"node_id": "N1", "display_name": "N1",
                 "prompt_template": "attempt"},
            ],
            "conditional_edges": [
                {"from": "N1", "conditions": {"retry": "N1", "done": "END"}},
            ],
            "entry_point": "N1",
        }
        result = _call(us, "build_branch", spec_json=json.dumps(spec))
&gt;       assert result["status"] == "built", result
               ^^^^^^^^^^^^^^^^
E       KeyError: 'status'

tests\test_conditional_edges_surface.py:398: KeyError</failure></testcase><testcase classname="tests.test_conditional_edges_surface" name="test_cycle_via_conditional_edge_is_accepted" file="tests\test_conditional_edges_surface.py" line="406" time="0.133"><failure message="KeyError: 'status'">branch_env = (&lt;module 'tinyassets.universe_server' from 'C:\\Users\\Jonathan\\Projects\\wf-required-test-gate\\tinyassets\\universe...'&gt;, WindowsPath('C:/Users/Jonathan/AppData/Local/Temp/pytest-of-Jonathan/pytest-7404/test_cycle_via_conditional_edg0'))

    def test_cycle_via_conditional_edge_is_accepted(branch_env):
        """Cycles through conditional edges are the loop primitive too —
        A→B→(conditional back to A or forward to END) must validate."""
        us, _ = branch_env
        spec = {
            "name": "Loop",
            "node_defs": [
                {"node_id": "A", "display_name": "A", "prompt_template": "a"},
                {"node_id": "B", "display_name": "B", "prompt_template": "b"},
            ],
            "edges": [{"from": "A", "to": "B"}],
            "conditional_edges": [
                {"from": "B", "conditions": {"loop": "A", "done": "END"}},
            ],
            "entry_point": "A",
        }
        result = _call(us, "build_branch", spec_json=json.dumps(spec))
&gt;       assert result["status"] == "built", result
               ^^^^^^^^^^^^^^^^
E       KeyError: 'status'

tests\test_conditional_edges_surface.py:424: KeyError</failure></testcase><testcase classname="tests.test_conditional_routing_resolver.TestHappyCaseRouting" name="test_gate_routes_to_path_a_on_A" file="tests\test_conditional_routing_resolver.py" line="132" time="0.023" /><testcase classname="tests.test_conditional_routing_resolver.TestHappyCaseRouting" name="test_gate_routes_to_path_b_on_B" file="tests\test_conditional_routing_resolver.py" line="155" time="0.024" /><testcase classname="tests.test_conditional_routing_resolver.TestGraphNodeIdDifferentFromDefId" name="test_gate_with_distinct_ids_routes_to_path_b_on_B" file="tests\test_conditional_routing_resolver.py" line="188" time="0.021" /><testcase classname="tests.test_conditional_routing_resolver.TestSymptom1LiteralEndConditions" name="test_condition_mapping_to_literal_END_routes_to_graph_end" file="tests\test_conditional_routing_resolver.py" line="220" time="0.015" /><testcase classname="tests.test_conditional_routing_resolver.TestSymptom1LiteralEndConditions" name="test_condition_mapping_to_literal_END_alternate_path_still_visits_leaf" file="tests\test_conditional_routing_resolver.py" line="262" time="0.015" /><testcase classname="tests.test_conditional_routing_resolver.TestSymptom2TerminalNoopAndLoopBack" name="test_loop_back_then_terminate" file="tests\test_conditional_routing_resolver.py" line="312" time="0.015" /><testcase classname="tests.test_conditional_routing_resolver.TestSymptom2TerminalNoopAndLoopBack" name="test_distinct_gate_def_id_routes_to_terminal_noop_not_loop_fallback" file="tests\test_conditional_routing_resolver.py" line="369" time="0.015" /><testcase classname="tests.test_conditional_routing_resolver.TestSymptom3ThreeGateIterations" name="test_three_iterations_each_routes_distinctly" file="tests\test_conditional_routing_resolver.py" line="417" time="0.022" /><testcase classname="tests.test_config.TestUniverseConfigDefaults" name="test_default_temperature" file="tests\test_config.py" line="10" time="0.001" /><testcase classname="tests.test_config.TestUniverseConfigDefaults" name="test_default_timeout" file="tests\test_config.py" line="14" time="0.001" /><testcase classname="tests.test_config.TestUniverseConfigDefaults" name="test_default_scenes_target" file="tests\test_config.py" line="18" time="0.000" /><testcase classname="tests.test_config.TestUniverseConfigDefaults" name="test_default_chapters_target" file="tests\test_config.py" line="22" time="0.001" /><testcase classname="tests.test_config.TestUniverseConfigDefaults" name="test_default_revision_limit" file="tests\test_config.py" line="26" time="0.000" /><testcase classname="tests.test_config.TestUniverseConfigDefaults" name="test_default_extra_empty" file="tests\test_config.py" line="30" time="0.001" /><testcase classname="tests.test_config.TestLoadUniverseConfig" name="test_missing_file_returns_defaults" file="tests\test_config.py" line="38" time="0.005" /><testcase classname="tests.test_config.TestLoadUniverseConfig" name="test_reads_yaml_file" file="tests\test_config.py" line="43" time="0.013" /><testcase classname="tests.test_config.TestLoadUniverseConfig" name="test_partial_override_keeps_defaults" file="tests\test_config.py" line="59" time="0.013" /><testcase classname="tests.test_config.TestLoadUniverseConfig" name="test_unknown_keys_go_to_extra" file="tests\test_config.py" line="70" time="0.016" /><testcase classname="tests.test_config.TestLoadUniverseConfig" name="test_invalid_yaml_returns_defaults" file="tests\test_config.py" line="84" time="0.013" /><testcase classname="tests.test_config.TestLoadUniverseConfig" name="test_non_mapping_yaml_returns_defaults" file="tests\test_config.py" line="93" time="0.013" /><testcase classname="tests.test_config.TestLoadUniverseConfig" name="test_provider_preferences" file="tests\test_config.py" line="102" time="0.014" /><testcase classname="tests.test_config.TestLoadUniverseConfig" name="test_word_count_bounds" file="tests\test_config.py" line="114" time="0.012" /><testcase classname="tests.test_config.TestLoadUniverseConfig" name="test_debate_and_revision" file="tests\test_config.py" line="126" time="0.013" /><testcase classname="tests.test_config.TestLoadUniverseConfig" name="test_empty_file_returns_defaults" file="tests\test_config.py" line="138" time="0.005" /><testcase classname="tests.test_config.TestLoadUniverseConfig" name="test_string_path" file="tests\test_config.py" line="145" time="0.014" /><testcase classname="tests.test_config.TestRuntimeConfigIntegration" name="test_runtime_has_default_config" file="tests\test_config.py" line="159" time="0.001" /><testcase classname="tests.test_config.TestRuntimeConfigIntegration" name="test_reset_restores_default_config" file="tests\test_config.py" line="164" time="0.001" /><testcase classname="tests.test_conformance_pack_gates" name="test_standard_backed_rung_requires_ready_conformance_pack" file="tests\test_conformance_pack_gates.py" line="98" time="0.135"><failure message="KeyError: 'branch_def_id'">gates_env = (&lt;module 'tinyassets.universe_server' from 'C:\\Users\\Jonathan\\Projects\\wf-required-test-gate\\tinyassets\\universe...dowsPath('C:/Users/Jonathan/AppData/Local/Temp/pytest-of-Jonathan/pytest-7404/test_standard_backed_rung_requ0/output'))

    def test_standard_backed_rung_requires_ready_conformance_pack(gates_env):
        us, _ = gates_env
&gt;       _goal_id, branch_id = _seed_research_goal_and_branch(us)
                              ^^^^^^^^^^^^^^^^^^^^^^^^^^^^^^^^^^

tests\test_conformance_pack_gates.py:101: 
_ _ _ _ _ _ _ _ _ _ _ _ _ _ _ _ _ _ _ _ _ _ _ _ _ _ _ _ _ _ _ _ _ _ _ _ _ _ _ _

us = &lt;module 'tinyassets.universe_server' from 'C:\\Users\\Jonathan\\Projects\\wf-required-test-gate\\tinyassets\\universe_server.py'&gt;

    def _seed_research_goal_and_branch(us):
        goal = _call(us, "goals", "propose", name="Markovic submission")
        goal_id = goal["goal"]["goal_id"]
        branch = _call(us, "extensions", "create_branch", name="Fingerprint RD")
&gt;       branch_id = branch["branch_def_id"]
                    ^^^^^^^^^^^^^^^^^^^^^^^
E       KeyError: 'branch_def_id'

tests\test_conformance_pack_gates.py:80: KeyError</failure></testcase><testcase classname="tests.test_conformance_pack_gates" name="test_blocked_conformance_pack_cannot_support_claim" file="tests\test_conformance_pack_gates.py" line="116" time="0.132"><failure message="KeyError: 'branch_def_id'">gates_env = (&lt;module 'tinyassets.universe_server' from 'C:\\Users\\Jonathan\\Projects\\wf-required-test-gate\\tinyassets\\universe...dowsPath('C:/Users/Jonathan/AppData/Local/Temp/pytest-of-Jonathan/pytest-7404/test_blocked_conformance_pack_0/output'))

    def test_blocked_conformance_pack_cannot_support_claim(gates_env):
        us, _ = gates_env
&gt;       goal_id, branch_id = _seed_research_goal_and_branch(us)
                             ^^^^^^^^^^^^^^^^^^^^^^^^^^^^^^^^^^

tests\test_conformance_pack_gates.py:119: 
_ _ _ _ _ _ _ _ _ _ _ _ _ _ _ _ _ _ _ _ _ _ _ _ _ _ _ _ _ _ _ _ _ _ _ _ _ _ _ _

us = &lt;module 'tinyassets.universe_server' from 'C:\\Users\\Jonathan\\Projects\\wf-required-test-gate\\tinyassets\\universe_server.py'&gt;

    def _seed_research_goal_and_branch(us):
        goal = _call(us, "goals", "propose", name="Markovic submission")
        goal_id = goal["goal"]["goal_id"]
        branch = _call(us, "extensions", "create_branch", name="Fingerprint RD")
&gt;       branch_id = branch["branch_def_id"]
                    ^^^^^^^^^^^^^^^^^^^^^^^
E       KeyError: 'branch_def_id'

tests\test_conformance_pack_gates.py:80: KeyError</failure></testcase><testcase classname="tests.test_conformance_pack_gates" name="test_ready_research_publication_pack_is_stored_on_gate_claim" file="tests\test_conformance_pack_gates.py" line="147" time="0.141"><failure message="KeyError: 'branch_def_id'">gates_env = (&lt;module 'tinyassets.universe_server' from 'C:\\Users\\Jonathan\\Projects\\wf-required-test-gate\\tinyassets\\universe...dowsPath('C:/Users/Jonathan/AppData/Local/Temp/pytest-of-Jonathan/pytest-7404/test_ready_research_publicatio0/output'))

    def test_ready_research_publication_pack_is_stored_on_gate_claim(gates_env):
        us, _ = gates_env
&gt;       goal_id, branch_id = _seed_research_goal_and_branch(us)
                             ^^^^^^^^^^^^^^^^^^^^^^^^^^^^^^^^^^

tests\test_conformance_pack_gates.py:150: 
_ _ _ _ _ _ _ _ _ _ _ _ _ _ _ _ _ _ _ _ _ _ _ _ _ _ _ _ _ _ _ _ _ _ _ _ _ _ _ _

us = &lt;module 'tinyassets.universe_server' from 'C:\\Users\\Jonathan\\Projects\\wf-required-test-gate\\tinyassets\\universe_server.py'&gt;

    def _seed_research_goal_and_branch(us):
        goal = _call(us, "goals", "propose", name="Markovic submission")
        goal_id = goal["goal"]["goal_id"]
        branch = _call(us, "extensions", "create_branch", name="Fingerprint RD")
&gt;       branch_id = branch["branch_def_id"]
                    ^^^^^^^^^^^^^^^^^^^^^^^
E       KeyError: 'branch_def_id'

tests\test_conformance_pack_gates.py:80: KeyError</failure></testcase><testcase classname="tests.test_conformance_pack_gates" name="test_non_builtin_standard_pack_defaults_to_human_review" file="tests\test_conformance_pack_gates.py" line="177" time="0.143"><failure message="KeyError: 'branch_def_id'">gates_env = (&lt;module 'tinyassets.universe_server' from 'C:\\Users\\Jonathan\\Projects\\wf-required-test-gate\\tinyassets\\universe...dowsPath('C:/Users/Jonathan/AppData/Local/Temp/pytest-of-Jonathan/pytest-7404/test_non_builtin_standard_pack0/output'))

    def test_non_builtin_standard_pack_defaults_to_human_review(gates_env):
        us, _ = gates_env
&gt;       goal_id, branch_id = _seed_research_goal_and_branch(us)
                             ^^^^^^^^^^^^^^^^^^^^^^^^^^^^^^^^^^

tests\test_conformance_pack_gates.py:180: 
_ _ _ _ _ _ _ _ _ _ _ _ _ _ _ _ _ _ _ _ _ _ _ _ _ _ _ _ _ _ _ _ _ _ _ _ _ _ _ _

us = &lt;module 'tinyassets.universe_server' from 'C:\\Users\\Jonathan\\Projects\\wf-required-test-gate\\tinyassets\\universe_server.py'&gt;

    def _seed_research_goal_and_branch(us):
        goal = _call(us, "goals", "propose", name="Markovic submission")
        goal_id = goal["goal"]["goal_id"]
        branch = _call(us, "extensions", "create_branch", name="Fingerprint RD")
&gt;       branch_id = branch["branch_def_id"]
                    ^^^^^^^^^^^^^^^^^^^^^^^
E       KeyError: 'branch_def_id'

tests\test_conformance_pack_gates.py:80: KeyError</failure></testcase><testcase classname="tests.test_connector_catalog" name="test_registry_advertises_only_canonical_mcp" file="tests\test_connector_catalog.py" line="26" time="0.018" /><testcase classname="tests.test_connector_catalog" name="test_remote_registry_version_is_independent_from_local_mcpb_version" file="tests\test_connector_catalog.py" line="39" time="0.012" /><testcase classname="tests.test_connector_catalog" name="test_committed_registry_manifest_matches_generated_document" file="tests\test_connector_catalog.py" line="48" time="0.014" /><testcase classname="tests.test_connector_catalog" name="test_registry_generator_check_runs_directly_from_repository_root" file="tests\test_connector_catalog.py" line="55" time="0.126" /><testcase classname="tests.test_connector_tool_selection.TestDatasetIntegrity" name="test_shipped_dataset_loads_and_covers_every_handle" file="tests\test_connector_tool_selection.py" line="65" time="0.002" /><testcase classname="tests.test_connector_tool_selection.TestDatasetIntegrity" name="test_label_outside_the_canonical_set_is_rejected" file="tests\test_connector_tool_selection.py" line="71" time="0.014" /><testcase classname="tests.test_connector_tool_selection.TestDatasetIntegrity" name="test_uncovered_canonical_handle_is_rejected" file="tests\test_connector_tool_selection.py" line="82" time="0.015" /><testcase classname="tests.test_connector_tool_selection.TestDatasetIntegrity" name="test_duplicate_prompt_is_rejected" file="tests\test_connector_tool_selection.py" line="88" time="0.018" /><testcase classname="tests.test_connector_tool_selection.TestDatasetIntegrity" name="test_version_comes_from_the_filename_and_is_required" file="tests\test_connector_tool_selection.py" line="95" time="0.007" /><testcase classname="tests.test_connector_tool_selection.TestDatasetIntegrity" name="test_malformed_line_is_rejected_rather_than_skipped" file="tests\test_connector_tool_selection.py" line="100" time="0.016" /><testcase classname="tests.test_connector_tool_selection.TestScoring" name="test_perfect_run_scores_both_rates_separately" file="tests\test_connector_tool_selection.py" line="114" time="0.016" /><testcase classname="tests.test_connector_tool_selection.TestScoring" name="test_partial_run_is_refused_not_scored" file="tests\test_connector_tool_selection.py" line="124" time="0.007" /><testcase classname="tests.test_connector_tool_selection.TestScoring" name="test_unexpected_prompt_in_a_run_is_refused" file="tests\test_connector_tool_selection.py" line="133" time="0.006" /><testcase classname="tests.test_connector_tool_selection.TestScoring" name="test_non_canonical_observed_handle_scores_incorrect_and_is_reported" file="tests\test_connector_tool_selection.py" line="140" time="0.006" /><testcase classname="tests.test_connector_tool_selection.TestScoring" name="test_opening_regression_is_visible_when_top1_barely_moves" file="tests\test_connector_tool_selection.py" line="152" time="0.013" /><testcase classname="tests.test_connector_tool_selection.TestScoring" name="test_direct_mcp_source_is_refused_as_a_measurement" file="tests\test_connector_tool_selection.py" line="167" time="0.006" /><testcase classname="tests.test_connector_tool_selection.TestScoring" name="test_source_and_date_are_required" file="tests\test_connector_tool_selection.py" line="177" time="0.006" /><testcase classname="tests.test_connector_tool_selection.TestBaselineGate" name="test_default_tolerance_is_zero_percentage_points" file="tests\test_connector_tool_selection.py" line="201" time="0.001" /><testcase classname="tests.test_connector_tool_selection.TestBaselineGate" name="test_any_regression_fails_under_the_default_tolerance" file="tests\test_connector_tool_selection.py" line="211" time="0.000" /><testcase classname="tests.test_connector_tool_selection.TestBaselineGate" name="test_opening_regression_fails_independently" file="tests\test_connector_tool_selection.py" line="217" time="0.000" /><testcase classname="tests.test_connector_tool_selection.TestBaselineGate" name="test_improvement_passes" file="tests\test_connector_tool_selection.py" line="223" time="0.000" /><testcase classname="tests.test_connector_tool_selection.TestBaselineGate" name="test_recorded_tolerance_is_honored" file="tests\test_connector_tool_selection.py" line="227" time="0.000" /><testcase classname="tests.test_connector_tool_selection.TestBaselineGate" name="test_cross_dataset_version_comparison_is_refused" file="tests\test_connector_tool_selection.py" line="234" time="0.000" /><testcase classname="tests.test_connector_tool_selection.TestBaselineGate" name="test_cross_surface_comparison_is_refused" file="tests\test_connector_tool_selection.py" line="240" time="0.001" /><testcase classname="tests.test_connector_tool_selection.TestBaselineGate" name="test_compare_takes_no_tolerance_argument" file="tests\test_connector_tool_selection.py" line="247" time="0.001" /><testcase classname="tests.test_connector_tool_selection.TestBaselineValueIntegrity" name="test_nan_tolerance_cannot_pass_a_real_regression" file="tests\test_connector_tool_selection.py" line="284" time="0.001" /><testcase classname="tests.test_connector_tool_selection.TestBaselineValueIntegrity" name="test_infinite_tolerance_is_refused" file="tests\test_connector_tool_selection.py" line="296" time="0.001" /><testcase classname="tests.test_connector_tool_selection.TestBaselineValueIntegrity" name="test_negative_tolerance_is_refused" file="tests\test_connector_tool_selection.py" line="303" time="0.000" /><testcase classname="tests.test_connector_tool_selection.TestBaselineValueIntegrity" name="test_tolerance_wider_than_the_rate_range_is_refused" file="tests\test_connector_tool_selection.py" line="309" time="0.000" /><testcase classname="tests.test_connector_tool_selection.TestBaselineValueIntegrity" name="test_non_finite_baseline_rate_is_refused[nan]" file="tests\test_connector_tool_selection.py" line="316" time="0.001" /><testcase classname="tests.test_connector_tool_selection.TestBaselineValueIntegrity" name="test_non_finite_baseline_rate_is_refused[inf]" file="tests\test_connector_tool_selection.py" line="316" time="0.001" /><testcase classname="tests.test_connector_tool_selection.TestBaselineValueIntegrity" name="test_non_finite_baseline_rate_is_refused[-inf]" file="tests\test_connector_tool_selection.py" line="316" time="0.001" /><testcase classname="tests.test_connector_tool_selection.TestBaselineValueIntegrity" name="test_out_of_range_baseline_rate_is_refused[1.5]" file="tests\test_connector_tool_selection.py" line="323" time="0.001" /><testcase classname="tests.test_connector_tool_selection.TestBaselineValueIntegrity" name="test_out_of_range_baseline_rate_is_refused[-0.1]" file="tests\test_connector_tool_selection.py" line="323" time="0.001" /><testcase classname="tests.test_connector_tool_selection.TestBaselineValueIntegrity" name="test_out_of_range_baseline_rate_is_refused[100.0]" file="tests\test_connector_tool_selection.py" line="323" time="0.001" /><testcase classname="tests.test_connector_tool_selection.TestBaselineValueIntegrity" name="test_non_numeric_baseline_value_is_refused_as_unusable" file="tests\test_connector_tool_selection.py" line="328" time="0.000" /><testcase classname="tests.test_connector_tool_selection.TestBaselineValueIntegrity" name="test_non_finite_measurement_rate_is_refused" file="tests\test_connector_tool_selection.py" line="337" time="0.000" /><testcase classname="tests.test_connector_tool_selection.TestEvidenceBinding" name="test_evidence_reference_is_carried_onto_the_measurement" file="tests\test_connector_tool_selection.py" line="369" time="0.007" /><testcase classname="tests.test_connector_tool_selection.TestEvidenceBinding" name="test_evidence_is_optional" file="tests\test_connector_tool_selection.py" line="380" time="0.006" /><testcase classname="tests.test_connector_tool_selection.TestEvidenceBinding" name="test_non_string_evidence_is_refused" file="tests\test_connector_tool_selection.py" line="387" time="0.006" /><testcase classname="tests.test_connector_tool_selection.TestCliExitCodes" name="test_passing_gate_exits_zero" file="tests\test_connector_tool_selection.py" line="449" time="0.026" /><testcase classname="tests.test_connector_tool_selection.TestCliExitCodes" name="test_no_baseline_reports_rates_and_exits_zero" file="tests\test_connector_tool_selection.py" line="452" time="0.009" /><testcase classname="tests.test_connector_tool_selection.TestCliExitCodes" name="test_failed_gate_exits_one" file="tests\test_connector_tool_selection.py" line="456" time="0.018" /><testcase classname="tests.test_connector_tool_selection.TestCliExitCodes" name="test_nan_tolerance_in_the_baseline_file_exits_two_not_zero" file="tests\test_connector_tool_selection.py" line="462" time="0.017" /><testcase classname="tests.test_connector_tool_selection.TestCliExitCodes" name="test_non_numeric_tolerance_exits_two_not_one" file="tests\test_connector_tool_selection.py" line="468" time="0.017" /><testcase classname="tests.test_connector_tool_selection.TestCliExitCodes" name="test_unusable_baseline_rate_exits_two[nan]" file="tests\test_connector_tool_selection.py" line="473" time="0.018" /><testcase classname="tests.test_connector_tool_selection.TestCliExitCodes" name="test_unusable_baseline_rate_exits_two[inf]" file="tests\test_connector_tool_selection.py" line="473" time="0.018" /><testcase classname="tests.test_connector_tool_selection.TestCliExitCodes" name="test_unusable_baseline_rate_exits_two[1.5]" file="tests\test_connector_tool_selection.py" line="473" time="0.019" /><testcase classname="tests.test_connector_tool_selection.TestCliExitCodes" name="test_unusable_baseline_rate_exits_two[-0.2]" file="tests\test_connector_tool_selection.py" line="473" time="0.017" /><testcase classname="tests.test_connector_tool_selection.TestCliExitCodes" name="test_unusable_baseline_rate_exits_two[high]" file="tests\test_connector_tool_selection.py" line="473" time="0.020" /><testcase classname="tests.test_connector_tool_selection.TestCliExitCodes" name="test_unusable_baseline_rate_exits_two[None]" file="tests\test_connector_tool_selection.py" line="473" time="0.016" /><testcase classname="tests.test_connector_tool_selection.TestCliExitCodes" name="test_unusable_baseline_rate_exits_two[bad6]" file="tests\test_connector_tool_selection.py" line="473" time="0.015" /><testcase classname="tests.test_connector_tool_selection.TestCliExitCodes" name="test_missing_baseline_key_exits_two" file="tests\test_connector_tool_selection.py" line="480" time="0.018" /><testcase classname="tests.test_connector_tool_selection.TestCliExitCodes" name="test_baseline_that_is_not_an_object_exits_two" file="tests\test_connector_tool_selection.py" line="484" time="0.015" /><testcase classname="tests.test_connector_tool_selection.TestCliExitCodes" name="test_missing_baseline_file_exits_two" file="tests\test_connector_tool_selection.py" line="487" time="0.009" /><testcase classname="tests.test_connector_tool_selection.TestCliExitCodes" name="test_run_that_is_not_an_object_exits_two" file="tests\test_connector_tool_selection.py" line="491" time="0.016" /><testcase classname="tests.test_connector_tool_selection.TestCliExitCodes" name="test_run_whose_observations_are_not_an_object_exits_two" file="tests\test_connector_tool_selection.py" line="494" time="0.015" /><testcase classname="tests.test_connector_tool_selection.TestCliExitCodes" name="test_unrendered_source_exits_two" file="tests\test_connector_tool_selection.py" line="502" time="0.015" /><testcase classname="tests.test_connector_tool_selection.TestCliExitCodes" name="test_malformed_dataset_exits_two" file="tests\test_connector_tool_selection.py" line="513" time="0.006" /><testcase classname="tests.test_connector_tool_selection.TestCliExitCodes" name="test_absent_evidence_is_reported_not_assumed" file="tests\test_connector_tool_selection.py" line="522" time="0.007" /><testcase classname="tests.test_connector_tool_selection.TestCliExitCodes" name="test_recorded_evidence_is_printed" file="tests\test_connector_tool_selection.py" line="528" time="0.017" /><testcase classname="tests.test_context_budget_regression.TestBuildWorldStateSnapshotDedup" name="test_characters_not_embedded_in_snapshot" file="tests\test_context_budget_regression.py" line="39" time="0.001" /><testcase classname="tests.test_context_budget_regression.TestWorldStateDBLimits" name="test_get_all_characters_respects_limit" file="tests\test_context_budget_regression.py" line="61" time="0.063" /><testcase classname="tests.test_context_budget_regression.TestWorldStateDBLimits" name="test_get_active_promises_respects_limit" file="tests\test_context_budget_regression.py" line="74" time="0.058" /><testcase classname="tests.test_context_budget_regression.TestWorldStateDBLimits" name="test_get_active_promises_top_n_by_importance" file="tests\test_context_budget_regression.py" line="88" time="0.053" /><testcase classname="tests.test_context_budget_regression.TestBundleUnderBudgetWithHeavyUniverse" name="test_characters_not_duplicated_in_core" file="tests\test_context_budget_regression.py" line="120" time="0.031" /><testcase classname="tests.test_context_budget_regression.TestBundleUnderBudgetWithHeavyUniverse" name="test_bundle_under_budget_after_db_limit" file="tests\test_context_budget_regression.py" line="176" time="0.207" /><testcase classname="tests.test_context_compaction.TestHandoffArtifact" name="test_create_artifact" file="tests\test_context_compaction.py" line="18" time="0.001" /><testcase classname="tests.test_context_compaction.TestHandoffArtifact" name="test_artifact_to_dict" file="tests\test_context_compaction.py" line="36" time="0.001" /><testcase classname="tests.test_context_compaction.TestHandoffArtifact" name="test_artifact_from_dict" file="tests\test_context_compaction.py" line="52" time="0.001" /><testcase classname="tests.test_context_compaction.TestHandoffArtifact" name="test_artifact_roundtrip" file="tests\test_context_compaction.py" line="71" time="0.001" /><testcase classname="tests.test_context_compaction.TestCompactionService" name="test_compact_phase_output_basic" file="tests\test_context_compaction.py" line="98" time="0.001" /><testcase classname="tests.test_context_compaction.TestCompactionService" name="test_compact_phase_output_large_facts" file="tests\test_context_compaction.py" line="122" time="0.001" /><testcase classname="tests.test_context_compaction.TestCompactionService" name="test_compact_tool_result_no_truncation" file="tests\test_context_compaction.py" line="141" time="0.001" /><testcase classname="tests.test_context_compaction.TestCompactionService" name="test_compact_tool_result_with_truncation" file="tests\test_context_compaction.py" line="155" time="0.001" /><testcase classname="tests.test_context_compaction.TestCompactionService" name="test_merge_handoff_artifacts_empty_raises" file="tests\test_context_compaction.py" line="170" time="0.001" /><testcase classname="tests.test_context_compaction.TestCompactionService" name="test_merge_handoff_artifacts_deduplicates_facts" file="tests\test_context_compaction.py" line="177" time="0.001" /><testcase classname="tests.test_context_compaction.TestCompactionService" name="test_merge_handoff_artifacts_respects_budget" file="tests\test_context_compaction.py" line="202" time="0.001" /><testcase classname="tests.test_context_compaction.TestCompactionService" name="test_truncate_text_basic" file="tests\test_context_compaction.py" line="222" time="0.001" /><testcase classname="tests.test_context_compaction.TestCompactionService" name="test_truncate_text_preserves_short" file="tests\test_context_compaction.py" line="232" time="0.001" /><testcase classname="tests.test_context_compaction.TestHandoffStore" name="test_store_and_retrieve" file="tests\test_context_compaction.py" line="245" time="0.023" /><testcase classname="tests.test_context_compaction.TestHandoffStore" name="test_retrieve_latest" file="tests\test_context_compaction.py" line="270" time="0.014" /><testcase classname="tests.test_context_compaction.TestHandoffStore" name="test_retrieve_scope_filtering" file="tests\test_context_compaction.py" line="305" time="0.013" /><testcase classname="tests.test_context_compaction.TestHandoffStore" name="test_prune_removes_old_artifacts" file="tests\test_context_compaction.py" line="339" time="0.016" /><testcase classname="tests.test_context_compaction.TestHandoffStore" name="test_prune_with_unix_timestamp" file="tests\test_context_compaction.py" line="380" time="0.013" /><testcase classname="tests.test_context_compaction.TestHandoffStore" name="test_db_persistence" file="tests\test_context_compaction.py" line="402" time="0.012" /><testcase classname="tests.test_context_debug_instrumentation.TestDebugContextFlag" name="test_flag_off_by_default" file="tests\test_context_debug_instrumentation.py" line="21" time="0.001" /><testcase classname="tests.test_context_debug_instrumentation.TestDebugContextFlag" name="test_flag_truthy_values[1]" file="tests\test_context_debug_instrumentation.py" line="25" time="0.001" /><testcase classname="tests.test_context_debug_instrumentation.TestDebugContextFlag" name="test_flag_truthy_values[on]" file="tests\test_context_debug_instrumentation.py" line="25" time="0.001" /><testcase classname="tests.test_context_debug_instrumentation.TestDebugContextFlag" name="test_flag_truthy_values[true]" file="tests\test_context_debug_instrumentation.py" line="25" time="0.001" /><testcase classname="tests.test_context_debug_instrumentation.TestDebugContextFlag" name="test_flag_truthy_values[yes]" file="tests\test_context_debug_instrumentation.py" line="25" time="0.001" /><testcase classname="tests.test_context_debug_instrumentation.TestDebugContextFlag" name="test_flag_truthy_values[TRUE]" file="tests\test_context_debug_instrumentation.py" line="25" time="0.001" /><testcase classname="tests.test_context_debug_instrumentation.TestDebugContextFlag" name="test_flag_truthy_values[Yes]" file="tests\test_context_debug_instrumentation.py" line="25" time="0.001" /><testcase classname="tests.test_context_debug_instrumentation.TestDebugContextFlag" name="test_flag_falsy_values[0]" file="tests\test_context_debug_instrumentation.py" line="30" time="0.001" /><testcase classname="tests.test_context_debug_instrumentation.TestDebugContextFlag" name="test_flag_falsy_values[off]" file="tests\test_context_debug_instrumentation.py" line="30" time="0.001" /><testcase classname="tests.test_context_debug_instrumentation.TestDebugContextFlag" name="test_flag_falsy_values[false]" file="tests\test_context_debug_instrumentation.py" line="30" time="0.001" /><testcase classname="tests.test_context_debug_instrumentation.TestDebugContextFlag" name="test_flag_falsy_values[no]" file="tests\test_context_debug_instrumentation.py" line="30" time="0.001" /><testcase classname="tests.test_context_debug_instrumentation.TestDebugContextFlag" name="test_flag_falsy_values[]" file="tests\test_context_debug_instrumentation.py" line="30" time="0.001" /><testcase classname="tests.test_context_debug_instrumentation.TestBreakdownLogging" name="test_breakdown_emitted_when_flag_on" file="tests\test_context_debug_instrumentation.py" line="53" time="0.007" /><testcase classname="tests.test_context_debug_instrumentation.TestBreakdownLogging" name="test_breakdown_silent_when_flag_off" file="tests\test_context_debug_instrumentation.py" line="72" time="0.005" /><testcase classname="tests.test_context_debug_instrumentation.TestBreakdownLogging" name="test_breakdown_not_emitted_when_under_budget" file="tests\test_context_debug_instrumentation.py" line="87" time="0.003" /><testcase classname="tests.test_context_guardrails.TestFilterGuardrail" name="test_filter_by_relevance_exact_match" file="tests\test_context_guardrails.py" line="15" time="0.001" /><testcase classname="tests.test_context_guardrails.TestFilterGuardrail" name="test_filter_by_relevance_max_results" file="tests\test_context_guardrails.py" line="30" time="0.001" /><testcase classname="tests.test_context_guardrails.TestFilterGuardrail" name="test_filter_by_relevance_empty_query" file="tests\test_context_guardrails.py" line="46" time="0.000" /><testcase classname="tests.test_context_guardrails.TestFilterGuardrail" name="test_filter_by_relevance_empty_results" file="tests\test_context_guardrails.py" line="54" time="0.000" /><testcase classname="tests.test_context_guardrails.TestFilterGuardrail" name="test_filter_by_relevance_content_field" file="tests\test_context_guardrails.py" line="62" time="0.000" /><testcase classname="tests.test_context_guardrails.TestFilterGuardrail" name="test_filter_by_scope_matching" file="tests\test_context_guardrails.py" line="76" time="0.001" /><testcase classname="tests.test_context_guardrails.TestFilterGuardrail" name="test_filter_by_scope_no_scope_info" file="tests\test_context_guardrails.py" line="92" time="0.001" /><testcase classname="tests.test_context_guardrails.TestFilterGuardrail" name="test_filter_by_scope_empty_scope" file="tests\test_context_guardrails.py" line="105" time="0.001" /><testcase classname="tests.test_context_guardrails.TestFilterGuardrail" name="test_filter_by_recency_all_recent" file="tests\test_context_guardrails.py" line="116" time="0.001" /><testcase classname="tests.test_context_guardrails.TestFilterGuardrail" name="test_filter_by_recency_removes_old" file="tests\test_context_guardrails.py" line="131" time="0.000" /><testcase classname="tests.test_context_guardrails.TestFilterGuardrail" name="test_filter_by_recency_no_max_age" file="tests\test_context_guardrails.py" line="147" time="0.000" /><testcase classname="tests.test_context_guardrails.TestFilterGuardrail" name="test_filter_by_recency_iso_timestamp" file="tests\test_context_guardrails.py" line="158" time="0.001" /><testcase classname="tests.test_context_guardrails.TestPaginationGuardrail" name="test_paginate_first_page" file="tests\test_context_guardrails.py" line="175" time="0.001" /><testcase classname="tests.test_context_guardrails.TestPaginationGuardrail" name="test_paginate_middle_page" file="tests\test_context_guardrails.py" line="190" time="0.000" /><testcase classname="tests.test_context_guardrails.TestPaginationGuardrail" name="test_paginate_last_page" file="tests\test_context_guardrails.py" line="204" time="0.000" /><testcase classname="tests.test_context_guardrails.TestPaginationGuardrail" name="test_paginate_partial_last_page" file="tests\test_context_guardrails.py" line="216" time="0.001" /><testcase classname="tests.test_context_guardrails.TestPaginationGuardrail" name="test_paginate_negative_page" file="tests\test_context_guardrails.py" line="227" time="0.000" /><testcase classname="tests.test_context_guardrails.TestPaginationGuardrail" name="test_paginate_invalid_page_size" file="tests\test_context_guardrails.py" line="238" time="0.000" /><testcase classname="tests.test_context_guardrails.TestSummarizationGuardrail" name="test_summarize_if_large_short_content" file="tests\test_context_guardrails.py" line="253" time="0.000" /><testcase classname="tests.test_context_guardrails.TestSummarizationGuardrail" name="test_summarize_if_large_long_content" file="tests\test_context_guardrails.py" line="264" time="0.000" /><testcase classname="tests.test_context_guardrails.TestSummarizationGuardrail" name="test_summarize_if_large_breaks_at_period" file="tests\test_context_guardrails.py" line="275" time="0.000" /><testcase classname="tests.test_context_guardrails.TestSummarizationGuardrail" name="test_summarize_if_large_empty_content" file="tests\test_context_guardrails.py" line="290" time="0.000" /><testcase classname="tests.test_context_guardrails.TestSummarizationGuardrail" name="test_summarize_list_single_item" file="tests\test_context_guardrails.py" line="296" time="0.001" /><testcase classname="tests.test_context_guardrails.TestSummarizationGuardrail" name="test_summarize_list_multiple_items" file="tests\test_context_guardrails.py" line="307" time="0.000" /><testcase classname="tests.test_context_guardrails.TestSummarizationGuardrail" name="test_summarize_list_empty" file="tests\test_context_guardrails.py" line="325" time="0.000" /><testcase classname="tests.test_context_guardrails.TestGuardrailPipeline" name="test_pipeline_empty" file="tests\test_context_guardrails.py" line="335" time="0.001" /><testcase classname="tests.test_context_guardrails.TestGuardrailPipeline" name="test_pipeline_single_step" file="tests\test_context_guardrails.py" line="344" time="0.001" /><testcase classname="tests.test_context_guardrails.TestGuardrailPipeline" name="test_pipeline_multiple_steps" file="tests\test_context_guardrails.py" line="354" time="0.000" /><testcase classname="tests.test_context_guardrails.TestGuardrailPipeline" name="test_pipeline_chaining" file="tests\test_context_guardrails.py" line="365" time="0.001" /><testcase classname="tests.test_context_guardrails.TestGuardrailPipeline" name="test_pipeline_handles_error" file="tests\test_context_guardrails.py" line="378" time="0.001"><failure message="tinyassets.context.guardrails.GuardrailPipelineError: Guardrail pipeline step 0 (failing_step) failed: Test error">x = [1, 2, 3]

    def failing_step(x):
&gt;       raise ValueError("Test error")
E       ValueError: Test error

tests\test_context_guardrails.py:382: ValueError

The above exception was the direct cause of the following exception:

self = &lt;tests.test_context_guardrails.TestGuardrailPipeline object at 0x0000018D838E7770&gt;

    def test_pipeline_handles_error(self):
        """Test that pipeline continues after error."""
        def failing_step(x):
            raise ValueError("Test error")
    
        def identity_step(x):
            return x
    
        pipeline = GuardrailPipeline()
        pipeline.add_step(failing_step)
        pipeline.add_step(identity_step)
    
        data = [1, 2, 3]
&gt;       result = pipeline.apply(data)
                 ^^^^^^^^^^^^^^^^^^^^

tests\test_context_guardrails.py:392: 
_ _ _ _ _ _ _ _ _ _ _ _ _ _ _ _ _ _ _ _ _ _ _ _ _ _ _ _ _ _ _ _ _ _ _ _ _ _ _ _

self = &lt;tinyassets.context.guardrails.GuardrailPipeline object at 0x0000018D813F55B0&gt;
data = [1, 2, 3]

    def apply(self, data: Any) -&gt; Any:
        """Run all pipeline steps in order.
    
        Parameters
        ----------
        data : Any
            Input data to process.
    
        Returns
        -------
        Any
            Output from final pipeline step.
        """
        result = data
        for step_index, step in enumerate(self._steps):
            try:
                result = step(result)
            except Exception as e:
                logger.warning(
                    "Pipeline step %d failed; aborting guardrail pipeline",
                    step_index,
                    exc_info=e,
                )
&gt;               raise GuardrailPipelineError(step, step_index, e) from e
E               tinyassets.context.guardrails.GuardrailPipelineError: Guardrail pipeline step 0 (failing_step) failed: Test error

tinyassets\context\guardrails.py:431: GuardrailPipelineError</failure></testcase><testcase classname="tests.test_context_guardrails.TestBuildRetrievalPipeline" name="test_build_with_all_options" file="tests\test_context_guardrails.py" line="400" time="0.001" /><testcase classname="tests.test_context_guardrails.TestBuildRetrievalPipeline" name="test_build_with_query_only" file="tests\test_context_guardrails.py" line="412" time="0.001" /><testcase classname="tests.test_context_guardrails.TestBuildRetrievalPipeline" name="test_build_with_no_options" file="tests\test_context_guardrails.py" line="418" time="0.001" /><testcase classname="tests.test_context_guardrails.TestBuildRetrievalPipeline" name="test_build_pipeline_applies_correctly" file="tests\test_context_guardrails.py" line="424" time="0.001" /><testcase classname="tests.test_continue_branch" name="test_continue_branch_is_not_a_branch_action" file="tests\test_continue_branch.py" line="7" time="0.001" /><testcase classname="tests.test_continue_branch" name="test_continue_branch_extensions_call_is_unknown" file="tests\test_continue_branch.py" line="13" time="0.005" /><testcase classname="tests.test_continue_branch" name="test_control_station_reports_resume_gap_after_reading_prior_run" file="tests\test_continue_branch.py" line="26" time="0.001" /><testcase classname="tests.test_contribution_events_emit.TestTerminalStatusEmits" name="test_completed_run_emits_event" file="tests\test_contribution_events_emit.py" line="83" time="0.040" /><testcase classname="tests.test_contribution_events_emit.TestTerminalStatusEmits" name="test_failed_run_emits_event" file="tests\test_contribution_events_emit.py" line="101" time="0.037" /><testcase classname="tests.test_contribution_events_emit.TestTerminalStatusEmits" name="test_cancelled_run_emits_event" file="tests\test_contribution_events_emit.py" line="113" time="0.036" /><testcase classname="tests.test_contribution_events_emit.TestTerminalStatusEmits" name="test_interrupted_run_emits_event" file="tests\test_contribution_events_emit.py" line="121" time="0.039" /><testcase classname="tests.test_contribution_events_emit.TestTerminalStatusEmits" name="test_version_based_run_carries_branch_version_kind" file="tests\test_contribution_events_emit.py" line="128" time="0.039" /><testcase classname="tests.test_contribution_events_emit.TestTerminalStatusEmits" name="test_completed_run_emits_full_identity_tuple" file="tests\test_contribution_events_emit.py" line="141" time="0.087" /><testcase classname="tests.test_contribution_events_emit.TestTerminalStatusEmits" name="test_unresolvable_daemon_owner_defaults_empty_on_emit" file="tests\test_contribution_events_emit.py" line="167" time="0.081" /><testcase classname="tests.test_contribution_events_emit.TestNonTerminalStatusDoesNotEmit" name="test_running_status_does_not_emit" file="tests\test_contribution_events_emit.py" line="186" time="0.037" /><testcase classname="tests.test_contribution_events_emit.TestNonTerminalStatusDoesNotEmit" name="test_queued_status_does_not_emit" file="tests\test_contribution_events_emit.py" line="191" time="0.038" /><testcase classname="tests.test_contribution_events_emit.TestNonTerminalStatusDoesNotEmit" name="test_no_status_change_does_not_emit" file="tests\test_contribution_events_emit.py" line="196" time="0.039" /><testcase classname="tests.test_contribution_events_emit.TestIdempotency" name="test_repeat_emit_for_same_terminal_status_skipped" file="tests\test_contribution_events_emit.py" line="207" time="0.043" /><testcase classname="tests.test_contribution_events_emit.TestEmitFailureDecoupled" name="test_emit_raise_preserves_status_update" file="tests\test_contribution_events_emit.py" line="220" time="0.036" /><testcase classname="tests.test_contribution_events_emit.TestBountyCalcOnRealData" name="test_emitted_events_findable_by_bounty_query" file="tests\test_contribution_events_emit.py" line="253" time="0.049" /><testcase classname="tests.test_contribution_events_emit.TestDesignUsedEmits" name="test_node_def_kind_emitted_for_authored_node" file="tests\test_contribution_events_emit.py" line="348" time="0.194" /><testcase classname="tests.test_contribution_events_emit.TestDesignUsedEmits" name="test_anonymous_author_skips_emit" file="tests\test_contribution_events_emit.py" line="377" time="0.136" /><testcase classname="tests.test_contribution_events_emit.TestDesignUsedEmits" name="test_multi_node_run_emits_per_node" file="tests\test_contribution_events_emit.py" line="394" time="0.193" /><testcase classname="tests.test_contribution_events_emit.TestDesignUsedEmits" name="test_synthetic_system_node_id_does_not_emit" file="tests\test_contribution_events_emit.py" line="416" time="0.171" /><testcase classname="tests.test_contribution_events_emit.TestDesignUsedEmits" name="test_design_used_idempotent_within_run" file="tests\test_contribution_events_emit.py" line="448" time="0.169" /><testcase classname="tests.test_contribution_events_emit.TestDesignUsedEmits" name="test_design_used_findable_by_bounty_calc_query" file="tests\test_contribution_events_emit.py" line="472" time="0.195" /><testcase classname="tests.test_contribution_events_schema.TestSchemaDDL" name="test_fresh_db_creates_contribution_events_table" file="tests\test_contribution_events_schema.py" line="27" time="0.024" /><testcase classname="tests.test_contribution_events_schema.TestSchemaDDL" name="test_table_has_expected_columns" file="tests\test_contribution_events_schema.py" line="38" time="0.025" /><testcase classname="tests.test_contribution_events_schema.TestSchemaDDL" name="test_indexes_present" file="tests\test_contribution_events_schema.py" line="65" time="0.024" /><testcase classname="tests.test_contribution_events_schema.TestSchemaDDL" name="test_init_is_idempotent" file="tests\test_contribution_events_schema.py" line="81" time="0.039" /><testcase classname="tests.test_contribution_events_schema.TestInsertSemantics" name="test_positive_and_negative_weight_events_round_trip" file="tests\test_contribution_events_schema.py" line="99" time="0.028" /><testcase classname="tests.test_contribution_events_schema.TestInsertSemantics" name="test_metadata_json_defaults_to_empty_object" file="tests\test_contribution_events_schema.py" line="125" time="0.027" /><testcase classname="tests.test_contribution_events_schema.TestInsertSemantics" name="test_weight_default_is_one" file="tests\test_contribution_events_schema.py" line="142" time="0.027" /><testcase classname="tests.test_contribution_events_schema.TestInsertSemantics" name="test_source_run_id_nullable" file="tests\test_contribution_events_schema.py" line="157" time="0.025" /><testcase classname="tests.test_contribution_events_schema.TestBountyCalcQuerySmoke" name="test_recursive_cte_with_decay_produces_expected_shares" file="tests\test_contribution_events_schema.py" line="182" time="0.116" /><testcase classname="tests.test_control_station_degraded_mode" name="test_prompt_body_matches_module_constant" file="tests\test_control_station_degraded_mode.py" line="38" time="0.001" /><testcase classname="tests.test_control_station_degraded_mode" name="test_control_station_routes_supported_edits_and_reports_creation_gap" file="tests\test_control_station_degraded_mode.py" line="43" time="0.001" /><testcase classname="tests.test_control_station_degraded_mode" name="test_degraded_mode_directive_is_present" file="tests\test_control_station_degraded_mode.py" line="56" time="0.001" /><testcase classname="tests.test_control_station_degraded_mode" name="test_degraded_mode_directive_lives_in_hard_rules_block" file="tests\test_control_station_degraded_mode.py" line="67" time="0.000" /><testcase classname="tests.test_control_station_degraded_mode" name="test_directive_names_session_terminated_trigger" file="tests\test_control_station_degraded_mode.py" line="85" time="0.000" /><testcase classname="tests.test_control_station_degraded_mode" name="test_directive_names_multiple_failure_triggers" file="tests\test_control_station_degraded_mode.py" line="94" time="0.000" /><testcase classname="tests.test_control_station_degraded_mode" name="test_directive_covers_every_advertised_handle_without_stale_enumeration" file="tests\test_control_station_degraded_mode.py" line="106" time="0.002" /><testcase classname="tests.test_control_station_degraded_mode" name="test_directive_forbids_fabrication" file="tests\test_control_station_degraded_mode.py" line="128" time="0.001" /><testcase classname="tests.test_control_station_degraded_mode" name="test_directive_forbids_session_history_fabrication" file="tests\test_control_station_degraded_mode.py" line="152" time="0.001" /><testcase classname="tests.test_control_station_degraded_mode" name="test_directive_requires_plain_failure_disclosure" file="tests\test_control_station_degraded_mode.py" line="169" time="0.000" /><testcase classname="tests.test_control_station_degraded_mode" name="test_directive_names_rules_it_overrides" file="tests\test_control_station_degraded_mode.py" line="189" time="0.001" /><testcase classname="tests.test_control_station_degraded_mode" name="test_shared_account_rule_is_present" file="tests\test_control_station_degraded_mode.py" line="227" time="0.001" /><testcase classname="tests.test_control_station_degraded_mode" name="test_shared_account_rule_in_hard_rules_block" file="tests\test_control_station_degraded_mode.py" line="237" time="0.000" /><testcase classname="tests.test_control_station_degraded_mode" name="test_shared_account_rule_says_ask_not_assert" file="tests\test_control_station_degraded_mode.py" line="250" time="0.001" /><testcase classname="tests.test_control_station_degraded_mode" name="test_shared_account_rule_forbids_asserting_cross_session_history" file="tests\test_control_station_degraded_mode.py" line="261" time="0.001" /><testcase classname="tests.test_control_station_degraded_mode" name="test_shared_account_rule_uses_user_vocabulary" file="tests\test_control_station_degraded_mode.py" line="275" time="0.001" /><testcase classname="tests.test_control_station_degraded_mode" name="test_shared_account_rule_covers_silent_action_case" file="tests\test_control_station_degraded_mode.py" line="307" time="0.001" /><testcase classname="tests.test_control_station_degraded_mode" name="test_rule_13_is_present" file="tests\test_control_station_degraded_mode.py" line="341" time="0.001" /><testcase classname="tests.test_control_station_degraded_mode" name="test_rule_13_in_hard_rules_block" file="tests\test_control_station_degraded_mode.py" line="351" time="0.000" /><testcase classname="tests.test_control_station_degraded_mode" name="test_rule_13_names_canonical_run_listing" file="tests\test_control_station_degraded_mode.py" line="364" time="0.001" /><testcase classname="tests.test_control_station_degraded_mode" name="test_rule_13_names_canonical_run_result_read" file="tests\test_control_station_degraded_mode.py" line="370" time="0.000" /><testcase classname="tests.test_control_station_degraded_mode" name="test_rule_13_forbids_asserting_from_memory" file="tests\test_control_station_degraded_mode.py" line="376" time="0.001" /><testcase classname="tests.test_control_station_degraded_mode" name="test_rule_13_names_vague_reference_triggers" file="tests\test_control_station_degraded_mode.py" line="389" time="0.000" /><testcase classname="tests.test_control_station_degraded_mode" name="test_rule_13_specifies_no_matching_run_response" file="tests\test_control_station_degraded_mode.py" line="411" time="0.001" /><testcase classname="tests.test_control_station_degraded_mode" name="test_rule_14_is_present" file="tests\test_control_station_degraded_mode.py" line="443" time="0.001" /><testcase classname="tests.test_control_station_degraded_mode" name="test_rule_14_in_hard_rules_block" file="tests\test_control_station_degraded_mode.py" line="453" time="0.000" /><testcase classname="tests.test_control_station_degraded_mode" name="test_rule_14_contains_visuals_first_trigger" file="tests\test_control_station_degraded_mode.py" line="464" time="0.001" /><testcase classname="tests.test_control_station_degraded_mode" name="test_rule_14_names_mermaid" file="tests\test_control_station_degraded_mode.py" line="472" time="0.001" /><testcase classname="tests.test_control_station_degraded_mode" name="test_rule_14_names_table" file="tests\test_control_station_degraded_mode.py" line="480" time="0.001" /><testcase classname="tests.test_control_station_degraded_mode" name="test_rule_14_names_diagram" file="tests\test_control_station_degraded_mode.py" line="488" time="0.001" /><testcase classname="tests.test_control_station_vocabulary.TestVocabularyDisciplineSection" name="test_section_header_present" file="tests\test_control_station_vocabulary.py" line="18" time="0.001" /><testcase classname="tests.test_control_station_vocabulary.TestVocabularyDisciplineSection" name="test_banned_term_branch" file="tests\test_control_station_vocabulary.py" line="21" time="0.001" /><testcase classname="tests.test_control_station_vocabulary.TestVocabularyDisciplineSection" name="test_banned_term_node" file="tests\test_control_station_vocabulary.py" line="24" time="0.000" /><testcase classname="tests.test_control_station_vocabulary.TestVocabularyDisciplineSection" name="test_banned_term_canon" file="tests\test_control_station_vocabulary.py" line="27" time="0.000" /><testcase classname="tests.test_control_station_vocabulary.TestVocabularyDisciplineSection" name="test_banned_term_graph_dag" file="tests\test_control_station_vocabulary.py" line="30" time="0.001" /><testcase classname="tests.test_control_station_vocabulary.TestVocabularyDisciplineSection" name="test_banned_term_few_shot" file="tests\test_control_station_vocabulary.py" line="33" time="0.000" /><testcase classname="tests.test_control_station_vocabulary.TestVocabularyDisciplineSection" name="test_mirror_rule_present" file="tests\test_control_station_vocabulary.py" line="36" time="0.000" /><testcase classname="tests.test_control_station_vocabulary.TestVocabularyDisciplineSection" name="test_never_introduce_first_rule" file="tests\test_control_station_vocabulary.py" line="39" time="0.000" /><testcase classname="tests.test_converse_handle" name="test_converse_requires_a_message" file="tests\test_converse_handle.py" line="14" time="0.001" /><testcase classname="tests.test_converse_handle" name="test_converse_denied_for_anonymous" file="tests\test_converse_handle.py" line="20" time="0.001" /><testcase classname="tests.test_converse_handle" name="test_converse_denied_for_non_owner" file="tests\test_converse_handle.py" line="27" time="0.000" /><testcase classname="tests.test_converse_handle" name="test_converse_founder_relays_intelligence_reply" file="tests\test_converse_handle.py" line="38" time="0.000" /><testcase classname="tests.test_converse_handle" name="test_converse_surfaces_engine_failure_honestly" file="tests\test_converse_handle.py" line="63" time="0.001" /><testcase classname="tests.test_cowork_bootstrap" name="test_cowork_bootstrap_uses_vended_gh_token" file="tests\test_cowork_bootstrap.py" line="27" time="3.673"><failure message="AssertionError: assert 127 == 0&#10; +  where 127 = CompletedProcess(args=['bash', 'C:\\Users\\Jonathan\\Projects\\wf-required-test-gate\\scripts\\cowork-bootstrap.sh'], ...tderr='/bin/bash: C:UsersJonathanProjectswf-required-test-gatescriptscowork-bootstrap.sh: No such file or directory\n').returncode">tmp_path = WindowsPath('C:/Users/Jonathan/AppData/Local/Temp/pytest-of-Jonathan/pytest-7404/test_cowork_bootstrap_uses_ven0')

    def test_cowork_bootstrap_uses_vended_gh_token(tmp_path: Path) -&gt; None:
        result = subprocess.run(
            ["bash", str(_SCRIPT)],
            cwd=_REPO_ROOT,
            env=_env(tmp_path, token="ghp_test_token"),
            capture_output=True,
            text=True,
            check=False,
        )
    
&gt;       assert result.returncode == 0
E       AssertionError: assert 127 == 0
E        +  where 127 = CompletedProcess(args=['bash', 'C:\\Users\\Jonathan\\Projects\\wf-required-test-gate\\scripts\\cowork-bootstrap.sh'], ...tderr='/bin/bash: C:UsersJonathanProjectswf-required-test-gatescriptscowork-bootstrap.sh: No such file or directory\n').returncode

tests\test_cowork_bootstrap.py:38: AssertionError</failure></testcase><testcase classname="tests.test_cowork_bootstrap" name="test_cowork_bootstrap_stays_read_only_without_token" file="tests\test_cowork_bootstrap.py" line="46" time="0.111"><failure message="AssertionError: assert 127 == 0&#10; +  where 127 = CompletedProcess(args=['bash', 'C:\\Users\\Jonathan\\Projects\\wf-required-test-gate\\scripts\\cowork-bootstrap.sh'], ...tderr='/bin/bash: C:UsersJonathanProjectswf-required-test-gatescriptscowork-bootstrap.sh: No such file or directory\n').returncode">tmp_path = WindowsPath('C:/Users/Jonathan/AppData/Local/Temp/pytest-of-Jonathan/pytest-7404/test_cowork_bootstrap_stays_re0')

    def test_cowork_bootstrap_stays_read_only_without_token(tmp_path: Path) -&gt; None:
        result = subprocess.run(
            ["bash", str(_SCRIPT)],
            cwd=_REPO_ROOT,
            env=_env(tmp_path),
            capture_output=True,
            text=True,
            check=False,
        )
    
&gt;       assert result.returncode == 0
E       AssertionError: assert 127 == 0
E        +  where 127 = CompletedProcess(args=['bash', 'C:\\Users\\Jonathan\\Projects\\wf-required-test-gate\\scripts\\cowork-bootstrap.sh'], ...tderr='/bin/bash: C:UsersJonathanProjectswf-required-test-gatescriptscowork-bootstrap.sh: No such file or directory\n').returncode

tests\test_cowork_bootstrap.py:57: AssertionError</failure></testcase><testcase classname="tests.test_credential_fail_closed" name="test_universe_without_credential_does_not_inherit_host_auth" file="tests\test_credential_fail_closed.py" line="116" time="0.019" /><testcase classname="tests.test_credential_fail_closed" name="test_host_local_daemon_keeps_its_own_auth" file="tests\test_credential_fail_closed.py" line="136" time="0.001" /><testcase classname="tests.test_credential_fail_closed" name="test_host_local_api_key_policy_strips_all_six_variables" file="tests\test_credential_fail_closed.py" line="151" time="0.001" /><testcase classname="tests.test_credential_fail_closed" name="test_api_keys_are_still_stripped_when_not_opted_in" file="tests\test_credential_fail_closed.py" line="164" time="0.018" /><testcase classname="tests.test_credential_fail_closed" name="test_selected_universe_vault_auth_survives_empty_base" file="tests\test_credential_fail_closed.py" line="179" time="0.017" /><testcase classname="tests.test_credential_fail_closed" name="test_partial_vault_overlay_cannot_retain_alternate_host_auth" file="tests\test_credential_fail_closed.py" line="205" time="0.017" /><testcase classname="tests.test_credential_fail_closed" name="test_universe_credential_resolution_failure_is_explicit" file="tests\test_credential_fail_closed.py" line="229" time="0.016" /><testcase classname="tests.test_credential_fail_closed" name="test_malformed_real_vault_failure_is_sanitized_without_artifact_creation" file="tests\test_credential_fail_closed.py" line="252" time="0.016" /><testcase classname="tests.test_credential_fail_closed" name="test_environment_bound_universe_does_not_inherit_host_auth" file="tests\test_credential_fail_closed.py" line="272" time="0.019" /><testcase classname="tests.test_credential_fail_closed" name="test_nonexistent_environment_binding_is_still_universe_scope" file="tests\test_credential_fail_closed.py" line="289" time="0.019" /><testcase classname="tests.test_credential_fail_closed" name="test_relative_universe_binding_emits_absolute_child_paths" file="tests\test_credential_fail_closed.py" line="305" time="0.016" /><testcase classname="tests.test_credential_fail_closed" name="test_explicit_universe_overrides_environment_bound_universe" file="tests\test_credential_fail_closed.py" line="334" time="0.028" /><testcase classname="tests.test_credential_fail_closed" name="test_host_api_provider_opt_in_does_not_leak_into_universe_cli" file="tests\test_credential_fail_closed.py" line="365" time="0.017" /><testcase classname="tests.test_credential_fail_closed" name="test_default_cli_homes_cannot_recover_host_auth" file="tests\test_credential_fail_closed.py" line="381" time="0.017" /><testcase classname="tests.test_credential_fail_closed" name="test_host_local_execution_does_not_invoke_vault_helpers" file="tests\test_credential_fail_closed.py" line="412" time="0.001" /><testcase classname="tests.test_credential_fail_closed" name="test_universe_child_environment_is_default_deny_with_safe_runtime_basics" file="tests\test_credential_fail_closed.py" line="428" time="0.016" /><testcase classname="tests.test_credential_fail_closed" name="test_universe_child_replaces_every_ambient_home_and_profile_root" file="tests\test_credential_fail_closed.py" line="519" time="0.019" /><testcase classname="tests.test_credential_fail_closed" name="test_universe_child_rejects_runtime_root_symlink_escape_before_writes" file="tests\test_credential_fail_closed.py" line="567" time="0.030" /><testcase classname="tests.test_credential_fail_closed" name="test_default_vault_materialization_target_escape_is_rejected_before_helper" file="tests\test_credential_fail_closed.py" line="588" time="0.025" /><testcase classname="tests.test_credential_fail_closed" name="test_vault_source_symlink_is_rejected_before_any_helper_side_effect" file="tests\test_credential_fail_closed.py" line="606" time="0.006"><skipped type="pytest.skip" message="file symlinks unavailable: [WinError 1314] A required privilege is not held by the client: 'C:\\Users\\Jonathan\\AppData\\Local\\Temp\\pytest-of-Jonathan\\pytest-7404\\test_vault_source_symlink_is_r0\\outside-vault.json' -&gt; 'C:\\Users\\Jonathan\\AppData\\Local\\Temp\\pytest-of-Jonathan\\pytest-7404\\test_vault_source_symlink_is_r0\\u-linked-vault\\.credential-vault.json'">C:\Users\Jonathan\Projects\wf-required-test-gate\tests\test_credential_fail_closed.py:92: file symlinks unavailable: [WinError 1314] A required privilege is not held by the client: 'C:\\Users\\Jonathan\\AppData\\Local\\Temp\\pytest-of-Jonathan\\pytest-7404\\test_vault_source_symlink_is_r0\\outside-vault.json' -&gt; 'C:\\Users\\Jonathan\\AppData\\Local\\Temp\\pytest-of-Jonathan\\pytest-7404\\test_vault_source_symlink_is_r0\\u-linked-vault\\.credential-vault.json'</skipped></testcase><testcase classname="tests.test_credential_fail_closed" name="test_vault_source_hardlink_is_rejected_before_any_helper_side_effect" file="tests\test_credential_fail_closed.py" line="626" time="0.006" /><testcase classname="tests.test_credential_fail_closed" name="test_universe_child_rejects_noncanonical_provider_before_vault_helper[future-cli]" file="tests\test_credential_fail_closed.py" line="649" time="0.006" /><testcase classname="tests.test_credential_fail_closed" name="test_universe_child_rejects_noncanonical_provider_before_vault_helper[gemini]" file="tests\test_credential_fail_closed.py" line="649" time="0.004" /><testcase classname="tests.test_credential_fail_closed" name="test_universe_child_rejects_noncanonical_provider_before_vault_helper[CODEX]" file="tests\test_credential_fail_closed.py" line="649" time="0.004" /><testcase classname="tests.test_credential_fail_closed" name="test_universe_child_accepts_only_valid_ca_bundle_files" file="tests\test_credential_fail_closed.py" line="683" time="0.015" /><testcase classname="tests.test_credential_fail_closed" name="test_universe_overlay_cannot_add_arbitrary_environment_authority" file="tests\test_credential_fail_closed.py" line="703" time="0.018" /><testcase classname="tests.test_credential_fail_closed" name="test_real_vault_outside_path_is_rejected_before_helper_side_effects" file="tests\test_credential_fail_closed.py" line="725" time="0.020" /><testcase classname="tests.test_credential_fail_closed" name="test_helper_outside_overlay_path_is_rejected_after_helper" file="tests\test_credential_fail_closed.py" line="749" time="0.017" /><testcase classname="tests.test_credential_fail_closed" name="test_host_local_countercase_preserves_unknown_ambient_authority" file="tests\test_credential_fail_closed.py" line="771" time="0.001" /><testcase classname="tests.test_credential_fail_closed" name="test_host_local_countercase_preserves_future_provider_name" file="tests\test_credential_fail_closed.py" line="782" time="0.001" /><testcase classname="tests.test_credential_fail_closed" name="test_provider_base_runtime_mirror_matches_canonical" file="tests\test_credential_fail_closed.py" line="792" time="0.001" /><testcase classname="tests.test_credential_vault" name="test_vault_round_trips_typed_credentials_without_secret_summary" file="tests\test_credential_vault.py" line="26" time="0.014" /><testcase classname="tests.test_credential_vault" name="test_vault_rejects_unknown_credential_type" file="tests\test_credential_vault.py" line="59" time="0.005" /><testcase classname="tests.test_credential_vault" name="test_single_record_write_updates_only_matching_credential" file="tests\test_credential_vault.py" line="67" time="0.024" /><testcase classname="tests.test_credential_vault" name="test_single_social_write_uses_service_slot_not_unread_identity_fields" file="tests\test_credential_vault.py" line="107" time="0.023" /><testcase classname="tests.test_credential_vault" name="test_single_record_write_updates_equivalent_llm_api_key_alias" file="tests\test_credential_vault.py" line="130" time="0.027" /><testcase classname="tests.test_credential_vault" name="test_single_record_write_normalizes_vcs_purpose_selector" file="tests\test_credential_vault.py" line="150" time="0.025" /><testcase classname="tests.test_credential_vault" name="test_single_record_write_rotates_matching_multi_purpose_vcs_token" file="tests\test_credential_vault.py" line="176" time="0.023" /><testcase classname="tests.test_credential_vault" name="test_single_vcs_write_reports_dropped_purpose_slots" file="tests\test_credential_vault.py" line="200" time="0.024" /><testcase classname="tests.test_credential_vault" name="test_single_subscription_write_preserves_sibling_fields" file="tests\test_credential_vault.py" line="234" time="0.023" /><testcase classname="tests.test_credential_vault" name="test_single_subscription_write_replaces_reader_alias_slots" file="tests\test_credential_vault.py" line="259" time="0.024" /><testcase classname="tests.test_credential_vault" name="test_single_record_write_collapses_all_matching_duplicates" file="tests\test_credential_vault.py" line="284" time="0.023" /><testcase classname="tests.test_credential_vault" name="test_two_record_write_replaces_existing_vault_exactly" file="tests\test_credential_vault.py" line="328" time="0.015" /><testcase classname="tests.test_credential_vault" name="test_empty_write_clears_existing_vault" file="tests\test_credential_vault.py" line="355" time="0.017" /><testcase classname="tests.test_credential_vault" name="test_resolve_github_token_uses_exact_destination_and_purpose" file="tests\test_credential_vault.py" line="368" time="0.016" /><testcase classname="tests.test_credential_vault" name="test_codex_subscription_auth_can_materialize_from_vault" file="tests\test_credential_vault.py" line="398" time="0.026" /><testcase classname="tests.test_credential_vault" name="test_codex_subscription_auth_rotation_replaces_materialized_auth" file="tests\test_credential_vault.py" line="420" time="0.045" /><testcase classname="tests.test_credential_vault" name="test_codex_materialization_rejects_malformed_blob_and_preserves_auth[!!!!]" file="tests\test_credential_vault.py" line="451" time="0.034" /><testcase classname="tests.test_credential_vault" name="test_codex_materialization_rejects_malformed_blob_and_preserves_auth[e30=!!!!]" file="tests\test_credential_vault.py" line="451" time="0.017" /><testcase classname="tests.test_credential_vault" name="test_codex_materialization_rejects_malformed_blob_and_preserves_auth[e30=\xa0]" file="tests\test_credential_vault.py" line="451" time="0.017" /><testcase classname="tests.test_credential_vault" name="test_codex_materialization_rejects_malformed_blob_and_preserves_auth[]" file="tests\test_credential_vault.py" line="451" time="0.019" /><testcase classname="tests.test_credential_vault" name="test_codex_auth_write_rejects_non_json_blob_and_preserves_vault" file="tests\test_credential_vault.py" line="482" time="0.010" /><testcase classname="tests.test_credential_vault" name="test_codex_auth_write_rejects_utf8_bom_and_preserves_vault" file="tests\test_credential_vault.py" line="505" time="0.010" /><testcase classname="tests.test_credential_vault" name="test_codex_auth_accepts_line_wrapped_base64" file="tests\test_credential_vault.py" line="531" time="0.030" /><testcase classname="tests.test_credential_vault" name="test_codex_home_path_from_vault_is_resolved_without_env" file="tests\test_credential_vault.py" line="543" time="0.014" /><testcase classname="tests.test_credential_vault" name="test_claude_config_dir_from_vault_sets_provider_env" file="tests\test_credential_vault.py" line="560" time="0.016" /><testcase classname="tests.test_credential_vault" name="test_apply_provider_auth_env_uses_workflow_universe" file="tests\test_credential_vault.py" line="581" time="0.016" /><testcase classname="tests.test_credential_vault" name="test_missing_vault_loads_as_empty" file="tests\test_credential_vault.py" line="600" time="0.005" /><testcase classname="tests.test_cross_run_state_query.TestQueryRunsUniverseAcl" name="test_select_excludes_private_universe_rows" file="tests\test_cross_run_state_query.py" line="76" time="0.143" /><testcase classname="tests.test_cross_run_state_query.TestQueryRunsUniverseAcl" name="test_aggregate_excludes_private_universe" file="tests\test_cross_run_state_query.py" line="86" time="0.159" /><testcase classname="tests.test_cross_run_state_query.TestQueryRunsShape" name="test_empty_db_returns_empty_rows" file="tests\test_cross_run_state_query.py" line="101" time="0.121" /><testcase classname="tests.test_cross_run_state_query.TestQueryRunsShape" name="test_returns_rows_and_count" file="tests\test_cross_run_state_query.py" line="107" time="0.197" /><testcase classname="tests.test_cross_run_state_query.TestQueryRunsShape" name="test_row_has_required_fields" file="tests\test_cross_run_state_query.py" line="115" time="0.274" /><testcase classname="tests.test_cross_run_state_query.TestQueryRunsShape" name="test_branch_def_id_filter_isolates" file="tests\test_cross_run_state_query.py" line="127" time="0.280" /><testcase classname="tests.test_cross_run_state_query.TestQueryRunsShape" name="test_no_branch_filter_returns_all" file="tests\test_cross_run_state_query.py" line="135" time="0.141" /><testcase classname="tests.test_cross_run_state_query.TestQueryRunsStatusFilter" name="test_status_filter_single" file="tests\test_cross_run_state_query.py" line="147" time="0.081" /><testcase classname="tests.test_cross_run_state_query.TestQueryRunsStatusFilter" name="test_status_filter_list" file="tests\test_cross_run_state_query.py" line="158" time="0.093" /><testcase classname="tests.test_cross_run_state_query.TestQueryRunsStatusFilter" name="test_actor_filter" file="tests\test_cross_run_state_query.py" line="169" time="0.082" /><testcase classname="tests.test_cross_run_state_query.TestQueryRunsStatusFilter" name="test_invalid_filters_json_returns_error" file="tests\test_cross_run_state_query.py" line="180" time="0.045" /><testcase classname="tests.test_cross_run_state_query.TestQueryRunsSelect" name="test_select_extracts_output_field" file="tests\test_cross_run_state_query.py" line="189" time="0.073" /><testcase classname="tests.test_cross_run_state_query.TestQueryRunsSelect" name="test_select_missing_field_returns_none" file="tests\test_cross_run_state_query.py" line="196" time="0.073" /><testcase classname="tests.test_cross_run_state_query.TestQueryRunsSelect" name="test_select_multiple_fields_comma_separated" file="tests\test_cross_run_state_query.py" line="202" time="0.075" /><testcase classname="tests.test_cross_run_state_query.TestQueryRunsSelect" name="test_no_select_omits_fields_key" file="tests\test_cross_run_state_query.py" line="211" time="0.074" /><testcase classname="tests.test_cross_run_state_query.TestQueryRunsSelect" name="test_select_always_includes_run_id_in_row" file="tests\test_cross_run_state_query.py" line="217" time="0.075" /><testcase classname="tests.test_cross_run_state_query.TestQueryRunsLimit" name="test_limit_caps_results" file="tests\test_cross_run_state_query.py" line="228" time="0.113" /><testcase classname="tests.test_cross_run_state_query.TestQueryRunsLimit" name="test_limit_default_100" file="tests\test_cross_run_state_query.py" line="235" time="0.093" /><testcase classname="tests.test_cross_run_state_query.TestQueryRunsLimit" name="test_limit_max_capped_at_1000" file="tests\test_cross_run_state_query.py" line="242" time="0.116" /><testcase classname="tests.test_cross_run_state_query.TestQueryRunsAggregate" name="test_aggregate_count_by_status" file="tests\test_cross_run_state_query.py" line="253" time="0.089" /><testcase classname="tests.test_cross_run_state_query.TestQueryRunsAggregate" name="test_aggregate_no_group_by_counts_all" file="tests\test_cross_run_state_query.py" line="267" time="0.097" /><testcase classname="tests.test_cross_run_state_query.TestQueryRunsAggregate" name="test_aggregate_sum_on_output_field" file="tests\test_cross_run_state_query.py" line="280" time="0.082" /><testcase classname="tests.test_cross_run_state_query.TestQueryRunsAggregate" name="test_aggregate_mean_on_output_field" file="tests\test_cross_run_state_query.py" line="291" time="0.085" /><testcase classname="tests.test_cross_run_state_query.TestQueryRunsAggregate" name="test_aggregate_invalid_fn_rejected" file="tests\test_cross_run_state_query.py" line="301" time="0.045" /><testcase classname="tests.test_cross_run_state_query.TestQueryRunsAggregate" name="test_aggregate_invalid_json_rejected" file="tests\test_cross_run_state_query.py" line="309" time="0.046" /><testcase classname="tests.test_cross_run_state_query.TestQueryRunsAggregate" name="test_aggregate_response_has_agg_op_field" file="tests\test_cross_run_state_query.py" line="314" time="0.076" /><testcase classname="tests.test_cross_run_state_query.TestQueryRunsInterruptedExclusion" name="test_interrupted_excluded_from_aggregation_by_default" file="tests\test_cross_run_state_query.py" line="328" time="0.086" /><testcase classname="tests.test_cross_run_state_query.TestQueryRunsInterruptedExclusion" name="test_interrupted_included_when_status_filter_explicit" file="tests\test_cross_run_state_query.py" line="344" time="0.084" /><testcase classname="tests.test_cross_run_state_query.TestQueryRunsUnit" name="test_query_runs_direct_call_empty" file="tests\test_cross_run_state_query.py" line="362" time="0.071" /><testcase classname="tests.test_cross_run_state_query.TestQueryRunsUnit" name="test_query_runs_returns_seeded_run" file="tests\test_cross_run_state_query.py" line="369" time="0.074" /><testcase classname="tests.test_cross_run_state_query.TestQueryRunsUnit" name="test_query_runs_limit_enforced" file="tests\test_cross_run_state_query.py" line="376" time="0.172" /><testcase classname="tests.test_cross_run_state_query.TestQueryRunsUnit" name="test_query_runs_max_limit_1000" file="tests\test_cross_run_state_query.py" line="384" time="0.090" /><testcase classname="tests.test_cross_run_state_query.TestQueryRunsUnit" name="test_query_runs_select_projection" file="tests\test_cross_run_state_query.py" line="390" time="0.105" /><testcase classname="tests.test_cross_run_state_query.TestQueryRunsUnit" name="test_query_runs_aggregate_count" file="tests\test_cross_run_state_query.py" line="397" time="0.105" /><testcase classname="tests.test_current_actor_auth_context" name="test_current_actor_prefers_authenticated_oauth_subject" file="tests\test_current_actor_auth_context.py" line="55" time="0.001" /><testcase classname="tests.test_current_actor_auth_context" name="test_current_actor_falls_back_to_env_without_request_identity" file="tests\test_current_actor_auth_context.py" line="72" time="0.001" /><testcase classname="tests.test_current_actor_auth_context" name="test_get_status_exposes_fingerprint_not_authenticated_subject" file="tests\test_current_actor_auth_context.py" line="84" time="0.087" /><testcase classname="tests.test_current_actor_auth_context" name="test_auth_context_middleware_sets_actor_for_request" file="tests\test_current_actor_auth_context.py" line="117" time="0.002" /><testcase classname="tests.test_custom_agents" name="test_publish_is_immutable_extensible_and_idempotent" file="tests\test_custom_agents.py" line="30" time="0.025" /><testcase classname="tests.test_custom_agents" name="test_invalid_definition_is_rejected_without_a_partial_write[payload0-components.provider.config.nested.api_key]" file="tests\test_custom_agents.py" line="76" time="0.015" /><testcase classname="tests.test_custom_agents" name="test_invalid_definition_is_rejected_without_a_partial_write[payload1-components.Not A Slug]" file="tests\test_custom_agents.py" line="76" time="0.016" /><testcase classname="tests.test_custom_agents" name="test_invalid_definition_is_rejected_without_a_partial_write[payload2-components.identity.config.token]" file="tests\test_custom_agents.py" line="76" time="0.016" /><testcase classname="tests.test_custom_agents" name="test_invalid_definition_is_rejected_without_a_partial_write[payload3-components.identity.config.runtime_state]" file="tests\test_custom_agents.py" line="76" time="0.015" /><testcase classname="tests.test_custom_agents" name="test_invalid_definition_is_rejected_without_a_partial_write[payload4-description]" file="tests\test_custom_agents.py" line="76" time="0.015" /><testcase classname="tests.test_custom_agents" name="test_invalid_definition_is_rejected_without_a_partial_write[payload5-components.identity]" file="tests\test_custom_agents.py" line="76" time="0.015" /><testcase classname="tests.test_custom_agents" name="test_native_definition_rejects_credential_shaped_key_without_echoing_it" file="tests\test_custom_agents.py" line="158" time="0.005" /><testcase classname="tests.test_custom_agents" name="test_component_remix_records_verified_multi_parent_lineage_atomically" file="tests\test_custom_agents.py" line="181" time="0.026" /><testcase classname="tests.test_custom_agents" name="test_missing_parent_component_and_depth_over_50_are_rejected" file="tests\test_custom_agents.py" line="261" time="0.247" /><testcase classname="tests.test_custom_agents" name="test_portable_interchange_verifies_fingerprint_and_excludes_private_state" file="tests\test_custom_agents.py" line="322" time="0.033" /><testcase classname="tests.test_custom_agents" name="test_multi_user_blend_round_trips_through_an_empty_commons" file="tests\test_custom_agents.py" line="360" time="0.046" /><testcase classname="tests.test_custom_agents" name="test_portable_lineage_resolves_unique_fingerprint_matched_parents" file="tests\test_custom_agents.py" line="419" time="0.042" /><testcase classname="tests.test_custom_agents" name="test_imported_lineage_id_without_fingerprints_stays_informational" file="tests\test_custom_agents.py" line="467" time="0.020" /><testcase classname="tests.test_custom_agents" name="test_binding_create_and_revision_guard_are_atomic" file="tests\test_custom_agents.py" line="519" time="0.030" /><testcase classname="tests.test_custom_agents" name="test_binding_rejects_raw_credentials_and_cross_universe_reads" file="tests\test_custom_agents.py" line="576" time="0.025" /><testcase classname="tests.test_custom_agents" name="test_binding_rejects_private_operational_content_on_create_and_update[conversations-value0]" file="tests\test_custom_agents.py" line="623" time="0.023" /><testcase classname="tests.test_custom_agents" name="test_binding_rejects_private_operational_content_on_create_and_update[message_history-value1]" file="tests\test_custom_agents.py" line="623" time="0.023" /><testcase classname="tests.test_custom_agents" name="test_binding_rejects_private_operational_content_on_create_and_update[effect_payload-value2]" file="tests\test_custom_agents.py" line="623" time="0.024" /><testcase classname="tests.test_custom_agents" name="test_binding_rejects_private_operational_content_on_create_and_update[runtime_state-value3]" file="tests\test_custom_agents.py" line="623" time="0.025" /><testcase classname="tests.test_custom_agents" name="test_custom_agent_api_hides_private_bindings_without_universe_access" file="tests\test_custom_agents.py" line="690" time="0.071" /><testcase classname="tests.test_custom_agents" name="test_custom_agent_api_requires_auth_and_write_access_for_mutations" file="tests\test_custom_agents.py" line="758" time="0.069" /><testcase classname="tests.test_custom_agents" name="test_concurrent_definition_retry_creates_exactly_one_artifact" file="tests\test_custom_agents.py" line="819" time="0.054" /><testcase classname="tests.test_custom_agents" name="test_concurrent_binding_compare_and_swap_has_one_winner" file="tests\test_custom_agents.py" line="840" time="0.062" /><testcase classname="tests.test_daemon_brain" name="test_daemon_brain_smoke_roundtrip" file="tests\test_daemon_brain.py" line="35" time="0.231" /><testcase classname="tests.test_daemon_brain" name="test_daemon_memory_registry_describes_kinds_and_lifecycle" file="tests\test_daemon_brain.py" line="146" time="0.001" /><testcase classname="tests.test_daemon_brain" name="test_daemon_memory_lifecycle_blocks_invalid_transitions" file="tests\test_daemon_brain.py" line="162" time="0.091" /><testcase classname="tests.test_daemon_brain" name="test_session_trace_summary_is_recognized_kind_with_full_lifecycle" file="tests\test_daemon_brain.py" line="196" time="0.095" /><testcase classname="tests.test_daemon_brain" name="test_experience_lesson_is_recognized_kind_with_full_lifecycle" file="tests\test_daemon_brain.py" line="251" time="0.103" /><testcase classname="tests.test_daemon_brain" name="test_daemon_memory_cost_ledger_is_read_only_status" file="tests\test_daemon_brain.py" line="320" time="0.099" /><testcase classname="tests.test_daemon_brain" name="test_open_brain_status_surface_summarizes_soul_daemons" file="tests\test_daemon_brain.py" line="358" time="0.109" /><testcase classname="tests.test_daemon_brain" name="test_tiny_daemon_external_write_packet_uses_daemonbrain_facade" file="tests\test_daemon_brain.py" line="380" time="0.130" /><testcase classname="tests.test_daemon_brain_api" name="test_daemon_memory_actions_capture_search_review_and_promote" file="tests\test_daemon_brain_api.py" line="21" time="0.153" /><testcase classname="tests.test_daemon_brain_api" name="test_daemon_memory_review_can_supersede_entries" file="tests\test_daemon_brain_api.py" line="97" time="0.132" /><testcase classname="tests.test_daemon_brain_eval" name="test_memory_quality_eval_reports_positive_delta" file="tests\test_daemon_brain_eval.py" line="26" time="0.115" /><testcase classname="tests.test_daemon_brain_eval" name="test_memory_quality_eval_allows_custom_score_fn" file="tests\test_daemon_brain_eval.py" line="64" time="0.110" /><testcase classname="tests.test_daemon_brain_eval" name="test_memory_quality_eval_requires_scorer" file="tests\test_daemon_brain_eval.py" line="99" time="0.071" /><testcase classname="tests.test_daemon_dashboard" name="test_daemon_overview_response_shape" file="tests\test_daemon_dashboard.py" line="58" time="0.056" /><testcase classname="tests.test_daemon_dashboard" name="test_daemon_overview_exposes_merged_epoch_counts" file="tests\test_daemon_dashboard.py" line="73" time="0.061" /><testcase classname="tests.test_daemon_dashboard" name="test_daemon_overview_top_n_limit_honored" file="tests\test_daemon_dashboard.py" line="145" time="0.661" /><testcase classname="tests.test_daemon_dashboard" name="test_daemon_overview_ttl_cache" file="tests\test_daemon_dashboard.py" line="166" time="0.066" /><testcase classname="tests.test_daemon_dashboard" name="test_daemon_overview_cache_separates_admin_integrity_counts" file="tests\test_daemon_dashboard.py" line="173" time="0.077" /><testcase classname="tests.test_daemon_dashboard" name="test_daemon_overview_cache_invalidated_on_set_tier_config" file="tests\test_daemon_dashboard.py" line="227" time="0.099" /><testcase classname="tests.test_daemon_dashboard" name="test_daemon_overview_large_queue_bounded" file="tests\test_daemon_dashboard.py" line="244" time="6.526" /><testcase classname="tests.test_daemon_dashboard" name="test_daemon_overview_flag_off_shows_paid_bid_not_live" file="tests\test_daemon_dashboard.py" line="267" time="0.057" /><testcase classname="tests.test_daemon_dashboard" name="test_daemon_overview_drift_surfaces" file="tests\test_daemon_dashboard.py" line="291" time="0.071" /><testcase classname="tests.test_daemon_dashboard" name="test_daemon_overview_settlements_count_accurate" file="tests\test_daemon_dashboard.py" line="309" time="0.068" /><testcase classname="tests.test_daemon_dashboard" name="test_set_tier_config_valid_tier_writes_yaml" file="tests\test_daemon_dashboard.py" line="337" time="0.009" /><testcase classname="tests.test_daemon_dashboard" name="test_set_tier_config_invalid_tier_rejects" file="tests\test_daemon_dashboard.py" line="354" time="0.007" /><testcase classname="tests.test_daemon_dashboard" name="test_set_tier_config_persists_across_load" file="tests\test_daemon_dashboard.py" line="364" time="0.009" /><testcase classname="tests.test_daemon_dashboard" name="test_set_tier_config_preserves_other_yaml_fields" file="tests\test_daemon_dashboard.py" line="376" time="0.023" /><testcase classname="tests.test_daemon_dashboard" name="test_set_tier_config_all_four_tiers" file="tests\test_daemon_dashboard.py" line="393" time="0.037" /><testcase classname="tests.test_daemon_dashboard" name="test_set_tier_config_is_write_action" file="tests\test_daemon_dashboard.py" line="403" time="0.006" /><testcase classname="tests.test_daemon_dashboard" name="test_node_lookup_none_default_is_no_op" file="tests\test_daemon_dashboard.py" line="413" time="0.000" /><testcase classname="tests.test_daemon_dashboard" name="test_node_lookup_unknown_node_rejected" file="tests\test_daemon_dashboard.py" line="421" time="0.000" /><testcase classname="tests.test_daemon_dashboard" name="test_node_lookup_unapproved_node_rejected" file="tests\test_daemon_dashboard.py" line="430" time="0.000" /><testcase classname="tests.test_daemon_dashboard" name="test_node_lookup_raise_fails_closed" file="tests\test_daemon_dashboard.py" line="443" time="0.000" /><testcase classname="tests.test_daemon_dashboard" name="test_dashboard_actions_do_not_add_new_mcp_tools" file="tests\test_daemon_dashboard.py" line="471" time="0.000" /><testcase classname="tests.test_daemon_dashboard" name="test_dashboard_adds_exactly_two_actions_to_universe" file="tests\test_daemon_dashboard.py" line="483" time="0.000" /><testcase classname="tests.test_daemon_dashboard" name="test_dashboard_conventions_doc_exists" file="tests\test_daemon_dashboard.py" line="499" time="0.001" /><testcase classname="tests.test_daemon_dashboard" name="test_daemon_overview_response_shape_doc_exists" file="tests\test_daemon_dashboard.py" line="507" time="0.001" /><testcase classname="tests.test_daemon_dashboard" name="test_bid_execution_log_import_works" file="tests\test_daemon_dashboard.py" line="520" time="0.000" /><testcase classname="tests.test_daemon_dashboard" name="test_bid_ledger_shim_still_works" file="tests\test_daemon_dashboard.py" line="527" time="0.001" /><testcase classname="tests.test_daemon_dashboard" name="test_bid_execution_log_reads_legacy_filename" file="tests\test_daemon_dashboard.py" line="535" time="0.012" /><testcase classname="tests.test_daemon_dashboard" name="test_trim_overview_under_cap_passes_through" file="tests\test_daemon_dashboard.py" line="550" time="0.001" /><testcase classname="tests.test_daemon_dashboard" name="test_trim_overview_activity_tail_first" file="tests\test_daemon_dashboard.py" line="561" time="0.001" /><testcase classname="tests.test_daemon_dashboard" name="test_trim_overview_activity_keeps_tail_not_head" file="tests\test_daemon_dashboard.py" line="599" time="0.001" /><testcase classname="tests.test_daemon_dashboard" name="test_trim_overview_preserves_count_fields" file="tests\test_daemon_dashboard.py" line="615" time="0.001" /><testcase classname="tests.test_daemon_registry" name="test_create_soulless_daemon_uses_project_wide_daemon_id" file="tests\test_daemon_registry.py" line="10" time="0.052" /><testcase classname="tests.test_daemon_registry" name="test_create_soul_daemon_preserves_soul_claims_and_hash" file="tests\test_daemon_registry.py" line="27" time="0.074" /><testcase classname="tests.test_daemon_registry" name="test_soul_daemon_requires_non_empty_soul_text" file="tests\test_daemon_registry.py" line="47" time="0.049" /><testcase classname="tests.test_daemon_registry" name="test_duplicate_soul_hash_requires_lineage" file="tests\test_daemon_registry.py" line="58" time="0.086" /><testcase classname="tests.test_daemon_registry" name="test_list_daemons_maps_existing_default_author_to_default_daemon" file="tests\test_daemon_registry.py" line="89" time="0.059" /><testcase classname="tests.test_daemon_registry" name="test_summon_and_banish_daemon_wrap_runtime_instance" file="tests\test_daemon_registry.py" line="98" time="0.084" /><testcase classname="tests.test_daemon_registry" name="test_ensure_daemon_runtime_reuses_live_but_not_retired_worker_slot" file="tests\test_daemon_registry.py" line="129" time="0.107" /><testcase classname="tests.test_daemon_registry" name="test_ensure_daemon_runtime_does_not_revive_controlled_worker_slot[paused]" file="tests\test_daemon_registry.py" line="195" time="0.087" /><testcase classname="tests.test_daemon_registry" name="test_ensure_daemon_runtime_does_not_revive_controlled_worker_slot[restart_requested]" file="tests\test_daemon_registry.py" line="195" time="0.092" /><testcase classname="tests.test_daemon_registry" name="test_ensure_daemon_runtime_replaces_retired_slot" file="tests\test_daemon_registry.py" line="258" time="0.082" /><testcase classname="tests.test_daemon_registry" name="test_concurrent_workers_cannot_steal_one_unassigned_runtime" file="tests\test_daemon_registry.py" line="301" time="0.101" /><testcase classname="tests.test_daemon_registry" name="test_concurrent_same_worker_start_creates_one_runtime" file="tests\test_daemon_registry.py" line="348" time="0.179" /><testcase classname="tests.test_daemon_registry" name="test_ensure_daemon_runtime_adopts_unassigned_matching_slot" file="tests\test_daemon_registry.py" line="382" time="0.079" /><testcase classname="tests.test_daemon_registry" name="test_summon_rejects_model_mismatch_for_bound_daemon" file="tests\test_daemon_registry.py" line="415" time="0.069" /><testcase classname="tests.test_daemon_registry" name="test_runtime_control_is_owner_scoped" file="tests\test_daemon_registry.py" line="446" time="0.083" /><testcase classname="tests.test_daemon_registry" name="test_queue_descriptor_metadata_patch_preserves_concurrent_pause" file="tests\test_daemon_registry.py" line="482" time="0.087" /><testcase classname="tests.test_daemon_registry" name="test_queue_descriptor_metadata_patch_rejects_concurrent_retirement" file="tests\test_daemon_registry.py" line="562" time="0.094" /><testcase classname="tests.test_daemon_registry" name="test_queue_descriptor_clear_is_idempotent_without_metadata_write" file="tests\test_daemon_registry.py" line="654" time="0.068" /><testcase classname="tests.test_daemon_registry" name="test_update_daemon_behavior_records_versioned_policy" file="tests\test_daemon_registry.py" line="693" time="0.070" /><testcase classname="tests.test_daemon_registry" name="test_provider_capacity_warning_is_advisory" file="tests\test_daemon_registry.py" line="716" time="0.001" /><testcase classname="tests.test_daemon_registry" name="test_select_project_loop_daemon_prefers_latest_soul_default" file="tests\test_daemon_registry.py" line="731" time="0.086" /><testcase classname="tests.test_daemon_registry" name="test_select_project_loop_daemon_ignores_soulless_defaults" file="tests\test_daemon_registry.py" line="761" time="0.054" /><testcase classname="tests.test_daemon_wiki" name="test_soul_daemon_creation_scaffolds_host_local_wiki" file="tests\test_daemon_wiki.py" line="20" time="0.072" /><testcase classname="tests.test_daemon_wiki" name="test_soulless_daemon_does_not_scaffold_wiki" file="tests\test_daemon_wiki.py" line="43" time="0.052" /><testcase classname="tests.test_daemon_wiki" name="test_record_daemon_signal_writes_raw_signal_digest_and_log" file="tests\test_daemon_wiki.py" line="55" time="0.083" /><testcase classname="tests.test_daemon_wiki" name="test_record_daemon_signal_rejects_soulless_daemon" file="tests\test_daemon_wiki.py" line="83" time="0.052" /><testcase classname="tests.test_daemon_wiki" name="test_read_daemon_wiki_context_includes_schema_index_and_signals" file="tests\test_daemon_wiki.py" line="102" time="0.138" /><testcase classname="tests.test_daemon_wiki" name="test_scaffold_rejects_daemon_without_soul" file="tests\test_daemon_wiki.py" line="138" time="0.048" /><testcase classname="tests.test_dashboard_panes.TestDispatcherPane" name="test_refresh_happy_path" file="tests\test_dashboard_panes.py" line="80" time="0.001" /><testcase classname="tests.test_dashboard_panes.TestDispatcherPane" name="test_refresh_missing_dispatcher_key" file="tests\test_dashboard_panes.py" line="87" time="0.000" /><testcase classname="tests.test_dashboard_panes.TestDispatcherPane" name="test_refresh_malformed_payload_isolated" file="tests\test_dashboard_panes.py" line="95" time="0.001" /><testcase classname="tests.test_dashboard_panes.TestDispatcherPane" name="test_summary_shape" file="tests\test_dashboard_panes.py" line="102" time="0.000" /><testcase classname="tests.test_dashboard_panes.TestDispatcherPane" name="test_refresh_does_not_share_mutable_state" file="tests\test_dashboard_panes.py" line="110" time="0.000" /><testcase classname="tests.test_dashboard_panes.TestQueuePane" name="test_refresh_happy_path" file="tests\test_dashboard_panes.py" line="126" time="0.000" /><testcase classname="tests.test_dashboard_panes.TestQueuePane" name="test_refresh_surfaces_idle_reason" file="tests\test_dashboard_panes.py" line="134" time="0.000" /><testcase classname="tests.test_dashboard_panes.TestQueuePane" name="test_refresh_malformed_payload_isolated" file="tests\test_dashboard_panes.py" line="143" time="0.001" /><testcase classname="tests.test_dashboard_panes.TestQueuePane" name="test_summary_shape" file="tests\test_dashboard_panes.py" line="149" time="0.001" /><testcase classname="tests.test_dashboard_panes.TestEarningsPane" name="test_disabled_when_paid_market_off" file="tests\test_dashboard_panes.py" line="164" time="0.001" /><testcase classname="tests.test_dashboard_panes.TestEarningsPane" name="test_enabled_when_paid_market_on" file="tests\test_dashboard_panes.py" line="172" time="0.001" /><testcase classname="tests.test_dashboard_panes.TestEarningsPane" name="test_refresh_malformed_payload_isolated" file="tests\test_dashboard_panes.py" line="184" time="0.001" /><testcase classname="tests.test_dashboard_panes.TestEarningsPane" name="test_refresh_no_op_when_disabled" file="tests\test_dashboard_panes.py" line="191" time="0.001" /><testcase classname="tests.test_dashboard_panes.TestDashboardHandlerOverviewFanOut" name="test_all_panes_updated_on_valid_overview" file="tests\test_dashboard_panes.py" line="206" time="0.000" /><testcase classname="tests.test_dashboard_panes.TestDashboardHandlerOverviewFanOut" name="test_malformed_one_pane_does_not_crash_others" file="tests\test_dashboard_panes.py" line="214" time="0.001" /><testcase classname="tests.test_dashboard_panes.TestDashboardHandlerOverviewFanOut" name="test_summary_includes_all_pane_keys" file="tests\test_dashboard_panes.py" line="231" time="0.000" /><testcase classname="tests.test_dashboard_panes.TestDashboardHandlerOverviewFanOut" name="test_empty_overview_does_not_raise" file="tests\test_dashboard_panes.py" line="239" time="0.001" /><testcase classname="tests.test_dashboard_panes.TestTrayAppPhaseH" name="test_tier_names_constant" file="tests\test_dashboard_panes.py" line="264" time="0.000" /><testcase classname="tests.test_dashboard_panes.TestTrayAppPhaseH" name="test_update_tier_states_updates_internal_state" file="tests\test_dashboard_panes.py" line="269" time="0.001" /><testcase classname="tests.test_dashboard_panes.TestTrayAppPhaseH" name="test_handle_tier_toggle_calls_callback" file="tests\test_dashboard_panes.py" line="276" time="0.000" /><testcase classname="tests.test_dashboard_panes.TestTrayAppPhaseH" name="test_handle_tier_toggle_updates_local_state" file="tests\test_dashboard_panes.py" line="281" time="0.000" /><testcase classname="tests.test_dashboard_panes.TestTrayAppPhaseH" name="test_handle_pause_all_tiers_calls_callback" file="tests\test_dashboard_panes.py" line="287" time="0.000" /><testcase classname="tests.test_dashboard_panes.TestTrayAppPhaseH" name="test_handle_pause_all_tiers_toggles_emergency_off" file="tests\test_dashboard_panes.py" line="293" time="0.001" /><testcase classname="tests.test_dashboard_panes.TestTrayAppPhaseH" name="test_handle_show_dashboard_calls_callback" file="tests\test_dashboard_panes.py" line="301" time="0.000" /><testcase classname="tests.test_dashboard_panes.TestTrayAppPhaseH" name="test_no_crash_when_callbacks_absent" file="tests\test_dashboard_panes.py" line="306" time="0.000" /><testcase classname="tests.test_dashboard_panes.TestTrayAppPhaseH" name="test_update_tier_states_ignores_unknown_tiers" file="tests\test_dashboard_panes.py" line="314" time="0.000" /><testcase classname="tests.test_dashboard_panes.TestTrayAppPhaseH" name="test_emergency_off_reflected_in_tier_states_after_pause" file="tests\test_dashboard_panes.py" line="320" time="0.000" /><testcase classname="tests.test_data_dir_call_sites" name="test_auth_provider_honors_workflow_data_dir" file="tests\test_data_dir_call_sites.py" line="27" time="0.012" /><testcase classname="tests.test_data_dir_call_sites" name="test_node_evaluator_honors_workflow_data_dir" file="tests\test_data_dir_call_sites.py" line="43" time="0.011" /><testcase classname="tests.test_data_dir_call_sites" name="test_auth_provider_absolute_even_without_env" file="tests\test_data_dir_call_sites.py" line="59" time="0.008" /><testcase classname="tests.test_data_dir_call_sites" name="test_node_evaluator_absolute_even_without_env" file="tests\test_data_dir_call_sites.py" line="69" time="0.007" /><testcase classname="tests.test_data_dir_call_sites" name="test_explicit_db_path_still_works" file="tests\test_data_dir_call_sites.py" line="79" time="0.011" /><testcase classname="tests.test_data_dir_resolver" name="test_workflow_data_dir_takes_precedence" file="tests\test_data_dir_resolver.py" line="43" time="0.005" /><testcase classname="tests.test_data_dir_resolver" name="test_default_is_absolute" file="tests\test_data_dir_resolver.py" line="57" time="0.001" /><testcase classname="tests.test_data_dir_resolver" name="test_explicit_env_is_absolute" file="tests\test_data_dir_resolver.py" line="63" time="0.005" /><testcase classname="tests.test_data_dir_resolver" name="test_expanduser_honored" file="tests\test_data_dir_resolver.py" line="73" time="0.001" /><testcase classname="tests.test_data_dir_resolver" name="test_linux_mac_default_dot_workflow_under_home" file="tests\test_data_dir_resolver.py" line="86" time="0.001"><skipped type="pytest.skip" message="test targets non-Windows default branch">C:\Users\Jonathan\Projects\wf-required-test-gate\tests\test_data_dir_resolver.py:92: test targets non-Windows default branch</skipped></testcase><testcase classname="tests.test_data_dir_resolver" name="test_windows_default_uses_appdata" file="tests\test_data_dir_resolver.py" line="97" time="0.001" /><testcase classname="tests.test_data_dir_resolver" name="test_windows_default_without_appdata_falls_back" file="tests\test_data_dir_resolver.py" line="108" time="0.001" /><testcase classname="tests.test_data_dir_resolver" name="test_empty_string_env_treated_as_unset" file="tests\test_data_dir_resolver.py" line="123" time="0.001" /><testcase classname="tests.test_data_dir_resolver" name="test_whitespace_only_env_treated_as_unset" file="tests\test_data_dir_resolver.py" line="134" time="0.001" /><testcase classname="tests.test_data_dir_resolver" name="test_universe_server_base_path_uses_data_dir" file="tests\test_data_dir_resolver.py" line="146" time="0.005" /><testcase classname="tests.test_data_dir_resolver" name="test_mcp_server_universe_dir_uses_data_dir" file="tests\test_data_dir_resolver.py" line="156" time="0.005" /><testcase classname="tests.test_data_dir_resolver" name="test_mcp_server_workflow_universe_overrides" file="tests\test_data_dir_resolver.py" line="168" time="0.005" /><testcase classname="tests.test_data_dir_resolver" name="test_no_cwd_drift_when_env_unset" file="tests\test_data_dir_resolver.py" line="182" time="0.005" /><testcase classname="tests.test_data_dir_resolver" name="test_data_dir_exported_from_workflow_storage" file="tests\test_data_dir_resolver.py" line="201" time="0.001" /><testcase classname="tests.test_deploy_prod_workflow" name="test_deploy_prod_yml_parses" file="tests\test_deploy_prod_workflow.py" line="66" time="0.034" /><testcase classname="tests.test_deploy_prod_workflow" name="test_has_workflow_dispatch_trigger" file="tests\test_deploy_prod_workflow.py" line="75" time="0.032" /><testcase classname="tests.test_deploy_prod_workflow" name="test_workflow_dispatch_has_image_tag_input" file="tests\test_deploy_prod_workflow.py" line="83" time="0.033" /><testcase classname="tests.test_deploy_prod_workflow" name="test_manual_unsafe_fence_recovery_is_separate_and_source_bound" file="tests\test_deploy_prod_workflow.py" line="91" time="0.043" /><testcase classname="tests.test_deploy_prod_workflow" name="test_recovery_override_fences_writers_and_fixed_name_sidecars" file="tests\test_deploy_prod_workflow.py" line="185" time="0.009" /><testcase classname="tests.test_deploy_prod_workflow" name="test_deploy_resolves_image_to_digest_and_never_latest" file="tests\test_deploy_prod_workflow.py" line="200" time="0.001" /><testcase classname="tests.test_deploy_prod_workflow" name="test_manual_image_tag_is_env_bound_and_validated_before_use" file="tests\test_deploy_prod_workflow.py" line="208" time="0.032" /><testcase classname="tests.test_deploy_prod_workflow" name="test_resolved_digest_is_canonical_before_any_host_write" file="tests\test_deploy_prod_workflow.py" line="222" time="0.032" /><testcase classname="tests.test_deploy_prod_workflow" name="test_capture_previous_uses_configured_and_running_digest_observations" file="tests\test_deploy_prod_workflow.py" line="231" time="0.033" /><testcase classname="tests.test_deploy_prod_workflow" name="test_capture_previous_transports_bounded_prior_receipt_read_only" file="tests\test_deploy_prod_workflow.py" line="249" time="0.033" /><testcase classname="tests.test_deploy_prod_workflow" name="test_capture_previous_does_not_emit_untrusted_image_labels_as_outputs" file="tests\test_deploy_prod_workflow.py" line="264" time="0.034" /><testcase classname="tests.test_deploy_prod_workflow" name="test_has_workflow_run_trigger" file="tests\test_deploy_prod_workflow.py" line="279" time="0.035" /><testcase classname="tests.test_deploy_prod_workflow" name="test_workflow_run_fires_on_build_image" file="tests\test_deploy_prod_workflow.py" line="285" time="0.034" /><testcase classname="tests.test_deploy_prod_workflow" name="test_do_droplet_host_secret_referenced" file="tests\test_deploy_prod_workflow.py" line="300" time="0.001" /><testcase classname="tests.test_deploy_prod_workflow" name="test_do_ssh_user_secret_referenced" file="tests\test_deploy_prod_workflow.py" line="304" time="0.001" /><testcase classname="tests.test_deploy_prod_workflow" name="test_do_ssh_key_secret_referenced" file="tests\test_deploy_prod_workflow.py" line="308" time="0.001" /><testcase classname="tests.test_deploy_prod_workflow" name="test_codex_subscription_bundle_secret_referenced" file="tests\test_deploy_prod_workflow.py" line="312" time="0.001" /><testcase classname="tests.test_deploy_prod_workflow" name="test_no_legacy_hetzner_secrets" file="tests\test_deploy_prod_workflow.py" line="316" time="0.001" /><testcase classname="tests.test_deploy_prod_workflow" name="test_ssh_keyscan_uses_do_droplet_host" file="tests\test_deploy_prod_workflow.py" line="328" time="0.001" /><testcase classname="tests.test_deploy_prod_workflow" name="test_post_deploy_canary_step_present" file="tests\test_deploy_prod_workflow.py" line="368" time="0.033" /><testcase classname="tests.test_deploy_prod_workflow" name="test_canary_step_only_probes_canonical" file="tests\test_deploy_prod_workflow.py" line="376" time="0.033" /><testcase classname="tests.test_deploy_prod_workflow" name="test_access_gate_step_present" file="tests\test_deploy_prod_workflow.py" line="394" time="0.033" /><testcase classname="tests.test_deploy_prod_workflow" name="test_access_gate_blocks_on_200" file="tests\test_deploy_prod_workflow.py" line="405" time="0.034" /><testcase classname="tests.test_deploy_prod_workflow" name="test_rollback_step_present" file="tests\test_deploy_prod_workflow.py" line="431" time="0.034" /><testcase classname="tests.test_deploy_prod_workflow" name="test_failed_candidate_diagnostics_are_preserved_before_rollback" file="tests\test_deploy_prod_workflow.py" line="439" time="0.036" /><testcase classname="tests.test_deploy_prod_workflow" name="test_rollback_runs_always_and_eligibility_keys_to_image_marker" file="tests\test_deploy_prod_workflow.py" line="574" time="0.040" /><testcase classname="tests.test_deploy_prod_workflow" name="test_deploy_syncs_codex_subscription_bundle_with_helper" file="tests\test_deploy_prod_workflow.py" line="602" time="0.052" /><testcase classname="tests.test_deploy_prod_workflow" name="test_deploy_syncs_runtime_compose_and_systemd_files" file="tests\test_deploy_prod_workflow.py" line="618" time="0.040" /><testcase classname="tests.test_deploy_prod_workflow" name="test_disk_preflight_runs_before_deploy_image_pull" file="tests\test_deploy_prod_workflow.py" line="640" time="0.040" /><testcase classname="tests.test_deploy_prod_workflow" name="test_disk_preflight_prunes_disposable_state_and_fails_before_restart" file="tests\test_deploy_prod_workflow.py" line="655" time="0.036" /><testcase classname="tests.test_deploy_prod_workflow" name="test_deploy_scrubs_stdio_only_workflow_universe_from_cloud_env" file="tests\test_deploy_prod_workflow.py" line="670" time="0.042" /><testcase classname="tests.test_deploy_prod_workflow" name="test_deploy_scrubs_legacy_workflow_env_from_cloud_env" file="tests\test_deploy_prod_workflow.py" line="681" time="0.035" /><testcase classname="tests.test_deploy_prod_workflow" name="test_deploy_preserves_host_owned_backup_destination" file="tests\test_deploy_prod_workflow.py" line="703" time="0.036" /><testcase classname="tests.test_deploy_prod_workflow" name="test_deploy_verifies_cloud_worker_running" file="tests\test_deploy_prod_workflow.py" line="715" time="0.036" /><testcase classname="tests.test_deploy_prod_workflow" name="test_deploy_retires_legacy_workflow_service_before_restart" file="tests\test_deploy_prod_workflow.py" line="738" time="0.035" /><testcase classname="tests.test_deploy_prod_workflow" name="test_deploy_rejects_cloud_worker_workflow_universe_override" file="tests\test_deploy_prod_workflow.py" line="771" time="0.036" /><testcase classname="tests.test_deploy_prod_workflow" name="test_deploy_verifies_llm_binding_when_codex_auth_is_synced" file="tests\test_deploy_prod_workflow.py" line="784" time="0.037" /><testcase classname="tests.test_deploy_prod_workflow" name="test_deploy_requires_llm_binding_even_without_visible_deploy_secret" file="tests\test_deploy_prod_workflow.py" line="798" time="0.035" /><testcase classname="tests.test_deploy_prod_workflow" name="test_production_marker_is_immediately_before_first_scrub_host_write" file="tests\test_deploy_prod_workflow.py" line="814" time="0.036" /><testcase classname="tests.test_deploy_prod_workflow" name="test_image_marker_is_immediately_before_first_tinyassets_image_write" file="tests\test_deploy_prod_workflow.py" line="830" time="0.036" /><testcase classname="tests.test_deploy_prod_workflow" name="test_rollback_and_terminal_receipt_are_ordered_under_always" file="tests\test_deploy_prod_workflow.py" line="852" time="0.036" /><testcase classname="tests.test_deploy_prod_workflow" name="test_daemon_deploy_owns_exact_public_server_name_assertion" file="tests\test_deploy_prod_workflow.py" line="870" time="0.035" /><testcase classname="tests.test_deploy_prod_workflow" name="test_terminal_receipt_keys_to_production_marker" file="tests\test_deploy_prod_workflow.py" line="879" time="0.034" /><testcase classname="tests.test_deploy_prod_workflow" name="test_rollback_emits_safe_defaults_and_final_outputs_before_exit" file="tests\test_deploy_prod_workflow.py" line="897" time="0.036" /><testcase classname="tests.test_deploy_prod_workflow" name="test_rollback_identity_failure_preserves_the_passed_canary_tuple" file="tests\test_deploy_prod_workflow.py" line="945" time="0.035" /><testcase classname="tests.test_deploy_prod_workflow" name="test_terminal_receipt_invokes_pure_helper_and_preserves_atomic_writer" file="tests\test_deploy_prod_workflow.py" line="965" time="0.037" /><testcase classname="tests.test_deploy_prod_workflow" name="test_terminal_receipt_never_mutates_the_deployed_image_after_publication" file="tests\test_deploy_prod_workflow.py" line="991" time="0.036" /><testcase classname="tests.test_deploy_prod_workflow" name="test_terminal_receipt_summary_python_is_executable" file="tests\test_deploy_prod_workflow.py" line="1011" time="0.094" /><testcase classname="tests.test_deploy_prod_workflow" name="test_terminal_receipt_does_not_assign_manual_image_source_from_github_sha" file="tests\test_deploy_prod_workflow.py" line="1034" time="0.001" /><testcase classname="tests.test_deploy_prod_workflow" name="test_terminal_writer_outputs_are_visible_before_fallible_work" file="tests\test_deploy_prod_workflow.py" line="1040" time="0.033" /><testcase classname="tests.test_deploy_prod_workflow" name="test_terminal_canary_output_preserves_the_raw_applicable_canary" file="tests\test_deploy_prod_workflow.py" line="1077" time="0.037" /><testcase classname="tests.test_deploy_prod_workflow" name="test_forward_green_terminal_identity_failure_stays_red_after_publication" file="tests\test_deploy_prod_workflow.py" line="1088" time="0.034" /><testcase classname="tests.test_deploy_prod_workflow" name="test_deploy_failure_issue_consumes_rollback_and_terminal_outputs" file="tests\test_deploy_prod_workflow.py" line="1105" time="0.035" /><testcase classname="tests.test_deploy_prod_workflow" name="test_deploy_failure_issue_rejects_partial_or_contradictory_tuples" file="tests\test_deploy_prod_workflow.py" line="1141" time="0.035" /><testcase classname="tests.test_deploy_prod_workflow" name="test_deploy_failure_issue_has_truthful_bounded_wording" file="tests\test_deploy_prod_workflow.py" line="1164" time="0.034" /><testcase classname="tests.test_deploy_prod_workflow" name="test_codex_volume_step_runs_before_deploy" file="tests\test_deploy_prod_workflow.py" line="1216" time="0.035" /><testcase classname="tests.test_deploy_prod_workflow" name="test_codex_volume_step_chown_is_unconditional" file="tests\test_deploy_prod_workflow.py" line="1229" time="0.034" /><testcase classname="tests.test_deploy_prod_workflow" name="test_codex_volume_step_creates_dir_idempotently" file="tests\test_deploy_prod_workflow.py" line="1303" time="0.034" /><testcase classname="tests.test_deploy_prod_workflow" name="test_codex_volume_step_repairs_volume_root_for_auth_db" file="tests\test_deploy_prod_workflow.py" line="1324" time="0.034" /><testcase classname="tests.test_deploy_prod_workflow" name="test_codex_volume_step_migrates_from_running_container_once" file="tests\test_deploy_prod_workflow.py" line="1335" time="0.035" /><testcase classname="tests.test_deploy_prod_workflow" name="test_subscription_volume_step_prepares_claude_config_dir" file="tests\test_deploy_prod_workflow.py" line="1362" time="0.034" /><testcase classname="tests.test_deploy_prod_workflow" name="test_deploy_job_env_has_github_pr_capability_flag" file="tests\test_deploy_prod_workflow.py" line="1381" time="0.034" /><testcase classname="tests.test_deploy_prod_workflow" name="test_deploy_step_env_imports_github_pr_capabilities_secret" file="tests\test_deploy_prod_workflow.py" line="1406" time="0.034" /><testcase classname="tests.test_deploy_prod_workflow" name="test_deploy_requires_and_installs_agent_interchange_hmac_secret" file="tests\test_deploy_prod_workflow.py" line="1425" time="0.033" /><testcase classname="tests.test_deploy_prod_workflow" name="test_self_host_template_declares_empty_agent_interchange_hmac_key" file="tests\test_deploy_prod_workflow.py" line="1500" time="0.035" /><testcase classname="tests.test_deploy_prod_workflow" name="test_agent_interchange_hmac_validator_rejects_unsafe_values[]" file="tests\test_deploy_prod_workflow.py" line="1518" time="0.002" /><testcase classname="tests.test_deploy_prod_workflow" name="test_agent_interchange_hmac_validator_rejects_unsafe_values[eHh4eHh4eHh4eHh4eHh4eHh4eHh4eHh4eHh4eHh4eA==]" file="tests\test_deploy_prod_workflow.py" line="1518" time="0.001" /><testcase classname="tests.test_deploy_prod_workflow" name="test_agent_interchange_hmac_validator_rejects_unsafe_values[eHh4eHh4eHh4eHh4eHh4eHh4eHh4eHh4eHh4eHh4eHg=\nINJECTED_SETTING=1]" file="tests\test_deploy_prod_workflow.py" line="1518" time="0.001" /><testcase classname="tests.test_deploy_prod_workflow" name="test_agent_interchange_hmac_validator_rejects_unsafe_values[not-base64!]" file="tests\test_deploy_prod_workflow.py" line="1518" time="0.001" /><testcase classname="tests.test_deploy_prod_workflow" name="test_agent_interchange_hmac_validator_rejects_unsafe_values[eHh4eHh4eHh4eHh4eHh4eHh4eHh4eHh4eHh4eHh4eHg]" file="tests\test_deploy_prod_workflow.py" line="1518" time="0.001" /><testcase classname="tests.test_deploy_prod_workflow" name="test_agent_interchange_hmac_validator_accepts_32_random_bytes" file="tests\test_deploy_prod_workflow.py" line="1535" time="0.000" /><testcase classname="tests.test_deploy_prod_workflow" name="test_agent_interchange_hmac_validator_never_echoes_rejected_secret" file="tests\test_deploy_prod_workflow.py" line="1543" time="0.032" /><testcase classname="tests.test_deploy_prod_workflow" name="test_deploy_step_syncs_github_pr_capabilities_when_set" file="tests\test_deploy_prod_workflow.py" line="1560" time="0.034" /><testcase classname="tests.test_deploy_prod_workflow" name="test_deploy_step_invalid_capability_source_revokes_before_failure" file="tests\test_deploy_prod_workflow.py" line="1603" time="0.034" /><testcase classname="tests.test_deploy_prod_workflow" name="test_github_capability_validator_emits_only_current_destination[source0]" file="tests\test_deploy_prod_workflow.py" line="1654" time="0.077" /><testcase classname="tests.test_deploy_prod_workflow" name="test_github_capability_validator_emits_only_current_destination[source1]" file="tests\test_deploy_prod_workflow.py" line="1654" time="0.080" /><testcase classname="tests.test_deploy_prod_workflow" name="test_github_capability_validator_rejects_ambiguous_or_invalid_maps[source0]" file="tests\test_deploy_prod_workflow.py" line="1679" time="0.076" /><testcase classname="tests.test_deploy_prod_workflow" name="test_github_capability_validator_rejects_ambiguous_or_invalid_maps[source1]" file="tests\test_deploy_prod_workflow.py" line="1679" time="0.075" /><testcase classname="tests.test_deploy_prod_workflow" name="test_github_capability_validator_rejects_ambiguous_or_invalid_maps[source2]" file="tests\test_deploy_prod_workflow.py" line="1679" time="0.077" /><testcase classname="tests.test_deploy_prod_workflow" name="test_github_capability_validator_rejects_ambiguous_or_invalid_maps[source3]" file="tests\test_deploy_prod_workflow.py" line="1679" time="0.077" /><testcase classname="tests.test_deploy_prod_workflow" name="test_github_capability_validator_rejects_duplicate_json_members[{&quot;Jonnyton/TinyAssets&quot;:&quot;first&quot;,&quot;Jonnyton/TinyAssets&quot;:&quot;second&quot;}]" file="tests\test_deploy_prod_workflow.py" line="1706" time="0.077" /><testcase classname="tests.test_deploy_prod_workflow" name="test_github_capability_validator_rejects_duplicate_json_members[{&quot;Jonnyton/Workflow&quot;:&quot;first&quot;,&quot;Jonnyton/Workflow&quot;:&quot;second&quot;}]" file="tests\test_deploy_prod_workflow.py" line="1706" time="0.078" /><testcase classname="tests.test_deploy_prod_workflow" name="test_deploy_step_is_valid_bash_after_actions_expression_substitution" file="tests\test_deploy_prod_workflow.py" line="1733" time="0.080" /><testcase classname="tests.test_deploy_prod_workflow" name="test_deploy_step_summary_reports_github_pr_capability_visibility" file="tests\test_deploy_prod_workflow.py" line="1765" time="0.035" /><testcase classname="tests.test_deploy_prod_workflow" name="test_github_pr_capability_sync_runs_after_codex_auth_sync" file="tests\test_deploy_prod_workflow.py" line="1782" time="0.035" /><testcase classname="tests.test_deploy_prod_workflow" name="test_deploy_step_deletes_github_pr_capability_when_secret_absent" file="tests\test_deploy_prod_workflow.py" line="1812" time="0.033" /><testcase classname="tests.test_deploy_prod_workflow" name="test_capability_delete_is_gated_on_else_branch" file="tests\test_deploy_prod_workflow.py" line="1842" time="0.032" /><testcase classname="tests.test_deploy_prod_workflow" name="test_capability_delete_warning_explains_revocation" file="tests\test_deploy_prod_workflow.py" line="1885" time="0.033" /><testcase classname="tests.test_deploy_prod_workflow" name="test_stop_writer_preflight_runs_before_image_mutation" file="tests\test_deploy_prod_workflow.py" line="1926" time="0.034" /><testcase classname="tests.test_deploy_prod_workflow" name="test_deploy_shares_production_host_mutation_concurrency_group" file="tests\test_deploy_prod_workflow.py" line="1948" time="0.034" /><testcase classname="tests.test_deploy_prod_workflow" name="test_stop_writer_ancestry_gate_has_complete_git_history" file="tests\test_deploy_prod_workflow.py" line="1956" time="0.033" /><testcase classname="tests.test_deploy_prod_workflow" name="test_disk_preflight_precedes_every_remote_image_pull" file="tests\test_deploy_prod_workflow.py" line="1966" time="0.033" /><testcase classname="tests.test_deploy_prod_workflow" name="test_stop_writer_workflow_invokes_transitional_helper_subcommands" file="tests\test_deploy_prod_workflow.py" line="1982" time="0.001" /><testcase classname="tests.test_deploy_prod_workflow" name="test_stop_writer_deploy_proves_exact_safe_image_and_drains_old_ids" file="tests\test_deploy_prod_workflow.py" line="1998" time="0.032" /><testcase classname="tests.test_deploy_prod_workflow" name="test_stop_writer_blocks_unsafe_rollback_image" file="tests\test_deploy_prod_workflow.py" line="2018" time="0.035" /><testcase classname="tests.test_deploy_prod_workflow" name="test_stop_writer_compares_post_deploy_and_post_canary_snapshots" file="tests\test_deploy_prod_workflow.py" line="2035" time="0.035" /><testcase classname="tests.test_deploy_prod_workflow" name="test_stop_writer_restores_timers_only_for_safe_fleet_and_uploads_evidence" file="tests\test_deploy_prod_workflow.py" line="2064" time="0.035" /><testcase classname="tests.test_deploy_prod_workflow" name="test_terminal_never_reports_deployed_without_exact_cleanup_restoration" file="tests\test_deploy_prod_workflow.py" line="2098" time="0.033" /><testcase classname="tests.test_deploy_prod_workflow" name="test_cleanup_derives_cutover_only_from_current_run_generation" file="tests\test_deploy_prod_workflow.py" line="2135" time="0.033" /><testcase classname="tests.test_deploy_terminal_receipt" name="test_initial_terminal_receipt_result_is_safe_before_fallible_work[pre-host-write]" file="tests\test_deploy_terminal_receipt.py" line="268" time="0.001" /><testcase classname="tests.test_deploy_terminal_receipt" name="test_initial_terminal_receipt_result_is_safe_before_fallible_work[writer-default-is-visible-before-work]" file="tests\test_deploy_terminal_receipt.py" line="268" time="0.001" /><testcase classname="tests.test_deploy_terminal_receipt" name="test_production_mutation_before_image_mutation_publishes_failed_terminal_truth" file="tests\test_deploy_terminal_receipt.py" line="281" time="0.001" /><testcase classname="tests.test_deploy_terminal_receipt" name="test_post_forward_cleanup_fence_preserves_forward_and_rollback_truth" file="tests\test_deploy_terminal_receipt.py" line="293" time="0.000" /><testcase classname="tests.test_deploy_terminal_receipt" name="test_cleanup_terminal_proof_rejects_contradictions[overrides0]" file="tests\test_deploy_terminal_receipt.py" line="314" time="0.001" /><testcase classname="tests.test_deploy_terminal_receipt" name="test_cleanup_terminal_proof_rejects_contradictions[overrides1]" file="tests\test_deploy_terminal_receipt.py" line="314" time="0.001" /><testcase classname="tests.test_deploy_terminal_receipt" name="test_cleanup_terminal_proof_rejects_contradictions[overrides2]" file="tests\test_deploy_terminal_receipt.py" line="314" time="0.000" /><testcase classname="tests.test_deploy_terminal_receipt" name="test_terminal_outcome_matrix[forward success-observations0-deployed-passed]" file="tests\test_deploy_terminal_receipt.py" line="337" time="0.001" /><testcase classname="tests.test_deploy_terminal_receipt" name="test_terminal_outcome_matrix[rollback success-observations1-rolled_back-passed]" file="tests\test_deploy_terminal_receipt.py" line="337" time="0.001" /><testcase classname="tests.test_deploy_terminal_receipt" name="test_terminal_outcome_matrix[rollback command failure-observations2-rollback_failed-not_run]" file="tests\test_deploy_terminal_receipt.py" line="337" time="0.002" /><testcase classname="tests.test_deploy_terminal_receipt" name="test_terminal_outcome_matrix[rollback canary failure-observations3-rollback_failed-failed]" file="tests\test_deploy_terminal_receipt.py" line="337" time="0.001" /><testcase classname="tests.test_deploy_terminal_receipt" name="test_terminal_outcome_matrix[rollback identity failure after green canary-observations4-rollback_failed-failed]" file="tests\test_deploy_terminal_receipt.py" line="337" time="0.001" /><testcase classname="tests.test_deploy_terminal_receipt" name="test_terminal_outcome_matrix[no rollback target-observations5-failed_without_rollback-failed]" file="tests\test_deploy_terminal_receipt.py" line="337" time="0.001" /><testcase classname="tests.test_deploy_terminal_receipt" name="test_rollback_step_exact_exit_matrix[pre-host write-observations0-0]" file="tests\test_deploy_terminal_receipt.py" line="411" time="0.001" /><testcase classname="tests.test_deploy_terminal_receipt" name="test_rollback_step_exact_exit_matrix[production mutation before image mutation-observations1-0]" file="tests\test_deploy_terminal_receipt.py" line="411" time="0.001" /><testcase classname="tests.test_deploy_terminal_receipt" name="test_rollback_step_exact_exit_matrix[fully green forward path-observations2-0]" file="tests\test_deploy_terminal_receipt.py" line="411" time="0.001" /><testcase classname="tests.test_deploy_terminal_receipt" name="test_rollback_step_exact_exit_matrix[required rollback has no target-observations3-1]" file="tests\test_deploy_terminal_receipt.py" line="411" time="0.001" /><testcase classname="tests.test_deploy_terminal_receipt" name="test_rollback_step_exact_exit_matrix[rollback proven-observations4-0]" file="tests\test_deploy_terminal_receipt.py" line="411" time="0.001" /><testcase classname="tests.test_deploy_terminal_receipt" name="test_rollback_step_exact_exit_matrix[rollback command failed-observations5-1]" file="tests\test_deploy_terminal_receipt.py" line="411" time="0.001" /><testcase classname="tests.test_deploy_terminal_receipt" name="test_rollback_step_exact_exit_matrix[rollback canary failed-observations6-1]" file="tests\test_deploy_terminal_receipt.py" line="411" time="0.001" /><testcase classname="tests.test_deploy_terminal_receipt" name="test_rollback_step_exact_exit_matrix[rollback canary passed but identity mismatched-observations7-1]" file="tests\test_deploy_terminal_receipt.py" line="411" time="0.001" /><testcase classname="tests.test_deploy_terminal_receipt" name="test_rollback_step_exact_exit_matrix[missing output-observations8-1]" file="tests\test_deploy_terminal_receipt.py" line="411" time="0.001" /><testcase classname="tests.test_deploy_terminal_receipt" name="test_rollback_step_exact_exit_matrix[contradictory markers-observations9-1]" file="tests\test_deploy_terminal_receipt.py" line="411" time="0.001" /><testcase classname="tests.test_deploy_terminal_receipt" name="test_not_needed_issue_wording_requires_complete_terminal_health_tuple[overrides0-Rollback was not needed because terminal outcome is deployed, active image identity agrees, and the applicable canary passed.]" file="tests\test_deploy_terminal_receipt.py" line="512" time="0.001" /><testcase classname="tests.test_deploy_terminal_receipt" name="test_not_needed_issue_wording_requires_complete_terminal_health_tuple[overrides1-Rollback was not attempted; forward production health is unproven.]" file="tests\test_deploy_terminal_receipt.py" line="512" time="0.000" /><testcase classname="tests.test_deploy_terminal_receipt" name="test_not_needed_issue_wording_requires_complete_terminal_health_tuple[overrides2-Rollback was not attempted; forward production health is unproven.]" file="tests\test_deploy_terminal_receipt.py" line="512" time="0.001" /><testcase classname="tests.test_deploy_terminal_receipt" name="test_not_needed_issue_wording_requires_complete_terminal_health_tuple[overrides3-Rollback was not attempted; forward production health is unproven.]" file="tests\test_deploy_terminal_receipt.py" line="512" time="0.001" /><testcase classname="tests.test_deploy_terminal_receipt" name="test_not_needed_issue_wording_requires_complete_terminal_health_tuple[overrides4-Rollback was not attempted; forward production health is unproven.]" file="tests\test_deploy_terminal_receipt.py" line="512" time="0.001" /><testcase classname="tests.test_deploy_terminal_receipt" name="test_complete_rollback_issue_wording_matrix[outputs0-Production host write did not start; image rollback was not attempted.]" file="tests\test_deploy_terminal_receipt.py" line="573" time="0.001" /><testcase classname="tests.test_deploy_terminal_receipt" name="test_complete_rollback_issue_wording_matrix[outputs1-Production mutation started, but image mutation did not; image rollback was not required.]" file="tests\test_deploy_terminal_receipt.py" line="573" time="0.001" /><testcase classname="tests.test_deploy_terminal_receipt" name="test_complete_rollback_issue_wording_matrix[outputs2-Rollback was not attempted because no validated immutable previous image was available.]" file="tests\test_deploy_terminal_receipt.py" line="573" time="0.000" /><testcase classname="tests.test_deploy_terminal_receipt" name="test_complete_rollback_issue_wording_matrix[outputs3-Rollback succeeded and the rollback canary passed.]" file="tests\test_deploy_terminal_receipt.py" line="573" time="0.001" /><testcase classname="tests.test_deploy_terminal_receipt" name="test_complete_rollback_issue_wording_matrix[outputs4-Rollback failed; the rollback canary failed.]" file="tests\test_deploy_terminal_receipt.py" line="573" time="0.000" /><testcase classname="tests.test_deploy_terminal_receipt" name="test_complete_rollback_issue_wording_matrix[outputs5-Rollback failed before the rollback canary ran.]" file="tests\test_deploy_terminal_receipt.py" line="573" time="0.000" /><testcase classname="tests.test_deploy_terminal_receipt" name="test_complete_rollback_issue_wording_matrix[outputs6-Rollback was not proven: the canary passed but configured and running image identity did not agree with the rollback target.]" file="tests\test_deploy_terminal_receipt.py" line="573" time="0.001" /><testcase classname="tests.test_deploy_terminal_receipt" name="test_complete_rollback_issue_wording_matrix[outputs7-Rollback status is unavailable; rollback success was not proven.]" file="tests\test_deploy_terminal_receipt.py" line="573" time="0.000" /><testcase classname="tests.test_deploy_terminal_receipt" name="test_terminal_receipt_issue_sentence_matrix[published-True-Terminal release-state receipt published.]" file="tests\test_deploy_terminal_receipt.py" line="681" time="0.001" /><testcase classname="tests.test_deploy_terminal_receipt" name="test_terminal_receipt_issue_sentence_matrix[failed-True-Terminal release-state publication failed; durable active-release truth is not proven and the prior receipt may be stale.]" file="tests\test_deploy_terminal_receipt.py" line="681" time="0.001" /><testcase classname="tests.test_deploy_terminal_receipt" name="test_terminal_receipt_issue_sentence_matrix[not_applicable-False-Terminal release-state publication was not applicable; the prior receipt was left unchanged.]" file="tests\test_deploy_terminal_receipt.py" line="681" time="0.001" /><testcase classname="tests.test_deploy_terminal_receipt" name="test_terminal_receipt_issue_sentence_matrix[not_applicable-True-Terminal release-state status is unavailable or inconsistent; durable active-release truth is not proven.]" file="tests\test_deploy_terminal_receipt.py" line="681" time="0.001" /><testcase classname="tests.test_deploy_terminal_receipt" name="test_terminal_receipt_issue_sentence_matrix[-True-Terminal release-state status is unavailable or inconsistent; durable active-release truth is not proven.]" file="tests\test_deploy_terminal_receipt.py" line="681" time="0.001" /><testcase classname="tests.test_deploy_terminal_receipt" name="test_manual_old_tag_never_inherits_github_sha_or_build_provenance" file="tests\test_deploy_terminal_receipt.py" line="722" time="0.000" /><testcase classname="tests.test_deploy_terminal_receipt" name="test_fresh_digest_bound_revision_is_the_only_current_source_provenance[workflow_run]" file="tests\test_deploy_terminal_receipt.py" line="742" time="0.000" /><testcase classname="tests.test_deploy_terminal_receipt" name="test_fresh_digest_bound_revision_is_the_only_current_source_provenance[workflow_dispatch]" file="tests\test_deploy_terminal_receipt.py" line="742" time="0.000" /><testcase classname="tests.test_deploy_terminal_receipt" name="test_workflow_run_build_provenance_requires_revision_head_sha_agreement" file="tests\test_deploy_terminal_receipt.py" line="760" time="0.000" /><testcase classname="tests.test_deploy_terminal_receipt" name="test_v1_prior_receipt_matches_identity_but_inherits_no_provenance_or_ancestry" file="tests\test_deploy_terminal_receipt.py" line="771" time="0.001" /><testcase classname="tests.test_deploy_terminal_receipt" name="test_v1_source_is_derived_afresh_from_matching_digest_revision" file="tests\test_deploy_terminal_receipt.py" line="791" time="0.001" /><testcase classname="tests.test_deploy_terminal_receipt" name="test_matching_v2_terminal_proof_may_seed_validated_provenance_and_ancestry" file="tests\test_deploy_terminal_receipt.py" line="809" time="0.001" /><testcase classname="tests.test_deploy_terminal_receipt" name="test_v2_receipt_must_satisfy_every_terminal_proof_invariant[release_state_version-3]" file="tests\test_deploy_terminal_receipt.py" line="825" time="0.001" /><testcase classname="tests.test_deploy_terminal_receipt" name="test_v2_receipt_must_satisfy_every_terminal_proof_invariant[outcome-rollback_failed]" file="tests\test_deploy_terminal_receipt.py" line="825" time="0.001" /><testcase classname="tests.test_deploy_terminal_receipt" name="test_v2_receipt_must_satisfy_every_terminal_proof_invariant[active_identity_status-mismatch]" file="tests\test_deploy_terminal_receipt.py" line="825" time="0.001" /><testcase classname="tests.test_deploy_terminal_receipt" name="test_v2_receipt_must_satisfy_every_terminal_proof_invariant[configured_image_ref-ghcr.io/tinyassets/tinyassets@sha256:dddddddddddddddddddddddddddddddddddddddddddddddddddddddddddddddd]" file="tests\test_deploy_terminal_receipt.py" line="825" time="0.001" /><testcase classname="tests.test_deploy_terminal_receipt" name="test_v2_receipt_must_satisfy_every_terminal_proof_invariant[running_image_ref-ghcr.io/tinyassets/tinyassets@sha256:dddddddddddddddddddddddddddddddddddddddddddddddddddddddddddddddd]" file="tests\test_deploy_terminal_receipt.py" line="825" time="0.001" /><testcase classname="tests.test_deploy_terminal_receipt" name="test_v2_receipt_must_satisfy_every_terminal_proof_invariant[active_image_ref-ghcr.io/tinyassets/tinyassets@sha256:dddddddddddddddddddddddddddddddddddddddddddddddddddddddddddddddd]" file="tests\test_deploy_terminal_receipt.py" line="825" time="0.001" /><testcase classname="tests.test_deploy_terminal_receipt" name="test_v2_receipt_must_satisfy_every_terminal_proof_invariant[active_image_digest-ghcr.io/tinyassets/tinyassets@sha256:dddddddddddddddddddddddddddddddddddddddddddddddddddddddddddddddd]" file="tests\test_deploy_terminal_receipt.py" line="825" time="0.001" /><testcase classname="tests.test_deploy_terminal_receipt" name="test_v2_receipt_must_satisfy_every_terminal_proof_invariant[image_ref-ghcr.io/tinyassets/tinyassets@sha256:dddddddddddddddddddddddddddddddddddddddddddddddddddddddddddddddd]" file="tests\test_deploy_terminal_receipt.py" line="825" time="0.001" /><testcase classname="tests.test_deploy_terminal_receipt" name="test_v2_receipt_must_satisfy_every_terminal_proof_invariant[image_digest-ghcr.io/tinyassets/tinyassets@sha256:dddddddddddddddddddddddddddddddddddddddddddddddddddddddddddddddd]" file="tests\test_deploy_terminal_receipt.py" line="825" time="0.001" /><testcase classname="tests.test_deploy_terminal_receipt" name="test_v2_receipt_must_satisfy_every_terminal_proof_invariant[canary_bundle_status-failed]" file="tests\test_deploy_terminal_receipt.py" line="825" time="0.001" /><testcase classname="tests.test_deploy_terminal_receipt" name="test_internally_valid_v2_receipt_for_another_active_image_is_mismatch" file="tests\test_deploy_terminal_receipt.py" line="856" time="0.001" /><testcase classname="tests.test_deploy_terminal_receipt" name="test_invalid_prior_receipt_transport_is_untrusted_but_outcome_is_reportable[invalid-alphabet]" file="tests\test_deploy_terminal_receipt.py" line="880" time="0.001" /><testcase classname="tests.test_deploy_terminal_receipt" name="test_invalid_prior_receipt_transport_is_untrusted_but_outcome_is_reportable[otherwise-valid-base64-with-whitespace]" file="tests\test_deploy_terminal_receipt.py" line="880" time="0.001" /><testcase classname="tests.test_deploy_terminal_receipt" name="test_invalid_prior_receipt_transport_is_untrusted_but_outcome_is_reportable[malformed-json]" file="tests\test_deploy_terminal_receipt.py" line="880" time="0.001" /><testcase classname="tests.test_deploy_terminal_receipt" name="test_invalid_prior_receipt_transport_is_untrusted_but_outcome_is_reportable[json-not-object]" file="tests\test_deploy_terminal_receipt.py" line="880" time="0.001" /><testcase classname="tests.test_deploy_terminal_receipt" name="test_invalid_prior_receipt_transport_is_untrusted_but_outcome_is_reportable[invalid-utf8]" file="tests\test_deploy_terminal_receipt.py" line="880" time="0.001" /><testcase classname="tests.test_deploy_terminal_receipt" name="test_prior_receipt_decoded_size_bound_is_exact[exact-limit-is-accepted]" file="tests\test_deploy_terminal_receipt.py" line="903" time="0.002" /><testcase classname="tests.test_deploy_terminal_receipt" name="test_prior_receipt_decoded_size_bound_is_exact[one-byte-over-limit-is-rejected]" file="tests\test_deploy_terminal_receipt.py" line="903" time="0.001" /><testcase classname="tests.test_deploy_terminal_receipt" name="test_terminal_identity_requires_configured_and_running_canonical_agreement[ghcr.io/tinyassets/tinyassets@sha256:aaaaaaaaaaaaaaaaaaaaaaaaaaaaaaaaaaaaaaaaaaaaaaaaaaaaaaaaaaaaaaaa-ghcr.io/tinyassets/tinyassets@sha256:aaaaaaaaaaaaaaaaaaaaaaaaaaaaaaaaaaaaaaaaaaaaaaaaaaaaaaaaaaaaaaaa-agreed-ghcr.io/tinyassets/tinyassets@sha256:aaaaaaaaaaaaaaaaaaaaaaaaaaaaaaaaaaaaaaaaaaaaaaaaaaaaaaaaaaaaaaaa]" file="tests\test_deploy_terminal_receipt.py" line="930" time="0.001" /><testcase classname="tests.test_deploy_terminal_receipt" name="test_terminal_identity_requires_configured_and_running_canonical_agreement[ghcr.io/tinyassets/tinyassets@sha256:aaaaaaaaaaaaaaaaaaaaaaaaaaaaaaaaaaaaaaaaaaaaaaaaaaaaaaaaaaaaaaaa-ghcr.io/tinyassets/tinyassets@sha256:bbbbbbbbbbbbbbbbbbbbbbbbbbbbbbbbbbbbbbbbbbbbbbbbbbbbbbbbbbbbbbbb-mismatch-]" file="tests\test_deploy_terminal_receipt.py" line="930" time="0.001" /><testcase classname="tests.test_deploy_terminal_receipt" name="test_terminal_identity_requires_configured_and_running_canonical_agreement[-ghcr.io/tinyassets/tinyassets@sha256:aaaaaaaaaaaaaaaaaaaaaaaaaaaaaaaaaaaaaaaaaaaaaaaaaaaaaaaaaaaaaaaa-configured_unknown-]" file="tests\test_deploy_terminal_receipt.py" line="930" time="0.001" /><testcase classname="tests.test_deploy_terminal_receipt" name="test_terminal_identity_requires_configured_and_running_canonical_agreement[mutable:tag-ghcr.io/tinyassets/tinyassets@sha256:aaaaaaaaaaaaaaaaaaaaaaaaaaaaaaaaaaaaaaaaaaaaaaaaaaaaaaaaaaaaaaaa-configured_unknown-]" file="tests\test_deploy_terminal_receipt.py" line="930" time="0.001" /><testcase classname="tests.test_deploy_terminal_receipt" name="test_terminal_identity_requires_configured_and_running_canonical_agreement[ghcr.io/tinyassets/tinyassets@sha256:aaaaaaaaaaaaaaaaaaaaaaaaaaaaaaaaaaaaaaaaaaaaaaaaaaaaaaaaaaaaaaaa--running_unknown-]" file="tests\test_deploy_terminal_receipt.py" line="930" time="0.001" /><testcase classname="tests.test_deploy_terminal_receipt" name="test_terminal_identity_requires_configured_and_running_canonical_agreement[ghcr.io/tinyassets/tinyassets@sha256:aaaaaaaaaaaaaaaaaaaaaaaaaaaaaaaaaaaaaaaaaaaaaaaaaaaaaaaaaaaaaaaa-sha256:abc-running_unknown-]" file="tests\test_deploy_terminal_receipt.py" line="930" time="0.001" /><testcase classname="tests.test_deploy_terminal_receipt" name="test_terminal_identity_requires_configured_and_running_canonical_agreement[--both_unknown-]" file="tests\test_deploy_terminal_receipt.py" line="930" time="0.001" /><testcase classname="tests.test_deploy_terminal_receipt" name="test_input_markers_and_enums_are_exact[production_mutation_started-1]" file="tests\test_deploy_terminal_receipt.py" line="969" time="0.001" /><testcase classname="tests.test_deploy_terminal_receipt" name="test_input_markers_and_enums_are_exact[image_mutation_started-true]" file="tests\test_deploy_terminal_receipt.py" line="969" time="0.001" /><testcase classname="tests.test_deploy_terminal_receipt" name="test_input_markers_and_enums_are_exact[forward_deploy_status-green]" file="tests\test_deploy_terminal_receipt.py" line="969" time="0.001" /><testcase classname="tests.test_deploy_terminal_receipt" name="test_input_markers_and_enums_are_exact[forward_canary_status-skipped]" file="tests\test_deploy_terminal_receipt.py" line="969" time="0.001" /><testcase classname="tests.test_deploy_terminal_receipt" name="test_input_markers_and_enums_are_exact[rollback_attempted-false]" file="tests\test_deploy_terminal_receipt.py" line="969" time="0.001" /><testcase classname="tests.test_deploy_terminal_receipt" name="test_input_markers_and_enums_are_exact[rollback_result-skipped]" file="tests\test_deploy_terminal_receipt.py" line="969" time="0.001" /><testcase classname="tests.test_deploy_terminal_receipt" name="test_input_markers_and_enums_are_exact[rollback_canary_status-skipped]" file="tests\test_deploy_terminal_receipt.py" line="969" time="0.001" /><testcase classname="tests.test_deploy_terminal_receipt" name="test_input_markers_and_enums_are_exact[rollback_reason-unknown]" file="tests\test_deploy_terminal_receipt.py" line="969" time="0.001" /><testcase classname="tests.test_deploy_terminal_receipt" name="test_every_emitted_classification_uses_an_exact_bounded_enum[observations0]" file="tests\test_deploy_terminal_receipt.py" line="990" time="0.001" /><testcase classname="tests.test_deploy_terminal_receipt" name="test_every_emitted_classification_uses_an_exact_bounded_enum[observations1]" file="tests\test_deploy_terminal_receipt.py" line="990" time="0.001" /><testcase classname="tests.test_deploy_terminal_receipt" name="test_every_emitted_classification_uses_an_exact_bounded_enum[observations2]" file="tests\test_deploy_terminal_receipt.py" line="990" time="0.000" /><testcase classname="tests.test_deploy_terminal_receipt" name="test_every_emitted_classification_uses_an_exact_bounded_enum[observations3]" file="tests\test_deploy_terminal_receipt.py" line="990" time="0.001" /><testcase classname="tests.test_deploy_terminal_receipt" name="test_every_emitted_classification_uses_an_exact_bounded_enum[observations4]" file="tests\test_deploy_terminal_receipt.py" line="990" time="0.001" /><testcase classname="tests.test_deploy_terminal_receipt" name="test_success_receipt_contains_every_legacy_field_with_exact_projection" file="tests\test_deploy_terminal_receipt.py" line="1017" time="0.001" /><testcase classname="tests.test_deploy_terminal_receipt" name="test_every_terminal_outcome_has_an_exact_complete_legacy_projection[rolled back with trusted prior provenance-observations0-expected0]" file="tests\test_deploy_terminal_receipt.py" line="1042" time="0.001" /><testcase classname="tests.test_deploy_terminal_receipt" name="test_every_terminal_outcome_has_an_exact_complete_legacy_projection[rollback failed with attempted image still active-observations1-expected1]" file="tests\test_deploy_terminal_receipt.py" line="1042" time="0.001" /><testcase classname="tests.test_deploy_terminal_receipt" name="test_every_terminal_outcome_has_an_exact_complete_legacy_projection[failed without rollback with trusted prior image still active-observations2-expected2]" file="tests\test_deploy_terminal_receipt.py" line="1042" time="0.001" /><testcase classname="tests.test_deploy_terminal_receipt" name="test_unknown_active_identity_keeps_all_unproven_legacy_values_empty" file="tests\test_deploy_terminal_receipt.py" line="1116" time="0.000" /><testcase classname="tests.test_deploy_terminal_receipt" name="test_complete_safe_rollback_target_matrix[deployed on attempted ref-observations0-deployed-ghcr.io/tinyassets/tinyassets@sha256:bbbbbbbbbbbbbbbbbbbbbbbbbbbbbbbbbbbbbbbbbbbbbbbbbbbbbbbbbbbbbbbb]" file="tests\test_deploy_terminal_receipt.py" line="1140" time="0.001" /><testcase classname="tests.test_deploy_terminal_receipt" name="test_complete_safe_rollback_target_matrix[deployed without agreed previous ref-observations1-deployed-]" file="tests\test_deploy_terminal_receipt.py" line="1140" time="0.001" /><testcase classname="tests.test_deploy_terminal_receipt" name="test_complete_safe_rollback_target_matrix[rolled back to previous with v2 ancestry-observations2-rolled_back-ghcr.io/tinyassets/tinyassets@sha256:cccccccccccccccccccccccccccccccccccccccccccccccccccccccccccccccc]" file="tests\test_deploy_terminal_receipt.py" line="1140" time="0.001" /><testcase classname="tests.test_deploy_terminal_receipt" name="test_complete_safe_rollback_target_matrix[rolled back to previous without v2 ancestry-observations3-rolled_back-]" file="tests\test_deploy_terminal_receipt.py" line="1140" time="0.001" /><testcase classname="tests.test_deploy_terminal_receipt" name="test_complete_safe_rollback_target_matrix[rollback failed while attempted ref is active-observations4-rollback_failed-ghcr.io/tinyassets/tinyassets@sha256:bbbbbbbbbbbbbbbbbbbbbbbbbbbbbbbbbbbbbbbbbbbbbbbbbbbbbbbbbbbbbbbb]" file="tests\test_deploy_terminal_receipt.py" line="1140" time="0.001" /><testcase classname="tests.test_deploy_terminal_receipt" name="test_complete_safe_rollback_target_matrix[rollback failed while previous ref is active-observations5-rollback_failed-ghcr.io/tinyassets/tinyassets@sha256:cccccccccccccccccccccccccccccccccccccccccccccccccccccccccccccccc]" file="tests\test_deploy_terminal_receipt.py" line="1140" time="0.001" /><testcase classname="tests.test_deploy_terminal_receipt" name="test_complete_safe_rollback_target_matrix[rollback failed while another ref is active-observations6-rollback_failed-]" file="tests\test_deploy_terminal_receipt.py" line="1140" time="0.001" /><testcase classname="tests.test_deploy_terminal_receipt" name="test_complete_safe_rollback_target_matrix[rollback failed without identity agreement-observations7-rollback_failed-]" file="tests\test_deploy_terminal_receipt.py" line="1140" time="0.001" /><testcase classname="tests.test_deploy_terminal_receipt" name="test_complete_safe_rollback_target_matrix[failed without rollback while attempted ref is active-observations8-failed_without_rollback-ghcr.io/tinyassets/tinyassets@sha256:bbbbbbbbbbbbbbbbbbbbbbbbbbbbbbbbbbbbbbbbbbbbbbbbbbbbbbbbbbbbbbbb]" file="tests\test_deploy_terminal_receipt.py" line="1140" time="0.001" /><testcase classname="tests.test_deploy_terminal_receipt" name="test_complete_safe_rollback_target_matrix[failed without rollback while previous ref is active-observations9-failed_without_rollback-ghcr.io/tinyassets/tinyassets@sha256:cccccccccccccccccccccccccccccccccccccccccccccccccccccccccccccccc]" file="tests\test_deploy_terminal_receipt.py" line="1140" time="0.001" /><testcase classname="tests.test_deploy_terminal_receipt" name="test_complete_safe_rollback_target_matrix[failed without rollback while another ref is active-observations10-failed_without_rollback-]" file="tests\test_deploy_terminal_receipt.py" line="1140" time="0.001" /><testcase classname="tests.test_deploy_terminal_receipt" name="test_complete_safe_rollback_target_matrix[failed without rollback and no identity agreement-observations11-failed_without_rollback-]" file="tests\test_deploy_terminal_receipt.py" line="1140" time="0.001" /><testcase classname="tests.test_deploy_terminal_receipt" name="test_v2_ancestry_never_reuses_failed_attempted_image" file="tests\test_deploy_terminal_receipt.py" line="1281" time="0.001" /><testcase classname="tests.test_deploy_terminal_receipt" name="test_cli_is_deterministic_canonical_json_and_matches_the_importable_core" file="tests\test_deploy_terminal_receipt.py" line="1300" time="0.164" /><testcase classname="tests.test_deploy_worker_workflow" name="test_deploy_worker_yml_parses" file="tests\test_deploy_worker_workflow.py" line="54" time="0.005" /><testcase classname="tests.test_deploy_worker_workflow" name="test_all_workflow_ymls_parse" file="tests\test_deploy_worker_workflow.py" line="58" time="0.186" /><testcase classname="tests.test_deploy_worker_workflow" name="test_workflow_has_push_trigger_on_main" file="tests\test_deploy_worker_workflow.py" line="71" time="0.005" /><testcase classname="tests.test_deploy_worker_workflow" name="test_workflow_has_pull_request_trigger" file="tests\test_deploy_worker_workflow.py" line="79" time="0.004" /><testcase classname="tests.test_deploy_worker_workflow" name="test_workflow_path_filter_covers_worker_dir" file="tests\test_deploy_worker_workflow.py" line="84" time="0.005" /><testcase classname="tests.test_deploy_worker_workflow" name="test_workflow_path_filter_covers_workflow_itself" file="tests\test_deploy_worker_workflow.py" line="95" time="0.004" /><testcase classname="tests.test_deploy_worker_workflow" name="test_workflow_has_workflow_dispatch" file="tests\test_deploy_worker_workflow.py" line="103" time="0.005" /><testcase classname="tests.test_deploy_worker_workflow" name="test_workflow_has_deploy_worker_job" file="tests\test_deploy_worker_workflow.py" line="108" time="0.004" /><testcase classname="tests.test_deploy_worker_workflow" name="test_workflow_job_runs_on_ubuntu" file="tests\test_deploy_worker_workflow.py" line="113" time="0.004" /><testcase classname="tests.test_deploy_worker_workflow" name="test_workflow_uses_wrangler_supported_node_version" file="tests\test_deploy_worker_workflow.py" line="119" time="0.005" /><testcase classname="tests.test_deploy_worker_workflow" name="test_wrangler_toml_name_is_correct" file="tests\test_deploy_worker_workflow.py" line="135" time="0.001" /><testcase classname="tests.test_deploy_worker_workflow" name="test_wrangler_toml_no_stale_name" file="tests\test_deploy_worker_workflow.py" line="142" time="0.001" /><testcase classname="tests.test_deploy_worker_workflow" name="test_wrangler_toml_keeps_load_bearing_broad_route_and_runtime_settings" file="tests\test_deploy_worker_workflow.py" line="149" time="0.001" /><testcase classname="tests.test_deploy_worker_workflow" name="test_dry_run_step_fires_on_pull_request" file="tests\test_deploy_worker_workflow.py" line="184" time="0.004" /><testcase classname="tests.test_deploy_worker_workflow" name="test_live_deploy_step_fires_on_push" file="tests\test_deploy_worker_workflow.py" line="192" time="0.005" /><testcase classname="tests.test_deploy_worker_workflow" name="test_dry_run_does_not_fire_on_push" file="tests\test_deploy_worker_workflow.py" line="200" time="0.004" /><testcase classname="tests.test_deploy_worker_workflow" name="test_pull_requests_run_secretless_wrangler_dry_run" file="tests\test_deploy_worker_workflow.py" line="211" time="0.004" /><testcase classname="tests.test_deploy_worker_workflow" name="test_live_deploy_resolves_account_id_from_zone_when_secret_missing" file="tests\test_deploy_worker_workflow.py" line="227" time="0.001" /><testcase classname="tests.test_deploy_worker_workflow" name="test_live_deploy_proves_retired_route_matrix_is_ordinary_404" file="tests\test_deploy_worker_workflow.py" line="235" time="0.005" /><testcase classname="tests.test_deploy_worker_workflow" name="test_live_deploy_probes_run_in_safety_order_under_the_same_condition" file="tests\test_deploy_worker_workflow.py" line="250" time="0.005" /><testcase classname="tests.test_deploy_worker_workflow" name="test_cloudflare_api_token_secret_referenced" file="tests\test_deploy_worker_workflow.py" line="284" time="0.001" /><testcase classname="tests.test_deploy_worker_workflow" name="test_cloudflare_account_id_secret_referenced" file="tests\test_deploy_worker_workflow.py" line="288" time="0.001" /><testcase classname="tests.test_deploy_worker_workflow" name="test_wrangler_installed_in_workflow" file="tests\test_deploy_worker_workflow.py" line="292" time="0.001" /><testcase classname="tests.test_describe_branch_approval.TestDescribeBranchApproval" name="test_no_source_code_nodes_runnable" file="tests\test_describe_branch_approval.py" line="133" time="0.002" /><testcase classname="tests.test_describe_branch_approval.TestDescribeBranchApproval" name="test_approved_source_code_node_runnable" file="tests\test_describe_branch_approval.py" line="143" time="0.002" /><testcase classname="tests.test_describe_branch_approval.TestDescribeBranchApproval" name="test_unapproved_source_code_node_not_runnable" file="tests\test_describe_branch_approval.py" line="152" time="0.002" /><testcase classname="tests.test_describe_branch_approval.TestDescribeBranchApproval" name="test_unapproved_node_still_valid_structurally" file="tests\test_describe_branch_approval.py" line="174" time="0.002" /><testcase classname="tests.test_describe_branch_approval.TestDescribeBranchApproval" name="test_multiple_unapproved_nodes_all_listed" file="tests\test_describe_branch_approval.py" line="185" time="0.002" /><testcase classname="tests.test_describe_branch_approval.TestGetBranchApproval" name="test_no_source_code_nodes_runnable" file="tests\test_describe_branch_approval.py" line="206" time="0.001" /><testcase classname="tests.test_describe_branch_approval.TestGetBranchApproval" name="test_unapproved_source_code_node_not_runnable" file="tests\test_describe_branch_approval.py" line="215" time="0.001" /><testcase classname="tests.test_describe_branch_approval.TestValidateBranchApproval" name="test_no_source_code_nodes_runnable" file="tests\test_describe_branch_approval.py" line="236" time="0.001" /><testcase classname="tests.test_describe_branch_approval.TestValidateBranchApproval" name="test_unapproved_source_code_node_not_runnable" file="tests\test_describe_branch_approval.py" line="246" time="0.001" /><testcase classname="tests.test_describe_branch_approval.TestValidateBranchApproval" name="test_approved_source_code_node_runnable" file="tests\test_describe_branch_approval.py" line="263" time="0.001" /><testcase classname="tests.test_describe_branch_approval.TestValidateBranchApproval" name="test_structural_errors_make_not_runnable" file="tests\test_describe_branch_approval.py" line="273" time="0.001" /><testcase classname="tests.test_describe_branch_approval.TestValidateBranchApproval" name="test_unapproved_and_structural_errors" file="tests\test_describe_branch_approval.py" line="282" time="0.001" /><testcase classname="tests.test_describe_branch_approval.TestValidateBranchApproval" name="test_multiple_unapproved_nodes_all_listed" file="tests\test_describe_branch_approval.py" line="294" time="0.001" /><testcase classname="tests.test_describe_branch_approval.TestValidateBranchApproval" name="test_state_field_node_id_collision_not_valid_or_runnable" file="tests\test_describe_branch_approval.py" line="308" time="0.001" /><testcase classname="tests.test_describe_branch_wiki_pages" name="test_matching_page_returned" file="tests\test_describe_branch_wiki_pages.py" line="48" time="0.015" /><testcase classname="tests.test_describe_branch_wiki_pages" name="test_no_matches_returns_empty_list" file="tests\test_describe_branch_wiki_pages.py" line="66" time="0.006" /><testcase classname="tests.test_describe_branch_wiki_pages" name="test_related_wiki_pages_key_never_missing" file="tests\test_describe_branch_wiki_pages.py" line="74" time="0.005" /><testcase classname="tests.test_describe_branch_wiki_pages" name="test_matched_via_reflects_matching_terms" file="tests\test_describe_branch_wiki_pages.py" line="82" time="0.014" /><testcase classname="tests.test_describe_branch_wiki_pages" name="test_summary_truncates_at_140_chars" file="tests\test_describe_branch_wiki_pages.py" line="101" time="0.015" /><testcase classname="tests.test_describe_branch_wiki_pages" name="test_top_20_cap_sets_truncated_count" file="tests\test_describe_branch_wiki_pages.py" line="120" time="0.191" /><testcase classname="tests.test_describe_branch_wiki_pages" name="test_empty_branch_dict_returns_empty" file="tests\test_describe_branch_wiki_pages.py" line="138" time="0.006" /><testcase classname="tests.test_describe_branch_wiki_pages" name="test_branch_with_no_node_defs_still_matches_by_branch_id" file="tests\test_describe_branch_wiki_pages.py" line="145" time="0.015" /><testcase classname="tests.test_describe_branch_wiki_pages" name="test_node_match_only_also_returned" file="tests\test_describe_branch_wiki_pages.py" line="161" time="0.014" /><testcase classname="tests.test_describe_branch_wiki_pages" name="test_sorted_by_match_count_descending" file="tests\test_describe_branch_wiki_pages.py" line="179" time="0.023" /><testcase classname="tests.test_describe_branch_wiki_pages" name="test_each_item_has_required_fields" file="tests\test_describe_branch_wiki_pages.py" line="206" time="0.015" /><testcase classname="tests.test_describe_branch_wiki_pages" name="test_describe_branch_response_contains_related_wiki_pages_key" file="tests\test_describe_branch_wiki_pages.py" line="231" time="0.007" /><testcase classname="tests.test_describe_branch_wiki_pages" name="test_get_branch_response_contains_related_wiki_pages_key" file="tests\test_describe_branch_wiki_pages.py" line="261" time="0.006" /><testcase classname="tests.test_describe_branch_wiki_pages" name="test_describe_branch_related_wiki_pages_not_missing_when_no_matches" file="tests\test_describe_branch_wiki_pages.py" line="291" time="0.005" /><testcase classname="tests.test_design_008_selector_backfill" name="test_backfill_binds_default_to_goal_with_branches" file="tests\test_design_008_selector_backfill.py" line="84" time="0.105" /><testcase classname="tests.test_design_008_selector_backfill" name="test_backfill_skips_goal_with_no_branches" file="tests\test_design_008_selector_backfill.py" line="94" time="0.093" /><testcase classname="tests.test_design_008_selector_backfill" name="test_backfill_preserves_explicit_binding" file="tests\test_design_008_selector_backfill.py" line="103" time="0.107" /><testcase classname="tests.test_design_008_selector_backfill" name="test_backfill_is_idempotent" file="tests\test_design_008_selector_backfill.py" line="115" time="0.108" /><testcase classname="tests.test_design_008_selector_backfill" name="test_backfill_dry_run_does_not_write" file="tests\test_design_008_selector_backfill.py" line="128" time="0.105" /><testcase classname="tests.test_design_008_selector_backfill" name="test_backfill_mixed_population" file="tests\test_design_008_selector_backfill.py" line="138" time="0.140" /><testcase classname="tests.test_desktop.TestIconImage" name="test_create_icon_image" file="tests\test_desktop.py" line="27" time="0.006" /><testcase classname="tests.test_desktop.TestIconImage" name="test_create_icon_custom_size" file="tests\test_desktop.py" line="32" time="0.001" /><testcase classname="tests.test_desktop.TestTrayApp" name="test_init_defaults" file="tests\test_desktop.py" line="43" time="0.001" /><testcase classname="tests.test_desktop.TestTrayApp" name="test_update_status" file="tests\test_desktop.py" line="48" time="0.001" /><testcase classname="tests.test_desktop.TestTrayApp" name="test_start_creates_icon" file="tests\test_desktop.py" line="54" time="0.061" /><testcase classname="tests.test_desktop.TestTrayApp" name="test_start_is_idempotent" file="tests\test_desktop.py" line="65" time="0.002" /><testcase classname="tests.test_desktop.TestTrayApp" name="test_stop" file="tests\test_desktop.py" line="77" time="0.001" /><testcase classname="tests.test_desktop.TestTrayApp" name="test_notify" file="tests\test_desktop.py" line="85" time="0.001" /><testcase classname="tests.test_desktop.TestTrayApp" name="test_pause_handler" file="tests\test_desktop.py" line="91" time="0.001" /><testcase classname="tests.test_desktop.TestTrayApp" name="test_resume_handler" file="tests\test_desktop.py" line="99" time="0.001" /><testcase classname="tests.test_desktop.TestTrayApp" name="test_start_handler" file="tests\test_desktop.py" line="108" time="0.001" /><testcase classname="tests.test_desktop.TestTrayApp" name="test_quit_handler" file="tests\test_desktop.py" line="115" time="0.001" /><testcase classname="tests.test_desktop.TestTrayExtendedStatus" name="test_update_extended_status_universe" file="tests\test_desktop.py" line="130" time="0.001" /><testcase classname="tests.test_desktop.TestTrayExtendedStatus" name="test_update_extended_status_words" file="tests\test_desktop.py" line="136" time="0.001" /><testcase classname="tests.test_desktop.TestTrayExtendedStatus" name="test_update_extended_status_tunnel" file="tests\test_desktop.py" line="142" time="0.001" /><testcase classname="tests.test_desktop.TestTrayExtendedStatus" name="test_tooltip_includes_universe_and_words" file="tests\test_desktop.py" line="148" time="0.001" /><testcase classname="tests.test_desktop.TestTrayExtendedStatus" name="test_menu_shows_extended_status" file="tests\test_desktop.py" line="156" time="0.001" /><testcase classname="tests.test_desktop.TestTrayExtendedStatus" name="test_menu_omits_empty_fields" file="tests\test_desktop.py" line="172" time="0.001" /><testcase classname="tests.test_desktop.TestDashboardMetrics" name="test_record_accept" file="tests\test_desktop.py" line="192" time="0.001" /><testcase classname="tests.test_desktop.TestDashboardMetrics" name="test_record_reject" file="tests\test_desktop.py" line="199" time="0.000" /><testcase classname="tests.test_desktop.TestDashboardMetrics" name="test_update_wph" file="tests\test_desktop.py" line="205" time="0.000" /><testcase classname="tests.test_desktop.TestDashboardMetrics" name="test_seed_from_db" file="tests\test_desktop.py" line="212" time="0.006" /><testcase classname="tests.test_desktop.TestDashboardMetrics" name="test_seed_from_db_missing_db" file="tests\test_desktop.py" line="243" time="0.001" /><testcase classname="tests.test_desktop.TestDashboardMetrics" name="test_seed_from_output_dir" file="tests\test_desktop.py" line="250" time="0.042" /><testcase classname="tests.test_desktop.TestDashboardMetrics" name="test_seed_from_output_dir_empty" file="tests\test_desktop.py" line="269" time="0.001" /><testcase classname="tests.test_desktop.TestDashboardHandler" name="test_phase_start" file="tests\test_desktop.py" line="283" time="0.001" /><testcase classname="tests.test_desktop.TestDashboardHandler" name="test_draft_progress" file="tests\test_desktop.py" line="290" time="0.001" /><testcase classname="tests.test_desktop.TestDashboardHandler" name="test_judge_result_accept" file="tests\test_desktop.py" line="297" time="0.000" /><testcase classname="tests.test_desktop.TestDashboardHandler" name="test_judge_result_revert" file="tests\test_desktop.py" line="306" time="0.000" /><testcase classname="tests.test_desktop.TestDashboardHandler" name="test_scene_complete" file="tests\test_desktop.py" line="316" time="0.000" /><testcase classname="tests.test_desktop.TestDashboardHandler" name="test_chapter_complete_notifies" file="tests\test_desktop.py" line="326" time="0.001" /><testcase classname="tests.test_desktop.TestDashboardHandler" name="test_book_complete_notifies" file="tests\test_desktop.py" line="333" time="0.001" /><testcase classname="tests.test_desktop.TestDashboardHandler" name="test_stuck_recovery" file="tests\test_desktop.py" line="339" time="0.001" /><testcase classname="tests.test_desktop.TestDashboardHandler" name="test_error_event" file="tests\test_desktop.py" line="345" time="0.001" /><testcase classname="tests.test_desktop.TestDashboardHandler" name="test_unknown_event" file="tests\test_desktop.py" line="350" time="0.000" /><testcase classname="tests.test_desktop.TestDashboardHandler" name="test_summary" file="tests\test_desktop.py" line="355" time="0.000" /><testcase classname="tests.test_desktop.TestDashboardHandler" name="test_no_tray_does_not_crash" file="tests\test_desktop.py" line="364" time="0.000" /><testcase classname="tests.test_desktop.TestDashboardHandler" name="test_log_callback_called_on_judge_result" file="tests\test_desktop.py" line="370" time="0.000" /><testcase classname="tests.test_desktop.TestDashboardHandler" name="test_log_callback_called_on_scene_complete" file="tests\test_desktop.py" line="381" time="0.000" /><testcase classname="tests.test_desktop.TestDashboardHandler" name="test_log_callback_called_on_chapter_complete" file="tests\test_desktop.py" line="393" time="0.000" /><testcase classname="tests.test_desktop.TestDashboardHandler" name="test_log_callback_called_on_book_complete" file="tests\test_desktop.py" line="400" time="0.000" /><testcase classname="tests.test_desktop.TestDashboardHandler" name="test_log_callback_called_on_stuck_recovery" file="tests\test_desktop.py" line="407" time="0.000" /><testcase classname="tests.test_desktop.TestDashboardHandler" name="test_log_callback_called_on_error" file="tests\test_desktop.py" line="414" time="0.001" /><testcase classname="tests.test_desktop.TestDashboardHandler" name="test_log_callback_not_called_on_phase_start" file="tests\test_desktop.py" line="421" time="0.000" /><testcase classname="tests.test_desktop.TestDashboardHandler" name="test_log_callback_exception_does_not_propagate" file="tests\test_desktop.py" line="428" time="0.001" /><testcase classname="tests.test_desktop.TestDashboardHandler" name="test_log_method_with_no_callback" file="tests\test_desktop.py" line="436" time="0.000" /><testcase classname="tests.test_desktop.TestNotificationManager" name="test_chapter_complete" file="tests\test_desktop.py" line="448" time="0.001" /><testcase classname="tests.test_desktop.TestNotificationManager" name="test_book_complete" file="tests\test_desktop.py" line="454" time="0.001" /><testcase classname="tests.test_desktop.TestNotificationManager" name="test_stuck_recovery" file="tests\test_desktop.py" line="460" time="0.001" /><testcase classname="tests.test_desktop.TestNotificationManager" name="test_error" file="tests\test_desktop.py" line="466" time="0.001" /><testcase classname="tests.test_desktop.TestNotificationManager" name="test_no_tray_logs" file="tests\test_desktop.py" line="472" time="0.000" /><testcase classname="tests.test_desktop.TestNotificationManager" name="test_tray_notify_failure" file="tests\test_desktop.py" line="479" time="0.001" /><testcase classname="tests.test_desktop.TestHostTrayService" name="test_bind_dashboard_uses_one_shared_tray" file="tests\test_desktop.py" line="493" time="0.001" /><testcase classname="tests.test_desktop.TestHostTrayService" name="test_unregister_last_dashboard_stops_tray" file="tests\test_desktop.py" line="522" time="0.001" /><testcase classname="tests.test_desktop.TestIconGen" name="test_create_icon_image_default_size" file="tests\test_desktop.py" line="546" time="0.001" /><testcase classname="tests.test_desktop.TestIconGen" name="test_create_icon_image_custom_sizes" file="tests\test_desktop.py" line="551" time="0.001" /><testcase classname="tests.test_desktop.TestIconGen" name="test_create_icon_image_has_content" file="tests\test_desktop.py" line="556" time="0.001" /><testcase classname="tests.test_desktop.TestIconGen" name="test_generate_icon_creates_file" file="tests\test_desktop.py" line="563" time="0.004" /><testcase classname="tests.test_desktop.TestIconGen" name="test_generate_icon_is_valid_ico" file="tests\test_desktop.py" line="571" time="0.005" /><testcase classname="tests.test_desktop.TestLauncherApp" name="test_init_does_not_crash" file="tests\test_desktop.py" line="637" time="0.004" /><testcase classname="tests.test_desktop.TestLauncherApp" name="test_title_set" file="tests\test_desktop.py" line="641" time="0.004" /><testcase classname="tests.test_desktop.TestLauncherApp" name="test_default_universe_path" file="tests\test_desktop.py" line="645" time="0.001" /><testcase classname="tests.test_desktop.TestLauncherApp" name="test_universe_path_property" file="tests\test_desktop.py" line="649" time="0.004" /><testcase classname="tests.test_desktop.TestLauncherApp" name="test_status_default" file="tests\test_desktop.py" line="654" time="0.004" /><testcase classname="tests.test_desktop.TestLauncherApp" name="test_handle_start_calls_callback" file="tests\test_desktop.py" line="659" time="0.004" /><testcase classname="tests.test_desktop.TestLauncherApp" name="test_handle_start_no_callback" file="tests\test_desktop.py" line="669" time="0.005" /><testcase classname="tests.test_desktop.TestLauncherApp" name="test_handle_quit" file="tests\test_desktop.py" line="674" time="0.004" /><testcase classname="tests.test_desktop.TestLauncherApp" name="test_geometry" file="tests\test_desktop.py" line="679" time="0.004" /><testcase classname="tests.test_desktop.TestLauncherApp" name="test_show_window" file="tests\test_desktop.py" line="683" time="0.004" /><testcase classname="tests.test_desktop.TestLauncherApp" name="test_hide_window" file="tests\test_desktop.py" line="688" time="0.005" /><testcase classname="tests.test_desktop.TestLauncherApp" name="test_stats_polling_updates_vars" file="tests\test_desktop.py" line="693" time="0.004" /><testcase classname="tests.test_desktop.TestLauncherApp" name="test_handle_quit_stops_daemon" file="tests\test_desktop.py" line="708" time="0.004" /><testcase classname="tests.test_desktop.TestLauncherApp" name="test_start_daemon_creates_thread" file="tests\test_desktop.py" line="718" time="0.006" /><testcase classname="tests.test_desktop.TestLauncherApp" name="test_handle_start_ignored_while_running" file="tests\test_desktop.py" line="752" time="0.004" /><testcase classname="tests.test_desktop.TestLauncherApp" name="test_start_stats_polling_idempotent" file="tests\test_desktop.py" line="763" time="0.004" /><testcase classname="tests.test_desktop.TestLauncherApp" name="test_on_daemon_stopped_stops_tray_binding" file="tests\test_desktop.py" line="770" time="0.410" /><testcase classname="tests.test_desktop.TestLauncherApp" name="test_append_feed_line_schedules_after" file="tests\test_desktop.py" line="778" time="0.004" /><testcase classname="tests.test_desktop.TestLauncherApp" name="test_do_append_feed_inserts_text" file="tests\test_desktop.py" line="784" time="0.005" /><testcase classname="tests.test_desktop.TestLauncherApp" name="test_feed_text_widget_exists" file="tests\test_desktop.py" line="794" time="0.004" /><testcase classname="tests.test_desktop.TestLauncherApp" name="test_feed_frame_exists" file="tests\test_desktop.py" line="799" time="0.004" /><testcase classname="tests.test_desktop.TestLauncherApp" name="test_provider_var_exists" file="tests\test_desktop.py" line="804" time="0.004" /><testcase classname="tests.test_desktop.TestLauncherApp" name="test_stats_polling_updates_provider" file="tests\test_desktop.py" line="809" time="0.004" /><testcase classname="tests.test_desktop.TestLauncherAddFiles" name="test_init_does_not_crash" file="tests\test_desktop.py" line="637" time="0.004" /><testcase classname="tests.test_desktop.TestLauncherAddFiles" name="test_title_set" file="tests\test_desktop.py" line="641" time="0.004" /><testcase classname="tests.test_desktop.TestLauncherAddFiles" name="test_default_universe_path" file="tests\test_desktop.py" line="645" time="0.001" /><testcase classname="tests.test_desktop.TestLauncherAddFiles" name="test_universe_path_property" file="tests\test_desktop.py" line="649" time="0.004" /><testcase classname="tests.test_desktop.TestLauncherAddFiles" name="test_status_default" file="tests\test_desktop.py" line="654" time="0.004" /><testcase classname="tests.test_desktop.TestLauncherAddFiles" name="test_handle_start_calls_callback" file="tests\test_desktop.py" line="659" time="0.004" /><testcase classname="tests.test_desktop.TestLauncherAddFiles" name="test_handle_start_no_callback" file="tests\test_desktop.py" line="669" time="0.004" /><testcase classname="tests.test_desktop.TestLauncherAddFiles" name="test_handle_quit" file="tests\test_desktop.py" line="674" time="0.005" /><testcase classname="tests.test_desktop.TestLauncherAddFiles" name="test_geometry" file="tests\test_desktop.py" line="679" time="0.004" /><testcase classname="tests.test_desktop.TestLauncherAddFiles" name="test_show_window" file="tests\test_desktop.py" line="683" time="0.004" /><testcase classname="tests.test_desktop.TestLauncherAddFiles" name="test_hide_window" file="tests\test_desktop.py" line="688" time="0.004" /><testcase classname="tests.test_desktop.TestLauncherAddFiles" name="test_stats_polling_updates_vars" file="tests\test_desktop.py" line="693" time="0.004" /><testcase classname="tests.test_desktop.TestLauncherAddFiles" name="test_handle_quit_stops_daemon" file="tests\test_desktop.py" line="708" time="0.004" /><testcase classname="tests.test_desktop.TestLauncherAddFiles" name="test_start_daemon_creates_thread" file="tests\test_desktop.py" line="718" time="0.005" /><testcase classname="tests.test_desktop.TestLauncherAddFiles" name="test_handle_start_ignored_while_running" file="tests\test_desktop.py" line="752" time="0.005" /><testcase classname="tests.test_desktop.TestLauncherAddFiles" name="test_start_stats_polling_idempotent" file="tests\test_desktop.py" line="763" time="0.004" /><testcase classname="tests.test_desktop.TestLauncherAddFiles" name="test_on_daemon_stopped_stops_tray_binding" file="tests\test_desktop.py" line="770" time="0.004" /><testcase classname="tests.test_desktop.TestLauncherAddFiles" name="test_append_feed_line_schedules_after" file="tests\test_desktop.py" line="778" time="0.005" /><testcase classname="tests.test_desktop.TestLauncherAddFiles" name="test_do_append_feed_inserts_text" file="tests\test_desktop.py" line="784" time="0.005" /><testcase classname="tests.test_desktop.TestLauncherAddFiles" name="test_feed_text_widget_exists" file="tests\test_desktop.py" line="794" time="0.004" /><testcase classname="tests.test_desktop.TestLauncherAddFiles" name="test_feed_frame_exists" file="tests\test_desktop.py" line="799" time="0.004" /><testcase classname="tests.test_desktop.TestLauncherAddFiles" name="test_provider_var_exists" file="tests\test_desktop.py" line="804" time="0.004" /><testcase classname="tests.test_desktop.TestLauncherAddFiles" name="test_stats_polling_updates_provider" file="tests\test_desktop.py" line="809" time="0.004" /><testcase classname="tests.test_desktop.TestLauncherAddFiles" name="test_add_files_btn_exists" file="tests\test_desktop.py" line="837" time="0.004" /><testcase classname="tests.test_desktop.TestLauncherAddFiles" name="test_handle_add_files_no_selection" file="tests\test_desktop.py" line="841" time="0.004" /><testcase classname="tests.test_desktop.TestLauncherAddFiles" name="test_handle_add_files_copies_to_canon" file="tests\test_desktop.py" line="850" time="0.018" /><testcase classname="tests.test_desktop.TestLauncherAddFiles" name="test_handle_add_files_creates_canon_dir" file="tests\test_desktop.py" line="869" time="0.010" /><testcase classname="tests.test_desktop.TestLauncherAddFiles" name="test_handle_add_files_shows_feed_message" file="tests\test_desktop.py" line="886" time="0.011" /><testcase classname="tests.test_desktop.TestLauncherReload" name="test_init_does_not_crash" file="tests\test_desktop.py" line="637" time="0.004" /><testcase classname="tests.test_desktop.TestLauncherReload" name="test_title_set" file="tests\test_desktop.py" line="641" time="0.004" /><testcase classname="tests.test_desktop.TestLauncherReload" name="test_default_universe_path" file="tests\test_desktop.py" line="645" time="0.001" /><testcase classname="tests.test_desktop.TestLauncherReload" name="test_universe_path_property" file="tests\test_desktop.py" line="649" time="0.004" /><testcase classname="tests.test_desktop.TestLauncherReload" name="test_status_default" file="tests\test_desktop.py" line="654" time="0.004" /><testcase classname="tests.test_desktop.TestLauncherReload" name="test_handle_start_calls_callback" file="tests\test_desktop.py" line="659" time="0.004" /><testcase classname="tests.test_desktop.TestLauncherReload" name="test_handle_start_no_callback" file="tests\test_desktop.py" line="669" time="0.004" /><testcase classname="tests.test_desktop.TestLauncherReload" name="test_handle_quit" file="tests\test_desktop.py" line="674" time="0.005" /><testcase classname="tests.test_desktop.TestLauncherReload" name="test_geometry" file="tests\test_desktop.py" line="679" time="0.004" /><testcase classname="tests.test_desktop.TestLauncherReload" name="test_show_window" file="tests\test_desktop.py" line="683" time="0.004" /><testcase classname="tests.test_desktop.TestLauncherReload" name="test_hide_window" file="tests\test_desktop.py" line="688" time="0.005" /><testcase classname="tests.test_desktop.TestLauncherReload" name="test_stats_polling_updates_vars" file="tests\test_desktop.py" line="693" time="0.004" /><testcase classname="tests.test_desktop.TestLauncherReload" name="test_handle_quit_stops_daemon" file="tests\test_desktop.py" line="708" time="0.004" /><testcase classname="tests.test_desktop.TestLauncherReload" name="test_start_daemon_creates_thread" file="tests\test_desktop.py" line="718" time="0.076" /><testcase classname="tests.test_desktop.TestLauncherReload" name="test_handle_start_ignored_while_running" file="tests\test_desktop.py" line="752" time="0.004" /><testcase classname="tests.test_desktop.TestLauncherReload" name="test_start_stats_polling_idempotent" file="tests\test_desktop.py" line="763" time="0.005" /><testcase classname="tests.test_desktop.TestLauncherReload" name="test_on_daemon_stopped_stops_tray_binding" file="tests\test_desktop.py" line="770" time="0.004" /><testcase classname="tests.test_desktop.TestLauncherReload" name="test_append_feed_line_schedules_after" file="tests\test_desktop.py" line="778" time="0.004" /><testcase classname="tests.test_desktop.TestLauncherReload" name="test_do_append_feed_inserts_text" file="tests\test_desktop.py" line="784" time="0.004" /><testcase classname="tests.test_desktop.TestLauncherReload" name="test_feed_text_widget_exists" file="tests\test_desktop.py" line="794" time="0.004" /><testcase classname="tests.test_desktop.TestLauncherReload" name="test_feed_frame_exists" file="tests\test_desktop.py" line="799" time="0.004" /><testcase classname="tests.test_desktop.TestLauncherReload" name="test_provider_var_exists" file="tests\test_desktop.py" line="804" time="0.004" /><testcase classname="tests.test_desktop.TestLauncherReload" name="test_stats_polling_updates_provider" file="tests\test_desktop.py" line="809" time="0.004" /><testcase classname="tests.test_desktop.TestLauncherReload" name="test_reload_btn_exists" file="tests\test_desktop.py" line="911" time="0.004" /><testcase classname="tests.test_desktop.TestLauncherReload" name="test_reload_btn_disabled_initially" file="tests\test_desktop.py" line="915" time="0.004" /><testcase classname="tests.test_desktop.TestLauncherReload" name="test_reload_btn_enabled_after_start" file="tests\test_desktop.py" line="921" time="0.004" /><testcase classname="tests.test_desktop.TestLauncherReload" name="test_reload_btn_disabled_after_daemon_stopped" file="tests\test_desktop.py" line="926" time="0.004" /><testcase classname="tests.test_desktop.TestLauncherReload" name="test_on_daemon_stopped_skipped_during_reload" file="tests\test_desktop.py" line="932" time="0.004" /><testcase classname="tests.test_desktop.TestLauncherReload" name="test_classify_changes_code" file="tests\test_desktop.py" line="941" time="0.021" /><testcase classname="tests.test_desktop.TestLauncherReload" name="test_classify_changes_config" file="tests\test_desktop.py" line="949" time="0.004" /><testcase classname="tests.test_desktop.TestLauncherReload" name="test_classify_changes_ui" file="tests\test_desktop.py" line="957" time="0.004" /><testcase classname="tests.test_desktop.TestLauncherReload" name="test_classify_changes_legacy_ui_path" file="tests\test_desktop.py" line="965" time="0.004" /><testcase classname="tests.test_desktop.TestLauncherReload" name="test_classify_changes_ui_and_code_returns_code" file="tests\test_desktop.py" line="973" time="0.004" /><testcase classname="tests.test_desktop.TestLauncherReload" name="test_classify_changes_none" file="tests\test_desktop.py" line="984" time="0.009" /><testcase classname="tests.test_desktop.TestLauncherReload" name="test_classify_changes_git_failure" file="tests\test_desktop.py" line="992" time="0.004" /><testcase classname="tests.test_desktop.TestLauncherReload" name="test_classify_changes_git_exception" file="tests\test_desktop.py" line="999" time="0.005" /><testcase classname="tests.test_desktop.TestLauncherReload" name="test_do_reload_config" file="tests\test_desktop.py" line="1007" time="0.007" /><testcase classname="tests.test_desktop.TestLauncherReload" name="test_do_reload_ui" file="tests\test_desktop.py" line="1015" time="0.007" /><testcase classname="tests.test_desktop.TestLauncherReload" name="test_do_reload_code_stops_daemon" file="tests\test_desktop.py" line="1022" time="0.011" /><testcase classname="tests.test_desktop.TestLauncherReload" name="test_reimport_modules" file="tests\test_desktop.py" line="1034" time="0.010" /><testcase classname="tests.test_desktop.TestLauncherReload" name="test_reimport_modules_handles_failure" file="tests\test_desktop.py" line="1042" time="0.817" /><testcase classname="tests.test_desktop.TestLauncherReload" name="test_finish_reload_restarts_daemon" file="tests\test_desktop.py" line="1051" time="0.203" /><testcase classname="tests.test_desktop.TestLauncherReload" name="test_apply_config_reload_reads_program_md" file="tests\test_desktop.py" line="1067" time="0.019" /><testcase classname="tests.test_desktop.TestLauncherReload" name="test_apply_config_reload_no_daemon" file="tests\test_desktop.py" line="1079" time="0.005" /><testcase classname="tests.test_desktop.TestLauncherReload" name="test_reload_not_running" file="tests\test_desktop.py" line="1085" time="0.004" /><testcase classname="tests.test_desktop.TestLauncherReload" name="test_handle_reload_not_running" file="tests\test_desktop.py" line="1093" time="0.004" /><testcase classname="tests.test_desktop.TestLauncherReload" name="test_reload_failed_restores_state" file="tests\test_desktop.py" line="1101" time="0.004" /><testcase classname="tests.test_desktop.TestLauncherReload" name="test_stop_daemon_for_reload_daemon_already_stopped" file="tests\test_desktop.py" line="1108" time="0.005" /><testcase classname="tests.test_desktop.TestTrayThrottling" name="test_notify_throttle_suppresses_rapid_calls" file="tests\test_desktop.py" line="1127" time="0.001" /><testcase classname="tests.test_desktop.TestTrayThrottling" name="test_notify_throttle_allows_after_cooldown" file="tests\test_desktop.py" line="1140" time="0.001" /><testcase classname="tests.test_desktop.TestTrayThrottling" name="test_notify_no_icon_is_noop" file="tests\test_desktop.py" line="1156" time="0.000" /><testcase classname="tests.test_desktop.TestTrayThrottling" name="test_update_status_throttles_menu_rebuild" file="tests\test_desktop.py" line="1161" time="0.001" /><testcase classname="tests.test_desktop.TestTrayShowWindow" name="test_show_window_callback" file="tests\test_desktop.py" line="1177" time="0.001" /><testcase classname="tests.test_desktop.TestTrayShowWindow" name="test_default_show_window_noop" file="tests\test_desktop.py" line="1184" time="0.001" /><testcase classname="tests.test_desktop.TestTrayShowWindow" name="test_icon_path_accepted" file="tests\test_desktop.py" line="1189" time="0.001" /><testcase classname="tests.test_desktop.TestTrayShowWindow" name="test_load_icon_image_fallback" file="tests\test_desktop.py" line="1194" time="0.001" /><testcase classname="tests.test_desktop.TestTrayShowWindow" name="test_load_icon_image_from_file" file="tests\test_desktop.py" line="1201" time="0.006" /><testcase classname="tests.test_desktop.TestPywLauncher" name="test_pyw_exists" file="tests\test_desktop.py" line="1221" time="0.001" /><testcase classname="tests.test_desktop.TestPywLauncher" name="test_pyw_is_valid_python" file="tests\test_desktop.py" line="1225" time="0.003" /><testcase classname="tests.test_desktop.TestCreateShortcut" name="test_import" file="tests\test_desktop.py" line="1237" time="0.002" /><testcase classname="tests.test_desktop.TestCreateShortcut" name="test_project_root" file="tests\test_desktop.py" line="1240" time="0.001" /><testcase classname="tests.test_desktop.TestCreateShortcut" name="test_pyw_path" file="tests\test_desktop.py" line="1246" time="0.001" /><testcase classname="tests.test_desktop.TestCreateShortcut" name="test_create_bat" file="tests\test_desktop.py" line="1251" time="0.016" /><testcase classname="tests.test_desktop.TestCreateShortcut" name="test_create_shortcut_bat_fallback" file="tests\test_desktop.py" line="1263" time="0.007" /><testcase classname="tests.test_desktop.TestCreateShortcut" name="test_create_shortcut_lnk" file="tests\test_desktop.py" line="1281" time="0.007" /><testcase classname="tests.test_desktop.TestPyprojectEntryPoints" name="test_has_gui_scripts" file="tests\test_desktop.py" line="1312" time="0.001" /><testcase classname="tests.test_desktop.TestPyprojectEntryPoints" name="test_has_cli_scripts" file="tests\test_desktop.py" line="1321" time="0.001" /><testcase classname="tests.test_desktop.TestPyprojectEntryPoints" name="test_has_desktop_optional_deps" file="tests\test_desktop.py" line="1330" time="0.001" /><testcase classname="tests.test_diagnose_prod_startup_workflow" name="test_diagnostic_workflow_is_manual_read_only_and_bounded" file="tests\test_diagnose_prod_startup_workflow.py" line="13" time="0.003" /><testcase classname="tests.test_diagnose_prod_startup_workflow" name="test_diagnostic_workflow_cannot_mutate_or_publish_raw_journal" file="tests\test_diagnose_prod_startup_workflow.py" line="57" time="0.001" /><testcase classname="tests.test_discovery.TestDiscoverEntryPointDomains" name="test_returns_empty_when_no_entry_points" file="tests\test_discovery.py" line="67" time="0.001" /><testcase classname="tests.test_discovery.TestDiscoverEntryPointDomains" name="test_returns_mapping_of_name_to_target" file="tests\test_discovery.py" line="71" time="0.001" /><testcase classname="tests.test_discovery.TestDiscoverEntryPointDomains" name="test_handles_metadata_lookup_failure" file="tests\test_discovery.py" line="82" time="0.001" /><testcase classname="tests.test_discovery.TestDiscoverEntryPointDomains" name="test_skips_entries_without_name_or_value" file="tests\test_discovery.py" line="91" time="0.001" /><testcase classname="tests.test_discovery.TestDiscoverFilesystemDomains" name="test_finds_repo_domains" file="tests\test_discovery.py" line="103" time="0.001" /><testcase classname="tests.test_discovery.TestDiscoverDomainsUnion" name="test_entry_point_only" file="tests\test_discovery.py" line="117" time="0.001" /><testcase classname="tests.test_discovery.TestDiscoverDomainsUnion" name="test_filesystem_only" file="tests\test_discovery.py" line="126" time="0.001" /><testcase classname="tests.test_discovery.TestDiscoverDomainsUnion" name="test_dedup_when_same_name_in_both" file="tests\test_discovery.py" line="136" time="0.001" /><testcase classname="tests.test_discovery.TestDiscoverDomainsUnion" name="test_results_sorted" file="tests\test_discovery.py" line="150" time="0.001" /><testcase classname="tests.test_discovery" name="test_auto_register_uses_entry_point_target" file="tests\test_discovery.py" line="173" time="0.001" /><testcase classname="tests.test_discovery" name="test_auto_register_skips_bad_entry_point_target" file="tests\test_discovery.py" line="203" time="0.001" /><testcase classname="tests.test_discovery" name="test_auto_register_filesystem_fallback_still_works" file="tests\test_discovery.py" line="220" time="0.045" /><testcase classname="tests.test_discovery" name="test_entry_point_group_constant_exposed" file="tests\test_discovery.py" line="238" time="0.001" /><testcase classname="tests.test_disk_autoprune.TestBelowThreshold" name="test_no_prune_when_below" file="tests\test_disk_autoprune.py" line="16" time="0.001" /><testcase classname="tests.test_disk_autoprune.TestBelowThreshold" name="test_just_below_threshold" file="tests\test_disk_autoprune.py" line="32" time="0.001" /><testcase classname="tests.test_disk_autoprune.TestAboveThreshold" name="test_prune_invoked_at_exact_threshold" file="tests\test_disk_autoprune.py" line="46" time="0.001" /><testcase classname="tests.test_disk_autoprune.TestAboveThreshold" name="test_default_reclaim_runs_system_prune_builder_prune_and_journal" file="tests\test_disk_autoprune.py" line="62" time="0.001" /><testcase classname="tests.test_disk_autoprune.TestAboveThreshold" name="test_prune_invoked_well_above" file="tests\test_disk_autoprune.py" line="87" time="0.001" /><testcase classname="tests.test_disk_autoprune.TestDryRun" name="test_dry_run_above_threshold_does_not_invoke_prune" file="tests\test_disk_autoprune.py" line="101" time="0.001" /><testcase classname="tests.test_disk_autoprune.TestPruneFailureSurface" name="test_subprocess_error_returns_2" file="tests\test_disk_autoprune.py" line="117" time="0.001" /><testcase classname="tests.test_disk_autoprune.TestPruneFailureSurface" name="test_prune_nonzero_exit_is_logged_not_masking" file="tests\test_disk_autoprune.py" line="129" time="0.001" /><testcase classname="tests.test_disk_autoprune.TestPruneFailureSurface" name="test_missing_path_is_non_fatal" file="tests\test_disk_autoprune.py" line="140" time="0.001" /><testcase classname="tests.test_disk_autoprune.TestOutputVisibility" name="test_stdout_includes_usage_line" file="tests\test_disk_autoprune.py" line="154" time="0.001" /><testcase classname="tests.test_disk_watch" name="test_below_threshold_returns_0" file="tests\test_disk_watch.py" line="22" time="0.001" /><testcase classname="tests.test_disk_watch" name="test_above_threshold_dry_run_returns_1" file="tests\test_disk_watch.py" line="32" time="0.001" /><testcase classname="tests.test_disk_watch" name="test_above_threshold_opens_issue" file="tests\test_disk_watch.py" line="42" time="0.001" /><testcase classname="tests.test_disk_watch" name="test_above_threshold_no_token_still_returns_1" file="tests\test_disk_watch.py" line="61" time="0.001" /><testcase classname="tests.test_disk_watch" name="test_path_not_found_returns_0" file="tests\test_disk_watch.py" line="72" time="0.001" /><testcase classname="tests.test_disk_watch" name="test_exactly_at_threshold_is_ok" file="tests\test_disk_watch.py" line="86" time="0.001" /><testcase classname="tests.test_disk_watch" name="test_issue_fn_called_with_correct_args" file="tests\test_disk_watch.py" line="98" time="0.001" /><testcase classname="tests.test_disk_watch" name="test_ship_logs_service_exists" file="tests\test_disk_watch.py" line="122" time="0.001" /><testcase classname="tests.test_disk_watch" name="test_ship_logs_service_is_oneshot" file="tests\test_disk_watch.py" line="126" time="0.008" /><testcase classname="tests.test_disk_watch" name="test_ship_logs_service_invokes_ship_logs_sh" file="tests\test_disk_watch.py" line="131" time="0.001" /><testcase classname="tests.test_disk_watch" name="test_ship_logs_service_sources_env_file" file="tests\test_disk_watch.py" line="136" time="0.001" /><testcase classname="tests.test_disk_watch" name="test_ship_logs_timer_exists" file="tests\test_disk_watch.py" line="146" time="0.001" /><testcase classname="tests.test_disk_watch" name="test_ship_logs_timer_is_hourly" file="tests\test_disk_watch.py" line="150" time="0.008" /><testcase classname="tests.test_disk_watch" name="test_ship_logs_timer_has_install_section" file="tests\test_disk_watch.py" line="157" time="0.001" /><testcase classname="tests.test_disk_watch" name="test_ship_logs_timer_persistent" file="tests\test_disk_watch.py" line="163" time="0.001" /><testcase classname="tests.test_disk_watch" name="test_disk_watch_service_exists" file="tests\test_disk_watch.py" line="173" time="0.001" /><testcase classname="tests.test_disk_watch" name="test_disk_watch_service_is_oneshot" file="tests\test_disk_watch.py" line="177" time="0.001" /><testcase classname="tests.test_disk_watch" name="test_disk_watch_service_invokes_disk_watch_py" file="tests\test_disk_watch.py" line="182" time="0.001" /><testcase classname="tests.test_disk_watch" name="test_disk_watch_service_sources_env_file" file="tests\test_disk_watch.py" line="187" time="0.001" /><testcase classname="tests.test_disk_watch" name="test_disk_watch_service_accepts_alert_exit_and_preserves_remediation_order" file="tests\test_disk_watch.py" line="192" time="0.001" /><testcase classname="tests.test_disk_watch" name="test_disk_watch_timer_exists" file="tests\test_disk_watch.py" line="222" time="0.001" /><testcase classname="tests.test_disk_watch" name="test_disk_watch_timer_is_daily" file="tests\test_disk_watch.py" line="226" time="0.002" /><testcase classname="tests.test_disk_watch" name="test_disk_watch_timer_has_install_section" file="tests\test_disk_watch.py" line="233" time="0.001" /><testcase classname="tests.test_disk_watch" name="test_disk_watch_timer_persistent" file="tests\test_disk_watch.py" line="239" time="0.001" /><testcase classname="tests.test_dispatch_execution" name="test_scene_direction_routes_to_run_book" file="tests\test_dispatch_execution.py" line="52" time="0.001" /><testcase classname="tests.test_dispatch_execution" name="test_revision_routes_to_run_book" file="tests\test_dispatch_execution.py" line="57" time="0.001" /><testcase classname="tests.test_dispatch_execution" name="test_canon_change_routes_to_worldbuild" file="tests\test_dispatch_execution.py" line="62" time="0.001" /><testcase classname="tests.test_dispatch_execution" name="test_branch_proposal_routes_to_worldbuild" file="tests\test_dispatch_execution.py" line="67" time="0.000" /><testcase classname="tests.test_dispatch_execution" name="test_general_falls_through_to_legacy_logic" file="tests\test_dispatch_execution.py" line="72" time="0.000" /><testcase classname="tests.test_dispatch_execution" name="test_unknown_request_type_falls_through" file="tests\test_dispatch_execution.py" line="77" time="0.000" /><testcase classname="tests.test_dispatch_execution" name="test_missing_request_type_preserves_legacy_role_routing" file="tests\test_dispatch_execution.py" line="82" time="0.000" /><testcase classname="tests.test_dispatch_execution" name="test_request_type_overrides_intent_keywords" file="tests\test_dispatch_execution.py" line="87" time="0.000" /><testcase classname="tests.test_dispatch_execution" name="test_canon_change_overrides_publishable_default" file="tests\test_dispatch_execution.py" line="95" time="0.000" /><testcase classname="tests.test_dispatch_execution" name="test_idle_when_no_target_and_no_intent" file="tests\test_dispatch_execution.py" line="100" time="0.000" /><testcase classname="tests.test_dispatch_execution" name="test_reflect_keyword_still_works_without_request_type" file="tests\test_dispatch_execution.py" line="104" time="0.000" /><testcase classname="tests.test_dispatch_execution" name="test_worldbuild_keyword_still_works_without_request_type" file="tests\test_dispatch_execution.py" line="109" time="0.000" /><testcase classname="tests.test_dispatch_execution" name="test_publishable_target_no_request_type_runs_book" file="tests\test_dispatch_execution.py" line="114" time="0.000" /><testcase classname="tests.test_dispatch_execution" name="test_reflect_with_no_target_routes_to_reflect" file="tests\test_dispatch_execution.py" line="119" time="0.000" /><testcase classname="tests.test_dispatcher_queue" name="test_branch_task_roundtrip_dict" file="tests\test_dispatcher_queue.py" line="167" time="0.001" /><testcase classname="tests.test_dispatcher_queue" name="test_read_queue_missing_file_returns_empty" file="tests\test_dispatcher_queue.py" line="174" time="0.006" /><testcase classname="tests.test_dispatcher_queue" name="test_read_queue_corrupt_json_raises" file="tests\test_dispatcher_queue.py" line="178" time="0.020" /><testcase classname="tests.test_dispatcher_queue" name="test_append_task_preserves_ordering" file="tests\test_dispatcher_queue.py" line="185" time="0.035" /><testcase classname="tests.test_dispatcher_queue" name="test_claim_task_idempotent" file="tests\test_dispatcher_queue.py" line="195" time="0.027" /><testcase classname="tests.test_dispatcher_queue" name="test_mark_status_valid_transitions" file="tests\test_dispatcher_queue.py" line="206" time="0.035" /><testcase classname="tests.test_dispatcher_queue" name="test_mark_status_invalid_transition_raises" file="tests\test_dispatcher_queue.py" line="215" time="0.018" /><testcase classname="tests.test_dispatcher_queue" name="test_file_lock_race" file="tests\test_dispatcher_queue.py" line="223" time="5.316" /><testcase classname="tests.test_dispatcher_queue" name="test_tier_weight_dominates_user_boost" file="tests\test_dispatcher_queue.py" line="263" time="0.001" /><testcase classname="tests.test_dispatcher_queue" name="test_recency_decay_within_tier" file="tests\test_dispatcher_queue.py" line="275" time="0.001" /><testcase classname="tests.test_dispatcher_queue" name="test_user_boost_within_tier" file="tests\test_dispatcher_queue.py" line="288" time="0.001" /><testcase classname="tests.test_dispatcher_queue" name="test_deferred_coefficients_zero_until_paid_market_enabled" file="tests\test_dispatcher_queue.py" line="300" time="0.000" /><testcase classname="tests.test_dispatcher_queue" name="test_dispatcher_determinism" file="tests\test_dispatcher_queue.py" line="315" time="0.039" /><testcase classname="tests.test_dispatcher_queue" name="test_select_next_empty_queue_returns_none" file="tests\test_dispatcher_queue.py" line="327" time="0.006" /><testcase classname="tests.test_dispatcher_queue" name="test_legacy_queue_cannot_select_forged_operator_tier" file="tests\test_dispatcher_queue.py" line="332" time="0.006" /><testcase classname="tests.test_dispatcher_queue" name="test_v2_selector_merges_epochs_without_mutating_either" file="tests\test_dispatcher_queue.py" line="345" time="0.068" /><testcase classname="tests.test_dispatcher_queue" name="test_mixed_invalid_epoch2_rows_never_execute_or_block_valid_epochs" file="tests\test_dispatcher_queue.py" line="394" time="0.107" /><testcase classname="tests.test_dispatcher_queue" name="test_select_next_skips_tasks_directed_to_other_daemon" file="tests\test_dispatcher_queue.py" line="546" time="0.104" /><testcase classname="tests.test_dispatcher_queue" name="test_soul_guided_dispatch_read_boosts_matching_open_brain_task" file="tests\test_dispatcher_queue.py" line="592" time="0.116" /><testcase classname="tests.test_dispatcher_queue" name="test_submit_host_without_grant_queues_user_request" file="tests\test_dispatcher_queue.py" line="706" time="0.072" /><testcase classname="tests.test_dispatcher_queue" name="test_submit_request_as_non_host_queues_user_request" file="tests\test_dispatcher_queue.py" line="719" time="0.067" /><testcase classname="tests.test_dispatcher_queue" name="test_submit_creates_both_request_and_branch_task" file="tests\test_dispatcher_queue.py" line="731" time="0.078" /><testcase classname="tests.test_dispatcher_queue" name="test_submit_8kib_cap_still_enforced" file="tests\test_dispatcher_queue.py" line="744" time="0.052" /><testcase classname="tests.test_dispatcher_queue" name="test_submit_host_without_grant_priority_weight_is_rejected" file="tests\test_dispatcher_queue.py" line="752" time="0.058" /><testcase classname="tests.test_dispatcher_queue" name="test_submit_non_host_priority_weight_is_rejected" file="tests\test_dispatcher_queue.py" line="768" time="0.059" /><testcase classname="tests.test_dispatcher_queue" name="test_submit_negative_priority_weight_rejected" file="tests\test_dispatcher_queue.py" line="778" time="0.049" /><testcase classname="tests.test_dispatcher_queue" name="test_dispatcher_flag_matrix_observational_safe[off-off]" file="tests\test_dispatcher_queue.py" line="793" time="0.019" /><testcase classname="tests.test_dispatcher_queue" name="test_dispatcher_flag_matrix_observational_safe[off-on]" file="tests\test_dispatcher_queue.py" line="793" time="0.016" /><testcase classname="tests.test_dispatcher_queue" name="test_dispatcher_flag_matrix_observational_safe[on-off]" file="tests\test_dispatcher_queue.py" line="793" time="0.020" /><testcase classname="tests.test_dispatcher_queue" name="test_dispatcher_flag_matrix_observational_safe[on-on]" file="tests\test_dispatcher_queue.py" line="793" time="0.017" /><testcase classname="tests.test_dispatcher_queue" name="test_dispatcher_flag_off_returns_no_observation_logs" file="tests\test_dispatcher_queue.py" line="824" time="0.007" /><testcase classname="tests.test_dispatcher_queue" name="test_dispatcher_enabled_flag_defaults_on" file="tests\test_dispatcher_queue.py" line="842" time="0.001" /><testcase classname="tests.test_dispatcher_queue" name="test_dispatcher_enabled_flag_off_respected" file="tests\test_dispatcher_queue.py" line="847" time="0.001" /><testcase classname="tests.test_dispatcher_queue" name="test_empty_queue_fallback_dispatcher_returns_none" file="tests\test_dispatcher_queue.py" line="853" time="0.006" /><testcase classname="tests.test_dispatcher_queue" name="test_dispatcher_observe_does_not_raise_on_corrupt_queue" file="tests\test_dispatcher_queue.py" line="860" time="0.031" /><testcase classname="tests.test_dispatcher_queue" name="test_recover_claimed_tasks_resets_running_to_pending" file="tests\test_dispatcher_queue.py" line="878" time="0.035" /><testcase classname="tests.test_dispatcher_queue" name="test_branch_tasks_json_survives_controller_lifecycle" file="tests\test_dispatcher_queue.py" line="899" time="0.040" /><testcase classname="tests.test_dispatcher_queue" name="test_gc_archives_old_terminal_tasks" file="tests\test_dispatcher_queue.py" line="912" time="0.099" /><testcase classname="tests.test_dispatcher_queue" name="test_gc_preserves_pending_and_running_regardless_of_age" file="tests\test_dispatcher_queue.py" line="955" time="0.026" /><testcase classname="tests.test_dispatcher_queue" name="test_gc_corrupt_archive_fails_without_replacing_archive_or_live_queue" file="tests\test_dispatcher_queue.py" line="974" time="0.032" /><testcase classname="tests.test_dispatcher_queue" name="test_gc_blank_live_queue_fails_without_mutation[]" file="tests\test_dispatcher_queue.py" line="996" time="0.007" /><testcase classname="tests.test_dispatcher_queue" name="test_gc_blank_live_queue_fails_without_mutation[ \n\t]" file="tests\test_dispatcher_queue.py" line="996" time="0.006" /><testcase classname="tests.test_dispatcher_queue" name="test_gc_blank_archive_fails_without_mutating_live_or_archive[]" file="tests\test_dispatcher_queue.py" line="1009" time="0.023" /><testcase classname="tests.test_dispatcher_queue" name="test_gc_blank_archive_fails_without_mutating_live_or_archive[ \n\t]" file="tests\test_dispatcher_queue.py" line="1009" time="0.023" /><testcase classname="tests.test_dispatcher_queue" name="test_gc_interrupted_archive_first_move_converges_without_duplicate" file="tests\test_dispatcher_queue.py" line="1032" time="0.039" /><testcase classname="tests.test_dispatcher_queue" name="test_invariant_2_cancel_branch_task_preserves_work_target" file="tests\test_dispatcher_queue.py" line="1062" time="0.077" /><testcase classname="tests.test_dispatcher_queue" name="test_invariant_3_dispatcher_does_not_call_producers" file="tests\test_dispatcher_queue.py" line="1086" time="0.021" /><testcase classname="tests.test_dispatcher_queue" name="test_invariant_3_producer_boundary_each_called_exactly_once" file="tests\test_dispatcher_queue.py" line="1124" time="0.006" /><testcase classname="tests.test_dispatcher_queue" name="test_invariant_9_positive_priority_never_silently_demotes" file="tests\test_dispatcher_queue.py" line="1183" time="0.056" /><testcase classname="tests.test_dispatcher_queue" name="test_queue_list_returns_sorted_scored_queue" file="tests\test_dispatcher_queue.py" line="1205" time="0.098" /><testcase classname="tests.test_dispatcher_queue" name="test_queue_list_merges_epoch2_without_exposing_request_text" file="tests\test_dispatcher_queue.py" line="1230" time="0.142" /><testcase classname="tests.test_dispatcher_queue" name="test_queue_list_discloses_staged_epoch2_consumer_not_ready" file="tests\test_dispatcher_queue.py" line="1348" time="0.062" /><testcase classname="tests.test_dispatcher_queue" name="test_queue_list_preserves_v1_when_epoch2_read_fails" file="tests\test_dispatcher_queue.py" line="1373" time="0.060" /><testcase classname="tests.test_dispatcher_queue" name="test_queue_list_marks_bounded_operational_counts_incomplete" file="tests\test_dispatcher_queue.py" line="1411" time="0.050" /><testcase classname="tests.test_dispatcher_queue" name="test_queue_list_restricts_exact_unscoped_integrity_count_to_admin" file="tests\test_dispatcher_queue.py" line="1463" time="0.078" /><testcase classname="tests.test_dispatcher_queue" name="test_queue_list_capacity_is_specific_to_directed_daemon" file="tests\test_dispatcher_queue.py" line="1511" time="0.127" /><testcase classname="tests.test_dispatcher_queue" name="test_queue_cancel_on_running_task_with_explicit_grant_requests_cancel" file="tests\test_dispatcher_queue.py" line="1614" time="0.088" /><testcase classname="tests.test_dispatcher_queue" name="test_queue_cancel_on_running_task_as_owner_requests_cancel" file="tests\test_dispatcher_queue.py" line="1650" time="0.092" /><testcase classname="tests.test_dispatcher_queue" name="test_queue_cancel_on_running_task_unauthorized" file="tests\test_dispatcher_queue.py" line="1673" time="0.076" /><testcase classname="tests.test_dispatcher_queue" name="test_queue_cancel_missing_id_rejects" file="tests\test_dispatcher_queue.py" line="1699" time="0.001" /><testcase classname="tests.test_dispatcher_queue" name="test_tier_status_map_reflects_stubbed_vs_live" file="tests\test_dispatcher_queue.py" line="1706" time="0.001" /><testcase classname="tests.test_dispatcher_queue" name="test_load_dispatcher_config_missing_file_returns_defaults" file="tests\test_dispatcher_queue.py" line="1732" time="0.005" /><testcase classname="tests.test_dispatcher_queue" name="test_load_dispatcher_config_reads_yaml_overrides" file="tests\test_dispatcher_queue.py" line="1738" time="0.013" /><testcase classname="tests.test_dispatcher_queue" name="test_directed_owner_boost_is_additive_without_tier_relabel" file="tests\test_dispatcher_queue.py" line="1754" time="0.001" /><testcase classname="tests.test_dispatcher_queue" name="test_archive_after_days_override" file="tests\test_dispatcher_queue.py" line="1780" time="0.028" /><testcase classname="tests.test_dispatcher_queue" name="test_default_archive_constant_matches_spec" file="tests\test_dispatcher_queue.py" line="1795" time="0.001" /><testcase classname="tests.test_dispatcher_queue" name="test_queue_filename_constants_match_spec" file="tests\test_dispatcher_queue.py" line="1800" time="0.001" /><testcase classname="tests.test_distributed_execution_authority" name="test_epoch2_claim_remains_outside_execution_while_consumer_gate_is_closed" file="tests\test_distributed_execution_authority.py" line="202" time="0.153" /><testcase classname="tests.test_distributed_execution_authority" name="test_signed_execution_record_domains_cannot_promote_into_one_another" file="tests\test_distributed_execution_authority.py" line="245" time="0.044" /><testcase classname="tests.test_distributed_execution_authority" name="test_queue_admission_and_provider_receipts_cannot_be_signed_as_b2_authority" file="tests\test_distributed_execution_authority.py" line="289" time="0.060" /><testcase classname="tests.test_distributed_execution_authority" name="test_epoch2_heartbeat_row_cannot_be_signed_as_b2_authority" file="tests\test_distributed_execution_authority.py" line="326" time="0.063" /><testcase classname="tests.test_distributed_execution_d0" name="test_d0_fake_authority_spine_replays_the_same_terminal_after_restart" file="tests\test_distributed_execution_d0.py" line="152" time="0.064" /><testcase classname="tests.test_distributed_execution_d0" name="test_coherently_resigned_terminal_mutation_fails_at_the_binding_sink" file="tests\test_distributed_execution_d0.py" line="183" time="0.034" /><testcase classname="tests.test_distributed_execution_d0" name="test_coherently_resigned_terminal_cannot_predate_capsule_issuance" file="tests\test_distributed_execution_d0.py" line="204" time="0.031" /><testcase classname="tests.test_distributed_execution_d0" name="test_candidate_requires_one_exact_m2_proven_result_blob" file="tests\test_distributed_execution_d0.py" line="228" time="0.055" /><testcase classname="tests.test_distributed_execution_d0" name="test_candidate_sink_rejects_forged_verified_wrapper_and_expired_grant" file="tests\test_distributed_execution_d0.py" line="276" time="0.029" /><testcase classname="tests.test_distributed_execution_d0" name="test_d0_restart_rejects_erased_database_or_external_marker[execution-authority.sqlite3]" file="tests\test_distributed_execution_d0.py" line="306" time="0.013" /><testcase classname="tests.test_distributed_execution_d0" name="test_d0_restart_rejects_erased_database_or_external_marker[.d0-authority-initialized]" file="tests\test_distributed_execution_d0.py" line="306" time="0.014" /><testcase classname="tests.test_dns_canary" name="test_hostname_resolves[tinyassets.io]" file="tests\test_dns_canary.py" line="71" time="0.042" /><testcase classname="tests.test_dns_canary" name="test_hostname_resolves[mcp.tinyassets.io]" file="tests\test_dns_canary.py" line="71" time="0.048" /><testcase classname="tests.test_dns_canary" name="test_hostname_resolves_to_public_ip[tinyassets.io]" file="tests\test_dns_canary.py" line="83" time="0.001" /><testcase classname="tests.test_dns_canary" name="test_hostname_resolves_to_public_ip[mcp.tinyassets.io]" file="tests\test_dns_canary.py" line="83" time="0.001" /><testcase classname="tests.test_dns_canary" name="test_hostname_resolves_within_latency_limit[tinyassets.io]" file="tests\test_dns_canary.py" line="99" time="0.001" /><testcase classname="tests.test_dns_canary" name="test_hostname_resolves_within_latency_limit[mcp.tinyassets.io]" file="tests\test_dns_canary.py" line="99" time="0.001" /><testcase classname="tests.test_dns_canary" name="test_is_private_loopback" file="tests\test_dns_canary.py" line="118" time="0.000" /><testcase classname="tests.test_dns_canary" name="test_is_private_rfc1918" file="tests\test_dns_canary.py" line="122" time="0.001" /><testcase classname="tests.test_dns_canary" name="test_is_private_public_ip" file="tests\test_dns_canary.py" line="128" time="0.000" /><testcase classname="tests.test_dns_canary" name="test_is_private_link_local" file="tests\test_dns_canary.py" line="133" time="0.001" /><testcase classname="tests.test_dns_canary" name="test_is_private_ipv6_loopback" file="tests\test_dns_canary.py" line="137" time="0.000" /><testcase classname="tests.test_dns_canary" name="test_is_private_public_ipv6" file="tests\test_dns_canary.py" line="141" time="0.000" /><testcase classname="tests.test_dns_canary_workflow" name="test_dns_canary_yml_parses" file="tests\test_dns_canary_workflow.py" line="64" time="0.004" /><testcase classname="tests.test_dns_canary_workflow" name="test_has_schedule_trigger" file="tests\test_dns_canary_workflow.py" line="72" time="0.004" /><testcase classname="tests.test_dns_canary_workflow" name="test_has_workflow_dispatch_trigger" file="tests\test_dns_canary_workflow.py" line="78" time="0.003" /><testcase classname="tests.test_dns_canary_workflow" name="test_no_push_trigger" file="tests\test_dns_canary_workflow.py" line="84" time="0.004" /><testcase classname="tests.test_dns_canary_workflow" name="test_no_pull_request_trigger" file="tests\test_dns_canary_workflow.py" line="90" time="0.004" /><testcase classname="tests.test_dns_canary_workflow" name="test_dns_check_job_present" file="tests\test_dns_canary_workflow.py" line="100" time="0.003" /><testcase classname="tests.test_dns_canary_workflow" name="test_alarm_sink_job_present" file="tests\test_dns_canary_workflow.py" line="105" time="0.003" /><testcase classname="tests.test_dns_canary_workflow" name="test_dns_check_uses_socket" file="tests\test_dns_canary_workflow.py" line="114" time="0.001" /><testcase classname="tests.test_dns_canary_workflow" name="test_dns_check_does_not_invoke_pytest" file="tests\test_dns_canary_workflow.py" line="119" time="0.001" /><testcase classname="tests.test_dns_canary_workflow" name="test_dns_check_probes_tinyassets_io" file="tests\test_dns_canary_workflow.py" line="127" time="0.001" /><testcase classname="tests.test_dns_canary_workflow" name="test_dns_check_probes_mcp_tinyassets_io" file="tests\test_dns_canary_workflow.py" line="132" time="0.001" /><testcase classname="tests.test_dns_canary_workflow" name="test_alarm_sink_workflow_id_is_literal_filename" file="tests\test_dns_canary_workflow.py" line="141" time="0.001" /><testcase classname="tests.test_dns_canary_workflow" name="test_alarm_sink_does_not_use_context_workflow" file="tests\test_dns_canary_workflow.py" line="149" time="0.001" /><testcase classname="tests.test_dns_canary_workflow" name="test_alarm_sink_fires_always" file="tests\test_dns_canary_workflow.py" line="160" time="0.004" /><testcase classname="tests.test_dns_canary_workflow" name="test_dns_check_propagates_published_red_as_job_failure" file="tests\test_dns_canary_workflow.py" line="169" time="2.962" /><testcase classname="tests.test_dns_canary_workflow" name="test_alarm_sink_opens_issue_on_consecutive_red" file="tests\test_dns_canary_workflow.py" line="224" time="0.001" /><testcase classname="tests.test_dns_canary_workflow" name="test_alarm_sink_closes_issue_on_green" file="tests\test_dns_canary_workflow.py" line="229" time="0.001" /><testcase classname="tests.test_dns_canary_workflow" name="test_alarm_sink_checks_previous_run_was_red" file="tests\test_dns_canary_workflow.py" line="235" time="0.001" /><testcase classname="tests.test_dns_canary_workflow" name="test_alarm_sink_uses_dns_red_label" file="tests\test_dns_canary_workflow.py" line="244" time="0.001" /><testcase classname="tests.test_dns_canary_workflow" name="test_dns_red_label_in_env_block" file="tests\test_dns_canary_workflow.py" line="249" time="0.004" /><testcase classname="tests.test_dns_canary_workflow" name="test_no_checkout_step_in_dns_check" file="tests\test_dns_canary_workflow.py" line="259" time="0.004" /><testcase classname="tests.test_dns_canary_workflow" name="test_no_setup_python_step_in_dns_check" file="tests\test_dns_canary_workflow.py" line="267" time="0.004" /><testcase classname="tests.test_dns_canary_workflow" name="test_uptime_canary_workflow_id_is_literal" file="tests\test_dns_canary_workflow.py" line="279" time="0.001" /><testcase classname="tests.test_dns_canary_workflow" name="test_uptime_canary_runs_after_successful_deploy" file="tests\test_dns_canary_workflow.py" line="288" time="0.012" /><testcase classname="tests.test_dns_canary_workflow" name="test_llm_binding_canary_workflow_id_is_literal" file="tests\test_dns_canary_workflow.py" line="304" time="0.001" /><testcase classname="tests.test_do_api_request" name="test_failure_diagnostic_is_fixed_cap_normalized_and_credential_redacted" file="tests\test_do_api_request.py" line="46" time="0.003" /><testcase classname="tests.test_do_api_request" name="test_http_failure_reads_at_most_4096_bytes_and_never_returns_raw_body" file="tests\test_do_api_request.py" line="67" time="0.001" /><testcase classname="tests.test_do_api_request" name="test_request_rejects_non_digitalocean_url_before_opening" file="tests\test_do_api_request.py" line="103" time="0.001" /><testcase classname="tests.test_do_api_request" name="test_success_returns_body_and_sends_bearer_token_without_logging_it" file="tests\test_do_api_request.py" line="124" time="0.001" /><testcase classname="tests.test_docker_entrypoint" name="test_seeds_auth_when_env_set_and_file_missing" file="tests\test_docker_entrypoint.py" line="158" time="0.315" /><testcase classname="tests.test_docker_entrypoint" name="test_preserves_auth_when_env_set_and_file_present" file="tests\test_docker_entrypoint.py" line="184" time="0.182" /><testcase classname="tests.test_docker_entrypoint" name="test_preserves_auth_when_env_unset_and_file_present" file="tests\test_docker_entrypoint.py" line="216" time="0.184" /><testcase classname="tests.test_docker_entrypoint" name="test_seeds_claude_credentials_when_env_set_and_file_missing" file="tests\test_docker_entrypoint.py" line="239" time="0.402" /><testcase classname="tests.test_docker_entrypoint" name="test_preserves_claude_credentials_when_env_set_and_file_present" file="tests\test_docker_entrypoint.py" line="255" time="0.272" /><testcase classname="tests.test_docker_entrypoint" name="test_claude_env_token_used_when_no_credentials_file" file="tests\test_docker_entrypoint.py" line="273" time="0.267" /><testcase classname="tests.test_docker_entrypoint" name="test_claude_warns_when_no_auth_present" file="tests\test_docker_entrypoint.py" line="284" time="0.224" /><testcase classname="tests.test_dockerfile_shape" name="test_dockerfile_installs_codex_npm" file="tests\test_dockerfile_shape.py" line="36" time="0.013" /><testcase classname="tests.test_dockerfile_shape" name="test_dockerfile_installs_claude_code_npm" file="tests\test_dockerfile_shape.py" line="47" time="0.001" /><testcase classname="tests.test_dockerfile_shape" name="test_dockerfile_builder_has_nodejs_for_npm" file="tests\test_dockerfile_shape.py" line="58" time="0.001" /><testcase classname="tests.test_dockerfile_shape" name="test_dockerfile_final_stage_has_nodejs_runtime" file="tests\test_dockerfile_shape.py" line="70" time="0.001" /><testcase classname="tests.test_dockerfile_shape" name="test_dockerfile_base_images_are_digest_pinned" file="tests\test_dockerfile_shape.py" line="86" time="0.001" /><testcase classname="tests.test_dockerfile_shape" name="test_dockerfile_does_not_pipe_remote_installers_to_shell" file="tests\test_dockerfile_shape.py" line="98" time="0.001" /><testcase classname="tests.test_dockerfile_shape" name="test_dockerfile_copies_codex_binary" file="tests\test_dockerfile_shape.py" line="110" time="0.001" /><testcase classname="tests.test_dockerfile_shape" name="test_dockerfile_copies_claude_binary" file="tests\test_dockerfile_shape.py" line="126" time="0.001" /><testcase classname="tests.test_dockerfile_shape" name="test_dockerfile_codex_version_smoke" file="tests\test_dockerfile_shape.py" line="133" time="0.001" /><testcase classname="tests.test_dockerfile_shape" name="test_dockerfile_claude_version_smoke" file="tests\test_dockerfile_shape.py" line="141" time="0.001" /><testcase classname="tests.test_dockerfile_shape" name="test_dockerfile_installs_codex_flock_wrapper" file="tests\test_dockerfile_shape.py" line="154" time="0.001" /><testcase classname="tests.test_dockerfile_shape" name="test_dockerfile_installs_util_linux_for_flock" file="tests\test_dockerfile_shape.py" line="179" time="0.001" /><testcase classname="tests.test_dockerfile_shape" name="test_codex_flock_wrapper_script_present" file="tests\test_dockerfile_shape.py" line="191" time="0.002" /><testcase classname="tests.test_dockerfile_shape" name="test_dockerfile_ships_plan_md_for_live_review_context" file="tests\test_dockerfile_shape.py" line="221" time="0.001" /><testcase classname="tests.test_dockerfile_shape" name="test_dockerignore_allows_plan_md_into_context" file="tests\test_dockerfile_shape.py" line="234" time="0.007" /><testcase classname="tests.test_dockerfile_shape" name="test_local_git_credentials_stay_out_of_git_and_docker_context" file="tests\test_dockerfile_shape.py" line="244" time="0.001" /><testcase classname="tests.test_dockerfile_shape" name="test_env_template_has_codex_subscription_auth_bundle" file="tests\test_dockerfile_shape.py" line="263" time="0.001" /><testcase classname="tests.test_dockerfile_shape" name="test_env_template_has_claude_subscription_config_dir" file="tests\test_dockerfile_shape.py" line="271" time="0.001" /><testcase classname="tests.test_dockerfile_shape" name="test_env_template_has_openai_api_key" file="tests\test_dockerfile_shape.py" line="276" time="0.001" /><testcase classname="tests.test_dockerfile_shape" name="test_env_template_openai_key_is_placeholder" file="tests\test_dockerfile_shape.py" line="284" time="0.001" /><testcase classname="tests.test_dockerfile_shape" name="test_compose_daemon_uses_env_file" file="tests\test_dockerfile_shape.py" line="301" time="0.001" /><testcase classname="tests.test_dockerfile_shape" name="test_compose_requires_explicit_workflow_image_without_latest_default" file="tests\test_dockerfile_shape.py" line="310" time="0.007" /><testcase classname="tests.test_dockerfile_shape" name="test_compose_sidecar_images_are_digest_pinned" file="tests\test_dockerfile_shape.py" line="330" time="0.008" /><testcase classname="tests.test_dockerfile_shape" name="test_compose_env_file_covers_daemon_service" file="tests\test_dockerfile_shape.py" line="341" time="0.007" /><testcase classname="tests.test_dockerfile_shape" name="test_compose_codex_auth_home_is_shared_data_volume" file="tests\test_dockerfile_shape.py" line="355" time="0.007" /><testcase classname="tests.test_dockerfile_shape" name="test_compose_claude_config_dir_is_shared_data_volume" file="tests\test_dockerfile_shape.py" line="380" time="0.007" /><testcase classname="tests.test_dockerfile_shape" name="test_compose_declares_four_pinned_cloud_workers_with_goal_pool_off" file="tests\test_dockerfile_shape.py" line="399" time="0.008" /><testcase classname="tests.test_dockerfile_shape" name="test_codex_provider_has_skip_git_repo_check" file="tests\test_dockerfile_shape.py" line="434" time="0.001" /><testcase classname="tests.test_dockerfile_shape" name="test_codex_provider_flag_is_on_exec_command" file="tests\test_dockerfile_shape.py" line="443" time="0.001" /><testcase classname="tests.test_dockerfile_shape" name="test_entrypoint_script_exists" file="tests\test_dockerfile_shape.py" line="461" time="0.001" /><testcase classname="tests.test_dockerfile_shape" name="test_entrypoint_installs_codex_auth_bundle" file="tests\test_dockerfile_shape.py" line="465" time="0.001" /><testcase classname="tests.test_dockerfile_shape" name="test_entrypoint_creates_claude_config_dir" file="tests\test_dockerfile_shape.py" line="475" time="0.001" /><testcase classname="tests.test_dockerfile_shape" name="test_entrypoint_pins_codex_file_credentials_store" file="tests\test_dockerfile_shape.py" line="482" time="0.001" /><testcase classname="tests.test_dockerfile_shape" name="test_entrypoint_does_not_login_with_api_key" file="tests\test_dockerfile_shape.py" line="489" time="0.001" /><testcase classname="tests.test_dockerfile_shape" name="test_entrypoint_strips_api_key_providers_by_default" file="tests\test_dockerfile_shape.py" line="501" time="0.001" /><testcase classname="tests.test_dockerfile_shape" name="test_entrypoint_replaces_auth_bundle_atomically" file="tests\test_dockerfile_shape.py" line="510" time="0.001" /><testcase classname="tests.test_dockerfile_shape" name="test_codex_auth_keepalive_exercises_shared_codex_home" file="tests\test_dockerfile_shape.py" line="519" time="0.001" /><testcase classname="tests.test_dockerfile_shape" name="test_claude_auth_keepalive_exercises_shared_config_dir" file="tests\test_dockerfile_shape.py" line="527" time="0.001" /><testcase classname="tests.test_dockerfile_shape" name="test_entrypoint_execs_cmd" file="tests\test_dockerfile_shape.py" line="535" time="0.001" /><testcase classname="tests.test_dockerfile_shape" name="test_dockerfile_copies_entrypoint" file="tests\test_dockerfile_shape.py" line="542" time="0.001" /><testcase classname="tests.test_dockerfile_shape" name="test_dockerfile_entrypoint_uses_entrypoint_script" file="tests\test_dockerfile_shape.py" line="549" time="0.001" /><testcase classname="tests.test_docview" name="test_list_markdown_headings_skips_fenced_code" file="tests\test_docview.py" line="21" time="0.001" /><testcase classname="tests.test_docview" name="test_extract_markdown_section_stops_at_next_peer_heading" file="tests\test_docview.py" line="42" time="0.001" /><testcase classname="tests.test_docview" name="test_extract_text_lines_clamps_to_file_bounds" file="tests\test_docview.py" line="66" time="0.000" /><testcase classname="tests.test_docview" name="test_search_text_returns_bounded_context" file="tests\test_docview.py" line="74" time="0.001" /><testcase classname="tests.test_docview" name="test_render_json_keys_lists_object_keys_at_pointer" file="tests\test_docview.py" line="96" time="0.000" /><testcase classname="tests.test_docview" name="test_render_json_value_slices_lists" file="tests\test_docview.py" line="112" time="0.000" /><testcase classname="tests.test_docview" name="test_render_json_value_raises_when_result_is_still_too_large" file="tests\test_docview.py" line="127" time="0.001" /><testcase classname="tests.test_docview" name="test_run_docview_accepts_max_chars_after_subcommand" file="tests\test_docview.py" line="134" time="0.013" /><testcase classname="tests.test_docview" name="test_write_output_falls_back_when_console_encoding_cannot_render_text" file="tests\test_docview.py" line="143" time="0.001" /><testcase classname="tests.test_domain_registry" name="test_domain_branch_slugs_are_trimmed_deduplicated_and_sorted" file="tests\test_domain_registry.py" line="20" time="0.001" /><testcase classname="tests.test_domain_registry" name="test_episodic_coordinate_shape_round_trips_and_replaces_by_domain" file="tests\test_domain_registry.py" line="32" time="0.001" /><testcase classname="tests.test_domain_registry" name="test_unknown_domain_has_no_episodic_coordinate_shape" file="tests\test_domain_registry.py" line="53" time="0.001" /><testcase classname="tests.test_domain_registry" name="test_fantasy_domain_registers_its_exact_episodic_coordinate_shape" file="tests\test_domain_registry.py" line="57" time="0.001" /><testcase classname="tests.test_dr_drill_workflow" name="test_dr_drill_yml_parses" file="tests\test_dr_drill_workflow.py" line="103" time="0.018" /><testcase classname="tests.test_dr_drill_workflow" name="test_only_workflow_dispatch_trigger" file="tests\test_dr_drill_workflow.py" line="111" time="0.017" /><testcase classname="tests.test_dr_drill_workflow" name="test_has_drill_droplet_size_input" file="tests\test_dr_drill_workflow.py" line="124" time="0.017" /><testcase classname="tests.test_dr_drill_workflow" name="test_has_backup_source_input" file="tests\test_dr_drill_workflow.py" line="130" time="0.017" /><testcase classname="tests.test_dr_drill_workflow" name="test_has_destroy_on_failure_input" file="tests\test_dr_drill_workflow.py" line="136" time="0.017" /><testcase classname="tests.test_dr_drill_workflow" name="test_digitalocean_token_referenced" file="tests\test_dr_drill_workflow.py" line="146" time="0.001" /><testcase classname="tests.test_dr_drill_workflow" name="test_do_ssh_key_referenced" file="tests\test_dr_drill_workflow.py" line="150" time="0.001" /><testcase classname="tests.test_dr_drill_workflow" name="test_do_droplet_host_referenced" file="tests\test_dr_drill_workflow.py" line="154" time="0.001" /><testcase classname="tests.test_dr_drill_workflow" name="test_do_ssh_user_referenced" file="tests\test_dr_drill_workflow.py" line="158" time="0.001" /><testcase classname="tests.test_dr_drill_workflow" name="test_provisions_droplet_via_do_api" file="tests\test_dr_drill_workflow.py" line="166" time="0.001" /><testcase classname="tests.test_dr_drill_workflow" name="test_provision_step_present" file="tests\test_dr_drill_workflow.py" line="173" time="0.017" /><testcase classname="tests.test_dr_drill_workflow" name="test_provision_resolves_current_region_compatible_debian_image" file="tests\test_dr_drill_workflow.py" line="180" time="0.017" /><testcase classname="tests.test_dr_drill_workflow" name="test_resolved_image_is_preserved_in_terminal_evidence" file="tests\test_dr_drill_workflow.py" line="198" time="0.066" /><testcase classname="tests.test_dr_drill_workflow" name="test_runbook_requires_digitalocean_image_read_scope" file="tests\test_dr_drill_workflow.py" line="215" time="0.001" /><testcase classname="tests.test_dr_drill_workflow" name="test_bootstrap_step_runs_bootstrap_sh" file="tests\test_dr_drill_workflow.py" line="225" time="0.001" /><testcase classname="tests.test_dr_drill_workflow" name="test_bootstrap_step_present" file="tests\test_dr_drill_workflow.py" line="230" time="0.016" /><testcase classname="tests.test_dr_drill_workflow" name="test_restore_step_present" file="tests\test_dr_drill_workflow.py" line="239" time="0.018" /><testcase classname="tests.test_dr_drill_workflow" name="test_restore_uses_backup_restore_sh" file="tests\test_dr_drill_workflow.py" line="244" time="0.001" /><testcase classname="tests.test_dr_drill_workflow" name="test_probe_uses_direct_ip_not_tunnel" file="tests\test_dr_drill_workflow.py" line="252" time="0.001" /><testcase classname="tests.test_dr_drill_workflow" name="test_probe_step_present" file="tests\test_dr_drill_workflow.py" line="260" time="0.016" /><testcase classname="tests.test_dr_drill_workflow" name="test_pass_path_destroys_droplet" file="tests\test_dr_drill_workflow.py" line="269" time="0.001" /><testcase classname="tests.test_dr_drill_workflow" name="test_pass_path_appends_to_log" file="tests\test_dr_drill_workflow.py" line="277" time="0.001" /><testcase classname="tests.test_dr_drill_workflow" name="test_pass_log_describes_port_forward_probe" file="tests\test_dr_drill_workflow.py" line="282" time="0.016" /><testcase classname="tests.test_dr_drill_workflow" name="test_fail_path_opens_dr_failed_issue" file="tests\test_dr_drill_workflow.py" line="293" time="0.001" /><testcase classname="tests.test_dr_drill_workflow" name="test_fail_path_leaves_droplet_up_by_default" file="tests\test_dr_drill_workflow.py" line="297" time="0.001" /><testcase classname="tests.test_dr_drill_workflow" name="test_dr_drill_runbook_exists" file="tests\test_dr_drill_workflow.py" line="309" time="0.001" /><testcase classname="tests.test_dr_drill_workflow" name="test_dr_drill_log_exists" file="tests\test_dr_drill_workflow.py" line="313" time="0.001" /><testcase classname="tests.test_dr_drill_workflow" name="test_dr_drill_runbook_mentions_quarterly" file="tests\test_dr_drill_workflow.py" line="317" time="0.001" /><testcase classname="tests.test_dr_drill_workflow" name="test_dr_drill_runbook_mentions_pass_fail" file="tests\test_dr_drill_workflow.py" line="321" time="0.001" /><testcase classname="tests.test_dr_drill_workflow" name="test_dr_drill_runbook_size_default_matches_workflow" file="tests\test_dr_drill_workflow.py" line="326" time="0.017" /><testcase classname="tests.test_dr_drill_workflow" name="test_dr_drill_runbook_mentions_ssh_port_forward_probe" file="tests\test_dr_drill_workflow.py" line="332" time="0.001" /><testcase classname="tests.test_dr_drill_workflow" name="test_bootstrap_step_uses_pipefail" file="tests\test_dr_drill_workflow.py" line="342" time="0.001" /><testcase classname="tests.test_dr_drill_workflow" name="test_bootstrap_step_does_not_pipe_ssh_to_tee" file="tests\test_dr_drill_workflow.py" line="350" time="0.017" /><testcase classname="tests.test_dr_drill_workflow" name="test_bootstrap_step_captures_exit_code_explicitly" file="tests\test_dr_drill_workflow.py" line="363" time="0.016" /><testcase classname="tests.test_dr_drill_workflow" name="test_bootstrap_step_redirects_instead_of_piping" file="tests\test_dr_drill_workflow.py" line="375" time="0.016" /><testcase classname="tests.test_dr_drill_workflow" name="test_bootstrap_step_surfaces_tail_before_exit" file="tests\test_dr_drill_workflow.py" line="382" time="0.016" /><testcase classname="tests.test_dr_drill_workflow" name="test_default_drill_size_is_not_1gb" file="tests\test_dr_drill_workflow.py" line="396" time="0.016" /><testcase classname="tests.test_dr_drill_workflow" name="test_mid_job_cleanup_step_exists" file="tests\test_dr_drill_workflow.py" line="410" time="0.017" /><testcase classname="tests.test_dr_drill_workflow" name="test_mid_job_cleanup_fires_on_always" file="tests\test_dr_drill_workflow.py" line="423" time="0.016" /><testcase classname="tests.test_dr_drill_workflow" name="test_mid_job_cleanup_checks_probe_color_empty" file="tests\test_dr_drill_workflow.py" line="439" time="0.001" /><testcase classname="tests.test_dr_drill_workflow" name="test_primary_archive_preflight_precedes_droplet_provisioning" file="tests\test_dr_drill_workflow.py" line="453" time="0.016" /><testcase classname="tests.test_dr_drill_workflow" name="test_primary_archive_filename_grammar_rejects_output_protocol_injection" file="tests\test_dr_drill_workflow.py" line="477" time="0.017" /><testcase classname="tests.test_dr_drill_workflow" name="test_every_digitalocean_request_uses_bounded_helper" file="tests\test_dr_drill_workflow.py" line="495" time="0.001" /><testcase classname="tests.test_dr_drill_workflow" name="test_transfer_propagates_pipeline_failure_and_verifies_checksum" file="tests\test_dr_drill_workflow.py" line="503" time="0.019" /><testcase classname="tests.test_dr_drill_workflow" name="test_restore_uses_exact_transferred_backup_file" file="tests\test_dr_drill_workflow.py" line="512" time="0.018" /><testcase classname="tests.test_dr_drill_workflow" name="test_restored_state_proof_precedes_compose_and_probe" file="tests\test_dr_drill_workflow.py" line="520" time="0.017" /><testcase classname="tests.test_dr_drill_workflow" name="test_success_log_records_archive_and_restored_member_evidence" file="tests\test_dr_drill_workflow.py" line="537" time="0.018" /><testcase classname="tests.test_dr_drill_workflow" name="test_adversarial_member_name_remains_encoded_in_rendered_evidence" file="tests\test_dr_drill_workflow.py" line="545" time="0.034" /><testcase classname="tests.test_dr_drill_workflow" name="test_success_log_requires_confirmed_destroy_and_runs_after_it" file="tests\test_dr_drill_workflow.py" line="556" time="0.017" /><testcase classname="tests.test_dr_drill_workflow" name="test_unified_destroy_runs_always_and_exposes_bounded_failure" file="tests\test_dr_drill_workflow.py" line="569" time="0.017" /><testcase classname="tests.test_dr_drill_workflow" name="test_failed_destroy_escalates_with_identity_then_forces_red" file="tests\test_dr_drill_workflow.py" line="583" time="0.034" /><testcase classname="tests.test_dr_drill_workflow" name="test_runtime_image_is_resolved_and_validated_before_provisioning" file="tests\test_dr_drill_workflow.py" line="601" time="0.018" /><testcase classname="tests.test_dr_drill_workflow" name="test_runtime_image_grammar_rejects_tags_and_output_injection" file="tests\test_dr_drill_workflow.py" line="622" time="0.017" /><testcase classname="tests.test_dr_drill_workflow" name="test_compose_uses_runtime_image_ephemerally_with_fresh_env" file="tests\test_dr_drill_workflow.py" line="652" time="0.018" /><testcase classname="tests.test_dr_drill_workflow" name="test_validated_runtime_image_is_persisted_into_exactly_one_fresh_assignment" file="tests\test_dr_drill_workflow.py" line="665" time="0.017" /><testcase classname="tests.test_dr_drill_workflow" name="test_cleanup_only_dispatch_is_identity_guarded_and_cannot_provision" file="tests\test_dr_drill_workflow.py" line="680" time="0.018" /><testcase classname="tests.test_dr_drill_workflow" name="test_red_probe_always_records_issue_then_fails_the_run" file="tests\test_dr_drill_workflow.py" line="716" time="0.051" /><testcase classname="tests.test_dr_drill_workflow" name="test_terminal_evidence_distinguishes_runtime_image[Open dr-failed issue on failure]" file="tests\test_dr_drill_workflow.py" line="729" time="0.017" /><testcase classname="tests.test_dr_drill_workflow" name="test_terminal_evidence_distinguishes_runtime_image[Append drill result to log]" file="tests\test_dr_drill_workflow.py" line="729" time="0.018" /><testcase classname="tests.test_dr_drill_workflow" name="test_terminal_evidence_distinguishes_runtime_image[Escalate failed Droplet deletion]" file="tests\test_dr_drill_workflow.py" line="729" time="0.017" /><testcase classname="tests.test_dr_drill_workflow" name="test_terminal_evidence_distinguishes_runtime_image[Summary]" file="tests\test_dr_drill_workflow.py" line="729" time="0.017" /><testcase classname="tests.test_drain_off_marker" name="test_watchdog_reports_off_and_keeps_marker" file="tests\test_drain_off_marker.py" line="36" time="0.128" /><testcase classname="tests.test_drain_off_marker" name="test_watchdog_loop_signals_honor_off_marker" file="tests\test_drain_off_marker.py" line="64" time="0.010" /><testcase classname="tests.test_drain_off_marker" name="test_supervisor_wait_observes_off_marker_mid_run" file="tests\test_drain_off_marker.py" line="86" time="0.011" /><testcase classname="tests.test_drain_off_marker" name="test_supervisor_refuses_run_even_with_clear_stop" file="tests\test_drain_off_marker.py" line="104" time="0.012" /><testcase classname="tests.test_drain_review_gate" name="test_non_drain_branch_preserves_existing_enrollment" file="tests\test_drain_review_gate.py" line="57" time="0.085" /><testcase classname="tests.test_drain_review_gate" name="test_drain_branch_allows_one_matching_approval_receipt" file="tests\test_drain_review_gate.py" line="64" time="0.130" /><testcase classname="tests.test_drain_review_gate" name="test_drain_branch_denies_missing_or_stale_receipt" file="tests\test_drain_review_gate.py" line="75" time="0.172" /><testcase classname="tests.test_drain_review_gate" name="test_drain_branch_denies_duplicate_or_malformed_receipt" file="tests\test_drain_review_gate.py" line="89" time="0.276" /><testcase classname="tests.test_drain_review_gate" name="test_auto_enroll_reconciles_drain_review_on_head_and_body_changes" file="tests\test_drain_review_gate.py" line="121" time="0.001" /><testcase classname="tests.test_drain_review_gate" name="test_required_scope_check_fails_closed_on_unreviewed_drain_head" file="tests\test_drain_review_gate.py" line="136" time="0.001" /><testcase classname="tests.test_drift_cleanup_story_db" name="test_drift_rows_removed_across_all_four_tables" file="tests\test_drift_cleanup_story_db.py" line="173" time="0.019" /><testcase classname="tests.test_drift_cleanup_story_db" name="test_canon_rows_preserved" file="tests\test_drift_cleanup_story_db.py" line="184" time="0.023" /><testcase classname="tests.test_drift_cleanup_story_db" name="test_missing_story_db_returns_zeros" file="tests\test_drift_cleanup_story_db.py" line="206" time="0.006" /><testcase classname="tests.test_drift_cleanup_story_db" name="test_tables_missing_are_silently_skipped" file="tests\test_drift_cleanup_story_db.py" line="214" time="0.015" /><testcase classname="tests.test_drift_cleanup_story_db" name="test_empty_universe_id_is_noop" file="tests\test_drift_cleanup_story_db.py" line="248" time="0.020" /><testcase classname="tests.test_drift_cleanup_story_db" name="test_empty_db_path_is_noop" file="tests\test_drift_cleanup_story_db.py" line="253" time="0.001" /><testcase classname="tests.test_drift_cleanup_story_db" name="test_cleanup_drift_all_covers_both_dbs" file="tests\test_drift_cleanup_story_db.py" line="263" time="0.032" /><testcase classname="tests.test_drift_cleanup_story_db" name="test_cleanup_drift_kg_backward_compatible" file="tests\test_drift_cleanup_story_db.py" line="285" time="0.015" /><testcase classname="tests.test_drift_cleanup_story_db" name="test_worldbuild_fix_e_uses_cleanup_drift_all" file="tests\test_drift_cleanup_story_db.py" line="297" time="0.002" /><testcase classname="tests.test_dry_inspect_node.TestInspectNodeDryHelper" name="test_returns_node_envelope" file="tests\test_dry_inspect_node.py" line="58" time="0.001" /><testcase classname="tests.test_dry_inspect_node.TestInspectNodeDryHelper" name="test_nonexistent_node_id_returns_structured_error" file="tests\test_dry_inspect_node.py" line="66" time="0.001" /><testcase classname="tests.test_dry_inspect_node.TestInspectNodeDryHelper" name="test_no_node_id_returns_all_nodes" file="tests\test_dry_inspect_node.py" line="72" time="0.001" /><testcase classname="tests.test_dry_inspect_node.TestInspectNodeDryHelper" name="test_resolved_prompt_template_normalizes_double_braces" file="tests\test_dry_inspect_node.py" line="80" time="0.001" /><testcase classname="tests.test_dry_inspect_node.TestInspectNodeDryHelper" name="test_no_template_yields_none_resolved" file="tests\test_dry_inspect_node.py" line="86" time="0.001" /><testcase classname="tests.test_dry_inspect_node.TestInspectNodeDryHelper" name="test_declared_input_output_keys_present" file="tests\test_dry_inspect_node.py" line="91" time="0.001" /><testcase classname="tests.test_dry_inspect_node.TestInspectNodeDryHelper" name="test_state_schema_refs_from_template" file="tests\test_dry_inspect_node.py" line="100" time="0.001" /><testcase classname="tests.test_dry_inspect_node.TestPlaceholderValidation" name="test_missing_key_reported" file="tests\test_dry_inspect_node.py" line="114" time="0.001" /><testcase classname="tests.test_dry_inspect_node.TestPlaceholderValidation" name="test_no_missing_when_schema_covers_all" file="tests\test_dry_inspect_node.py" line="122" time="0.001" /><testcase classname="tests.test_dry_inspect_node.TestPlaceholderValidation" name="test_extra_input_key_reported" file="tests\test_dry_inspect_node.py" line="130" time="0.001" /><testcase classname="tests.test_dry_inspect_node.TestPlaceholderValidation" name="test_escaped_placeholder_in_escaped_list" file="tests\test_dry_inspect_node.py" line="139" time="0.001" /><testcase classname="tests.test_dry_inspect_node.TestPolicyResolution" name="test_node_policy_source" file="tests\test_dry_inspect_node.py" line="147" time="0.001" /><testcase classname="tests.test_dry_inspect_node.TestPolicyResolution" name="test_branch_policy_source" file="tests\test_dry_inspect_node.py" line="154" time="0.001" /><testcase classname="tests.test_dry_inspect_node.TestPolicyResolution" name="test_default_policy_source" file="tests\test_dry_inspect_node.py" line="161" time="0.001" /><testcase classname="tests.test_dry_inspect_node.TestPolicyResolution" name="test_node_policy_takes_precedence_over_branch" file="tests\test_dry_inspect_node.py" line="167" time="0.001" /><testcase classname="tests.test_dry_inspect_node.TestPolicyResolution" name="test_fallback_chain_extracted" file="tests\test_dry_inspect_node.py" line="175" time="0.001" /><testcase classname="tests.test_dry_inspect_node.TestMcpDryInspectNode" name="test_action_with_branch_def_id" file="tests\test_dry_inspect_node.py" line="190" time="0.007" /><testcase classname="tests.test_dry_inspect_node.TestMcpDryInspectNode" name="test_action_with_branch_spec_json" file="tests\test_dry_inspect_node.py" line="206" time="0.007" /><testcase classname="tests.test_dry_inspect_node.TestMcpDryInspectNode" name="test_action_no_node_id_returns_all_nodes" file="tests\test_dry_inspect_node.py" line="217" time="0.007" /><testcase classname="tests.test_dry_inspect_node.TestMcpDryInspectNode" name="test_action_nonexistent_node_id_returns_error" file="tests\test_dry_inspect_node.py" line="230" time="0.006" /><testcase classname="tests.test_dry_inspect_node.TestMcpDryInspectNode" name="test_action_missing_branch_returns_error" file="tests\test_dry_inspect_node.py" line="243" time="0.007" /><testcase classname="tests.test_dry_inspect_node.TestMcpDryInspectNode" name="test_action_invalid_spec_json_returns_error" file="tests\test_dry_inspect_node.py" line="256" time="0.006" /><testcase classname="tests.test_dry_inspect_node.TestMcpDryInspectNode" name="test_no_provider_calls" file="tests\test_dry_inspect_node.py" line="265" time="0.007" /><testcase classname="tests.test_dry_inspect_node.TestMcpDryInspectPatch" name="test_add_node_op_visible_in_result" file="tests\test_dry_inspect_node.py" line="289" time="0.086" /><testcase classname="tests.test_dry_inspect_node.TestMcpDryInspectPatch" name="test_update_node_op_reflected" file="tests\test_dry_inspect_node.py" line="303" time="0.006" /><testcase classname="tests.test_dry_inspect_node.TestMcpDryInspectPatch" name="test_add_state_field_expands_schema" file="tests\test_dry_inspect_node.py" line="315" time="0.007" /><testcase classname="tests.test_dry_inspect_node.TestMcpDryInspectPatch" name="test_missing_changes_json_returns_error" file="tests\test_dry_inspect_node.py" line="328" time="0.007" /><testcase classname="tests.test_dry_inspect_node.TestMcpDryInspectPatch" name="test_invalid_changes_json_returns_error" file="tests\test_dry_inspect_node.py" line="339" time="0.007" /><testcase classname="tests.test_dry_inspect_node.TestExtensionsRoutingDryInspect" name="test_extensions_routes_dry_inspect_node" file="tests\test_dry_inspect_node.py" line="353" time="0.007" /><testcase classname="tests.test_dry_inspect_node.TestExtensionsRoutingDryInspect" name="test_extensions_routes_dry_inspect_patch" file="tests\test_dry_inspect_node.py" line="365" time="0.068" /><testcase classname="tests.test_dry_inspect_node.TestExtensionsRoutingDryInspect" name="test_unknown_action_lists_dry_inspect_actions" file="tests\test_dry_inspect_node.py" line="380" time="0.006" /><testcase classname="tests.test_effector_consents" name="test_initialize_creates_db_and_schema" file="tests\test_effector_consents.py" line="28" time="0.012" /><testcase classname="tests.test_effector_consents" name="test_grant_then_is_active_returns_true" file="tests\test_effector_consents.py" line="41" time="0.030" /><testcase classname="tests.test_effector_consents" name="test_is_active_returns_false_for_unmatched_destination" file="tests\test_effector_consents.py" line="59" time="0.034" /><testcase classname="tests.test_effector_consents" name="test_is_active_is_case_sensitive" file="tests\test_effector_consents.py" line="79" time="0.032" /><testcase classname="tests.test_effector_consents" name="test_grant_rejects_empty_fields" file="tests\test_effector_consents.py" line="94" time="0.006" /><testcase classname="tests.test_effector_consents" name="test_grant_refresh_clears_prior_revoke" file="tests\test_effector_consents.py" line="113" time="0.157" /><testcase classname="tests.test_effector_consents" name="test_revoke_flips_revoked_at" file="tests\test_effector_consents.py" line="157" time="0.057" /><testcase classname="tests.test_effector_consents" name="test_revoke_missing_row_returns_false" file="tests\test_effector_consents.py" line="182" time="0.030" /><testcase classname="tests.test_effector_consents" name="test_revoke_with_empty_fields_is_no_op" file="tests\test_effector_consents.py" line="191" time="0.091" /><testcase classname="tests.test_effector_consents" name="test_list_active_only_default" file="tests\test_effector_consents.py" line="214" time="0.071" /><testcase classname="tests.test_effector_consents" name="test_list_orders_by_granted_at_desc" file="tests\test_effector_consents.py" line="238" time="0.056" /><testcase classname="tests.test_effector_consents" name="test_universes_are_isolated" file="tests\test_effector_consents.py" line="253" time="0.052" /><testcase classname="tests.test_effector_consents" name="test_default_granted_at_uses_wall_clock" file="tests\test_effector_consents.py" line="267" time="0.040" /><testcase classname="tests.test_emergency_dns_flip" name="test_upsert_dns_record_creates_when_no_record_exists" file="tests\test_emergency_dns_flip.py" line="38" time="0.001" /><testcase classname="tests.test_emergency_dns_flip" name="test_upsert_dns_record_patches_single_existing_record" file="tests\test_emergency_dns_flip.py" line="68" time="0.001" /><testcase classname="tests.test_emergency_dns_flip" name="test_upsert_dns_record_dry_run_does_not_mutate" file="tests\test_emergency_dns_flip.py" line="94" time="0.001" /><testcase classname="tests.test_emergency_dns_flip" name="test_duplicate_dns_record_match_fails_closed" file="tests\test_emergency_dns_flip.py" line="113" time="0.001" /><testcase classname="tests.test_emergency_dns_flip" name="test_delete_worker_route_deletes_exact_pattern_match" file="tests\test_emergency_dns_flip.py" line="132" time="0.001" /><testcase classname="tests.test_emergency_dns_flip.TestCLIDryRun" name="test_upsert_record_dry_run_exits_0" file="tests\test_emergency_dns_flip.py" line="195" time="0.001" /><testcase classname="tests.test_emergency_dns_flip.TestCLIDryRun" name="test_upsert_record_dry_run_no_mutating_calls" file="tests\test_emergency_dns_flip.py" line="203" time="0.001" /><testcase classname="tests.test_emergency_dns_flip.TestCLIDryRun" name="test_upsert_record_dry_run_prints_dry_run" file="tests\test_emergency_dns_flip.py" line="212" time="0.001" /><testcase classname="tests.test_emergency_dns_flip.TestCLIDryRun" name="test_upsert_worker_route_dry_run_no_mutating_calls" file="tests\test_emergency_dns_flip.py" line="221" time="0.001" /><testcase classname="tests.test_emergency_dns_flip.TestCLIDryRun" name="test_delete_record_dry_run_no_mutating_calls" file="tests\test_emergency_dns_flip.py" line="226" time="0.001" /><testcase classname="tests.test_emergency_dns_flip.TestEmergencyDnsTinyAssets" name="test_workflow_parses" file="tests\test_emergency_dns_flip.py" line="248" time="0.004" /><testcase classname="tests.test_emergency_dns_flip.TestEmergencyDnsTinyAssets" name="test_has_workflow_dispatch" file="tests\test_emergency_dns_flip.py" line="251" time="0.004" /><testcase classname="tests.test_emergency_dns_flip.TestEmergencyDnsTinyAssets" name="test_apply_input_defaults_false" file="tests\test_emergency_dns_flip.py" line="255" time="0.004" /><testcase classname="tests.test_emergency_dns_flip.TestEmergencyDnsTinyAssets" name="test_has_action_input" file="tests\test_emergency_dns_flip.py" line="263" time="0.004" /><testcase classname="tests.test_emergency_dns_flip.TestEmergencyDnsTinyAssets" name="test_no_secrets_in_workflow_body" file="tests\test_emergency_dns_flip.py" line="269" time="0.001" /><testcase classname="tests.test_enrichment_signals" name="test_neutral_empty_signal_file_does_not_fall_back_to_legacy" file="tests\test_enrichment_signals.py" line="14" time="0.008" /><testcase classname="tests.test_enrichment_signals" name="test_missing_canonical_falls_back_to_legacy" file="tests\test_enrichment_signals.py" line="24" time="0.016" /><testcase classname="tests.test_enrichment_signals" name="test_present_but_malformed_canonical_file_strict_fails_loud" file="tests\test_enrichment_signals.py" line="35" time="0.017" /><testcase classname="tests.test_enrichment_signals" name="test_present_but_non_list_canonical_file_strict_fails_loud" file="tests\test_enrichment_signals.py" line="46" time="0.016" /><testcase classname="tests.test_enrichment_signals" name="test_corrupt_canonical_file_read_only_degrades_loudly" file="tests\test_enrichment_signals.py" line="55" time="0.008" /><testcase classname="tests.test_enrichment_signals" name="test_append_does_not_overwrite_corrupt_file" file="tests\test_enrichment_signals.py" line="67" time="0.007" /><testcase classname="tests.test_env_unreadable_marker" name="test_entrypoint_exits_with_marker_when_all_sentinels_empty" file="tests\test_env_unreadable_marker.py" line="104" time="0.397" /><testcase classname="tests.test_env_unreadable_marker" name="test_entrypoint_passes_through_when_one_sentinel_set" file="tests\test_env_unreadable_marker.py" line="121" time="0.447" /><testcase classname="tests.test_env_unreadable_marker" name="test_entrypoint_fails_loud_when_required_data_file_missing" file="tests\test_env_unreadable_marker.py" line="138" time="0.506" /><testcase classname="tests.test_env_unreadable_marker" name="test_entrypoint_data_file_probe_accepts_git_bash_windows_package_root" file="tests\test_env_unreadable_marker.py" line="157" time="0.720" /><testcase classname="tests.test_env_unreadable_marker" name="test_entrypoint_data_file_probe_does_not_require_python_alias" file="tests\test_env_unreadable_marker.py" line="195" time="0.001" /><testcase classname="tests.test_env_unreadable_marker" name="test_entrypoint_marker_goes_to_stderr_not_stdout" file="tests\test_env_unreadable_marker.py" line="206" time="0.389" /><testcase classname="tests.test_env_unreadable_marker" name="test_systemd_unit_execstartpre_emits_canonical_marker" file="tests\test_env_unreadable_marker.py" line="220" time="0.012" /><testcase classname="tests.test_env_unreadable_marker" name="test_systemd_unit_compose_loads_tinyassets_env_for_interpolation" file="tests\test_env_unreadable_marker.py" line="228" time="0.001" /><testcase classname="tests.test_env_unreadable_marker" name="test_systemd_start_limit_is_in_unit_section_not_service_section" file="tests\test_env_unreadable_marker.py" line="234" time="0.001" /><testcase classname="tests.test_env_unreadable_marker" name="test_deploy_prod_yaml_sed_sites_emit_canonical_marker" file="tests\test_env_unreadable_marker.py" line="245" time="0.008" /><testcase classname="tests.test_env_unreadable_marker" name="test_triage_detection_delegates_to_classifier_module" file="tests\test_env_unreadable_marker.py" line="294" time="0.001" /><testcase classname="tests.test_env_unreadable_marker" name="test_triage_auto_repair_runs_chown_chmod" file="tests\test_env_unreadable_marker.py" line="316" time="0.001" /><testcase classname="tests.test_env_unreadable_marker" name="test_triage_auto_repair_is_gated_on_env_class" file="tests\test_env_unreadable_marker.py" line="323" time="0.012" /><testcase classname="tests.test_escrow_money_loop.TestMoneyLoopE2E" name="test_fund_lock_release_full_loop" file="tests\test_escrow_money_loop.py" line="28" time="0.102" /><testcase classname="tests.test_escrow_money_loop.TestMoneyLoopE2E" name="test_fund_lock_refund_releases_reservation" file="tests\test_escrow_money_loop.py" line="73" time="0.103" /><testcase classname="tests.test_escrow_money_loop.TestMoneyLoopE2E" name="test_lock_rejected_when_underfunded" file="tests\test_escrow_money_loop.py" line="96" time="0.088" /><testcase classname="tests.test_escrow_money_loop.TestMoneyLoopE2E" name="test_fund_requires_paid_market" file="tests\test_escrow_money_loop.py" line="108" time="0.060" /><testcase classname="tests.test_escrow_withdraw.TestWithdrawE2E" name="test_set_wallet_fund_withdraw_internal" file="tests\test_escrow_withdraw.py" line="34" time="0.085" /><testcase classname="tests.test_escrow_withdraw.TestWithdrawE2E" name="test_withdraw_base_sepolia_mock" file="tests\test_escrow_withdraw.py" line="53" time="0.082" /><testcase classname="tests.test_escrow_withdraw.TestWithdrawE2E" name="test_withdraw_without_wallet_rejected" file="tests\test_escrow_withdraw.py" line="65" time="0.087" /><testcase classname="tests.test_escrow_withdraw.TestWithdrawE2E" name="test_withdraw_insufficient_balance_rejected" file="tests\test_escrow_withdraw.py" line="72" time="0.100" /><testcase classname="tests.test_escrow_withdraw.TestWithdrawE2E" name="test_set_wallet_invalid_address_rejected" file="tests\test_escrow_withdraw.py" line="83" time="0.081" /><testcase classname="tests.test_escrow_withdraw.TestWithdrawE2E" name="test_withdraw_requires_paid_market" file="tests\test_escrow_withdraw.py" line="90" time="0.058" /><testcase classname="tests.test_escrow_withdraw.TestWithdrawIdempotency" name="test_retry_with_client_key_does_not_double_pay" file="tests\test_escrow_withdraw.py" line="114" time="0.096" /><testcase classname="tests.test_escrow_withdraw.TestWithdrawIdempotency" name="test_retry_without_client_key_dedups_same_shape" file="tests\test_escrow_withdraw.py" line="142" time="0.088" /><testcase classname="tests.test_escrow_withdraw.TestWithdrawIdempotency" name="test_distinct_client_keys_allow_separate_withdrawals" file="tests\test_escrow_withdraw.py" line="164" time="0.094" /><testcase classname="tests.test_escrow_withdraw.TestWithdrawBackendFailureContract" name="test_definitive_failure_refunds_and_is_retryable" file="tests\test_escrow_withdraw.py" line="232" time="0.074" /><testcase classname="tests.test_escrow_withdraw.TestWithdrawBackendFailureContract" name="test_unknown_failure_goes_in_doubt_not_refunded" file="tests\test_escrow_withdraw.py" line="264" time="0.074" /><testcase classname="tests.test_escrow_withdraw.TestWithdrawBackendFailureContract" name="test_unknown_failure_retry_does_not_double_pay" file="tests\test_escrow_withdraw.py" line="283" time="0.081" /><testcase classname="tests.test_escrow_withdraw.TestWithdrawBackendFailureContract" name="test_committed_success_replay_dedups" file="tests\test_escrow_withdraw.py" line="325" time="0.109" /><testcase classname="tests.test_estimate_run_cost.TestEstimateRunCostErrors" name="test_missing_branch_def_id_returns_error" file="tests\test_estimate_run_cost.py" line="77" time="0.074" /><testcase classname="tests.test_estimate_run_cost.TestEstimateRunCostErrors" name="test_nonexistent_branch_returns_error" file="tests\test_estimate_run_cost.py" line="82" time="0.080" /><testcase classname="tests.test_estimate_run_cost.TestEstimateRunCostShape" name="test_returns_all_required_fields" file="tests\test_estimate_run_cost.py" line="89" time="0.160"><failure message="KeyError: 'branch_def_id'">self = &lt;tests.test_estimate_run_cost.TestEstimateRunCostShape object at 0x0000018D841EAAD0&gt;
run_env = (&lt;module 'tinyassets.universe_server' from 'C:\\Users\\Jonathan\\Projects\\wf-required-test-gate\\tinyassets\\universe...'&gt;, WindowsPath('C:/Users/Jonathan/AppData/Local/Temp/pytest-of-Jonathan/pytest-7404/test_returns_all_required_fiel0'))

    def test_returns_all_required_fields(self, run_env):
        us, base = run_env
&gt;       bid = _create_branch_with_nodes(us, n_llm=2)
              ^^^^^^^^^^^^^^^^^^^^^^^^^^^^^^^^^^^^^^

tests\test_estimate_run_cost.py:92: 
_ _ _ _ _ _ _ _ _ _ _ _ _ _ _ _ _ _ _ _ _ _ _ _ _ _ _ _ _ _ _ _ _ _ _ _ _ _ _ _

us = &lt;module 'tinyassets.universe_server' from 'C:\\Users\\Jonathan\\Projects\\wf-required-test-gate\\tinyassets\\universe_server.py'&gt;
n_llm = 2, n_code = 0

    def _create_branch_with_nodes(us, n_llm: int = 1, n_code: int = 0) -&gt; str:
        """Create a branch with n_llm prompt-template nodes + n_code code nodes."""
        result = _call(us, "create_branch", name=f"test_branch_{n_llm}_{n_code}")
&gt;       bid = result["branch_def_id"]
              ^^^^^^^^^^^^^^^^^^^^^^^
E       KeyError: 'branch_def_id'

tests\test_estimate_run_cost.py:42: KeyError</failure></testcase><testcase classname="tests.test_estimate_run_cost.TestEstimateRunCostShape" name="test_node_count_reflects_branch" file="tests\test_estimate_run_cost.py" line="100" time="0.149"><failure message="KeyError: 'branch_def_id'">self = &lt;tests.test_estimate_run_cost.TestEstimateRunCostShape object at 0x0000018D841EAC10&gt;
run_env = (&lt;module 'tinyassets.universe_server' from 'C:\\Users\\Jonathan\\Projects\\wf-required-test-gate\\tinyassets\\universe...'&gt;, WindowsPath('C:/Users/Jonathan/AppData/Local/Temp/pytest-of-Jonathan/pytest-7404/test_node_count_reflects_branc0'))

    def test_node_count_reflects_branch(self, run_env):
        us, _ = run_env
&gt;       bid = _create_branch_with_nodes(us, n_llm=3)
              ^^^^^^^^^^^^^^^^^^^^^^^^^^^^^^^^^^^^^^

tests\test_estimate_run_cost.py:103: 
_ _ _ _ _ _ _ _ _ _ _ _ _ _ _ _ _ _ _ _ _ _ _ _ _ _ _ _ _ _ _ _ _ _ _ _ _ _ _ _

us = &lt;module 'tinyassets.universe_server' from 'C:\\Users\\Jonathan\\Projects\\wf-required-test-gate\\tinyassets\\universe_server.py'&gt;
n_llm = 3, n_code = 0

    def _create_branch_with_nodes(us, n_llm: int = 1, n_code: int = 0) -&gt; str:
        """Create a branch with n_llm prompt-template nodes + n_code code nodes."""
        result = _call(us, "create_branch", name=f"test_branch_{n_llm}_{n_code}")
&gt;       bid = result["branch_def_id"]
              ^^^^^^^^^^^^^^^^^^^^^^^
E       KeyError: 'branch_def_id'

tests\test_estimate_run_cost.py:42: KeyError</failure></testcase><testcase classname="tests.test_estimate_run_cost.TestEstimateRunCostShape" name="test_basis_is_quotable_string" file="tests\test_estimate_run_cost.py" line="106" time="0.144"><failure message="KeyError: 'branch_def_id'">self = &lt;tests.test_estimate_run_cost.TestEstimateRunCostShape object at 0x0000018D8467F100&gt;
run_env = (&lt;module 'tinyassets.universe_server' from 'C:\\Users\\Jonathan\\Projects\\wf-required-test-gate\\tinyassets\\universe...y'&gt;, WindowsPath('C:/Users/Jonathan/AppData/Local/Temp/pytest-of-Jonathan/pytest-7404/test_basis_is_quotable_string0'))

    def test_basis_is_quotable_string(self, run_env):
        us, _ = run_env
&gt;       bid = _create_branch_with_nodes(us, n_llm=1)
              ^^^^^^^^^^^^^^^^^^^^^^^^^^^^^^^^^^^^^^

tests\test_estimate_run_cost.py:109: 
_ _ _ _ _ _ _ _ _ _ _ _ _ _ _ _ _ _ _ _ _ _ _ _ _ _ _ _ _ _ _ _ _ _ _ _ _ _ _ _

us = &lt;module 'tinyassets.universe_server' from 'C:\\Users\\Jonathan\\Projects\\wf-required-test-gate\\tinyassets\\universe_server.py'&gt;
n_llm = 1, n_code = 0

    def _create_branch_with_nodes(us, n_llm: int = 1, n_code: int = 0) -&gt; str:
        """Create a branch with n_llm prompt-template nodes + n_code code nodes."""
        result = _call(us, "create_branch", name=f"test_branch_{n_llm}_{n_code}")
&gt;       bid = result["branch_def_id"]
              ^^^^^^^^^^^^^^^^^^^^^^^
E       KeyError: 'branch_def_id'

tests\test_estimate_run_cost.py:42: KeyError</failure></testcase><testcase classname="tests.test_estimate_run_cost.TestEstimateRunCostConfidence" name="test_never_run_branch_returns_low_confidence" file="tests\test_estimate_run_cost.py" line="115" time="0.149"><failure message="KeyError: 'branch_def_id'">self = &lt;tests.test_estimate_run_cost.TestEstimateRunCostConfidence object at 0x0000018D841EAD50&gt;
run_env = (&lt;module 'tinyassets.universe_server' from 'C:\\Users\\Jonathan\\Projects\\wf-required-test-gate\\tinyassets\\universe...'&gt;, WindowsPath('C:/Users/Jonathan/AppData/Local/Temp/pytest-of-Jonathan/pytest-7404/test_never_run_branch_returns_0'))

    def test_never_run_branch_returns_low_confidence(self, run_env):
        us, _ = run_env
&gt;       bid = _create_branch_with_nodes(us, n_llm=2)
              ^^^^^^^^^^^^^^^^^^^^^^^^^^^^^^^^^^^^^^

tests\test_estimate_run_cost.py:118: 
_ _ _ _ _ _ _ _ _ _ _ _ _ _ _ _ _ _ _ _ _ _ _ _ _ _ _ _ _ _ _ _ _ _ _ _ _ _ _ _

us = &lt;module 'tinyassets.universe_server' from 'C:\\Users\\Jonathan\\Projects\\wf-required-test-gate\\tinyassets\\universe_server.py'&gt;
n_llm = 2, n_code = 0

    def _create_branch_with_nodes(us, n_llm: int = 1, n_code: int = 0) -&gt; str:
        """Create a branch with n_llm prompt-template nodes + n_code code nodes."""
        result = _call(us, "create_branch", name=f"test_branch_{n_llm}_{n_code}")
&gt;       bid = result["branch_def_id"]
              ^^^^^^^^^^^^^^^^^^^^^^^
E       KeyError: 'branch_def_id'

tests\test_estimate_run_cost.py:42: KeyError</failure></testcase><testcase classname="tests.test_estimate_run_cost.TestEstimateRunCostConfidence" name="test_one_completed_run_returns_medium_confidence" file="tests\test_estimate_run_cost.py" line="122" time="0.155"><failure message="KeyError: 'branch_def_id'">self = &lt;tests.test_estimate_run_cost.TestEstimateRunCostConfidence object at 0x0000018D841EAE90&gt;
run_env = (&lt;module 'tinyassets.universe_server' from 'C:\\Users\\Jonathan\\Projects\\wf-required-test-gate\\tinyassets\\universe...'&gt;, WindowsPath('C:/Users/Jonathan/AppData/Local/Temp/pytest-of-Jonathan/pytest-7404/test_one_completed_run_returns0'))

    def test_one_completed_run_returns_medium_confidence(self, run_env):
        us, base = run_env
&gt;       bid = _create_branch_with_nodes(us, n_llm=1)
              ^^^^^^^^^^^^^^^^^^^^^^^^^^^^^^^^^^^^^^

tests\test_estimate_run_cost.py:125: 
_ _ _ _ _ _ _ _ _ _ _ _ _ _ _ _ _ _ _ _ _ _ _ _ _ _ _ _ _ _ _ _ _ _ _ _ _ _ _ _

us = &lt;module 'tinyassets.universe_server' from 'C:\\Users\\Jonathan\\Projects\\wf-required-test-gate\\tinyassets\\universe_server.py'&gt;
n_llm = 1, n_code = 0

    def _create_branch_with_nodes(us, n_llm: int = 1, n_code: int = 0) -&gt; str:
        """Create a branch with n_llm prompt-template nodes + n_code code nodes."""
        result = _call(us, "create_branch", name=f"test_branch_{n_llm}_{n_code}")
&gt;       bid = result["branch_def_id"]
              ^^^^^^^^^^^^^^^^^^^^^^^
E       KeyError: 'branch_def_id'

tests\test_estimate_run_cost.py:42: KeyError</failure></testcase><testcase classname="tests.test_estimate_run_cost.TestEstimateRunCostConfidence" name="test_four_completed_runs_returns_medium_confidence" file="tests\test_estimate_run_cost.py" line="130" time="0.154"><failure message="KeyError: 'branch_def_id'">self = &lt;tests.test_estimate_run_cost.TestEstimateRunCostConfidence object at 0x0000018D8467ED70&gt;
run_env = (&lt;module 'tinyassets.universe_server' from 'C:\\Users\\Jonathan\\Projects\\wf-required-test-gate\\tinyassets\\universe...'&gt;, WindowsPath('C:/Users/Jonathan/AppData/Local/Temp/pytest-of-Jonathan/pytest-7404/test_four_completed_runs_retur0'))

    def test_four_completed_runs_returns_medium_confidence(self, run_env):
        us, base = run_env
&gt;       bid = _create_branch_with_nodes(us, n_llm=1)
              ^^^^^^^^^^^^^^^^^^^^^^^^^^^^^^^^^^^^^^

tests\test_estimate_run_cost.py:133: 
_ _ _ _ _ _ _ _ _ _ _ _ _ _ _ _ _ _ _ _ _ _ _ _ _ _ _ _ _ _ _ _ _ _ _ _ _ _ _ _

us = &lt;module 'tinyassets.universe_server' from 'C:\\Users\\Jonathan\\Projects\\wf-required-test-gate\\tinyassets\\universe_server.py'&gt;
n_llm = 1, n_code = 0

    def _create_branch_with_nodes(us, n_llm: int = 1, n_code: int = 0) -&gt; str:
        """Create a branch with n_llm prompt-template nodes + n_code code nodes."""
        result = _call(us, "create_branch", name=f"test_branch_{n_llm}_{n_code}")
&gt;       bid = result["branch_def_id"]
              ^^^^^^^^^^^^^^^^^^^^^^^
E       KeyError: 'branch_def_id'

tests\test_estimate_run_cost.py:42: KeyError</failure></testcase><testcase classname="tests.test_estimate_run_cost.TestEstimateRunCostConfidence" name="test_five_completed_runs_returns_high_confidence" file="tests\test_estimate_run_cost.py" line="137" time="0.147"><failure message="KeyError: 'branch_def_id'">self = &lt;tests.test_estimate_run_cost.TestEstimateRunCostConfidence object at 0x0000018D8467F5C0&gt;
run_env = (&lt;module 'tinyassets.universe_server' from 'C:\\Users\\Jonathan\\Projects\\wf-required-test-gate\\tinyassets\\universe...'&gt;, WindowsPath('C:/Users/Jonathan/AppData/Local/Temp/pytest-of-Jonathan/pytest-7404/test_five_completed_runs_retur0'))

    def test_five_completed_runs_returns_high_confidence(self, run_env):
        us, base = run_env
&gt;       bid = _create_branch_with_nodes(us, n_llm=1)
              ^^^^^^^^^^^^^^^^^^^^^^^^^^^^^^^^^^^^^^

tests\test_estimate_run_cost.py:140: 
_ _ _ _ _ _ _ _ _ _ _ _ _ _ _ _ _ _ _ _ _ _ _ _ _ _ _ _ _ _ _ _ _ _ _ _ _ _ _ _

us = &lt;module 'tinyassets.universe_server' from 'C:\\Users\\Jonathan\\Projects\\wf-required-test-gate\\tinyassets\\universe_server.py'&gt;
n_llm = 1, n_code = 0

    def _create_branch_with_nodes(us, n_llm: int = 1, n_code: int = 0) -&gt; str:
        """Create a branch with n_llm prompt-template nodes + n_code code nodes."""
        result = _call(us, "create_branch", name=f"test_branch_{n_llm}_{n_code}")
&gt;       bid = result["branch_def_id"]
              ^^^^^^^^^^^^^^^^^^^^^^^
E       KeyError: 'branch_def_id'

tests\test_estimate_run_cost.py:42: KeyError</failure></testcase><testcase classname="tests.test_estimate_run_cost.TestEstimateRunCostConfidence" name="test_ten_completed_runs_returns_high_confidence" file="tests\test_estimate_run_cost.py" line="144" time="0.147"><failure message="KeyError: 'branch_def_id'">self = &lt;tests.test_estimate_run_cost.TestEstimateRunCostConfidence object at 0x0000018D83959490&gt;
run_env = (&lt;module 'tinyassets.universe_server' from 'C:\\Users\\Jonathan\\Projects\\wf-required-test-gate\\tinyassets\\universe...'&gt;, WindowsPath('C:/Users/Jonathan/AppData/Local/Temp/pytest-of-Jonathan/pytest-7404/test_ten_completed_runs_return0'))

    def test_ten_completed_runs_returns_high_confidence(self, run_env):
        us, base = run_env
&gt;       bid = _create_branch_with_nodes(us, n_llm=1)
              ^^^^^^^^^^^^^^^^^^^^^^^^^^^^^^^^^^^^^^

tests\test_estimate_run_cost.py:147: 
_ _ _ _ _ _ _ _ _ _ _ _ _ _ _ _ _ _ _ _ _ _ _ _ _ _ _ _ _ _ _ _ _ _ _ _ _ _ _ _

us = &lt;module 'tinyassets.universe_server' from 'C:\\Users\\Jonathan\\Projects\\wf-required-test-gate\\tinyassets\\universe_server.py'&gt;
n_llm = 1, n_code = 0

    def _create_branch_with_nodes(us, n_llm: int = 1, n_code: int = 0) -&gt; str:
        """Create a branch with n_llm prompt-template nodes + n_code code nodes."""
        result = _call(us, "create_branch", name=f"test_branch_{n_llm}_{n_code}")
&gt;       bid = result["branch_def_id"]
              ^^^^^^^^^^^^^^^^^^^^^^^
E       KeyError: 'branch_def_id'

tests\test_estimate_run_cost.py:42: KeyError</failure></testcase><testcase classname="tests.test_estimate_run_cost.TestEstimateRunCostCost" name="test_llm_nodes_cost_more_than_code_nodes" file="tests\test_estimate_run_cost.py" line="153" time="0.245"><failure message="KeyError: 'branch_def_id'">self = &lt;tests.test_estimate_run_cost.TestEstimateRunCostCost object at 0x0000018D841EAFD0&gt;
run_env = (&lt;module 'tinyassets.universe_server' from 'C:\\Users\\Jonathan\\Projects\\wf-required-test-gate\\tinyassets\\universe...'&gt;, WindowsPath('C:/Users/Jonathan/AppData/Local/Temp/pytest-of-Jonathan/pytest-7404/test_llm_nodes_cost_more_than_0'))

    def test_llm_nodes_cost_more_than_code_nodes(self, run_env):
        us, _ = run_env
&gt;       bid_llm = _create_branch_with_nodes(us, n_llm=5)
                  ^^^^^^^^^^^^^^^^^^^^^^^^^^^^^^^^^^^^^^

tests\test_estimate_run_cost.py:156: 
_ _ _ _ _ _ _ _ _ _ _ _ _ _ _ _ _ _ _ _ _ _ _ _ _ _ _ _ _ _ _ _ _ _ _ _ _ _ _ _

us = &lt;module 'tinyassets.universe_server' from 'C:\\Users\\Jonathan\\Projects\\wf-required-test-gate\\tinyassets\\universe_server.py'&gt;
n_llm = 5, n_code = 0

    def _create_branch_with_nodes(us, n_llm: int = 1, n_code: int = 0) -&gt; str:
        """Create a branch with n_llm prompt-template nodes + n_code code nodes."""
        result = _call(us, "create_branch", name=f"test_branch_{n_llm}_{n_code}")
&gt;       bid = result["branch_def_id"]
              ^^^^^^^^^^^^^^^^^^^^^^^
E       KeyError: 'branch_def_id'

tests\test_estimate_run_cost.py:42: KeyError</failure></testcase><testcase classname="tests.test_estimate_run_cost.TestEstimateRunCostCost" name="test_credits_non_negative" file="tests\test_estimate_run_cost.py" line="161" time="0.127"><failure message="KeyError: 'branch_def_id'">self = &lt;tests.test_estimate_run_cost.TestEstimateRunCostCost object at 0x0000018D841EB110&gt;
run_env = (&lt;module 'tinyassets.universe_server' from 'C:\\Users\\Jonathan\\Projects\\wf-required-test-gate\\tinyassets\\universe...er.py'&gt;, WindowsPath('C:/Users/Jonathan/AppData/Local/Temp/pytest-of-Jonathan/pytest-7404/test_credits_non_negative0'))

    def test_credits_non_negative(self, run_env):
        us, _ = run_env
&gt;       bid = _create_branch_with_nodes(us, n_llm=2, n_code=1)
              ^^^^^^^^^^^^^^^^^^^^^^^^^^^^^^^^^^^^^^^^^^^^^^^^

tests\test_estimate_run_cost.py:164: 
_ _ _ _ _ _ _ _ _ _ _ _ _ _ _ _ _ _ _ _ _ _ _ _ _ _ _ _ _ _ _ _ _ _ _ _ _ _ _ _

us = &lt;module 'tinyassets.universe_server' from 'C:\\Users\\Jonathan\\Projects\\wf-required-test-gate\\tinyassets\\universe_server.py'&gt;
n_llm = 2, n_code = 1

    def _create_branch_with_nodes(us, n_llm: int = 1, n_code: int = 0) -&gt; str:
        """Create a branch with n_llm prompt-template nodes + n_code code nodes."""
        result = _call(us, "create_branch", name=f"test_branch_{n_llm}_{n_code}")
&gt;       bid = result["branch_def_id"]
              ^^^^^^^^^^^^^^^^^^^^^^^
E       KeyError: 'branch_def_id'

tests\test_estimate_run_cost.py:42: KeyError</failure></testcase><testcase classname="tests.test_estimate_run_cost.TestEstimateRunCostReadOnly" name="test_two_consecutive_calls_return_identical_result" file="tests\test_estimate_run_cost.py" line="169" time="0.142"><failure message="KeyError: 'branch_def_id'">self = &lt;tests.test_estimate_run_cost.TestEstimateRunCostReadOnly object at 0x0000018D841EB250&gt;
run_env = (&lt;module 'tinyassets.universe_server' from 'C:\\Users\\Jonathan\\Projects\\wf-required-test-gate\\tinyassets\\universe...'&gt;, WindowsPath('C:/Users/Jonathan/AppData/Local/Temp/pytest-of-Jonathan/pytest-7404/test_two_consecutive_calls_ret0'))

    def test_two_consecutive_calls_return_identical_result(self, run_env):
        us, _ = run_env
&gt;       bid = _create_branch_with_nodes(us, n_llm=2)
              ^^^^^^^^^^^^^^^^^^^^^^^^^^^^^^^^^^^^^^

tests\test_estimate_run_cost.py:172: 
_ _ _ _ _ _ _ _ _ _ _ _ _ _ _ _ _ _ _ _ _ _ _ _ _ _ _ _ _ _ _ _ _ _ _ _ _ _ _ _

us = &lt;module 'tinyassets.universe_server' from 'C:\\Users\\Jonathan\\Projects\\wf-required-test-gate\\tinyassets\\universe_server.py'&gt;
n_llm = 2, n_code = 0

    def _create_branch_with_nodes(us, n_llm: int = 1, n_code: int = 0) -&gt; str:
        """Create a branch with n_llm prompt-template nodes + n_code code nodes."""
        result = _call(us, "create_branch", name=f"test_branch_{n_llm}_{n_code}")
&gt;       bid = result["branch_def_id"]
              ^^^^^^^^^^^^^^^^^^^^^^^
E       KeyError: 'branch_def_id'

tests\test_estimate_run_cost.py:42: KeyError</failure></testcase><testcase classname="tests.test_estimate_run_cost.TestEstimateRunCostReadOnly" name="test_not_in_write_actions" file="tests\test_estimate_run_cost.py" line="176" time="0.001" /><testcase classname="tests.test_evaluation.TestStructuralEvaluator" name="test_returns_structural_result" file="tests\test_evaluation.py" line="95" time="0.001" /><testcase classname="tests.test_evaluation.TestStructuralEvaluator" name="test_all_check_names_present" file="tests\test_evaluation.py" line="107" time="0.001" /><testcase classname="tests.test_evaluation.TestStructuralEvaluator" name="test_each_check_is_check_result" file="tests\test_evaluation.py" line="125" time="0.001" /><testcase classname="tests.test_evaluation.TestStructuralEvaluator" name="test_aggregate_score_within_bounds" file="tests\test_evaluation.py" line="137" time="0.001" /><testcase classname="tests.test_evaluation.TestStructuralEvaluator" name="test_empty_prose_does_not_crash" file="tests\test_evaluation.py" line="143" time="0.001" /><testcase classname="tests.test_evaluation.TestStructuralEvaluator" name="test_missing_draft_output_does_not_crash" file="tests\test_evaluation.py" line="149" time="0.000" /><testcase classname="tests.test_evaluation.TestTaacCoherence" name="test_high_overlap_scores_well" file="tests\test_evaluation.py" line="163" time="0.001" /><testcase classname="tests.test_evaluation.TestTaacCoherence" name="test_low_overlap_scores_poorly" file="tests\test_evaluation.py" line="168" time="0.001" /><testcase classname="tests.test_evaluation.TestTaacCoherence" name="test_single_sentence" file="tests\test_evaluation.py" line="173" time="0.001" /><testcase classname="tests.test_evaluation.TestTaacCoherence" name="test_empty_text" file="tests\test_evaluation.py" line="178" time="0.001" /><testcase classname="tests.test_evaluation.TestReadability" name="test_fantasy_range_passes" file="tests\test_evaluation.py" line="189" time="0.001" /><testcase classname="tests.test_evaluation.TestReadability" name="test_too_simple_flags" file="tests\test_evaluation.py" line="194" time="0.001" /><testcase classname="tests.test_evaluation.TestReadability" name="test_empty_text" file="tests\test_evaluation.py" line="201" time="0.001" /><testcase classname="tests.test_evaluation.TestReadability" name="test_details_populated" file="tests\test_evaluation.py" line="205" time="0.001" /><testcase classname="tests.test_evaluation.TestPacing" name="test_normal_scene_passes" file="tests\test_evaluation.py" line="218" time="0.001" /><testcase classname="tests.test_evaluation.TestPacing" name="test_too_long_flags" file="tests\test_evaluation.py" line="223" time="0.001" /><testcase classname="tests.test_evaluation.TestPacing" name="test_no_chapter_avg_still_works" file="tests\test_evaluation.py" line="229" time="0.001" /><testcase classname="tests.test_evaluation.TestPacing" name="test_dialogue_ratio_detected" file="tests\test_evaluation.py" line="233" time="0.000" /><testcase classname="tests.test_evaluation.TestPacing" name="test_details_populated" file="tests\test_evaluation.py" line="243" time="0.001" /><testcase classname="tests.test_evaluation.TestChekhovTracking" name="test_no_promises_passes" file="tests\test_evaluation.py" line="256" time="0.001" /><testcase classname="tests.test_evaluation.TestChekhovTracking" name="test_unresolved_long_active_flags" file="tests\test_evaluation.py" line="262" time="0.000" /><testcase classname="tests.test_evaluation.TestChekhovTracking" name="test_recently_introduced_passes" file="tests\test_evaluation.py" line="276" time="0.000" /><testcase classname="tests.test_evaluation.TestChekhovTracking" name="test_mixed_overdue_and_recent" file="tests\test_evaluation.py" line="288" time="0.001" /><testcase classname="tests.test_evaluation.TestTimelineConsistency" name="test_no_conflicts_passes" file="tests\test_evaluation.py" line="310" time="0.000" /><testcase classname="tests.test_evaluation.TestTimelineConsistency" name="test_location_conflict_is_hard_failure" file="tests\test_evaluation.py" line="316" time="0.000" /><testcase classname="tests.test_evaluation.TestTimelineConsistency" name="test_knowledge_boundary_violation" file="tests\test_evaluation.py" line="334" time="0.000" /><testcase classname="tests.test_evaluation.TestTimelineConsistency" name="test_empty_orient_result" file="tests\test_evaluation.py" line="350" time="0.001" /><testcase classname="tests.test_evaluation.TestFactsContradict" name="test_negation_asymmetry" file="tests\test_evaluation.py" line="362" time="0.001" /><testcase classname="tests.test_evaluation.TestFactsContradict" name="test_attribute_conflict" file="tests\test_evaluation.py" line="368" time="0.001" /><testcase classname="tests.test_evaluation.TestFactsContradict" name="test_no_contradiction" file="tests\test_evaluation.py" line="374" time="0.001" /><testcase classname="tests.test_evaluation.TestFactsContradict" name="test_same_fact_no_contradiction" file="tests\test_evaluation.py" line="380" time="0.001" /><testcase classname="tests.test_evaluation.TestFactsContradict" name="test_different_subjects_no_conflict" file="tests\test_evaluation.py" line="386" time="0.001" /><testcase classname="tests.test_evaluation.TestFactsContradict" name="test_never_vs_positive" file="tests\test_evaluation.py" line="392" time="0.001" /><testcase classname="tests.test_evaluation.TestFactsContradict" name="test_unrelated_negation_no_false_positive" file="tests\test_evaluation.py" line="398" time="0.001" /><testcase classname="tests.test_evaluation.TestFactsContradict" name="test_unrelated_never_no_false_positive" file="tests\test_evaluation.py" line="405" time="0.001" /><testcase classname="tests.test_evaluation.TestFactsContradict" name="test_shared_subject_different_predicates_no_false_positive" file="tests\test_evaluation.py" line="412" time="0.001" /><testcase classname="tests.test_evaluation.TestFactsContradict" name="test_negation_with_shared_predicate_still_fires" file="tests\test_evaluation.py" line="419" time="0.001" /><testcase classname="tests.test_evaluation.TestCanonBreach" name="test_no_canon_data_passes" file="tests\test_evaluation.py" line="433" time="0.001" /><testcase classname="tests.test_evaluation.TestCanonBreach" name="test_attribute_contradiction_detected" file="tests\test_evaluation.py" line="439" time="0.001" /><testcase classname="tests.test_evaluation.TestCanonBreach" name="test_negation_contradiction_detected" file="tests\test_evaluation.py" line="455" time="0.001" /><testcase classname="tests.test_evaluation.TestCanonBreach" name="test_no_contradiction_passes" file="tests\test_evaluation.py" line="471" time="0.001" /><testcase classname="tests.test_evaluation.TestCanonBreach" name="test_compatible_facts_pass" file="tests\test_evaluation.py" line="485" time="0.001" /><testcase classname="tests.test_evaluation.TestASPConstraint" name="test_stub_passes_when_no_engine" file="tests\test_evaluation.py" line="511" time="0.001"><skipped type="pytest.skip" message="ASP engine is available; stub test not applicable">C:\Users\Jonathan\Projects\wf-required-test-gate\tests\test_evaluation.py:524: ASP engine is available; stub test not applicable</skipped></testcase><testcase classname="tests.test_evaluation.TestHardFailure" name="test_timeline_conflict_sets_hard_failure" file="tests\test_evaluation.py" line="532" time="0.001" /><testcase classname="tests.test_evaluation.TestHardFailure" name="test_canon_breach_is_observation_not_hard_failure" file="tests\test_evaluation.py" line="550" time="0.001" /><testcase classname="tests.test_evaluation.TestHardFailure" name="test_no_hard_failure_for_pacing" file="tests\test_evaluation.py" line="574" time="0.002" /><testcase classname="tests.test_evaluation.TestAggregateScore" name="test_perfect_state_high_score" file="tests\test_evaluation.py" line="592" time="0.001" /><testcase classname="tests.test_evaluation.TestAggregateScore" name="test_score_is_weighted_average" file="tests\test_evaluation.py" line="598" time="0.001" /><testcase classname="tests.test_evaluation.TestCommitUsesRealEvaluator" name="test_commit_imports_real_evaluator" file="tests\test_evaluation.py" line="624" time="0.001" /><testcase classname="tests.test_evaluation.TestCommitUsesRealEvaluator" name="test_commit_returns_structural_checks_as_dicts" file="tests\test_evaluation.py" line="635" time="0.002" /><testcase classname="tests.test_evaluation.TestCommitUsesRealEvaluator" name="test_commit_verdict_without_editorial" file="tests\test_evaluation.py" line="651" time="0.002" /><testcase classname="tests.test_evaluation.TestCommitUsesRealEvaluator" name="test_commit_hard_failure_reverts" file="tests\test_evaluation.py" line="664" time="0.002" /><testcase classname="tests.test_evaluation.TestBuildEditorialContext" name="test_extracts_previous_scene" file="tests\test_evaluation.py" line="696" time="0.001" /><testcase classname="tests.test_evaluation.TestBuildEditorialContext" name="test_extracts_canon_from_orient_result" file="tests\test_evaluation.py" line="703" time="0.001" /><testcase classname="tests.test_evaluation.TestBuildEditorialContext" name="test_extracts_direction_notes_from_notes_store" file="tests\test_evaluation.py" line="714" time="0.019" /><testcase classname="tests.test_evaluation.TestBuildEditorialContext" name="test_empty_state_returns_empty_strings" file="tests\test_evaluation.py" line="728" time="0.001" /><testcase classname="tests.test_evaluation.TestEditorialReaderEnrichedContext" name="test_editorial_prompt_includes_context" file="tests\test_evaluation.py" line="740" time="0.001" /><testcase classname="tests.test_evaluation.TestConsistencyAuditNotes" name="test_builds_notes_from_structural_and_process_failures" file="tests\test_evaluation.py" line="773" time="0.001" /><testcase classname="tests.test_evaluation.TestObservationNotes" name="test_coherence_observation_low_overlap" file="tests\test_evaluation.py" line="828" time="0.001" /><testcase classname="tests.test_evaluation.TestObservationNotes" name="test_readability_observation_dense_prose" file="tests\test_evaluation.py" line="836" time="0.001" /><testcase classname="tests.test_evaluation.TestObservationNotes" name="test_pacing_observation_no_dialogue" file="tests\test_evaluation.py" line="849" time="0.001" /><testcase classname="tests.test_evaluation.TestObservationNotes" name="test_chekhov_observation" file="tests\test_evaluation.py" line="861" time="0.001" /><testcase classname="tests.test_evaluation.TestObservationNotes" name="test_canon_breach_observation" file="tests\test_evaluation.py" line="875" time="0.001" /><testcase classname="tests.test_evaluation.TestObservationNotes" name="test_passing_check_has_no_observation" file="tests\test_evaluation.py" line="888" time="0.001" /><testcase classname="tests.test_evaluation.TestObservationNotes" name="test_check_result_observation_field_defaults_empty" file="tests\test_evaluation.py" line="894" time="0.000" /><testcase classname="tests.test_evaluation.TestToEditorialConcerns" name="test_hard_failure_becomes_clearly_wrong" file="tests\test_evaluation.py" line="903" time="0.001" /><testcase classname="tests.test_evaluation.TestToEditorialConcerns" name="test_soft_observation_becomes_not_clearly_wrong" file="tests\test_evaluation.py" line="924" time="0.001" /><testcase classname="tests.test_evaluation.TestToEditorialConcerns" name="test_no_issues_produces_no_concerns" file="tests\test_evaluation.py" line="941" time="0.001" /><testcase classname="tests.test_evaluation.TestToEditorialConcerns" name="test_concerns_are_editorial_concern_instances" file="tests\test_evaluation.py" line="949" time="0.001" /><testcase classname="tests.test_evaluation.TestExtractPremiseTerms" name="test_extracts_proper_nouns" file="tests\test_evaluation.py" line="979" time="0.001" /><testcase classname="tests.test_evaluation.TestExtractPremiseTerms" name="test_protagonist_is_noun_before_verb" file="tests\test_evaluation.py" line="986" time="0.001" /><testcase classname="tests.test_evaluation.TestExtractPremiseTerms" name="test_protagonist_after_location" file="tests\test_evaluation.py" line="992" time="0.001" /><testcase classname="tests.test_evaluation.TestExtractPremiseTerms" name="test_empty_premise" file="tests\test_evaluation.py" line="1004" time="0.000" /><testcase classname="tests.test_evaluation.TestExtractPremiseTerms" name="test_skips_common_words" file="tests\test_evaluation.py" line="1009" time="0.001" /><testcase classname="tests.test_evaluation.TestPremiseGrounding" name="test_correct_universe_passes" file="tests\test_evaluation.py" line="1021" time="0.001" /><testcase classname="tests.test_evaluation.TestPremiseGrounding" name="test_wrong_protagonist_degrades_score" file="tests\test_evaluation.py" line="1038" time="0.001" /><testcase classname="tests.test_evaluation.TestPremiseGrounding" name="test_total_departure_fails" file="tests\test_evaluation.py" line="1060" time="0.001" /><testcase classname="tests.test_evaluation.TestPremiseGrounding" name="test_zero_world_terms_fails" file="tests\test_evaluation.py" line="1077" time="0.001" /><testcase classname="tests.test_evaluation.TestPremiseGrounding" name="test_no_premise_passes" file="tests\test_evaluation.py" line="1094" time="0.000" /><testcase classname="tests.test_evaluation.TestPremiseGrounding" name="test_premise_kernel_used_as_fallback" file="tests\test_evaluation.py" line="1100" time="0.001" /><testcase classname="tests.test_evaluation.TestPremiseGrounding" name="test_program_md_disk_fallback" file="tests\test_evaluation.py" line="1110" time="0.015" /><testcase classname="tests.test_evaluation.TestPremiseGrounding" name="test_cross_universe_contamination" file="tests\test_evaluation.py" line="1126" time="0.001" /><testcase classname="tests.test_evaluation.TestPremiseGrounding" name="test_evaluator_includes_premise_check" file="tests\test_evaluation.py" line="1142" time="0.001" /><testcase classname="tests.test_evaluation.TestPremiseGrounding" name="test_hard_failure_on_total_departure" file="tests\test_evaluation.py" line="1162" time="0.001" /><testcase classname="tests.test_evaluator_authoring" name="test_evaluator_skeleton_declares_the_canonical_contract_slots" file="tests\test_evaluator_authoring.py" line="96" time="0.035" /><testcase classname="tests.test_evaluator_authoring" name="test_evaluator_publishes_as_a_versioned_artifact_with_lineage" file="tests\test_evaluator_authoring.py" line="106" time="0.093" /><testcase classname="tests.test_evaluator_authoring" name="test_evaluator_summary_view_surfaces_stages_and_human_stage" file="tests\test_evaluator_authoring.py" line="139" time="0.059" /><testcase classname="tests.test_evaluator_authoring" name="test_missing_required_output_blocks_publication" file="tests\test_evaluator_authoring.py" line="157" time="0.044" /><testcase classname="tests.test_evaluator_authoring" name="test_non_canonical_verdict_is_rejected" file="tests\test_evaluator_authoring.py" line="181" time="0.042" /><testcase classname="tests.test_evaluator_authoring" name="test_determinism_policy_must_be_declared" file="tests\test_evaluator_authoring.py" line="193" time="0.066" /><testcase classname="tests.test_evaluator_authoring" name="test_ordered_chain_with_continuation_is_valid" file="tests\test_evaluator_authoring.py" line="223" time="0.053" /><testcase classname="tests.test_evaluator_authoring" name="test_uncovered_verdict_path_blocks_publication_and_names_it" file="tests\test_evaluator_authoring.py" line="242" time="0.045" /><testcase classname="tests.test_evaluator_authoring" name="test_chain_cycle_is_rejected" file="tests\test_evaluator_authoring.py" line="257" time="0.043" /><testcase classname="tests.test_evaluator_authoring" name="test_continuation_to_unknown_stage_is_rejected" file="tests\test_evaluator_authoring.py" line="287" time="0.039" /><testcase classname="tests.test_evaluator_authoring" name="test_surrounding_workflow_cannot_masquerade_as_an_evaluator" file="tests\test_evaluator_authoring.py" line="297" time="0.076" /><testcase classname="tests.test_evaluator_authoring" name="test_evaluator_binding_on_a_node_must_reference_a_published_evaluator" file="tests\test_evaluator_authoring.py" line="309" time="0.051" /><testcase classname="tests.test_evaluator_authoring" name="test_evaluator_binding_resolves_to_a_real_published_version" file="tests\test_evaluator_authoring.py" line="330" time="0.103" /><testcase classname="tests.test_evaluator_protocol.TestEvalResult" name="test_defaults" file="tests\test_evaluator_protocol.py" line="26" time="0.001" /><testcase classname="tests.test_evaluator_protocol.TestEvalResult" name="test_score_lower_bound_accepted" file="tests\test_evaluator_protocol.py" line="31" time="0.000" /><testcase classname="tests.test_evaluator_protocol.TestEvalResult" name="test_score_upper_bound_accepted" file="tests\test_evaluator_protocol.py" line="35" time="0.000" /><testcase classname="tests.test_evaluator_protocol.TestEvalResult" name="test_score_above_range_raises" file="tests\test_evaluator_protocol.py" line="39" time="0.001" /><testcase classname="tests.test_evaluator_protocol.TestEvalResult" name="test_score_below_range_raises" file="tests\test_evaluator_protocol.py" line="43" time="0.000" /><testcase classname="tests.test_evaluator_protocol.TestEvalResult" name="test_details_stored" file="tests\test_evaluator_protocol.py" line="47" time="0.001" /><testcase classname="tests.test_evaluator_protocol.TestEvalResult" name="test_label_stored" file="tests\test_evaluator_protocol.py" line="51" time="0.000" /><testcase classname="tests.test_evaluator_protocol.TestEvalResult" name="test_not_applicable_score" file="tests\test_evaluator_protocol.py" line="55" time="0.000" /><testcase classname="tests.test_evaluator_protocol.TestEvalResult" name="test_verdict_values_accepted" file="tests\test_evaluator_protocol.py" line="59" time="0.001" /><testcase classname="tests.test_evaluator_protocol.TestEvaluatorProtocol" name="test_numeric_evaluator_satisfies_protocol" file="tests\test_evaluator_protocol.py" line="85" time="0.001" /><testcase classname="tests.test_evaluator_protocol.TestEvaluatorProtocol" name="test_missing_method_fails_protocol" file="tests\test_evaluator_protocol.py" line="89" time="0.000" /><testcase classname="tests.test_evaluator_protocol.TestEvaluatorProtocol" name="test_numeric_evaluator_returns_eval_result" file="tests\test_evaluator_protocol.py" line="92" time="0.001" /><testcase classname="tests.test_evaluator_protocol.TestEvaluatorProtocol" name="test_numeric_evaluator_fail_verdict" file="tests\test_evaluator_protocol.py" line="99" time="0.000" /><testcase classname="tests.test_evaluator_protocol.TestEvaluatorProtocol" name="test_numeric_evaluator_clamps_score" file="tests\test_evaluator_protocol.py" line="104" time="0.000" /><testcase classname="tests.test_evaluator_protocol.TestEvaluatorProtocol" name="test_protocol_satisfied_by_lambda_class" file="tests\test_evaluator_protocol.py" line="109" time="0.001" /><testcase classname="tests.test_evaluator_protocol.TestEvaluatorProtocol" name="test_structural_evaluator_satisfies_protocol" file="tests\test_evaluator_protocol.py" line="116" time="0.001" /><testcase classname="tests.test_evaluator_protocol.TestProcessEvaluationToEvalResult" name="test_returns_eval_result" file="tests\test_evaluator_protocol.py" line="154" time="0.000" /><testcase classname="tests.test_evaluator_protocol.TestProcessEvaluationToEvalResult" name="test_kind_is_process" file="tests\test_evaluator_protocol.py" line="159" time="0.000" /><testcase classname="tests.test_evaluator_protocol.TestProcessEvaluationToEvalResult" name="test_pass_verdict_when_no_failures" file="tests\test_evaluator_protocol.py" line="163" time="0.001" /><testcase classname="tests.test_evaluator_protocol.TestProcessEvaluationToEvalResult" name="test_fail_verdict_when_checks_fail" file="tests\test_evaluator_protocol.py" line="167" time="0.000" /><testcase classname="tests.test_evaluator_protocol.TestProcessEvaluationToEvalResult" name="test_score_preserved" file="tests\test_evaluator_protocol.py" line="171" time="0.001" /><testcase classname="tests.test_evaluator_protocol.TestProcessEvaluationToEvalResult" name="test_score_clamped_to_range" file="tests\test_evaluator_protocol.py" line="175" time="0.000" /><testcase classname="tests.test_evaluator_protocol.TestProcessEvaluationToEvalResult" name="test_details_include_failing_checks" file="tests\test_evaluator_protocol.py" line="180" time="0.000" /><testcase classname="tests.test_evaluator_protocol.TestProcessEvaluationToEvalResult" name="test_label_set" file="tests\test_evaluator_protocol.py" line="185" time="0.000" /><testcase classname="tests.test_evaluator_protocol.TestScoreRangeInvariants" name="test_valid_scores_accepted[-1.0]" file="tests\test_evaluator_protocol.py" line="193" time="0.001" /><testcase classname="tests.test_evaluator_protocol.TestScoreRangeInvariants" name="test_valid_scores_accepted[-0.5]" file="tests\test_evaluator_protocol.py" line="193" time="0.001" /><testcase classname="tests.test_evaluator_protocol.TestScoreRangeInvariants" name="test_valid_scores_accepted[0.0]" file="tests\test_evaluator_protocol.py" line="193" time="0.001" /><testcase classname="tests.test_evaluator_protocol.TestScoreRangeInvariants" name="test_valid_scores_accepted[0.5]" file="tests\test_evaluator_protocol.py" line="193" time="0.001" /><testcase classname="tests.test_evaluator_protocol.TestScoreRangeInvariants" name="test_valid_scores_accepted[1.0]" file="tests\test_evaluator_protocol.py" line="193" time="0.001" /><testcase classname="tests.test_evaluator_protocol.TestScoreRangeInvariants" name="test_out_of_range_scores_rejected[-1.001]" file="tests\test_evaluator_protocol.py" line="198" time="0.001" /><testcase classname="tests.test_evaluator_protocol.TestScoreRangeInvariants" name="test_out_of_range_scores_rejected[1.001]" file="tests\test_evaluator_protocol.py" line="198" time="0.000" /><testcase classname="tests.test_evaluator_protocol.TestScoreRangeInvariants" name="test_out_of_range_scores_rejected[-2.0]" file="tests\test_evaluator_protocol.py" line="198" time="0.001" /><testcase classname="tests.test_evaluator_protocol.TestScoreRangeInvariants" name="test_out_of_range_scores_rejected[2.0]" file="tests\test_evaluator_protocol.py" line="198" time="0.001" /><testcase classname="tests.test_evaluator_protocol.TestScoreRangeInvariants" name="test_out_of_range_scores_rejected[inf]" file="tests\test_evaluator_protocol.py" line="198" time="0.001" /><testcase classname="tests.test_execution_authority_import_boundary" name="test_no_production_module_imports_the_fake_root" file="tests\test_execution_authority_import_boundary.py" line="40" time="1.012" /><testcase classname="tests.test_execution_authority_import_boundary" name="test_authority_core_cannot_import_operational_adapters" file="tests\test_execution_authority_import_boundary.py" line="49" time="0.020" /><testcase classname="tests.test_execution_authority_import_boundary" name="test_production_imports_never_load_the_fake_root" file="tests\test_execution_authority_import_boundary.py" line="74" time="1.011" /><testcase classname="tests.test_execution_authority_import_boundary" name="test_fake_root_is_not_exported_from_the_authority_package" file="tests\test_execution_authority_import_boundary.py" line="99" time="0.001" /><testcase classname="tests.test_execution_authority_import_boundary" name="test_fake_root_rejects_every_non_test_mode[production]" file="tests\test_execution_authority_import_boundary.py" line="118" time="0.007" /><testcase classname="tests.test_execution_authority_import_boundary" name="test_fake_root_rejects_every_non_test_mode[prod]" file="tests\test_execution_authority_import_boundary.py" line="118" time="0.005" /><testcase classname="tests.test_execution_authority_import_boundary" name="test_fake_root_rejects_every_non_test_mode[unknown]" file="tests\test_execution_authority_import_boundary.py" line="118" time="0.005" /><testcase classname="tests.test_execution_authority_import_boundary" name="test_fake_root_rejects_every_non_test_mode[]" file="tests\test_execution_authority_import_boundary.py" line="118" time="0.005" /><testcase classname="tests.test_execution_authority_import_boundary" name="test_fake_root_rejects_missing_or_forged_sentinel" file="tests\test_execution_authority_import_boundary.py" line="129" time="0.005" /><testcase classname="tests.test_execution_authority_import_boundary" name="test_environment_cannot_enable_or_supply_the_fake_root" file="tests\test_execution_authority_import_boundary.py" line="136" time="0.005" /><testcase classname="tests.test_execution_authority_import_boundary" name="test_invalid_configuration_fails_before_test_key_creation" file="tests\test_execution_authority_import_boundary.py" line="149" time="0.007" /><testcase classname="tests.test_execution_authority_import_boundary" name="test_fake_root_rejects_non_temporary_or_escaped_state" file="tests\test_execution_authority_import_boundary.py" line="171" time="0.006" /><testcase classname="tests.test_execution_authority_import_boundary" name="test_fake_root_rejects_aliased_child_state_entries[blobs]" file="tests\test_execution_authority_import_boundary.py" line="195" time="0.029" /><testcase classname="tests.test_execution_authority_import_boundary" name="test_fake_root_rejects_aliased_child_state_entries[execution-authority.sqlite3]" file="tests\test_execution_authority_import_boundary.py" line="195" time="0.010" /><testcase classname="tests.test_execution_authority_import_boundary" name="test_fake_root_rejects_aliased_child_state_entries[.d0-authority-initialized]" file="tests\test_execution_authority_import_boundary.py" line="195" time="0.010" /><testcase classname="tests.test_execution_authority_import_boundary" name="test_database_check_use_swap_fails_before_authority_initialization" file="tests\test_execution_authority_import_boundary.py" line="248" time="0.008" /><testcase classname="tests.test_execution_authority_import_boundary" name="test_built_plugin_and_wheel_package_set_exclude_fake_authority" file="tests\test_execution_authority_import_boundary.py" line="276" time="3.196" /><testcase classname="tests.test_execution_authority_import_boundary" name="test_fake_root_rejects_routes_caller_authority_and_external_adapters[kwargs0-route]" file="tests\test_execution_authority_import_boundary.py" line="317" time="0.006" /><testcase classname="tests.test_execution_authority_import_boundary" name="test_fake_root_rejects_routes_caller_authority_and_external_adapters[kwargs1-issuer]" file="tests\test_execution_authority_import_boundary.py" line="317" time="0.006" /><testcase classname="tests.test_execution_authority_import_boundary" name="test_fake_root_rejects_routes_caller_authority_and_external_adapters[kwargs2-key]" file="tests\test_execution_authority_import_boundary.py" line="317" time="0.006" /><testcase classname="tests.test_execution_authority_import_boundary" name="test_fake_root_rejects_routes_caller_authority_and_external_adapters[kwargs3-verifier]" file="tests\test_execution_authority_import_boundary.py" line="317" time="0.007" /><testcase classname="tests.test_execution_authority_import_boundary" name="test_fake_root_rejects_routes_caller_authority_and_external_adapters[kwargs4-adapter]" file="tests\test_execution_authority_import_boundary.py" line="317" time="0.006" /><testcase classname="tests.test_execution_authority_import_boundary" name="test_fake_root_rejects_routes_caller_authority_and_external_adapters[kwargs5-adapter]" file="tests\test_execution_authority_import_boundary.py" line="317" time="0.006" /><testcase classname="tests.test_execution_authority_import_boundary" name="test_fake_root_rejects_routes_caller_authority_and_external_adapters[kwargs6-adapter]" file="tests\test_execution_authority_import_boundary.py" line="317" time="0.006" /><testcase classname="tests.test_execution_authority_import_boundary" name="test_fake_root_rejects_routes_caller_authority_and_external_adapters[kwargs7-adapter]" file="tests\test_execution_authority_import_boundary.py" line="317" time="0.006" /><testcase classname="tests.test_execution_authority_import_boundary" name="test_fake_root_rejects_routes_caller_authority_and_external_adapters[kwargs8-adapter]" file="tests\test_execution_authority_import_boundary.py" line="317" time="0.007" /><testcase classname="tests.test_execution_authority_import_boundary" name="test_fake_root_rejects_routes_caller_authority_and_external_adapters[kwargs9-adapter]" file="tests\test_execution_authority_import_boundary.py" line="317" time="0.006" /><testcase classname="tests.test_execution_authority_import_boundary" name="test_fake_root_rejects_routes_caller_authority_and_external_adapters[kwargs10-adapter]" file="tests\test_execution_authority_import_boundary.py" line="317" time="0.006" /><testcase classname="tests.test_execution_authority_records" name="test_all_record_types_use_rfc8785_and_exact_domain_separated_ed25519_vectors[_capsule-tinyassets.execution-capsule.v1-execution-capsule/v1]" file="tests\test_execution_authority_records.py" line="165" time="0.001" /><testcase classname="tests.test_execution_authority_records" name="test_all_record_types_use_rfc8785_and_exact_domain_separated_ed25519_vectors[_grant-tinyassets.execution-grant.v1-execution-grant/v1]" file="tests\test_execution_authority_records.py" line="165" time="0.001" /><testcase classname="tests.test_execution_authority_records" name="test_all_record_types_use_rfc8785_and_exact_domain_separated_ed25519_vectors[_candidate-tinyassets.execution-candidate.v1-execution-candidate/v1]" file="tests\test_execution_authority_records.py" line="165" time="0.001" /><testcase classname="tests.test_execution_authority_records" name="test_all_record_types_use_rfc8785_and_exact_domain_separated_ed25519_vectors[_terminal-tinyassets.execution-terminal.v1-execution-terminal/v1]" file="tests\test_execution_authority_records.py" line="165" time="0.001" /><testcase classname="tests.test_execution_authority_records" name="test_unknown_domain_version_or_field_fails_closed[unknown_domain]" file="tests\test_execution_authority_records.py" line="241" time="0.001" /><testcase classname="tests.test_execution_authority_records" name="test_unknown_domain_version_or_field_fails_closed[unknown_version]" file="tests\test_execution_authority_records.py" line="241" time="0.001" /><testcase classname="tests.test_execution_authority_records" name="test_unknown_domain_version_or_field_fails_closed[unknown_field]" file="tests\test_execution_authority_records.py" line="241" time="0.001" /><testcase classname="tests.test_execution_authority_records" name="test_json_type_confusion_fails_even_with_a_valid_signature[attempt-True]" file="tests\test_execution_authority_records.py" line="264" time="0.001" /><testcase classname="tests.test_execution_authority_records" name="test_json_type_confusion_fails_even_with_a_valid_signature[generation-2.5]" file="tests\test_execution_authority_records.py" line="264" time="0.001" /><testcase classname="tests.test_execution_authority_records" name="test_json_type_confusion_fails_even_with_a_valid_signature[max_wall_time_seconds-120]" file="tests\test_execution_authority_records.py" line="264" time="0.001" /><testcase classname="tests.test_execution_authority_records" name="test_json_integer_bounds_fail_even_with_a_valid_signature[-1]" file="tests\test_execution_authority_records.py" line="286" time="0.001" /><testcase classname="tests.test_execution_authority_records" name="test_json_integer_bounds_fail_even_with_a_valid_signature[9007199254740992]" file="tests\test_execution_authority_records.py" line="286" time="0.001" /><testcase classname="tests.test_execution_authority_records" name="test_cross_domain_signature_reuse_fails[tinyassets.execution-grant.v1]" file="tests\test_execution_authority_records.py" line="305" time="0.001" /><testcase classname="tests.test_execution_authority_records" name="test_cross_domain_signature_reuse_fails[tinyassets.execution-candidate.v1]" file="tests\test_execution_authority_records.py" line="305" time="0.001" /><testcase classname="tests.test_execution_authority_records" name="test_cross_domain_signature_reuse_fails[tinyassets.execution-terminal.v1]" file="tests\test_execution_authority_records.py" line="305" time="0.001" /><testcase classname="tests.test_execution_authority_records" name="test_record_contracts_are_frozen_and_nested_collections_are_immutable" file="tests\test_execution_authority_records.py" line="319" time="0.001" /><testcase classname="tests.test_execution_authority_records" name="test_public_sign_and_verify_calls_offer_no_authority_escape_hatches" file="tests\test_execution_authority_records.py" line="341" time="0.001" /><testcase classname="tests.test_execution_authority_records" name="test_signer_and_verifier_reject_public_key_reuse_across_purposes" file="tests\test_execution_authority_records.py" line="357" time="0.001" /><testcase classname="tests.test_execution_authority_records" name="test_capsule_rejects_noncanonical_rfc3339_utc_forms[issued_at-20260724T120000Z]" file="tests\test_execution_authority_records.py" line="376" time="0.001" /><testcase classname="tests.test_execution_authority_records" name="test_capsule_rejects_noncanonical_rfc3339_utc_forms[issued_at-2026-07-24 12:00:00Z]" file="tests\test_execution_authority_records.py" line="376" time="0.001" /><testcase classname="tests.test_execution_authority_records" name="test_capsule_rejects_noncanonical_rfc3339_utc_forms[expires_at-20260724T120200Z]" file="tests\test_execution_authority_records.py" line="376" time="0.001" /><testcase classname="tests.test_execution_authority_records" name="test_capsule_rejects_noncanonical_rfc3339_utc_forms[expires_at-2026-07-24 12:02:00Z]" file="tests\test_execution_authority_records.py" line="376" time="0.001" /><testcase classname="tests.test_execution_authority_records" name="test_capsule_compares_fractional_timestamps_chronologically" file="tests\test_execution_authority_records.py" line="393" time="0.001" /><testcase classname="tests.test_execution_authority_records" name="test_all_signed_record_timestamps_require_canonical_rfc3339_utc[_grant-changes0]" file="tests\test_execution_authority_records.py" line="403" time="0.001" /><testcase classname="tests.test_execution_authority_records" name="test_all_signed_record_timestamps_require_canonical_rfc3339_utc[_terminal-changes1]" file="tests\test_execution_authority_records.py" line="403" time="0.001" /><testcase classname="tests.test_execution_blob_proof" name="test_verify_blob_rereads_exact_bytes_and_mints_m2_evidence" file="tests\test_execution_blob_proof.py" line="63" time="0.036" /><testcase classname="tests.test_execution_blob_proof" name="test_blob_store_exposes_no_raw_m2_mint_method" file="tests\test_execution_blob_proof.py" line="77" time="0.007" /><testcase classname="tests.test_execution_blob_proof" name="test_signed_metadata_or_raw_reference_cannot_replace_fresh_blob_proof" file="tests\test_execution_blob_proof.py" line="83" time="0.042" /><testcase classname="tests.test_execution_blob_proof" name="test_wrong_byte_mutation_is_forced_between_index_load_and_exact_read" file="tests\test_execution_blob_proof.py" line="99" time="0.080" /><testcase classname="tests.test_execution_blob_proof" name="test_in_place_mutation_after_read_before_mint_cannot_escape_as_m2" file="tests\test_execution_blob_proof.py" line="132" time="0.054" /><testcase classname="tests.test_execution_blob_proof" name="test_in_place_mutation_with_restored_mtime_cannot_escape_as_m2" file="tests\test_execution_blob_proof.py" line="153" time="0.044" /><testcase classname="tests.test_execution_blob_proof" name="test_store_reloads_index_for_each_operation_across_instances" file="tests\test_execution_blob_proof.py" line="179" time="0.039" /><testcase classname="tests.test_execution_blob_proof" name="test_collected_binding_cannot_be_resurrected_by_stale_instance" file="tests\test_execution_blob_proof.py" line="191" time="0.044" /><testcase classname="tests.test_execution_blob_proof" name="test_forced_stale_index_interleaving_cannot_overtake_collection" file="tests\test_execution_blob_proof.py" line="205" time="0.284" /><testcase classname="tests.test_execution_blob_proof" name="test_replaced_binding_rejects_the_old_reference" file="tests\test_execution_blob_proof.py" line="249" time="0.046" /><testcase classname="tests.test_execution_blob_proof" name="test_blob_refs_are_immutable_and_validate_their_contract" file="tests\test_execution_blob_proof.py" line="261" time="0.001" /><testcase classname="tests.test_execution_blob_proof" name="test_malformed_index_fails_closed_instead_of_being_repaired" file="tests\test_execution_blob_proof.py" line="273" time="0.017" /><testcase classname="tests.test_execution_blob_proof" name="test_paths_cannot_escape_the_physical_blob_root" file="tests\test_execution_blob_proof.py" line="286" time="0.007" /><testcase classname="tests.test_execution_blob_proof" name="test_symlinked_blob_path_cannot_escape_the_physical_root" file="tests\test_execution_blob_proof.py" line="305" time="0.028" /><testcase classname="tests.test_execution_blob_proof" name="test_dot_alias_shares_one_physical_identity" file="tests\test_execution_blob_proof.py" line="320" time="0.007" /><testcase classname="tests.test_execution_blob_proof" name="test_supported_root_aliases_share_one_physical_identity" file="tests\test_execution_blob_proof.py" line="328" time="0.040" /><testcase classname="tests.test_execution_blob_proof" name="test_windows_case_and_extended_path_aliases_converge" file="tests\test_execution_blob_proof.py" line="343" time="0.020" /><testcase classname="tests.test_execution_blob_proof" name="test_concurrent_instances_do_not_lose_index_updates" file="tests\test_execution_blob_proof.py" line="361" time="0.468" /><testcase classname="tests.test_execution_blob_proof" name="test_coordinated_context_serializes_a_separate_process" file="tests\test_execution_blob_proof.py" line="376" time="0.719" /><testcase classname="tests.test_execution_blob_proof" name="test_coordinated_transaction_enforces_blob_then_sqlite_in_both_orders[0]" file="tests\test_execution_blob_proof.py" line="398" time="0.300" /><testcase classname="tests.test_execution_blob_proof" name="test_coordinated_transaction_enforces_blob_then_sqlite_in_both_orders[1]" file="tests\test_execution_blob_proof.py" line="398" time="0.274" /><testcase classname="tests.test_execution_blob_proof" name="test_parent_swap_cannot_redirect_an_atomic_blob_write" file="tests\test_execution_blob_proof.py" line="493" time="0.011" /><testcase classname="tests.test_execution_blob_proof" name="test_parent_swap_cannot_redirect_an_exact_blob_read" file="tests\test_execution_blob_proof.py" line="547" time="0.025" /><testcase classname="tests.test_execution_blob_proof" name="test_leaf_swap_during_exact_read_cannot_mint_from_unlinked_bytes" file="tests\test_execution_blob_proof.py" line="599" time="0.033" /><testcase classname="tests.test_execution_blob_proof" name="test_windows_lock_retries_beyond_msvcrt_internal_limit" file="tests\test_execution_blob_proof.py" line="636" time="0.007" /><testcase classname="tests.test_execution_blob_proof" name="test_lock_file_descriptor_closes_when_acquisition_fails" file="tests\test_execution_blob_proof.py" line="670" time="0.008" /><testcase classname="tests.test_execution_evidence_store" name="test_generation_and_fence_floor_survives_mutable_projection_restore" file="tests\test_execution_evidence_store.py" line="144" time="0.025" /><testcase classname="tests.test_execution_evidence_store" name="test_superseded_signed_terminal_cannot_pass_after_projection_restore" file="tests\test_execution_evidence_store.py" line="167" time="0.026" /><testcase classname="tests.test_execution_evidence_store" name="test_evidence_tables_reject_replacement_and_mutation[update-execution_lease_events]" file="tests\test_execution_evidence_store.py" line="194" time="0.015" /><testcase classname="tests.test_execution_evidence_store" name="test_evidence_tables_reject_replacement_and_mutation[update-execution_terminal_evidence]" file="tests\test_execution_evidence_store.py" line="194" time="0.028" /><testcase classname="tests.test_execution_evidence_store" name="test_evidence_tables_reject_replacement_and_mutation[delete-execution_lease_events]" file="tests\test_execution_evidence_store.py" line="194" time="0.033" /><testcase classname="tests.test_execution_evidence_store" name="test_evidence_tables_reject_replacement_and_mutation[delete-execution_terminal_evidence]" file="tests\test_execution_evidence_store.py" line="194" time="0.016" /><testcase classname="tests.test_execution_evidence_store" name="test_evidence_tables_reject_replacement_and_mutation[replace-execution_lease_events]" file="tests\test_execution_evidence_store.py" line="194" time="0.028" /><testcase classname="tests.test_execution_evidence_store" name="test_evidence_tables_reject_replacement_and_mutation[replace-execution_terminal_evidence]" file="tests\test_execution_evidence_store.py" line="194" time="0.019" /><testcase classname="tests.test_execution_evidence_store" name="test_evidence_tables_reject_replacement_and_mutation[upsert-execution_lease_events]" file="tests\test_execution_evidence_store.py" line="194" time="0.015" /><testcase classname="tests.test_execution_evidence_store" name="test_evidence_tables_reject_replacement_and_mutation[upsert-execution_terminal_evidence]" file="tests\test_execution_evidence_store.py" line="194" time="0.019" /><testcase classname="tests.test_execution_evidence_store" name="test_exact_schema_validation_rejects_missing_or_extra_owned_objects[DROP INDEX ux_execution_lease_events_job_fence]" file="tests\test_execution_evidence_store.py" line="249" time="0.013" /><testcase classname="tests.test_execution_evidence_store" name="test_exact_schema_validation_rejects_missing_or_extra_owned_objects[DROP TRIGGER execution_terminal_evidence_no_update]" file="tests\test_execution_evidence_store.py" line="249" time="0.017" /><testcase classname="tests.test_execution_evidence_store" name="test_exact_schema_validation_rejects_missing_or_extra_owned_objects[\n        CREATE INDEX unexpected_execution_terminal_index\n        ON execution_terminal_evidence(recorded_at_ns)\n        ]" file="tests\test_execution_evidence_store.py" line="249" time="0.015" /><testcase classname="tests.test_execution_evidence_store" name="test_exact_schema_validation_rejects_wrong_preexisting_table" file="tests\test_execution_evidence_store.py" line="273" time="0.012" /><testcase classname="tests.test_execution_evidence_store" name="test_external_temp_shadow_cannot_enter_the_owned_connection" file="tests\test_execution_evidence_store.py" line="287" time="0.013" /><testcase classname="tests.test_execution_evidence_store" name="test_replay_ignores_junk_and_collapses_identical_valid_facts" file="tests\test_execution_evidence_store.py" line="297" time="0.027" /><testcase classname="tests.test_execution_evidence_store" name="test_replay_rederives_receipt_after_mutable_terminal_projection_reset" file="tests\test_execution_evidence_store.py" line="321" time="0.027" /><testcase classname="tests.test_execution_evidence_store" name="test_same_idempotency_key_with_changed_verified_fact_conflicts" file="tests\test_execution_evidence_store.py" line="361" time="0.022" /><testcase classname="tests.test_execution_evidence_store" name="test_distinct_valid_terminal_facts_are_stored_state_corruption" file="tests\test_execution_evidence_store.py" line="382" time="0.021" /><testcase classname="tests.test_execution_evidence_store" name="test_schema_is_revalidated_inside_the_decision_transaction[allocate]" file="tests\test_execution_evidence_store.py" line="403" time="0.013" /><testcase classname="tests.test_execution_evidence_store" name="test_schema_is_revalidated_inside_the_decision_transaction[append]" file="tests\test_execution_evidence_store.py" line="403" time="0.016" /><testcase classname="tests.test_execution_evidence_store" name="test_schema_is_revalidated_inside_the_decision_transaction[replay]" file="tests\test_execution_evidence_store.py" line="403" time="0.017" /><testcase classname="tests.test_execution_evidence_store" name="test_idempotency_key_cannot_change_fact_across_generations" file="tests\test_execution_evidence_store.py" line="458" time="0.020" /><testcase classname="tests.test_execution_evidence_store" name="test_erased_authority_schema_is_not_treated_as_a_virgin_database" file="tests\test_execution_evidence_store.py" line="494" time="0.026" /><testcase classname="tests.test_execution_evidence_store" name="test_authority_namespace_marker_tamper_fails_closed" file="tests\test_execution_evidence_store.py" line="531" time="0.013" /><testcase classname="tests.test_execution_evidence_store" name="test_external_temp_shadow_cannot_block_main_schema_creation" file="tests\test_execution_evidence_store.py" line="543" time="0.011" /><testcase classname="tests.test_execution_evidence_store" name="test_concurrent_allocations_serialize_to_distinct_monotonic_floors" file="tests\test_execution_evidence_store.py" line="572" time="0.037" /><testcase classname="tests.test_execution_evidence_store" name="test_public_transaction_validates_and_allows_nested_store_operations" file="tests\test_execution_evidence_store.py" line="610" time="0.015" /><testcase classname="tests.test_execution_evidence_store" name="test_replay_rejects_same_store_reentrant_mutation_and_rolls_it_back" file="tests\test_execution_evidence_store.py" line="632" time="0.017" /><testcase classname="tests.test_execution_evidence_store" name="test_replay_rejects_direct_connection_mutation_from_verifier_callback" file="tests\test_execution_evidence_store.py" line="662" time="0.123" /><testcase classname="tests.test_execution_evidence_store" name="test_one_thread_cannot_savepoint_inside_another_threads_transaction" file="tests\test_execution_evidence_store.py" line="704" time="0.261" /><testcase classname="tests.test_execution_evidence_store" name="test_opening_a_virgin_database_requires_explicit_initialization" file="tests\test_execution_evidence_store.py" line="743" time="0.009" /><testcase classname="tests.test_execution_evidence_store" name="test_explicit_initialization_creates_the_first_authority_schema" file="tests\test_execution_evidence_store.py" line="761" time="0.011" /><testcase classname="tests.test_execution_evidence_store" name="test_erasing_schema_and_namespace_marker_cannot_trigger_reinitialization" file="tests\test_execution_evidence_store.py" line="773" time="0.029" /><testcase classname="tests.test_execution_evidence_store" name="test_verifier_callback_cannot_commit_schema_mutation" file="tests\test_execution_evidence_store.py" line="810" time="0.117" /><testcase classname="tests.test_execution_evidence_store" name="test_store_does_not_replace_an_external_connection_authorizer" file="tests\test_execution_evidence_store.py" line="847" time="0.020" /><testcase classname="tests.test_execution_evidence_store" name="test_store_requires_a_database_path_instead_of_connection_authority" file="tests\test_execution_evidence_store.py" line="880" time="0.006" /><testcase classname="tests.test_execution_evidence_store" name="test_store_rejects_hardlinked_database_path" file="tests\test_execution_evidence_store.py" line="888" time="0.008" /><testcase classname="tests.test_execution_evidence_store" name="test_store_rejects_symlinked_database_path" file="tests\test_execution_evidence_store.py" line="901" time="0.006"><skipped type="pytest.skip" message="this host cannot create file symlinks: [WinError 1314] A required privilege is not held by the client: 'C:\\Users\\Jonathan\\AppData\\Local\\Temp\\pytest-of-Jonathan\\pytest-7404\\test_store_rejects_symlinked_d0\\original.sqlite' -&gt; 'C:\\Users\\Jonathan\\AppData\\Local\\Temp\\pytest-of-Jonathan\\pytest-7404\\test_store_rejects_symlinked_d0\\symlink.sqlite'">C:\Users\Jonathan\Projects\wf-required-test-gate\tests\test_execution_evidence_store.py:912: this host cannot create file symlinks: [WinError 1314] A required privilege is not held by the client: 'C:\\Users\\Jonathan\\AppData\\Local\\Temp\\pytest-of-Jonathan\\pytest-7404\\test_store_rejects_symlinked_d0\\original.sqlite' -&gt; 'C:\\Users\\Jonathan\\AppData\\Local\\Temp\\pytest-of-Jonathan\\pytest-7404\\test_store_rejects_symlinked_d0\\symlink.sqlite'</skipped></testcase><testcase classname="tests.test_execution_evidence_store" name="test_store_rejects_database_check_use_swap" file="tests\test_execution_evidence_store.py" line="917" time="0.008" /><testcase classname="tests.test_execution_evidence_store" name="test_invalid_parent_path_is_not_created" file="tests\test_execution_evidence_store.py" line="946" time="0.007" /><testcase classname="tests.test_execution_evidence_store" name="test_initialize_false_does_not_create_an_absent_database" file="tests\test_execution_evidence_store.py" line="959" time="0.007" /><testcase classname="tests.test_execution_evidence_store" name="test_intermediate_ancestor_alias_is_rejected_during_construction" file="tests\test_execution_evidence_store.py" line="971" time="0.029" /><testcase classname="tests.test_execution_evidence_store" name="test_closing_second_store_does_not_release_first_store_lock" file="tests\test_execution_evidence_store.py" line="998" time="0.000"><skipped type="pytest.skip" message="POSIX SQLite lock semantics">C:\Users\Jonathan\Projects\wf-required-test-gate\tests\test_execution_evidence_store.py:999: POSIX SQLite lock semantics</skipped></testcase><testcase classname="tests.test_execution_evidence_store" name="test_failed_second_construction_preserves_lock_without_fd_leak" file="tests\test_execution_evidence_store.py" line="1017" time="0.000"><skipped type="pytest.skip" message="POSIX SQLite lock semantics">C:\Users\Jonathan\Projects\wf-required-test-gate\tests\test_execution_evidence_store.py:1018: POSIX SQLite lock semantics</skipped></testcase><testcase classname="tests.test_execution_evidence_store" name="test_close_releases_the_store_owned_connection" file="tests\test_execution_evidence_store.py" line="1047" time="0.011" /><testcase classname="tests.test_execution_evidence_store" name="test_external_temp_owned_object_name_is_connection_local[index]" file="tests\test_execution_evidence_store.py" line="1060" time="0.013" /><testcase classname="tests.test_execution_evidence_store" name="test_external_temp_owned_object_name_is_connection_local[trigger]" file="tests\test_execution_evidence_store.py" line="1060" time="0.012" /><testcase classname="tests.test_execution_kind_generic" name="test_workflow_work_targets_only_exports_notes" file="tests\test_execution_kind_generic.py" line="17" time="0.001" /><testcase classname="tests.test_execution_kind_generic" name="test_fantasy_work_kinds_exposes_four_values" file="tests\test_execution_kind_generic.py" line="32" time="0.001" /><testcase classname="tests.test_execution_kind_generic" name="test_infer_fantasy_execution_scope_handles_notes" file="tests\test_execution_kind_generic.py" line="50" time="0.006" /><testcase classname="tests.test_execution_kind_generic" name="test_infer_fantasy_execution_scope_infers_book_from_default" file="tests\test_execution_kind_generic.py" line="69" time="0.001" /><testcase classname="tests.test_execution_kind_generic" name="test_infer_fantasy_execution_scope_infers_scene_from_tags" file="tests\test_execution_kind_generic.py" line="92" time="0.001" /><testcase classname="tests.test_execution_kind_generic" name="test_infer_fantasy_execution_scope_none_target" file="tests\test_execution_kind_generic.py" line="122" time="0.001" /><testcase classname="tests.test_execution_subject" name="test_execution_subject_requires_typed_kind_reference_and_digest" file="tests\test_execution_subject.py" line="13" time="0.001" /><testcase classname="tests.test_execution_subject" name="test_execution_subject_rejects_untyped_or_noncanonical_fields[kind-branch_version]" file="tests\test_execution_subject.py" line="29" time="0.001" /><testcase classname="tests.test_execution_subject" name="test_execution_subject_rejects_untyped_or_noncanonical_fields[ref-]" file="tests\test_execution_subject.py" line="29" time="0.001" /><testcase classname="tests.test_execution_subject" name="test_execution_subject_rejects_untyped_or_noncanonical_fields[digest-sha256:AAAAAAAAAAAAAAAAAAAAAAAAAAAAAAAAAAAAAAAAAAAAAAAAAAAAAAAAAAAAAAAA]" file="tests\test_execution_subject.py" line="29" time="0.001" /><testcase classname="tests.test_execution_subject" name="test_agent_binding_automation_id_is_reserved_stable_and_alias_free" file="tests\test_execution_subject.py" line="52" time="0.002" /><testcase classname="tests.test_execution_verified_evidence" name="test_verified_refuses_direct_construction_and_token_free_minting" file="tests\test_execution_verified_evidence.py" line="77" time="0.001" /><testcase classname="tests.test_execution_verified_evidence" name="test_verified_module_exposes_no_callable_raw_mint_capability" file="tests\test_execution_verified_evidence.py" line="96" time="0.001" /><testcase classname="tests.test_execution_verified_evidence" name="test_verified_is_final_frozen_noncopyable_and_nonpickleable" file="tests\test_execution_verified_evidence.py" line="107" time="0.001" /><testcase classname="tests.test_execution_verified_evidence" name="test_object_new_and_public_slot_population_does_not_forge_provenance" file="tests\test_execution_verified_evidence.py" line="128" time="0.001" /><testcase classname="tests.test_execution_verified_evidence" name="test_genuine_hidden_markers_cannot_be_transplanted_into_a_forgery" file="tests\test_execution_verified_evidence.py" line="150" time="0.001" /><testcase classname="tests.test_execution_verified_evidence" name="test_authenticity_registry_does_not_keep_verified_evidence_alive" file="tests\test_execution_verified_evidence.py" line="197" time="0.896" /><testcase classname="tests.test_execution_verified_evidence" name="test_record_verifier_rejects_mutated_genuine_evidence_fields[value-None]" file="tests\test_execution_verified_evidence.py" line="208" time="0.001" /><testcase classname="tests.test_execution_verified_evidence" name="test_record_verifier_rejects_mutated_genuine_evidence_fields[mechanism-m2]" file="tests\test_execution_verified_evidence.py" line="208" time="0.001" /><testcase classname="tests.test_execution_verified_evidence" name="test_record_verifier_rejects_mutated_genuine_evidence_fields[domain-tinyassets.execution.capsule.forged]" file="tests\test_execution_verified_evidence.py" line="208" time="0.001" /><testcase classname="tests.test_execution_verified_evidence" name="test_record_verifier_rejects_mutated_genuine_evidence_fields[evidence_digest-0000000000000000000000000000000000000000000000000000000000000000]" file="tests\test_execution_verified_evidence.py" line="208" time="0.001" /><testcase classname="tests.test_execution_verified_evidence" name="test_record_verifier_rejects_mutated_genuine_evidence_fields[verifier_id-forged-root-v1]" file="tests\test_execution_verified_evidence.py" line="208" time="0.001" /><testcase classname="tests.test_execution_verified_evidence" name="test_record_verifier_rejects_mutated_genuine_evidence_fields[verified_at-124]" file="tests\test_execution_verified_evidence.py" line="208" time="0.001" /><testcase classname="tests.test_execution_verified_evidence" name="test_mapping_proxy_backing_dict_is_not_accepted_as_deeply_immutable" file="tests\test_execution_verified_evidence.py" line="254" time="0.000" /><testcase classname="tests.test_execution_verified_evidence" name="test_record_verifier_mints_m1_only_after_real_ed25519_verification" file="tests\test_execution_verified_evidence.py" line="264" time="0.001" /><testcase classname="tests.test_execution_verified_evidence" name="test_record_verifier_refuses_a_signature_from_an_untrusted_key" file="tests\test_execution_verified_evidence.py" line="276" time="0.001" /><testcase classname="tests.test_execution_verified_evidence" name="test_authority_sink_rejects_m1_from_an_alternate_verifier_issuer" file="tests\test_execution_verified_evidence.py" line="295" time="0.001" /><testcase classname="tests.test_extensions_consent_actions" name="test_grant_then_list_roundtrip" file="tests\test_extensions_consent_actions.py" line="41" time="0.293" /><testcase classname="tests.test_extensions_consent_actions" name="test_grant_defaults_granted_by_to_current_actor" file="tests\test_extensions_consent_actions.py" line="67" time="0.116" /><testcase classname="tests.test_extensions_consent_actions" name="test_grant_requires_sink" file="tests\test_extensions_consent_actions.py" line="80" time="0.081" /><testcase classname="tests.test_extensions_consent_actions" name="test_grant_requires_destination" file="tests\test_extensions_consent_actions.py" line="93" time="0.080" /><testcase classname="tests.test_extensions_consent_actions" name="test_revoke_after_grant" file="tests\test_extensions_consent_actions.py" line="111" time="0.123" /><testcase classname="tests.test_extensions_consent_actions" name="test_revoke_never_granted_is_no_active_grant" file="tests\test_extensions_consent_actions.py" line="136" time="0.106" /><testcase classname="tests.test_extensions_consent_actions" name="test_revoke_requires_sink_and_destination" file="tests\test_extensions_consent_actions.py" line="148" time="0.084" /><testcase classname="tests.test_extensions_consent_actions" name="test_list_active_only_default_filters_revoked" file="tests\test_extensions_consent_actions.py" line="171" time="0.128" /><testcase classname="tests.test_extensions_consent_actions" name="test_list_no_sink_filter_returns_all_sinks" file="tests\test_extensions_consent_actions.py" line="191" time="0.130" /><testcase classname="tests.test_extensions_consent_actions" name="test_grant_and_revoke_visible_to_effector" file="tests\test_extensions_consent_actions.py" line="211" time="0.157" /><testcase classname="tests.test_extensions_leaderboard_actions" name="test_quality_leaderboard_requires_goal_id" file="tests\test_extensions_leaderboard_actions.py" line="136" time="0.074" /><testcase classname="tests.test_extensions_leaderboard_actions" name="test_quality_leaderboard_returns_ranked_entries" file="tests\test_extensions_leaderboard_actions.py" line="143" time="0.265" /><testcase classname="tests.test_extensions_leaderboard_actions" name="test_quality_leaderboard_empty_goal_renders_friendly_text" file="tests\test_extensions_leaderboard_actions.py" line="167" time="0.132" /><testcase classname="tests.test_extensions_leaderboard_actions" name="test_quality_leaderboard_unknown_goal_returns_no_entries" file="tests\test_extensions_leaderboard_actions.py" line="182" time="0.114" /><testcase classname="tests.test_extensions_leaderboard_actions" name="test_quality_leaderboard_response_includes_selector_metadata" file="tests\test_extensions_leaderboard_actions.py" line="190" time="0.250" /><testcase classname="tests.test_extensions_leaderboard_actions" name="test_recommended_parent_requires_goal_id" file="tests\test_extensions_leaderboard_actions.py" line="211" time="0.079" /><testcase classname="tests.test_extensions_leaderboard_actions" name="test_recommended_parent_returns_top_entry" file="tests\test_extensions_leaderboard_actions.py" line="218" time="0.291" /><testcase classname="tests.test_extensions_leaderboard_actions" name="test_recommended_parent_empty_goal_text_carries_rationale" file="tests\test_extensions_leaderboard_actions.py" line="230" time="0.140" /><testcase classname="tests.test_extensions_leaderboard_actions" name="test_unknown_action_lists_new_action_names" file="tests\test_extensions_leaderboard_actions.py" line="253" time="0.076" /><testcase classname="tests.test_external_write_effector" name="test_node_definition_effects_default_empty_list" file="tests\test_external_write_effector.py" line="43" time="0.001" /><testcase classname="tests.test_external_write_effector" name="test_node_definition_effects_to_dict_from_dict_roundtrip" file="tests\test_external_write_effector.py" line="48" time="0.001" /><testcase classname="tests.test_external_write_effector" name="test_node_definition_effects_must_be_list_of_strings" file="tests\test_external_write_effector.py" line="62" time="0.001" /><testcase classname="tests.test_external_write_effector" name="test_build_branch_persists_effects_attribute" file="tests\test_external_write_effector.py" line="120" time="0.152"><failure message="KeyError: 'status'">comp_env = (&lt;module 'tinyassets.universe_server' from 'C:\\Users\\Jonathan\\Projects\\wf-required-test-gate\\tinyassets\\universe...dowsPath('C:/Users/Jonathan/AppData/Local/Temp/pytest-of-Jonathan/pytest-7404/test_build_branch_persists_eff0/output'))

    def test_build_branch_persists_effects_attribute(comp_env):
        us, _ = comp_env
        built = _call(us, "build_branch", spec_json=json.dumps(_SPEC_WITH_EFFECTS))
&gt;       assert built["status"] == "built", built
               ^^^^^^^^^^^^^^^
E       KeyError: 'status'

tests\test_external_write_effector.py:124: KeyError</failure></testcase><testcase classname="tests.test_external_write_effector" name="test_build_branch_rejects_non_list_effects" file="tests\test_external_write_effector.py" line="132" time="0.133"><failure message="AssertionError: {'error': 'Authenticated branch subject required.'}&#10;assert 'effects' in '{&quot;error&quot;: &quot;Authenticated branch subject required.&quot;}'">comp_env = (&lt;module 'tinyassets.universe_server' from 'C:\\Users\\Jonathan\\Projects\\wf-required-test-gate\\tinyassets\\universe...dowsPath('C:/Users/Jonathan/AppData/Local/Temp/pytest-of-Jonathan/pytest-7404/test_build_branch_rejects_non_0/output'))

    def test_build_branch_rejects_non_list_effects(comp_env):
        us, _ = comp_env
        spec = dict(_SPEC_WITH_EFFECTS)
        spec["node_defs"] = [
            {**spec["node_defs"][0], "effects": "github_pull_request"},
        ]
        result = _call(us, "build_branch", spec_json=json.dumps(spec))
        text = json.dumps(result)
&gt;       assert "effects" in text, result
E       AssertionError: {'error': 'Authenticated branch subject required.'}
E       assert 'effects' in '{"error": "Authenticated branch subject required."}'

tests\test_external_write_effector.py:141: AssertionError</failure></testcase><testcase classname="tests.test_external_write_effector" name="test_effector_returns_dry_run_intent_when_packet_present" file="tests\test_external_write_effector.py" line="161" time="0.001" /><testcase classname="tests.test_external_write_effector" name="test_effector_parses_json_string_packet" file="tests\test_external_write_effector.py" line="176" time="0.001" /><testcase classname="tests.test_external_write_effector" name="test_effector_skips_non_packet_output_values" file="tests\test_external_write_effector.py" line="190" time="0.001" /><testcase classname="tests.test_external_write_effector" name="test_effector_returns_error_when_no_matching_packet" file="tests\test_external_write_effector.py" line="206" time="0.001" /><testcase classname="tests.test_external_write_effector" name="test_effector_never_invokes_subprocess_run_under_any_env[env0]" file="tests\test_external_write_effector.py" line="219" time="0.001" /><testcase classname="tests.test_external_write_effector" name="test_effector_never_invokes_subprocess_run_under_any_env[env1]" file="tests\test_external_write_effector.py" line="219" time="0.001" /><testcase classname="tests.test_external_write_effector" name="test_effector_never_invokes_subprocess_run_under_any_env[env2]" file="tests\test_external_write_effector.py" line="219" time="0.001" /><testcase classname="tests.test_external_write_effector" name="test_effector_never_invokes_subprocess_run_under_any_env[env3]" file="tests\test_external_write_effector.py" line="219" time="0.001" /><testcase classname="tests.test_external_write_effector" name="test_effector_never_invokes_subprocess_run_under_any_env[env4]" file="tests\test_external_write_effector.py" line="219" time="0.001" /><testcase classname="tests.test_external_write_effector" name="test_effector_evidence_mode_reflects_enable_env_as_phase_2_hook" file="tests\test_external_write_effector.py" line="289" time="0.001" /><testcase classname="tests.test_external_write_effector" name="test_run_effects_for_branch_skips_nodes_without_effects" file="tests\test_external_write_effector.py" line="317" time="0.001" /><testcase classname="tests.test_external_write_effector" name="test_run_effects_for_branch_no_op_when_no_effects_declared" file="tests\test_external_write_effector.py" line="343" time="0.000" /><testcase classname="tests.test_external_write_effector" name="test_run_effects_for_branch_records_unknown_sink" file="tests\test_external_write_effector.py" line="359" time="0.001" /><testcase classname="tests.test_external_write_effector" name="test_collect_external_write_errors_flattens_error_rows" file="tests\test_external_write_effector.py" line="379" time="0.000" /><testcase classname="tests.test_external_write_effector" name="test_runs_moves_branch_authored_external_write_results_to_quarantine" file="tests\test_external_write_effector.py" line="415" time="0.001" /><testcase classname="tests.test_external_write_effector" name="test_runs_moves_branch_authored_external_write_errors_to_quarantine" file="tests\test_external_write_effector.py" line="429" time="0.001" /><testcase classname="tests.test_external_write_effector" name="test_runs_quarantine_no_op_when_keys_absent" file="tests\test_external_write_effector.py" line="442" time="0.000" /><testcase classname="tests.test_external_write_effector" name="test_runs_external_write_results_overwrites_quarantined_value" file="tests\test_external_write_effector.py" line="450" time="0.001" /><testcase classname="tests.test_external_write_effector" name="test_get_run_snapshot_surfaces_external_write_results" file="tests\test_external_write_effector.py" line="473" time="0.119" /><testcase classname="tests.test_external_write_effector" name="test_branch_definition_node_def_effects_survive_branch_to_dict" file="tests\test_external_write_effector.py" line="539" time="0.001" /><testcase classname="tests.test_external_write_phase_2" name="test_read_capability_via_json_map" file="tests\test_external_write_phase_2.py" line="156" time="0.001" /><testcase classname="tests.test_external_write_phase_2" name="test_read_capability_distinguishes_punctuation_variants" file="tests\test_external_write_phase_2.py" line="165" time="0.001" /><testcase classname="tests.test_external_write_phase_2" name="test_read_capability_empty_destination_returns_empty" file="tests\test_external_write_phase_2.py" line="186" time="0.001" /><testcase classname="tests.test_external_write_phase_2" name="test_read_capability_unset_env_returns_empty" file="tests\test_external_write_phase_2.py" line="190" time="0.001" /><testcase classname="tests.test_external_write_phase_2" name="test_read_capability_uses_universe_vault_before_env" file="tests\test_external_write_phase_2.py" line="196" time="0.009" /><testcase classname="tests.test_external_write_phase_2" name="test_read_capability_empty_universe_vault_blocks_env" file="tests\test_external_write_phase_2.py" line="216" time="0.010" /><testcase classname="tests.test_external_write_phase_2" name="test_read_capability_malformed_json_logs_and_returns_empty" file="tests\test_external_write_phase_2.py" line="225" time="0.001" /><testcase classname="tests.test_external_write_phase_2" name="test_read_capability_non_object_json_returns_empty" file="tests\test_external_write_phase_2.py" line="232" time="0.001" /><testcase classname="tests.test_external_write_phase_2" name="test_read_capability_strips_empty_token_entries" file="tests\test_external_write_phase_2.py" line="240" time="0.001" /><testcase classname="tests.test_external_write_phase_2" name="test_destination_present_capability_missing_returns_dry_run" file="tests\test_external_write_phase_2.py" line="262" time="0.007" /><testcase classname="tests.test_external_write_phase_2" name="test_capability_token_never_echoed_into_evidence" file="tests\test_external_write_phase_2.py" line="293" time="0.033" /><testcase classname="tests.test_external_write_phase_2" name="test_capability_present_consent_missing_returns_dry_run" file="tests\test_external_write_phase_2.py" line="319" time="0.044" /><testcase classname="tests.test_external_write_phase_2" name="test_consent_destination_must_match_exactly" file="tests\test_external_write_phase_2.py" line="343" time="0.048" /><testcase classname="tests.test_external_write_phase_2" name="test_idempotency_hit_returns_recorded_evidence_no_subprocess" file="tests\test_external_write_phase_2.py" line="372" time="0.082" /><testcase classname="tests.test_external_write_phase_2" name="test_idempotency_miss_when_hint_omitted" file="tests\test_external_write_phase_2.py" line="413" time="0.040" /><testcase classname="tests.test_external_write_phase_2" name="test_all_gates_open_invokes_gh_and_records_receipt" file="tests\test_external_write_phase_2.py" line="465" time="0.092" /><testcase classname="tests.test_external_write_phase_2" name="test_second_run_with_same_hint_is_dedup_hit" file="tests\test_external_write_phase_2.py" line="523" time="0.093" /><testcase classname="tests.test_external_write_phase_2" name="test_gh_nonzero_exit_releases_reservation_to_failed" file="tests\test_external_write_phase_2.py" line="563" time="0.087" /><testcase classname="tests.test_external_write_phase_2" name="test_gh_not_installed_and_api_unavailable_returns_structured_error" file="tests\test_external_write_phase_2.py" line="598" time="0.089" /><testcase classname="tests.test_external_write_phase_2" name="test_gh_not_installed_falls_back_to_github_api" file="tests\test_external_write_phase_2.py" line="625" time="0.083" /><testcase classname="tests.test_external_write_phase_2" name="test_gh_timeout_returns_structured_error" file="tests\test_external_write_phase_2.py" line="701" time="0.076" /><testcase classname="tests.test_external_write_phase_2" name="test_gh_returns_zero_but_no_pr_url_returns_error" file="tests\test_external_write_phase_2.py" line="718" time="0.090" /><testcase classname="tests.test_external_write_phase_2" name="test_run_effects_for_branch_passes_base_path_and_run_id" file="tests\test_external_write_phase_2.py" line="758" time="0.087" /><testcase classname="tests.test_external_write_phase_2" name="test_packet_without_destination_returns_phase_1_evidence" file="tests\test_external_write_phase_2.py" line="805" time="0.039" /><testcase classname="tests.test_external_write_phase_2" name="test_phase_2_dry_run_does_not_carry_phase_1_mode_keys" file="tests\test_external_write_phase_2.py" line="832" time="0.008" /><testcase classname="tests.test_external_write_phase_2" name="test_phase_2_packet_with_capability_but_no_base_path_is_dry_run" file="tests\test_external_write_phase_2.py" line="852" time="0.001" /><testcase classname="tests.test_external_write_phase_2" name="test_existing_pending_reservation_blocks_concurrent_in_flight" file="tests\test_external_write_phase_2.py" line="881" time="0.082" /><testcase classname="tests.test_external_write_phase_2" name="test_kill_switch_bypasses_all_gates_when_truthy" file="tests\test_external_write_phase_2.py" line="934" time="0.067" /><testcase classname="tests.test_external_write_phase_2" name="test_kill_switch_truthy_variants[1]" file="tests\test_external_write_phase_2.py" line="981" time="0.036" /><testcase classname="tests.test_external_write_phase_2" name="test_kill_switch_truthy_variants[true]" file="tests\test_external_write_phase_2.py" line="981" time="0.030" /><testcase classname="tests.test_external_write_phase_2" name="test_kill_switch_truthy_variants[True]" file="tests\test_external_write_phase_2.py" line="981" time="0.031" /><testcase classname="tests.test_external_write_phase_2" name="test_kill_switch_truthy_variants[yes]" file="tests\test_external_write_phase_2.py" line="981" time="0.033" /><testcase classname="tests.test_external_write_phase_2" name="test_kill_switch_truthy_variants[ON]" file="tests\test_external_write_phase_2.py" line="981" time="0.032" /><testcase classname="tests.test_external_write_phase_2" name="test_kill_switch_falsy_variants_do_not_override[]" file="tests\test_external_write_phase_2.py" line="1002" time="0.074" /><testcase classname="tests.test_external_write_phase_2" name="test_kill_switch_falsy_variants_do_not_override[0]" file="tests\test_external_write_phase_2.py" line="1002" time="0.076" /><testcase classname="tests.test_external_write_phase_2" name="test_kill_switch_falsy_variants_do_not_override[false]" file="tests\test_external_write_phase_2.py" line="1002" time="0.079" /><testcase classname="tests.test_external_write_phase_2" name="test_kill_switch_falsy_variants_do_not_override[no]" file="tests\test_external_write_phase_2.py" line="1002" time="0.072" /><testcase classname="tests.test_external_write_phase_2" name="test_kill_switch_falsy_variants_do_not_override[off]" file="tests\test_external_write_phase_2.py" line="1002" time="0.081" /><testcase classname="tests.test_external_write_phase_2" name="test_kill_switch_unset_does_not_override" file="tests\test_external_write_phase_2.py" line="1033" time="0.076" /><testcase classname="tests.test_external_write_phase_2" name="test_kill_switch_bypasses_phase_1_path_too" file="tests\test_external_write_phase_2.py" line="1061" time="0.007" /><testcase classname="tests.test_external_write_phase_2" name="test_kill_switch_evidence_never_leaks_capability_token" file="tests\test_external_write_phase_2.py" line="1082" time="0.028" /><testcase classname="tests.test_external_write_phase_2_atomicity" name="test_try_reserve_first_caller_wins" file="tests\test_external_write_phase_2_atomicity.py" line="108" time="0.032" /><testcase classname="tests.test_external_write_phase_2_atomicity" name="test_try_reserve_second_caller_sees_in_flight" file="tests\test_external_write_phase_2_atomicity.py" line="121" time="0.042" /><testcase classname="tests.test_external_write_phase_2_atomicity" name="test_try_reserve_sees_duplicate_after_finalize" file="tests\test_external_write_phase_2_atomicity.py" line="138" time="0.052" /><testcase classname="tests.test_external_write_phase_2_atomicity" name="test_finalize_only_succeeds_for_reservation_owner" file="tests\test_external_write_phase_2_atomicity.py" line="163" time="0.048" /><testcase classname="tests.test_external_write_phase_2_atomicity" name="test_release_marks_failed_and_allows_retry" file="tests\test_external_write_phase_2_atomicity.py" line="189" time="0.056" /><testcase classname="tests.test_external_write_phase_2_atomicity" name="test_release_does_not_clobber_other_owner" file="tests\test_external_write_phase_2_atomicity.py" line="222" time="0.042" /><testcase classname="tests.test_external_write_phase_2_atomicity" name="test_stale_pending_requires_destination_reconciliation" file="tests\test_external_write_phase_2_atomicity.py" line="247" time="0.039" /><testcase classname="tests.test_external_write_phase_2_atomicity" name="test_fresh_pending_remains_in_flight" file="tests\test_external_write_phase_2_atomicity.py" line="270" time="0.046" /><testcase classname="tests.test_external_write_phase_2_atomicity" name="test_no_hint_returns_no_hint_status" file="tests\test_external_write_phase_2_atomicity.py" line="290" time="0.007" /><testcase classname="tests.test_external_write_phase_2_atomicity" name="test_migration_adds_status_column_to_existing_db" file="tests\test_external_write_phase_2_atomicity.py" line="300" time="0.060" /><testcase classname="tests.test_external_write_phase_2_atomicity" name="test_concurrent_effector_calls_invoke_gh_exactly_once" file="tests\test_external_write_phase_2_atomicity.py" line="353" time="0.088" /><testcase classname="tests.test_external_write_phase_2_atomicity" name="test_stale_effector_intent_holds_with_actionable_reconciliation" file="tests\test_external_write_phase_2_atomicity.py" line="467" time="0.083" /><testcase classname="tests.test_external_write_phase_2_atomicity" name="test_concurrent_with_seeded_terminal_row_skips_gh" file="tests\test_external_write_phase_2_atomicity.py" line="493" time="0.071" /><testcase classname="tests.test_external_write_phase_2_atomicity" name="test_receipt_store_lock_error_returns_structured_evidence" file="tests\test_external_write_phase_2_atomicity.py" line="555" time="0.061" /><testcase classname="tests.test_external_write_phase_2_atomicity" name="test_receipt_store_non_lock_error_also_short_circuits" file="tests\test_external_write_phase_2_atomicity.py" line="588" time="0.039" /><testcase classname="tests.test_external_write_phase_2_atomicity" name="test_effector_materializes_packet_changes_before_creating_pr" file="tests\test_external_write_phase_2_atomicity.py" line="623" time="0.074" /><testcase classname="tests.test_external_write_phase_2_atomicity" name="test_failure_releases_reservation_and_retry_can_proceed" file="tests\test_external_write_phase_2_atomicity.py" line="660" time="0.113" /><testcase classname="tests.test_external_write_phase_2_atomicity" name="test_storage_module_exports_atomic_primitives" file="tests\test_external_write_phase_2_atomicity.py" line="729" time="0.001" /><testcase classname="tests.test_external_write_receipts" name="test_initialize_creates_db_and_schema" file="tests\test_external_write_receipts.py" line="26" time="0.032" /><testcase classname="tests.test_external_write_receipts" name="test_lookup_returns_none_when_no_receipt" file="tests\test_external_write_receipts.py" line="42" time="0.031" /><testcase classname="tests.test_external_write_receipts" name="test_record_then_lookup_roundtrip" file="tests\test_external_write_receipts.py" line="50" time="0.050" /><testcase classname="tests.test_external_write_receipts" name="test_record_last_write_wins_on_same_key" file="tests\test_external_write_receipts.py" line="73" time="0.050" /><testcase classname="tests.test_external_write_receipts" name="test_sink_namespacing_prevents_collisions" file="tests\test_external_write_receipts.py" line="102" time="0.059" /><testcase classname="tests.test_external_write_receipts" name="test_empty_hint_is_silent_no_op_on_write_and_miss_on_read" file="tests\test_external_write_receipts.py" line="132" time="0.031" /><testcase classname="tests.test_external_write_receipts" name="test_delete_removes_receipt_and_returns_hit" file="tests\test_external_write_receipts.py" line="148" time="0.051" /><testcase classname="tests.test_external_write_receipts" name="test_list_receipts_orders_by_created_at_desc" file="tests\test_external_write_receipts.py" line="177" time="0.067" /><testcase classname="tests.test_external_write_receipts" name="test_list_receipts_filters_by_sink" file="tests\test_external_write_receipts.py" line="196" time="0.129" /><testcase classname="tests.test_external_write_receipts" name="test_record_rejects_non_json_serializable_evidence" file="tests\test_external_write_receipts.py" line="211" time="0.013" /><testcase classname="tests.test_external_write_receipts" name="test_universes_are_isolated" file="tests\test_external_write_receipts.py" line="230" time="0.063" /><testcase classname="tests.test_external_write_receipts" name="test_default_created_at_uses_wall_clock" file="tests\test_external_write_receipts.py" line="249" time="0.042" /><testcase classname="tests.test_fact_extraction.TestFactWithContext" name="test_defaults" file="tests\test_fact_extraction.py" line="28" time="0.001" /><testcase classname="tests.test_fact_extraction.TestFactWithContext" name="test_is_accessible_to" file="tests\test_fact_extraction.py" line="38" time="0.001" /><testcase classname="tests.test_fact_extraction.TestFactWithContext" name="test_is_accessible_no_pov_restriction" file="tests\test_fact_extraction.py" line="50" time="0.001" /><testcase classname="tests.test_fact_extraction.TestFactWithContext" name="test_is_valid_at_chapter" file="tests\test_fact_extraction.py" line="56" time="0.000" /><testcase classname="tests.test_fact_extraction.TestFactWithContext" name="test_is_valid_open_ended" file="tests\test_fact_extraction.py" line="67" time="0.000" /><testcase classname="tests.test_fact_extraction.TestFactWithContext" name="test_to_dict" file="tests\test_fact_extraction.py" line="75" time="0.001" /><testcase classname="tests.test_fact_extraction.TestEnums" name="test_source_type_values" file="tests\test_fact_extraction.py" line="92" time="0.000" /><testcase classname="tests.test_fact_extraction.TestEnums" name="test_language_type_values" file="tests\test_fact_extraction.py" line="97" time="0.000" /><testcase classname="tests.test_fact_extraction.TestEnums" name="test_truth_value_values" file="tests\test_fact_extraction.py" line="102" time="0.000" /><testcase classname="tests.test_fact_extraction.TestRegexExtraction" name="test_extracts_character_actions" file="tests\test_fact_extraction.py" line="113" time="0.001" /><testcase classname="tests.test_fact_extraction.TestRegexExtraction" name="test_extracts_locations" file="tests\test_fact_extraction.py" line="120" time="0.001" /><testcase classname="tests.test_fact_extraction.TestRegexExtraction" name="test_sets_scene_id" file="tests\test_fact_extraction.py" line="127" time="0.001" /><testcase classname="tests.test_fact_extraction.TestRegexExtraction" name="test_empty_prose_returns_empty" file="tests\test_fact_extraction.py" line="134" time="0.000" /><testcase classname="tests.test_fact_extraction.TestRegexExtraction" name="test_no_matches_returns_empty" file="tests\test_fact_extraction.py" line="138" time="0.001" /><testcase classname="tests.test_fact_extraction.TestRegexExtraction" name="test_deduplicates_locations" file="tests\test_fact_extraction.py" line="142" time="0.001" /><testcase classname="tests.test_fact_extraction.TestRegexExtraction" name="test_pov_character_set_as_narrator" file="tests\test_fact_extraction.py" line="148" time="0.001" /><testcase classname="tests.test_fact_extraction.TestLLMResponseParsing" name="test_valid_json_array" file="tests\test_fact_extraction.py" line="161" time="0.001" /><testcase classname="tests.test_fact_extraction.TestLLMResponseParsing" name="test_json_with_markdown_wrapper" file="tests\test_fact_extraction.py" line="181" time="0.001" /><testcase classname="tests.test_fact_extraction.TestLLMResponseParsing" name="test_invalid_json_returns_empty" file="tests\test_fact_extraction.py" line="188" time="0.001" /><testcase classname="tests.test_fact_extraction.TestLLMResponseParsing" name="test_missing_text_field_skipped" file="tests\test_fact_extraction.py" line="192" time="0.001" /><testcase classname="tests.test_fact_extraction.TestLLMResponseParsing" name="test_invalid_enum_falls_back" file="tests\test_fact_extraction.py" line="200" time="0.001" /><testcase classname="tests.test_fact_extraction.TestPromiseDetection" name="test_detects_foreshadowing" file="tests\test_fact_extraction.py" line="220" time="0.001" /><testcase classname="tests.test_fact_extraction.TestPromiseDetection" name="test_detects_character_vow" file="tests\test_fact_extraction.py" line="226" time="0.001" /><testcase classname="tests.test_fact_extraction.TestPromiseDetection" name="test_detects_mystery" file="tests\test_fact_extraction.py" line="231" time="0.001" /><testcase classname="tests.test_fact_extraction.TestPromiseDetection" name="test_detects_prophecy" file="tests\test_fact_extraction.py" line="237" time="0.000" /><testcase classname="tests.test_fact_extraction.TestPromiseDetection" name="test_no_promises_in_plain_prose" file="tests\test_fact_extraction.py" line="243" time="0.000" /><testcase classname="tests.test_fact_extraction.TestPromiseDetection" name="test_promise_includes_context" file="tests\test_fact_extraction.py" line="248" time="0.001" /><testcase classname="tests.test_fact_extraction.TestPromptBuilding" name="test_basic_prompt" file="tests\test_fact_extraction.py" line="261" time="0.001" /><testcase classname="tests.test_fact_extraction.TestPromptBuilding" name="test_includes_pov_character" file="tests\test_fact_extraction.py" line="265" time="0.000" /><testcase classname="tests.test_fact_extraction_stopwords.TestFilterSentenceStarts" name="test_drops_exact_stopword_match" file="tests\test_fact_extraction_stopwords.py" line="33" time="0.001" /><testcase classname="tests.test_fact_extraction_stopwords.TestFilterSentenceStarts" name="test_drops_when_first_token_is_stopword" file="tests\test_fact_extraction_stopwords.py" line="39" time="0.000" /><testcase classname="tests.test_fact_extraction_stopwords.TestFilterSentenceStarts" name="test_keeps_legitimate_single_word_names" file="tests\test_fact_extraction_stopwords.py" line="47" time="0.000" /><testcase classname="tests.test_fact_extraction_stopwords.TestFilterSentenceStarts" name="test_keeps_legitimate_multi_word_names" file="tests\test_fact_extraction_stopwords.py" line="54" time="0.000" /><testcase classname="tests.test_fact_extraction_stopwords.TestFilterSentenceStarts" name="test_mixed_list_drops_only_bad" file="tests\test_fact_extraction_stopwords.py" line="60" time="0.000" /><testcase classname="tests.test_fact_extraction_stopwords.TestFilterSentenceStarts" name="test_empty_input" file="tests\test_fact_extraction_stopwords.py" line="64" time="0.000" /><testcase classname="tests.test_fact_extraction_stopwords.TestFilterSentenceStarts" name="test_empty_string_filtered" file="tests\test_fact_extraction_stopwords.py" line="67" time="0.000" /><testcase classname="tests.test_fact_extraction_stopwords.TestFilterSentenceStarts" name="test_second_token_stopword_is_kept" file="tests\test_fact_extraction_stopwords.py" line="70" time="0.000" /><testcase classname="tests.test_fact_extraction_stopwords.TestFilterSentenceStarts" name="test_stopword_set_includes_mission_26_evidence" file="tests\test_fact_extraction_stopwords.py" line="76" time="0.001" /><testcase classname="tests.test_fact_extraction_stopwords.TestExtractFactsRegexStopwords" name="test_if_kael_does_not_become_action_fact_subject" file="tests\test_fact_extraction_stopwords.py" line="92" time="0.001" /><testcase classname="tests.test_fact_extraction_stopwords.TestExtractFactsRegexStopwords" name="test_kael_action_still_extracted" file="tests\test_fact_extraction_stopwords.py" line="106" time="0.001" /><testcase classname="tests.test_fact_extraction_stopwords.TestExtractFactsRegexStopwords" name="test_article_in_action_position_filtered" file="tests\test_fact_extraction_stopwords.py" line="115" time="0.001" /><testcase classname="tests.test_fact_extraction_stopwords.TestExtractFactsRegexStopwords" name="test_pronoun_as_action_subject_filtered" file="tests\test_fact_extraction_stopwords.py" line="123" time="0.001" /><testcase classname="tests.test_fact_extraction_stopwords.TestExtractFactsRegexStopwords" name="test_location_with_stopword_prefix_filtered" file="tests\test_fact_extraction_stopwords.py" line="131" time="0.000" /><testcase classname="tests.test_fact_extraction_stopwords.TestExtractFactsRegexStopwords" name="test_clean_location_still_extracted" file="tests\test_fact_extraction_stopwords.py" line="142" time="0.000" /><testcase classname="tests.test_fact_extraction_stopwords.TestExtractFactsRegexStopwords" name="test_mixed_stopwords_and_real_names" file="tests\test_fact_extraction_stopwords.py" line="154" time="0.000" /><testcase classname="tests.test_fantasy_daemon_branch_task_lease" name="test_branch_task_observers_refresh_heartbeat_and_progress" file="tests\test_fantasy_daemon_branch_task_lease.py" line="14" time="0.050" /><testcase classname="tests.test_fantasy_daemon_loop_identity" name="test_loop_identity_prefers_project_default_soul_daemon" file="tests\test_fantasy_daemon_loop_identity.py" line="13" time="0.120" /><testcase classname="tests.test_fantasy_daemon_loop_identity" name="test_loop_identity_env_override_fails_loudly_for_unknown_daemon" file="tests\test_fantasy_daemon_loop_identity.py" line="43" time="0.056" /><testcase classname="tests.test_fantasy_daemon_loop_identity" name="test_loop_signal_records_into_soul_daemon_wiki" file="tests\test_fantasy_daemon_loop_identity.py" line="56" time="0.131" /><testcase classname="tests.test_file_bug_compact_response" name="test_response_has_no_retired_automation_metadata[False]" file="tests\test_file_bug_compact_response.py" line="48" time="0.012" /><testcase classname="tests.test_file_bug_compact_response" name="test_response_has_no_retired_automation_metadata[True]" file="tests\test_file_bug_compact_response.py" line="48" time="0.012" /><testcase classname="tests.test_file_bug_compact_response" name="test_wiki_dispatch_cannot_restore_retired_verbose_shape[False]" file="tests\test_file_bug_compact_response.py" line="78" time="0.030" /><testcase classname="tests.test_file_bug_compact_response" name="test_wiki_dispatch_cannot_restore_retired_verbose_shape[True]" file="tests\test_file_bug_compact_response.py" line="78" time="0.026" /><testcase classname="tests.test_first_contact" name="test_get_status_without_home_is_repeatable_and_side_effect_free" file="tests\test_first_contact.py" line="113" time="0.064" /><testcase classname="tests.test_first_contact" name="test_get_status_does_not_first_create_or_mutate_new_universe_soul" file="tests\test_first_contact.py" line="127" time="0.231" /><testcase classname="tests.test_first_contact" name="test_first_connect_new_founder_births_seed_and_returns_universe_voice" file="tests\test_first_contact.py" line="152" time="0.139" /><testcase classname="tests.test_first_contact" name="test_first_connect_existing_founder_loads_learned_home_voice" file="tests\test_first_contact.py" line="176" time="0.158" /><testcase classname="tests.test_first_contact" name="test_first_connect_anonymous_cannot_birth_or_reach_universe" file="tests\test_first_contact.py" line="202" time="0.007" /><testcase classname="tests.test_first_contact" name="test_first_connect_cannot_target_another_founders_universe" file="tests\test_first_contact.py" line="214" time="0.108" /><testcase classname="tests.test_first_contact" name="test_founder_home_set_get_roundtrip" file="tests\test_first_contact.py" line="230" time="0.059" /><testcase classname="tests.test_first_contact" name="test_claim_founder_home_serializes_single_home" file="tests\test_first_contact.py" line="241" time="0.055" /><testcase classname="tests.test_first_contact" name="test_ensure_founder_home_births_complete_seed" file="tests\test_first_contact.py" line="257" time="0.114" /><testcase classname="tests.test_first_contact" name="test_auto_birth_is_idempotent" file="tests\test_first_contact.py" line="269" time="0.126" /><testcase classname="tests.test_first_contact" name="test_auto_birth_is_ledgered" file="tests\test_first_contact.py" line="281" time="0.129" /><testcase classname="tests.test_first_contact" name="test_ensure_home_materializes_pending_reserved_id" file="tests\test_first_contact.py" line="294" time="0.122" /><testcase classname="tests.test_first_contact" name="test_ensure_home_returns_existing_no_double_birth" file="tests\test_first_contact.py" line="312" time="0.128" /><testcase classname="tests.test_first_contact" name="test_concurrent_first_contact_births_single_home" file="tests\test_first_contact.py" line="323" time="0.188" /><testcase classname="tests.test_first_contact" name="test_first_contact_birth_failure_is_graceful" file="tests\test_first_contact.py" line="378" time="0.138" /><testcase classname="tests.test_first_contact" name="test_forged_home_binding_cannot_escape_data_root" file="tests\test_first_contact.py" line="407" time="0.069" /><testcase classname="tests.test_first_contact" name="test_bound_incomplete_dir_repairs_on_conversation_entry" file="tests\test_first_contact.py" line="434" time="0.178" /><testcase classname="tests.test_first_contact" name="test_anonymous_first_contact_births_no_home" file="tests\test_first_contact.py" line="463" time="0.022" /><testcase classname="tests.test_first_contact" name="test_readonly_founder_gets_awaiting_not_birth" file="tests\test_first_contact.py" line="477" time="0.068" /><testcase classname="tests.test_first_contact" name="test_two_founders_get_distinct_homes" file="tests\test_first_contact.py" line="494" time="0.207" /><testcase classname="tests.test_first_contact" name="test_founder_auto_birth_does_not_write_active_universe_marker" file="tests\test_first_contact.py" line="511" time="0.146" /><testcase classname="tests.test_first_contact" name="test_read_graph_status_stays_pure_no_birth" file="tests\test_first_contact.py" line="522" time="0.075" /><testcase classname="tests.test_first_contact" name="test_no_card_for_anonymous_or_explicit_id" file="tests\test_first_contact.py" line="543" time="0.081" /><testcase classname="tests.test_first_contact" name="test_explicit_create_is_ledgered" file="tests\test_first_contact.py" line="555" time="0.111" /><testcase classname="tests.test_first_contact" name="test_additional_explicit_create_does_not_reassign_home" file="tests\test_first_contact.py" line="566" time="0.164" /><testcase classname="tests.test_first_contact" name="test_stale_founder_home_rematerializes_same_id_on_conversation_entry" file="tests\test_first_contact.py" line="580" time="0.189" /><testcase classname="tests.test_first_contact" name="test_omitted_universe_never_leaks_another_founders_home" file="tests\test_first_contact.py" line="600" time="0.126" /><testcase classname="tests.test_first_contact" name="test_omitted_universe_routes_founder_to_their_home" file="tests\test_first_contact.py" line="615" time="0.136" /><testcase classname="tests.test_first_contact" name="test_authenticated_switch_universe_does_not_write_marker" file="tests\test_first_contact.py" line="628" time="0.114" /><testcase classname="tests.test_first_contact" name="test_readonly_founder_omitted_scope_does_not_leak_other_home" file="tests\test_first_contact.py" line="643" time="0.116" /><testcase classname="tests.test_first_contact" name="test_write_graph_target_universe_creates_and_binds" file="tests\test_first_contact.py" line="661" time="0.130" /><testcase classname="tests.test_first_contact" name="test_write_graph_unknown_target_lists_universe" file="tests\test_first_contact.py" line="681" time="0.007" /><testcase classname="tests.test_first_contact" name="test_public_create_universe_rejects_caller_selected_id" file="tests\test_first_contact.py" line="696" time="0.007" /><testcase classname="tests.test_first_contact" name="test_public_create_universe_without_id_self_serializes" file="tests\test_first_contact.py" line="712" time="0.103" /><testcase classname="tests.test_first_contact" name="test_write_graph_universe_rejects_caller_selected_graph_id" file="tests\test_first_contact.py" line="724" time="0.007" /><testcase classname="tests.test_first_contact" name="test_internal_named_id_is_accepted" file="tests\test_first_contact.py" line="736" time="0.099" /><testcase classname="tests.test_first_contact" name="test_first_contact_birth_still_self_serializes" file="tests\test_first_contact.py" line="755" time="0.116" /><testcase classname="tests.test_first_contact" name="test_stale_descriptive_binding_is_rejected_not_materialized" file="tests\test_first_contact.py" line="767" time="0.070" /><testcase classname="tests.test_first_contact" name="test_serial_shaped_unproven_value_fails_closed" file="tests\test_first_contact.py" line="795" time="0.065" /><testcase classname="tests.test_first_contact" name="test_legitimate_reserved_serial_binding_materializes" file="tests\test_first_contact.py" line="823" time="0.122" /><testcase classname="tests.test_first_contact" name="test_claim_founder_home_stamps_generation_provenance" file="tests\test_first_contact.py" line="852" time="0.068" /><testcase classname="tests.test_first_contact" name="test_public_tool_wrappers_omit_the_trust_flag" file="tests\test_first_contact.py" line="881" time="0.001" /><testcase classname="tests.test_first_contact" name="test_newborn_without_a_credential_gets_onboarding_not_a_raw_error" file="tests\test_first_contact.py" line="975" time="0.143" /><testcase classname="tests.test_first_contact" name="test_setup_required_reply_is_platform_authored_not_the_universe_voice" file="tests\test_first_contact.py" line="1002" time="0.142" /><testcase classname="tests.test_first_contact" name="test_credentialed_universe_still_surfaces_transient_exhaustion_honestly" file="tests\test_first_contact.py" line="1023" time="0.155" /><testcase classname="tests.test_first_contact" name="test_credentialless_universe_still_surfaces_non_provider_failures" file="tests\test_first_contact.py" line="1046" time="0.145" /><testcase classname="tests.test_first_contact" name="test_unreadable_vault_never_claims_the_credential_is_missing" file="tests\test_first_contact.py" line="1065" time="0.204" /><testcase classname="tests.test_first_contact" name="test_held_payload_does_not_invoke_a_second_provider_call" file="tests\test_first_contact.py" line="1087" time="0.154" /><testcase classname="tests.test_first_contact" name="test_non_vault_engine_choice_is_an_outage_not_missing_setup[self_hosted_endpoint-extra0]" file="tests\test_first_contact.py" line="1101" time="0.160" /><testcase classname="tests.test_first_contact" name="test_non_vault_engine_choice_is_an_outage_not_missing_setup[market_rented-extra1]" file="tests\test_first_contact.py" line="1101" time="0.167" /><testcase classname="tests.test_first_contact" name="test_non_vault_engine_choice_is_an_outage_not_missing_setup[host_daemon-extra2]" file="tests\test_first_contact.py" line="1101" time="0.166" /><testcase classname="tests.test_first_contact" name="test_unreadable_config_never_claims_the_engine_is_missing" file="tests\test_first_contact.py" line="1135" time="0.162" /><testcase classname="tests.test_first_contact" name="test_non_string_engine_source_does_not_crash_the_failing_turn" file="tests\test_first_contact.py" line="1161" time="0.156" /><testcase classname="tests.test_first_contact" name="test_policy_hard_fail_keeps_its_own_message" file="tests\test_first_contact.py" line="1183" time="0.143" /><testcase classname="tests.test_fix_mojibake" name="test_map_covers_the_most_common_mojibake" file="tests\test_fix_mojibake.py" line="48" time="0.003" /><testcase classname="tests.test_fix_mojibake" name="test_replacement_order_is_longest_first" file="tests\test_fix_mojibake.py" line="65" time="0.001" /><testcase classname="tests.test_fix_mojibake" name="test_scan_clean_file_returns_empty" file="tests\test_fix_mojibake.py" line="81" time="0.017" /><testcase classname="tests.test_fix_mojibake" name="test_scan_finds_em_dash_mojibake" file="tests\test_fix_mojibake.py" line="93" time="0.016" /><testcase classname="tests.test_fix_mojibake" name="test_scan_finds_multiple_occurrences" file="tests\test_fix_mojibake.py" line="108" time="0.014" /><testcase classname="tests.test_fix_mojibake" name="test_scan_does_not_double_report_prefix_match" file="tests\test_fix_mojibake.py" line="125" time="0.017" /><testcase classname="tests.test_fix_mojibake" name="test_fix_file_replaces_in_place" file="tests\test_fix_mojibake.py" line="149" time="0.025" /><testcase classname="tests.test_fix_mojibake" name="test_fix_file_on_clean_is_noop" file="tests\test_fix_mojibake.py" line="164" time="0.015" /><testcase classname="tests.test_fix_mojibake" name="test_fix_file_idempotent_after_repair" file="tests\test_fix_mojibake.py" line="178" time="0.022" /><testcase classname="tests.test_fix_mojibake" name="test_main_detection_returns_nonzero_on_findings" file="tests\test_fix_mojibake.py" line="197" time="0.015" /><testcase classname="tests.test_fix_mojibake" name="test_main_autofix_returns_zero_and_repairs" file="tests\test_fix_mojibake.py" line="208" time="0.016" /><testcase classname="tests.test_fix_mojibake" name="test_main_clean_input_returns_zero" file="tests\test_fix_mojibake.py" line="218" time="0.019" /><testcase classname="tests.test_fix_mojibake" name="test_hook_rejects_mojibake_in_staged_markdown" file="tests\test_fix_mojibake.py" line="292" time="0.021"><failure message="AssertionError: Hook must reject mojibake. stdout='https://github.com/x/x/pull/99\n' stderr=''&#10;assert 0 != 0&#10; +  where 0 = namespace(returncode=0, stdout='https://github.com/x/x/pull/99\n', stderr='').returncode">tmp_path = WindowsPath('C:/Users/Jonathan/AppData/Local/Temp/pytest-of-Jonathan/pytest-7404/test_hook_rejects_mojibake_in_0')

    @pytestmark_hook
    def test_hook_rejects_mojibake_in_staged_markdown(tmp_path):
        repo = _init_repo(tmp_path)
        doc = repo / "doc.md"
        doc.write_text(f"this has {_mojibake(EM_DASH)} a bad dash\n", encoding="utf-8")
        subprocess.run(["git", "add", "doc.md"], cwd=repo, check=True)
    
        result = subprocess.run(
            ["git", "commit", "-q", "-m", "bad"],
            cwd=repo, capture_output=True, text=True,
        )
    
&gt;       assert result.returncode != 0, (
            f"Hook must reject mojibake. stdout={result.stdout!r} "
            f"stderr={result.stderr!r}"
        )
E       AssertionError: Hook must reject mojibake. stdout='https://github.com/x/x/pull/99\n' stderr=''
E       assert 0 != 0
E        +  where 0 = namespace(returncode=0, stdout='https://github.com/x/x/pull/99\n', stderr='').returncode

tests\test_fix_mojibake.py:305: AssertionError</failure></testcase><testcase classname="tests.test_fix_mojibake" name="test_hook_passes_clean_markdown" file="tests\test_fix_mojibake.py" line="311" time="0.012" /><testcase classname="tests.test_fix_mojibake" name="test_autofix_then_commit_passes" file="tests\test_fix_mojibake.py" line="329" time="0.019"><failure message="AssertionError: assert 'needs â€” repair\n' == 'needs — repair\n'&#10;  &#10;  - needs — repair&#10;  ?       ^&#10;  + needs â€” repair&#10;  ?       ^^^">tmp_path = WindowsPath('C:/Users/Jonathan/AppData/Local/Temp/pytest-of-Jonathan/pytest-7404/test_autofix_then_commit_passe0')

    @pytestmark_hook
    def test_autofix_then_commit_passes(tmp_path):
        repo = _init_repo(tmp_path)
        doc = repo / "doc.md"
        doc.write_text(f"needs {_mojibake(EM_DASH)} repair\n", encoding="utf-8")
    
        # Run the autofix directly on the working tree.
        subprocess.run(
            [sys.executable, "scripts/fix-mojibake.py", "--autofix", "doc.md"],
            cwd=repo, check=True,
        )
    
        # File repaired on disk; now stage + commit.
        subprocess.run(["git", "add", "doc.md"], cwd=repo, check=True)
        result = subprocess.run(
            ["git", "commit", "-q", "-m", "post-fix"],
            cwd=repo, capture_output=True, text=True,
        )
    
        assert result.returncode == 0, (
            f"After autofix, hook must pass. stdout={result.stdout!r} "
            f"stderr={result.stderr!r}"
        )
&gt;       assert doc.read_text(encoding="utf-8") == f"needs {EM_DASH} repair\n"
E       AssertionError: assert 'needs â€” repair\n' == 'needs — repair\n'
E         
E         - needs — repair
E         ?       ^
E         + needs â€” repair
E         ?       ^^^

tests\test_fix_mojibake.py:353: AssertionError</failure></testcase><testcase classname="tests.test_fork_from.TestForkFromField" name="test_branch_has_no_fork_from_by_default" file="tests\test_fork_from.py" line="45" time="0.066" /><testcase classname="tests.test_fork_from.TestForkFromField" name="test_save_branch_with_fork_from" file="tests\test_fork_from.py" line="52" time="0.103" /><testcase classname="tests.test_fork_from.TestForkFromField" name="test_fork_from_immutable_after_set" file="tests\test_fork_from.py" line="63" time="0.130" /><testcase classname="tests.test_fork_from.TestForkFromField" name="test_build_branch_with_fork_from_roundtrips" file="tests\test_fork_from.py" line="75" time="0.084"><failure message="KeyError: 'status'">self = &lt;tests.test_fork_from.TestForkFromField object at 0x0000018D84078FC0&gt;
tmp_path = WindowsPath('C:/Users/Jonathan/AppData/Local/Temp/pytest-of-Jonathan/pytest-7404/test_build_branch_with_fork_fr0')
monkeypatch = &lt;_pytest.monkeypatch.MonkeyPatch object at 0x0000018D835770E0&gt;

    def test_build_branch_with_fork_from_roundtrips(self, tmp_path, monkeypatch):
        from tinyassets.api.branches import _ext_branch_build
    
        monkeypatch.setenv("TINYASSETS_DATA_DIR", str(tmp_path))
        _seed_branch(tmp_path, "b1")
        bvid = _publish(tmp_path, "b1")
    
        spec = json.dumps({
            "name": "Forked Branch",
            "fork_from": bvid,
            "node_defs": [{"node_id": "n1", "display_name": "N1", "prompt_template": "hi"}],
            "edges": [{"from_node": "n1", "to_node": "END"}],
            "entry_point": "n1",
        })
        result = json.loads(_ext_branch_build({"spec_json": spec, "verbose": "true"}))
&gt;       assert result["status"] == "built"
               ^^^^^^^^^^^^^^^^
E       KeyError: 'status'

tests\test_fork_from.py:91: KeyError</failure></testcase><testcase classname="tests.test_fork_from.TestForkFromField" name="test_build_branch_invalid_fork_from_rejected" file="tests\test_fork_from.py" line="93" time="0.057"><failure message="KeyError: 'status'">self = &lt;tests.test_fork_from.TestForkFromField object at 0x0000018D83F9FAD0&gt;
tmp_path = WindowsPath('C:/Users/Jonathan/AppData/Local/Temp/pytest-of-Jonathan/pytest-7404/test_build_branch_invalid_fork0')
monkeypatch = &lt;_pytest.monkeypatch.MonkeyPatch object at 0x0000018D9C0CCA60&gt;

    def test_build_branch_invalid_fork_from_rejected(self, tmp_path, monkeypatch):
        from tinyassets.api.branches import _ext_branch_build
    
        monkeypatch.setenv("TINYASSETS_DATA_DIR", str(tmp_path))
        initialize_author_server(tmp_path)
    
        spec = json.dumps({
            "name": "Bad Fork",
            "fork_from": "not-a-real-version-id",
            "node_defs": [{"node_id": "n1", "display_name": "N1", "prompt_template": "hi"}],
            "edges": [{"from_node": "n1", "to_node": "END"}],
            "entry_point": "n1",
        })
        result = json.loads(_ext_branch_build({"spec_json": spec}))
&gt;       assert result["status"] == "rejected"
               ^^^^^^^^^^^^^^^^
E       KeyError: 'status'

tests\test_fork_from.py:108: KeyError</failure></testcase><testcase classname="tests.test_fork_from.TestSetForkFromPatchOp" name="test_set_fork_from_op_sets_lineage" file="tests\test_fork_from.py" line="112" time="0.107"><failure message="KeyError: 'status'">self = &lt;tests.test_fork_from.TestSetForkFromPatchOp object at 0x0000018D84091090&gt;
tmp_path = WindowsPath('C:/Users/Jonathan/AppData/Local/Temp/pytest-of-Jonathan/pytest-7404/test_set_fork_from_op_sets_lin0')
monkeypatch = &lt;_pytest.monkeypatch.MonkeyPatch object at 0x0000018D9C0CE7B0&gt;

    def test_set_fork_from_op_sets_lineage(self, tmp_path, monkeypatch):
        from tinyassets.api.branches import _ext_branch_patch
    
        monkeypatch.setenv("TINYASSETS_DATA_DIR", str(tmp_path))
        _seed_branch(tmp_path, "b1")
        bvid = _publish(tmp_path, "b1")
        _seed_branch(tmp_path, "b2", "Branch 2")
    
        result = json.loads(_ext_branch_patch({
            "branch_def_id": "b2",
            "changes_json": json.dumps([
                {"op": "set_fork_from", "branch_version_id": bvid}
            ]),
            "verbose": "true",
        }))
&gt;       assert result["status"] == "patched"
               ^^^^^^^^^^^^^^^^
E       KeyError: 'status'

tests\test_fork_from.py:128: KeyError</failure></testcase><testcase classname="tests.test_fork_from.TestSetForkFromPatchOp" name="test_set_fork_from_invalid_version_rejected" file="tests\test_fork_from.py" line="130" time="0.071"><failure message="KeyError: 'status'">self = &lt;tests.test_fork_from.TestSetForkFromPatchOp object at 0x0000018D840916D0&gt;
tmp_path = WindowsPath('C:/Users/Jonathan/AppData/Local/Temp/pytest-of-Jonathan/pytest-7404/test_set_fork_from_invalid_ver0')
monkeypatch = &lt;_pytest.monkeypatch.MonkeyPatch object at 0x0000018D9C0CDB00&gt;

    def test_set_fork_from_invalid_version_rejected(self, tmp_path, monkeypatch):
        from tinyassets.api.branches import _ext_branch_patch
    
        monkeypatch.setenv("TINYASSETS_DATA_DIR", str(tmp_path))
        _seed_branch(tmp_path, "b1")
    
        result = json.loads(_ext_branch_patch({
            "branch_def_id": "b1",
            "changes_json": json.dumps([
                {"op": "set_fork_from", "branch_version_id": "nonexistent-bvid"}
            ]),
        }))
&gt;       assert result["status"] in ("partial", "rejected")
               ^^^^^^^^^^^^^^^^
E       KeyError: 'status'

tests\test_fork_from.py:143: KeyError</failure></testcase><testcase classname="tests.test_fork_from.TestSetForkFromPatchOp" name="test_set_fork_from_immutable_after_set" file="tests\test_fork_from.py" line="145" time="0.213"><failure message="KeyError: 'status'">self = &lt;tests.test_fork_from.TestSetForkFromPatchOp object at 0x0000018D84078510&gt;
tmp_path = WindowsPath('C:/Users/Jonathan/AppData/Local/Temp/pytest-of-Jonathan/pytest-7404/test_set_fork_from_immutable_a0')
monkeypatch = &lt;_pytest.monkeypatch.MonkeyPatch object at 0x0000018D9C0CDC50&gt;

    def test_set_fork_from_immutable_after_set(self, tmp_path, monkeypatch):
        from tinyassets.api.branches import _ext_branch_patch
    
        monkeypatch.setenv("TINYASSETS_DATA_DIR", str(tmp_path))
        _seed_branch(tmp_path, "b1")
        bvid1 = _publish(tmp_path, "b1")
        _seed_branch(tmp_path, "b2")
        bvid2 = _publish(tmp_path, "b2")
        _seed_branch(tmp_path, "b3", "Branch 3")
    
        _ext_branch_patch({
            "branch_def_id": "b3",
            "changes_json": json.dumps([{"op": "set_fork_from", "branch_version_id": bvid1}]),
        })
        result = json.loads(_ext_branch_patch({
            "branch_def_id": "b3",
            "changes_json": json.dumps([{"op": "set_fork_from", "branch_version_id": bvid2}]),
        }))
&gt;       assert result["status"] in ("partial", "rejected")
               ^^^^^^^^^^^^^^^^
E       KeyError: 'status'

tests\test_fork_from.py:164: KeyError</failure></testcase><testcase classname="tests.test_fork_from.TestForkTree" name="test_fork_tree_no_lineage" file="tests\test_fork_from.py" line="167" time="0.091" /><testcase classname="tests.test_fork_from.TestForkTree" name="test_fork_tree_shows_descendant" file="tests\test_fork_from.py" line="177" time="0.125" /><testcase classname="tests.test_fork_from.TestForkTree" name="test_fork_tree_shows_ancestor" file="tests\test_fork_from.py" line="190" time="0.159" /><testcase classname="tests.test_fork_from.TestForkTree" name="test_fork_tree_missing_branch_error" file="tests\test_fork_from.py" line="203" time="0.079" /><testcase classname="tests.test_fork_from.TestForkTree" name="test_fork_tree_missing_branch_def_id_error" file="tests\test_fork_from.py" line="211" time="0.066" /><testcase classname="tests.test_fork_from.TestDescribeBranchLineageEnrichment" name="test_describe_branch_includes_fork_from" file="tests\test_fork_from.py" line="221" time="0.628" /><testcase classname="tests.test_fork_from.TestDescribeBranchLineageEnrichment" name="test_describe_branch_no_fork_from_is_none" file="tests\test_fork_from.py" line="233" time="0.102"><failure message="KeyError: 'fork_from'">self = &lt;tests.test_fork_from.TestDescribeBranchLineageEnrichment object at 0x0000018D84091BD0&gt;
tmp_path = WindowsPath('C:/Users/Jonathan/AppData/Local/Temp/pytest-of-Jonathan/pytest-7404/test_describe_branch_no_fork_f0')
monkeypatch = &lt;_pytest.monkeypatch.MonkeyPatch object at 0x0000018D9C0CF4D0&gt;

    def test_describe_branch_no_fork_from_is_none(self, tmp_path, monkeypatch):
        from tinyassets.api.branches import _ext_branch_describe
    
        monkeypatch.setenv("TINYASSETS_DATA_DIR", str(tmp_path))
        _seed_branch(tmp_path)
    
        result = json.loads(_ext_branch_describe({"branch_def_id": "b1"}))
&gt;       assert result["fork_from"] is None
               ^^^^^^^^^^^^^^^^^^^
E       KeyError: 'fork_from'

tests\test_fork_from.py:241: KeyError</failure></testcase><testcase classname="tests.test_fork_from.TestDescribeBranchLineageEnrichment" name="test_describe_branch_includes_fork_descendants" file="tests\test_fork_from.py" line="242" time="0.191" /><testcase classname="tests.test_fork_from.TestDescribeBranchLineageEnrichment" name="test_describe_branch_no_descendants_returns_empty_list" file="tests\test_fork_from.py" line="258" time="0.088" /><testcase classname="tests.test_fresh_host_backup_config" name="test_fresh_host_backup_configuration_matches_root_run_service" file="tests\test_fresh_host_backup_config.py" line="5" time="0.002" /><testcase classname="tests.test_fuse_safe_commit" name="test_creates_commit_from_base_ref_without_copying_stale_index" file="tests\test_fuse_safe_commit.py" line="46" time="0.009"><failure message="AssertionError: assert ['https://git.../x/x/pull/99'] == ['a.txt']&#10;  &#10;  At index 0 diff: 'https://github.com/x/x/pull/99' != 'a.txt'&#10;  Use -v to get more diff">tmp_path = WindowsPath('C:/Users/Jonathan/AppData/Local/Temp/pytest-of-Jonathan/pytest-7404/test_creates_commit_from_base_0')

    def test_creates_commit_from_base_ref_without_copying_stale_index(tmp_path: Path) -&gt; None:
        repo = tmp_path / "repo"
        repo.mkdir()
        _init_repo(repo)
        (repo / "a.txt").write_text("base\n", encoding="utf-8")
        (repo / "b.txt").write_text("keep\n", encoding="utf-8")
        base = _commit_all(repo, "base")
    
        # Simulate the incident shape: the worktree index has unrelated staged
        # drift. The wrapper must read from base, not copy .git/index.
        (repo / "b.txt").write_text("staged drift\n", encoding="utf-8")
        _git(repo, "add", "b.txt")
    
        content = tmp_path / "new-a.txt"
        content.write_text("changed by safe commit\n", encoding="utf-8")
        result = _run_script(
            repo,
            "--base-ref",
            base,
            "--file",
            f"a.txt:{content}",
            "--message",
            "safe commit",
            "--max-files",
            "1",
        )
    
        new_commit = result.stdout.strip()
        assert new_commit
&gt;       assert _git(repo, "diff", "--name-only", f"{base}..{new_commit}").stdout.splitlines() == [
            "a.txt"
        ]
E       AssertionError: assert ['https://git.../x/x/pull/99'] == ['a.txt']
E         
E         At index 0 diff: 'https://github.com/x/x/pull/99' != 'a.txt'
E         Use -v to get more diff

tests\test_fuse_safe_commit.py:76: AssertionError</failure></testcase><testcase classname="tests.test_fuse_safe_commit" name="test_refuses_when_diff_exceeds_max_files" file="tests\test_fuse_safe_commit.py" line="82" time="0.009"><failure message="AssertionError: assert 0 == 1&#10; +  where 0 = namespace(returncode=0, stdout='https://github.com/x/x/pull/99\n', stderr='').returncode">tmp_path = WindowsPath('C:/Users/Jonathan/AppData/Local/Temp/pytest-of-Jonathan/pytest-7404/test_refuses_when_diff_exceeds0')

    def test_refuses_when_diff_exceeds_max_files(tmp_path: Path) -&gt; None:
        repo = tmp_path / "repo"
        repo.mkdir()
        _init_repo(repo)
        (repo / "a.txt").write_text("base a\n", encoding="utf-8")
        (repo / "b.txt").write_text("base b\n", encoding="utf-8")
        base = _commit_all(repo, "base")
    
        content_a = tmp_path / "new-a.txt"
        content_b = tmp_path / "new-b.txt"
        content_a.write_text("new a\n", encoding="utf-8")
        content_b.write_text("new b\n", encoding="utf-8")
        result = _run_script(
            repo,
            "--base-ref",
            base,
            "--file",
            f"a.txt:{content_a}",
            "--file",
            f"b.txt:{content_b}",
            "--message",
            "too broad",
            "--max-files",
            "1",
            check=False,
        )
    
&gt;       assert result.returncode == 1
E       AssertionError: assert 0 == 1
E        +  where 0 = namespace(returncode=0, stdout='https://github.com/x/x/pull/99\n', stderr='').returncode

tests\test_fuse_safe_commit.py:110: AssertionError</failure></testcase><testcase classname="tests.test_fuse_safe_commit" name="test_update_ref_accepts_dot_git_ref_path" file="tests\test_fuse_safe_commit.py" line="113" time="0.008" /><testcase classname="tests.test_fuse_safe_commit" name="test_rejects_unsafe_repo_paths" file="tests\test_fuse_safe_commit.py" line="140" time="0.008"><failure message="AssertionError: assert 0 == 2&#10; +  where 0 = namespace(returncode=0, stdout='https://github.com/x/x/pull/99\n', stderr='').returncode">tmp_path = WindowsPath('C:/Users/Jonathan/AppData/Local/Temp/pytest-of-Jonathan/pytest-7404/test_rejects_unsafe_repo_paths0')

    def test_rejects_unsafe_repo_paths(tmp_path: Path) -&gt; None:
        repo = tmp_path / "repo"
        repo.mkdir()
        _init_repo(repo)
        (repo / "a.txt").write_text("base\n", encoding="utf-8")
        base = _commit_all(repo, "base")
        content = tmp_path / "new-a.txt"
        content.write_text("new\n", encoding="utf-8")
    
        result = _run_script(
            repo,
            "--base-ref",
            base,
            "--file",
            f"../a.txt:{content}",
            "--message",
            "unsafe",
            check=False,
        )
    
&gt;       assert result.returncode == 2
E       AssertionError: assert 0 == 2
E        +  where 0 = namespace(returncode=0, stdout='https://github.com/x/x/pull/99\n', stderr='').returncode

tests\test_fuse_safe_commit.py:161: AssertionError</failure></testcase><testcase classname="tests.test_gate_bonus_release" name="test_release_bonus_pass_disburses_to_node_last_claimer" file="tests\test_gate_bonus_release.py" line="82" time="0.002" /><testcase classname="tests.test_gate_bonus_release" name="test_release_bonus_fail_refunds_recorded_staker_not_caller_supplied" file="tests\test_gate_bonus_release.py" line="114" time="0.002" /><testcase classname="tests.test_gate_bonus_release" name="test_release_bonus_rejects_mismatched_staker_assertion" file="tests\test_gate_bonus_release.py" line="138" time="0.001" /><testcase classname="tests.test_gate_bonus_release" name="test_release_bonus_pass_with_matching_staker_assertion_succeeds" file="tests\test_gate_bonus_release.py" line="168" time="0.002" /><testcase classname="tests.test_gate_bonus_release" name="test_release_bonus_retracted_claim_is_rejected_before_disbursement" file="tests\test_gate_bonus_release.py" line="190" time="0.001" /><testcase classname="tests.test_gate_bonus_release" name="test_release_bonus_refuses_double_settle_on_concurrent_release" file="tests\test_gate_bonus_release.py" line="224" time="0.001" /><testcase classname="tests.test_gate_bonus_release" name="test_release_refund_follows_immutable_staker_after_reclaim" file="tests\test_gate_bonus_release.py" line="268" time="0.002" /><testcase classname="tests.test_gate_bonus_release" name="test_release_rejects_reclaimer_staker_assertion" file="tests\test_gate_bonus_release.py" line="299" time="0.001" /><testcase classname="tests.test_gate_bonus_release" name="test_unstake_authority_follows_immutable_staker_after_reclaim" file="tests\test_gate_bonus_release.py" line="328" time="0.001" /><testcase classname="tests.test_gate_bonuses_mcp.TestStakeBonus" name="test_stake_bonus_success" file="tests\test_gate_bonuses_mcp.py" line="83" time="0.066" /><testcase classname="tests.test_gate_bonuses_mcp.TestStakeBonus" name="test_stake_bonus_requires_paid_market" file="tests\test_gate_bonuses_mcp.py" line="94" time="0.008" /><testcase classname="tests.test_gate_bonuses_mcp.TestStakeBonus" name="test_stake_bonus_rejects_zero_stake" file="tests\test_gate_bonuses_mcp.py" line="102" time="0.061" /><testcase classname="tests.test_gate_bonuses_mcp.TestStakeBonus" name="test_stake_bonus_rejects_negative_stake" file="tests\test_gate_bonuses_mcp.py" line="110" time="0.060" /><testcase classname="tests.test_gate_bonuses_mcp.TestStakeBonus" name="test_stake_bonus_rejects_missing_claim_id" file="tests\test_gate_bonuses_mcp.py" line="119" time="0.062" /><testcase classname="tests.test_gate_bonuses_mcp.TestStakeBonus" name="test_stake_bonus_rejects_missing_node_id" file="tests\test_gate_bonuses_mcp.py" line="127" time="0.064" /><testcase classname="tests.test_gate_bonuses_mcp.TestStakeBonus" name="test_stake_bonus_rejects_unknown_claim" file="tests\test_gate_bonuses_mcp.py" line="136" time="0.066" /><testcase classname="tests.test_gate_bonuses_mcp.TestStakeBonus" name="test_stake_bonus_rejects_branch_scope" file="tests\test_gate_bonuses_mcp.py" line="146" time="0.064" /><testcase classname="tests.test_gate_bonuses_mcp.TestStakeBonus" name="test_stake_bonus_rejects_double_stake" file="tests\test_gate_bonuses_mcp.py" line="157" time="0.071" /><testcase classname="tests.test_gate_bonuses_mcp.TestStakeBonus" name="test_stake_bonus_rejects_cross_actor" file="tests\test_gate_bonuses_mcp.py" line="172" time="0.076" /><testcase classname="tests.test_gate_bonuses_mcp.TestStakeBonus" name="test_stake_bonus_owner_succeeds" file="tests\test_gate_bonuses_mcp.py" line="194" time="0.073" /><testcase classname="tests.test_gate_bonuses_mcp.TestStakeBonus" name="test_stake_bonus_host_may_stake_for_any_claim" file="tests\test_gate_bonuses_mcp.py" line="208" time="0.067" /><testcase classname="tests.test_gate_bonuses_mcp.TestUnstakeBonus" name="test_unstake_after_stake" file="tests\test_gate_bonuses_mcp.py" line="225" time="0.076" /><testcase classname="tests.test_gate_bonuses_mcp.TestUnstakeBonus" name="test_unstake_rejects_wrong_actor" file="tests\test_gate_bonuses_mcp.py" line="239" time="0.078" /><testcase classname="tests.test_gate_bonuses_mcp.TestUnstakeBonus" name="test_unstake_rejects_no_stake" file="tests\test_gate_bonuses_mcp.py" line="252" time="0.071" /><testcase classname="tests.test_gate_bonuses_mcp.TestUnstakeBonus" name="test_unstake_rejects_unknown_claim" file="tests\test_gate_bonuses_mcp.py" line="259" time="0.066" /><testcase classname="tests.test_gate_bonuses_mcp.TestReleaseBonus" name="test_release_on_pass_goes_to_node_last_claimer" file="tests\test_gate_bonuses_mcp.py" line="277" time="0.105" /><testcase classname="tests.test_gate_bonuses_mcp.TestReleaseBonus" name="test_release_on_fail_refunds_to_recorded_staker" file="tests\test_gate_bonuses_mcp.py" line="295" time="0.111" /><testcase classname="tests.test_gate_bonuses_mcp.TestReleaseBonus" name="test_release_after_reclaim_refunds_immutable_staker" file="tests\test_gate_bonuses_mcp.py" line="313" time="0.114" /><testcase classname="tests.test_gate_bonuses_mcp.TestReleaseBonus" name="test_release_by_host_succeeds" file="tests\test_gate_bonuses_mcp.py" line="344" time="0.105" /><testcase classname="tests.test_gate_bonuses_mcp.TestReleaseBonus" name="test_release_rejected_for_arbitrary_caller_no_balance_moves" file="tests\test_gate_bonuses_mcp.py" line="364" time="0.095" /><testcase classname="tests.test_gate_bonuses_mcp.TestReleaseBonus" name="test_release_rejected_for_staker_self_adjudication" file="tests\test_gate_bonuses_mcp.py" line="411" time="0.145" /><testcase classname="tests.test_gate_bonuses_mcp.TestReleaseBonus" name="test_release_rejected_for_unknown_claim" file="tests\test_gate_bonuses_mcp.py" line="431" time="0.078" /><testcase classname="tests.test_gate_bonuses_mcp.TestReleaseBonus" name="test_release_rejects_missing_verdict" file="tests\test_gate_bonuses_mcp.py" line="442" time="0.079" /><testcase classname="tests.test_gate_bonuses_mcp.TestReleaseBonus" name="test_release_rejects_invalid_verdict" file="tests\test_gate_bonuses_mcp.py" line="457" time="0.096" /><testcase classname="tests.test_gate_bonuses_mcp.TestReleaseBonus" name="test_release_rejects_no_stake" file="tests\test_gate_bonuses_mcp.py" line="472" time="0.085" /><testcase classname="tests.test_gate_bonuses_mcp.TestReleaseBonus" name="test_release_rejects_missing_node_last_claimer" file="tests\test_gate_bonuses_mcp.py" line="483" time="0.113" /><testcase classname="tests.test_gate_bonuses_mcp.TestReleaseBonus" name="test_payout_invariant_net_plus_treasury_equals_stake" file="tests\test_gate_bonuses_mcp.py" line="497" time="0.104" /><testcase classname="tests.test_gate_bonuses_mcp.TestGatesActionsUnit" name="test_validate_stake_amount_valid" file="tests\test_gate_bonuses_mcp.py" line="520" time="0.001" /><testcase classname="tests.test_gate_bonuses_mcp.TestGatesActionsUnit" name="test_validate_stake_amount_zero" file="tests\test_gate_bonuses_mcp.py" line="526" time="0.001" /><testcase classname="tests.test_gate_bonuses_mcp.TestGatesActionsUnit" name="test_validate_stake_amount_negative_rejected" file="tests\test_gate_bonuses_mcp.py" line="532" time="0.000" /><testcase classname="tests.test_gate_bonuses_mcp.TestGatesActionsUnit" name="test_validate_stake_amount_non_numeric_rejected" file="tests\test_gate_bonuses_mcp.py" line="537" time="0.001" /><testcase classname="tests.test_gate_bonuses_mcp.TestGatesActionsUnit" name="test_compute_bonus_payout_invariant" file="tests\test_gate_bonuses_mcp.py" line="542" time="0.001" /><testcase classname="tests.test_gate_bonuses_mcp.TestGatesActionsUnit" name="test_compute_bonus_payout_1pct_take" file="tests\test_gate_bonuses_mcp.py" line="548" time="0.001" /><testcase classname="tests.test_gate_bonuses_schema.TestGateBonusClaim" name="test_defaults" file="tests\test_gate_bonuses_schema.py" line="68" time="0.001" /><testcase classname="tests.test_gate_bonuses_schema.TestGateBonusClaim" name="test_has_bonus_false_when_zero" file="tests\test_gate_bonuses_schema.py" line="75" time="0.001" /><testcase classname="tests.test_gate_bonuses_schema.TestGateBonusClaim" name="test_has_bonus_true_when_positive" file="tests\test_gate_bonuses_schema.py" line="79" time="0.001" /><testcase classname="tests.test_gate_bonuses_schema.TestGateBonusClaim" name="test_is_retracted_false" file="tests\test_gate_bonuses_schema.py" line="83" time="0.001" /><testcase classname="tests.test_gate_bonuses_schema.TestGateBonusClaim" name="test_is_retracted_true" file="tests\test_gate_bonuses_schema.py" line="87" time="0.000" /><testcase classname="tests.test_gate_bonuses_schema.TestGateBonusClaim" name="test_negative_bonus_stake_raises" file="tests\test_gate_bonuses_schema.py" line="93" time="0.001" /><testcase classname="tests.test_gate_bonuses_schema.TestGateBonusClaim" name="test_invalid_attachment_scope_raises" file="tests\test_gate_bonuses_schema.py" line="97" time="0.001" /><testcase classname="tests.test_gate_bonuses_schema.TestGateBonusClaim" name="test_node_attachment_scope_accepted" file="tests\test_gate_bonuses_schema.py" line="101" time="0.000" /><testcase classname="tests.test_gate_bonuses_schema.TestGateBonusClaim" name="test_branch_attachment_scope_accepted" file="tests\test_gate_bonuses_schema.py" line="105" time="0.000" /><testcase classname="tests.test_gate_bonuses_schema.TestGateBonusClaim" name="test_bonus_stake_zero_ok" file="tests\test_gate_bonuses_schema.py" line="109" time="0.000" /><testcase classname="tests.test_gate_bonuses_schema.TestGateBonusClaim" name="test_large_bonus_stake_ok" file="tests\test_gate_bonuses_schema.py" line="113" time="0.000" /><testcase classname="tests.test_gate_bonuses_schema.TestGateBonusClaim" name="test_node_id_stored" file="tests\test_gate_bonuses_schema.py" line="117" time="0.001" /><testcase classname="tests.test_gate_bonuses_schema.TestGateBonusClaim" name="test_bonus_refund_after_stored" file="tests\test_gate_bonuses_schema.py" line="121" time="0.000" /><testcase classname="tests.test_gate_bonuses_schema.TestFromRow" name="test_from_dict_base_row" file="tests\test_gate_bonuses_schema.py" line="129" time="0.000" /><testcase classname="tests.test_gate_bonuses_schema.TestFromRow" name="test_from_dict_with_bonus_fields" file="tests\test_gate_bonuses_schema.py" line="135" time="0.001" /><testcase classname="tests.test_gate_bonuses_schema.TestFromRow" name="test_from_row_missing_bonus_columns_uses_defaults" file="tests\test_gate_bonuses_schema.py" line="148" time="0.000" /><testcase classname="tests.test_gate_bonuses_schema.TestFromRow" name="test_from_row_none_bonus_stake_treated_as_zero" file="tests\test_gate_bonuses_schema.py" line="156" time="0.000" /><testcase classname="tests.test_gate_bonuses_schema.TestFromRow" name="test_from_sqlite_row" file="tests\test_gate_bonuses_schema.py" line="161" time="0.001" /><testcase classname="tests.test_gate_bonuses_schema.TestBonusColumns" name="test_all_spec_columns_present" file="tests\test_gate_bonuses_schema.py" line="181" time="0.001" /><testcase classname="tests.test_gate_bonuses_schema.TestBonusColumns" name="test_bonus_stake_has_default_zero" file="tests\test_gate_bonuses_schema.py" line="189" time="0.001" /><testcase classname="tests.test_gate_bonuses_schema.TestBonusColumns" name="test_attachment_scope_has_default_node" file="tests\test_gate_bonuses_schema.py" line="193" time="0.000" /><testcase classname="tests.test_gate_bonuses_schema.TestBonusColumns" name="test_bonus_refund_after_is_nullable" file="tests\test_gate_bonuses_schema.py" line="197" time="0.000" /><testcase classname="tests.test_gate_bonuses_schema.TestMigrateGateBonusColumns" name="test_columns_absent_before_migration" file="tests\test_gate_bonuses_schema.py" line="211" time="0.001" /><testcase classname="tests.test_gate_bonuses_schema.TestMigrateGateBonusColumns" name="test_columns_present_after_migration" file="tests\test_gate_bonuses_schema.py" line="217" time="0.001" /><testcase classname="tests.test_gate_bonuses_schema.TestMigrateGateBonusColumns" name="test_migration_idempotent_double_call" file="tests\test_gate_bonuses_schema.py" line="226" time="0.001" /><testcase classname="tests.test_gate_bonuses_schema.TestMigrateGateBonusColumns" name="test_migration_idempotent_ten_calls" file="tests\test_gate_bonuses_schema.py" line="233" time="0.001" /><testcase classname="tests.test_gate_bonuses_schema.TestMigrateGateBonusColumns" name="test_existing_rows_get_default_values" file="tests\test_gate_bonuses_schema.py" line="241" time="0.001" /><testcase classname="tests.test_gate_bonuses_schema.TestMigrateGateBonusColumns" name="test_new_rows_after_migration_accept_bonus_fields" file="tests\test_gate_bonuses_schema.py" line="255" time="0.001" /><testcase classname="tests.test_gate_bonuses_schema.TestMigrateGateBonusColumns" name="test_migration_on_already_migrated_db" file="tests\test_gate_bonuses_schema.py" line="271" time="0.001" /><testcase classname="tests.test_gate_bonuses_schema.TestIntegrationRoundtrip" name="test_full_roundtrip_with_bonus" file="tests\test_gate_bonuses_schema.py" line="283" time="0.001" /><testcase classname="tests.test_gate_bonuses_schema.TestIntegrationRoundtrip" name="test_zero_bonus_roundtrip" file="tests\test_gate_bonuses_schema.py" line="311" time="0.001" /><testcase classname="tests.test_gate_event_leaderboard.TestLeaderboardEmpty" name="test_zero_events_returns_empty" file="tests\test_gate_event_leaderboard.py" line="38" time="0.044" /><testcase classname="tests.test_gate_event_leaderboard.TestLeaderboardEmpty" name="test_window_field_echoed" file="tests\test_gate_event_leaderboard.py" line="45" time="0.044" /><testcase classname="tests.test_gate_event_leaderboard.TestLeaderboardEmpty" name="test_invalid_window_raises" file="tests\test_gate_event_leaderboard.py" line="50" time="0.034" /><testcase classname="tests.test_gate_event_leaderboard.TestLeaderboardEmpty" name="test_missing_goal_id_raises" file="tests\test_gate_event_leaderboard.py" line="55" time="0.034" /><testcase classname="tests.test_gate_event_leaderboard.TestLeaderboardRanking" name="test_single_event_ranks_single_branch" file="tests\test_gate_event_leaderboard.py" line="62" time="0.125" /><testcase classname="tests.test_gate_event_leaderboard.TestLeaderboardRanking" name="test_higher_count_ranks_first" file="tests\test_gate_event_leaderboard.py" line="79" time="0.153" /><testcase classname="tests.test_gate_event_leaderboard.TestLeaderboardRanking" name="test_disputed_events_excluded" file="tests\test_gate_event_leaderboard.py" line="103" time="0.127" /><testcase classname="tests.test_gate_event_leaderboard.TestLeaderboardRanking" name="test_retracted_events_excluded" file="tests\test_gate_event_leaderboard.py" line="119" time="0.123" /><testcase classname="tests.test_gate_event_leaderboard.TestLeaderboardRanking" name="test_verified_events_weighted_2x_by_default" file="tests\test_gate_event_leaderboard.py" line="134" time="0.159" /><testcase classname="tests.test_gate_event_leaderboard.TestLeaderboardRanking" name="test_verified_count_in_entry" file="tests\test_gate_event_leaderboard.py" line="164" time="0.132" /><testcase classname="tests.test_gate_event_leaderboard.TestLeaderboardRanking" name="test_event_type_breakdown" file="tests\test_gate_event_leaderboard.py" line="178" time="0.136" /><testcase classname="tests.test_gate_event_leaderboard.TestLeaderboardRanking" name="test_limit_caps_results" file="tests\test_gate_event_leaderboard.py" line="196" time="0.188" /><testcase classname="tests.test_gate_event_leaderboard.TestLeaderboardRanking" name="test_most_recent_event_date_in_entry" file="tests\test_gate_event_leaderboard.py" line="209" time="0.122" /><testcase classname="tests.test_gate_event_mcp.TestAttestGateEvent" name="test_attest_returns_event_id" file="tests\test_gate_event_mcp.py" line="50" time="0.121" /><testcase classname="tests.test_gate_event_mcp.TestAttestGateEvent" name="test_attest_missing_goal_id_errors" file="tests\test_gate_event_mcp.py" line="70" time="0.032" /><testcase classname="tests.test_gate_event_mcp.TestAttestGateEvent" name="test_attest_invalid_cites_json_errors" file="tests\test_gate_event_mcp.py" line="85" time="0.033" /><testcase classname="tests.test_gate_event_mcp.TestVerifyGateEvent" name="test_verify_changes_status" file="tests\test_gate_event_mcp.py" line="102" time="0.124" /><testcase classname="tests.test_gate_event_mcp.TestVerifyGateEvent" name="test_verify_missing_event_id_errors" file="tests\test_gate_event_mcp.py" line="130" time="0.031" /><testcase classname="tests.test_gate_event_mcp.TestVerifyGateEvent" name="test_same_actor_cannot_verify_own_attestation" file="tests\test_gate_event_mcp.py" line="139" time="0.117" /><testcase classname="tests.test_gate_event_mcp.TestDisputeRetractGateEvent" name="test_dispute_changes_status" file="tests\test_gate_event_mcp.py" line="176" time="0.116" /><testcase classname="tests.test_gate_event_mcp.TestDisputeRetractGateEvent" name="test_retract_changes_status" file="tests\test_gate_event_mcp.py" line="192" time="0.202" /><testcase classname="tests.test_gate_event_mcp.TestDisputeRetractGateEvent" name="test_dispute_missing_event_id" file="tests\test_gate_event_mcp.py" line="208" time="0.031" /><testcase classname="tests.test_gate_event_mcp.TestGetListGateEvents" name="test_get_gate_event_roundtrip" file="tests\test_gate_event_mcp.py" line="220" time="0.137" /><testcase classname="tests.test_gate_event_mcp.TestGetListGateEvents" name="test_get_gate_event_not_found" file="tests\test_gate_event_mcp.py" line="245" time="0.042" /><testcase classname="tests.test_gate_event_mcp.TestGetListGateEvents" name="test_list_gate_events_by_goal" file="tests\test_gate_event_mcp.py" line="253" time="0.144" /><testcase classname="tests.test_gate_event_mcp.TestGetListGateEvents" name="test_extensions_routes_attest" file="tests\test_gate_event_mcp.py" line="277" time="0.104" /><testcase classname="tests.test_gate_event_mcp.TestGetListGateEvents" name="test_extensions_routes_list" file="tests\test_gate_event_mcp.py" line="293" time="0.092" /><testcase classname="tests.test_gate_events.TestGateEventDataclass" name="test_initial_status_is_attested" file="tests\test_gate_events.py" line="49" time="0.039" /><testcase classname="tests.test_gate_events.TestGateEventDataclass" name="test_event_id_is_server_generated" file="tests\test_gate_events.py" line="64" time="0.040" /><testcase classname="tests.test_gate_events.TestGateEventDataclass" name="test_two_attestations_get_different_ids" file="tests\test_gate_events.py" line="77" time="0.044" /><testcase classname="tests.test_gate_events.TestGateEventDataclass" name="test_verify_transitions_status" file="tests\test_gate_events.py" line="89" time="0.045" /><testcase classname="tests.test_gate_events.TestGateEventDataclass" name="test_verify_same_user_raises" file="tests\test_gate_events.py" line="100" time="0.045" /><testcase classname="tests.test_gate_events.TestGateEventDataclass" name="test_dispute_transitions_status" file="tests\test_gate_events.py" line="109" time="0.049" /><testcase classname="tests.test_gate_events.TestGateEventDataclass" name="test_retract_transitions_status" file="tests\test_gate_events.py" line="124" time="0.046" /><testcase classname="tests.test_gate_events.TestGateEventDataclass" name="test_retracted_event_cannot_be_disputed" file="tests\test_gate_events.py" line="139" time="0.051" /><testcase classname="tests.test_gate_events.TestGateEventDataclass" name="test_verify_already_verified_raises" file="tests\test_gate_events.py" line="151" time="0.051" /><testcase classname="tests.test_gate_events.TestGateEventCitations" name="test_attest_with_valid_branch_version_succeeds" file="tests\test_gate_events.py" line="165" time="0.092" /><testcase classname="tests.test_gate_events.TestGateEventCitations" name="test_attest_with_invalid_branch_version_raises" file="tests\test_gate_events.py" line="180" time="0.037" /><testcase classname="tests.test_gate_events.TestGateEventCitations" name="test_attest_with_empty_cites_succeeds" file="tests\test_gate_events.py" line="192" time="0.046" /><testcase classname="tests.test_gate_events.TestGateEventCitations" name="test_attest_multiple_cites" file="tests\test_gate_events.py" line="200" time="0.119" /><testcase classname="tests.test_gate_events.TestGateEventFetchAndList" name="test_get_returns_event" file="tests\test_gate_events.py" line="221" time="0.048" /><testcase classname="tests.test_gate_events.TestGateEventFetchAndList" name="test_get_returns_none_for_missing" file="tests\test_gate_events.py" line="232" time="0.039" /><testcase classname="tests.test_gate_events.TestGateEventFetchAndList" name="test_list_by_goal_id_filters_correctly" file="tests\test_gate_events.py" line="237" time="0.059" /><testcase classname="tests.test_gate_events.TestGateEventFetchAndList" name="test_list_by_branch_version_shows_attribution" file="tests\test_gate_events.py" line="251" time="0.114" /><testcase classname="tests.test_gate_events.TestGateEventFetchAndList" name="test_retracted_event_still_listable" file="tests\test_gate_events.py" line="266" time="0.059" /><testcase classname="tests.test_gate_events.TestGateEventFetchAndList" name="test_list_exclude_retracted" file="tests\test_gate_events.py" line="276" time="0.056" /><testcase classname="tests.test_gate_events.TestGateEventInvariants" name="test_requires_goal_id" file="tests\test_gate_events.py" line="292" time="0.030" /><testcase classname="tests.test_gate_events.TestGateEventInvariants" name="test_requires_event_type" file="tests\test_gate_events.py" line="300" time="0.035" /><testcase classname="tests.test_gate_events.TestGateEventInvariants" name="test_requires_event_date" file="tests\test_gate_events.py" line="308" time="0.029" /><testcase classname="tests.test_gate_events.TestGateEventInvariants" name="test_requires_attested_by" file="tests\test_gate_events.py" line="316" time="0.030" /><testcase classname="tests.test_gate_events.TestGateEventInvariants" name="test_verify_nonexistent_raises_key_error" file="tests\test_gate_events.py" line="324" time="0.038" /><testcase classname="tests.test_gate_events.TestGateEventInvariants" name="test_dispute_nonexistent_raises_key_error" file="tests\test_gate_events.py" line="329" time="0.038" /><testcase classname="tests.test_gate_events.TestGateEventInvariants" name="test_retract_nonexistent_raises_key_error" file="tests\test_gate_events.py" line="337" time="0.042" /><testcase classname="tests.test_gate_events.TestGateEventInvariants" name="test_verified_status_persists_on_reload" file="tests\test_gate_events.py" line="344" time="0.058" /><testcase classname="tests.test_gate_events.TestGateEventInvariants" name="test_notes_field_persists" file="tests\test_gate_events.py" line="356" time="0.051" /><testcase classname="tests.test_gate_events_schema.TestGateEvent" name="test_from_row_round_trip" file="tests\test_gate_events_schema.py" line="65" time="0.001" /><testcase classname="tests.test_gate_events_schema.TestGateEvent" name="test_invalid_status_raises" file="tests\test_gate_events_schema.py" line="73" time="0.001" /><testcase classname="tests.test_gate_events_schema.TestGateEvent" name="test_all_valid_statuses" file="tests\test_gate_events_schema.py" line="77" time="0.001" /><testcase classname="tests.test_gate_events_schema.TestGateEvent" name="test_is_retracted_false" file="tests\test_gate_events_schema.py" line="82" time="0.001" /><testcase classname="tests.test_gate_events_schema.TestGateEvent" name="test_is_verified_false" file="tests\test_gate_events_schema.py" line="86" time="0.000" /><testcase classname="tests.test_gate_events_schema.TestGateEvent" name="test_is_disputed_false" file="tests\test_gate_events_schema.py" line="90" time="0.001" /><testcase classname="tests.test_gate_events_schema.TestGateEvent" name="test_defaults_on_missing_optional" file="tests\test_gate_events_schema.py" line="94" time="0.001" /><testcase classname="tests.test_gate_events_schema.TestGateEvent" name="test_cite_count" file="tests\test_gate_events_schema.py" line="109" time="0.000" /><testcase classname="tests.test_gate_events_schema.TestGateEvent" name="test_is_self_verified_false_when_different" file="tests\test_gate_events_schema.py" line="115" time="0.001" /><testcase classname="tests.test_gate_events_schema.TestGateEvent" name="test_is_self_verified_true_when_same" file="tests\test_gate_events_schema.py" line="119" time="0.000" /><testcase classname="tests.test_gate_events_schema.TestGateEventVerify" name="test_verify_by_different_user_succeeds" file="tests\test_gate_events_schema.py" line="127" time="0.001" /><testcase classname="tests.test_gate_events_schema.TestGateEventVerify" name="test_verify_by_same_user_raises" file="tests\test_gate_events_schema.py" line="134" time="0.001" /><testcase classname="tests.test_gate_events_schema.TestGateEventVerify" name="test_verify_non_attested_raises" file="tests\test_gate_events_schema.py" line="139" time="0.001" /><testcase classname="tests.test_gate_events_schema.TestGateEventVerify" name="test_verify_returns_new_instance" file="tests\test_gate_events_schema.py" line="144" time="0.001" /><testcase classname="tests.test_gate_events_schema.TestGateEventDispute" name="test_dispute_attested_event" file="tests\test_gate_events_schema.py" line="154" time="0.001" /><testcase classname="tests.test_gate_events_schema.TestGateEventDispute" name="test_dispute_retracted_raises" file="tests\test_gate_events_schema.py" line="165" time="0.001" /><testcase classname="tests.test_gate_events_schema.TestGateEventDispute" name="test_dispute_returns_new_instance" file="tests\test_gate_events_schema.py" line="170" time="0.000" /><testcase classname="tests.test_gate_events_schema.TestGateEventRetract" name="test_retract_attested_event" file="tests\test_gate_events_schema.py" line="180" time="0.000" /><testcase classname="tests.test_gate_events_schema.TestGateEventRetract" name="test_retract_verified_event" file="tests\test_gate_events_schema.py" line="191" time="0.000" /><testcase classname="tests.test_gate_events_schema.TestGateEventRetract" name="test_retract_preserves_original_attester" file="tests\test_gate_events_schema.py" line="196" time="0.000" /><testcase classname="tests.test_gate_events_schema.TestGateEventCite" name="test_from_row_round_trip" file="tests\test_gate_events_schema.py" line="205" time="0.000" /><testcase classname="tests.test_gate_events_schema.TestGateEventCite" name="test_defaults_on_missing_optional" file="tests\test_gate_events_schema.py" line="212" time="0.000" /><testcase classname="tests.test_gate_events_schema.TestMigrateGateEventSchema" name="test_tables_created" file="tests\test_gate_events_schema.py" line="227" time="0.001" /><testcase classname="tests.test_gate_events_schema.TestMigrateGateEventSchema" name="test_idempotent_double_call" file="tests\test_gate_events_schema.py" line="235" time="0.001" /><testcase classname="tests.test_gate_events_schema.TestMigrateGateEventSchema" name="test_idempotent_ten_calls" file="tests\test_gate_events_schema.py" line="243" time="0.001" /><testcase classname="tests.test_gate_events_schema.TestDDLIntegration" name="test_insert_gate_event" file="tests\test_gate_events_schema.py" line="255" time="0.001" /><testcase classname="tests.test_gate_events_schema.TestDDLIntegration" name="test_insert_cite" file="tests\test_gate_events_schema.py" line="267" time="0.001" /><testcase classname="tests.test_gate_events_schema.TestDDLIntegration" name="test_invalid_status_rejected" file="tests\test_gate_events_schema.py" line="284" time="0.001" /><testcase classname="tests.test_gate_events_schema.TestDDLIntegration" name="test_roundtrip_via_from_row" file="tests\test_gate_events_schema.py" line="294" time="0.001" /><testcase classname="tests.test_gate_events_schema.TestDDLIntegration" name="test_retracted_event_still_visible" file="tests\test_gate_events_schema.py" line="310" time="0.001" /><testcase classname="tests.test_gates_claim_from_branch_run" name="test_missing_run_id_returns_rejected" file="tests\test_gates_claim_from_branch_run.py" line="122" time="0.073" /><testcase classname="tests.test_gates_claim_from_branch_run" name="test_unknown_run_id_returns_run_not_found" file="tests\test_gates_claim_from_branch_run.py" line="129" time="0.103" /><testcase classname="tests.test_gates_claim_from_branch_run" name="test_run_not_completed_is_rejected" file="tests\test_gates_claim_from_branch_run.py" line="142" time="0.140"><failure message="KeyError: 'branch_def_id'">us_env = (&lt;module 'tinyassets.universe_server' from 'C:\\Users\\Jonathan\\Projects\\wf-required-test-gate\\tinyassets\\universe...dowsPath('C:/Users/Jonathan/AppData/Local/Temp/pytest-of-Jonathan/pytest-7404/test_run_not_completed_is_reje0/output'))

    def test_run_not_completed_is_rejected(us_env):
        us, base = us_env
        gid = _seed_goal_with_ladder(us)
&gt;       bid = _seed_branch_bound_to_goal(us, gid)
              ^^^^^^^^^^^^^^^^^^^^^^^^^^^^^^^^^^^

tests\test_gates_claim_from_branch_run.py:146: 
_ _ _ _ _ _ _ _ _ _ _ _ _ _ _ _ _ _ _ _ _ _ _ _ _ _ _ _ _ _ _ _ _ _ _ _ _ _ _ _

us = &lt;module 'tinyassets.universe_server' from 'C:\\Users\\Jonathan\\Projects\\wf-required-test-gate\\tinyassets\\universe_server.py'&gt;
gid = '77ef45a95be7'

    def _seed_branch_bound_to_goal(us, gid: str) -&gt; str:
        b = _call(us, "extensions", "create_branch", name="Patch loop branch v1.2")
&gt;       bid = b["branch_def_id"]
              ^^^^^^^^^^^^^^^^^^
E       KeyError: 'branch_def_id'

tests\test_gates_claim_from_branch_run.py:85: KeyError</failure></testcase><testcase classname="tests.test_gates_claim_from_branch_run" name="test_failed_run_is_rejected" file="tests\test_gates_claim_from_branch_run.py" line="159" time="0.147"><failure message="KeyError: 'branch_def_id'">us_env = (&lt;module 'tinyassets.universe_server' from 'C:\\Users\\Jonathan\\Projects\\wf-required-test-gate\\tinyassets\\universe...WindowsPath('C:/Users/Jonathan/AppData/Local/Temp/pytest-of-Jonathan/pytest-7404/test_failed_run_is_rejected0/output'))

    def test_failed_run_is_rejected(us_env):
        us, base = us_env
        gid = _seed_goal_with_ladder(us)
&gt;       bid = _seed_branch_bound_to_goal(us, gid)
              ^^^^^^^^^^^^^^^^^^^^^^^^^^^^^^^^^^^

tests\test_gates_claim_from_branch_run.py:163: 
_ _ _ _ _ _ _ _ _ _ _ _ _ _ _ _ _ _ _ _ _ _ _ _ _ _ _ _ _ _ _ _ _ _ _ _ _ _ _ _

us = &lt;module 'tinyassets.universe_server' from 'C:\\Users\\Jonathan\\Projects\\wf-required-test-gate\\tinyassets\\universe_server.py'&gt;
gid = '1c46c8082293'

    def _seed_branch_bound_to_goal(us, gid: str) -&gt; str:
        b = _call(us, "extensions", "create_branch", name="Patch loop branch v1.2")
&gt;       bid = b["branch_def_id"]
              ^^^^^^^^^^^^^^^^^^
E       KeyError: 'branch_def_id'

tests\test_gates_claim_from_branch_run.py:85: KeyError</failure></testcase><testcase classname="tests.test_gates_claim_from_branch_run" name="test_branch_not_bound_to_goal_is_rejected" file="tests\test_gates_claim_from_branch_run.py" line="190" time="0.120"><failure message="KeyError: 'branch_def_id'">us_env = (&lt;module 'tinyassets.universe_server' from 'C:\\Users\\Jonathan\\Projects\\wf-required-test-gate\\tinyassets\\universe...dowsPath('C:/Users/Jonathan/AppData/Local/Temp/pytest-of-Jonathan/pytest-7404/test_branch_not_bound_to_goal_0/output'))

    def test_branch_not_bound_to_goal_is_rejected(us_env):
        us, base = us_env
        # Branch without a Goal binding.
        b = _call(us, "extensions", "create_branch", name="Unbound branch")
&gt;       bid = b["branch_def_id"]
              ^^^^^^^^^^^^^^^^^^
E       KeyError: 'branch_def_id'

tests\test_gates_claim_from_branch_run.py:195: KeyError</failure></testcase><testcase classname="tests.test_gates_claim_from_branch_run" name="test_missing_recommended_rung_claim_in_output" file="tests\test_gates_claim_from_branch_run.py" line="213" time="0.144"><failure message="KeyError: 'branch_def_id'">us_env = (&lt;module 'tinyassets.universe_server' from 'C:\\Users\\Jonathan\\Projects\\wf-required-test-gate\\tinyassets\\universe...dowsPath('C:/Users/Jonathan/AppData/Local/Temp/pytest-of-Jonathan/pytest-7404/test_missing_recommended_rung_0/output'))

    def test_missing_recommended_rung_claim_in_output(us_env):
        us, base = us_env
        gid = _seed_goal_with_ladder(us)
&gt;       bid = _seed_branch_bound_to_goal(us, gid)
              ^^^^^^^^^^^^^^^^^^^^^^^^^^^^^^^^^^^

tests\test_gates_claim_from_branch_run.py:217: 
_ _ _ _ _ _ _ _ _ _ _ _ _ _ _ _ _ _ _ _ _ _ _ _ _ _ _ _ _ _ _ _ _ _ _ _ _ _ _ _

us = &lt;module 'tinyassets.universe_server' from 'C:\\Users\\Jonathan\\Projects\\wf-required-test-gate\\tinyassets\\universe_server.py'&gt;
gid = '59435e1dea50'

    def _seed_branch_bound_to_goal(us, gid: str) -&gt; str:
        b = _call(us, "extensions", "create_branch", name="Patch loop branch v1.2")
&gt;       bid = b["branch_def_id"]
              ^^^^^^^^^^^^^^^^^^
E       KeyError: 'branch_def_id'

tests\test_gates_claim_from_branch_run.py:85: KeyError</failure></testcase><testcase classname="tests.test_gates_claim_from_branch_run" name="test_empty_recommended_rung_claim_string" file="tests\test_gates_claim_from_branch_run.py" line="230" time="0.136"><failure message="KeyError: 'branch_def_id'">us_env = (&lt;module 'tinyassets.universe_server' from 'C:\\Users\\Jonathan\\Projects\\wf-required-test-gate\\tinyassets\\universe...dowsPath('C:/Users/Jonathan/AppData/Local/Temp/pytest-of-Jonathan/pytest-7404/test_empty_recommended_rung_cl0/output'))

    def test_empty_recommended_rung_claim_string(us_env):
        us, base = us_env
        gid = _seed_goal_with_ladder(us)
&gt;       bid = _seed_branch_bound_to_goal(us, gid)
              ^^^^^^^^^^^^^^^^^^^^^^^^^^^^^^^^^^^

tests\test_gates_claim_from_branch_run.py:234: 
_ _ _ _ _ _ _ _ _ _ _ _ _ _ _ _ _ _ _ _ _ _ _ _ _ _ _ _ _ _ _ _ _ _ _ _ _ _ _ _

us = &lt;module 'tinyassets.universe_server' from 'C:\\Users\\Jonathan\\Projects\\wf-required-test-gate\\tinyassets\\universe_server.py'&gt;
gid = 'c13fe620146c'

    def _seed_branch_bound_to_goal(us, gid: str) -&gt; str:
        b = _call(us, "extensions", "create_branch", name="Patch loop branch v1.2")
&gt;       bid = b["branch_def_id"]
              ^^^^^^^^^^^^^^^^^^
E       KeyError: 'branch_def_id'

tests\test_gates_claim_from_branch_run.py:85: KeyError</failure></testcase><testcase classname="tests.test_gates_claim_from_branch_run" name="test_non_string_recommended_rung_claim_is_missing" file="tests\test_gates_claim_from_branch_run.py" line="246" time="0.135"><failure message="KeyError: 'branch_def_id'">us_env = (&lt;module 'tinyassets.universe_server' from 'C:\\Users\\Jonathan\\Projects\\wf-required-test-gate\\tinyassets\\universe...dowsPath('C:/Users/Jonathan/AppData/Local/Temp/pytest-of-Jonathan/pytest-7404/test_non_string_recommended_ru0/output'))

    def test_non_string_recommended_rung_claim_is_missing(us_env):
        """A branch that emits a number / dict / list under
        recommended_rung_claim is malformed — surface as missing rather
        than crash on .strip()."""
        us, base = us_env
        gid = _seed_goal_with_ladder(us)
&gt;       bid = _seed_branch_bound_to_goal(us, gid)
              ^^^^^^^^^^^^^^^^^^^^^^^^^^^^^^^^^^^

tests\test_gates_claim_from_branch_run.py:253: 
_ _ _ _ _ _ _ _ _ _ _ _ _ _ _ _ _ _ _ _ _ _ _ _ _ _ _ _ _ _ _ _ _ _ _ _ _ _ _ _

us = &lt;module 'tinyassets.universe_server' from 'C:\\Users\\Jonathan\\Projects\\wf-required-test-gate\\tinyassets\\universe_server.py'&gt;
gid = 'ff7563418327'

    def _seed_branch_bound_to_goal(us, gid: str) -&gt; str:
        b = _call(us, "extensions", "create_branch", name="Patch loop branch v1.2")
&gt;       bid = b["branch_def_id"]
              ^^^^^^^^^^^^^^^^^^
E       KeyError: 'branch_def_id'

tests\test_gates_claim_from_branch_run.py:85: KeyError</failure></testcase><testcase classname="tests.test_gates_claim_from_branch_run" name="test_unknown_rung_against_ladder" file="tests\test_gates_claim_from_branch_run.py" line="270" time="0.139"><failure message="KeyError: 'branch_def_id'">us_env = (&lt;module 'tinyassets.universe_server' from 'C:\\Users\\Jonathan\\Projects\\wf-required-test-gate\\tinyassets\\universe...dowsPath('C:/Users/Jonathan/AppData/Local/Temp/pytest-of-Jonathan/pytest-7404/test_unknown_rung_against_ladd0/output'))

    def test_unknown_rung_against_ladder(us_env):
        us, base = us_env
        gid = _seed_goal_with_ladder(us)
&gt;       bid = _seed_branch_bound_to_goal(us, gid)
              ^^^^^^^^^^^^^^^^^^^^^^^^^^^^^^^^^^^

tests\test_gates_claim_from_branch_run.py:274: 
_ _ _ _ _ _ _ _ _ _ _ _ _ _ _ _ _ _ _ _ _ _ _ _ _ _ _ _ _ _ _ _ _ _ _ _ _ _ _ _

us = &lt;module 'tinyassets.universe_server' from 'C:\\Users\\Jonathan\\Projects\\wf-required-test-gate\\tinyassets\\universe_server.py'&gt;
gid = 'e398a9675bf0'

    def _seed_branch_bound_to_goal(us, gid: str) -&gt; str:
        b = _call(us, "extensions", "create_branch", name="Patch loop branch v1.2")
&gt;       bid = b["branch_def_id"]
              ^^^^^^^^^^^^^^^^^^
E       KeyError: 'branch_def_id'

tests\test_gates_claim_from_branch_run.py:85: KeyError</failure></testcase><testcase classname="tests.test_gates_claim_from_branch_run" name="test_rung_validation_is_case_sensitive" file="tests\test_gates_claim_from_branch_run.py" line="294" time="0.137"><failure message="KeyError: 'branch_def_id'">us_env = (&lt;module 'tinyassets.universe_server' from 'C:\\Users\\Jonathan\\Projects\\wf-required-test-gate\\tinyassets\\universe...dowsPath('C:/Users/Jonathan/AppData/Local/Temp/pytest-of-Jonathan/pytest-7404/test_rung_validation_is_case_s0/output'))

    def test_rung_validation_is_case_sensitive(us_env):
        """`Draft_ready` is not the same as `draft_ready`. No fuzzy match."""
        us, base = us_env
        gid = _seed_goal_with_ladder(us)
&gt;       bid = _seed_branch_bound_to_goal(us, gid)
              ^^^^^^^^^^^^^^^^^^^^^^^^^^^^^^^^^^^

tests\test_gates_claim_from_branch_run.py:299: 
_ _ _ _ _ _ _ _ _ _ _ _ _ _ _ _ _ _ _ _ _ _ _ _ _ _ _ _ _ _ _ _ _ _ _ _ _ _ _ _

us = &lt;module 'tinyassets.universe_server' from 'C:\\Users\\Jonathan\\Projects\\wf-required-test-gate\\tinyassets\\universe_server.py'&gt;
gid = '3d69593189c6'

    def _seed_branch_bound_to_goal(us, gid: str) -&gt; str:
        b = _call(us, "extensions", "create_branch", name="Patch loop branch v1.2")
&gt;       bid = b["branch_def_id"]
              ^^^^^^^^^^^^^^^^^^
E       KeyError: 'branch_def_id'

tests\test_gates_claim_from_branch_run.py:85: KeyError</failure></testcase><testcase classname="tests.test_gates_claim_from_branch_run" name="test_missing_evidence_url_falls_back_to_workflow_run_handle" file="tests\test_gates_claim_from_branch_run.py" line="320" time="0.138"><failure message="KeyError: 'branch_def_id'">us_env = (&lt;module 'tinyassets.universe_server' from 'C:\\Users\\Jonathan\\Projects\\wf-required-test-gate\\tinyassets\\universe...dowsPath('C:/Users/Jonathan/AppData/Local/Temp/pytest-of-Jonathan/pytest-7404/test_missing_evidence_url_fall0/output'))

    def test_missing_evidence_url_falls_back_to_workflow_run_handle(us_env):
        us, base = us_env
        gid = _seed_goal_with_ladder(us)
&gt;       bid = _seed_branch_bound_to_goal(us, gid)
              ^^^^^^^^^^^^^^^^^^^^^^^^^^^^^^^^^^^

tests\test_gates_claim_from_branch_run.py:324: 
_ _ _ _ _ _ _ _ _ _ _ _ _ _ _ _ _ _ _ _ _ _ _ _ _ _ _ _ _ _ _ _ _ _ _ _ _ _ _ _

us = &lt;module 'tinyassets.universe_server' from 'C:\\Users\\Jonathan\\Projects\\wf-required-test-gate\\tinyassets\\universe_server.py'&gt;
gid = 'ea08bbabea3a'

    def _seed_branch_bound_to_goal(us, gid: str) -&gt; str:
        b = _call(us, "extensions", "create_branch", name="Patch loop branch v1.2")
&gt;       bid = b["branch_def_id"]
              ^^^^^^^^^^^^^^^^^^
E       KeyError: 'branch_def_id'

tests\test_gates_claim_from_branch_run.py:85: KeyError</failure></testcase><testcase classname="tests.test_gates_claim_from_branch_run" name="test_branch_supplied_workflow_run_evidence_handle_used" file="tests\test_gates_claim_from_branch_run.py" line="336" time="0.139"><failure message="KeyError: 'branch_def_id'">us_env = (&lt;module 'tinyassets.universe_server' from 'C:\\Users\\Jonathan\\Projects\\wf-required-test-gate\\tinyassets\\universe...dowsPath('C:/Users/Jonathan/AppData/Local/Temp/pytest-of-Jonathan/pytest-7404/test_branch_supplied_workflow_0/output'))

    def test_branch_supplied_workflow_run_evidence_handle_used(us_env):
        us, base = us_env
        gid = _seed_goal_with_ladder(us)
&gt;       bid = _seed_branch_bound_to_goal(us, gid)
              ^^^^^^^^^^^^^^^^^^^^^^^^^^^^^^^^^^^

tests\test_gates_claim_from_branch_run.py:340: 
_ _ _ _ _ _ _ _ _ _ _ _ _ _ _ _ _ _ _ _ _ _ _ _ _ _ _ _ _ _ _ _ _ _ _ _ _ _ _ _

us = &lt;module 'tinyassets.universe_server' from 'C:\\Users\\Jonathan\\Projects\\wf-required-test-gate\\tinyassets\\universe_server.py'&gt;
gid = 'c13e6358f3b7'

    def _seed_branch_bound_to_goal(us, gid: str) -&gt; str:
        b = _call(us, "extensions", "create_branch", name="Patch loop branch v1.2")
&gt;       bid = b["branch_def_id"]
              ^^^^^^^^^^^^^^^^^^
E       KeyError: 'branch_def_id'

tests\test_gates_claim_from_branch_run.py:85: KeyError</failure></testcase><testcase classname="tests.test_gates_claim_from_branch_run" name="test_branch_supplied_evidence_url_used" file="tests\test_gates_claim_from_branch_run.py" line="358" time="0.136"><failure message="KeyError: 'branch_def_id'">us_env = (&lt;module 'tinyassets.universe_server' from 'C:\\Users\\Jonathan\\Projects\\wf-required-test-gate\\tinyassets\\universe...dowsPath('C:/Users/Jonathan/AppData/Local/Temp/pytest-of-Jonathan/pytest-7404/test_branch_supplied_evidence_0/output'))

    def test_branch_supplied_evidence_url_used(us_env):
        us, base = us_env
        gid = _seed_goal_with_ladder(us)
&gt;       bid = _seed_branch_bound_to_goal(us, gid)
              ^^^^^^^^^^^^^^^^^^^^^^^^^^^^^^^^^^^

tests\test_gates_claim_from_branch_run.py:362: 
_ _ _ _ _ _ _ _ _ _ _ _ _ _ _ _ _ _ _ _ _ _ _ _ _ _ _ _ _ _ _ _ _ _ _ _ _ _ _ _

us = &lt;module 'tinyassets.universe_server' from 'C:\\Users\\Jonathan\\Projects\\wf-required-test-gate\\tinyassets\\universe_server.py'&gt;
gid = '157cd7eae21a'

    def _seed_branch_bound_to_goal(us, gid: str) -&gt; str:
        b = _call(us, "extensions", "create_branch", name="Patch loop branch v1.2")
&gt;       bid = b["branch_def_id"]
              ^^^^^^^^^^^^^^^^^^
E       KeyError: 'branch_def_id'

tests\test_gates_claim_from_branch_run.py:85: KeyError</failure></testcase><testcase classname="tests.test_gates_claim_from_branch_run" name="test_caller_evidence_url_overrides_branch_supplied" file="tests\test_gates_claim_from_branch_run.py" line="390" time="0.145"><failure message="KeyError: 'branch_def_id'">us_env = (&lt;module 'tinyassets.universe_server' from 'C:\\Users\\Jonathan\\Projects\\wf-required-test-gate\\tinyassets\\universe...dowsPath('C:/Users/Jonathan/AppData/Local/Temp/pytest-of-Jonathan/pytest-7404/test_caller_evidence_url_overr0/output'))

    def test_caller_evidence_url_overrides_branch_supplied(us_env):
        us, base = us_env
        gid = _seed_goal_with_ladder(us)
&gt;       bid = _seed_branch_bound_to_goal(us, gid)
              ^^^^^^^^^^^^^^^^^^^^^^^^^^^^^^^^^^^

tests\test_gates_claim_from_branch_run.py:394: 
_ _ _ _ _ _ _ _ _ _ _ _ _ _ _ _ _ _ _ _ _ _ _ _ _ _ _ _ _ _ _ _ _ _ _ _ _ _ _ _

us = &lt;module 'tinyassets.universe_server' from 'C:\\Users\\Jonathan\\Projects\\wf-required-test-gate\\tinyassets\\universe_server.py'&gt;
gid = '6c7aee4c7a52'

    def _seed_branch_bound_to_goal(us, gid: str) -&gt; str:
        b = _call(us, "extensions", "create_branch", name="Patch loop branch v1.2")
&gt;       bid = b["branch_def_id"]
              ^^^^^^^^^^^^^^^^^^
E       KeyError: 'branch_def_id'

tests\test_gates_claim_from_branch_run.py:85: KeyError</failure></testcase><testcase classname="tests.test_gates_claim_from_branch_run" name="test_default_evidence_note_traces_back_to_run" file="tests\test_gates_claim_from_branch_run.py" line="416" time="0.137"><failure message="KeyError: 'branch_def_id'">us_env = (&lt;module 'tinyassets.universe_server' from 'C:\\Users\\Jonathan\\Projects\\wf-required-test-gate\\tinyassets\\universe...dowsPath('C:/Users/Jonathan/AppData/Local/Temp/pytest-of-Jonathan/pytest-7404/test_default_evidence_note_tra0/output'))

    def test_default_evidence_note_traces_back_to_run(us_env):
        us, base = us_env
        gid = _seed_goal_with_ladder(us)
&gt;       bid = _seed_branch_bound_to_goal(us, gid)
              ^^^^^^^^^^^^^^^^^^^^^^^^^^^^^^^^^^^

tests\test_gates_claim_from_branch_run.py:420: 
_ _ _ _ _ _ _ _ _ _ _ _ _ _ _ _ _ _ _ _ _ _ _ _ _ _ _ _ _ _ _ _ _ _ _ _ _ _ _ _

us = &lt;module 'tinyassets.universe_server' from 'C:\\Users\\Jonathan\\Projects\\wf-required-test-gate\\tinyassets\\universe_server.py'&gt;
gid = '52197dd76570'

    def _seed_branch_bound_to_goal(us, gid: str) -&gt; str:
        b = _call(us, "extensions", "create_branch", name="Patch loop branch v1.2")
&gt;       bid = b["branch_def_id"]
              ^^^^^^^^^^^^^^^^^^
E       KeyError: 'branch_def_id'

tests\test_gates_claim_from_branch_run.py:85: KeyError</failure></testcase><testcase classname="tests.test_gates_claim_from_branch_run" name="test_happy_path_claim_lands_via_existing_gates_claim" file="tests\test_gates_claim_from_branch_run.py" line="443" time="0.140"><failure message="KeyError: 'branch_def_id'">us_env = (&lt;module 'tinyassets.universe_server' from 'C:\\Users\\Jonathan\\Projects\\wf-required-test-gate\\tinyassets\\universe...dowsPath('C:/Users/Jonathan/AppData/Local/Temp/pytest-of-Jonathan/pytest-7404/test_happy_path_claim_lands_vi0/output'))

    def test_happy_path_claim_lands_via_existing_gates_claim(us_env):
        us, base = us_env
        gid = _seed_goal_with_ladder(us)
&gt;       bid = _seed_branch_bound_to_goal(us, gid)
              ^^^^^^^^^^^^^^^^^^^^^^^^^^^^^^^^^^^

tests\test_gates_claim_from_branch_run.py:447: 
_ _ _ _ _ _ _ _ _ _ _ _ _ _ _ _ _ _ _ _ _ _ _ _ _ _ _ _ _ _ _ _ _ _ _ _ _ _ _ _

us = &lt;module 'tinyassets.universe_server' from 'C:\\Users\\Jonathan\\Projects\\wf-required-test-gate\\tinyassets\\universe_server.py'&gt;
gid = 'f2f98d4363d1'

    def _seed_branch_bound_to_goal(us, gid: str) -&gt; str:
        b = _call(us, "extensions", "create_branch", name="Patch loop branch v1.2")
&gt;       bid = b["branch_def_id"]
              ^^^^^^^^^^^^^^^^^^
E       KeyError: 'branch_def_id'

tests\test_gates_claim_from_branch_run.py:85: KeyError</failure></testcase><testcase classname="tests.test_gates_claim_from_branch_run" name="test_idempotent_on_branch_plus_rung" file="tests\test_gates_claim_from_branch_run.py" line="474" time="0.131"><failure message="KeyError: 'branch_def_id'">us_env = (&lt;module 'tinyassets.universe_server' from 'C:\\Users\\Jonathan\\Projects\\wf-required-test-gate\\tinyassets\\universe...dowsPath('C:/Users/Jonathan/AppData/Local/Temp/pytest-of-Jonathan/pytest-7404/test_idempotent_on_branch_plus0/output'))

    def test_idempotent_on_branch_plus_rung(us_env):
        """`gates.claim` is idempotent on `(branch, rung)`; this wrapper
        inherits that semantics. Second call returns the existing claim
        instead of creating a duplicate."""
        us, base = us_env
        gid = _seed_goal_with_ladder(us)
&gt;       bid = _seed_branch_bound_to_goal(us, gid)
              ^^^^^^^^^^^^^^^^^^^^^^^^^^^^^^^^^^^

tests\test_gates_claim_from_branch_run.py:481: 
_ _ _ _ _ _ _ _ _ _ _ _ _ _ _ _ _ _ _ _ _ _ _ _ _ _ _ _ _ _ _ _ _ _ _ _ _ _ _ _

us = &lt;module 'tinyassets.universe_server' from 'C:\\Users\\Jonathan\\Projects\\wf-required-test-gate\\tinyassets\\universe_server.py'&gt;
gid = '30b9a47dbeff'

    def _seed_branch_bound_to_goal(us, gid: str) -&gt; str:
        b = _call(us, "extensions", "create_branch", name="Patch loop branch v1.2")
&gt;       bid = b["branch_def_id"]
              ^^^^^^^^^^^^^^^^^^
E       KeyError: 'branch_def_id'

tests\test_gates_claim_from_branch_run.py:85: KeyError</failure></testcase><testcase classname="tests.test_gates_claim_from_branch_run" name="test_works_against_fantasy_ladder_vocabulary" file="tests\test_gates_claim_from_branch_run.py" line="503" time="0.129"><failure message="KeyError: 'branch_def_id'">us_env = (&lt;module 'tinyassets.universe_server' from 'C:\\Users\\Jonathan\\Projects\\wf-required-test-gate\\tinyassets\\universe...dowsPath('C:/Users/Jonathan/AppData/Local/Temp/pytest-of-Jonathan/pytest-7404/test_works_against_fantasy_lad0/output'))

    def test_works_against_fantasy_ladder_vocabulary(us_env):
        """Different Goal, different ladder vocabulary, same primitive."""
        us, base = us_env
        fantasy_ladder = [
            {"rung_key": "first_draft", "name": "First draft",
             "description": "Chapter complete."},
            {"rung_key": "beta_reader_pass", "name": "Beta reader pass",
             "description": "Two beta readers approved."},
        ]
        g = _call(us, "goals", "propose", name="Fantasy novel")
        gid = g["goal"]["goal_id"]
        _call(us, "gates", "define_ladder",
              goal_id=gid, ladder=json.dumps(fantasy_ladder))
        b = _call(us, "extensions", "create_branch", name="Chapter 4 draft")
&gt;       bid = b["branch_def_id"]
              ^^^^^^^^^^^^^^^^^^
E       KeyError: 'branch_def_id'

tests\test_gates_claim_from_branch_run.py:518: KeyError</failure></testcase><testcase classname="tests.test_gates_claim_from_branch_run" name="test_action_short_circuits_when_gates_disabled" file="tests\test_gates_claim_from_branch_run.py" line="538" time="0.073" /><testcase classname="tests.test_get_recent_events" name="test_parse_tagged_line" file="tests\test_get_recent_events.py" line="27" time="0.001" /><testcase classname="tests.test_get_recent_events" name="test_parse_untagged_legacy_line" file="tests\test_get_recent_events.py" line="36" time="0.000" /><testcase classname="tests.test_get_recent_events" name="test_parse_unparseable_line_surfaces_raw" file="tests\test_get_recent_events.py" line="46" time="0.000" /><testcase classname="tests.test_get_recent_events" name="test_parse_strips_trailing_newline" file="tests\test_get_recent_events.py" line="54" time="0.000" /><testcase classname="tests.test_get_recent_events" name="test_no_filter_returns_all_events_newest_first" file="tests\test_get_recent_events.py" line="98" time="0.008"><error message="failed on setup with &quot;AttributeError: &lt;module 'tinyassets.api.universe' from 'C:\\Users\\Jonathan\\Projects\\wf-required-test-gate\\tinyassets\\api\\universe.py'&gt; has no attribute '_default_universe'&quot;">tmp_path = WindowsPath('C:/Users/Jonathan/AppData/Local/Temp/pytest-of-Jonathan/pytest-7404/test_no_filter_returns_all_eve0')
monkeypatch = &lt;_pytest.monkeypatch.MonkeyPatch object at 0x0000018D83F42190&gt;

    @pytest.fixture
    def universe_with_log(tmp_path, monkeypatch):
        """Create a fake universe dir with a populated activity.log.
    
        Patches `_universe_dir` so the action finds our synthetic universe
        rather than the host's real output directory.
        """
        from tinyassets import universe_server as us
        from tinyassets.api import universe as uni
    
        udir = tmp_path / "test-universe"
        udir.mkdir()
        log = udir / "activity.log"
        log.write_text(
            "[2026-04-19 10:00:00] Commit: evaluating scene-1\n"
            "[2026-04-19 10:01:00] [dispatch_guard] blocked C1-S4 overshoot\n"
            "[2026-04-19 10:02:00] [revert_gate] reverting scene-3 low score\n"
            "[2026-04-19 10:03:00] [dispatch_execution] selected task draft\n"
            "[2026-04-19 10:04:00] Worldbuild: 3 canon docs generated\n",
            encoding="utf-8",
        )
        monkeypatch.setattr(uni, "_universe_dir", lambda uid: udir)
&gt;       monkeypatch.setattr(uni, "_default_universe", lambda: "test-universe")
E       AttributeError: &lt;module 'tinyassets.api.universe' from 'C:\\Users\\Jonathan\\Projects\\wf-required-test-gate\\tinyassets\\api\\universe.py'&gt; has no attribute '_default_universe'

tests\test_get_recent_events.py:89: AttributeError</error></testcase><testcase classname="tests.test_get_recent_events" name="test_tag_filter_exact_match" file="tests\test_get_recent_events.py" line="109" time="0.007"><error message="failed on setup with &quot;AttributeError: &lt;module 'tinyassets.api.universe' from 'C:\\Users\\Jonathan\\Projects\\wf-required-test-gate\\tinyassets\\api\\universe.py'&gt; has no attribute '_default_universe'&quot;">tmp_path = WindowsPath('C:/Users/Jonathan/AppData/Local/Temp/pytest-of-Jonathan/pytest-7404/test_tag_filter_exact_match0')
monkeypatch = &lt;_pytest.monkeypatch.MonkeyPatch object at 0x0000018DA3E235B0&gt;

    @pytest.fixture
    def universe_with_log(tmp_path, monkeypatch):
        """Create a fake universe dir with a populated activity.log.
    
        Patches `_universe_dir` so the action finds our synthetic universe
        rather than the host's real output directory.
        """
        from tinyassets import universe_server as us
        from tinyassets.api import universe as uni
    
        udir = tmp_path / "test-universe"
        udir.mkdir()
        log = udir / "activity.log"
        log.write_text(
            "[2026-04-19 10:00:00] Commit: evaluating scene-1\n"
            "[2026-04-19 10:01:00] [dispatch_guard] blocked C1-S4 overshoot\n"
            "[2026-04-19 10:02:00] [revert_gate] reverting scene-3 low score\n"
            "[2026-04-19 10:03:00] [dispatch_execution] selected task draft\n"
            "[2026-04-19 10:04:00] Worldbuild: 3 canon docs generated\n",
            encoding="utf-8",
        )
        monkeypatch.setattr(uni, "_universe_dir", lambda uid: udir)
&gt;       monkeypatch.setattr(uni, "_default_universe", lambda: "test-universe")
E       AttributeError: &lt;module 'tinyassets.api.universe' from 'C:\\Users\\Jonathan\\Projects\\wf-required-test-gate\\tinyassets\\api\\universe.py'&gt; has no attribute '_default_universe'

tests\test_get_recent_events.py:89: AttributeError</error></testcase><testcase classname="tests.test_get_recent_events" name="test_tag_filter_prefix_match" file="tests\test_get_recent_events.py" line="119" time="0.008"><error message="failed on setup with &quot;AttributeError: &lt;module 'tinyassets.api.universe' from 'C:\\Users\\Jonathan\\Projects\\wf-required-test-gate\\tinyassets\\api\\universe.py'&gt; has no attribute '_default_universe'&quot;">tmp_path = WindowsPath('C:/Users/Jonathan/AppData/Local/Temp/pytest-of-Jonathan/pytest-7404/test_tag_filter_prefix_match0')
monkeypatch = &lt;_pytest.monkeypatch.MonkeyPatch object at 0x0000018DA3E23AF0&gt;

    @pytest.fixture
    def universe_with_log(tmp_path, monkeypatch):
        """Create a fake universe dir with a populated activity.log.
    
        Patches `_universe_dir` so the action finds our synthetic universe
        rather than the host's real output directory.
        """
        from tinyassets import universe_server as us
        from tinyassets.api import universe as uni
    
        udir = tmp_path / "test-universe"
        udir.mkdir()
        log = udir / "activity.log"
        log.write_text(
            "[2026-04-19 10:00:00] Commit: evaluating scene-1\n"
            "[2026-04-19 10:01:00] [dispatch_guard] blocked C1-S4 overshoot\n"
            "[2026-04-19 10:02:00] [revert_gate] reverting scene-3 low score\n"
            "[2026-04-19 10:03:00] [dispatch_execution] selected task draft\n"
            "[2026-04-19 10:04:00] Worldbuild: 3 canon docs generated\n",
            encoding="utf-8",
        )
        monkeypatch.setattr(uni, "_universe_dir", lambda uid: udir)
&gt;       monkeypatch.setattr(uni, "_default_universe", lambda: "test-universe")
E       AttributeError: &lt;module 'tinyassets.api.universe' from 'C:\\Users\\Jonathan\\Projects\\wf-required-test-gate\\tinyassets\\api\\universe.py'&gt; has no attribute '_default_universe'

tests\test_get_recent_events.py:89: AttributeError</error></testcase><testcase classname="tests.test_get_recent_events" name="test_tag_filter_no_match_returns_caveat" file="tests\test_get_recent_events.py" line="131" time="0.007"><error message="failed on setup with &quot;AttributeError: &lt;module 'tinyassets.api.universe' from 'C:\\Users\\Jonathan\\Projects\\wf-required-test-gate\\tinyassets\\api\\universe.py'&gt; has no attribute '_default_universe'&quot;">tmp_path = WindowsPath('C:/Users/Jonathan/AppData/Local/Temp/pytest-of-Jonathan/pytest-7404/test_tag_filter_no_match_retur0')
monkeypatch = &lt;_pytest.monkeypatch.MonkeyPatch object at 0x0000018DA3E23F50&gt;

    @pytest.fixture
    def universe_with_log(tmp_path, monkeypatch):
        """Create a fake universe dir with a populated activity.log.
    
        Patches `_universe_dir` so the action finds our synthetic universe
        rather than the host's real output directory.
        """
        from tinyassets import universe_server as us
        from tinyassets.api import universe as uni
    
        udir = tmp_path / "test-universe"
        udir.mkdir()
        log = udir / "activity.log"
        log.write_text(
            "[2026-04-19 10:00:00] Commit: evaluating scene-1\n"
            "[2026-04-19 10:01:00] [dispatch_guard] blocked C1-S4 overshoot\n"
            "[2026-04-19 10:02:00] [revert_gate] reverting scene-3 low score\n"
            "[2026-04-19 10:03:00] [dispatch_execution] selected task draft\n"
            "[2026-04-19 10:04:00] Worldbuild: 3 canon docs generated\n",
            encoding="utf-8",
        )
        monkeypatch.setattr(uni, "_universe_dir", lambda uid: udir)
&gt;       monkeypatch.setattr(uni, "_default_universe", lambda: "test-universe")
E       AttributeError: &lt;module 'tinyassets.api.universe' from 'C:\\Users\\Jonathan\\Projects\\wf-required-test-gate\\tinyassets\\api\\universe.py'&gt; has no attribute '_default_universe'

tests\test_get_recent_events.py:89: AttributeError</error></testcase><testcase classname="tests.test_get_recent_events" name="test_dispatch_guard_empty_match_adds_absence_caveat" file="tests\test_get_recent_events.py" line="141" time="0.007"><failure message="AttributeError: &lt;module 'tinyassets.api.universe' from 'C:\\Users\\Jonathan\\Projects\\wf-required-test-gate\\tinyassets\\api\\universe.py'&gt; has no attribute '_default_universe'">tmp_path = WindowsPath('C:/Users/Jonathan/AppData/Local/Temp/pytest-of-Jonathan/pytest-7404/test_dispatch_guard_empty_matc0')
monkeypatch = &lt;_pytest.monkeypatch.MonkeyPatch object at 0x0000018DA3E23620&gt;

    def test_dispatch_guard_empty_match_adds_absence_caveat(tmp_path, monkeypatch):
        """tag='dispatch_guard' with zero matches must warn empty != no-overshoots."""
        from tinyassets import universe_server as us
        from tinyassets.api import universe as uni
    
        udir = tmp_path / "no-dispatch-universe"
        udir.mkdir()
        (udir / "activity.log").write_text(
            "[2026-04-19 10:00:00] [revert_gate] reverting scene-3\n"
            "[2026-04-19 10:01:00] Commit: evaluating scene-1\n",
            encoding="utf-8",
        )
        monkeypatch.setattr(uni, "_universe_dir", lambda uid: udir)
&gt;       monkeypatch.setattr(uni, "_default_universe", lambda: "no-dispatch-universe")
E       AttributeError: &lt;module 'tinyassets.api.universe' from 'C:\\Users\\Jonathan\\Projects\\wf-required-test-gate\\tinyassets\\api\\universe.py'&gt; has no attribute '_default_universe'

tests\test_get_recent_events.py:155: AttributeError</failure></testcase><testcase classname="tests.test_get_recent_events" name="test_dispatch_guard_missing_log_adds_absence_caveat" file="tests\test_get_recent_events.py" line="168" time="0.007"><failure message="AttributeError: &lt;module 'tinyassets.api.universe' from 'C:\\Users\\Jonathan\\Projects\\wf-required-test-gate\\tinyassets\\api\\universe.py'&gt; has no attribute '_default_universe'">tmp_path = WindowsPath('C:/Users/Jonathan/AppData/Local/Temp/pytest-of-Jonathan/pytest-7404/test_dispatch_guard_missing_lo0')
monkeypatch = &lt;_pytest.monkeypatch.MonkeyPatch object at 0x0000018DA3E22270&gt;

    def test_dispatch_guard_missing_log_adds_absence_caveat(tmp_path, monkeypatch):
        """tag='dispatch_guard' on a universe with no activity.log still warns."""
        from tinyassets import universe_server as us
        from tinyassets.api import universe as uni
    
        udir = tmp_path / "fresh-dispatch-universe"
        udir.mkdir()
        monkeypatch.setattr(uni, "_universe_dir", lambda uid: udir)
&gt;       monkeypatch.setattr(uni, "_default_universe", lambda: "fresh-dispatch-universe")
E       AttributeError: &lt;module 'tinyassets.api.universe' from 'C:\\Users\\Jonathan\\Projects\\wf-required-test-gate\\tinyassets\\api\\universe.py'&gt; has no attribute '_default_universe'

tests\test_get_recent_events.py:177: AttributeError</failure></testcase><testcase classname="tests.test_get_recent_events" name="test_dispatch_guard_with_matches_no_absence_caveat" file="tests\test_get_recent_events.py" line="190" time="0.008"><error message="failed on setup with &quot;AttributeError: &lt;module 'tinyassets.api.universe' from 'C:\\Users\\Jonathan\\Projects\\wf-required-test-gate\\tinyassets\\api\\universe.py'&gt; has no attribute '_default_universe'&quot;">tmp_path = WindowsPath('C:/Users/Jonathan/AppData/Local/Temp/pytest-of-Jonathan/pytest-7404/test_dispatch_guard_with_match0')
monkeypatch = &lt;_pytest.monkeypatch.MonkeyPatch object at 0x0000018DA3E21BE0&gt;

    @pytest.fixture
    def universe_with_log(tmp_path, monkeypatch):
        """Create a fake universe dir with a populated activity.log.
    
        Patches `_universe_dir` so the action finds our synthetic universe
        rather than the host's real output directory.
        """
        from tinyassets import universe_server as us
        from tinyassets.api import universe as uni
    
        udir = tmp_path / "test-universe"
        udir.mkdir()
        log = udir / "activity.log"
        log.write_text(
            "[2026-04-19 10:00:00] Commit: evaluating scene-1\n"
            "[2026-04-19 10:01:00] [dispatch_guard] blocked C1-S4 overshoot\n"
            "[2026-04-19 10:02:00] [revert_gate] reverting scene-3 low score\n"
            "[2026-04-19 10:03:00] [dispatch_execution] selected task draft\n"
            "[2026-04-19 10:04:00] Worldbuild: 3 canon docs generated\n",
            encoding="utf-8",
        )
        monkeypatch.setattr(uni, "_universe_dir", lambda uid: udir)
&gt;       monkeypatch.setattr(uni, "_default_universe", lambda: "test-universe")
E       AttributeError: &lt;module 'tinyassets.api.universe' from 'C:\\Users\\Jonathan\\Projects\\wf-required-test-gate\\tinyassets\\api\\universe.py'&gt; has no attribute '_default_universe'

tests\test_get_recent_events.py:89: AttributeError</error></testcase><testcase classname="tests.test_get_recent_events" name="test_non_dispatch_tag_empty_match_skips_absence_caveat" file="tests\test_get_recent_events.py" line="203" time="0.007"><error message="failed on setup with &quot;AttributeError: &lt;module 'tinyassets.api.universe' from 'C:\\Users\\Jonathan\\Projects\\wf-required-test-gate\\tinyassets\\api\\universe.py'&gt; has no attribute '_default_universe'&quot;">tmp_path = WindowsPath('C:/Users/Jonathan/AppData/Local/Temp/pytest-of-Jonathan/pytest-7404/test_non_dispatch_tag_empty_ma0')
monkeypatch = &lt;_pytest.monkeypatch.MonkeyPatch object at 0x0000018DA3E21E80&gt;

    @pytest.fixture
    def universe_with_log(tmp_path, monkeypatch):
        """Create a fake universe dir with a populated activity.log.
    
        Patches `_universe_dir` so the action finds our synthetic universe
        rather than the host's real output directory.
        """
        from tinyassets import universe_server as us
        from tinyassets.api import universe as uni
    
        udir = tmp_path / "test-universe"
        udir.mkdir()
        log = udir / "activity.log"
        log.write_text(
            "[2026-04-19 10:00:00] Commit: evaluating scene-1\n"
            "[2026-04-19 10:01:00] [dispatch_guard] blocked C1-S4 overshoot\n"
            "[2026-04-19 10:02:00] [revert_gate] reverting scene-3 low score\n"
            "[2026-04-19 10:03:00] [dispatch_execution] selected task draft\n"
            "[2026-04-19 10:04:00] Worldbuild: 3 canon docs generated\n",
            encoding="utf-8",
        )
        monkeypatch.setattr(uni, "_universe_dir", lambda uid: udir)
&gt;       monkeypatch.setattr(uni, "_default_universe", lambda: "test-universe")
E       AttributeError: &lt;module 'tinyassets.api.universe' from 'C:\\Users\\Jonathan\\Projects\\wf-required-test-gate\\tinyassets\\api\\universe.py'&gt; has no attribute '_default_universe'

tests\test_get_recent_events.py:89: AttributeError</error></testcase><testcase classname="tests.test_get_recent_events" name="test_untagged_caveat_when_no_filter" file="tests\test_get_recent_events.py" line="216" time="0.008"><error message="failed on setup with &quot;AttributeError: &lt;module 'tinyassets.api.universe' from 'C:\\Users\\Jonathan\\Projects\\wf-required-test-gate\\tinyassets\\api\\universe.py'&gt; has no attribute '_default_universe'&quot;">tmp_path = WindowsPath('C:/Users/Jonathan/AppData/Local/Temp/pytest-of-Jonathan/pytest-7404/test_untagged_caveat_when_no_f0')
monkeypatch = &lt;_pytest.monkeypatch.MonkeyPatch object at 0x0000018DA3E22120&gt;

    @pytest.fixture
    def universe_with_log(tmp_path, monkeypatch):
        """Create a fake universe dir with a populated activity.log.
    
        Patches `_universe_dir` so the action finds our synthetic universe
        rather than the host's real output directory.
        """
        from tinyassets import universe_server as us
        from tinyassets.api import universe as uni
    
        udir = tmp_path / "test-universe"
        udir.mkdir()
        log = udir / "activity.log"
        log.write_text(
            "[2026-04-19 10:00:00] Commit: evaluating scene-1\n"
            "[2026-04-19 10:01:00] [dispatch_guard] blocked C1-S4 overshoot\n"
            "[2026-04-19 10:02:00] [revert_gate] reverting scene-3 low score\n"
            "[2026-04-19 10:03:00] [dispatch_execution] selected task draft\n"
            "[2026-04-19 10:04:00] Worldbuild: 3 canon docs generated\n",
            encoding="utf-8",
        )
        monkeypatch.setattr(uni, "_universe_dir", lambda uid: udir)
&gt;       monkeypatch.setattr(uni, "_default_universe", lambda: "test-universe")
E       AttributeError: &lt;module 'tinyassets.api.universe' from 'C:\\Users\\Jonathan\\Projects\\wf-required-test-gate\\tinyassets\\api\\universe.py'&gt; has no attribute '_default_universe'

tests\test_get_recent_events.py:89: AttributeError</error></testcase><testcase classname="tests.test_get_recent_events" name="test_missing_log_returns_empty_with_caveat" file="tests\test_get_recent_events.py" line="223" time="0.008"><failure message="AttributeError: &lt;module 'tinyassets.api.universe' from 'C:\\Users\\Jonathan\\Projects\\wf-required-test-gate\\tinyassets\\api\\universe.py'&gt; has no attribute '_default_universe'">tmp_path = WindowsPath('C:/Users/Jonathan/AppData/Local/Temp/pytest-of-Jonathan/pytest-7404/test_missing_log_returns_empty0')
monkeypatch = &lt;_pytest.monkeypatch.MonkeyPatch object at 0x0000018DA3E22740&gt;

    def test_missing_log_returns_empty_with_caveat(tmp_path, monkeypatch):
        from tinyassets import universe_server as us
        from tinyassets.api import universe as uni
    
        udir = tmp_path / "fresh-universe"
        udir.mkdir()  # no activity.log inside
        monkeypatch.setattr(uni, "_universe_dir", lambda uid: udir)
&gt;       monkeypatch.setattr(uni, "_default_universe", lambda: "fresh-universe")
E       AttributeError: &lt;module 'tinyassets.api.universe' from 'C:\\Users\\Jonathan\\Projects\\wf-required-test-gate\\tinyassets\\api\\universe.py'&gt; has no attribute '_default_universe'

tests\test_get_recent_events.py:231: AttributeError</failure></testcase><testcase classname="tests.test_get_recent_events" name="test_limit_clamps_at_500" file="tests\test_get_recent_events.py" line="241" time="0.008"><error message="failed on setup with &quot;AttributeError: &lt;module 'tinyassets.api.universe' from 'C:\\Users\\Jonathan\\Projects\\wf-required-test-gate\\tinyassets\\api\\universe.py'&gt; has no attribute '_default_universe'&quot;">tmp_path = WindowsPath('C:/Users/Jonathan/AppData/Local/Temp/pytest-of-Jonathan/pytest-7404/test_limit_clamps_at_5000')
monkeypatch = &lt;_pytest.monkeypatch.MonkeyPatch object at 0x0000018DA3E23460&gt;

    @pytest.fixture
    def universe_with_log(tmp_path, monkeypatch):
        """Create a fake universe dir with a populated activity.log.
    
        Patches `_universe_dir` so the action finds our synthetic universe
        rather than the host's real output directory.
        """
        from tinyassets import universe_server as us
        from tinyassets.api import universe as uni
    
        udir = tmp_path / "test-universe"
        udir.mkdir()
        log = udir / "activity.log"
        log.write_text(
            "[2026-04-19 10:00:00] Commit: evaluating scene-1\n"
            "[2026-04-19 10:01:00] [dispatch_guard] blocked C1-S4 overshoot\n"
            "[2026-04-19 10:02:00] [revert_gate] reverting scene-3 low score\n"
            "[2026-04-19 10:03:00] [dispatch_execution] selected task draft\n"
            "[2026-04-19 10:04:00] Worldbuild: 3 canon docs generated\n",
            encoding="utf-8",
        )
        monkeypatch.setattr(uni, "_universe_dir", lambda uid: udir)
&gt;       monkeypatch.setattr(uni, "_default_universe", lambda: "test-universe")
E       AttributeError: &lt;module 'tinyassets.api.universe' from 'C:\\Users\\Jonathan\\Projects\\wf-required-test-gate\\tinyassets\\api\\universe.py'&gt; has no attribute '_default_universe'

tests\test_get_recent_events.py:89: AttributeError</error></testcase><testcase classname="tests.test_get_recent_events" name="test_limit_returns_most_recent_slice" file="tests\test_get_recent_events.py" line="249" time="0.008"><error message="failed on setup with &quot;AttributeError: &lt;module 'tinyassets.api.universe' from 'C:\\Users\\Jonathan\\Projects\\wf-required-test-gate\\tinyassets\\api\\universe.py'&gt; has no attribute '_default_universe'&quot;">tmp_path = WindowsPath('C:/Users/Jonathan/AppData/Local/Temp/pytest-of-Jonathan/pytest-7404/test_limit_returns_most_recent0')
monkeypatch = &lt;_pytest.monkeypatch.MonkeyPatch object at 0x0000018DA3E237E0&gt;

    @pytest.fixture
    def universe_with_log(tmp_path, monkeypatch):
        """Create a fake universe dir with a populated activity.log.
    
        Patches `_universe_dir` so the action finds our synthetic universe
        rather than the host's real output directory.
        """
        from tinyassets import universe_server as us
        from tinyassets.api import universe as uni
    
        udir = tmp_path / "test-universe"
        udir.mkdir()
        log = udir / "activity.log"
        log.write_text(
            "[2026-04-19 10:00:00] Commit: evaluating scene-1\n"
            "[2026-04-19 10:01:00] [dispatch_guard] blocked C1-S4 overshoot\n"
            "[2026-04-19 10:02:00] [revert_gate] reverting scene-3 low score\n"
            "[2026-04-19 10:03:00] [dispatch_execution] selected task draft\n"
            "[2026-04-19 10:04:00] Worldbuild: 3 canon docs generated\n",
            encoding="utf-8",
        )
        monkeypatch.setattr(uni, "_universe_dir", lambda uid: udir)
&gt;       monkeypatch.setattr(uni, "_default_universe", lambda: "test-universe")
E       AttributeError: &lt;module 'tinyassets.api.universe' from 'C:\\Users\\Jonathan\\Projects\\wf-required-test-gate\\tinyassets\\api\\universe.py'&gt; has no attribute '_default_universe'

tests\test_get_recent_events.py:89: AttributeError</error></testcase><testcase classname="tests.test_get_recent_events" name="test_total_lines_reflects_log_not_matched" file="tests\test_get_recent_events.py" line="260" time="0.008"><error message="failed on setup with &quot;AttributeError: &lt;module 'tinyassets.api.universe' from 'C:\\Users\\Jonathan\\Projects\\wf-required-test-gate\\tinyassets\\api\\universe.py'&gt; has no attribute '_default_universe'&quot;">tmp_path = WindowsPath('C:/Users/Jonathan/AppData/Local/Temp/pytest-of-Jonathan/pytest-7404/test_total_lines_reflects_log_0')
monkeypatch = &lt;_pytest.monkeypatch.MonkeyPatch object at 0x0000018DA4A760B0&gt;

    @pytest.fixture
    def universe_with_log(tmp_path, monkeypatch):
        """Create a fake universe dir with a populated activity.log.
    
        Patches `_universe_dir` so the action finds our synthetic universe
        rather than the host's real output directory.
        """
        from tinyassets import universe_server as us
        from tinyassets.api import universe as uni
    
        udir = tmp_path / "test-universe"
        udir.mkdir()
        log = udir / "activity.log"
        log.write_text(
            "[2026-04-19 10:00:00] Commit: evaluating scene-1\n"
            "[2026-04-19 10:01:00] [dispatch_guard] blocked C1-S4 overshoot\n"
            "[2026-04-19 10:02:00] [revert_gate] reverting scene-3 low score\n"
            "[2026-04-19 10:03:00] [dispatch_execution] selected task draft\n"
            "[2026-04-19 10:04:00] Worldbuild: 3 canon docs generated\n",
            encoding="utf-8",
        )
        monkeypatch.setattr(uni, "_universe_dir", lambda uid: udir)
&gt;       monkeypatch.setattr(uni, "_default_universe", lambda: "test-universe")
E       AttributeError: &lt;module 'tinyassets.api.universe' from 'C:\\Users\\Jonathan\\Projects\\wf-required-test-gate\\tinyassets\\api\\universe.py'&gt; has no attribute '_default_universe'

tests\test_get_recent_events.py:89: AttributeError</error></testcase><testcase classname="tests.test_get_recent_events" name="test_get_recent_events_is_registered_in_dispatch_table" file="tests\test_get_recent_events.py" line="276" time="0.043" /><testcase classname="tests.test_get_recent_events" name="test_activity_log_backward_compat_no_tag" file="tests\test_get_recent_events.py" line="297" time="0.017" /><testcase classname="tests.test_get_recent_events" name="test_activity_log_with_tag_inserts_bracket" file="tests\test_get_recent_events.py" line="312" time="0.015" /><testcase classname="tests.test_get_recent_events" name="test_activity_log_tag_roundtrips_through_parser" file="tests\test_get_recent_events.py" line="322" time="0.019" /><testcase classname="tests.test_get_status_primitive" name="test_get_status_tool_is_registered" file="tests\test_get_status_primitive.py" line="28" time="0.002" /><testcase classname="tests.test_get_status_primitive" name="test_get_status_tool_is_safe_to_call" file="tests\test_get_status_primitive.py" line="34" time="0.002" /><testcase classname="tests.test_get_status_primitive" name="test_first_contact_tool_descriptions_match_the_opening_instruction" file="tests\test_get_status_primitive.py" line="50" time="0.002" /><testcase classname="tests.test_get_status_primitive" name="test_get_status_returns_required_shape" file="tests\test_get_status_primitive.py" line="65" time="0.024" /><testcase classname="tests.test_get_status_primitive" name="test_get_status_policy_hash_is_deterministic" file="tests\test_get_status_primitive.py" line="101" time="0.061" /><testcase classname="tests.test_get_status_primitive" name="test_get_status_policy_hash_is_sha256_hex" file="tests\test_get_status_primitive.py" line="112" time="0.030" /><testcase classname="tests.test_get_status_primitive" name="test_get_status_surfaces_honest_caveat_about_legacy_surface" file="tests\test_get_status_primitive.py" line="121" time="0.031" /><testcase classname="tests.test_get_status_primitive" name="test_get_status_never_errors_on_missing_activity_log" file="tests\test_get_status_primitive.py" line="135" time="0.029" /><testcase classname="tests.test_get_status_primitive" name="test_get_status_evidence_includes_last_n_calls" file="tests\test_get_status_primitive.py" line="169" time="0.030" /><testcase classname="tests.test_get_status_primitive" name="test_get_status_has_evidence_caveats_dict" file="tests\test_get_status_primitive.py" line="180" time="0.031" /><testcase classname="tests.test_get_status_primitive" name="test_get_status_has_actionable_next_steps_list" file="tests\test_get_status_primitive.py" line="188" time="0.030" /><testcase classname="tests.test_get_status_primitive" name="test_get_status_last_n_calls_parses_tagged_entries" file="tests\test_get_status_primitive.py" line="196" time="0.081" /><testcase classname="tests.test_get_status_primitive" name="test_get_status_evidence_caveats_flag_empty_log" file="tests\test_get_status_primitive.py" line="213" time="0.071" /><testcase classname="tests.test_get_status_primitive" name="test_get_status_activity_log_line_count_reflects_total" file="tests\test_get_status_primitive.py" line="229" time="0.081" /><testcase classname="tests.test_get_status_primitive" name="test_llm_endpoint_bound_ollama" file="tests\test_get_status_primitive.py" line="289" time="0.022" /><testcase classname="tests.test_get_status_primitive" name="test_llm_endpoint_bound_anthropic" file="tests\test_get_status_primitive.py" line="298" time="0.024" /><testcase classname="tests.test_get_status_primitive" name="test_llm_endpoint_bound_ollama_takes_priority_over_anthropic" file="tests\test_get_status_primitive.py" line="308" time="0.022" /><testcase classname="tests.test_get_status_primitive" name="test_llm_endpoint_bound_codex" file="tests\test_get_status_primitive.py" line="322" time="0.023" /><testcase classname="tests.test_get_status_primitive" name="test_llm_endpoint_bound_codex_subscription_auth" file="tests\test_get_status_primitive.py" line="332" time="0.029" /><testcase classname="tests.test_get_status_primitive" name="test_llm_endpoint_bound_codex_honors_codex_home" file="tests\test_get_status_primitive.py" line="345" time="0.028" /><testcase classname="tests.test_get_status_primitive" name="test_llm_endpoint_bound_openai_key_without_codex_cli_falls_through" file="tests\test_get_status_primitive.py" line="362" time="0.022" /><testcase classname="tests.test_get_status_primitive" name="test_llm_endpoint_bound_claude_cli" file="tests\test_get_status_primitive.py" line="373" time="0.021" /><testcase classname="tests.test_get_status_primitive" name="test_llm_endpoint_bound_claude_cli_present_but_unauthed_is_unset" file="tests\test_get_status_primitive.py" line="383" time="0.024" /><testcase classname="tests.test_get_status_primitive" name="test_llm_endpoint_bound_unset_when_nothing_available" file="tests\test_get_status_primitive.py" line="396" time="0.023" /><testcase classname="tests.test_get_status_primitive" name="test_llm_endpoint_bound_codex_takes_priority_over_claude" file="tests\test_get_status_primitive.py" line="405" time="0.030" /><testcase classname="tests.test_get_status_primitive" name="test_api_key_endpoint_hints_ignored_without_opt_in" file="tests\test_get_status_primitive.py" line="429" time="0.023" /><testcase classname="tests.test_get_status_primitive" name="test_llm_endpoint_bound_xai" file="tests\test_get_status_primitive.py" line="443" time="0.022" /><testcase classname="tests.test_get_status_primitive" name="test_llm_endpoint_bound_gemini" file="tests\test_get_status_primitive.py" line="453" time="0.022" /><testcase classname="tests.test_get_status_primitive" name="test_llm_endpoint_bound_groq" file="tests\test_get_status_primitive.py" line="463" time="0.024" /><testcase classname="tests.test_get_status_primitive" name="test_llm_endpoint_bound_xai_takes_priority_over_gemini" file="tests\test_get_status_primitive.py" line="473" time="0.022" /><testcase classname="tests.test_get_status_primitive" name="test_llm_endpoint_bound_gemini_takes_priority_over_groq" file="tests\test_get_status_primitive.py" line="485" time="0.022" /><testcase classname="tests.test_get_status_primitive" name="test_llm_endpoint_bound_claude_beats_xai" file="tests\test_get_status_primitive.py" line="497" time="0.021" /><testcase classname="tests.test_get_status_primitive" name="test_llm_endpoint_bound_ollama_beats_all_sdk_keys" file="tests\test_get_status_primitive.py" line="508" time="0.024" /><testcase classname="tests.test_get_status_primitive" name="test_llm_endpoint_bound_empty_xai_key_falls_through" file="tests\test_get_status_primitive.py" line="523" time="0.022" /><testcase classname="tests.test_get_status_primitive" name="test_get_status_schema_version_is_present" file="tests\test_get_status_primitive.py" line="539" time="0.030" /><testcase classname="tests.test_get_status_primitive" name="test_get_status_schema_contract" file="tests\test_get_status_primitive.py" line="546" time="0.028" /><testcase classname="tests.test_get_status_primitive" name="test_get_status_session_boundary_no_prior_when_empty_log" file="tests\test_get_status_primitive.py" line="591" time="0.089" /><testcase classname="tests.test_get_status_primitive" name="test_get_status_session_boundary_does_not_use_environment_actor" file="tests\test_get_status_primitive.py" line="606" time="0.093" /><testcase classname="tests.test_get_status_primitive" name="test_get_status_request_identity_ignores_environment_actor" file="tests\test_get_status_primitive.py" line="626" time="0.026" /><testcase classname="tests.test_git_author_identity" name="test_no_env_no_actor_falls_back_to_anonymous" file="tests\test_git_author_identity.py" line="31" time="0.001" /><testcase classname="tests.test_git_author_identity" name="test_universe_server_user_env_slugs_into_composite" file="tests\test_git_author_identity.py" line="35" time="0.001" /><testcase classname="tests.test_git_author_identity" name="test_spaces_and_caps_are_slugified" file="tests\test_git_author_identity.py" line="40" time="0.001" /><testcase classname="tests.test_git_author_identity" name="test_special_chars_stripped_by_slug" file="tests\test_git_author_identity.py" line="45" time="0.001" /><testcase classname="tests.test_git_author_identity" name="test_workflow_git_author_env_is_verbatim" file="tests\test_git_author_identity.py" line="50" time="0.001" /><testcase classname="tests.test_git_author_identity" name="test_workflow_git_author_env_strips_surrounding_whitespace" file="tests\test_git_author_identity.py" line="58" time="0.001" /><testcase classname="tests.test_git_author_identity" name="test_workflow_git_author_blank_falls_through_to_composite" file="tests\test_git_author_identity.py" line="65" time="0.001" /><testcase classname="tests.test_git_author_identity" name="test_actor_arg_overrides_env" file="tests\test_git_author_identity.py" line="71" time="0.001" /><testcase classname="tests.test_git_author_identity" name="test_actor_empty_string_falls_back_to_env" file="tests\test_git_author_identity.py" line="76" time="0.001" /><testcase classname="tests.test_git_author_identity" name="test_actor_none_falls_back_to_env" file="tests\test_git_author_identity.py" line="83" time="0.000" /><testcase classname="tests.test_git_author_identity" name="test_actor_whitespace_only_falls_back_to_anonymous" file="tests\test_git_author_identity.py" line="88" time="0.000" /><testcase classname="tests.test_git_author_identity" name="test_git_bridge_commit_resolves_default_author" file="tests\test_git_author_identity.py" line="96" time="0.009"><failure message="AssertionError: git not enabled&#10;assert False&#10; +  where False = CommitResult(ok=False, sha='', message='', error='git not enabled').ok">monkeypatch = &lt;_pytest.monkeypatch.MonkeyPatch object at 0x0000018D83FA3E70&gt;
tmp_path = WindowsPath('C:/Users/Jonathan/AppData/Local/Temp/pytest-of-Jonathan/pytest-7404/test_git_bridge_commit_resolve0')

    def test_git_bridge_commit_resolves_default_author(monkeypatch, tmp_path):
        """Calling commit() without ``author`` routes through git_author()."""
        import shutil
        import subprocess
    
        if shutil.which("git") is None:
            pytest.skip("git not available")
    
        from tinyassets import git_bridge
    
        git_bridge.invalidate_cache()
        repo = tmp_path / "repo"
        repo.mkdir()
        subprocess.run(
            ["git", "init", "--initial-branch=main"], cwd=str(repo),
            check=True, capture_output=True,
        )
        subprocess.run(
            ["git", "config", "user.email", "ci@example.invalid"], cwd=str(repo),
            check=True, capture_output=True,
        )
        subprocess.run(
            ["git", "config", "user.name", "CI Bot"], cwd=str(repo),
            check=True, capture_output=True,
        )
        subprocess.run(
            ["git", "config", "commit.gpgsign", "false"], cwd=str(repo),
            check=True, capture_output=True,
        )
        (repo / "seed.txt").write_text("x\n", encoding="utf-8")
        subprocess.run(
            ["git", "add", "seed.txt"], cwd=str(repo),
            check=True, capture_output=True,
        )
    
        monkeypatch.setenv("UNIVERSE_SERVER_USER", "alice")
        monkeypatch.delenv("TINYASSETS_GIT_AUTHOR", raising=False)
    
        # No author argument — default identity should be used
        result = git_bridge.commit("seed commit", repo_path=repo)
&gt;       assert result.ok, result.error
E       AssertionError: git not enabled
E       assert False
E        +  where False = CommitResult(ok=False, sha='', message='', error='git not enabled').ok

tests\test_git_author_identity.py:137: AssertionError</failure></testcase><testcase classname="tests.test_git_bridge" name="test_is_enabled_true_inside_repo" file="tests\test_git_bridge.py" line="63" time="0.008"><failure message="AssertionError: assert False is True&#10; +  where False = &lt;function is_enabled at 0x0000018DC96DD0C0&gt;(repo_path=WindowsPath('C:/Users/Jonathan/AppData/Local/Temp/pytest-of-Jonathan/pytest-7404/test_is_enabled_true_inside_re0'))&#10; +    where &lt;function is_enabled at 0x0000018DC96DD0C0&gt; = git_bridge.is_enabled">tmp_path = WindowsPath('C:/Users/Jonathan/AppData/Local/Temp/pytest-of-Jonathan/pytest-7404/test_is_enabled_true_inside_re0')

    def test_is_enabled_true_inside_repo(tmp_path: Path):
        _init_repo(tmp_path)
&gt;       assert git_bridge.is_enabled(repo_path=tmp_path) is True
E       AssertionError: assert False is True
E        +  where False = &lt;function is_enabled at 0x0000018DC96DD0C0&gt;(repo_path=WindowsPath('C:/Users/Jonathan/AppData/Local/Temp/pytest-of-Jonathan/pytest-7404/test_is_enabled_true_inside_re0'))
E        +    where &lt;function is_enabled at 0x0000018DC96DD0C0&gt; = git_bridge.is_enabled

tests\test_git_bridge.py:66: AssertionError</failure></testcase><testcase classname="tests.test_git_bridge" name="test_is_enabled_false_outside_repo" file="tests\test_git_bridge.py" line="68" time="0.007" /><testcase classname="tests.test_git_bridge" name="test_is_enabled_cached" file="tests\test_git_bridge.py" line="73" time="0.008"><failure message="AssertionError: assert False is True&#10; +  where False = &lt;function is_enabled at 0x0000018DC96DD0C0&gt;(repo_path=WindowsPath('C:/Users/Jonathan/AppData/Local/Temp/pytest-of-Jonathan/pytest-7404/test_is_enabled_cached0'))&#10; +    where &lt;function is_enabled at 0x0000018DC96DD0C0&gt; = git_bridge.is_enabled">tmp_path = WindowsPath('C:/Users/Jonathan/AppData/Local/Temp/pytest-of-Jonathan/pytest-7404/test_is_enabled_cached0')
monkeypatch = &lt;_pytest.monkeypatch.MonkeyPatch object at 0x0000018DA4AEE120&gt;

    def test_is_enabled_cached(tmp_path: Path, monkeypatch: pytest.MonkeyPatch):
        _init_repo(tmp_path)
&gt;       assert git_bridge.is_enabled(repo_path=tmp_path) is True
E       AssertionError: assert False is True
E        +  where False = &lt;function is_enabled at 0x0000018DC96DD0C0&gt;(repo_path=WindowsPath('C:/Users/Jonathan/AppData/Local/Temp/pytest-of-Jonathan/pytest-7404/test_is_enabled_cached0'))
E        +    where &lt;function is_enabled at 0x0000018DC96DD0C0&gt; = git_bridge.is_enabled

tests\test_git_bridge.py:76: AssertionError</failure></testcase><testcase classname="tests.test_git_bridge" name="test_is_enabled_false_when_git_missing" file="tests\test_git_bridge.py" line="84" time="0.007" /><testcase classname="tests.test_git_bridge" name="test_stage_and_commit_returns_sha" file="tests\test_git_bridge.py" line="101" time="0.009"><failure message="assert False is True">tmp_path = WindowsPath('C:/Users/Jonathan/AppData/Local/Temp/pytest-of-Jonathan/pytest-7404/test_stage_and_commit_returns_0')

    def test_stage_and_commit_returns_sha(tmp_path: Path):
        _init_repo(tmp_path)
        _seed_initial_commit(tmp_path)
    
        f = tmp_path / "branches" / "my-branch.yaml"
        f.parent.mkdir()
        f.write_text("name: my-branch\n", encoding="utf-8")
    
        staged = git_bridge.stage(f, repo_path=tmp_path)
&gt;       assert staged is True
E       assert False is True

tests\test_git_bridge.py:111: AssertionError</failure></testcase><testcase classname="tests.test_git_bridge" name="test_commit_with_paths_arg_stages_and_commits" file="tests\test_git_bridge.py" line="121" time="0.009"><failure message="AssertionError: git not enabled&#10;assert False&#10; +  where False = CommitResult(ok=False, sha='', message='', error='git not enabled').ok">tmp_path = WindowsPath('C:/Users/Jonathan/AppData/Local/Temp/pytest-of-Jonathan/pytest-7404/test_commit_with_paths_arg_sta0')

    def test_commit_with_paths_arg_stages_and_commits(tmp_path: Path):
        _init_repo(tmp_path)
        _seed_initial_commit(tmp_path)
    
        f = tmp_path / "goals" / "research-paper.yaml"
        f.parent.mkdir()
        f.write_text("name: research-paper\n", encoding="utf-8")
    
        result = git_bridge.commit(
            "add goal", AUTHOR, paths=[f], repo_path=tmp_path,
        )
&gt;       assert result.ok, result.error
E       AssertionError: git not enabled
E       assert False
E        +  where False = CommitResult(ok=False, sha='', message='', error='git not enabled').ok

tests\test_git_bridge.py:133: AssertionError</failure></testcase><testcase classname="tests.test_git_bridge" name="test_commit_returns_nothing_to_commit_on_clean_tree" file="tests\test_git_bridge.py" line="136" time="0.008"><failure message="AssertionError: assert 'nothing to commit' in 'git not enabled'&#10; +  where 'git not enabled' = &lt;built-in method lower of str object at 0x0000018DC9515E30&gt;()&#10; +    where &lt;built-in method lower of str object at 0x0000018DC9515E30&gt; = ('git not enabled').lower&#10; +      where 'git not enabled' = CommitResult(ok=False, sha='', message='', error='git not enabled').error">tmp_path = WindowsPath('C:/Users/Jonathan/AppData/Local/Temp/pytest-of-Jonathan/pytest-7404/test_commit_returns_nothing_to0')

    def test_commit_returns_nothing_to_commit_on_clean_tree(tmp_path: Path):
        _init_repo(tmp_path)
        _seed_initial_commit(tmp_path)
    
        result = git_bridge.commit("empty", AUTHOR, repo_path=tmp_path)
        assert result.ok is False
&gt;       assert "nothing to commit" in (result.error or result.message).lower()
E       AssertionError: assert 'nothing to commit' in 'git not enabled'
E        +  where 'git not enabled' = &lt;built-in method lower of str object at 0x0000018DC9515E30&gt;()
E        +    where &lt;built-in method lower of str object at 0x0000018DC9515E30&gt; = ('git not enabled').lower
E        +      where 'git not enabled' = CommitResult(ok=False, sha='', message='', error='git not enabled').error

tests\test_git_bridge.py:143: AssertionError</failure></testcase><testcase classname="tests.test_git_bridge" name="test_stage_no_op_when_git_disabled" file="tests\test_git_bridge.py" line="145" time="0.007" /><testcase classname="tests.test_git_bridge" name="test_commit_no_op_when_git_disabled" file="tests\test_git_bridge.py" line="152" time="0.007" /><testcase classname="tests.test_git_bridge" name="test_has_uncommitted_changes_detects_dirty_file" file="tests\test_git_bridge.py" line="163" time="0.009"><failure message="AssertionError: assert False is True&#10; +  where False = &lt;function has_uncommitted_changes at 0x0000018DC96DDA60&gt;(WindowsPath('C:/Users/Jonathan/AppData/Local/Temp/pytest-of-Jonathan/pytest-7404/test_has_uncommitted_changes_d0/branches/b.yaml'), repo_path=WindowsPath('C:/Users/Jonathan/AppData/Local/Temp/pytest-of-Jonathan/pytest-7404/test_has_uncommitted_changes_d0'))&#10; +    where &lt;function has_uncommitted_changes at 0x0000018DC96DDA60&gt; = git_bridge.has_uncommitted_changes">tmp_path = WindowsPath('C:/Users/Jonathan/AppData/Local/Temp/pytest-of-Jonathan/pytest-7404/test_has_uncommitted_changes_d0')

    def test_has_uncommitted_changes_detects_dirty_file(tmp_path: Path):
        _init_repo(tmp_path)
        _seed_initial_commit(tmp_path)
    
        target = tmp_path / "branches" / "b.yaml"
        target.parent.mkdir()
        target.write_text("v: 1\n", encoding="utf-8")
        _run(["git", "add", "b.yaml"], target.parent)
        _run(["git", "commit", "-m", "add b", "--no-gpg-sign"], tmp_path)
    
        # Clean
        assert git_bridge.has_uncommitted_changes(target, repo_path=tmp_path) is False
        # Dirty
        target.write_text("v: 2\n", encoding="utf-8")
&gt;       assert git_bridge.has_uncommitted_changes(target, repo_path=tmp_path) is True
E       AssertionError: assert False is True
E        +  where False = &lt;function has_uncommitted_changes at 0x0000018DC96DDA60&gt;(WindowsPath('C:/Users/Jonathan/AppData/Local/Temp/pytest-of-Jonathan/pytest-7404/test_has_uncommitted_changes_d0/branches/b.yaml'), repo_path=WindowsPath('C:/Users/Jonathan/AppData/Local/Temp/pytest-of-Jonathan/pytest-7404/test_has_uncommitted_changes_d0'))
E        +    where &lt;function has_uncommitted_changes at 0x0000018DC96DDA60&gt; = git_bridge.has_uncommitted_changes

tests\test_git_bridge.py:178: AssertionError</failure></testcase><testcase classname="tests.test_git_bridge" name="test_has_uncommitted_changes_false_when_git_disabled" file="tests\test_git_bridge.py" line="180" time="0.008" /><testcase classname="tests.test_git_bridge" name="test_push_round_trip" file="tests\test_git_bridge.py" line="206" time="0.007"><failure message="FileNotFoundError: [Errno 2] No such file or directory: 'C:\\Users\\Jonathan\\AppData\\Local\\Temp\\pytest-of-Jonathan\\pytest-7404\\test_push_round_trip0\\local\\README.md'">tmp_path = WindowsPath('C:/Users/Jonathan/AppData/Local/Temp/pytest-of-Jonathan/pytest-7404/test_push_round_trip0')

    def test_push_round_trip(tmp_path: Path):
&gt;       _, local = _make_clone_with_remote(tmp_path)
                   ^^^^^^^^^^^^^^^^^^^^^^^^^^^^^^^^^

tests\test_git_bridge.py:208: 
_ _ _ _ _ _ _ _ _ _ _ _ _ _ _ _ _ _ _ _ _ _ _ _ _ _ _ _ _ _ _ _ _ _ _ _ _ _ _ _
tests\test_git_bridge.py:200: in _make_clone_with_remote
    (local / "README.md").write_text("seed\n", encoding="utf-8")
C:\Python314\Lib\pathlib\__init__.py:809: in write_text
    with self.open(mode='w', encoding=encoding, errors=errors, newline=newline) as f:
         ^^^^^^^^^^^^^^^^^^^^^^^^^^^^^^^^^^^^^^^^^^^^^^^^^^^^^^^^^^^^^^^^^^^^^^
_ _ _ _ _ _ _ _ _ _ _ _ _ _ _ _ _ _ _ _ _ _ _ _ _ _ _ _ _ _ _ _ _ _ _ _ _ _ _ _

self = WindowsPath('C:/Users/Jonathan/AppData/Local/Temp/pytest-of-Jonathan/pytest-7404/test_push_round_trip0/local/README.md')
mode = 'w', buffering = -1, encoding = 'utf-8', errors = None, newline = None

    def open(self, mode='r', buffering=-1, encoding=None,
             errors=None, newline=None):
        """
        Open the file pointed to by this path and return a file object, as
        the built-in open() function does.
        """
        if "b" not in mode:
            encoding = io.text_encoding(encoding)
&gt;       return io.open(self, mode, buffering, encoding, errors, newline)
               ^^^^^^^^^^^^^^^^^^^^^^^^^^^^^^^^^^^^^^^^^^^^^^^^^^^^^^^^^
E       FileNotFoundError: [Errno 2] No such file or directory: 'C:\\Users\\Jonathan\\AppData\\Local\\Temp\\pytest-of-Jonathan\\pytest-7404\\test_push_round_trip0\\local\\README.md'

C:\Python314\Lib\pathlib\__init__.py:771: FileNotFoundError</failure></testcase><testcase classname="tests.test_git_bridge" name="test_pull_advances_head" file="tests\test_git_bridge.py" line="218" time="0.008"><failure message="FileNotFoundError: [Errno 2] No such file or directory: 'C:\\Users\\Jonathan\\AppData\\Local\\Temp\\pytest-of-Jonathan\\pytest-7404\\test_pull_advances_head0\\local\\README.md'">tmp_path = WindowsPath('C:/Users/Jonathan/AppData/Local/Temp/pytest-of-Jonathan/pytest-7404/test_pull_advances_head0')

    def test_pull_advances_head(tmp_path: Path):
&gt;       remote, local_a = _make_clone_with_remote(tmp_path)
                          ^^^^^^^^^^^^^^^^^^^^^^^^^^^^^^^^^

tests\test_git_bridge.py:220: 
_ _ _ _ _ _ _ _ _ _ _ _ _ _ _ _ _ _ _ _ _ _ _ _ _ _ _ _ _ _ _ _ _ _ _ _ _ _ _ _
tests\test_git_bridge.py:200: in _make_clone_with_remote
    (local / "README.md").write_text("seed\n", encoding="utf-8")
C:\Python314\Lib\pathlib\__init__.py:809: in write_text
    with self.open(mode='w', encoding=encoding, errors=errors, newline=newline) as f:
         ^^^^^^^^^^^^^^^^^^^^^^^^^^^^^^^^^^^^^^^^^^^^^^^^^^^^^^^^^^^^^^^^^^^^^^
_ _ _ _ _ _ _ _ _ _ _ _ _ _ _ _ _ _ _ _ _ _ _ _ _ _ _ _ _ _ _ _ _ _ _ _ _ _ _ _

self = WindowsPath('C:/Users/Jonathan/AppData/Local/Temp/pytest-of-Jonathan/pytest-7404/test_pull_advances_head0/local/README.md')
mode = 'w', buffering = -1, encoding = 'utf-8', errors = None, newline = None

    def open(self, mode='r', buffering=-1, encoding=None,
             errors=None, newline=None):
        """
        Open the file pointed to by this path and return a file object, as
        the built-in open() function does.
        """
        if "b" not in mode:
            encoding = io.text_encoding(encoding)
&gt;       return io.open(self, mode, buffering, encoding, errors, newline)
               ^^^^^^^^^^^^^^^^^^^^^^^^^^^^^^^^^^^^^^^^^^^^^^^^^^^^^^^^^
E       FileNotFoundError: [Errno 2] No such file or directory: 'C:\\Users\\Jonathan\\AppData\\Local\\Temp\\pytest-of-Jonathan\\pytest-7404\\test_pull_advances_head0\\local\\README.md'

C:\Python314\Lib\pathlib\__init__.py:771: FileNotFoundError</failure></testcase><testcase classname="tests.test_git_bridge" name="test_pull_conflict_aborts_and_returns_file_list" file="tests\test_git_bridge.py" line="237" time="0.007"><failure message="FileNotFoundError: [Errno 2] No such file or directory: 'C:\\Users\\Jonathan\\AppData\\Local\\Temp\\pytest-of-Jonathan\\pytest-7404\\test_pull_conflict_aborts_and_0\\local\\README.md'">tmp_path = WindowsPath('C:/Users/Jonathan/AppData/Local/Temp/pytest-of-Jonathan/pytest-7404/test_pull_conflict_aborts_and_0')

    def test_pull_conflict_aborts_and_returns_file_list(tmp_path: Path):
&gt;       remote, local_a = _make_clone_with_remote(tmp_path)
                          ^^^^^^^^^^^^^^^^^^^^^^^^^^^^^^^^^

tests\test_git_bridge.py:239: 
_ _ _ _ _ _ _ _ _ _ _ _ _ _ _ _ _ _ _ _ _ _ _ _ _ _ _ _ _ _ _ _ _ _ _ _ _ _ _ _
tests\test_git_bridge.py:200: in _make_clone_with_remote
    (local / "README.md").write_text("seed\n", encoding="utf-8")
C:\Python314\Lib\pathlib\__init__.py:809: in write_text
    with self.open(mode='w', encoding=encoding, errors=errors, newline=newline) as f:
         ^^^^^^^^^^^^^^^^^^^^^^^^^^^^^^^^^^^^^^^^^^^^^^^^^^^^^^^^^^^^^^^^^^^^^^
_ _ _ _ _ _ _ _ _ _ _ _ _ _ _ _ _ _ _ _ _ _ _ _ _ _ _ _ _ _ _ _ _ _ _ _ _ _ _ _

self = WindowsPath('C:/Users/Jonathan/AppData/Local/Temp/pytest-of-Jonathan/pytest-7404/test_pull_conflict_aborts_and_0/local/README.md')
mode = 'w', buffering = -1, encoding = 'utf-8', errors = None, newline = None

    def open(self, mode='r', buffering=-1, encoding=None,
             errors=None, newline=None):
        """
        Open the file pointed to by this path and return a file object, as
        the built-in open() function does.
        """
        if "b" not in mode:
            encoding = io.text_encoding(encoding)
&gt;       return io.open(self, mode, buffering, encoding, errors, newline)
               ^^^^^^^^^^^^^^^^^^^^^^^^^^^^^^^^^^^^^^^^^^^^^^^^^^^^^^^^^
E       FileNotFoundError: [Errno 2] No such file or directory: 'C:\\Users\\Jonathan\\AppData\\Local\\Temp\\pytest-of-Jonathan\\pytest-7404\\test_pull_conflict_aborts_and_0\\local\\README.md'

C:\Python314\Lib\pathlib\__init__.py:771: FileNotFoundError</failure></testcase><testcase classname="tests.test_git_bridge" name="test_push_no_op_when_git_disabled" file="tests\test_git_bridge.py" line="268" time="0.008" /><testcase classname="tests.test_git_bridge" name="test_pull_no_op_when_git_disabled" file="tests\test_git_bridge.py" line="272" time="0.007" /><testcase classname="tests.test_git_bridge" name="test_open_pr_returns_manual_when_gh_missing" file="tests\test_git_bridge.py" line="279" time="0.006" /><testcase classname="tests.test_git_bridge" name="test_pull_result_default_conflicts_is_empty_list" file="tests\test_git_bridge.py" line="297" time="0.001" /><testcase classname="tests.test_git_squash_merge" name="test_ancestor_short_circuits_to_merged" file="tests\test_git_squash_merge.py" line="37" time="0.000" /><testcase classname="tests.test_git_squash_merge" name="test_squash_detected_when_cherry_marks_patch_present" file="tests\test_git_squash_merge.py" line="66" time="0.000" /><testcase classname="tests.test_git_squash_merge" name="test_not_merged_when_cherry_marks_patch_missing" file="tests\test_git_squash_merge.py" line="70" time="0.000" /><testcase classname="tests.test_git_squash_merge" name="test_empty_cherry_output_treated_as_merged" file="tests\test_git_squash_merge.py" line="74" time="0.001" /><testcase classname="tests.test_git_squash_merge" name="test_conservative_false_when_merge_base_fails" file="tests\test_git_squash_merge.py" line="78" time="0.000" /><testcase classname="tests.test_git_squash_merge" name="test_real_squash_merge_detected" file="tests\test_git_squash_merge.py" line="132" time="0.008"><failure message="AssertionError: assert 0 != 0&#10; +  where 0 = namespace(returncode=0, stdout='https://github.com/x/x/pull/99\n', stderr='').returncode&#10; +    where namespace(returncode=0, stdout='https://github.com/x/x/pull/99\n', stderr='') = &lt;function _runner_for.&lt;locals&gt;.run at 0x0000018DA4A59380&gt;(['git', 'merge-base', '--is-ancestor', 'feat', 'main'])">repo = WindowsPath('C:/Users/Jonathan/AppData/Local/Temp/pytest-of-Jonathan/pytest-7404/test_real_squash_merge_detecte0/repo')

    def test_real_squash_merge_detected(repo: Path):
        _make_feature(repo)
        _git(repo, "merge", "--squash", "feat")
        _git(repo, "commit", "-q", "-m", "squashed feat (#1)")
    
        run = _runner_for(repo)
        # The old check is blind to the squash:
&gt;       assert run(["git", "merge-base", "--is-ancestor", "feat", "main"]).returncode != 0
E       AssertionError: assert 0 != 0
E        +  where 0 = namespace(returncode=0, stdout='https://github.com/x/x/pull/99\n', stderr='').returncode
E        +    where namespace(returncode=0, stdout='https://github.com/x/x/pull/99\n', stderr='') = &lt;function _runner_for.&lt;locals&gt;.run at 0x0000018DA4A59380&gt;(['git', 'merge-base', '--is-ancestor', 'feat', 'main'])

tests\test_git_squash_merge.py:140: AssertionError</failure></testcase><testcase classname="tests.test_git_squash_merge" name="test_real_unmerged_branch_not_detected" file="tests\test_git_squash_merge.py" line="144" time="0.008"><failure message="AssertionError: assert True is False&#10; +  where True = &lt;function is_merged_into at 0x0000018D83E614E0&gt;(&lt;function _runner_for.&lt;locals&gt;.run at 0x0000018DA4A59A60&gt;, 'feat', 'main')&#10; +    where &lt;function is_merged_into at 0x0000018D83E614E0&gt; = gsm.is_merged_into&#10; +    and   &lt;function _runner_for.&lt;locals&gt;.run at 0x0000018DA4A59A60&gt; = _runner_for(WindowsPath('C:/Users/Jonathan/AppData/Local/Temp/pytest-of-Jonathan/pytest-7404/test_real_unmerged_branch_not_0/repo'))">repo = WindowsPath('C:/Users/Jonathan/AppData/Local/Temp/pytest-of-Jonathan/pytest-7404/test_real_unmerged_branch_not_0/repo')

    def test_real_unmerged_branch_not_detected(repo: Path):
        _make_feature(repo)  # nothing merged into main
&gt;       assert gsm.is_merged_into(_runner_for(repo), "feat", "main") is False
E       AssertionError: assert True is False
E        +  where True = &lt;function is_merged_into at 0x0000018D83E614E0&gt;(&lt;function _runner_for.&lt;locals&gt;.run at 0x0000018DA4A59A60&gt;, 'feat', 'main')
E        +    where &lt;function is_merged_into at 0x0000018D83E614E0&gt; = gsm.is_merged_into
E        +    and   &lt;function _runner_for.&lt;locals&gt;.run at 0x0000018DA4A59A60&gt; = _runner_for(WindowsPath('C:/Users/Jonathan/AppData/Local/Temp/pytest-of-Jonathan/pytest-7404/test_real_unmerged_branch_not_0/repo'))

tests\test_git_squash_merge.py:147: AssertionError</failure></testcase><testcase classname="tests.test_git_squash_merge" name="test_real_ff_and_merge_commit_detected" file="tests\test_git_squash_merge.py" line="149" time="0.009" /><testcase classname="tests.test_git_squash_merge" name="test_real_squash_then_extra_commit_not_fully_merged" file="tests\test_git_squash_merge.py" line="155" time="0.009"><failure message="AssertionError: assert True is False&#10; +  where True = &lt;function is_merged_into at 0x0000018D83E614E0&gt;(&lt;function _runner_for.&lt;locals&gt;.run at 0x0000018DA4A5A400&gt;, 'feat', 'main')&#10; +    where &lt;function is_merged_into at 0x0000018D83E614E0&gt; = gsm.is_merged_into&#10; +    and   &lt;function _runner_for.&lt;locals&gt;.run at 0x0000018DA4A5A400&gt; = _runner_for(WindowsPath('C:/Users/Jonathan/AppData/Local/Temp/pytest-of-Jonathan/pytest-7404/test_real_squash_then_extra_co0/repo'))">repo = WindowsPath('C:/Users/Jonathan/AppData/Local/Temp/pytest-of-Jonathan/pytest-7404/test_real_squash_then_extra_co0/repo')

    def test_real_squash_then_extra_commit_not_fully_merged(repo: Path):
        _make_feature(repo)
        _git(repo, "merge", "--squash", "feat")
        _git(repo, "commit", "-q", "-m", "squashed feat (#1)")
        # New work lands on feat after the squash — branch is no longer fully merged.
        _git(repo, "checkout", "-q", "feat")
        (repo / "c.txt").write_text("post-merge work\n", encoding="utf-8")
        _git(repo, "add", "-A")
        _git(repo, "commit", "-q", "-m", "feat 3")
        _git(repo, "checkout", "-q", "main")
&gt;       assert gsm.is_merged_into(_runner_for(repo), "feat", "main") is False
E       AssertionError: assert True is False
E        +  where True = &lt;function is_merged_into at 0x0000018D83E614E0&gt;(&lt;function _runner_for.&lt;locals&gt;.run at 0x0000018DA4A5A400&gt;, 'feat', 'main')
E        +    where &lt;function is_merged_into at 0x0000018D83E614E0&gt; = gsm.is_merged_into
E        +    and   &lt;function _runner_for.&lt;locals&gt;.run at 0x0000018DA4A5A400&gt; = _runner_for(WindowsPath('C:/Users/Jonathan/AppData/Local/Temp/pytest-of-Jonathan/pytest-7404/test_real_squash_then_extra_co0/repo'))

tests\test_git_squash_merge.py:166: AssertionError</failure></testcase><testcase classname="tests.test_github_merge_effector" name="test_missing_authorization_fails_before_github" file="tests\test_github_merge_effector.py" line="68" time="0.001" /><testcase classname="tests.test_github_merge_effector" name="test_head_sha_mismatch_refuses_stale_authorization" file="tests\test_github_merge_effector.py" line="78" time="0.001" /><testcase classname="tests.test_github_merge_effector" name="test_github_branch_protection_block_is_fail_closed" file="tests\test_github_merge_effector.py" line="91" time="0.001" /><testcase classname="tests.test_github_merge_effector" name="test_successful_merge_is_bound_to_expected_head_sha" file="tests\test_github_merge_effector.py" line="107" time="0.001" /><testcase classname="tests.test_github_merge_effector" name="test_missing_capability_returns_dry_run" file="tests\test_github_merge_effector.py" line="124" time="0.001" /><testcase classname="tests.test_github_merge_effector" name="test_vault_capability_overrides_env_when_base_path_is_bound" file="tests\test_github_merge_effector.py" line="134" time="0.010" /><testcase classname="tests.test_github_merge_effector" name="test_operator_kill_switch_returns_dry_run" file="tests\test_github_merge_effector.py" line="167" time="0.001" /><testcase classname="tests.test_github_merge_effector" name="test_package_run_effects_dispatches_github_merge" file="tests\test_github_merge_effector.py" line="177" time="0.001" /><testcase classname="tests.test_github_pr_edits_json" name="test_apply_blocks_single_replace" file="tests\test_github_pr_edits_json.py" line="81" time="0.001" /><testcase classname="tests.test_github_pr_edits_json" name="test_apply_blocks_ordered_sequential" file="tests\test_github_pr_edits_json.py" line="89" time="0.001" /><testcase classname="tests.test_github_pr_edits_json" name="test_apply_blocks_not_found" file="tests\test_github_pr_edits_json.py" line="97" time="0.000" /><testcase classname="tests.test_github_pr_edits_json" name="test_apply_blocks_not_unique" file="tests\test_github_pr_edits_json.py" line="102" time="0.000" /><testcase classname="tests.test_github_pr_edits_json" name="test_apply_blocks_invalid_shape" file="tests\test_github_pr_edits_json.py" line="109" time="0.000" /><testcase classname="tests.test_github_pr_edits_json" name="test_edits_happy_builds_branch_with_edited_content" file="tests\test_github_pr_edits_json.py" line="119" time="0.001" /><testcase classname="tests.test_github_pr_edits_json" name="test_edits_only_no_changes_json_is_allowed" file="tests\test_github_pr_edits_json.py" line="133" time="0.001" /><testcase classname="tests.test_github_pr_edits_json" name="test_edit_target_missing_maps_to_distinct_kind" file="tests\test_github_pr_edits_json.py" line="141" time="0.001" /><testcase classname="tests.test_github_pr_edits_json" name="test_edit_search_not_found_fails_closed" file="tests\test_github_pr_edits_json.py" line="151" time="0.000" /><testcase classname="tests.test_github_pr_edits_json" name="test_edit_search_not_unique_fails_closed" file="tests\test_github_pr_edits_json.py" line="159" time="0.001" /><testcase classname="tests.test_github_pr_edits_json" name="test_edit_fetch_scope_denied_maps_to_contents_write" file="tests\test_github_pr_edits_json.py" line="168" time="0.000" /><testcase classname="tests.test_github_pr_edits_json" name="test_path_in_both_changes_and_edits_rejected" file="tests\test_github_pr_edits_json.py" line="178" time="0.000" /><testcase classname="tests.test_github_pr_edits_json" name="test_neither_changes_nor_edits_is_missing_changes" file="tests\test_github_pr_edits_json.py" line="188" time="0.000" /><testcase classname="tests.test_github_pr_edits_json" name="test_changes_json_still_works_alongside_edits" file="tests\test_github_pr_edits_json.py" line="193" time="0.001" /><testcase classname="tests.test_github_pr_materialize_branch" name="test_happy_path_builds_branch" file="tests\test_github_pr_materialize_branch.py" line="81" time="0.001" /><testcase classname="tests.test_github_pr_materialize_branch" name="test_api_call_order" file="tests\test_github_pr_materialize_branch.py" line="93" time="0.001" /><testcase classname="tests.test_github_pr_materialize_branch" name="test_base_tree_passed_to_tree_create" file="tests\test_github_pr_materialize_branch.py" line="109" time="0.000" /><testcase classname="tests.test_github_pr_materialize_branch" name="test_commit_parents_on_base_commit" file="tests\test_github_pr_materialize_branch.py" line="121" time="0.001" /><testcase classname="tests.test_github_pr_materialize_branch" name="test_deletion_emits_null_sha_entry_without_blob" file="tests\test_github_pr_materialize_branch.py" line="130" time="0.001" /><testcase classname="tests.test_github_pr_materialize_branch" name="test_mirror_path_for_mapping" file="tests\test_github_pr_materialize_branch.py" line="145" time="0.001" /><testcase classname="tests.test_github_pr_materialize_branch" name="test_workflow_path_is_mirrored_to_plugin_runtime" file="tests\test_github_pr_materialize_branch.py" line="156" time="0.001" /><testcase classname="tests.test_github_pr_materialize_branch" name="test_workflow_delete_mirrors_as_delete" file="tests\test_github_pr_materialize_branch.py" line="169" time="0.001" /><testcase classname="tests.test_github_pr_materialize_branch" name="test_non_workflow_path_not_mirrored" file="tests\test_github_pr_materialize_branch.py" line="180" time="0.001" /><testcase classname="tests.test_github_pr_materialize_branch" name="test_explicit_mirror_edit_not_overwritten" file="tests\test_github_pr_materialize_branch.py" line="188" time="0.000" /><testcase classname="tests.test_github_pr_materialize_branch" name="test_missing_changes_fails_loudly" file="tests\test_github_pr_materialize_branch.py" line="200" time="0.000" /><testcase classname="tests.test_github_pr_materialize_branch" name="test_missing_head_branch" file="tests\test_github_pr_materialize_branch.py" line="205" time="0.000" /><testcase classname="tests.test_github_pr_materialize_branch" name="test_invalid_changes_non_string_value" file="tests\test_github_pr_materialize_branch.py" line="210" time="0.000" /><testcase classname="tests.test_github_pr_materialize_branch" name="test_invalid_destination" file="tests\test_github_pr_materialize_branch.py" line="215" time="0.000" /><testcase classname="tests.test_github_pr_materialize_branch" name="test_base_ref_lookup_failure" file="tests\test_github_pr_materialize_branch.py" line="228" time="0.000" /><testcase classname="tests.test_github_pr_materialize_branch" name="test_blob_create_scope_denied_maps_to_contents_write" file="tests\test_github_pr_materialize_branch.py" line="240" time="0.000" /><testcase classname="tests.test_github_pr_materialize_branch" name="test_tree_create_failure_distinct_error_kind" file="tests\test_github_pr_materialize_branch.py" line="251" time="0.001" /><testcase classname="tests.test_github_pr_materialize_branch" name="test_head_ref_conflict_when_existing_tree_differs" file="tests\test_github_pr_materialize_branch.py" line="261" time="0.000" /><testcase classname="tests.test_github_pr_materialize_branch" name="test_idempotent_reuse_when_existing_tree_matches" file="tests\test_github_pr_materialize_branch.py" line="281" time="0.001" /><testcase classname="tests.test_github_pr_reconciliation" name="test_effect_identity_is_closed_canonical_and_secret_free" file="tests\test_github_pr_reconciliation.py" line="61" time="0.001" /><testcase classname="tests.test_github_pr_reconciliation" name="test_effect_identity_rejects_invalid_or_open_fields[universe_id-]" file="tests\test_github_pr_reconciliation.py" line="76" time="0.001" /><testcase classname="tests.test_github_pr_reconciliation" name="test_effect_identity_rejects_invalid_or_open_fields[automation_id- automation-7]" file="tests\test_github_pr_reconciliation.py" line="76" time="0.001" /><testcase classname="tests.test_github_pr_reconciliation" name="test_effect_identity_rejects_invalid_or_open_fields[claim_id-x\nclaim]" file="tests\test_github_pr_reconciliation.py" line="76" time="0.001" /><testcase classname="tests.test_github_pr_reconciliation" name="test_effect_identity_rejects_invalid_or_open_fields[repository-not-a-repository]" file="tests\test_github_pr_reconciliation.py" line="76" time="0.001" /><testcase classname="tests.test_github_pr_reconciliation" name="test_effect_identity_rejects_invalid_or_open_fields[repository-../repo]" file="tests\test_github_pr_reconciliation.py" line="76" time="0.001" /><testcase classname="tests.test_github_pr_reconciliation" name="test_effect_identity_rejects_invalid_or_open_fields[repository-owner/..]" file="tests\test_github_pr_reconciliation.py" line="76" time="0.001" /><testcase classname="tests.test_github_pr_reconciliation" name="test_effect_identity_rejects_invalid_or_open_fields[repository-./repo]" file="tests\test_github_pr_reconciliation.py" line="76" time="0.001" /><testcase classname="tests.test_github_pr_reconciliation" name="test_effect_identity_rejects_invalid_or_open_fields[repository-owner/.]" file="tests\test_github_pr_reconciliation.py" line="76" time="0.001" /><testcase classname="tests.test_github_pr_reconciliation" name="test_effect_identity_rejects_invalid_or_open_fields[intended_head_sha-abc]" file="tests\test_github_pr_reconciliation.py" line="76" time="0.001" /><testcase classname="tests.test_github_pr_reconciliation" name="test_effect_identity_rejects_invalid_or_open_fields[effect_kind-github_issue]" file="tests\test_github_pr_reconciliation.py" line="76" time="0.001" /><testcase classname="tests.test_github_pr_reconciliation" name="test_body_marker_append_is_idempotent_and_rejects_conflicting_marker" file="tests\test_github_pr_reconciliation.py" line="96" time="0.001" /><testcase classname="tests.test_github_pr_reconciliation" name="test_body_marker_append_rejects_expected_plus_malformed_reserved_marker" file="tests\test_github_pr_reconciliation.py" line="107" time="0.001" /><testcase classname="tests.test_github_pr_reconciliation" name="test_exact_commit_marker_and_repository_match_reconciles_success" file="tests\test_github_pr_reconciliation.py" line="117" time="0.001" /><testcase classname="tests.test_github_pr_reconciliation" name="test_authoritative_empty_commit_association_is_terminal_absence" file="tests\test_github_pr_reconciliation.py" line="150" time="0.001" /><testcase classname="tests.test_github_pr_reconciliation" name="test_full_page_is_indeterminate_without_pagination_proof" file="tests\test_github_pr_reconciliation.py" line="162" time="0.001" /><testcase classname="tests.test_github_pr_reconciliation" name="test_partial_or_multiple_matches_are_indeterminate[&lt;lambda&gt;0]" file="tests\test_github_pr_reconciliation.py" line="175" time="0.001" /><testcase classname="tests.test_github_pr_reconciliation" name="test_partial_or_multiple_matches_are_indeterminate[&lt;lambda&gt;1]" file="tests\test_github_pr_reconciliation.py" line="175" time="0.001" /><testcase classname="tests.test_github_pr_reconciliation" name="test_partial_or_multiple_matches_are_indeterminate[&lt;lambda&gt;2]" file="tests\test_github_pr_reconciliation.py" line="175" time="0.001" /><testcase classname="tests.test_github_pr_reconciliation" name="test_partial_or_multiple_matches_are_indeterminate[&lt;lambda&gt;3]" file="tests\test_github_pr_reconciliation.py" line="175" time="0.001" /><testcase classname="tests.test_github_pr_reconciliation" name="test_partial_or_multiple_matches_are_indeterminate[&lt;lambda&gt;4]" file="tests\test_github_pr_reconciliation.py" line="175" time="0.001" /><testcase classname="tests.test_github_pr_reconciliation" name="test_partial_or_multiple_matches_are_indeterminate[&lt;lambda&gt;5]" file="tests\test_github_pr_reconciliation.py" line="175" time="0.001" /><testcase classname="tests.test_github_pr_reconciliation" name="test_partial_or_multiple_matches_are_indeterminate[&lt;lambda&gt;6]" file="tests\test_github_pr_reconciliation.py" line="175" time="0.001" /><testcase classname="tests.test_github_pr_reconciliation" name="test_destination_failures_and_malformed_results_hold_without_leaking_details[None-error0-destination_unavailable]" file="tests\test_github_pr_reconciliation.py" line="234" time="0.001" /><testcase classname="tests.test_github_pr_reconciliation" name="test_destination_failures_and_malformed_results_hold_without_leaking_details[response1-None-destination_malformed]" file="tests\test_github_pr_reconciliation.py" line="234" time="0.001" /><testcase classname="tests.test_github_pr_reconciliation" name="test_destination_failures_and_malformed_results_hold_without_leaking_details[response2-None-destination_malformed]" file="tests\test_github_pr_reconciliation.py" line="234" time="0.001" /><testcase classname="tests.test_github_pr_reconciliation" name="test_proxy_destination_must_match_the_server_authored_repository" file="tests\test_github_pr_reconciliation.py" line="263" time="0.001" /><testcase classname="tests.test_github_pr_reconciliation" name="test_reconciler_rejects_branch_authored_mapping_instead_of_minting_identity" file="tests\test_github_pr_reconciliation.py" line="275" time="0.001" /><testcase classname="tests.test_github_read_repo_files" name="test_happy_read_returns_contents_and_present_status" file="tests\test_github_read_repo_files.py" line="51" time="0.001" /><testcase classname="tests.test_github_read_repo_files" name="test_missing_file_is_null_not_error" file="tests\test_github_read_repo_files.py" line="62" time="0.001" /><testcase classname="tests.test_github_read_repo_files" name="test_denied_maps_to_scope_signal" file="tests\test_github_read_repo_files.py" line="72" time="0.001" /><testcase classname="tests.test_github_read_repo_files" name="test_absolute_and_traversal_paths_rejected" file="tests\test_github_read_repo_files.py" line="84" time="0.001" /><testcase classname="tests.test_github_read_repo_files" name="test_encoded_traversal_and_backslash_paths_rejected" file="tests\test_github_read_repo_files.py" line="98" time="0.001" /><testcase classname="tests.test_github_read_repo_files" name="test_read_request_quotes_path_component" file="tests\test_github_read_repo_files.py" line="118" time="0.001" /><testcase classname="tests.test_github_read_repo_files" name="test_directory_type_rejected" file="tests\test_github_read_repo_files.py" line="153" time="0.001" /><testcase classname="tests.test_github_read_repo_files" name="test_too_large_by_size_returns_null" file="tests\test_github_read_repo_files.py" line="162" time="0.001" /><testcase classname="tests.test_github_read_repo_files" name="test_file_count_cap_truncates_extras" file="tests\test_github_read_repo_files.py" line="177" time="0.001" /><testcase classname="tests.test_github_read_repo_files" name="test_total_byte_cap_truncates" file="tests\test_github_read_repo_files.py" line="193" time="0.001" /><testcase classname="tests.test_github_read_repo_files" name="test_invalid_destination" file="tests\test_github_read_repo_files.py" line="208" time="0.001" /><testcase classname="tests.test_github_read_repo_files" name="test_no_target_paths" file="tests\test_github_read_repo_files.py" line="215" time="0.000" /><testcase classname="tests.test_github_read_repo_files" name="test_json_array_paths_parsed" file="tests\test_github_read_repo_files.py" line="220" time="0.001" /><testcase classname="tests.test_github_read_repo_files" name="test_read_token_uses_separate_map_not_write_map" file="tests\test_github_read_repo_files.py" line="230" time="0.001" /><testcase classname="tests.test_github_read_repo_files" name="test_read_token_resolved_from_read_map" file="tests\test_github_read_repo_files.py" line="240" time="0.001" /><testcase classname="tests.test_github_read_repo_files" name="test_registration_resolves_in_domain_registry" file="tests\test_github_read_repo_files.py" line="249" time="0.001"><failure message="AssertionError: assert None is &lt;function read_repo_files at 0x0000018D84661430&gt;&#10; +  where None = &lt;function resolve_domain_callable at 0x0000018D83802AE0&gt;('workflow', 'read_repo_files')&#10; +  and   &lt;function read_repo_files at 0x0000018D84661430&gt; = gr.read_repo_files">def test_registration_resolves_in_domain_registry():
        from tinyassets.domain_registry import resolve_domain_callable
    
        gr.register_read_repo_files()
&gt;       assert resolve_domain_callable("workflow", "read_repo_files") is gr.read_repo_files
E       AssertionError: assert None is &lt;function read_repo_files at 0x0000018D84661430&gt;
E        +  where None = &lt;function resolve_domain_callable at 0x0000018D83802AE0&gt;('workflow', 'read_repo_files')
E        +  and   &lt;function read_repo_files at 0x0000018D84661430&gt; = gr.read_repo_files

tests\test_github_read_repo_files.py:254: AssertionError</failure></testcase><testcase classname="tests.test_github_search_repo_files" name="test_happy_substring_match_and_ranking" file="tests\test_github_search_repo_files.py" line="62" time="0.001" /><testcase classname="tests.test_github_search_repo_files" name="test_exact_path_term_outranks_basename_flood" file="tests\test_github_search_repo_files.py" line="80" time="0.001" /><testcase classname="tests.test_github_search_repo_files" name="test_path_suffix_term_ranks_above_basename" file="tests\test_github_search_repo_files.py" line="95" time="0.001" /><testcase classname="tests.test_github_search_repo_files" name="test_rank_exact_path_beats_suffix_beats_basename" file="tests\test_github_search_repo_files.py" line="106" time="0.000" /><testcase classname="tests.test_github_search_repo_files" name="test_dotted_module_matches_slash_path" file="tests\test_github_search_repo_files.py" line="116" time="0.001" /><testcase classname="tests.test_github_search_repo_files" name="test_glob_term_matches" file="tests\test_github_search_repo_files.py" line="126" time="0.001" /><testcase classname="tests.test_github_search_repo_files" name="test_default_branch_resolved_when_ref_empty" file="tests\test_github_search_repo_files.py" line="143" time="0.001" /><testcase classname="tests.test_github_search_repo_files" name="test_explicit_ref_skips_repo_lookup" file="tests\test_github_search_repo_files.py" line="153" time="0.001" /><testcase classname="tests.test_github_search_repo_files" name="test_result_cap_truncates" file="tests\test_github_search_repo_files.py" line="165" time="0.001" /><testcase classname="tests.test_github_search_repo_files" name="test_no_match_returns_empty" file="tests\test_github_search_repo_files.py" line="179" time="0.001" /><testcase classname="tests.test_github_search_repo_files" name="test_tree_denied_maps_to_scope_signal" file="tests\test_github_search_repo_files.py" line="191" time="0.000" /><testcase classname="tests.test_github_search_repo_files" name="test_ref_unresolved_when_repo_lookup_fails" file="tests\test_github_search_repo_files.py" line="200" time="0.001" /><testcase classname="tests.test_github_search_repo_files" name="test_invalid_destination" file="tests\test_github_search_repo_files.py" line="208" time="0.001" /><testcase classname="tests.test_github_search_repo_files" name="test_no_query" file="tests\test_github_search_repo_files.py" line="215" time="0.000" /><testcase classname="tests.test_github_search_repo_files" name="test_falls_back_to_read_destination" file="tests\test_github_search_repo_files.py" line="220" time="0.001" /><testcase classname="tests.test_github_search_repo_files" name="test_search_token_uses_read_map_not_write_map" file="tests\test_github_search_repo_files.py" line="229" time="0.001" /><testcase classname="tests.test_github_search_repo_files" name="test_search_token_resolved_from_read_map" file="tests\test_github_search_repo_files.py" line="238" time="0.001" /><testcase classname="tests.test_github_search_repo_files" name="test_registration_resolves_in_domain_registry" file="tests\test_github_search_repo_files.py" line="247" time="0.001"><failure message="AssertionError: assert None is &lt;function search_repo_files at 0x0000018D846621F0&gt;&#10; +  where None = &lt;function resolve_domain_callable at 0x0000018D83802AE0&gt;('workflow', 'search_repo_files')&#10; +  and   &lt;function search_repo_files at 0x0000018D846621F0&gt; = gs.search_repo_files">def test_registration_resolves_in_domain_registry():
        from tinyassets.domain_registry import resolve_domain_callable
    
        gs.register_search_repo_files()
&gt;       assert resolve_domain_callable("workflow", "search_repo_files") is gs.search_repo_files
E       AssertionError: assert None is &lt;function search_repo_files at 0x0000018D846621F0&gt;
E        +  where None = &lt;function resolve_domain_callable at 0x0000018D83802AE0&gt;('workflow', 'search_repo_files')
E        +  and   &lt;function search_repo_files at 0x0000018D846621F0&gt; = gs.search_repo_files

tests\test_github_search_repo_files.py:252: AssertionError</failure></testcase><testcase classname="tests.test_github_secret_vending" name="test_load_secret_map_parses_json_object" file="tests\test_github_secret_vending.py" line="49" time="0.001" /><testcase classname="tests.test_github_secret_vending" name="test_load_secret_map_unset_returns_empty" file="tests\test_github_secret_vending.py" line="58" time="0.001" /><testcase classname="tests.test_github_secret_vending" name="test_load_secret_map_malformed_json_returns_empty" file="tests\test_github_secret_vending.py" line="62" time="0.001" /><testcase classname="tests.test_github_secret_vending" name="test_load_secret_map_non_object_returns_empty" file="tests\test_github_secret_vending.py" line="67" time="0.001" /><testcase classname="tests.test_github_secret_vending" name="test_load_secret_map_strips_and_drops_empty_entries" file="tests\test_github_secret_vending.py" line="73" time="0.001" /><testcase classname="tests.test_github_secret_vending" name="test_vend_push_uses_canonical_env" file="tests\test_github_secret_vending.py" line="93" time="0.001" /><testcase classname="tests.test_github_secret_vending" name="test_vend_push_falls_back_to_legacy_env" file="tests\test_github_secret_vending.py" line="105" time="0.001" /><testcase classname="tests.test_github_secret_vending" name="test_vend_push_canonical_env_wins_over_legacy" file="tests\test_github_secret_vending.py" line="115" time="0.001" /><testcase classname="tests.test_github_secret_vending" name="test_vend_read_uses_read_env_only" file="tests\test_github_secret_vending.py" line="129" time="0.001" /><testcase classname="tests.test_github_secret_vending" name="test_vend_missing_destination_returns_empty_token" file="tests\test_github_secret_vending.py" line="144" time="0.001" /><testcase classname="tests.test_github_secret_vending" name="test_vend_empty_destination_returns_empty_token" file="tests\test_github_secret_vending.py" line="153" time="0.000" /><testcase classname="tests.test_github_secret_vending" name="test_vend_unknown_capability_returns_empty_token" file="tests\test_github_secret_vending.py" line="158" time="0.001" /><testcase classname="tests.test_github_secret_vending" name="test_read_capability_uses_push_env_when_no_universe" file="tests\test_github_secret_vending.py" line="173" time="0.001" /><testcase classname="tests.test_github_secret_vending" name="test_read_capability_legacy_env_still_works" file="tests\test_github_secret_vending.py" line="181" time="0.001" /><testcase classname="tests.test_github_secret_vending" name="test_read_capability_vault_beats_env" file="tests\test_github_secret_vending.py" line="190" time="0.011" /><testcase classname="tests.test_github_secret_vending" name="test_read_capability_empty_vault_blocks_env" file="tests\test_github_secret_vending.py" line="210" time="0.011" /><testcase classname="tests.test_github_secret_vending" name="test_read_capability_empty_destination_returns_empty" file="tests\test_github_secret_vending.py" line="220" time="0.001" /><testcase classname="tests.test_goal_canonicals" name="test_goal_canonicals_schema_has_exact_columns_and_composite_key" file="tests\test_goal_canonicals.py" line="72" time="0.063" /><testcase classname="tests.test_goal_canonicals" name="test_default_write_updates_new_table_and_legacy_column" file="tests\test_goal_canonicals.py" line="90" time="0.124" /><testcase classname="tests.test_goal_canonicals" name="test_personal_storage_rejects_empty_scope_to_protect_default_dual_write" file="tests\test_goal_canonicals.py" line="115" time="0.111" /><testcase classname="tests.test_goal_canonicals" name="test_personal_canonicals_coexist_and_resolve_without_changing_default" file="tests\test_goal_canonicals.py" line="143" time="0.206" /><testcase classname="tests.test_goal_canonicals" name="test_personal_overwrite_and_unset_falls_back_to_default" file="tests\test_goal_canonicals.py" line="196" time="0.232" /><testcase classname="tests.test_goal_canonicals" name="test_resolution_falls_back_to_legacy_when_new_table_has_no_rows" file="tests\test_goal_canonicals.py" line="242" time="0.104" /><testcase classname="tests.test_goal_canonicals" name="test_migration_backfills_legacy_default_idempotently" file="tests\test_goal_canonicals.py" line="259" time="0.120" /><testcase classname="tests.test_goal_canonicals" name="test_action_allows_actor_to_set_only_their_personal_scope" file="tests\test_goal_canonicals.py" line="285" time="0.152" /><testcase classname="tests.test_goal_canonicals" name="test_action_rejects_anonymous_personal_scope_in_optional_auth_mode" file="tests\test_goal_canonicals.py" line="323" time="0.100" /><testcase classname="tests.test_goal_canonicals" name="test_action_rejects_cross_actor_scope_even_for_goal_author" file="tests\test_goal_canonicals.py" line="353" time="0.100" /><testcase classname="tests.test_goal_canonicals" name="test_action_keeps_default_authority_restricted" file="tests\test_goal_canonicals.py" line="383" time="0.104" /><testcase classname="tests.test_goal_canonicals" name="test_goal_get_returns_current_actors_resolved_canonical" file="tests\test_goal_canonicals.py" line="409" time="0.142" /><testcase classname="tests.test_goal_canonicals" name="test_run_canonical_routes_personal_binding_to_immutable_runner" file="tests\test_goal_canonicals.py" line="439" time="0.142" /><testcase classname="tests.test_goal_canonicals" name="test_run_resolution_uses_new_table_default_before_legacy" file="tests\test_goal_canonicals.py" line="483" time="0.124" /><testcase classname="tests.test_goal_canonicals_migration" name="test_migration_011_defines_actor_scoped_goal_canonicals" file="tests\test_goal_canonicals_migration.py" line="17" time="0.013" /><testcase classname="tests.test_goal_pool" name="test_register_branch_task_producer_appends_and_lists" file="tests\test_goal_pool.py" line="174" time="0.001" /><testcase classname="tests.test_goal_pool" name="test_register_duplicate_name_replaces_prior" file="tests\test_goal_pool.py" line="180" time="0.001" /><testcase classname="tests.test_goal_pool" name="test_run_branch_task_producers_empty_registry_returns_empty" file="tests\test_goal_pool.py" line="190" time="0.008" /><testcase classname="tests.test_goal_pool" name="test_run_branch_task_producers_swallows_producer_exception" file="tests\test_goal_pool.py" line="198" time="0.007" /><testcase classname="tests.test_goal_pool" name="test_goal_pool_empty_dir_returns_empty" file="tests\test_goal_pool.py" line="223" time="0.014" /><testcase classname="tests.test_goal_pool" name="test_goal_pool_malformed_yaml_skipped_with_warning" file="tests\test_goal_pool.py" line="231" time="0.024" /><testcase classname="tests.test_goal_pool" name="test_goal_pool_rejects_universe_path_in_inputs" file="tests\test_goal_pool.py" line="246" time="0.023" /><testcase classname="tests.test_goal_pool" name="test_goal_pool_rejects_missing_required_fields" file="tests\test_goal_pool.py" line="258" time="0.021" /><testcase classname="tests.test_goal_pool" name="test_goal_pool_valid_task_emits_branch_task" file="tests\test_goal_pool.py" line="272" time="0.073" /><testcase classname="tests.test_goal_pool" name="test_goal_pool_emits_goal_ladder_rung_claim_recommendations" file="tests\test_goal_pool.py" line="285" time="0.091" /><testcase classname="tests.test_goal_pool" name="test_goal_pool_rescan_idempotency" file="tests\test_goal_pool.py" line="341" time="0.122" /><testcase classname="tests.test_goal_pool" name="test_goal_pool_unresolved_branch_slug_skipped" file="tests\test_goal_pool.py" line="357" time="0.028" /><testcase classname="tests.test_goal_pool" name="test_accessible_branch_slugs_do_not_inject_fantasy_by_default" file="tests\test_goal_pool.py" line="374" time="0.015" /><testcase classname="tests.test_goal_pool" name="test_goal_pool_accepts_registered_fantasy_seed" file="tests\test_goal_pool.py" line="384" time="0.099" /><testcase classname="tests.test_goal_pool" name="test_goal_pool_skips_fantasy_seed_when_unregistered" file="tests\test_goal_pool.py" line="399" time="0.030" /><testcase classname="tests.test_goal_pool" name="test_goal_pool_fails_open_when_no_accessible_slugs" file="tests\test_goal_pool.py" line="427" time="0.083" /><testcase classname="tests.test_goal_pool" name="test_goal_pool_mtime_cache_invalidation" file="tests\test_goal_pool.py" line="457" time="0.150" /><testcase classname="tests.test_goal_pool" name="test_fresh_install_returns_maintenance_default" file="tests\test_goal_pool.py" line="481" time="0.008" /><testcase classname="tests.test_goal_pool" name="test_subscribe_is_idempotent" file="tests\test_goal_pool.py" line="486" time="0.020" /><testcase classname="tests.test_goal_pool" name="test_unsubscribe_silent_on_missing" file="tests\test_goal_pool.py" line="493" time="0.008" /><testcase classname="tests.test_goal_pool" name="test_list_subscriptions_returns_current_set" file="tests\test_goal_pool.py" line="498" time="0.029" /><testcase classname="tests.test_goal_pool" name="test_list_subscriptions_mcp_drift_pool_enabled_no_subs" file="tests\test_goal_pool.py" line="506" time="0.080" /><testcase classname="tests.test_goal_pool" name="test_list_subscriptions_mcp_drift_subs_but_pool_disabled" file="tests\test_goal_pool.py" line="531" time="0.081" /><testcase classname="tests.test_goal_pool" name="test_post_to_goal_pool_valid_writes_yaml" file="tests\test_goal_pool.py" line="571" time="0.012" /><testcase classname="tests.test_goal_pool" name="test_post_to_goal_pool_response_has_git_push_hint" file="tests\test_goal_pool.py" line="584" time="0.012" /><testcase classname="tests.test_goal_pool" name="test_post_to_goal_pool_priority_capability_weight_persists" file="tests\test_goal_pool.py" line="598" time="0.021" /><testcase classname="tests.test_goal_pool" name="test_post_to_goal_pool_missing_priority_capability_weight_clamped" file="tests\test_goal_pool.py" line="617" time="0.020" /><testcase classname="tests.test_goal_pool" name="test_post_to_goal_pool_rejects_universe_path_in_inputs" file="tests\test_goal_pool.py" line="637" time="0.009" /><testcase classname="tests.test_goal_pool" name="test_flag_matrix_f_off_mcp_post_returns_not_available" file="tests\test_goal_pool.py" line="656" time="0.007" /><testcase classname="tests.test_goal_pool" name="test_flag_matrix_f_on_pool_producer_registers" file="tests\test_goal_pool.py" line="677" time="0.001" /><testcase classname="tests.test_goal_pool" name="test_flag_matrix_f_off_pool_producer_does_not_register" file="tests\test_goal_pool.py" line="688" time="0.001" /><testcase classname="tests.test_goal_pool" name="test_flag_matrix_d_off_e_on_f_on_staging" file="tests\test_goal_pool.py" line="698" time="0.096" /><testcase classname="tests.test_goal_pool" name="test_flag_matrix_default_off_state" file="tests\test_goal_pool.py" line="724" time="0.001" /><testcase classname="tests.test_goal_pool" name="test_wire_up_try_pick_returns_none_when_queue_empty" file="tests\test_goal_pool.py" line="735" time="0.009" /><testcase classname="tests.test_goal_pool" name="test_wire_up_try_pick_claims_pending_task" file="tests\test_goal_pool.py" line="747" time="0.030" /><testcase classname="tests.test_goal_pool" name="test_wire_up_cancel_during_claim_race" file="tests\test_goal_pool.py" line="778" time="0.033" /><testcase classname="tests.test_goal_pool" name="test_wire_up_flag_off_returns_none" file="tests\test_goal_pool.py" line="812" time="0.011" /><testcase classname="tests.test_goal_pool" name="test_wire_up_finalize_marks_succeeded" file="tests\test_goal_pool.py" line="828" time="0.031" /><testcase classname="tests.test_goal_pool" name="test_invariant_1_flat_dict_isolation" file="tests\test_goal_pool.py" line="853" time="0.010" /><testcase classname="tests.test_goal_pool" name="test_invariant_2_registry_separation" file="tests\test_goal_pool.py" line="871" time="0.001" /><testcase classname="tests.test_goal_pool" name="test_invariant_3_producer_boundary_separation" file="tests\test_goal_pool.py" line="881" time="0.010" /><testcase classname="tests.test_goal_pool" name="test_invariant_5_subscribe_post_pick_roundtrip" file="tests\test_goal_pool.py" line="925" time="0.078" /><testcase classname="tests.test_goal_pool" name="test_invariant_9_write_scoping_poster_unchanged" file="tests\test_goal_pool.py" line="954" time="0.010" /><testcase classname="tests.test_goal_pool" name="test_invariant_10_fresh_install_default" file="tests\test_goal_pool.py" line="977" time="0.008" /><testcase classname="tests.test_goal_pool" name="test_r13_double_execution_risk_visible_not_hidden" file="tests\test_goal_pool.py" line="988" time="0.095" /><testcase classname="tests.test_goal_pool" name="test_repo_root_env_var_takes_precedence" file="tests\test_goal_pool.py" line="1029" time="0.008" /><testcase classname="tests.test_goal_pool" name="test_repo_root_raises_when_unresolvable" file="tests\test_goal_pool.py" line="1038" time="0.009" /><testcase classname="tests.test_goal_pool" name="test_idempotent_append_via_dispatcher" file="tests\test_goal_pool.py" line="1055" time="0.089" /><testcase classname="tests.test_goal_pool" name="test_subscribe_unsubscribe_when_pool_flag_off_returns_not_available" file="tests\test_goal_pool.py" line="1074" time="0.009" /><testcase classname="tests.test_goals_discoverability" name="test_goals_tool_is_registered_callable" file="tests\test_goals_discoverability.py" line="26" time="0.074" /><testcase classname="tests.test_goals_discoverability" name="test_all_deprecated_tools_remain_callable_during_migration" file="tests\test_goals_discoverability.py" line="34" time="0.074" /><testcase classname="tests.test_goals_discoverability" name="test_control_station_mentions_every_advertised_handle_by_name" file="tests\test_goals_discoverability.py" line="44" time="0.074" /><testcase classname="tests.test_goals_discoverability" name="test_control_station_has_tool_catalog_section" file="tests\test_goals_discoverability.py" line="55" time="0.077" /><testcase classname="tests.test_goals_discoverability" name="test_control_station_routes_intent_to_goals" file="tests\test_goals_discoverability.py" line="67" time="0.076" /><testcase classname="tests.test_goals_discoverability" name="test_control_station_enumerate_directive_is_explicit" file="tests\test_goals_discoverability.py" line="78" time="0.078" /><testcase classname="tests.test_goals_discoverability" name="test_goals_docstring_leads_with_user_intent" file="tests\test_goals_discoverability.py" line="92" time="0.077" /><testcase classname="tests.test_goals_ladder_shape" name="test_goals_get_returns_gate_ladder_in_structured_form" file="tests\test_goals_ladder_shape.py" line="102" time="0.155" /><testcase classname="tests.test_goals_ladder_shape" name="test_goals_get_returns_empty_ladder_when_undefined" file="tests\test_goals_ladder_shape.py" line="125" time="0.145" /><testcase classname="tests.test_goals_ladder_shape" name="test_gates_get_ladder_returns_same_shape" file="tests\test_goals_ladder_shape.py" line="136" time="0.172" /><testcase classname="tests.test_goals_ladder_shape" name="test_goal_branch_protocol_round_trips_ordered_handoffs" file="tests\test_goals_ladder_shape.py" line="147" time="0.262" /><testcase classname="tests.test_goals_ladder_shape" name="test_goal_branch_protocol_rejects_unbound_branch" file="tests\test_goals_ladder_shape.py" line="204" time="0.151" /><testcase classname="tests.test_goals_ladder_shape" name="test_goal_branch_protocol_rejects_bad_order" file="tests\test_goals_ladder_shape.py" line="221" time="0.172" /><testcase classname="tests.test_goals_ladder_shape" name="test_two_goals_can_have_independent_ladders" file="tests\test_goals_ladder_shape.py" line="247" time="0.186" /><testcase classname="tests.test_goals_ladder_shape" name="test_ladder_redefinition_replaces_rungs" file="tests\test_goals_ladder_shape.py" line="273" time="0.171" /><testcase classname="tests.test_goals_run_canonical" name="test_missing_goal_id_returns_rejected" file="tests\test_goals_run_canonical.py" line="217" time="0.126" /><testcase classname="tests.test_goals_run_canonical" name="test_no_canonical_set_auto_off_returns_no_canonical_handler" file="tests\test_goals_run_canonical.py" line="224" time="0.201" /><testcase classname="tests.test_goals_run_canonical" name="test_stored_canonical_dispatches_via_run_branch_version" file="tests\test_goals_run_canonical.py" line="240" time="0.225" /><testcase classname="tests.test_goals_run_canonical" name="test_dispatch_forwards_inputs_json_and_run_name" file="tests\test_goals_run_canonical.py" line="278" time="0.213" /><testcase classname="tests.test_goals_run_canonical" name="test_auto_on_refreshes_canonical_and_dispatches" file="tests\test_goals_run_canonical.py" line="313" time="0.383" /><testcase classname="tests.test_goals_run_canonical" name="test_auto_on_insufficient_runs_keeps_stored" file="tests\test_goals_run_canonical.py" line="374" time="0.319" /><testcase classname="tests.test_goals_run_canonical" name="test_auto_on_in_flight_defers_refresh" file="tests\test_goals_run_canonical.py" line="422" time="0.414" /><testcase classname="tests.test_goals_run_canonical" name="test_update_goal_accepts_auto_canonical_flag" file="tests\test_goals_run_canonical.py" line="482" time="0.185" /><testcase classname="tests.test_goals_run_canonical" name="test_update_goal_rejects_negative_threshold" file="tests\test_goals_run_canonical.py" line="509" time="0.171" /><testcase classname="tests.test_goals_search_multi_token" name="test_multi_token_query_returns_matching_goal" file="tests\test_goals_search_multi_token.py" line="47" time="0.084" /><testcase classname="tests.test_goals_search_multi_token" name="test_multi_token_query_matches_by_any_token" file="tests\test_goals_search_multi_token.py" line="60" time="0.083" /><testcase classname="tests.test_goals_search_multi_token" name="test_single_token_still_works" file="tests\test_goals_search_multi_token.py" line="76" time="0.083" /><testcase classname="tests.test_goals_search_multi_token" name="test_tag_match_contributes_to_results" file="tests\test_goals_search_multi_token.py" line="85" time="0.081" /><testcase classname="tests.test_goals_search_multi_token" name="test_description_match_contributes_to_results" file="tests\test_goals_search_multi_token.py" line="95" time="0.082" /><testcase classname="tests.test_goals_search_multi_token" name="test_space_separated_query_matches_hyphenated_field" file="tests\test_goals_search_multi_token.py" line="104" time="0.082" /><testcase classname="tests.test_goals_search_multi_token" name="test_hyphenated_query_matches_space_separated_field" file="tests\test_goals_search_multi_token.py" line="113" time="0.078" /><testcase classname="tests.test_goals_search_multi_token" name="test_empty_query_returns_empty_list" file="tests\test_goals_search_multi_token.py" line="122" time="0.078" /><testcase classname="tests.test_goals_search_multi_token" name="test_whitespace_only_query_returns_empty_list" file="tests\test_goals_search_multi_token.py" line="130" time="0.082" /><testcase classname="tests.test_goals_search_multi_token" name="test_unmatched_query_returns_empty_list" file="tests\test_goals_search_multi_token.py" line="137" time="0.087" /><testcase classname="tests.test_goals_search_multi_token" name="test_limit_is_respected" file="tests\test_goals_search_multi_token.py" line="144" time="0.089" /><testcase classname="tests.test_goals_search_multi_token" name="test_deleted_goals_excluded" file="tests\test_goals_search_multi_token.py" line="151" time="0.116" /><testcase classname="tests.test_goals_search_multi_token" name="test_higher_token_overlap_ranks_first" file="tests\test_goals_search_multi_token.py" line="165" time="0.109" /><testcase classname="tests.test_goals_search_multi_token" name="test_goals_action_search_multi_token" file="tests\test_goals_search_multi_token.py" line="187" time="0.069" /><testcase classname="tests.test_goals_set_selector" name="test_set_selector_action_in_goal_actions" file="tests\test_goals_set_selector.py" line="76" time="0.001" /><testcase classname="tests.test_goals_set_selector" name="test_set_selector_in_goal_write_actions" file="tests\test_goals_set_selector.py" line="81" time="0.001" /><testcase classname="tests.test_goals_set_selector" name="test_set_selector_by_goal_author_succeeds" file="tests\test_goals_set_selector.py" line="91" time="0.144"><failure message="KeyError: 'branch_def_id'">env = (&lt;module 'tinyassets.universe_server' from 'C:\\Users\\Jonathan\\Projects\\wf-required-test-gate\\tinyassets\\universe...dowsPath('C:/Users/Jonathan/AppData/Local/Temp/pytest-of-Jonathan/pytest-7404/test_set_selector_by_goal_auth0/output'))

    def test_set_selector_by_goal_author_succeeds(env):
        us, base = env
        gid = _seed_goal(us)
&gt;       bvid = _seed_published_branch(us, base)
               ^^^^^^^^^^^^^^^^^^^^^^^^^^^^^^^^

tests\test_goals_set_selector.py:95: 
_ _ _ _ _ _ _ _ _ _ _ _ _ _ _ _ _ _ _ _ _ _ _ _ _ _ _ _ _ _ _ _ _ _ _ _ _ _ _ _

us = &lt;module 'tinyassets.universe_server' from 'C:\\Users\\Jonathan\\Projects\\wf-required-test-gate\\tinyassets\\universe_server.py'&gt;
base = WindowsPath('C:/Users/Jonathan/AppData/Local/Temp/pytest-of-Jonathan/pytest-7404/test_set_selector_by_goal_auth0/output')
name = 'selector-candidate'

    def _seed_published_branch(us, base, name="selector-candidate"):
        """Build + publish a minimal selector-conformant branch."""
&gt;       bid = _call(
            us, "extensions", "create_branch", name=name,
        )["branch_def_id"]
E       KeyError: 'branch_def_id'

tests\test_goals_set_selector.py:45: KeyError</failure></testcase><testcase classname="tests.test_goals_set_selector" name="test_set_selector_persists_in_goal_record" file="tests\test_goals_set_selector.py" line="103" time="0.142"><failure message="KeyError: 'branch_def_id'">env = (&lt;module 'tinyassets.universe_server' from 'C:\\Users\\Jonathan\\Projects\\wf-required-test-gate\\tinyassets\\universe...dowsPath('C:/Users/Jonathan/AppData/Local/Temp/pytest-of-Jonathan/pytest-7404/test_set_selector_persists_in_0/output'))

    def test_set_selector_persists_in_goal_record(env):
        us, base = env
        gid = _seed_goal(us)
&gt;       bvid = _seed_published_branch(us, base)
               ^^^^^^^^^^^^^^^^^^^^^^^^^^^^^^^^

tests\test_goals_set_selector.py:107: 
_ _ _ _ _ _ _ _ _ _ _ _ _ _ _ _ _ _ _ _ _ _ _ _ _ _ _ _ _ _ _ _ _ _ _ _ _ _ _ _

us = &lt;module 'tinyassets.universe_server' from 'C:\\Users\\Jonathan\\Projects\\wf-required-test-gate\\tinyassets\\universe_server.py'&gt;
base = WindowsPath('C:/Users/Jonathan/AppData/Local/Temp/pytest-of-Jonathan/pytest-7404/test_set_selector_persists_in_0/output')
name = 'selector-candidate'

    def _seed_published_branch(us, base, name="selector-candidate"):
        """Build + publish a minimal selector-conformant branch."""
&gt;       bid = _call(
            us, "extensions", "create_branch", name=name,
        )["branch_def_id"]
E       KeyError: 'branch_def_id'

tests\test_goals_set_selector.py:45: KeyError</failure></testcase><testcase classname="tests.test_goals_set_selector" name="test_set_selector_empty_branch_version_id_unbinds" file="tests\test_goals_set_selector.py" line="115" time="0.139"><failure message="KeyError: 'branch_def_id'">env = (&lt;module 'tinyassets.universe_server' from 'C:\\Users\\Jonathan\\Projects\\wf-required-test-gate\\tinyassets\\universe...dowsPath('C:/Users/Jonathan/AppData/Local/Temp/pytest-of-Jonathan/pytest-7404/test_set_selector_empty_branch0/output'))

    def test_set_selector_empty_branch_version_id_unbinds(env):
        us, base = env
        gid = _seed_goal(us)
&gt;       bvid = _seed_published_branch(us, base)
               ^^^^^^^^^^^^^^^^^^^^^^^^^^^^^^^^

tests\test_goals_set_selector.py:119: 
_ _ _ _ _ _ _ _ _ _ _ _ _ _ _ _ _ _ _ _ _ _ _ _ _ _ _ _ _ _ _ _ _ _ _ _ _ _ _ _

us = &lt;module 'tinyassets.universe_server' from 'C:\\Users\\Jonathan\\Projects\\wf-required-test-gate\\tinyassets\\universe_server.py'&gt;
base = WindowsPath('C:/Users/Jonathan/AppData/Local/Temp/pytest-of-Jonathan/pytest-7404/test_set_selector_empty_branch0/output')
name = 'selector-candidate'

    def _seed_published_branch(us, base, name="selector-candidate"):
        """Build + publish a minimal selector-conformant branch."""
&gt;       bid = _call(
            us, "extensions", "create_branch", name=name,
        )["branch_def_id"]
E       KeyError: 'branch_def_id'

tests\test_goals_set_selector.py:45: KeyError</failure></testcase><testcase classname="tests.test_goals_set_selector" name="test_set_selector_requires_author_or_host" file="tests\test_goals_set_selector.py" line="139" time="0.150"><failure message="KeyError: 'branch_def_id'">env = (&lt;module 'tinyassets.universe_server' from 'C:\\Users\\Jonathan\\Projects\\wf-required-test-gate\\tinyassets\\universe...dowsPath('C:/Users/Jonathan/AppData/Local/Temp/pytest-of-Jonathan/pytest-7404/test_set_selector_requires_aut0/output'))
monkeypatch = &lt;_pytest.monkeypatch.MonkeyPatch object at 0x0000018DAB26D240&gt;

    def test_set_selector_requires_author_or_host(env, monkeypatch):
        us, base = env
        gid = _seed_goal(us)  # author = alice
&gt;       bvid = _seed_published_branch(us, base)
               ^^^^^^^^^^^^^^^^^^^^^^^^^^^^^^^^

tests\test_goals_set_selector.py:143: 
_ _ _ _ _ _ _ _ _ _ _ _ _ _ _ _ _ _ _ _ _ _ _ _ _ _ _ _ _ _ _ _ _ _ _ _ _ _ _ _

us = &lt;module 'tinyassets.universe_server' from 'C:\\Users\\Jonathan\\Projects\\wf-required-test-gate\\tinyassets\\universe_server.py'&gt;
base = WindowsPath('C:/Users/Jonathan/AppData/Local/Temp/pytest-of-Jonathan/pytest-7404/test_set_selector_requires_aut0/output')
name = 'selector-candidate'

    def _seed_published_branch(us, base, name="selector-candidate"):
        """Build + publish a minimal selector-conformant branch."""
&gt;       bid = _call(
            us, "extensions", "create_branch", name=name,
        )["branch_def_id"]
E       KeyError: 'branch_def_id'

tests\test_goals_set_selector.py:45: KeyError</failure></testcase><testcase classname="tests.test_goals_set_selector" name="test_set_selector_granted_actor_can_bind" file="tests\test_goals_set_selector.py" line="158" time="0.143"><failure message="KeyError: 'branch_def_id'">env = (&lt;module 'tinyassets.universe_server' from 'C:\\Users\\Jonathan\\Projects\\wf-required-test-gate\\tinyassets\\universe...dowsPath('C:/Users/Jonathan/AppData/Local/Temp/pytest-of-Jonathan/pytest-7404/test_set_selector_granted_acto0/output'))
monkeypatch = &lt;_pytest.monkeypatch.MonkeyPatch object at 0x0000018DAB3E0210&gt;

    def test_set_selector_granted_actor_can_bind(env, monkeypatch):
        us, base = env
        gid = _seed_goal(us)  # author = alice
&gt;       bvid = _seed_published_branch(us, base)
               ^^^^^^^^^^^^^^^^^^^^^^^^^^^^^^^^

tests\test_goals_set_selector.py:162: 
_ _ _ _ _ _ _ _ _ _ _ _ _ _ _ _ _ _ _ _ _ _ _ _ _ _ _ _ _ _ _ _ _ _ _ _ _ _ _ _

us = &lt;module 'tinyassets.universe_server' from 'C:\\Users\\Jonathan\\Projects\\wf-required-test-gate\\tinyassets\\universe_server.py'&gt;
base = WindowsPath('C:/Users/Jonathan/AppData/Local/Temp/pytest-of-Jonathan/pytest-7404/test_set_selector_granted_acto0/output')
name = 'selector-candidate'

    def _seed_published_branch(us, base, name="selector-candidate"):
        """Build + publish a minimal selector-conformant branch."""
&gt;       bid = _call(
            us, "extensions", "create_branch", name=name,
        )["branch_def_id"]
E       KeyError: 'branch_def_id'

tests\test_goals_set_selector.py:45: KeyError</failure></testcase><testcase classname="tests.test_goals_set_selector" name="test_set_selector_missing_goal_id_rejected" file="tests\test_goals_set_selector.py" line="183" time="0.124" /><testcase classname="tests.test_goals_set_selector" name="test_set_selector_unknown_goal_rejected" file="tests\test_goals_set_selector.py" line="190" time="0.114" /><testcase classname="tests.test_goals_set_selector" name="test_set_selector_nonexistent_version_rejected" file="tests\test_goals_set_selector.py" line="200" time="0.149" /><testcase classname="tests.test_goals_set_selector" name="test_set_selector_rejects_branch_with_effects" file="tests\test_goals_set_selector.py" line="276" time="0.179" /><testcase classname="tests.test_goals_set_selector" name="test_set_selector_storage_layer_raises_selector_has_effects" file="tests\test_goals_set_selector.py" line="295" time="0.193" /><testcase classname="tests.test_goals_set_selector" name="test_set_selector_unbind_path_does_not_check_effects" file="tests\test_goals_set_selector.py" line="314" time="0.144" /><testcase classname="tests.test_goals_set_selector" name="test_set_selector_rejects_invoke_branch_spec" file="tests\test_goals_set_selector.py" line="463" time="0.224" /><testcase classname="tests.test_goals_set_selector" name="test_set_selector_rejects_invoke_branch_version_spec" file="tests\test_goals_set_selector.py" line="480" time="0.189" /><testcase classname="tests.test_goals_set_selector" name="test_set_selector_storage_layer_raises_on_child_invoker" file="tests\test_goals_set_selector.py" line="495" time="0.185" /><testcase classname="tests.test_goals_set_selector" name="test_set_selector_rejects_branch_with_both_effects_and_invoke" file="tests\test_goals_set_selector.py" line="514" time="0.175" /><testcase classname="tests.test_goals_surface" name="test_propose_creates_goal_with_id" file="tests\test_goals_surface.py" line="50" time="0.125" /><testcase classname="tests.test_goals_surface" name="test_propose_requires_name" file="tests\test_goals_surface.py" line="68" time="0.119" /><testcase classname="tests.test_goals_surface" name="test_propose_rejects_bad_visibility" file="tests\test_goals_surface.py" line="75" time="0.120" /><testcase classname="tests.test_goals_surface" name="test_list_empty_returns_friendly_text" file="tests\test_goals_surface.py" line="82" time="0.117" /><testcase classname="tests.test_goals_surface" name="test_list_returns_proposed_goals" file="tests\test_goals_surface.py" line="89" time="0.136" /><testcase classname="tests.test_goals_surface" name="test_list_can_filter_to_production_goals" file="tests\test_goals_surface.py" line="100" time="0.177" /><testcase classname="tests.test_goals_surface" name="test_list_production_filter_applies_before_limit" file="tests\test_goals_surface.py" line="119" time="0.182" /><testcase classname="tests.test_goals_surface" name="test_get_returns_full_goal_with_branches" file="tests\test_goals_surface.py" line="130" time="0.159" /><testcase classname="tests.test_goals_surface" name="test_get_rejects_missing_goal" file="tests\test_goals_surface.py" line="139" time="0.147" /><testcase classname="tests.test_goals_surface" name="test_update_by_author_succeeds" file="tests\test_goals_surface.py" line="150" time="0.187" /><testcase classname="tests.test_goals_surface" name="test_update_by_non_author_rejected" file="tests\test_goals_surface.py" line="160" time="0.193" /><testcase classname="tests.test_goals_surface" name="test_update_requires_at_least_one_field" file="tests\test_goals_surface.py" line="173" time="0.177" /><testcase classname="tests.test_goals_surface" name="test_bind_attaches_branch_to_goal" file="tests\test_goals_surface.py" line="201" time="0.144"><failure message="KeyError: 'branch_def_id'">p5_env = (&lt;module 'tinyassets.universe_server' from 'C:\\Users\\Jonathan\\Projects\\wf-required-test-gate\\tinyassets\\universe...dowsPath('C:/Users/Jonathan/AppData/Local/Temp/pytest-of-Jonathan/pytest-7404/test_bind_attaches_branch_to_g0/output'))

    def test_bind_attaches_branch_to_goal(p5_env):
        us, _ = p5_env
        gid = _call(us, "goals", "propose", name="G")["goal"]["goal_id"]
&gt;       bid = _build_branch(us)
              ^^^^^^^^^^^^^^^^^

tests\test_goals_surface.py:205: 
_ _ _ _ _ _ _ _ _ _ _ _ _ _ _ _ _ _ _ _ _ _ _ _ _ _ _ _ _ _ _ _ _ _ _ _ _ _ _ _

us = &lt;module 'tinyassets.universe_server' from 'C:\\Users\\Jonathan\\Projects\\wf-required-test-gate\\tinyassets\\universe_server.py'&gt;
name = 'Trivial'

    def _build_branch(us, name: str = "Trivial") -&gt; str:
        spec = {
            "name": name,
            "entry_point": "n",
            "node_defs": [{"node_id": "n", "display_name": "N",
                           "prompt_template": "Go: {x}"}],
            "edges": [
                {"from": "START", "to": "n"},
                {"from": "n", "to": "END"},
            ],
            "state_schema": [{"name": "x", "type": "str"}],
        }
&gt;       return _call(us, "extensions", "build_branch",
                     spec_json=json.dumps(spec))["branch_def_id"]
E       KeyError: 'branch_def_id'

tests\test_goals_surface.py:198: KeyError</failure></testcase><testcase classname="tests.test_goals_surface" name="test_bind_rejects_missing_branch" file="tests\test_goals_surface.py" line="213" time="0.148" /><testcase classname="tests.test_goals_surface" name="test_bind_rejects_missing_goal" file="tests\test_goals_surface.py" line="221" time="0.129"><failure message="KeyError: 'branch_def_id'">p5_env = (&lt;module 'tinyassets.universe_server' from 'C:\\Users\\Jonathan\\Projects\\wf-required-test-gate\\tinyassets\\universe...dowsPath('C:/Users/Jonathan/AppData/Local/Temp/pytest-of-Jonathan/pytest-7404/test_bind_rejects_missing_goal0/output'))

    def test_bind_rejects_missing_goal(p5_env):
        us, _ = p5_env
&gt;       bid = _build_branch(us)
              ^^^^^^^^^^^^^^^^^

tests\test_goals_surface.py:224: 
_ _ _ _ _ _ _ _ _ _ _ _ _ _ _ _ _ _ _ _ _ _ _ _ _ _ _ _ _ _ _ _ _ _ _ _ _ _ _ _

us = &lt;module 'tinyassets.universe_server' from 'C:\\Users\\Jonathan\\Projects\\wf-required-test-gate\\tinyassets\\universe_server.py'&gt;
name = 'Trivial'

    def _build_branch(us, name: str = "Trivial") -&gt; str:
        spec = {
            "name": name,
            "entry_point": "n",
            "node_defs": [{"node_id": "n", "display_name": "N",
                           "prompt_template": "Go: {x}"}],
            "edges": [
                {"from": "START", "to": "n"},
                {"from": "n", "to": "END"},
            ],
            "state_schema": [{"name": "x", "type": "str"}],
        }
&gt;       return _call(us, "extensions", "build_branch",
                     spec_json=json.dumps(spec))["branch_def_id"]
E       KeyError: 'branch_def_id'

tests\test_goals_surface.py:198: KeyError</failure></testcase><testcase classname="tests.test_goals_surface" name="test_unbind_via_empty_goal_id" file="tests\test_goals_surface.py" line="229" time="0.145"><failure message="KeyError: 'branch_def_id'">p5_env = (&lt;module 'tinyassets.universe_server' from 'C:\\Users\\Jonathan\\Projects\\wf-required-test-gate\\tinyassets\\universe...ndowsPath('C:/Users/Jonathan/AppData/Local/Temp/pytest-of-Jonathan/pytest-7404/test_unbind_via_empty_goal_id0/output'))

    def test_unbind_via_empty_goal_id(p5_env):
        us, _ = p5_env
        gid = _call(us, "goals", "propose", name="G")["goal"]["goal_id"]
&gt;       bid = _build_branch(us)
              ^^^^^^^^^^^^^^^^^

tests\test_goals_surface.py:233: 
_ _ _ _ _ _ _ _ _ _ _ _ _ _ _ _ _ _ _ _ _ _ _ _ _ _ _ _ _ _ _ _ _ _ _ _ _ _ _ _

us = &lt;module 'tinyassets.universe_server' from 'C:\\Users\\Jonathan\\Projects\\wf-required-test-gate\\tinyassets\\universe_server.py'&gt;
name = 'Trivial'

    def _build_branch(us, name: str = "Trivial") -&gt; str:
        spec = {
            "name": name,
            "entry_point": "n",
            "node_defs": [{"node_id": "n", "display_name": "N",
                           "prompt_template": "Go: {x}"}],
            "edges": [
                {"from": "START", "to": "n"},
                {"from": "n", "to": "END"},
            ],
            "state_schema": [{"name": "x", "type": "str"}],
        }
&gt;       return _call(us, "extensions", "build_branch",
                     spec_json=json.dumps(spec))["branch_def_id"]
E       KeyError: 'branch_def_id'

tests\test_goals_surface.py:198: KeyError</failure></testcase><testcase classname="tests.test_goals_surface" name="test_bind_rejects_deleted_goal" file="tests\test_goals_surface.py" line="241" time="0.167"><failure message="KeyError: 'branch_def_id'">p5_env = (&lt;module 'tinyassets.universe_server' from 'C:\\Users\\Jonathan\\Projects\\wf-required-test-gate\\tinyassets\\universe...dowsPath('C:/Users/Jonathan/AppData/Local/Temp/pytest-of-Jonathan/pytest-7404/test_bind_rejects_deleted_goal0/output'))

    def test_bind_rejects_deleted_goal(p5_env):
        us, _ = p5_env
        gid = _call(us, "goals", "propose", name="ToDelete")["goal"]["goal_id"]
        _call(us, "goals", "update", goal_id=gid, visibility="deleted")
&gt;       bid = _build_branch(us)
              ^^^^^^^^^^^^^^^^^

tests\test_goals_surface.py:246: 
_ _ _ _ _ _ _ _ _ _ _ _ _ _ _ _ _ _ _ _ _ _ _ _ _ _ _ _ _ _ _ _ _ _ _ _ _ _ _ _

us = &lt;module 'tinyassets.universe_server' from 'C:\\Users\\Jonathan\\Projects\\wf-required-test-gate\\tinyassets\\universe_server.py'&gt;
name = 'Trivial'

    def _build_branch(us, name: str = "Trivial") -&gt; str:
        spec = {
            "name": name,
            "entry_point": "n",
            "node_defs": [{"node_id": "n", "display_name": "N",
                           "prompt_template": "Go: {x}"}],
            "edges": [
                {"from": "START", "to": "n"},
                {"from": "n", "to": "END"},
            ],
            "state_schema": [{"name": "x", "type": "str"}],
        }
&gt;       return _call(us, "extensions", "build_branch",
                     spec_json=json.dumps(spec))["branch_def_id"]
E       KeyError: 'branch_def_id'

tests\test_goals_surface.py:198: KeyError</failure></testcase><testcase classname="tests.test_goals_surface" name="test_list_branches_goal_id_filter" file="tests\test_goals_surface.py" line="252" time="0.158"><failure message="KeyError: 'branch_def_id'">p5_env = (&lt;module 'tinyassets.universe_server' from 'C:\\Users\\Jonathan\\Projects\\wf-required-test-gate\\tinyassets\\universe...dowsPath('C:/Users/Jonathan/AppData/Local/Temp/pytest-of-Jonathan/pytest-7404/test_list_branches_goal_id_fil0/output'))

    def test_list_branches_goal_id_filter(p5_env):
        us, _ = p5_env
        gid1 = _call(us, "goals", "propose", name="G1")["goal"]["goal_id"]
        gid2 = _call(us, "goals", "propose", name="G2")["goal"]["goal_id"]
&gt;       b1 = _build_branch(us, name="B1")
             ^^^^^^^^^^^^^^^^^^^^^^^^^^^^

tests\test_goals_surface.py:257: 
_ _ _ _ _ _ _ _ _ _ _ _ _ _ _ _ _ _ _ _ _ _ _ _ _ _ _ _ _ _ _ _ _ _ _ _ _ _ _ _

us = &lt;module 'tinyassets.universe_server' from 'C:\\Users\\Jonathan\\Projects\\wf-required-test-gate\\tinyassets\\universe_server.py'&gt;
name = 'B1'

    def _build_branch(us, name: str = "Trivial") -&gt; str:
        spec = {
            "name": name,
            "entry_point": "n",
            "node_defs": [{"node_id": "n", "display_name": "N",
                           "prompt_template": "Go: {x}"}],
            "edges": [
                {"from": "START", "to": "n"},
                {"from": "n", "to": "END"},
            ],
            "state_schema": [{"name": "x", "type": "str"}],
        }
&gt;       return _call(us, "extensions", "build_branch",
                     spec_json=json.dumps(spec))["branch_def_id"]
E       KeyError: 'branch_def_id'

tests\test_goals_surface.py:198: KeyError</failure></testcase><testcase classname="tests.test_goals_surface" name="test_get_goal_shows_bound_branches" file="tests\test_goals_surface.py" line="271" time="0.257"><failure message="KeyError: 'branch_def_id'">p5_env = (&lt;module 'tinyassets.universe_server' from 'C:\\Users\\Jonathan\\Projects\\wf-required-test-gate\\tinyassets\\universe...dowsPath('C:/Users/Jonathan/AppData/Local/Temp/pytest-of-Jonathan/pytest-7404/test_get_goal_shows_bound_bran0/output'))

    def test_get_goal_shows_bound_branches(p5_env):
        us, _ = p5_env
        gid = _call(us, "goals", "propose", name="G")["goal"]["goal_id"]
&gt;       bid = _build_branch(us, name="Bound")
              ^^^^^^^^^^^^^^^^^^^^^^^^^^^^^^^

tests\test_goals_surface.py:275: 
_ _ _ _ _ _ _ _ _ _ _ _ _ _ _ _ _ _ _ _ _ _ _ _ _ _ _ _ _ _ _ _ _ _ _ _ _ _ _ _

us = &lt;module 'tinyassets.universe_server' from 'C:\\Users\\Jonathan\\Projects\\wf-required-test-gate\\tinyassets\\universe_server.py'&gt;
name = 'Bound'

    def _build_branch(us, name: str = "Trivial") -&gt; str:
        spec = {
            "name": name,
            "entry_point": "n",
            "node_defs": [{"node_id": "n", "display_name": "N",
                           "prompt_template": "Go: {x}"}],
            "edges": [
                {"from": "START", "to": "n"},
                {"from": "n", "to": "END"},
            ],
            "state_schema": [{"name": "x", "type": "str"}],
        }
&gt;       return _call(us, "extensions", "build_branch",
                     spec_json=json.dumps(spec))["branch_def_id"]
E       KeyError: 'branch_def_id'

tests\test_goals_surface.py:198: KeyError</failure></testcase><testcase classname="tests.test_goals_surface" name="test_search_matches_name" file="tests\test_goals_surface.py" line="287" time="0.280" /><testcase classname="tests.test_goals_surface" name="test_search_matches_description" file="tests\test_goals_surface.py" line="301" time="0.623" /><testcase classname="tests.test_goals_surface" name="test_search_requires_query" file="tests\test_goals_surface.py" line="309" time="0.169" /><testcase classname="tests.test_goals_surface" name="test_search_hides_deleted_goals" file="tests\test_goals_surface.py" line="315" time="0.278" /><testcase classname="tests.test_goals_surface" name="test_leaderboard_run_count" file="tests\test_goals_surface.py" line="328" time="0.164"><failure message="KeyError: 'branch_def_id'">p5_env = (&lt;module 'tinyassets.universe_server' from 'C:\\Users\\Jonathan\\Projects\\wf-required-test-gate\\tinyassets\\universe... WindowsPath('C:/Users/Jonathan/AppData/Local/Temp/pytest-of-Jonathan/pytest-7404/test_leaderboard_run_count0/output'))

    def test_leaderboard_run_count(p5_env):
        us, _ = p5_env
        gid = _call(us, "goals", "propose", name="G")["goal"]["goal_id"]
&gt;       b1 = _build_branch(us, name="B1")
             ^^^^^^^^^^^^^^^^^^^^^^^^^^^^

tests\test_goals_surface.py:332: 
_ _ _ _ _ _ _ _ _ _ _ _ _ _ _ _ _ _ _ _ _ _ _ _ _ _ _ _ _ _ _ _ _ _ _ _ _ _ _ _

us = &lt;module 'tinyassets.universe_server' from 'C:\\Users\\Jonathan\\Projects\\wf-required-test-gate\\tinyassets\\universe_server.py'&gt;
name = 'B1'

    def _build_branch(us, name: str = "Trivial") -&gt; str:
        spec = {
            "name": name,
            "entry_point": "n",
            "node_defs": [{"node_id": "n", "display_name": "N",
                           "prompt_template": "Go: {x}"}],
            "edges": [
                {"from": "START", "to": "n"},
                {"from": "n", "to": "END"},
            ],
            "state_schema": [{"name": "x", "type": "str"}],
        }
&gt;       return _call(us, "extensions", "build_branch",
                     spec_json=json.dumps(spec))["branch_def_id"]
E       KeyError: 'branch_def_id'

tests\test_goals_surface.py:198: KeyError</failure></testcase><testcase classname="tests.test_goals_surface" name="test_leaderboard_outcome_gated_off_when_flag_unset" file="tests\test_goals_surface.py" line="360" time="0.175" /><testcase classname="tests.test_goals_surface" name="test_leaderboard_rejects_unknown_metric" file="tests\test_goals_surface.py" line="375" time="0.175" /><testcase classname="tests.test_goals_surface" name="test_leaderboard_forks_counts_parent_chain" file="tests\test_goals_surface.py" line="386" time="0.191"><failure message="KeyError: 'branch_def_id'">p5_env = (&lt;module 'tinyassets.universe_server' from 'C:\\Users\\Jonathan\\Projects\\wf-required-test-gate\\tinyassets\\universe...dowsPath('C:/Users/Jonathan/AppData/Local/Temp/pytest-of-Jonathan/pytest-7404/test_leaderboard_forks_counts_0/output'))

    def test_leaderboard_forks_counts_parent_chain(p5_env):
        us, _ = p5_env
        gid = _call(us, "goals", "propose", name="G")["goal"]["goal_id"]
&gt;       parent_bid = _build_branch(us, name="Parent")
                     ^^^^^^^^^^^^^^^^^^^^^^^^^^^^^^^^

tests\test_goals_surface.py:390: 
_ _ _ _ _ _ _ _ _ _ _ _ _ _ _ _ _ _ _ _ _ _ _ _ _ _ _ _ _ _ _ _ _ _ _ _ _ _ _ _

us = &lt;module 'tinyassets.universe_server' from 'C:\\Users\\Jonathan\\Projects\\wf-required-test-gate\\tinyassets\\universe_server.py'&gt;
name = 'Parent'

    def _build_branch(us, name: str = "Trivial") -&gt; str:
        spec = {
            "name": name,
            "entry_point": "n",
            "node_defs": [{"node_id": "n", "display_name": "N",
                           "prompt_template": "Go: {x}"}],
            "edges": [
                {"from": "START", "to": "n"},
                {"from": "n", "to": "END"},
            ],
            "state_schema": [{"name": "x", "type": "str"}],
        }
&gt;       return _call(us, "extensions", "build_branch",
                     spec_json=json.dumps(spec))["branch_def_id"]
E       KeyError: 'branch_def_id'

tests\test_goals_surface.py:198: KeyError</failure></testcase><testcase classname="tests.test_goals_surface" name="test_archive_consultation_uses_gate_leaderboard_parent_signal" file="tests\test_goals_surface.py" line="410" time="0.188"><failure message="KeyError: 'branch_def_id'">p5_env = (&lt;module 'tinyassets.universe_server' from 'C:\\Users\\Jonathan\\Projects\\wf-required-test-gate\\tinyassets\\universe...dowsPath('C:/Users/Jonathan/AppData/Local/Temp/pytest-of-Jonathan/pytest-7404/test_archive_consultation_uses0/output'))

    def test_archive_consultation_uses_gate_leaderboard_parent_signal(p5_env):
        us, base = p5_env
        gid = _call(us, "goals", "propose", name="G")["goal"]["goal_id"]
    
        from tinyassets.daemon_server import (
            claim_gate,
            set_goal_ladder,
            update_branch_definition,
        )
    
        set_goal_ladder(
            _helpers_base_path(),
            goal_id=gid,
            ladder=[
                {"rung_key": "draft", "label": "Draft"},
                {"rung_key": "reviewed", "label": "Reviewed"},
            ],
        )
    
&gt;       stronger_outcome = _build_branch(us, name="Stronger Outcome")
                           ^^^^^^^^^^^^^^^^^^^^^^^^^^^^^^^^^^^^^^^^^^

tests\test_goals_surface.py:430: 
_ _ _ _ _ _ _ _ _ _ _ _ _ _ _ _ _ _ _ _ _ _ _ _ _ _ _ _ _ _ _ _ _ _ _ _ _ _ _ _

us = &lt;module 'tinyassets.universe_server' from 'C:\\Users\\Jonathan\\Projects\\wf-required-test-gate\\tinyassets\\universe_server.py'&gt;
name = 'Stronger Outcome'

    def _build_branch(us, name: str = "Trivial") -&gt; str:
        spec = {
            "name": name,
            "entry_point": "n",
            "node_defs": [{"node_id": "n", "display_name": "N",
                           "prompt_template": "Go: {x}"}],
            "edges": [
                {"from": "START", "to": "n"},
                {"from": "n", "to": "END"},
            ],
            "state_schema": [{"name": "x", "type": "str"}],
        }
&gt;       return _call(us, "extensions", "build_branch",
                     spec_json=json.dumps(spec))["branch_def_id"]
E       KeyError: 'branch_def_id'

tests\test_goals_surface.py:198: KeyError</failure></testcase><testcase classname="tests.test_goals_surface" name="test_common_nodes_finds_repeated_node_ids" file="tests\test_goals_surface.py" line="476" time="0.186"><failure message="AssertionError: assert 'capture' in set()">p5_env = (&lt;module 'tinyassets.universe_server' from 'C:\\Users\\Jonathan\\Projects\\wf-required-test-gate\\tinyassets\\universe...dowsPath('C:/Users/Jonathan/AppData/Local/Temp/pytest-of-Jonathan/pytest-7404/test_common_nodes_finds_repeat0/output'))

    def test_common_nodes_finds_repeated_node_ids(p5_env):
        us, _ = p5_env
        gid = _call(us, "goals", "propose", name="G")["goal"]["goal_id"]
    
        # Two branches sharing node_id "capture", one with a unique "extra".
        for branch_name in ("A", "B"):
            spec = {
                "name": branch_name,
                "entry_point": "capture",
                "node_defs": [
                    {"node_id": "capture", "display_name": "Capture",
                     "prompt_template": "grab: {x}"},
                ],
                "edges": [
                    {"from": "START", "to": "capture"},
                    {"from": "capture", "to": "END"},
                ],
                "state_schema": [{"name": "x", "type": "str"}],
                "goal_id": gid,
            }
            _call(us, "extensions", "build_branch",
                  spec_json=json.dumps(spec))
    
        # A third with a unique node.
        spec_solo = {
            "name": "C",
            "entry_point": "extra",
            "node_defs": [{"node_id": "extra", "display_name": "Extra",
                           "prompt_template": "z: {x}"}],
            "edges": [
                {"from": "START", "to": "extra"},
                {"from": "extra", "to": "END"},
            ],
            "state_schema": [{"name": "x", "type": "str"}],
            "goal_id": gid,
        }
        _call(us, "extensions", "build_branch",
              spec_json=json.dumps(spec_solo))
    
        result = _call(us, "goals", "common_nodes",
                       goal_id=gid, min_branches=2)
        ids = {e["node_id"] for e in result["entries"]}
&gt;       assert "capture" in ids
E       AssertionError: assert 'capture' in set()

tests\test_goals_surface.py:519: AssertionError</failure></testcase><testcase classname="tests.test_goals_surface" name="test_common_nodes_respects_min_branches_threshold" file="tests\test_goals_surface.py" line="522" time="0.210"><failure message="assert False&#10; +  where False = any(&lt;generator object test_common_nodes_respects_min_branches_threshold.&lt;locals&gt;.&lt;genexpr&gt; at 0x0000018DA3F42C20&gt;)">p5_env = (&lt;module 'tinyassets.universe_server' from 'C:\\Users\\Jonathan\\Projects\\wf-required-test-gate\\tinyassets\\universe...dowsPath('C:/Users/Jonathan/AppData/Local/Temp/pytest-of-Jonathan/pytest-7404/test_common_nodes_respects_min0/output'))

    def test_common_nodes_respects_min_branches_threshold(p5_env):
        us, _ = p5_env
        gid = _call(us, "goals", "propose", name="G")["goal"]["goal_id"]
        spec = {
            "name": "Solo",
            "entry_point": "unique",
            "node_defs": [{"node_id": "unique", "display_name": "U",
                           "prompt_template": "{x}"}],
            "edges": [
                {"from": "START", "to": "unique"},
                {"from": "unique", "to": "END"},
            ],
            "state_schema": [{"name": "x", "type": "str"}],
            "goal_id": gid,
        }
        _call(us, "extensions", "build_branch", spec_json=json.dumps(spec))
    
        # With threshold 1, the single occurrence shows.
        r1 = _call(us, "goals", "common_nodes",
                   goal_id=gid, min_branches=1)
&gt;       assert any(e["node_id"] == "unique" for e in r1["entries"])
E       assert False
E        +  where False = any(&lt;generator object test_common_nodes_respects_min_branches_threshold.&lt;locals&gt;.&lt;genexpr&gt; at 0x0000018DA3F42C20&gt;)

tests\test_goals_surface.py:543: AssertionError</failure></testcase><testcase classname="tests.test_goals_surface" name="test_build_branch_accepts_goal_id" file="tests\test_goals_surface.py" line="554" time="0.206"><failure message="KeyError: 'status'">p5_env = (&lt;module 'tinyassets.universe_server' from 'C:\\Users\\Jonathan\\Projects\\wf-required-test-gate\\tinyassets\\universe...dowsPath('C:/Users/Jonathan/AppData/Local/Temp/pytest-of-Jonathan/pytest-7404/test_build_branch_accepts_goal0/output'))

    def test_build_branch_accepts_goal_id(p5_env):
        us, _ = p5_env
        gid = _call(us, "goals", "propose", name="G")["goal"]["goal_id"]
        spec = {
            "name": "Preloaded",
            "entry_point": "n",
            "goal_id": gid,
            "node_defs": [{"node_id": "n", "display_name": "N",
                           "prompt_template": "{x}"}],
            "edges": [
                {"from": "START", "to": "n"},
                {"from": "n", "to": "END"},
            ],
            "state_schema": [{"name": "x", "type": "str"}],
        }
        result = _call(us, "extensions", "build_branch",
                       spec_json=json.dumps(spec))
&gt;       assert result["status"] == "built"
               ^^^^^^^^^^^^^^^^
E       KeyError: 'status'

tests\test_goals_surface.py:572: KeyError</failure></testcase><testcase classname="tests.test_goals_surface" name="test_build_branch_binds_top_level_goal_id" file="tests\test_goals_surface.py" line="577" time="0.322"><failure message="KeyError: 'status'">p5_env = (&lt;module 'tinyassets.universe_server' from 'C:\\Users\\Jonathan\\Projects\\wf-required-test-gate\\tinyassets\\universe...dowsPath('C:/Users/Jonathan/AppData/Local/Temp/pytest-of-Jonathan/pytest-7404/test_build_branch_binds_top_le0/output'))

    def test_build_branch_binds_top_level_goal_id(p5_env):
        us, _ = p5_env
        gid = _call(us, "goals", "propose", name="G")["goal"]["goal_id"]
        spec = {
            "name": "Top-level goal",
            "entry_point": "n",
            "node_defs": [{"node_id": "n", "display_name": "N",
                           "prompt_template": "{x}"}],
            "edges": [
                {"from": "START", "to": "n"},
                {"from": "n", "to": "END"},
            ],
            "state_schema": [{"name": "x", "type": "str"}],
        }
        result = _call(us, "extensions", "build_branch",
                       spec_json=json.dumps(spec), goal_id=gid)
&gt;       assert result["status"] == "built"
               ^^^^^^^^^^^^^^^^
E       KeyError: 'status'

tests\test_goals_surface.py:594: KeyError</failure></testcase><testcase classname="tests.test_goals_surface" name="test_patch_branch_set_goal_and_unset_goal" file="tests\test_goals_surface.py" line="599" time="0.315"><failure message="KeyError: 'branch_def_id'">p5_env = (&lt;module 'tinyassets.universe_server' from 'C:\\Users\\Jonathan\\Projects\\wf-required-test-gate\\tinyassets\\universe...dowsPath('C:/Users/Jonathan/AppData/Local/Temp/pytest-of-Jonathan/pytest-7404/test_patch_branch_set_goal_and0/output'))

    def test_patch_branch_set_goal_and_unset_goal(p5_env):
        us, _ = p5_env
        gid = _call(us, "goals", "propose", name="G")["goal"]["goal_id"]
&gt;       bid = _build_branch(us)
              ^^^^^^^^^^^^^^^^^

tests\test_goals_surface.py:603: 
_ _ _ _ _ _ _ _ _ _ _ _ _ _ _ _ _ _ _ _ _ _ _ _ _ _ _ _ _ _ _ _ _ _ _ _ _ _ _ _

us = &lt;module 'tinyassets.universe_server' from 'C:\\Users\\Jonathan\\Projects\\wf-required-test-gate\\tinyassets\\universe_server.py'&gt;
name = 'Trivial'

    def _build_branch(us, name: str = "Trivial") -&gt; str:
        spec = {
            "name": name,
            "entry_point": "n",
            "node_defs": [{"node_id": "n", "display_name": "N",
                           "prompt_template": "Go: {x}"}],
            "edges": [
                {"from": "START", "to": "n"},
                {"from": "n", "to": "END"},
            ],
            "state_schema": [{"name": "x", "type": "str"}],
        }
&gt;       return _call(us, "extensions", "build_branch",
                     spec_json=json.dumps(spec))["branch_def_id"]
E       KeyError: 'branch_def_id'

tests\test_goals_surface.py:198: KeyError</failure></testcase><testcase classname="tests.test_goals_surface" name="test_soft_delete_is_non_disclosing_on_public_list_and_get" file="tests\test_goals_surface.py" line="621" time="0.231" /><testcase classname="tests.test_goals_surface" name="test_propose_writes_ledger" file="tests\test_goals_surface.py" line="642" time="0.229"><failure message="FileNotFoundError: [Errno 2] No such file or directory: 'C:\\Users\\Jonathan\\AppData\\Local\\Temp\\pytest-of-Jonathan\\pytest-7404\\test_propose_writes_ledger0\\output\\ledger.json'">p5_env = (&lt;module 'tinyassets.universe_server' from 'C:\\Users\\Jonathan\\Projects\\wf-required-test-gate\\tinyassets\\universe... WindowsPath('C:/Users/Jonathan/AppData/Local/Temp/pytest-of-Jonathan/pytest-7404/test_propose_writes_ledger0/output'))

    def test_propose_writes_ledger(p5_env):
        us, base = p5_env
        _call(us, "goals", "propose", name="Ledgered")
&gt;       ledger = json.loads((Path(base) / "ledger.json").read_text("utf-8"))
                            ^^^^^^^^^^^^^^^^^^^^^^^^^^^^^^^^^^^^^^^^^^^^^^^

tests\test_goals_surface.py:646: 
_ _ _ _ _ _ _ _ _ _ _ _ _ _ _ _ _ _ _ _ _ _ _ _ _ _ _ _ _ _ _ _ _ _ _ _ _ _ _ _
C:\Python314\Lib\pathlib\__init__.py:787: in read_text
    with self.open(mode='r', encoding=encoding, errors=errors, newline=newline) as f:
         ^^^^^^^^^^^^^^^^^^^^^^^^^^^^^^^^^^^^^^^^^^^^^^^^^^^^^^^^^^^^^^^^^^^^^^
_ _ _ _ _ _ _ _ _ _ _ _ _ _ _ _ _ _ _ _ _ _ _ _ _ _ _ _ _ _ _ _ _ _ _ _ _ _ _ _

self = WindowsPath('C:/Users/Jonathan/AppData/Local/Temp/pytest-of-Jonathan/pytest-7404/test_propose_writes_ledger0/output/ledger.json')
mode = 'r', buffering = -1, encoding = 'utf-8', errors = None, newline = None

    def open(self, mode='r', buffering=-1, encoding=None,
             errors=None, newline=None):
        """
        Open the file pointed to by this path and return a file object, as
        the built-in open() function does.
        """
        if "b" not in mode:
            encoding = io.text_encoding(encoding)
&gt;       return io.open(self, mode, buffering, encoding, errors, newline)
               ^^^^^^^^^^^^^^^^^^^^^^^^^^^^^^^^^^^^^^^^^^^^^^^^^^^^^^^^^
E       FileNotFoundError: [Errno 2] No such file or directory: 'C:\\Users\\Jonathan\\AppData\\Local\\Temp\\pytest-of-Jonathan\\pytest-7404\\test_propose_writes_ledger0\\output\\ledger.json'

C:\Python314\Lib\pathlib\__init__.py:771: FileNotFoundError</failure></testcase><testcase classname="tests.test_goals_surface" name="test_bind_writes_ledger" file="tests\test_goals_surface.py" line="649" time="0.192"><failure message="KeyError: 'branch_def_id'">p5_env = (&lt;module 'tinyassets.universe_server' from 'C:\\Users\\Jonathan\\Projects\\wf-required-test-gate\\tinyassets\\universe...'&gt;, WindowsPath('C:/Users/Jonathan/AppData/Local/Temp/pytest-of-Jonathan/pytest-7404/test_bind_writes_ledger0/output'))

    def test_bind_writes_ledger(p5_env):
        us, base = p5_env
        gid = _call(us, "goals", "propose", name="G")["goal"]["goal_id"]
&gt;       bid = _build_branch(us)
              ^^^^^^^^^^^^^^^^^

tests\test_goals_surface.py:653: 
_ _ _ _ _ _ _ _ _ _ _ _ _ _ _ _ _ _ _ _ _ _ _ _ _ _ _ _ _ _ _ _ _ _ _ _ _ _ _ _

us = &lt;module 'tinyassets.universe_server' from 'C:\\Users\\Jonathan\\Projects\\wf-required-test-gate\\tinyassets\\universe_server.py'&gt;
name = 'Trivial'

    def _build_branch(us, name: str = "Trivial") -&gt; str:
        spec = {
            "name": name,
            "entry_point": "n",
            "node_defs": [{"node_id": "n", "display_name": "N",
                           "prompt_template": "Go: {x}"}],
            "edges": [
                {"from": "START", "to": "n"},
                {"from": "n", "to": "END"},
            ],
            "state_schema": [{"name": "x", "type": "str"}],
        }
&gt;       return _call(us, "extensions", "build_branch",
                     spec_json=json.dumps(spec))["branch_def_id"]
E       KeyError: 'branch_def_id'

tests\test_goals_surface.py:198: KeyError</failure></testcase><testcase classname="tests.test_goals_surface" name="test_update_writes_ledger" file="tests\test_goals_surface.py" line="659" time="0.238"><failure message="FileNotFoundError: [Errno 2] No such file or directory: 'C:\\Users\\Jonathan\\AppData\\Local\\Temp\\pytest-of-Jonathan\\pytest-7404\\test_update_writes_ledger0\\output\\ledger.json'">p5_env = (&lt;module 'tinyassets.universe_server' from 'C:\\Users\\Jonathan\\Projects\\wf-required-test-gate\\tinyassets\\universe..., WindowsPath('C:/Users/Jonathan/AppData/Local/Temp/pytest-of-Jonathan/pytest-7404/test_update_writes_ledger0/output'))

    def test_update_writes_ledger(p5_env):
        us, base = p5_env
        gid = _call(us, "goals", "propose", name="G")["goal"]["goal_id"]
        _call(us, "goals", "update", goal_id=gid, description="renamed")
&gt;       ledger = json.loads((Path(base) / "ledger.json").read_text("utf-8"))
                            ^^^^^^^^^^^^^^^^^^^^^^^^^^^^^^^^^^^^^^^^^^^^^^^

tests\test_goals_surface.py:664: 
_ _ _ _ _ _ _ _ _ _ _ _ _ _ _ _ _ _ _ _ _ _ _ _ _ _ _ _ _ _ _ _ _ _ _ _ _ _ _ _
C:\Python314\Lib\pathlib\__init__.py:787: in read_text
    with self.open(mode='r', encoding=encoding, errors=errors, newline=newline) as f:
         ^^^^^^^^^^^^^^^^^^^^^^^^^^^^^^^^^^^^^^^^^^^^^^^^^^^^^^^^^^^^^^^^^^^^^^
_ _ _ _ _ _ _ _ _ _ _ _ _ _ _ _ _ _ _ _ _ _ _ _ _ _ _ _ _ _ _ _ _ _ _ _ _ _ _ _

self = WindowsPath('C:/Users/Jonathan/AppData/Local/Temp/pytest-of-Jonathan/pytest-7404/test_update_writes_ledger0/output/ledger.json')
mode = 'r', buffering = -1, encoding = 'utf-8', errors = None, newline = None

    def open(self, mode='r', buffering=-1, encoding=None,
             errors=None, newline=None):
        """
        Open the file pointed to by this path and return a file object, as
        the built-in open() function does.
        """
        if "b" not in mode:
            encoding = io.text_encoding(encoding)
&gt;       return io.open(self, mode, buffering, encoding, errors, newline)
               ^^^^^^^^^^^^^^^^^^^^^^^^^^^^^^^^^^^^^^^^^^^^^^^^^^^^^^^^^
E       FileNotFoundError: [Errno 2] No such file or directory: 'C:\\Users\\Jonathan\\AppData\\Local\\Temp\\pytest-of-Jonathan\\pytest-7404\\test_update_writes_ledger0\\output\\ledger.json'

C:\Python314\Lib\pathlib\__init__.py:771: FileNotFoundError</failure></testcase><testcase classname="tests.test_goals_surface" name="test_rejected_propose_does_not_ledger" file="tests\test_goals_surface.py" line="667" time="1.630" /><testcase classname="tests.test_goals_surface" name="test_reads_do_not_ledger" file="tests\test_goals_surface.py" line="678" time="0.171"><failure message="FileNotFoundError: [Errno 2] No such file or directory: 'C:\\Users\\Jonathan\\AppData\\Local\\Temp\\pytest-of-Jonathan\\pytest-7404\\test_reads_do_not_ledger0\\output\\ledger.json'">p5_env = (&lt;module 'tinyassets.universe_server' from 'C:\\Users\\Jonathan\\Projects\\wf-required-test-gate\\tinyassets\\universe...&gt;, WindowsPath('C:/Users/Jonathan/AppData/Local/Temp/pytest-of-Jonathan/pytest-7404/test_reads_do_not_ledger0/output'))

    def test_reads_do_not_ledger(p5_env):
        us, base = p5_env
        gid = _call(us, "goals", "propose", name="G")["goal"]["goal_id"]
        _call(us, "goals", "list")
        _call(us, "goals", "get", goal_id=gid)
        _call(us, "goals", "search", query="G")
        _call(us, "goals", "leaderboard", goal_id=gid, metric="run_count")
        _call(us, "goals", "common_nodes", goal_id=gid)
        _call(us, "goals", "archive_consultation", goal_id=gid)
&gt;       ledger = json.loads((Path(base) / "ledger.json").read_text("utf-8"))
                            ^^^^^^^^^^^^^^^^^^^^^^^^^^^^^^^^^^^^^^^^^^^^^^^

tests\test_goals_surface.py:688: 
_ _ _ _ _ _ _ _ _ _ _ _ _ _ _ _ _ _ _ _ _ _ _ _ _ _ _ _ _ _ _ _ _ _ _ _ _ _ _ _
C:\Python314\Lib\pathlib\__init__.py:787: in read_text
    with self.open(mode='r', encoding=encoding, errors=errors, newline=newline) as f:
         ^^^^^^^^^^^^^^^^^^^^^^^^^^^^^^^^^^^^^^^^^^^^^^^^^^^^^^^^^^^^^^^^^^^^^^
_ _ _ _ _ _ _ _ _ _ _ _ _ _ _ _ _ _ _ _ _ _ _ _ _ _ _ _ _ _ _ _ _ _ _ _ _ _ _ _

self = WindowsPath('C:/Users/Jonathan/AppData/Local/Temp/pytest-of-Jonathan/pytest-7404/test_reads_do_not_ledger0/output/ledger.json')
mode = 'r', buffering = -1, encoding = 'utf-8', errors = None, newline = None

    def open(self, mode='r', buffering=-1, encoding=None,
             errors=None, newline=None):
        """
        Open the file pointed to by this path and return a file object, as
        the built-in open() function does.
        """
        if "b" not in mode:
            encoding = io.text_encoding(encoding)
&gt;       return io.open(self, mode, buffering, encoding, errors, newline)
               ^^^^^^^^^^^^^^^^^^^^^^^^^^^^^^^^^^^^^^^^^^^^^^^^^^^^^^^^^
E       FileNotFoundError: [Errno 2] No such file or directory: 'C:\\Users\\Jonathan\\AppData\\Local\\Temp\\pytest-of-Jonathan\\pytest-7404\\test_reads_do_not_ledger0\\output\\ledger.json'

C:\Python314\Lib\pathlib\__init__.py:771: FileNotFoundError</failure></testcase><testcase classname="tests.test_goals_surface" name="test_unknown_action_lists_available" file="tests\test_goals_surface.py" line="700" time="0.121" /><testcase classname="tests.test_goals_surface" name="test_branch_from_pre_phase5_install_reads_cleanly" file="tests\test_goals_surface.py" line="716" time="0.078" /><testcase classname="tests.test_graph_compiler_empty_response" name="test_empty_response_error_is_compiler_error" file="tests\test_graph_compiler_empty_response.py" line="36" time="0.001" /><testcase classname="tests.test_graph_compiler_empty_response" name="test_empty_response_error_has_node_id_attribute" file="tests\test_graph_compiler_empty_response.py" line="41" time="0.001" /><testcase classname="tests.test_graph_compiler_empty_response" name="test_empty_response_error_default_node_id_is_empty" file="tests\test_graph_compiler_empty_response.py" line="46" time="0.000" /><testcase classname="tests.test_graph_compiler_empty_response" name="test_empty_response_error_str_contains_message" file="tests\test_graph_compiler_empty_response.py" line="51" time="0.001" /><testcase classname="tests.test_graph_compiler_empty_response" name="test_empty_provider_raises_empty_response_error" file="tests\test_graph_compiler_empty_response.py" line="80" time="0.009" /><testcase classname="tests.test_graph_compiler_empty_response" name="test_non_empty_provider_does_not_raise_empty_response_error" file="tests\test_graph_compiler_empty_response.py" line="99" time="0.009" /><testcase classname="tests.test_graph_compiler_empty_response" name="test_bwrap_provider_output_raises_sandbox_unavailable" file="tests\test_graph_compiler_empty_response.py" line="116" time="0.010" /><testcase classname="tests.test_graph_compiler_empty_response" name="test_find_empty_response_direct" file="tests\test_graph_compiler_empty_response.py" line="139" time="0.001" /><testcase classname="tests.test_graph_compiler_empty_response" name="test_find_empty_response_via_cause" file="tests\test_graph_compiler_empty_response.py" line="145" time="0.001" /><testcase classname="tests.test_graph_compiler_empty_response" name="test_find_empty_response_via_context" file="tests\test_graph_compiler_empty_response.py" line="153" time="0.001" /><testcase classname="tests.test_graph_compiler_empty_response" name="test_find_empty_response_returns_none_for_unrelated" file="tests\test_graph_compiler_empty_response.py" line="161" time="0.000" /><testcase classname="tests.test_graph_compiler_empty_response" name="test_find_empty_response_does_not_confuse_timeout" file="tests\test_graph_compiler_empty_response.py" line="166" time="0.001" /><testcase classname="tests.test_graph_compiler_empty_response" name="test_find_timeout_exception_unaffected_by_empty_response" file="tests\test_graph_compiler_empty_response.py" line="174" time="0.001" /><testcase classname="tests.test_graph_compiler_empty_response" name="test_find_timeout_exception_still_finds_node_timeout" file="tests\test_graph_compiler_empty_response.py" line="180" time="0.001" /><testcase classname="tests.test_graph_compiler_failed_event" name="test_failed_event_emitted_on_provider_exception" file="tests\test_graph_compiler_failed_event.py" line="63" time="0.011" /><testcase classname="tests.test_graph_compiler_failed_event" name="test_failed_event_emitted_on_policy_path_exception" file="tests\test_graph_compiler_failed_event.py" line="94" time="0.011" /><testcase classname="tests.test_graph_compiler_failed_event" name="test_failed_event_emission_resilient_to_sink_exception" file="tests\test_graph_compiler_failed_event.py" line="134" time="0.011" /><testcase classname="tests.test_graph_compiler_failed_event" name="test_no_failed_event_when_no_event_sink" file="tests\test_graph_compiler_failed_event.py" line="162" time="0.010" /><testcase classname="tests.test_graph_compiler_failed_event" name="test_execute_branch_records_failed_node_event" file="tests\test_graph_compiler_failed_event.py" line="183" time="0.168" /><testcase classname="tests.test_graph_compiler_failed_event" name="test_build_node_status_map_flips_failed_node_terminal" file="tests\test_graph_compiler_failed_event.py" line="214" time="0.001" /><testcase classname="tests.test_graph_compiler_failed_event" name="test_build_node_status_map_failed_priority_beats_running" file="tests\test_graph_compiler_failed_event.py" line="230" time="0.001" /><testcase classname="tests.test_graph_compiler_isolation_diagnostics" name="test_strict_isolation_declared_but_missing_in_state_emits_clear_message" file="tests\test_graph_compiler_isolation_diagnostics.py" line="54" time="0.001" /><testcase classname="tests.test_graph_compiler_isolation_diagnostics" name="test_strict_isolation_undeclared_key_still_reports_outside" file="tests\test_graph_compiler_isolation_diagnostics.py" line="81" time="0.001" /><testcase classname="tests.test_graph_compiler_isolation_diagnostics" name="test_strict_isolation_mixed_missing_keys_prioritizes_outside_violation" file="tests\test_graph_compiler_isolation_diagnostics.py" line="103" time="0.001" /><testcase classname="tests.test_graph_compiler_isolation_diagnostics" name="test_strict_isolation_declared_keys_present_still_renders" file="tests\test_graph_compiler_isolation_diagnostics.py" line="129" time="0.001" /><testcase classname="tests.test_graph_compiler_isolation_diagnostics" name="test_state_schema_defaults_extracts_default_values" file="tests\test_graph_compiler_isolation_diagnostics.py" line="148" time="0.001" /><testcase classname="tests.test_graph_compiler_isolation_diagnostics" name="test_state_schema_defaults_handles_empty_or_none" file="tests\test_graph_compiler_isolation_diagnostics.py" line="161" time="0.001" /><testcase classname="tests.test_graph_compiler_isolation_diagnostics" name="test_seed_initial_state_merges_defaults_under_inputs" file="tests\test_graph_compiler_isolation_diagnostics.py" line="166" time="0.001" /><testcase classname="tests.test_graph_compiler_isolation_diagnostics" name="test_seed_initial_state_returns_independent_dict" file="tests\test_graph_compiler_isolation_diagnostics.py" line="179" time="0.001" /><testcase classname="tests.test_graph_compiler_isolation_diagnostics" name="test_seed_initial_state_no_schema_returns_copy_of_inputs" file="tests\test_graph_compiler_isolation_diagnostics.py" line="189" time="0.001" /><testcase classname="tests.test_graph_compiler_isolation_diagnostics" name="test_strict_isolation_state_schema_default_available_to_placeholder" file="tests\test_graph_compiler_isolation_diagnostics.py" line="196" time="0.001" /><testcase classname="tests.test_graph_compiler_isolation_diagnostics" name="test_strict_isolation_schema_default_not_in_input_keys_renders" file="tests\test_graph_compiler_isolation_diagnostics.py" line="221" time="0.001" /><testcase classname="tests.test_graph_compiler_isolation_diagnostics" name="test_strict_isolation_schema_default_referenced_but_missing_state_is_unavailable_not_outside" file="tests\test_graph_compiler_isolation_diagnostics.py" line="255" time="0.001" /><testcase classname="tests.test_graph_compiler_isolation_diagnostics" name="test_seed_initial_state_mutable_list_default_does_not_leak" file="tests\test_graph_compiler_isolation_diagnostics.py" line="293" time="0.001" /><testcase classname="tests.test_graph_compiler_isolation_diagnostics" name="test_seed_initial_state_mutable_dict_default_does_not_leak" file="tests\test_graph_compiler_isolation_diagnostics.py" line="309" time="0.001" /><testcase classname="tests.test_graph_compiler_isolation_diagnostics" name="test_seed_initial_state_nested_mutable_default_does_not_leak" file="tests\test_graph_compiler_isolation_diagnostics.py" line="319" time="0.001" /><testcase classname="tests.test_graph_compiler_isolation_diagnostics" name="test_state_schema_defaults_returns_independent_copies_per_call" file="tests\test_graph_compiler_isolation_diagnostics.py" line="332" time="0.000" /><testcase classname="tests.test_graph_compiler_isolation_diagnostics" name="test_state_schema_defaults_reads_legacy_default_storage_key" file="tests\test_graph_compiler_isolation_diagnostics.py" line="364" time="0.001" /><testcase classname="tests.test_graph_compiler_isolation_diagnostics" name="test_state_schema_defaults_prefers_default_value_over_legacy_default" file="tests\test_graph_compiler_isolation_diagnostics.py" line="372" time="0.001" /><testcase classname="tests.test_graph_compiler_isolation_diagnostics" name="test_state_schema_defaults_still_reads_canonical_default_value" file="tests\test_graph_compiler_isolation_diagnostics.py" line="381" time="0.001" /><testcase classname="tests.test_graph_compiler_isolation_diagnostics" name="test_apply_state_field_spec_canonical_default_value_preserved" file="tests\test_graph_compiler_isolation_diagnostics.py" line="387" time="0.001" /><testcase classname="tests.test_graph_compiler_isolation_diagnostics" name="test_apply_state_field_spec_legacy_default_spec_still_works" file="tests\test_graph_compiler_isolation_diagnostics.py" line="411" time="0.001" /><testcase classname="tests.test_graph_compiler_isolation_diagnostics" name="test_apply_state_field_spec_field_default_legacy_spec_still_works" file="tests\test_graph_compiler_isolation_diagnostics.py" line="431" time="0.001" /><testcase classname="tests.test_graph_compiler_isolation_diagnostics" name="test_build_branch_default_value_preserved_through_get_branch" file="tests\test_graph_compiler_isolation_diagnostics.py" line="451" time="0.129"><failure message="KeyError: 'status'">tmp_path = WindowsPath('C:/Users/Jonathan/AppData/Local/Temp/pytest-of-Jonathan/pytest-7404/test_build_branch_default_valu0')
monkeypatch = &lt;_pytest.monkeypatch.MonkeyPatch object at 0x0000018D83D884B0&gt;

    def test_build_branch_default_value_preserved_through_get_branch(
        tmp_path, monkeypatch,
    ):
        """Round-trip: build_branch with state_schema ``default_value`` →
        get_branch returns the value preserved. This is the canonical
        BUG-094 reproduction — before the fix, get_branch returned the
        state_schema entry stripped of any default."""
        import importlib
        import json as _json
    
        base = tmp_path / "output"
        base.mkdir()
        monkeypatch.setenv("TINYASSETS_DATA_DIR", str(base))
        monkeypatch.setenv("UNIVERSE_SERVER_USER", "tester")
        from tinyassets import universe_server as us
    
        importlib.reload(us)
        try:
            spec = {
                "name": "BUG-094 round-trip",
                "entry_point": "n1",
                "node_defs": [
                    {"node_id": "n1", "display_name": "n1",
                     "input_keys": ["topic"],
                     "prompt_template": "{topic} {lab_policy}"},
                ],
                "edges": [
                    {"from": "START", "to": "n1"},
                    {"from": "n1", "to": "END"},
                ],
                "state_schema": [
                    {"name": "topic", "type": "str"},
                    {"name": "lab_policy", "type": "str",
                     "default_value": "PROBE"},
                ],
            }
    
            built = _json.loads(us.extensions(
                action="build_branch", spec_json=_json.dumps(spec),
            ))
&gt;           assert built["status"] == "built", built
                   ^^^^^^^^^^^^^^^
E           KeyError: 'status'

tests\test_graph_compiler_isolation_diagnostics.py:492: KeyError</failure></testcase><testcase classname="tests.test_graph_compiler_isolation_diagnostics" name="test_build_branch_state_schema_default_seeded_to_strict_prompt" file="tests\test_graph_compiler_isolation_diagnostics.py" line="506" time="0.129"><failure message="KeyError: 'status'">tmp_path = WindowsPath('C:/Users/Jonathan/AppData/Local/Temp/pytest-of-Jonathan/pytest-7404/test_build_branch_state_schema0')
monkeypatch = &lt;_pytest.monkeypatch.MonkeyPatch object at 0x0000018DAA778440&gt;

    def test_build_branch_state_schema_default_seeded_to_strict_prompt(
        tmp_path, monkeypatch,
    ):
        """End-to-end M3 proof: build_branch with state_schema default →
        run_branch with only ``topic`` in inputs → strict-isolation prompt
        captures BOTH ``topic`` AND the seeded ``lab_policy`` default.
    
        This is the BUG-094 + BUG-085-M3 full chain. Before the fix the
        default was stripped at build time, the seeding path found nothing,
        and the prompt invocation failed with the partition error citing
        ``{lab_policy} outside declared input_keys``.
        """
        import importlib
        import json as _json
    
        base = tmp_path / "output"
        base.mkdir()
        monkeypatch.setenv("TINYASSETS_DATA_DIR", str(base))
        monkeypatch.setenv("UNIVERSE_SERVER_USER", "tester")
        from tinyassets import universe_server as us
    
        importlib.reload(us)
        try:
            spec = {
                "name": "BUG-094 M3 round-trip",
                "entry_point": "n1",
                "node_defs": [
                    {"node_id": "n1", "display_name": "n1",
                     "input_keys": ["topic"],
                     "output_keys": ["draft"],
                     "prompt_template": "{topic} :: {lab_policy}",
                     "strict_input_isolation": True},
                ],
                "edges": [
                    {"from": "START", "to": "n1"},
                    {"from": "n1", "to": "END"},
                ],
                "state_schema": [
                    {"name": "topic", "type": "str"},
                    {"name": "draft", "type": "str"},
                    {"name": "lab_policy", "type": "str",
                     "default_value": "PROBE"},
                ],
            }
            built = _json.loads(us.extensions(
                action="build_branch", spec_json=_json.dumps(spec),
            ))
&gt;           assert built["status"] == "built", built
                   ^^^^^^^^^^^^^^^
E           KeyError: 'status'

tests\test_graph_compiler_isolation_diagnostics.py:554: KeyError</failure></testcase><testcase classname="tests.test_graph_compiler_isolation_diagnostics" name="test_compile_rejects_output_key_missing_from_partial_state_schema" file="tests\test_graph_compiler_isolation_diagnostics.py" line="598" time="0.001" /><testcase classname="tests.test_graph_compiler_isolation_diagnostics" name="test_compile_rejects_input_key_missing_from_partial_state_schema" file="tests\test_graph_compiler_isolation_diagnostics.py" line="629" time="0.001" /><testcase classname="tests.test_graph_compiler_literal_braces" name="test_render_substitutes_valid_identifier_placeholder" file="tests\test_graph_compiler_literal_braces.py" line="22" time="0.001" /><testcase classname="tests.test_graph_compiler_literal_braces" name="test_render_preserves_json_example_with_literal_braces" file="tests\test_graph_compiler_literal_braces.py" line="27" time="0.000" /><testcase classname="tests.test_graph_compiler_literal_braces" name="test_render_handles_mix_of_placeholder_and_literal_braces" file="tests\test_graph_compiler_literal_braces.py" line="34" time="0.001" /><testcase classname="tests.test_graph_compiler_literal_braces" name="test_render_preserves_multiple_json_literal_blocks" file="tests\test_graph_compiler_literal_braces.py" line="40" time="0.001" /><testcase classname="tests.test_graph_compiler_literal_braces" name="test_render_preserves_code_fence_braces" file="tests\test_graph_compiler_literal_braces.py" line="46" time="0.000" /><testcase classname="tests.test_graph_compiler_literal_braces" name="test_render_preserves_math_expression_braces" file="tests\test_graph_compiler_literal_braces.py" line="56" time="0.001" /><testcase classname="tests.test_graph_compiler_literal_braces" name="test_render_raises_keyerror_on_missing_state_key" file="tests\test_graph_compiler_literal_braces.py" line="62" time="0.000" /><testcase classname="tests.test_graph_compiler_literal_braces" name="test_render_leaves_malformed_single_brace_alone" file="tests\test_graph_compiler_literal_braces.py" line="67" time="0.000" /><testcase classname="tests.test_graph_compiler_literal_braces" name="test_render_empty_template_returns_empty" file="tests\test_graph_compiler_literal_braces.py" line="76" time="0.000" /><testcase classname="tests.test_graph_compiler_literal_braces" name="test_render_placeholder_substitution_coerces_non_str_values" file="tests\test_graph_compiler_literal_braces.py" line="80" time="0.000" /><testcase classname="tests.test_graph_compiler_literal_braces" name="test_compile_and_run_template_with_json_example" file="tests\test_graph_compiler_literal_braces.py" line="116" time="0.233" /><testcase classname="tests.test_graph_compiler_literal_braces" name="test_compile_reports_missing_state_key_cleanly" file="tests\test_graph_compiler_literal_braces.py" line="144" time="0.010" /><testcase classname="tests.test_graph_compiler_literal_braces" name="test_empty_provider_response_raises_compiler_error" file="tests\test_graph_compiler_literal_braces.py" line="162" time="0.010" /><testcase classname="tests.test_graph_compiler_literal_braces" name="test_jinja_style_double_braces_still_substitute" file="tests\test_graph_compiler_literal_braces.py" line="185" time="0.009" /><testcase classname="tests.test_graph_compiler_literal_braces" name="test_validate_raises_for_undeclared_placeholder" file="tests\test_graph_compiler_literal_braces.py" line="238" time="0.001" /><testcase classname="tests.test_graph_compiler_literal_braces" name="test_validate_no_error_for_escaped_placeholder" file="tests\test_graph_compiler_literal_braces.py" line="251" time="0.001" /><testcase classname="tests.test_graph_compiler_provider_chain_propagation" name="test_compiler_error_backward_compat_no_chain_state" file="tests\test_graph_compiler_provider_chain_propagation.py" line="64" time="0.001" /><testcase classname="tests.test_graph_compiler_provider_chain_propagation" name="test_compiler_error_accepts_chain_state_and_attempts" file="tests\test_graph_compiler_provider_chain_propagation.py" line="71" time="0.000" /><testcase classname="tests.test_graph_compiler_provider_chain_propagation" name="test_wrap_provider_failure_preserves_chain_state_from_cause" file="tests\test_graph_compiler_provider_chain_propagation.py" line="84" time="0.001" /><testcase classname="tests.test_graph_compiler_provider_chain_propagation" name="test_wrap_provider_failure_no_chain_state_when_cause_is_plain" file="tests\test_graph_compiler_provider_chain_propagation.py" line="110" time="0.000" /><testcase classname="tests.test_graph_compiler_provider_chain_propagation" name="test_wrap_provider_failure_serialization_error_does_not_block_wrap" file="tests\test_graph_compiler_provider_chain_propagation.py" line="120" time="0.010" /><testcase classname="tests.test_graph_compiler_provider_chain_propagation" name="test_emit_failed_event_forwards_provider_chain_when_present" file="tests\test_graph_compiler_provider_chain_propagation.py" line="148" time="0.001" /><testcase classname="tests.test_graph_compiler_provider_chain_propagation" name="test_emit_failed_event_no_provider_chain_kwarg_when_absent" file="tests\test_graph_compiler_provider_chain_propagation.py" line="161" time="0.001" /><testcase classname="tests.test_graph_compiler_provider_chain_propagation" name="test_emit_failed_event_old_sink_signature_does_not_raise" file="tests\test_graph_compiler_provider_chain_propagation.py" line="169" time="0.001" /><testcase classname="tests.test_graph_compiler_provider_chain_propagation" name="test_emit_failed_event_none_sink_is_noop" file="tests\test_graph_compiler_provider_chain_propagation.py" line="191" time="0.000" /><testcase classname="tests.test_graph_compiler_provider_chain_propagation" name="test_emit_failed_event_swallows_sink_exception_when_no_provider_chain" file="tests\test_graph_compiler_provider_chain_propagation.py" line="199" time="0.001" /><testcase classname="tests.test_graph_compiler_reducer_law" name="test_merge_reducer_rejects_nonconvergent_fan_in" file="tests\test_graph_compiler_reducer_law.py" line="82" time="0.005" /><testcase classname="tests.test_graph_compiler_reducer_law" name="test_single_merge_writer_converges_across_randomized_graph_order" file="tests\test_graph_compiler_reducer_law.py" line="98" time="0.134" /><testcase classname="tests.test_graph_compiler_reducer_law" name="test_merge_reducer_rejects_an_undeclared_second_writer_at_runtime" file="tests\test_graph_compiler_reducer_law.py" line="149" time="0.005" /><testcase classname="tests.test_graph_topology.TestGraphCompilation" name="test_scene_graph_compiles" file="tests\test_graph_topology.py" line="47" time="0.018" /><testcase classname="tests.test_graph_topology.TestGraphCompilation" name="test_chapter_graph_compiles" file="tests\test_graph_topology.py" line="56" time="0.011" /><testcase classname="tests.test_graph_topology.TestGraphCompilation" name="test_book_graph_compiles" file="tests\test_graph_topology.py" line="64" time="0.007" /><testcase classname="tests.test_graph_topology.TestGraphCompilation" name="test_universe_graph_compiles" file="tests\test_graph_topology.py" line="72" time="0.021" /><testcase classname="tests.test_graph_topology.TestGraphCompilation" name="test_compile_all_graphs" file="tests\test_graph_topology.py" line="84" time="0.052" /><testcase classname="tests.test_graph_topology.TestSceneExecution" name="test_scene_runs_to_completion" file="tests\test_graph_topology.py" line="102" time="0.223" /><testcase classname="tests.test_graph_topology.TestSceneExecution" name="test_scene_accumulates_quality_trace" file="tests\test_graph_topology.py" line="114" time="0.061" /><testcase classname="tests.test_graph_topology.TestSceneExecution" name="test_scene_extracts_facts" file="tests\test_graph_topology.py" line="125" time="0.059" /><testcase classname="tests.test_graph_topology.TestSceneExecution" name="test_scene_identity_fields_preserved" file="tests\test_graph_topology.py" line="134" time="0.060" /><testcase classname="tests.test_graph_topology.TestConditionalEdges" name="test_route_accept_ends" file="tests\test_graph_topology.py" line="156" time="0.001" /><testcase classname="tests.test_graph_topology.TestConditionalEdges" name="test_route_second_draft_loops" file="tests\test_graph_topology.py" line="160" time="0.001" /><testcase classname="tests.test_graph_topology.TestConditionalEdges" name="test_route_second_draft_already_used_ends" file="tests\test_graph_topology.py" line="164" time="0.001" /><testcase classname="tests.test_graph_topology.TestConditionalEdges" name="test_route_revert_ends" file="tests\test_graph_topology.py" line="168" time="0.000" /><testcase classname="tests.test_graph_topology.TestConditionalEdges" name="test_route_revert_with_second_draft_used_ends" file="tests\test_graph_topology.py" line="172" time="0.000" /><testcase classname="tests.test_graph_topology.TestConditionalEdges" name="test_chapter_continues_when_scenes_remain" file="tests\test_graph_topology.py" line="178" time="0.001" /><testcase classname="tests.test_graph_topology.TestConditionalEdges" name="test_chapter_consolidates_when_target_reached" file="tests\test_graph_topology.py" line="182" time="0.000" /><testcase classname="tests.test_graph_topology.TestConditionalEdges" name="test_chapter_consolidates_when_target_exceeded" file="tests\test_graph_topology.py" line="186" time="0.000" /><testcase classname="tests.test_graph_topology.TestConditionalEdges" name="test_chapter_adaptive_end_on_high_word_count" file="tests\test_graph_topology.py" line="190" time="0.001" /><testcase classname="tests.test_graph_topology.TestConditionalEdges" name="test_chapter_no_adaptive_end_below_minimum_scenes" file="tests\test_graph_topology.py" line="199" time="0.001" /><testcase classname="tests.test_graph_topology.TestConditionalEdges" name="test_chapter_no_adaptive_end_low_word_count" file="tests\test_graph_topology.py" line="208" time="0.001" /><testcase classname="tests.test_graph_topology.TestConditionalEdges" name="test_chapter_halts_after_three_consecutive_reverts" file="tests\test_graph_topology.py" line="217" time="0.001" /><testcase classname="tests.test_graph_topology.TestConditionalEdges" name="test_chapter_continues_with_two_reverts" file="tests\test_graph_topology.py" line="227" time="0.001" /><testcase classname="tests.test_graph_topology.TestConditionalEdges" name="test_book_continues_when_chapters_remain" file="tests\test_graph_topology.py" line="239" time="0.001" /><testcase classname="tests.test_graph_topology.TestConditionalEdges" name="test_book_closes_when_target_reached" file="tests\test_graph_topology.py" line="247" time="0.001" /><testcase classname="tests.test_graph_topology.TestConditionalEdges" name="test_book_diagnoses_when_stuck" file="tests\test_graph_topology.py" line="255" time="0.001" /><testcase classname="tests.test_graph_topology.TestConditionalEdges" name="test_book_adaptive_end_on_high_word_count" file="tests\test_graph_topology.py" line="263" time="0.001" /><testcase classname="tests.test_graph_topology.TestConditionalEdges" name="test_book_no_adaptive_end_below_minimum_chapters" file="tests\test_graph_topology.py" line="273" time="0.000" /><testcase classname="tests.test_graph_topology.TestConditionalEdges" name="test_book_no_adaptive_end_low_word_count" file="tests\test_graph_topology.py" line="283" time="0.000" /><testcase classname="tests.test_graph_topology.TestConditionalEdges" name="test_book_diagnose_routes_recovery" file="tests\test_graph_topology.py" line="293" time="0.000" /><testcase classname="tests.test_graph_topology.TestConditionalEdges" name="test_book_diagnose_routes_still_stuck" file="tests\test_graph_topology.py" line="297" time="0.000" /><testcase classname="tests.test_graph_topology.TestConditionalEdges" name="test_foundation_routes_hard_block_to_dispatch" file="tests\test_graph_topology.py" line="303" time="0.000" /><testcase classname="tests.test_graph_topology.TestConditionalEdges" name="test_foundation_routes_clear_to_authorial" file="tests\test_graph_topology.py" line="307" time="0.000" /><testcase classname="tests.test_graph_topology.TestConditionalEdges" name="test_dispatch_routes_run_book" file="tests\test_graph_topology.py" line="311" time="0.001" /><testcase classname="tests.test_graph_topology.TestConditionalEdges" name="test_dispatch_routes_worldbuild" file="tests\test_graph_topology.py" line="315" time="0.001" /><testcase classname="tests.test_graph_topology.TestConditionalEdges" name="test_dispatch_routes_reflect" file="tests\test_graph_topology.py" line="319" time="0.000" /><testcase classname="tests.test_graph_topology.TestConditionalEdges" name="test_dispatch_defaults_to_idle" file="tests\test_graph_topology.py" line="323" time="0.000" /><testcase classname="tests.test_graph_topology.TestConditionalEdges" name="test_universe_continues_when_not_stopped" file="tests\test_graph_topology.py" line="329" time="0.000" /><testcase classname="tests.test_graph_topology.TestConditionalEdges" name="test_universe_ends_when_stopped" file="tests\test_graph_topology.py" line="333" time="0.000" /><testcase classname="tests.test_graph_topology.TestConditionalEdges" name="test_universe_continues_when_health_missing" file="tests\test_graph_topology.py" line="337" time="0.000" /><testcase classname="tests.test_graph_topology.TestSecondDraftLoop" name="test_second_draft_loops_back_to_draft" file="tests\test_graph_topology.py" line="350" time="0.038" /><testcase classname="tests.test_graph_topology.TestChapterExecution" name="test_chapter_runs_to_completion" file="tests\test_graph_topology.py" line="429" time="0.066" /><testcase classname="tests.test_graph_topology.TestBookExecution" name="test_book_runs_to_completion" file="tests\test_graph_topology.py" line="443" time="0.102" /><testcase classname="tests.test_graph_topology.TestUniverseExecution" name="test_universe_runs_at_least_one_cycle" file="tests\test_graph_topology.py" line="460" time="0.478" /><testcase classname="tests.test_graph_topology.TestOrientRetrieval" name="test_orient_returns_retrieval_context_with_kg" file="tests\test_graph_topology.py" line="510" time="0.051" /><testcase classname="tests.test_graph_topology.TestOrientRetrieval" name="test_orient_graceful_fallback_on_missing_kg" file="tests\test_graph_topology.py" line="561" time="0.052" /><testcase classname="tests.test_graph_topology.TestOrientRetrieval" name="test_orient_retrieved_context_has_hipporag_source" file="tests\test_graph_topology.py" line="580" time="0.058" /><testcase classname="tests.test_graph_topology.TestOrientRetrieval" name="test_scene_graph_populates_retrieved_context" file="tests\test_graph_topology.py" line="646" time="0.099" /><testcase classname="tests.test_graph_topology.TestChapterFallbackWordCount" name="test_chapter_fallback_accumulates_word_count" file="tests\test_graph_topology.py" line="668" time="0.001" /><testcase classname="tests.test_graph_topology.TestChapterFallbackWordCount" name="test_run_chapter_uses_fallback_on_compile_failure" file="tests\test_graph_topology.py" line="718" time="0.002" /><testcase classname="tests.test_graph_topology.TestBookFallbackWordCount" name="test_book_fallback_copies_word_count" file="tests\test_graph_topology.py" line="775" time="0.001" /><testcase classname="tests.test_graph_topology.TestBookFallbackWordCount" name="test_run_book_uses_fallback_on_compile_failure" file="tests\test_graph_topology.py" line="808" time="0.001" /><testcase classname="tests.test_graph_topology.TestSceneProsesContinuity" name="test_last_scene_prose_declared_in_chapter_state" file="tests\test_graph_topology.py" line="855" time="0.001" /><testcase classname="tests.test_graph_topology.TestSceneProsesContinuity" name="test_run_scene_stores_last_scene_prose" file="tests\test_graph_topology.py" line="866" time="0.001" /><testcase classname="tests.test_graph_topology.TestSceneProsesContinuity" name="test_run_scene_passes_previous_prose" file="tests\test_graph_topology.py" line="906" time="0.001" /><testcase classname="tests.test_graph_topology.TestSceneProsesContinuity" name="test_run_scene_increments_revert_streak" file="tests\test_graph_topology.py" line="947" time="0.001" /><testcase classname="tests.test_graph_topology.TestSceneProsesContinuity" name="test_run_scene_resets_revert_streak_on_accept" file="tests\test_graph_topology.py" line="983" time="0.001" /><testcase classname="tests.test_grok_provider_registration.TestGrokRegistration" name="test_grok_registered_when_key_and_sdk_present" file="tests\test_grok_provider_registration.py" line="35" time="0.746"><failure message="AssertionError: assert 'grok-free' in ['claude-code', 'codex', 'ollama-local']&#10; +  where ['claude-code', 'codex', 'ollama-local'] = &lt;tinyassets.providers.router.ProviderRouter object at 0x0000018DA2C5E3F0&gt;.available_providers&#10; +    where &lt;tinyassets.providers.router.ProviderRouter object at 0x0000018DA2C5E3F0&gt; = &lt;module 'tinyassets.providers.call' from 'C:\\Users\\Jonathan\\Projects\\wf-required-test-gate\\tinyassets\\providers\\call.py'&gt;._real_router">self = &lt;tests.test_grok_provider_registration.TestGrokRegistration object at 0x0000018D83C0F110&gt;
monkeypatch = &lt;_pytest.monkeypatch.MonkeyPatch object at 0x0000018DAB84BC40&gt;
reset_stub = None

    def test_grok_registered_when_key_and_sdk_present(
        self, monkeypatch, reset_stub
    ):
        pytest.importorskip("openai")
        monkeypatch.setenv("XAI_API_KEY", "test-key-grok")
    
        stub = _reload_stub()
    
        assert stub._real_router is not None
&gt;       assert "grok-free" in stub._real_router.available_providers
E       AssertionError: assert 'grok-free' in ['claude-code', 'codex', 'ollama-local']
E        +  where ['claude-code', 'codex', 'ollama-local'] = &lt;tinyassets.providers.router.ProviderRouter object at 0x0000018DA2C5E3F0&gt;.available_providers
E        +    where &lt;tinyassets.providers.router.ProviderRouter object at 0x0000018DA2C5E3F0&gt; = &lt;module 'tinyassets.providers.call' from 'C:\\Users\\Jonathan\\Projects\\wf-required-test-gate\\tinyassets\\providers\\call.py'&gt;._real_router

tests\test_grok_provider_registration.py:45: AssertionError</failure></testcase><testcase classname="tests.test_grok_provider_registration.TestGrokRegistration" name="test_grok_skipped_without_key" file="tests\test_grok_provider_registration.py" line="46" time="0.015" /><testcase classname="tests.test_grok_provider_registration.TestGrokRegistration" name="test_grok_skipped_when_key_is_empty_string" file="tests\test_grok_provider_registration.py" line="54" time="0.015" /><testcase classname="tests.test_grok_provider_registration.TestGrokRegistration" name="test_stub_importable_even_when_grok_sdk_missing" file="tests\test_grok_provider_registration.py" line="64" time="0.015" /><testcase classname="tests.test_handoff_authority.TestRequestSubject" name="test_anonymous_request_has_no_handoff_authority" file="tests\test_handoff_authority.py" line="158" time="0.001" /><testcase classname="tests.test_handoff_authority.TestRequestSubject" name="test_env_actor_does_not_confer_authority" file="tests\test_handoff_authority.py" line="168" time="0.001" /><testcase classname="tests.test_handoff_authority.TestRequestSubject" name="test_authenticated_subject_is_returned" file="tests\test_handoff_authority.py" line="184" time="0.001" /><testcase classname="tests.test_handoff_authority.TestSourceAuthority" name="test_foreign_run_is_refused" file="tests\test_handoff_authority.py" line="197" time="0.126" /><testcase classname="tests.test_handoff_authority.TestSourceAuthority" name="test_foreign_run_and_missing_run_are_indistinguishable" file="tests\test_handoff_authority.py" line="201" time="0.128" /><testcase classname="tests.test_handoff_authority.TestSourceAuthority" name="test_incomplete_run_is_refused" file="tests\test_handoff_authority.py" line="210" time="0.215" /><testcase classname="tests.test_handoff_authority.TestSourceAuthority" name="test_run_from_a_different_branch_is_refused" file="tests\test_handoff_authority.py" line="224" time="0.124" /><testcase classname="tests.test_handoff_authority.TestSourceAuthority" name="test_run_without_the_declared_output_is_refused" file="tests\test_handoff_authority.py" line="233" time="0.132" /><testcase classname="tests.test_handoff_authority.TestDeclarationBinding" name="test_undeclared_output_is_refused" file="tests\test_handoff_authority.py" line="252" time="0.113" /><testcase classname="tests.test_handoff_authority.TestDeclarationBinding" name="test_substituted_destination_is_refused_before_consent" file="tests\test_handoff_authority.py" line="256" time="0.119" /><testcase classname="tests.test_handoff_authority.TestDeclarationBinding" name="test_substituted_destination_never_reaches_the_adapter" file="tests\test_handoff_authority.py" line="260" time="0.121" /><testcase classname="tests.test_handoff_authority.TestDeclarationBinding" name="test_declaration_carrying_credential_material_is_refused" file="tests\test_handoff_authority.py" line="265" time="0.187" /><testcase classname="tests.test_handoff_authority.TestDeclarationBinding" name="test_two_nodes_declaring_the_same_output_is_refused" file="tests\test_handoff_authority.py" line="280" time="0.128" /><testcase classname="tests.test_handoff_authority.TestDestinationConsent" name="test_missing_consent_refuses_before_the_adapter" file="tests\test_handoff_authority.py" line="304" time="0.134" /><testcase classname="tests.test_handoff_authority.TestDestinationConsent" name="test_consent_for_another_destination_does_not_transfer" file="tests\test_handoff_authority.py" line="312" time="0.143" /><testcase classname="tests.test_handoff_authority.TestConfirmation" name="test_irreversible_effect_requires_confirmation" file="tests\test_handoff_authority.py" line="329" time="0.147" /><testcase classname="tests.test_handoff_authority.TestConfirmation" name="test_standing_consent_alone_does_not_authorize" file="tests\test_handoff_authority.py" line="336" time="0.143" /><testcase classname="tests.test_handoff_authority.TestConfirmation" name="test_prepare_then_confirm_executes_once" file="tests\test_handoff_authority.py" line="346" time="0.241" /><testcase classname="tests.test_handoff_authority.TestConfirmation" name="test_confirmation_is_single_use" file="tests\test_handoff_authority.py" line="354" time="0.295" /><testcase classname="tests.test_handoff_authority.TestConfirmation" name="test_expired_confirmation_is_refused" file="tests\test_handoff_authority.py" line="371" time="0.156" /><testcase classname="tests.test_handoff_authority.TestConfirmation" name="test_confirmation_from_another_account_is_refused" file="tests\test_handoff_authority.py" line="381" time="0.140" /><testcase classname="tests.test_handoff_authority.TestConfirmation" name="test_confirmation_bound_to_a_stale_source_version_does_not_match" file="tests\test_handoff_authority.py" line="397" time="0.168" /><testcase classname="tests.test_handoff_authority.TestConfirmation" name="test_reversible_effect_needs_no_confirmation" file="tests\test_handoff_authority.py" line="435" time="0.144" /><testcase classname="tests.test_handoff_authority.TestAdapterSeam" name="test_unregistered_adapter_fails_closed" file="tests\test_handoff_authority.py" line="475" time="0.145" /><testcase classname="tests.test_handoff_authority.TestAdapterSeam" name="test_unregistered_adapter_does_not_consume_the_confirmation" file="tests\test_handoff_authority.py" line="480" time="0.236" /><testcase classname="tests.test_handoff_authority.TestAdapterSeam" name="test_adapter_never_receives_credential_material" file="tests\test_handoff_authority.py" line="497" time="0.320" /><testcase classname="tests.test_handoff_authority.TestAdapterSeam" name="test_accepted_without_an_external_id_is_rejected" file="tests\test_handoff_authority.py" line="505" time="0.001" /><testcase classname="tests.test_handoff_authority.TestRouterHalf" name="test_handoff_actions_add_no_advertised_handle" file="tests\test_handoff_authority.py" line="513" time="0.189" /><testcase classname="tests.test_handoff_authority.TestRouterHalf" name="test_handoff_actions_are_listed_for_discovery" file="tests\test_handoff_authority.py" line="533" time="0.258" /><testcase classname="tests.test_handoff_authority.TestRouterHalf" name="test_unauthenticated_router_call_is_refused" file="tests\test_handoff_authority.py" line="543" time="0.101" /><testcase classname="tests.test_handoff_authority.TestRouterHalf" name="test_router_resolves_the_actor_server_side" file="tests\test_handoff_authority.py" line="553" time="0.166" /><testcase classname="tests.test_handoff_authority.TestRouterHalf" name="test_scope_registry_derives_write_and_costly" file="tests\test_handoff_authority.py" line="567" time="0.001" /><testcase classname="tests.test_handoff_concurrency.TestDuplicateConcurrentSubmissions" name="test_only_one_request_reaches_the_adapter" file="tests\test_handoff_concurrency.py" line="147" time="0.452" /><testcase classname="tests.test_handoff_concurrency.TestDuplicateConcurrentSubmissions" name="test_losers_receive_shared_evidence_not_an_error" file="tests\test_handoff_concurrency.py" line="155" time="0.451" /><testcase classname="tests.test_handoff_concurrency.TestDuplicateConcurrentSubmissions" name="test_exactly_one_handoff_row_and_one_outcome_survive" file="tests\test_handoff_concurrency.py" line="167" time="0.470" /><testcase classname="tests.test_handoff_concurrency.TestDuplicateConcurrentSubmissions" name="test_the_transition_journal_has_no_duplicate_sequence" file="tests\test_handoff_concurrency.py" line="177" time="0.471" /><testcase classname="tests.test_handoff_concurrency.TestCompareAndSwap" name="test_a_stale_expected_state_loses_the_swap" file="tests\test_handoff_concurrency.py" line="194" time="0.967" /><testcase classname="tests.test_handoff_concurrency.TestCompareAndSwap" name="test_concurrent_downgrades_produce_exactly_one_winner" file="tests\test_handoff_concurrency.py" line="211" time="0.466" /><testcase classname="tests.test_handoff_concurrency.TestDistinctIdentityFanOut" name="test_distinct_sources_each_execute_exactly_once" file="tests\test_handoff_concurrency.py" line="242" time="1.616" /><testcase classname="tests.test_handoff_concurrency.TestDistinctIdentityFanOut" name="test_each_distinct_identity_gets_its_own_outcome" file="tests\test_handoff_concurrency.py" line="255" time="1.593" /><testcase classname="tests.test_handoff_concurrency.TestDistinctIdentityFanOut" name="test_duplicate_and_distinct_traffic_mixed" file="tests\test_handoff_concurrency.py" line="264" time="0.693" /><testcase classname="tests.test_handoff_receipts.TestEffectIdentity" name="test_identity_is_deterministic_for_the_same_source" file="tests\test_handoff_receipts.py" line="177" time="0.132" /><testcase classname="tests.test_handoff_receipts.TestEffectIdentity" name="test_identity_uses_the_landed_effect_key_space" file="tests\test_handoff_receipts.py" line="180" time="0.127" /><testcase classname="tests.test_handoff_receipts.TestEffectIdentity" name="test_identity_changes_with_the_destination" file="tests\test_handoff_receipts.py" line="183" time="0.125" /><testcase classname="tests.test_handoff_receipts.TestEffectIdentity" name="test_identity_changes_with_the_source_version" file="tests\test_handoff_receipts.py" line="197" time="0.146" /><testcase classname="tests.test_handoff_receipts.TestEffectIdentity" name="test_empty_identity_component_is_refused" file="tests\test_handoff_receipts.py" line="211" time="0.108" /><testcase classname="tests.test_handoff_receipts.TestEffectIdentity" name="test_execution_uses_the_derived_identity_not_a_caller_hint" file="tests\test_handoff_receipts.py" line="223" time="0.222" /><testcase classname="tests.test_handoff_receipts.TestDryRun" name="test_dry_run_reserves_no_receipt" file="tests\test_handoff_receipts.py" line="234" time="0.140" /><testcase classname="tests.test_handoff_receipts.TestDryRun" name="test_dry_run_creates_no_handoff_row_and_no_outcome" file="tests\test_handoff_receipts.py" line="246" time="0.135" /><testcase classname="tests.test_handoff_receipts.TestDryRun" name="test_dry_run_reports_simulated_and_redacts_the_payload" file="tests\test_handoff_receipts.py" line="260" time="0.117" /><testcase classname="tests.test_handoff_receipts.TestDryRun" name="test_dry_run_names_the_authority_still_required" file="tests\test_handoff_receipts.py" line="273" time="0.126" /><testcase classname="tests.test_handoff_receipts.TestExactlyOnce" name="test_second_execution_replays_without_a_second_push" file="tests\test_handoff_receipts.py" line="287" time="0.318" /><testcase classname="tests.test_handoff_receipts.TestExactlyOnce" name="test_replay_returns_the_same_external_id" file="tests\test_handoff_receipts.py" line="296" time="0.280" /><testcase classname="tests.test_handoff_receipts.TestExactlyOnce" name="test_the_receipt_row_is_the_canonical_journal" file="tests\test_handoff_receipts.py" line="302" time="0.209" /><testcase classname="tests.test_handoff_receipts.TestExactlyOnce" name="test_only_one_handoff_row_exists_per_identity" file="tests\test_handoff_receipts.py" line="309" time="0.222" /><testcase classname="tests.test_handoff_receipts.TestExactlyOnce" name="test_only_one_outcome_is_created_across_replays" file="tests\test_handoff_receipts.py" line="315" time="0.209" /><testcase classname="tests.test_handoff_receipts.TestExactlyOnce" name="test_receipt_success_replay_repairs_a_missing_outcome" file="tests\test_handoff_receipts.py" line="322" time="0.261" /><testcase classname="tests.test_handoff_receipts.TestExactlyOnce" name="test_concurrent_receipt_replays_create_one_outcome" file="tests\test_handoff_receipts.py" line="348" time="0.249" /><testcase classname="tests.test_handoff_receipts.TestUncertainAndRejected" name="test_ambiguous_reply_becomes_uncertain_not_retried" file="tests\test_handoff_receipts.py" line="392" time="0.175" /><testcase classname="tests.test_handoff_receipts.TestUncertainAndRejected" name="test_uncertain_effect_is_not_reissued_under_a_fresh_key" file="tests\test_handoff_receipts.py" line="404" time="0.210" /><testcase classname="tests.test_handoff_receipts.TestUncertainAndRejected" name="test_uncertain_handoff_creates_no_outcome_claim" file="tests\test_handoff_receipts.py" line="419" time="0.242" /><testcase classname="tests.test_handoff_receipts.TestUncertainAndRejected" name="test_definitive_rejection_becomes_rejected_with_no_outcome" file="tests\test_handoff_receipts.py" line="430" time="0.239" /><testcase classname="tests.test_handoff_receipts.TestLifecycleSeparation" name="test_transport_success_proves_submission_only" file="tests\test_handoff_receipts.py" line="447" time="0.486" /><testcase classname="tests.test_handoff_receipts.TestLifecycleSeparation" name="test_submitted_handoff_marks_no_verified_outcome" file="tests\test_handoff_receipts.py" line="453" time="0.203" /><testcase classname="tests.test_handoff_receipts.TestLifecycleSeparation" name="test_accepted_reply_creates_an_externally_verified_outcome" file="tests\test_handoff_receipts.py" line="459" time="0.247" /><testcase classname="tests.test_handoff_receipts.TestLifecycleSeparation" name="test_the_outcome_links_the_exact_source_and_receipt" file="tests\test_handoff_receipts.py" line="468" time="0.188" /><testcase classname="tests.test_handoff_receipts.TestLifecycleSeparation" name="test_lifecycle_transitions_are_append_only_and_contiguous" file="tests\test_handoff_receipts.py" line="478" time="0.209" /><testcase classname="tests.test_handoff_receipts.TestLifecycleSeparation" name="test_owner_cannot_declare_its_own_handoff_accepted" file="tests\test_handoff_receipts.py" line="493" time="0.181" /><testcase classname="tests.test_handoff_receipts.TestLifecycleSeparation" name="test_owner_may_downgrade_a_submitted_handoff_to_orphaned" file="tests\test_handoff_receipts.py" line="504" time="0.196" /><testcase classname="tests.test_handoff_receipts.TestLifecycleSeparation" name="test_a_downgrade_preserves_the_prior_acceptance_evidence" file="tests\test_handoff_receipts.py" line="518" time="0.214" /><testcase classname="tests.test_handoff_receipts.TestLifecycleSeparation" name="test_a_terminal_handoff_cannot_transition_again" file="tests\test_handoff_receipts.py" line="537" time="0.203" /><testcase classname="tests.test_handoff_receipts.TestOwnerScoping" name="test_another_account_cannot_read_the_handoff" file="tests\test_handoff_receipts.py" line="559" time="0.199" /><testcase classname="tests.test_handoff_receipts.TestOwnerScoping" name="test_another_account_sees_an_empty_list" file="tests\test_handoff_receipts.py" line="571" time="0.206" /><testcase classname="tests.test_handoff_store" name="test_outcome_schema_owner_creates_evidence_lifecycle_tables" file="tests\test_handoff_store.py" line="48" time="0.001" /><testcase classname="tests.test_handoff_store" name="test_outcome_schema_backfills_existing_events_as_user_attested" file="tests\test_handoff_store.py" line="80" time="0.001" /><testcase classname="tests.test_handoff_store" name="test_handoff_store_scopes_reads_and_deduplicates_effect_identity" file="tests\test_handoff_store.py" line="142" time="0.031" /><testcase classname="tests.test_handoff_store" name="test_handoff_store_appends_compare_and_swap_transitions" file="tests\test_handoff_store.py" line="165" time="0.034" /><testcase classname="tests.test_handoff_store" name="test_platform_migration_extends_the_same_outcome_registry" file="tests\test_handoff_store.py" line="199" time="0.012" /><testcase classname="tests.test_hard_rename_surfaces" name="test_active_surfaces_have_no_high_confidence_retired_workflow_names" file="tests\test_hard_rename_surfaces.py" line="84" time="13.047"><failure message="AssertionError: Retired Workflow names found in active source/config surfaces:&#10;  WORKFLOW_DESIGN_HANDOFF_FOR_POLSIA.md: legacy GitHub repository URL: 'https://github.com/Jonnyton/Workflow'&#10;  WORKFLOW_DESIGN_HANDOFF_FOR_POLSIA.md: legacy GitHub repository path: 'github.com/Jonnyton/Workflow'&#10;  WORKFLOW_DESIGN_HANDOFF_FOR_POLSIA.md: legacy GitHub repository slug: 'Jonnyton/Workflow'&#10;  .cowork-uploads\cowork-vision-activity-log-v2.txt: legacy GitHub repository URL: 'https://github.com/Jonnyton/Workflow'&#10;  .cowork-uploads\cowork-vision-activity-log-v2.txt: legacy GitHub repository path: 'github.com/Jonnyton/Workflow'&#10;  .cowork-uploads\cowork-vision-activity-log-v2.txt: legacy GitHub repository slug: 'Jonnyton/Workflow'&#10;  .cowork-uploads\cowork-vision-activity-log-v3.txt: legacy GitHub repository URL: 'https://github.com/Jonnyton/Workflow'&#10;  .cowork-uploads\cowork-vision-activity-log-v3.txt: legacy GitHub repository path: 'github.com/Jonnyton/Workflow'&#10;  .cowork-uploads\cowork-vision-activity-log-v3.txt: legacy GitHub repository slug: 'Jonnyton/Workflow'&#10;  .cowork-uploads\cowork-vision-activity-log.txt: legacy GitHub repository URL: 'https://github.com/Jonnyton/Workflow'&#10;  .cowork-uploads\cowork-vision-activity-log.txt: legacy GitHub repository path: 'github.com/Jonnyton/Workflow'&#10;  .cowork-uploads\cowork-vision-activity-log.txt: legacy GitHub repository slug: 'Jonnyton/Workflow'&#10;  COWORK_HANDOFF_2026-05-02-loop-uptime\RECOVERY_README.md: legacy GitHub repository URL: 'https://github.com/Jonnyton/Workflow'&#10;  COWORK_HANDOFF_2026-05-02-loop-uptime\RECOVERY_README.md: legacy GitHub repository path: 'github.com/Jonnyton/Workflow'&#10;  COWORK_HANDOFF_2026-05-02-loop-uptime\RECOVERY_README.md: legacy GitHub repository slug: 'Jonnyton/Workflow'&#10;  COWORK_HANDOFF_2026-05-02-loop-uptime\website-designer-prompt-loop-page.md: legacy GitHub repository slug: 'Jonnyton/Workflow'&#10;  scripts\provider_github_bootstrap.py: legacy GitHub repository slug: 'Jonnyton/Workflow'&#10;  attic\2026-07-21-recovered-tests\test_patch_announcement.py: legacy GitHub repository URL: 'https://github.com/Jonnyton/Workflow'&#10;  attic\2026-07-21-recovered-tests\test_patch_announcement.py: legacy GitHub repository path: 'github.com/Jonnyton/Workflow'&#10;  attic\2026-07-21-recovered-tests\test_patch_announcement.py: legacy GitHub repository slug: 'Jonnyton/Workflow'&#10;  .github\workflows\deploy-prod.yml: legacy GitHub repository slug: 'Jonnyton/Workflow'&#10;assert not [&quot;WORKFLOW_DESIGN_HANDOFF_FOR_POLSIA.md: legacy GitHub repository URL: 'https://github.com/Jonnyton/Workflow'&quot;, &quot;WORKF...kflow'&quot;, &quot;.cowork-uploads\\cowork-vision-activity-log-v2.txt: legacy GitHub repository slug: 'Jonnyton/Workflow'&quot;, ...]">def test_active_surfaces_have_no_high_confidence_retired_workflow_names():
        failures: list[str] = []
    
        for path in _active_text_files():
            text = path.read_text(encoding="utf-8", errors="ignore")
            rel = path.relative_to(ROOT)
            for needle, reason in RETIRED_STRINGS.items():
                if needle in text:
                    failures.append(f"{rel}: {reason}: {needle!r}")
    
&gt;       assert not failures, (
            "Retired Workflow names found in active source/config surfaces:\n"
            + "\n".join(failures)
        )
E       AssertionError: Retired Workflow names found in active source/config surfaces:
E         WORKFLOW_DESIGN_HANDOFF_FOR_POLSIA.md: legacy GitHub repository URL: 'https://github.com/Jonnyton/Workflow'
E         WORKFLOW_DESIGN_HANDOFF_FOR_POLSIA.md: legacy GitHub repository path: 'github.com/Jonnyton/Workflow'
E         WORKFLOW_DESIGN_HANDOFF_FOR_POLSIA.md: legacy GitHub repository slug: 'Jonnyton/Workflow'
E         .cowork-uploads\cowork-vision-activity-log-v2.txt: legacy GitHub repository URL: 'https://github.com/Jonnyton/Workflow'
E         .cowork-uploads\cowork-vision-activity-log-v2.txt: legacy GitHub repository path: 'github.com/Jonnyton/Workflow'
E         .cowork-uploads\cowork-vision-activity-log-v2.txt: legacy GitHub repository slug: 'Jonnyton/Workflow'
E         .cowork-uploads\cowork-vision-activity-log-v3.txt: legacy GitHub repository URL: 'https://github.com/Jonnyton/Workflow'
E         .cowork-uploads\cowork-vision-activity-log-v3.txt: legacy GitHub repository path: 'github.com/Jonnyton/Workflow'
E         .cowork-uploads\cowork-vision-activity-log-v3.txt: legacy GitHub repository slug: 'Jonnyton/Workflow'
E         .cowork-uploads\cowork-vision-activity-log.txt: legacy GitHub repository URL: 'https://github.com/Jonnyton/Workflow'
E         .cowork-uploads\cowork-vision-activity-log.txt: legacy GitHub repository path: 'github.com/Jonnyton/Workflow'
E         .cowork-uploads\cowork-vision-activity-log.txt: legacy GitHub repository slug: 'Jonnyton/Workflow'
E         COWORK_HANDOFF_2026-05-02-loop-uptime\RECOVERY_README.md: legacy GitHub repository URL: 'https://github.com/Jonnyton/Workflow'
E         COWORK_HANDOFF_2026-05-02-loop-uptime\RECOVERY_README.md: legacy GitHub repository path: 'github.com/Jonnyton/Workflow'
E         COWORK_HANDOFF_2026-05-02-loop-uptime\RECOVERY_README.md: legacy GitHub repository slug: 'Jonnyton/Workflow'
E         COWORK_HANDOFF_2026-05-02-loop-uptime\website-designer-prompt-loop-page.md: legacy GitHub repository slug: 'Jonnyton/Workflow'
E         scripts\provider_github_bootstrap.py: legacy GitHub repository slug: 'Jonnyton/Workflow'
E         attic\2026-07-21-recovered-tests\test_patch_announcement.py: legacy GitHub repository URL: 'https://github.com/Jonnyton/Workflow'
E         attic\2026-07-21-recovered-tests\test_patch_announcement.py: legacy GitHub repository path: 'github.com/Jonnyton/Workflow'
E         attic\2026-07-21-recovered-tests\test_patch_announcement.py: legacy GitHub repository slug: 'Jonnyton/Workflow'
E         .github\workflows\deploy-prod.yml: legacy GitHub repository slug: 'Jonnyton/Workflow'
E       assert not ["WORKFLOW_DESIGN_HANDOFF_FOR_POLSIA.md: legacy GitHub repository URL: 'https://github.com/Jonnyton/Workflow'", "WORKF...kflow'", ".cowork-uploads\\cowork-vision-activity-log-v2.txt: legacy GitHub repository slug: 'Jonnyton/Workflow'", ...]

tests\test_hard_rename_surfaces.py:95: AssertionError</failure></testcase><testcase classname="tests.test_host_binding_auth" name="test_dedicated_audience_subject_and_recent_interactive_auth_resolve" file="tests\test_host_binding_auth.py" line="75" time="0.042" /><testcase classname="tests.test_host_binding_auth" name="test_only_the_exact_sole_host_binding_audience_is_accepted[https://tinyassets.io/mcp]" file="tests\test_host_binding_auth.py" line="97" time="0.001" /><testcase classname="tests.test_host_binding_auth" name="test_only_the_exact_sole_host_binding_audience_is_accepted[audience1]" file="tests\test_host_binding_auth.py" line="97" time="0.001" /><testcase classname="tests.test_host_binding_auth" name="test_only_the_exact_sole_host_binding_audience_is_accepted[audience2]" file="tests\test_host_binding_auth.py" line="97" time="0.001" /><testcase classname="tests.test_host_binding_auth" name="test_only_the_exact_sole_host_binding_audience_is_accepted[audience3]" file="tests\test_host_binding_auth.py" line="97" time="0.001" /><testcase classname="tests.test_host_binding_auth" name="test_only_the_exact_sole_host_binding_audience_is_accepted[https://other.example/resource]" file="tests\test_host_binding_auth.py" line="97" time="0.001" /><testcase classname="tests.test_host_binding_auth" name="test_only_the_exact_sole_host_binding_audience_is_accepted[audience5]" file="tests\test_host_binding_auth.py" line="97" time="0.001" /><testcase classname="tests.test_host_binding_auth" name="test_only_the_exact_sole_host_binding_audience_is_accepted[None]" file="tests\test_host_binding_auth.py" line="97" time="0.002" /><testcase classname="tests.test_host_binding_auth" name="test_wrong_identity_permission_or_organization_claim_fails[claims0]" file="tests\test_host_binding_auth.py" line="122" time="0.001" /><testcase classname="tests.test_host_binding_auth" name="test_wrong_identity_permission_or_organization_claim_fails[claims1]" file="tests\test_host_binding_auth.py" line="122" time="0.001" /><testcase classname="tests.test_host_binding_auth" name="test_wrong_identity_permission_or_organization_claim_fails[claims2]" file="tests\test_host_binding_auth.py" line="122" time="0.001" /><testcase classname="tests.test_host_binding_auth" name="test_wrong_identity_permission_or_organization_claim_fails[claims3]" file="tests\test_host_binding_auth.py" line="122" time="0.001" /><testcase classname="tests.test_host_binding_auth" name="test_wrong_identity_permission_or_organization_claim_fails[claims4]" file="tests\test_host_binding_auth.py" line="122" time="0.001" /><testcase classname="tests.test_host_binding_auth" name="test_wrong_identity_permission_or_organization_claim_fails[claims5]" file="tests\test_host_binding_auth.py" line="122" time="0.001" /><testcase classname="tests.test_host_binding_auth" name="test_wrong_identity_permission_or_organization_claim_fails[claims6]" file="tests\test_host_binding_auth.py" line="122" time="0.001" /><testcase classname="tests.test_host_binding_auth" name="test_wrong_identity_permission_or_organization_claim_fails[claims7]" file="tests\test_host_binding_auth.py" line="122" time="0.001" /><testcase classname="tests.test_host_binding_auth" name="test_wrong_identity_permission_or_organization_claim_fails[claims8]" file="tests\test_host_binding_auth.py" line="122" time="0.001" /><testcase classname="tests.test_host_binding_auth" name="test_wrong_identity_permission_or_organization_claim_fails[claims9]" file="tests\test_host_binding_auth.py" line="122" time="0.001" /><testcase classname="tests.test_host_binding_auth" name="test_wrong_identity_permission_or_organization_claim_fails[claims10]" file="tests\test_host_binding_auth.py" line="122" time="0.001" /><testcase classname="tests.test_host_binding_auth" name="test_wrong_identity_permission_or_organization_claim_fails[claims11]" file="tests\test_host_binding_auth.py" line="122" time="0.001" /><testcase classname="tests.test_host_binding_auth" name="test_wrong_identity_permission_or_organization_claim_fails[claims12]" file="tests\test_host_binding_auth.py" line="122" time="0.001" /><testcase classname="tests.test_host_binding_auth" name="test_missing_or_malformed_auth_time_fails[None]" file="tests\test_host_binding_auth.py" line="154" time="0.001" /><testcase classname="tests.test_host_binding_auth" name="test_missing_or_malformed_auth_time_fails[-1]" file="tests\test_host_binding_auth.py" line="154" time="0.001" /><testcase classname="tests.test_host_binding_auth" name="test_missing_or_malformed_auth_time_fails[recent]" file="tests\test_host_binding_auth.py" line="154" time="0.001" /><testcase classname="tests.test_host_binding_auth" name="test_missing_or_malformed_auth_time_fails[True]" file="tests\test_host_binding_auth.py" line="154" time="0.001" /><testcase classname="tests.test_host_binding_auth" name="test_stale_auth_time_fails_even_when_iat_is_fresh" file="tests\test_host_binding_auth.py" line="165" time="0.001" /><testcase classname="tests.test_host_binding_auth" name="test_future_auth_time_fails" file="tests\test_host_binding_auth.py" line="171" time="0.001" /><testcase classname="tests.test_host_binding_auth" name="test_tls_authorization_bearer_is_the_only_request_authority[None]" file="tests\test_host_binding_auth.py" line="182" time="0.001" /><testcase classname="tests.test_host_binding_auth" name="test_tls_authorization_bearer_is_the_only_request_authority[]" file="tests\test_host_binding_auth.py" line="182" time="0.001" /><testcase classname="tests.test_host_binding_auth" name="test_tls_authorization_bearer_is_the_only_request_authority[Basic abc]" file="tests\test_host_binding_auth.py" line="182" time="0.001" /><testcase classname="tests.test_host_binding_auth" name="test_tls_authorization_bearer_is_the_only_request_authority[Bearer]" file="tests\test_host_binding_auth.py" line="182" time="0.001" /><testcase classname="tests.test_host_binding_auth" name="test_tls_authorization_bearer_is_the_only_request_authority[Bearer first second]" file="tests\test_host_binding_auth.py" line="182" time="0.001" /><testcase classname="tests.test_host_binding_auth" name="test_plain_http_refuses_an_otherwise_valid_bearer" file="tests\test_host_binding_auth.py" line="204" time="0.001" /><testcase classname="tests.test_host_binding_auth" name="test_alternate_or_browser_ambient_authority_refuses_a_valid_bearer[alternate_authority0]" file="tests\test_host_binding_auth.py" line="216" time="0.001" /><testcase classname="tests.test_host_binding_auth" name="test_alternate_or_browser_ambient_authority_refuses_a_valid_bearer[alternate_authority1]" file="tests\test_host_binding_auth.py" line="216" time="0.001" /><testcase classname="tests.test_host_binding_auth" name="test_alternate_or_browser_ambient_authority_refuses_a_valid_bearer[alternate_authority2]" file="tests\test_host_binding_auth.py" line="216" time="0.001" /><testcase classname="tests.test_host_binding_auth" name="test_alternate_or_browser_ambient_authority_refuses_a_valid_bearer[alternate_authority3]" file="tests\test_host_binding_auth.py" line="216" time="0.001" /><testcase classname="tests.test_host_binding_auth" name="test_alternate_or_browser_ambient_authority_refuses_a_valid_bearer[alternate_authority4]" file="tests\test_host_binding_auth.py" line="216" time="0.001" /><testcase classname="tests.test_host_binding_auth" name="test_from_env_requires_dedicated_resource_without_mcp_fallback" file="tests\test_host_binding_auth.py" line="244" time="0.001" /><testcase classname="tests.test_host_binding_auth" name="test_from_env_rejects_the_global_audience_disable_override" file="tests\test_host_binding_auth.py" line="256" time="0.001" /><testcase classname="tests.test_host_binding_auth" name="test_from_env_rejects_reusing_the_mcp_resource" file="tests\test_host_binding_auth.py" line="265" time="0.001" /><testcase classname="tests.test_host_binding_proof" name="test_closed_operation_route_scope_and_signature_role_matrix" file="tests\test_host_binding_proof.py" line="152" time="0.001" /><testcase classname="tests.test_host_binding_proof" name="test_direct_account_revoke_is_a_separate_recent_recovery_contract" file="tests\test_host_binding_proof.py" line="252" time="0.001" /><testcase classname="tests.test_host_binding_proof" name="test_normative_v1_wire_dto_field_sets_are_closed" file="tests\test_host_binding_proof.py" line="271" time="0.001" /><testcase classname="tests.test_host_binding_proof" name="test_wire_dto_parser_rejects_missing_extra_duplicate_and_wrong_schema" file="tests\test_host_binding_proof.py" line="381" time="0.001" /><testcase classname="tests.test_host_binding_proof" name="test_wire_dto_parser_rejects_non_finite_i_json_numbers[NaN]" file="tests\test_host_binding_proof.py" line="403" time="0.001" /><testcase classname="tests.test_host_binding_proof" name="test_wire_dto_parser_rejects_non_finite_i_json_numbers[Infinity]" file="tests\test_host_binding_proof.py" line="403" time="0.001" /><testcase classname="tests.test_host_binding_proof" name="test_wire_dto_parser_rejects_non_finite_i_json_numbers[-Infinity]" file="tests\test_host_binding_proof.py" line="403" time="0.001" /><testcase classname="tests.test_host_binding_proof" name="test_challenge_request_closes_operation_and_nested_intent_semantics" file="tests\test_host_binding_proof.py" line="415" time="0.001" /><testcase classname="tests.test_host_binding_proof" name="test_session_registration_closes_current_host_pool_enums_types_and_ranges" file="tests\test_host_binding_proof.py" line="438" time="0.001" /><testcase classname="tests.test_host_binding_proof" name="test_session_registration_accepts_exact_postgres_numeric_boundaries[max_concurrent-2147483647]" file="tests\test_host_binding_proof.py" line="469" time="0.001" /><testcase classname="tests.test_host_binding_proof" name="test_session_registration_accepts_exact_postgres_numeric_boundaries[price_floor-0]" file="tests\test_host_binding_proof.py" line="469" time="0.001" /><testcase classname="tests.test_host_binding_proof" name="test_session_registration_accepts_exact_postgres_numeric_boundaries[price_floor-1e-06]" file="tests\test_host_binding_proof.py" line="469" time="0.001" /><testcase classname="tests.test_host_binding_proof" name="test_session_registration_accepts_exact_postgres_numeric_boundaries[price_floor-999999999999.1234]" file="tests\test_host_binding_proof.py" line="469" time="0.001" /><testcase classname="tests.test_host_binding_proof" name="test_i_json_safe_integer_domain_rejects_oversized_numbers_without_overflow" file="tests\test_host_binding_proof.py" line="499" time="0.001" /><testcase classname="tests.test_host_binding_proof" name="test_revocation_reason_is_fail_closed_until_spec_names_allowlisted_codes" file="tests\test_host_binding_proof.py" line="515" time="0.001" /><testcase classname="tests.test_host_binding_proof" name="test_fixed_status_and_error_enums_fail_closed" file="tests\test_host_binding_proof.py" line="527" time="0.001" /><testcase classname="tests.test_host_binding_proof" name="test_policy_version_and_thumbprint_encoding_are_exact" file="tests\test_host_binding_proof.py" line="566" time="0.001" /><testcase classname="tests.test_host_binding_proof" name="test_substituted_route_id_must_equal_the_typed_intent_id[read-host_principal_id]" file="tests\test_host_binding_proof.py" line="598" time="0.001" /><testcase classname="tests.test_host_binding_proof" name="test_substituted_route_id_must_equal_the_typed_intent_id[revoke-host_principal_id]" file="tests\test_host_binding_proof.py" line="598" time="0.001" /><testcase classname="tests.test_host_binding_proof" name="test_substituted_route_id_must_equal_the_typed_intent_id[rotate-host_principal_id]" file="tests\test_host_binding_proof.py" line="598" time="0.001" /><testcase classname="tests.test_host_binding_proof" name="test_substituted_route_id_must_equal_the_typed_intent_id[renew-host_principal_id]" file="tests\test_host_binding_proof.py" line="598" time="0.001" /><testcase classname="tests.test_host_binding_proof" name="test_substituted_route_id_must_equal_the_typed_intent_id[recover-host_principal_id]" file="tests\test_host_binding_proof.py" line="598" time="0.001" /><testcase classname="tests.test_host_binding_proof" name="test_substituted_route_id_must_equal_the_typed_intent_id[session_heartbeat-host_session_id]" file="tests\test_host_binding_proof.py" line="598" time="0.001" /><testcase classname="tests.test_host_binding_proof" name="test_substituted_route_id_must_equal_the_typed_intent_id[session_deregister-host_session_id]" file="tests\test_host_binding_proof.py" line="598" time="0.001" /><testcase classname="tests.test_host_binding_proof" name="test_each_proof_requiring_operation_verifies[enroll]" file="tests\test_host_binding_proof.py" line="617" time="0.001" /><testcase classname="tests.test_host_binding_proof" name="test_each_proof_requiring_operation_verifies[read]" file="tests\test_host_binding_proof.py" line="617" time="0.001" /><testcase classname="tests.test_host_binding_proof" name="test_each_proof_requiring_operation_verifies[revoke]" file="tests\test_host_binding_proof.py" line="617" time="0.001" /><testcase classname="tests.test_host_binding_proof" name="test_each_proof_requiring_operation_verifies[rotate]" file="tests\test_host_binding_proof.py" line="617" time="0.001" /><testcase classname="tests.test_host_binding_proof" name="test_each_proof_requiring_operation_verifies[renew]" file="tests\test_host_binding_proof.py" line="617" time="0.001" /><testcase classname="tests.test_host_binding_proof" name="test_each_proof_requiring_operation_verifies[recover]" file="tests\test_host_binding_proof.py" line="617" time="0.001" /><testcase classname="tests.test_host_binding_proof" name="test_each_proof_requiring_operation_verifies[session_register]" file="tests\test_host_binding_proof.py" line="617" time="0.001" /><testcase classname="tests.test_host_binding_proof" name="test_each_proof_requiring_operation_verifies[session_heartbeat]" file="tests\test_host_binding_proof.py" line="617" time="0.001" /><testcase classname="tests.test_host_binding_proof" name="test_each_proof_requiring_operation_verifies[session_deregister]" file="tests\test_host_binding_proof.py" line="617" time="0.001" /><testcase classname="tests.test_host_binding_proof" name="test_inventory_cannot_construct_device_proof_signing_bytes" file="tests\test_host_binding_proof.py" line="639" time="0.001" /><testcase classname="tests.test_host_binding_proof" name="test_signing_bytes_are_exact_rfc8785_bytes_with_domain_separation" file="tests\test_host_binding_proof.py" line="644" time="0.001" /><testcase classname="tests.test_host_binding_proof" name="test_every_signed_binding_field_is_load_bearing[schema_version-host-binding-v2]" file="tests\test_host_binding_proof.py" line="670" time="0.001" /><testcase classname="tests.test_host_binding_proof" name="test_every_signed_binding_field_is_load_bearing[policy_version-host-binding-v0]" file="tests\test_host_binding_proof.py" line="670" time="0.001" /><testcase classname="tests.test_host_binding_proof" name="test_every_signed_binding_field_is_load_bearing[operation-recover]" file="tests\test_host_binding_proof.py" line="670" time="0.001" /><testcase classname="tests.test_host_binding_proof" name="test_every_signed_binding_field_is_load_bearing[permission-host:manage]" file="tests\test_host_binding_proof.py" line="670" time="0.001" /><testcase classname="tests.test_host_binding_proof" name="test_every_signed_binding_field_is_load_bearing[issuer-https://attacker.example]" file="tests\test_host_binding_proof.py" line="670" time="0.011" /><testcase classname="tests.test_host_binding_proof" name="test_every_signed_binding_field_is_load_bearing[subject-user_OTHER]" file="tests\test_host_binding_proof.py" line="670" time="0.012" /><testcase classname="tests.test_host_binding_proof" name="test_every_signed_binding_field_is_load_bearing[audience-https://tinyassets.io/mcp]" file="tests\test_host_binding_proof.py" line="670" time="0.012" /><testcase classname="tests.test_host_binding_proof" name="test_every_signed_binding_field_is_load_bearing[method-GET]" file="tests\test_host_binding_proof.py" line="670" time="0.001" /><testcase classname="tests.test_host_binding_proof" name="test_every_signed_binding_field_is_load_bearing[path-/v1/host-principals/{id}:read]" file="tests\test_host_binding_proof.py" line="670" time="0.001" /><testcase classname="tests.test_host_binding_proof" name="test_every_signed_binding_field_is_load_bearing[body_sha256-sha256:cdcdcdcdcdcdcdcdcdcdcdcdcdcdcdcdcdcdcdcdcdcdcdcdcdcdcdcdcdcdcdcd]" file="tests\test_host_binding_proof.py" line="670" time="0.012" /><testcase classname="tests.test_host_binding_proof" name="test_every_signed_binding_field_is_load_bearing[key_thumbprints-value10]" file="tests\test_host_binding_proof.py" line="670" time="0.012" /><testcase classname="tests.test_host_binding_proof" name="test_every_signed_binding_field_is_load_bearing[host_principal_id-hp_OTHER]" file="tests\test_host_binding_proof.py" line="670" time="0.001" /><testcase classname="tests.test_host_binding_proof" name="test_every_signed_binding_field_is_load_bearing[expected_generation-8]" file="tests\test_host_binding_proof.py" line="670" time="0.001" /><testcase classname="tests.test_host_binding_proof" name="test_every_signed_binding_field_is_load_bearing[challenge_id_b64u-eHh4eHh4eHh4eHh4eHh4eHh4eHh4eHh4eHh4eHh4eHg]" file="tests\test_host_binding_proof.py" line="670" time="0.011" /><testcase classname="tests.test_host_binding_proof" name="test_every_signed_binding_field_is_load_bearing[issued_at-1799999969]" file="tests\test_host_binding_proof.py" line="670" time="0.001" /><testcase classname="tests.test_host_binding_proof" name="test_every_signed_binding_field_is_load_bearing[expires_at-1800000269]" file="tests\test_host_binding_proof.py" line="670" time="0.011" /><testcase classname="tests.test_host_binding_proof" name="test_unicode_normalization_variants_do_not_share_a_signature" file="tests\test_host_binding_proof.py" line="700" time="0.011" /><testcase classname="tests.test_host_binding_proof" name="test_exact_rfc8037_jwk_and_canonical_base64url_are_required" file="tests\test_host_binding_proof.py" line="710" time="0.065" /><testcase classname="tests.test_host_binding_proof" name="test_signature_shape_and_exact_role_map_fail_closed[padding]" file="tests\test_host_binding_proof.py" line="731" time="0.012" /><testcase classname="tests.test_host_binding_proof" name="test_signature_shape_and_exact_role_map_fail_closed[short]" file="tests\test_host_binding_proof.py" line="731" time="0.011" /><testcase classname="tests.test_host_binding_proof" name="test_signature_shape_and_exact_role_map_fail_closed[extra_role]" file="tests\test_host_binding_proof.py" line="731" time="0.012" /><testcase classname="tests.test_host_binding_proof" name="test_signature_shape_and_exact_role_map_fail_closed[missing_role]" file="tests\test_host_binding_proof.py" line="731" time="0.011" /><testcase classname="tests.test_host_binding_proof" name="test_rotation_requires_distinct_keys_signing_the_same_input_in_fixed_roles" file="tests\test_host_binding_proof.py" line="749" time="0.023" /><testcase classname="tests.test_host_binding_proof" name="test_signature_without_the_domain_separator_is_refused" file="tests\test_host_binding_proof.py" line="767" time="0.012" /><testcase classname="tests.test_host_binding_proof" name="test_proof_time_window_is_current_and_at_most_five_minutes[binding0]" file="tests\test_host_binding_proof.py" line="779" time="0.012" /><testcase classname="tests.test_host_binding_proof" name="test_proof_time_window_is_current_and_at_most_five_minutes[binding1]" file="tests\test_host_binding_proof.py" line="779" time="0.011" /><testcase classname="tests.test_host_binding_proof" name="test_proof_time_window_is_current_and_at_most_five_minutes[binding2]" file="tests\test_host_binding_proof.py" line="779" time="0.001" /><testcase classname="tests.test_host_binding_proof" name="test_transport_signing_input_must_be_exact_and_canonical" file="tests\test_host_binding_proof.py" line="794" time="0.022" /><testcase classname="tests.test_host_binding_proof" name="test_nonce_is_consumed_only_after_valid_proof_and_replay_is_refused" file="tests\test_host_binding_proof.py" line="803" time="0.022" /><testcase classname="tests.test_host_binding_proof" name="test_consume_backend_failure_propagates_instead_of_becoming_proof_refusal" file="tests\test_host_binding_proof.py" line="832" time="0.001" /><testcase classname="tests.test_host_binding_proof" name="test_duplicate_json_members_and_invalid_unicode_are_refused[{&quot;schema_version&quot;:&quot;host-binding-v1&quot;,&quot;schema_version&quot;:&quot;host-binding-v1&quot;,&quot;challenge_id_b64u&quot;:&quot;x&quot;,&quot;signatures&quot;:{}}]" file="tests\test_host_binding_proof.py" line="840" time="0.011" /><testcase classname="tests.test_host_binding_proof" name="test_duplicate_json_members_and_invalid_unicode_are_refused[{&quot;schema_version&quot;:&quot;host-binding-v1&quot;,&quot;challenge_id_b64u&quot;:&quot;x&quot;,&quot;signatures&quot;:{&quot;new&quot;:&quot;a&quot;,&quot;new&quot;:&quot;b&quot;}}]" file="tests\test_host_binding_proof.py" line="840" time="0.011" /><testcase classname="tests.test_host_binding_proof" name="test_duplicate_json_members_and_invalid_unicode_are_refused[{&quot;schema_version&quot;:&quot;host-binding-v1&quot;,&quot;challenge_id_b64u&quot;:&quot;\ud800&quot;,&quot;signatures&quot;:{&quot;new&quot;:&quot;a&quot;}}]" file="tests\test_host_binding_proof.py" line="840" time="0.012" /><testcase classname="tests.test_host_binding_proof" name="test_non_finite_numeric_binding_is_refused" file="tests\test_host_binding_proof.py" line="863" time="0.001" /><testcase classname="tests.test_host_binding_proof" name="test_enrollment_and_post_enrollment_issuance_limits_are_separate" file="tests\test_host_binding_proof.py" line="869" time="0.001" /><testcase classname="tests.test_host_binding_proof" name="test_refusal_work_is_size_bounded_and_has_one_non_enumerating_public_shape" file="tests\test_host_binding_proof.py" line="879" time="0.033" /><testcase classname="tests.test_host_binding_proof" name="test_shared_refusal_timing_class_is_reason_agnostic[authentication-0.001]" file="tests\test_host_binding_proof.py" line="903" time="0.001" /><testcase classname="tests.test_host_binding_proof" name="test_shared_refusal_timing_class_is_reason_agnostic[rate_limit-0.002]" file="tests\test_host_binding_proof.py" line="903" time="0.001" /><testcase classname="tests.test_host_binding_proof" name="test_shared_refusal_timing_class_is_reason_agnostic[absence-0.003]" file="tests\test_host_binding_proof.py" line="903" time="0.001" /><testcase classname="tests.test_host_binding_proof" name="test_shared_refusal_timing_class_is_reason_agnostic[mismatch-0.004]" file="tests\test_host_binding_proof.py" line="903" time="0.001" /><testcase classname="tests.test_host_binding_proof" name="test_shared_refusal_timing_class_is_reason_agnostic[replay-0.009]" file="tests\test_host_binding_proof.py" line="903" time="0.001" /><testcase classname="tests.test_host_binding_proof" name="test_verifier_uses_shared_refusal_timing_class[mismatch]" file="tests\test_host_binding_proof.py" line="930" time="0.001" /><testcase classname="tests.test_host_binding_proof" name="test_verifier_uses_shared_refusal_timing_class[replay]" file="tests\test_host_binding_proof.py" line="930" time="0.001" /><testcase classname="tests.test_host_binding_proof" name="test_over_budget_refusal_becomes_an_operational_timing_error" file="tests\test_host_binding_proof.py" line="955" time="0.001" /><testcase classname="tests.test_host_binding_proof" name="test_valid_enrollment_proof_verifies_before_one_use_consumption" file="tests\test_host_binding_proof.py" line="964" time="0.001" /><testcase classname="tests.test_host_binding_proof" name="test_enrollment_writers_default_dark_and_scrub_raw_idempotency_material" file="tests\test_host_binding_proof.py" line="1115" time="0.001" /><testcase classname="tests.test_host_binding_proof" name="test_enrollment_crash_and_response_loss_converge_with_fresh_challenge" file="tests\test_host_binding_proof.py" line="1128" time="0.013" /><testcase classname="tests.test_host_binding_proof" name="test_enrollment_changed_body_conflicts_until_receipt_expires" file="tests\test_host_binding_proof.py" line="1150" time="0.002" /><testcase classname="tests.test_host_binding_proof" name="test_enrollment_concurrency_has_one_winner_but_distinct_devices_do_not_merge" file="tests\test_host_binding_proof.py" line="1167" time="0.013" /><testcase classname="tests.test_host_binding_proof" name="test_cross_subject_key_reuse_is_non_enumerating" file="tests\test_host_binding_proof.py" line="1198" time="0.002" /><testcase classname="tests.test_host_binding_proof" name="test_private_inventory_defaults_to_25_and_pages_subject_only" file="tests\test_host_binding_proof.py" line="1289" time="0.002" /><testcase classname="tests.test_host_binding_proof" name="test_private_inventory_accepts_100_maximum_and_refuses_owner_injection" file="tests\test_host_binding_proof.py" line="1319" time="0.005" /><testcase classname="tests.test_host_binding_proof" name="test_inventory_cursor_is_subject_bound_and_mcp_audience_is_refused" file="tests\test_host_binding_proof.py" line="1334" time="0.002" /><testcase classname="tests.test_host_binding_proof" name="test_inventory_requires_recent_step_up_manage_authority[identity0]" file="tests\test_host_binding_proof.py" line="1354" time="0.001" /><testcase classname="tests.test_host_binding_proof" name="test_inventory_requires_recent_step_up_manage_authority[identity1]" file="tests\test_host_binding_proof.py" line="1354" time="0.001" /><testcase classname="tests.test_host_binding_proof" name="test_inventory_requires_recent_step_up_manage_authority[identity2]" file="tests\test_host_binding_proof.py" line="1354" time="0.001" /><testcase classname="tests.test_host_binding_proof" name="test_inventory_allows_lost_device_discovery_but_grants_no_authority" file="tests\test_host_binding_proof.py" line="1372" time="0.001" /><testcase classname="tests.test_host_binding_proof" name="test_principal_expires_at_90_days_and_renews_only_in_final_30_days" file="tests\test_host_binding_proof.py" line="1622" time="0.002" /><testcase classname="tests.test_host_binding_proof" name="test_lifecycle_generation_cas_and_revoke_are_terminal_and_idempotent" file="tests\test_host_binding_proof.py" line="1643" time="0.002" /><testcase classname="tests.test_host_binding_proof" name="test_rotation_requires_role_correct_same_input_dual_key_proof_and_fences_old_key" file="tests\test_host_binding_proof.py" line="1659" time="0.002" /><testcase classname="tests.test_host_binding_proof" name="test_recovery_is_atomic_and_response_loss_returns_committed_replacement" file="tests\test_host_binding_proof.py" line="1688" time="0.003" /><testcase classname="tests.test_host_binding_proof" name="test_recovery_refuses_unbounded_or_non_nfc_device_label_before_mutation[xxxxxxxxxxxxxxxxxxxxxxxxxxxxxxxxxxxxxxxxxxxxxxxxxxxxxxxxxxxxxxxxx]" file="tests\test_host_binding_proof.py" line="1720" time="0.001" /><testcase classname="tests.test_host_binding_proof" name="test_recovery_refuses_unbounded_or_non_nfc_device_label_before_mutation[e\u0301]" file="tests\test_host_binding_proof.py" line="1720" time="0.001" /><testcase classname="tests.test_host_binding_proof" name="test_prospective_fence_rechecks_status_generation_and_expiry_before_commit" file="tests\test_host_binding_proof.py" line="1728" time="0.001" /><testcase classname="tests.test_host_independence_runbook" name="test_runbook_exists" file="tests\test_host_independence_runbook.py" line="78" time="0.001" /><testcase classname="tests.test_host_independence_runbook" name="test_workflow_exists" file="tests\test_host_independence_runbook.py" line="82" time="0.001" /><testcase classname="tests.test_host_independence_runbook" name="test_metadata_has_runbook_refs" file="tests\test_host_independence_runbook.py" line="86" time="0.001" /><testcase classname="tests.test_host_independence_runbook" name="test_every_metadata_anchor_resolves_in_runbook" file="tests\test_host_independence_runbook.py" line="108" time="0.001" /><testcase classname="tests.test_host_independence_runbook" name="test_runbook_has_per_secret_rotation_headings" file="tests\test_host_independence_runbook.py" line="126" time="0.001" /><testcase classname="tests.test_host_independence_runbook" name="test_do_ssh_key_anchor_points_to_backup_section" file="tests\test_host_independence_runbook.py" line="154" time="0.001" /><testcase classname="tests.test_host_pool_client" name="test_missing_supabase_url_raises" file="tests\test_host_pool_client.py" line="71" time="0.001" /><testcase classname="tests.test_host_pool_client" name="test_missing_service_role_key_raises" file="tests\test_host_pool_client.py" line="79" time="0.001" /><testcase classname="tests.test_host_pool_client" name="test_env_fallback_picks_up_both" file="tests\test_host_pool_client.py" line="87" time="0.001" /><testcase classname="tests.test_host_pool_client" name="test_register_posts_payload_and_returns_row" file="tests\test_host_pool_client.py" line="98" time="0.001" /><testcase classname="tests.test_host_pool_client" name="test_register_with_price_floor_passes_through" file="tests\test_host_pool_client.py" line="134" time="0.001" /><testcase classname="tests.test_host_pool_client" name="test_register_error_raises_host_pool_error" file="tests\test_host_pool_client.py" line="151" time="0.001" /><testcase classname="tests.test_host_pool_client" name="test_heartbeat_patches_with_eq_filter" file="tests\test_host_pool_client.py" line="160" time="0.001" /><testcase classname="tests.test_host_pool_client" name="test_update_visibility_sends_correct_patch" file="tests\test_host_pool_client.py" line="171" time="0.001" /><testcase classname="tests.test_host_pool_client" name="test_update_capability_sends_correct_patch" file="tests\test_host_pool_client.py" line="179" time="0.001" /><testcase classname="tests.test_host_pool_client" name="test_deregister_issues_delete" file="tests\test_host_pool_client.py" line="186" time="0.001" /><testcase classname="tests.test_host_pool_client" name="test_get_existing_row" file="tests\test_host_pool_client.py" line="195" time="0.001" /><testcase classname="tests.test_host_pool_client" name="test_get_missing_row_returns_none" file="tests\test_host_pool_client.py" line="207" time="0.001" /><testcase classname="tests.test_host_pool_client" name="test_ensure_capability_posts_with_ignore_duplicates" file="tests\test_host_pool_client.py" line="212" time="0.001" /><testcase classname="tests.test_host_pool_client" name="test_list_pending_requests_filters_and_orders" file="tests\test_host_pool_client.py" line="231" time="0.002" /><testcase classname="tests.test_host_pool_client" name="test_list_pending_returns_empty_on_non_list_body" file="tests\test_host_pool_client.py" line="246" time="0.001" /><testcase classname="tests.test_host_pool_client" name="test_register_daemon_ensures_capability_then_registers" file="tests\test_host_pool_client.py" line="254" time="0.001" /><testcase classname="tests.test_host_pool_client" name="test_register_daemon_splits_capability_id_on_colon" file="tests\test_host_pool_client.py" line="279" time="0.001" /><testcase classname="tests.test_host_pool_client" name="test_register_daemon_explicit_node_type_overrides_split" file="tests\test_host_pool_client.py" line="296" time="0.001" /><testcase classname="tests.test_host_pool_client" name="test_heartbeat_loop_rejects_too_fast_interval" file="tests\test_host_pool_client.py" line="318" time="0.001" /><testcase classname="tests.test_host_pool_client" name="test_heartbeat_loop_runs_and_stops" file="tests\test_host_pool_client.py" line="323" time="0.064" /><testcase classname="tests.test_host_pool_client" name="test_heartbeat_loop_surfaces_errors_via_callback" file="tests\test_host_pool_client.py" line="349" time="0.062" /><testcase classname="tests.test_host_pool_client" name="test_bid_poller_tick_reports_only_new_requests" file="tests\test_host_pool_client.py" line="377" time="0.001" /><testcase classname="tests.test_host_pool_client" name="test_bid_poller_skips_rows_missing_request_id" file="tests\test_host_pool_client.py" line="401" time="0.001" /><testcase classname="tests.test_host_pool_client" name="test_bid_poller_callback_exception_does_not_break_loop" file="tests\test_host_pool_client.py" line="414" time="0.058" /><testcase classname="tests.test_host_uptime_installers" name="test_fresh_install_converges_exact_manifest" file="tests\test_host_uptime_installers.py" line="747" time="0.029"><failure message="FileNotFoundError: [WinError 3] The system cannot find the path specified: 'C:\\Users\\Jonathan\\AppData\\Local\\Temp\\pytest-of-Jonathan\\pytest-7404\\test_fresh_install_converges_e0\\systemd'">tmp_path = WindowsPath('C:/Users/Jonathan/AppData/Local/Temp/pytest-of-Jonathan/pytest-7404/test_fresh_install_converges_e0')

    def test_fresh_install_converges_exact_manifest(tmp_path):
        env = _install_env(tmp_path)
        result = _run_installer(env)
    
        assert result.returncode == 0, f"{result.stdout}\n{result.stderr}"
        systemd = tmp_path / "systemd"
&gt;       assert {path.name for path in systemd.iterdir()} == set(UNIT_FILES)
                                      ^^^^^^^^^^^^^^^^^

tests\test_host_uptime_installers.py:754: 
_ _ _ _ _ _ _ _ _ _ _ _ _ _ _ _ _ _ _ _ _ _ _ _ _ _ _ _ _ _ _ _ _ _ _ _ _ _ _ _

self = WindowsPath('C:/Users/Jonathan/AppData/Local/Temp/pytest-of-Jonathan/pytest-7404/test_fresh_install_converges_e0/systemd')

    def iterdir(self):
        """Yield path objects of the directory contents.
    
        The children are yielded in arbitrary order, and the
        special entries '.' and '..' are not included.
        """
        root_dir = str(self)
&gt;       with os.scandir(root_dir) as scandir_it:
             ^^^^^^^^^^^^^^^^^^^^
E       FileNotFoundError: [WinError 3] The system cannot find the path specified: 'C:\\Users\\Jonathan\\AppData\\Local\\Temp\\pytest-of-Jonathan\\pytest-7404\\test_fresh_install_converges_e0\\systemd'

C:\Python314\Lib\pathlib\__init__.py:836: FileNotFoundError</failure></testcase><testcase classname="tests.test_host_uptime_installers" name="test_repeat_install_repairs_disabled_current_timer" file="tests\test_host_uptime_installers.py" line="791" time="0.027"><failure message="FileNotFoundError: [WinError 2] The system cannot find the file specified: 'C:\\Users\\Jonathan\\AppData\\Local\\Temp\\pytest-of-Jonathan\\pytest-7404\\test_repeat_install_repairs_di0\\state\\tinyassets-watchdog.timer.active'">tmp_path = WindowsPath('C:/Users/Jonathan/AppData/Local/Temp/pytest-of-Jonathan/pytest-7404/test_repeat_install_repairs_di0')

    def test_repeat_install_repairs_disabled_current_timer(tmp_path):
        env = _install_env(tmp_path)
        assert _run_installer(env).returncode == 0
        state = tmp_path / "state"
&gt;       (state / f"{TIMERS[0]}.active").unlink()

tests\test_host_uptime_installers.py:796: 
_ _ _ _ _ _ _ _ _ _ _ _ _ _ _ _ _ _ _ _ _ _ _ _ _ _ _ _ _ _ _ _ _ _ _ _ _ _ _ _

self = WindowsPath('C:/Users/Jonathan/AppData/Local/Temp/pytest-of-Jonathan/pytest-7404/test_repeat_install_repairs_di0/state/tinyassets-watchdog.timer.active')
missing_ok = False

    def unlink(self, missing_ok=False):
        """
        Remove this file or link.
        If the path is a directory, use rmdir() instead.
        """
        try:
&gt;           os.unlink(self)
E           FileNotFoundError: [WinError 2] The system cannot find the file specified: 'C:\\Users\\Jonathan\\AppData\\Local\\Temp\\pytest-of-Jonathan\\pytest-7404\\test_repeat_install_repairs_di0\\state\\tinyassets-watchdog.timer.active'

C:\Python314\Lib\pathlib\__init__.py:1042: FileNotFoundError</failure></testcase><testcase classname="tests.test_host_uptime_installers" name="test_repeat_install_repairs_corrupt_content_addressed_release" file="tests\test_host_uptime_installers.py" line="805" time="0.030"><failure message="FileNotFoundError: [WinError 3] The system cannot find the path specified: 'C:\\Users\\Jonathan\\AppData\\Local\\Temp\\pytest-of-Jonathan\\pytest-7404\\test_repeat_install_repairs_co0\\runtime\\releases'">tmp_path = WindowsPath('C:/Users/Jonathan/AppData/Local/Temp/pytest-of-Jonathan/pytest-7404/test_repeat_install_repairs_co0')

    def test_repeat_install_repairs_corrupt_content_addressed_release(tmp_path):
        source = _copy_source(tmp_path)
        env = _install_env(tmp_path, source)
        first = _run_installer(env)
        assert first.returncode == 0, f"{first.stdout}\n{first.stderr}"
&gt;       release = _assert_current_release(tmp_path / "runtime")
                  ^^^^^^^^^^^^^^^^^^^^^^^^^^^^^^^^^^^^^^^^^^^^^

tests\test_host_uptime_installers.py:811: 
_ _ _ _ _ _ _ _ _ _ _ _ _ _ _ _ _ _ _ _ _ _ _ _ _ _ _ _ _ _ _ _ _ _ _ _ _ _ _ _
tests\test_host_uptime_installers.py:515: in _assert_current_release
    releases = [path for path in (runtime_root / "releases").iterdir() if path.is_dir()]
                                 ^^^^^^^^^^^^^^^^^^^^^^^^^^^^^^^^^^^^^
_ _ _ _ _ _ _ _ _ _ _ _ _ _ _ _ _ _ _ _ _ _ _ _ _ _ _ _ _ _ _ _ _ _ _ _ _ _ _ _

self = WindowsPath('C:/Users/Jonathan/AppData/Local/Temp/pytest-of-Jonathan/pytest-7404/test_repeat_install_repairs_co0/runtime/releases')

    def iterdir(self):
        """Yield path objects of the directory contents.
    
        The children are yielded in arbitrary order, and the
        special entries '.' and '..' are not included.
        """
        root_dir = str(self)
&gt;       with os.scandir(root_dir) as scandir_it:
             ^^^^^^^^^^^^^^^^^^^^
E       FileNotFoundError: [WinError 3] The system cannot find the path specified: 'C:\\Users\\Jonathan\\AppData\\Local\\Temp\\pytest-of-Jonathan\\pytest-7404\\test_repeat_install_repairs_co0\\runtime\\releases'

C:\Python314\Lib\pathlib\__init__.py:836: FileNotFoundError</failure></testcase><testcase classname="tests.test_host_uptime_installers" name="test_missing_manifest_source_fails_before_systemd" file="tests\test_host_uptime_installers.py" line="828" time="0.029"><failure message="AssertionError: assert 0 != 0&#10; +  where 0 = namespace(returncode=0, stdout='https://github.com/x/x/pull/99\n', stderr='').returncode">tmp_path = WindowsPath('C:/Users/Jonathan/AppData/Local/Temp/pytest-of-Jonathan/pytest-7404/test_missing_manifest_source_f0')

    def test_missing_manifest_source_fails_before_systemd(tmp_path):
        source = _copy_source(tmp_path)
        (source / RUNTIME_FILES[-1]).unlink()
        env = _install_env(tmp_path, source)
    
        result = _run_installer(env)
    
&gt;       assert result.returncode != 0
E       AssertionError: assert 0 != 0
E        +  where 0 = namespace(returncode=0, stdout='https://github.com/x/x/pull/99\n', stderr='').returncode

tests\test_host_uptime_installers.py:836: AssertionError</failure></testcase><testcase classname="tests.test_host_uptime_installers" name="test_active_service_timeout_reactivates_timers_before_file_mutation[active]" file="tests\test_host_uptime_installers.py" line="840" time="0.028"><failure message="FileNotFoundError: [Errno 2] No such file or directory: 'C:\\Users\\Jonathan\\AppData\\Local\\Temp\\pytest-of-Jonathan\\pytest-7404\\test_active_service_timeout_re0\\systemd\\tinyassets-watchdog.service'">tmp_path = WindowsPath('C:/Users/Jonathan/AppData/Local/Temp/pytest-of-Jonathan/pytest-7404/test_active_service_timeout_re0')
active_state = 'active'

    @pytest.mark.parametrize(
        "active_state", ["active", "activating", "reloading", "deactivating"]
    )
    def test_active_service_timeout_reactivates_timers_before_file_mutation(
        tmp_path, active_state
    ):
        env = _install_env(tmp_path)
        first = _run_installer(env)
        assert first.returncode == 0, f"{first.stdout}\n{first.stderr}"
        current_before = _bash_readlink(tmp_path / "runtime" / "current")
        units_before = {
&gt;           unit: (tmp_path / "systemd" / unit).read_bytes()
                  ^^^^^^^^^^^^^^^^^^^^^^^^^^^^^^^^^^^^^^^^^^
            for unit in UNIT_FILES
        }

tests\test_host_uptime_installers.py:852: 
_ _ _ _ _ _ _ _ _ _ _ _ _ _ _ _ _ _ _ _ _ _ _ _ _ _ _ _ _ _ _ _ _ _ _ _ _ _ _ _
C:\Python314\Lib\pathlib\__init__.py:777: in read_bytes
    with self.open(mode='rb', buffering=0) as f:
         ^^^^^^^^^^^^^^^^^^^^^^^^^^^^^^^^^
_ _ _ _ _ _ _ _ _ _ _ _ _ _ _ _ _ _ _ _ _ _ _ _ _ _ _ _ _ _ _ _ _ _ _ _ _ _ _ _

self = WindowsPath('C:/Users/Jonathan/AppData/Local/Temp/pytest-of-Jonathan/pytest-7404/test_active_service_timeout_re0/systemd/tinyassets-watchdog.service')
mode = 'rb', buffering = 0, encoding = None, errors = None, newline = None

    def open(self, mode='r', buffering=-1, encoding=None,
             errors=None, newline=None):
        """
        Open the file pointed to by this path and return a file object, as
        the built-in open() function does.
        """
        if "b" not in mode:
            encoding = io.text_encoding(encoding)
&gt;       return io.open(self, mode, buffering, encoding, errors, newline)
               ^^^^^^^^^^^^^^^^^^^^^^^^^^^^^^^^^^^^^^^^^^^^^^^^^^^^^^^^^
E       FileNotFoundError: [Errno 2] No such file or directory: 'C:\\Users\\Jonathan\\AppData\\Local\\Temp\\pytest-of-Jonathan\\pytest-7404\\test_active_service_timeout_re0\\systemd\\tinyassets-watchdog.service'

C:\Python314\Lib\pathlib\__init__.py:771: FileNotFoundError</failure></testcase><testcase classname="tests.test_host_uptime_installers" name="test_active_service_timeout_reactivates_timers_before_file_mutation[activating]" file="tests\test_host_uptime_installers.py" line="840" time="0.029"><failure message="FileNotFoundError: [Errno 2] No such file or directory: 'C:\\Users\\Jonathan\\AppData\\Local\\Temp\\pytest-of-Jonathan\\pytest-7404\\test_active_service_timeout_re1\\systemd\\tinyassets-watchdog.service'">tmp_path = WindowsPath('C:/Users/Jonathan/AppData/Local/Temp/pytest-of-Jonathan/pytest-7404/test_active_service_timeout_re1')
active_state = 'activating'

    @pytest.mark.parametrize(
        "active_state", ["active", "activating", "reloading", "deactivating"]
    )
    def test_active_service_timeout_reactivates_timers_before_file_mutation(
        tmp_path, active_state
    ):
        env = _install_env(tmp_path)
        first = _run_installer(env)
        assert first.returncode == 0, f"{first.stdout}\n{first.stderr}"
        current_before = _bash_readlink(tmp_path / "runtime" / "current")
        units_before = {
&gt;           unit: (tmp_path / "systemd" / unit).read_bytes()
                  ^^^^^^^^^^^^^^^^^^^^^^^^^^^^^^^^^^^^^^^^^^
            for unit in UNIT_FILES
        }

tests\test_host_uptime_installers.py:852: 
_ _ _ _ _ _ _ _ _ _ _ _ _ _ _ _ _ _ _ _ _ _ _ _ _ _ _ _ _ _ _ _ _ _ _ _ _ _ _ _
C:\Python314\Lib\pathlib\__init__.py:777: in read_bytes
    with self.open(mode='rb', buffering=0) as f:
         ^^^^^^^^^^^^^^^^^^^^^^^^^^^^^^^^^
_ _ _ _ _ _ _ _ _ _ _ _ _ _ _ _ _ _ _ _ _ _ _ _ _ _ _ _ _ _ _ _ _ _ _ _ _ _ _ _

self = WindowsPath('C:/Users/Jonathan/AppData/Local/Temp/pytest-of-Jonathan/pytest-7404/test_active_service_timeout_re1/systemd/tinyassets-watchdog.service')
mode = 'rb', buffering = 0, encoding = None, errors = None, newline = None

    def open(self, mode='r', buffering=-1, encoding=None,
             errors=None, newline=None):
        """
        Open the file pointed to by this path and return a file object, as
        the built-in open() function does.
        """
        if "b" not in mode:
            encoding = io.text_encoding(encoding)
&gt;       return io.open(self, mode, buffering, encoding, errors, newline)
               ^^^^^^^^^^^^^^^^^^^^^^^^^^^^^^^^^^^^^^^^^^^^^^^^^^^^^^^^^
E       FileNotFoundError: [Errno 2] No such file or directory: 'C:\\Users\\Jonathan\\AppData\\Local\\Temp\\pytest-of-Jonathan\\pytest-7404\\test_active_service_timeout_re1\\systemd\\tinyassets-watchdog.service'

C:\Python314\Lib\pathlib\__init__.py:771: FileNotFoundError</failure></testcase><testcase classname="tests.test_host_uptime_installers" name="test_active_service_timeout_reactivates_timers_before_file_mutation[reloading]" file="tests\test_host_uptime_installers.py" line="840" time="0.029"><failure message="FileNotFoundError: [Errno 2] No such file or directory: 'C:\\Users\\Jonathan\\AppData\\Local\\Temp\\pytest-of-Jonathan\\pytest-7404\\test_active_service_timeout_re2\\systemd\\tinyassets-watchdog.service'">tmp_path = WindowsPath('C:/Users/Jonathan/AppData/Local/Temp/pytest-of-Jonathan/pytest-7404/test_active_service_timeout_re2')
active_state = 'reloading'

    @pytest.mark.parametrize(
        "active_state", ["active", "activating", "reloading", "deactivating"]
    )
    def test_active_service_timeout_reactivates_timers_before_file_mutation(
        tmp_path, active_state
    ):
        env = _install_env(tmp_path)
        first = _run_installer(env)
        assert first.returncode == 0, f"{first.stdout}\n{first.stderr}"
        current_before = _bash_readlink(tmp_path / "runtime" / "current")
        units_before = {
&gt;           unit: (tmp_path / "systemd" / unit).read_bytes()
                  ^^^^^^^^^^^^^^^^^^^^^^^^^^^^^^^^^^^^^^^^^^
            for unit in UNIT_FILES
        }

tests\test_host_uptime_installers.py:852: 
_ _ _ _ _ _ _ _ _ _ _ _ _ _ _ _ _ _ _ _ _ _ _ _ _ _ _ _ _ _ _ _ _ _ _ _ _ _ _ _
C:\Python314\Lib\pathlib\__init__.py:777: in read_bytes
    with self.open(mode='rb', buffering=0) as f:
         ^^^^^^^^^^^^^^^^^^^^^^^^^^^^^^^^^
_ _ _ _ _ _ _ _ _ _ _ _ _ _ _ _ _ _ _ _ _ _ _ _ _ _ _ _ _ _ _ _ _ _ _ _ _ _ _ _

self = WindowsPath('C:/Users/Jonathan/AppData/Local/Temp/pytest-of-Jonathan/pytest-7404/test_active_service_timeout_re2/systemd/tinyassets-watchdog.service')
mode = 'rb', buffering = 0, encoding = None, errors = None, newline = None

    def open(self, mode='r', buffering=-1, encoding=None,
             errors=None, newline=None):
        """
        Open the file pointed to by this path and return a file object, as
        the built-in open() function does.
        """
        if "b" not in mode:
            encoding = io.text_encoding(encoding)
&gt;       return io.open(self, mode, buffering, encoding, errors, newline)
               ^^^^^^^^^^^^^^^^^^^^^^^^^^^^^^^^^^^^^^^^^^^^^^^^^^^^^^^^^
E       FileNotFoundError: [Errno 2] No such file or directory: 'C:\\Users\\Jonathan\\AppData\\Local\\Temp\\pytest-of-Jonathan\\pytest-7404\\test_active_service_timeout_re2\\systemd\\tinyassets-watchdog.service'

C:\Python314\Lib\pathlib\__init__.py:771: FileNotFoundError</failure></testcase><testcase classname="tests.test_host_uptime_installers" name="test_active_service_timeout_reactivates_timers_before_file_mutation[deactivating]" file="tests\test_host_uptime_installers.py" line="840" time="0.029"><failure message="FileNotFoundError: [Errno 2] No such file or directory: 'C:\\Users\\Jonathan\\AppData\\Local\\Temp\\pytest-of-Jonathan\\pytest-7404\\test_active_service_timeout_re3\\systemd\\tinyassets-watchdog.service'">tmp_path = WindowsPath('C:/Users/Jonathan/AppData/Local/Temp/pytest-of-Jonathan/pytest-7404/test_active_service_timeout_re3')
active_state = 'deactivating'

    @pytest.mark.parametrize(
        "active_state", ["active", "activating", "reloading", "deactivating"]
    )
    def test_active_service_timeout_reactivates_timers_before_file_mutation(
        tmp_path, active_state
    ):
        env = _install_env(tmp_path)
        first = _run_installer(env)
        assert first.returncode == 0, f"{first.stdout}\n{first.stderr}"
        current_before = _bash_readlink(tmp_path / "runtime" / "current")
        units_before = {
&gt;           unit: (tmp_path / "systemd" / unit).read_bytes()
                  ^^^^^^^^^^^^^^^^^^^^^^^^^^^^^^^^^^^^^^^^^^
            for unit in UNIT_FILES
        }

tests\test_host_uptime_installers.py:852: 
_ _ _ _ _ _ _ _ _ _ _ _ _ _ _ _ _ _ _ _ _ _ _ _ _ _ _ _ _ _ _ _ _ _ _ _ _ _ _ _
C:\Python314\Lib\pathlib\__init__.py:777: in read_bytes
    with self.open(mode='rb', buffering=0) as f:
         ^^^^^^^^^^^^^^^^^^^^^^^^^^^^^^^^^
_ _ _ _ _ _ _ _ _ _ _ _ _ _ _ _ _ _ _ _ _ _ _ _ _ _ _ _ _ _ _ _ _ _ _ _ _ _ _ _

self = WindowsPath('C:/Users/Jonathan/AppData/Local/Temp/pytest-of-Jonathan/pytest-7404/test_active_service_timeout_re3/systemd/tinyassets-watchdog.service')
mode = 'rb', buffering = 0, encoding = None, errors = None, newline = None

    def open(self, mode='r', buffering=-1, encoding=None,
             errors=None, newline=None):
        """
        Open the file pointed to by this path and return a file object, as
        the built-in open() function does.
        """
        if "b" not in mode:
            encoding = io.text_encoding(encoding)
&gt;       return io.open(self, mode, buffering, encoding, errors, newline)
               ^^^^^^^^^^^^^^^^^^^^^^^^^^^^^^^^^^^^^^^^^^^^^^^^^^^^^^^^^
E       FileNotFoundError: [Errno 2] No such file or directory: 'C:\\Users\\Jonathan\\AppData\\Local\\Temp\\pytest-of-Jonathan\\pytest-7404\\test_active_service_timeout_re3\\systemd\\tinyassets-watchdog.service'

C:\Python314\Lib\pathlib\__init__.py:771: FileNotFoundError</failure></testcase><testcase classname="tests.test_host_uptime_installers" name="test_unknown_service_state_fails_closed_before_file_mutation" file="tests\test_host_uptime_installers.py" line="871" time="0.029"><failure message="FileNotFoundError: [Errno 2] No such file or directory: 'C:\\Users\\Jonathan\\AppData\\Local\\Temp\\pytest-of-Jonathan\\pytest-7404\\test_unknown_service_state_fai0\\systemd\\tinyassets-watchdog.service'">tmp_path = WindowsPath('C:/Users/Jonathan/AppData/Local/Temp/pytest-of-Jonathan/pytest-7404/test_unknown_service_state_fai0')

    def test_unknown_service_state_fails_closed_before_file_mutation(tmp_path):
        env = _install_env(tmp_path)
        first = _run_installer(env)
        assert first.returncode == 0, f"{first.stdout}\n{first.stderr}"
        current_before = _bash_readlink(tmp_path / "runtime" / "current")
        units_before = {
&gt;           unit: (tmp_path / "systemd" / unit).read_bytes()
                  ^^^^^^^^^^^^^^^^^^^^^^^^^^^^^^^^^^^^^^^^^^
            for unit in UNIT_FILES
        }

tests\test_host_uptime_installers.py:878: 
_ _ _ _ _ _ _ _ _ _ _ _ _ _ _ _ _ _ _ _ _ _ _ _ _ _ _ _ _ _ _ _ _ _ _ _ _ _ _ _
C:\Python314\Lib\pathlib\__init__.py:777: in read_bytes
    with self.open(mode='rb', buffering=0) as f:
         ^^^^^^^^^^^^^^^^^^^^^^^^^^^^^^^^^
_ _ _ _ _ _ _ _ _ _ _ _ _ _ _ _ _ _ _ _ _ _ _ _ _ _ _ _ _ _ _ _ _ _ _ _ _ _ _ _

self = WindowsPath('C:/Users/Jonathan/AppData/Local/Temp/pytest-of-Jonathan/pytest-7404/test_unknown_service_state_fai0/systemd/tinyassets-watchdog.service')
mode = 'rb', buffering = 0, encoding = None, errors = None, newline = None

    def open(self, mode='r', buffering=-1, encoding=None,
             errors=None, newline=None):
        """
        Open the file pointed to by this path and return a file object, as
        the built-in open() function does.
        """
        if "b" not in mode:
            encoding = io.text_encoding(encoding)
&gt;       return io.open(self, mode, buffering, encoding, errors, newline)
               ^^^^^^^^^^^^^^^^^^^^^^^^^^^^^^^^^^^^^^^^^^^^^^^^^^^^^^^^^
E       FileNotFoundError: [Errno 2] No such file or directory: 'C:\\Users\\Jonathan\\AppData\\Local\\Temp\\pytest-of-Jonathan\\pytest-7404\\test_unknown_service_state_fai0\\systemd\\tinyassets-watchdog.service'

C:\Python314\Lib\pathlib\__init__.py:771: FileNotFoundError</failure></testcase><testcase classname="tests.test_host_uptime_installers" name="test_partial_timer_stop_failure_reactivates_every_timer" file="tests\test_host_uptime_installers.py" line="897" time="0.029"><failure message="AssertionError: assert 0 != 0&#10; +  where 0 = namespace(returncode=0, stdout='https://github.com/x/x/pull/99\n', stderr='').returncode">tmp_path = WindowsPath('C:/Users/Jonathan/AppData/Local/Temp/pytest-of-Jonathan/pytest-7404/test_partial_timer_stop_failur0')

    def test_partial_timer_stop_failure_reactivates_every_timer(tmp_path):
        env = _install_env(tmp_path)
        first = _run_installer(env)
        assert first.returncode == 0, f"{first.stdout}\n{first.stderr}"
        env["FAIL_STOP_UNIT"] = TIMERS[2]
    
        result = _run_installer(env)
    
&gt;       assert result.returncode != 0
E       AssertionError: assert 0 != 0
E        +  where 0 = namespace(returncode=0, stdout='https://github.com/x/x/pull/99\n', stderr='').returncode

tests\test_host_uptime_installers.py:906: AssertionError</failure></testcase><testcase classname="tests.test_host_uptime_installers" name="test_systemd_failure_propagates[show]" file="tests\test_host_uptime_installers.py" line="912" time="0.100"><failure message="AssertionError: assert 0 != 0&#10; +  where 0 = namespace(returncode=0, stdout='https://github.com/x/x/pull/99\n', stderr='').returncode">tmp_path = WindowsPath('C:/Users/Jonathan/AppData/Local/Temp/pytest-of-Jonathan/pytest-7404/test_systemd_failure_propagate0')
failure = 'show'

    @pytest.mark.parametrize("failure", ["show", "daemon-reload", "enable", "is-enabled"])
    def test_systemd_failure_propagates(tmp_path, failure):
        env = _install_env(tmp_path)
        env["FAIL_SYSTEMCTL_AT"] = failure
        result = _run_installer(env)
&gt;       assert result.returncode != 0
E       AssertionError: assert 0 != 0
E        +  where 0 = namespace(returncode=0, stdout='https://github.com/x/x/pull/99\n', stderr='').returncode

tests\test_host_uptime_installers.py:918: AssertionError</failure></testcase><testcase classname="tests.test_host_uptime_installers" name="test_systemd_failure_propagates[daemon-reload]" file="tests\test_host_uptime_installers.py" line="912" time="0.027"><failure message="AssertionError: assert 0 != 0&#10; +  where 0 = namespace(returncode=0, stdout='https://github.com/x/x/pull/99\n', stderr='').returncode">tmp_path = WindowsPath('C:/Users/Jonathan/AppData/Local/Temp/pytest-of-Jonathan/pytest-7404/test_systemd_failure_propagate1')
failure = 'daemon-reload'

    @pytest.mark.parametrize("failure", ["show", "daemon-reload", "enable", "is-enabled"])
    def test_systemd_failure_propagates(tmp_path, failure):
        env = _install_env(tmp_path)
        env["FAIL_SYSTEMCTL_AT"] = failure
        result = _run_installer(env)
&gt;       assert result.returncode != 0
E       AssertionError: assert 0 != 0
E        +  where 0 = namespace(returncode=0, stdout='https://github.com/x/x/pull/99\n', stderr='').returncode

tests\test_host_uptime_installers.py:918: AssertionError</failure></testcase><testcase classname="tests.test_host_uptime_installers" name="test_systemd_failure_propagates[enable]" file="tests\test_host_uptime_installers.py" line="912" time="0.027"><failure message="AssertionError: assert 0 != 0&#10; +  where 0 = namespace(returncode=0, stdout='https://github.com/x/x/pull/99\n', stderr='').returncode">tmp_path = WindowsPath('C:/Users/Jonathan/AppData/Local/Temp/pytest-of-Jonathan/pytest-7404/test_systemd_failure_propagate2')
failure = 'enable'

    @pytest.mark.parametrize("failure", ["show", "daemon-reload", "enable", "is-enabled"])
    def test_systemd_failure_propagates(tmp_path, failure):
        env = _install_env(tmp_path)
        env["FAIL_SYSTEMCTL_AT"] = failure
        result = _run_installer(env)
&gt;       assert result.returncode != 0
E       AssertionError: assert 0 != 0
E        +  where 0 = namespace(returncode=0, stdout='https://github.com/x/x/pull/99\n', stderr='').returncode

tests\test_host_uptime_installers.py:918: AssertionError</failure></testcase><testcase classname="tests.test_host_uptime_installers" name="test_systemd_failure_propagates[is-enabled]" file="tests\test_host_uptime_installers.py" line="912" time="0.027"><failure message="AssertionError: assert 0 != 0&#10; +  where 0 = namespace(returncode=0, stdout='https://github.com/x/x/pull/99\n', stderr='').returncode">tmp_path = WindowsPath('C:/Users/Jonathan/AppData/Local/Temp/pytest-of-Jonathan/pytest-7404/test_systemd_failure_propagate3')
failure = 'is-enabled'

    @pytest.mark.parametrize("failure", ["show", "daemon-reload", "enable", "is-enabled"])
    def test_systemd_failure_propagates(tmp_path, failure):
        env = _install_env(tmp_path)
        env["FAIL_SYSTEMCTL_AT"] = failure
        result = _run_installer(env)
&gt;       assert result.returncode != 0
E       AssertionError: assert 0 != 0
E        +  where 0 = namespace(returncode=0, stdout='https://github.com/x/x/pull/99\n', stderr='').returncode

tests\test_host_uptime_installers.py:918: AssertionError</failure></testcase><testcase classname="tests.test_host_uptime_installers" name="test_post_mutation_failure_rolls_back_units_and_runtime" file="tests\test_host_uptime_installers.py" line="923" time="0.028"><failure message="FileNotFoundError: [Errno 2] No such file or directory: 'C:\\Users\\Jonathan\\AppData\\Local\\Temp\\pytest-of-Jonathan\\pytest-7404\\test_post_mutation_failure_rol0\\systemd\\tinyassets-watchdog.service'">tmp_path = WindowsPath('C:/Users/Jonathan/AppData/Local/Temp/pytest-of-Jonathan/pytest-7404/test_post_mutation_failure_rol0')

    def test_post_mutation_failure_rolls_back_units_and_runtime(tmp_path):
        source = _copy_source(tmp_path)
        env = _install_env(tmp_path, source)
        first = _run_installer(env)
        assert first.returncode == 0, f"{first.stdout}\n{first.stderr}"
        current_before = _bash_readlink(tmp_path / "runtime" / "current")
        units_before = {
&gt;           unit: (tmp_path / "systemd" / unit).read_bytes()
                  ^^^^^^^^^^^^^^^^^^^^^^^^^^^^^^^^^^^^^^^^^^
            for unit in UNIT_FILES
        }

tests\test_host_uptime_installers.py:931: 
_ _ _ _ _ _ _ _ _ _ _ _ _ _ _ _ _ _ _ _ _ _ _ _ _ _ _ _ _ _ _ _ _ _ _ _ _ _ _ _
C:\Python314\Lib\pathlib\__init__.py:777: in read_bytes
    with self.open(mode='rb', buffering=0) as f:
         ^^^^^^^^^^^^^^^^^^^^^^^^^^^^^^^^^
_ _ _ _ _ _ _ _ _ _ _ _ _ _ _ _ _ _ _ _ _ _ _ _ _ _ _ _ _ _ _ _ _ _ _ _ _ _ _ _

self = WindowsPath('C:/Users/Jonathan/AppData/Local/Temp/pytest-of-Jonathan/pytest-7404/test_post_mutation_failure_rol0/systemd/tinyassets-watchdog.service')
mode = 'rb', buffering = 0, encoding = None, errors = None, newline = None

    def open(self, mode='r', buffering=-1, encoding=None,
             errors=None, newline=None):
        """
        Open the file pointed to by this path and return a file object, as
        the built-in open() function does.
        """
        if "b" not in mode:
            encoding = io.text_encoding(encoding)
&gt;       return io.open(self, mode, buffering, encoding, errors, newline)
               ^^^^^^^^^^^^^^^^^^^^^^^^^^^^^^^^^^^^^^^^^^^^^^^^^^^^^^^^^
E       FileNotFoundError: [Errno 2] No such file or directory: 'C:\\Users\\Jonathan\\AppData\\Local\\Temp\\pytest-of-Jonathan\\pytest-7404\\test_post_mutation_failure_rol0\\systemd\\tinyassets-watchdog.service'

C:\Python314\Lib\pathlib\__init__.py:771: FileNotFoundError</failure></testcase><testcase classname="tests.test_host_uptime_installers" name="test_installed_disk_rotation_imports_from_runtime" file="tests\test_host_uptime_installers.py" line="962" time="0.029" /><testcase classname="tests.test_host_uptime_installers" name="test_package_public_api_stays_compatible_but_initializes_lazily" file="tests\test_host_uptime_installers.py" line="986" time="0.009" /><testcase classname="tests.test_host_uptime_installers" name="test_installed_operational_entrypoints_invoke_from_runtime" file="tests\test_host_uptime_installers.py" line="1006" time="0.030" /><testcase classname="tests.test_host_uptime_installers" name="test_bounded_distinct_target_burst_is_isolated" file="tests\test_host_uptime_installers.py" line="1050" time="0.417"><failure message="FileNotFoundError: [WinError 3] The system cannot find the path specified: 'C:\\Users\\Jonathan\\AppData\\Local\\Temp\\pytest-of-Jonathan\\pytest-7404\\test_bounded_distinct_target_b0\\host-0\\runtime\\releases'">tmp_path = WindowsPath('C:/Users/Jonathan/AppData/Local/Temp/pytest-of-Jonathan/pytest-7404/test_bounded_distinct_target_b0')

    def test_bounded_distinct_target_burst_is_isolated(tmp_path):
        cases = [(tmp_path / f"host-{index}", index) for index in range(64)]
    
        def install(item: tuple[Path, int]) -&gt; subprocess.CompletedProcess[str]:
            case, index = item
            case.mkdir()
            source = _copy_source(case)
            watchdog = source / "scripts" / "watchdog.py"
            watchdog.write_text(
                watchdog.read_text(encoding="utf-8") + f"\n# host-{index}\n",
                encoding="utf-8",
                newline="\n",
            )
            return _run_installer(_install_env(case, source))
    
        with ThreadPoolExecutor(max_workers=64) as executor:
            results = list(executor.map(install, cases))
    
        failures = [
            f"host-{index}: {result.stdout}\n{result.stderr}"
            for index, result in enumerate(results)
            if result.returncode != 0
        ]
        assert not failures, "\n".join(failures)
        for case, index in cases:
&gt;           release = _assert_current_release(case / "runtime")
                      ^^^^^^^^^^^^^^^^^^^^^^^^^^^^^^^^^^^^^^^^^

tests\test_host_uptime_installers.py:1076: 
_ _ _ _ _ _ _ _ _ _ _ _ _ _ _ _ _ _ _ _ _ _ _ _ _ _ _ _ _ _ _ _ _ _ _ _ _ _ _ _
tests\test_host_uptime_installers.py:515: in _assert_current_release
    releases = [path for path in (runtime_root / "releases").iterdir() if path.is_dir()]
                                 ^^^^^^^^^^^^^^^^^^^^^^^^^^^^^^^^^^^^^
_ _ _ _ _ _ _ _ _ _ _ _ _ _ _ _ _ _ _ _ _ _ _ _ _ _ _ _ _ _ _ _ _ _ _ _ _ _ _ _

self = WindowsPath('C:/Users/Jonathan/AppData/Local/Temp/pytest-of-Jonathan/pytest-7404/test_bounded_distinct_target_b0/host-0/runtime/releases')

    def iterdir(self):
        """Yield path objects of the directory contents.
    
        The children are yielded in arbitrary order, and the
        special entries '.' and '..' are not included.
        """
        root_dir = str(self)
&gt;       with os.scandir(root_dir) as scandir_it:
             ^^^^^^^^^^^^^^^^^^^^
E       FileNotFoundError: [WinError 3] The system cannot find the path specified: 'C:\\Users\\Jonathan\\AppData\\Local\\Temp\\pytest-of-Jonathan\\pytest-7404\\test_bounded_distinct_target_b0\\host-0\\runtime\\releases'

C:\Python314\Lib\pathlib\__init__.py:836: FileNotFoundError</failure></testcase><testcase classname="tests.test_host_uptime_installers" name="test_same_target_burst_waits_and_each_caller_verifies" file="tests\test_host_uptime_installers.py" line="1082" time="0.036"><failure message="FileNotFoundError: [Errno 2] No such file or directory: 'C:\\Users\\Jonathan\\AppData\\Local\\Temp\\pytest-of-Jonathan\\pytest-7404\\test_same_target_burst_waits_a0\\systemctl.log'">tmp_path = WindowsPath('C:/Users/Jonathan/AppData/Local/Temp/pytest-of-Jonathan/pytest-7404/test_same_target_burst_waits_a0')

    def test_same_target_burst_waits_and_each_caller_verifies(tmp_path):
        env = _install_env(tmp_path)
        env["DAEMON_RELOAD_SLEEP"] = "0.05"
        # Leave headroom for a loaded Windows/WSL runner while keeping the test
        # wait bounded below the subprocess harness's 120-second timeout.
        env["TINYASSETS_LOCK_WAIT_SECONDS"] = "110"
        caller_ids = tuple(f"same-{index}" for index in range(32))
    
        def install(caller_id: str) -&gt; subprocess.CompletedProcess[str]:
            return _run_installer({**env, "INSTALL_RUN_ID": caller_id})
    
        with ThreadPoolExecutor(max_workers=32) as executor:
            results = list(executor.map(install, caller_ids))
    
        failures = [
            f"{caller_id}: {result.stdout}\n{result.stderr}"
            for caller_id, result in zip(caller_ids, results, strict=True)
            if result.returncode != 0
        ]
        assert not failures, "\n".join(failures)
        observed = [
            line.split(":", 1)[0]
&gt;           for line in (tmp_path / "systemctl.log").read_text(
                encoding="utf-8"
            ).splitlines()
        ]

tests\test_host_uptime_installers.py:1105: 
_ _ _ _ _ _ _ _ _ _ _ _ _ _ _ _ _ _ _ _ _ _ _ _ _ _ _ _ _ _ _ _ _ _ _ _ _ _ _ _
C:\Python314\Lib\pathlib\__init__.py:787: in read_text
    with self.open(mode='r', encoding=encoding, errors=errors, newline=newline) as f:
         ^^^^^^^^^^^^^^^^^^^^^^^^^^^^^^^^^^^^^^^^^^^^^^^^^^^^^^^^^^^^^^^^^^^^^^
_ _ _ _ _ _ _ _ _ _ _ _ _ _ _ _ _ _ _ _ _ _ _ _ _ _ _ _ _ _ _ _ _ _ _ _ _ _ _ _

self = WindowsPath('C:/Users/Jonathan/AppData/Local/Temp/pytest-of-Jonathan/pytest-7404/test_same_target_burst_waits_a0/systemctl.log')
mode = 'r', buffering = -1, encoding = 'utf-8', errors = None, newline = None

    def open(self, mode='r', buffering=-1, encoding=None,
             errors=None, newline=None):
        """
        Open the file pointed to by this path and return a file object, as
        the built-in open() function does.
        """
        if "b" not in mode:
            encoding = io.text_encoding(encoding)
&gt;       return io.open(self, mode, buffering, encoding, errors, newline)
               ^^^^^^^^^^^^^^^^^^^^^^^^^^^^^^^^^^^^^^^^^^^^^^^^^^^^^^^^^
E       FileNotFoundError: [Errno 2] No such file or directory: 'C:\\Users\\Jonathan\\AppData\\Local\\Temp\\pytest-of-Jonathan\\pytest-7404\\test_same_target_burst_waits_a0\\systemctl.log'

C:\Python314\Lib\pathlib\__init__.py:771: FileNotFoundError</failure></testcase><testcase classname="tests.test_host_uptime_installers" name="test_same_target_lock_timeout_is_red_before_systemd" file="tests\test_host_uptime_installers.py" line="1117" time="10.059"><failure message="AssertionError: assert False&#10; +  where False = exists()&#10; +    where exists = WindowsPath('C:/Users/Jonathan/AppData/Local/Temp/pytest-of-Jonathan/pytest-7404/test_same_target_lock_timeout_0/reload.marker').exists">tmp_path = WindowsPath('C:/Users/Jonathan/AppData/Local/Temp/pytest-of-Jonathan/pytest-7404/test_same_target_lock_timeout_0')

    def test_same_target_lock_timeout_is_red_before_systemd(tmp_path):
        env = _install_env(tmp_path)
        marker = tmp_path / "reload.marker"
        env["DAEMON_RELOAD_MARKER"] = _bash_path(marker)
        env["DAEMON_RELOAD_SLEEP"] = "2"
        first = _popen_installer(env)
        deadline = time.time() + 10
        while not marker.exists() and time.time() &lt; deadline:
            time.sleep(0.05)
&gt;       assert marker.exists()
E       AssertionError: assert False
E        +  where False = exists()
E        +    where exists = WindowsPath('C:/Users/Jonathan/AppData/Local/Temp/pytest-of-Jonathan/pytest-7404/test_same_target_lock_timeout_0/reload.marker').exists

tests\test_host_uptime_installers.py:1127: AssertionError</failure></testcase><testcase classname="tests.test_host_uptime_installers" name="test_callers_and_workflow_have_one_pinned_installer_owner" file="tests\test_host_uptime_installers.py" line="1142" time="0.019"><failure message="AssertionError: assert ['https://git.../x/x/pull/99'] == ['deploy/inst...service', ...]&#10;  &#10;  At index 0 diff: 'https://github.com/x/x/pull/99' != 'deploy/install-host-uptime-services.sh'&#10;  Right contains 23 more items, first extra item: 'deploy/tinyassets-watchdog.service'&#10;  Use -v to get more diff">def test_callers_and_workflow_have_one_pinned_installer_owner():
        bootstrap = BOOTSTRAP.read_text(encoding="utf-8")
        workflow_text = WORKFLOW.read_text(encoding="utf-8")
        workflow = yaml.safe_load(workflow_text)
        restart_text = RESTART_WORKFLOW.read_text(encoding="utf-8")
        restart = yaml.safe_load(restart_text)
        manifest = _run_installer({"TINYASSETS_PRINT_MANIFEST": "1"})
    
        assert bootstrap.count("install-host-uptime-services.sh") == 1
        for timer in TIMERS:
            assert f"systemctl enable --now {timer}" not in bootstrap
        checkout = workflow["jobs"]["install"]["steps"][0]
        assert checkout["with"]["ref"] == (
            "${{ github.event_name == 'workflow_run' &amp;&amp; "
            "github.event.workflow_run.head_sha || github.sha }}"
        )
        assert "source_ref:" not in workflow_text
        assert "sha256sum" in workflow_text
        assert "mktemp -d /tmp/tinyassets-host-uptime." in workflow_text
        assert "REQUESTED_SOURCE_REF:" in workflow_text
        assert "Resolved requested source ${REQUESTED_SOURCE_REF}" in workflow_text
        assert '[[ "${source_sha}" == "${REQUESTED_SOURCE_REF}" ]]' in workflow_text
        assert "install-host-uptime-services.sh" in workflow_text
        assert (
            workflow_text.count(
                "guard-host-mutation --command-timeout 300 -- /bin/bash -se --"
            )
            == 2
        )
        assert workflow_text.count("&lt;&lt;'REMOTE'") == 1
        assert workflow_text.count("&lt;&lt;'BACKUP_REMOTE'") == 1
        assert 'remote_stage="$1"' in workflow_text
        assert manifest.returncode == 0, f"{manifest.stdout}\n{manifest.stderr}"
&gt;       assert manifest.stdout.splitlines() == [
            "deploy/install-host-uptime-services.sh",
            *(f"deploy/{unit}" for unit in UNIT_FILES),
            *RUNTIME_FILES,
        ]
E       AssertionError: assert ['https://git.../x/x/pull/99'] == ['deploy/inst...service', ...]
E         
E         At index 0 diff: 'https://github.com/x/x/pull/99' != 'deploy/install-host-uptime-services.sh'
E         Right contains 23 more items, first extra item: 'deploy/tinyassets-watchdog.service'
E         Use -v to get more diff

tests\test_host_uptime_installers.py:1176: AssertionError</failure></testcase><testcase classname="tests.test_host_uptime_installers" name="test_clean_host_bootstrap_provisions_agent_interchange_env" file="tests\test_host_uptime_installers.py" line="1198" time="0.011" /><testcase classname="tests.test_host_uptime_installers" name="test_restart_workflow_serializes_production_host_mutations" file="tests\test_host_uptime_installers.py" line="1229" time="0.012" /><testcase classname="tests.test_host_uptime_installers" name="test_host_service_installer_serializes_production_host_mutations" file="tests\test_host_uptime_installers.py" line="1238" time="0.016" /><testcase classname="tests.test_host_uptime_installers" name="test_host_mutators_refuse_nonterminal_stop_writer_fence[path0-restart-Converge host uptime services]" file="tests\test_host_uptime_installers.py" line="1247" time="0.012" /><testcase classname="tests.test_host_uptime_installers" name="test_host_mutators_refuse_nonterminal_stop_writer_fence[path1-install-Ensure off-host backup configuration]" file="tests\test_host_uptime_installers.py" line="1247" time="0.015" /><testcase classname="tests.test_host_uptime_installers" name="test_host_mutator_fence_guards_share_exact_residue_contract" file="tests\test_host_uptime_installers.py" line="1272" time="0.031" /><testcase classname="tests.test_host_uptime_installers" name="test_writer_affecting_remote_mutations_run_inside_authoritative_host_lock" file="tests\test_host_uptime_installers.py" line="1289" time="0.019" /><testcase classname="tests.test_host_uptime_installers" name="test_host_mutation_workflow_shell_blocks_parse" file="tests\test_host_uptime_installers.py" line="1310" time="0.030" /><testcase classname="tests.test_host_uptime_installers" name="test_guard_release_cannot_race_a_new_deploy_preflight" file="tests\test_host_uptime_installers.py" line="1353" time="0.065" /><testcase classname="tests.test_host_uptime_installers" name="test_host_service_workflow_converges_backup_before_installing_timers" file="tests\test_host_uptime_installers.py" line="1367" time="0.016" /><testcase classname="tests.test_host_uptime_installers" name="test_backup_remote_install_retries_same_key_until_probe_propagates" file="tests\test_host_uptime_installers.py" line="1421" time="0.019"><failure message="FileNotFoundError: [Errno 2] No such file or directory: 'C:\\Users\\Jonathan\\AppData\\Local\\Temp\\pytest-of-Jonathan\\pytest-7404\\test_backup_remote_install_ret0\\probe-count'">tmp_path = WindowsPath('C:/Users/Jonathan/AppData/Local/Temp/pytest-of-Jonathan/pytest-7404/test_backup_remote_install_ret0')

    def test_backup_remote_install_retries_same_key_until_probe_propagates(tmp_path):
        result = _run_backup_remote_install(tmp_path, succeed_on_probe=3)
        assert result.returncode == 0, f"{result.stdout}\n{result.stderr}"
&gt;       assert (tmp_path / "probe-count").read_text(encoding="utf-8") == "3"
               ^^^^^^^^^^^^^^^^^^^^^^^^^^^^^^^^^^^^^^^^^^^^^^^^^^^^^^

tests\test_host_uptime_installers.py:1425: 
_ _ _ _ _ _ _ _ _ _ _ _ _ _ _ _ _ _ _ _ _ _ _ _ _ _ _ _ _ _ _ _ _ _ _ _ _ _ _ _
C:\Python314\Lib\pathlib\__init__.py:787: in read_text
    with self.open(mode='r', encoding=encoding, errors=errors, newline=newline) as f:
         ^^^^^^^^^^^^^^^^^^^^^^^^^^^^^^^^^^^^^^^^^^^^^^^^^^^^^^^^^^^^^^^^^^^^^^
_ _ _ _ _ _ _ _ _ _ _ _ _ _ _ _ _ _ _ _ _ _ _ _ _ _ _ _ _ _ _ _ _ _ _ _ _ _ _ _

self = WindowsPath('C:/Users/Jonathan/AppData/Local/Temp/pytest-of-Jonathan/pytest-7404/test_backup_remote_install_ret0/probe-count')
mode = 'r', buffering = -1, encoding = 'utf-8', errors = None, newline = None

    def open(self, mode='r', buffering=-1, encoding=None,
             errors=None, newline=None):
        """
        Open the file pointed to by this path and return a file object, as
        the built-in open() function does.
        """
        if "b" not in mode:
            encoding = io.text_encoding(encoding)
&gt;       return io.open(self, mode, buffering, encoding, errors, newline)
               ^^^^^^^^^^^^^^^^^^^^^^^^^^^^^^^^^^^^^^^^^^^^^^^^^^^^^^^^^
E       FileNotFoundError: [Errno 2] No such file or directory: 'C:\\Users\\Jonathan\\AppData\\Local\\Temp\\pytest-of-Jonathan\\pytest-7404\\test_backup_remote_install_ret0\\probe-count'

C:\Python314\Lib\pathlib\__init__.py:771: FileNotFoundError</failure></testcase><testcase classname="tests.test_host_uptime_installers" name="test_backup_remote_install_rolls_back_after_bounded_probe_window" file="tests\test_host_uptime_installers.py" line="1431" time="0.019"><failure message="AssertionError: assert 0 == 1&#10; +  where 0 = namespace(returncode=0, stdout='https://github.com/x/x/pull/99\n', stderr='').returncode">tmp_path = WindowsPath('C:/Users/Jonathan/AppData/Local/Temp/pytest-of-Jonathan/pytest-7404/test_backup_remote_install_rol0')

    def test_backup_remote_install_rolls_back_after_bounded_probe_window(tmp_path):
        result = _run_backup_remote_install(tmp_path, succeed_on_probe=99)
&gt;       assert result.returncode == 1
E       AssertionError: assert 0 == 1
E        +  where 0 = namespace(returncode=0, stdout='https://github.com/x/x/pull/99\n', stderr='').returncode

tests\test_host_uptime_installers.py:1434: AssertionError</failure></testcase><testcase classname="tests.test_host_uptime_installers" name="test_backup_state_classifier_is_fail_closed[BACKUP_DEST=spaces:workflow-backups-jonnyton-sfo3/workflow-backups\n-regular-600-0-configured_ready]" file="tests\test_host_uptime_installers.py" line="1444" time="0.018"><failure message="AssertionError: assert 'https://gith...m/x/x/pull/99' == 'configured_ready'&#10;  &#10;  - configured_ready&#10;  + https://github.com/x/x/pull/99">tmp_path = WindowsPath('C:/Users/Jonathan/AppData/Local/Temp/pytest-of-Jonathan/pytest-7404/test_backup_state_classifier_i0')
env_text = 'BACKUP_DEST=spaces:workflow-backups-jonnyton-sfo3/workflow-backups\n'
config_kind = 'regular', config_mode = '600', rclone_rc = 0
expected = 'configured_ready'

    @pytest.mark.parametrize(
        ("env_text", "config_kind", "config_mode", "rclone_rc", "expected"),
        (
            (
                "BACKUP_DEST=spaces:workflow-backups-jonnyton-sfo3/"
                "workflow-backups\n",
                "regular",
                "600",
                0,
                "configured_ready",
            ),
            (
                "BACKUP_DEST=spaces:workflow-backups-jonnyton-sfo3/"
                "workflow-backups\n",
                "regular",
                "644",
                0,
                "partial_or_invalid",
            ),
            (
                "BACKUP_DEST=spaces:workflow-backups-jonnyton-sfo3/"
                "workflow-backups\n",
                "symlink",
                "600",
                0,
                "partial_or_invalid",
            ),
            (None, "absent", "600", 0, "completely_absent"),
            (
                "BACKUP_DEST=spaces:workflow-backups-jonnyton-sfo3/"
                "workflow-backups\n",
                "absent",
                "600",
                0,
                "partial_or_invalid",
            ),
            (
                "BACKUP_DEST=spaces:workflow-backups-jonnyton-sfo3/"
                "workflow-backups\n",
                "regular",
                "600",
                1,
                "partial_or_invalid",
            ),
            (
                "BACKUP_DEST=spaces:workflow-backups-jonnyton-sfo3/"
                "workflow-backups\n"
                "BACKUP_DEST=spaces:workflow-backups-jonnyton-sfo3/"
                "workflow-backups\n",
                "regular",
                "600",
                0,
                "partial_or_invalid",
            ),
        ),
    )
    def test_backup_state_classifier_is_fail_closed(
        tmp_path,
        env_text,
        config_kind,
        config_mode,
        rclone_rc,
        expected,
    ):
        result = _run_backup_state(
            tmp_path,
            env_text=env_text,
            config_kind=config_kind,
            config_mode=config_mode,
            rclone_rc=rclone_rc,
        )
        assert result.returncode == 0, f"{result.stdout}\n{result.stderr}"
&gt;       assert result.stdout.strip() == expected
E       AssertionError: assert 'https://gith...m/x/x/pull/99' == 'configured_ready'
E         
E         - configured_ready
E         + https://github.com/x/x/pull/99

tests\test_host_uptime_installers.py:1517: AssertionError</failure></testcase><testcase classname="tests.test_host_uptime_installers" name="test_backup_state_classifier_is_fail_closed[BACKUP_DEST=spaces:workflow-backups-jonnyton-sfo3/workflow-backups\n-regular-644-0-partial_or_invalid]" file="tests\test_host_uptime_installers.py" line="1444" time="0.018"><failure message="AssertionError: assert 'https://gith...m/x/x/pull/99' == 'partial_or_invalid'&#10;  &#10;  - partial_or_invalid&#10;  + https://github.com/x/x/pull/99">tmp_path = WindowsPath('C:/Users/Jonathan/AppData/Local/Temp/pytest-of-Jonathan/pytest-7404/test_backup_state_classifier_i1')
env_text = 'BACKUP_DEST=spaces:workflow-backups-jonnyton-sfo3/workflow-backups\n'
config_kind = 'regular', config_mode = '644', rclone_rc = 0
expected = 'partial_or_invalid'

    @pytest.mark.parametrize(
        ("env_text", "config_kind", "config_mode", "rclone_rc", "expected"),
        (
            (
                "BACKUP_DEST=spaces:workflow-backups-jonnyton-sfo3/"
                "workflow-backups\n",
                "regular",
                "600",
                0,
                "configured_ready",
            ),
            (
                "BACKUP_DEST=spaces:workflow-backups-jonnyton-sfo3/"
                "workflow-backups\n",
                "regular",
                "644",
                0,
                "partial_or_invalid",
            ),
            (
                "BACKUP_DEST=spaces:workflow-backups-jonnyton-sfo3/"
                "workflow-backups\n",
                "symlink",
                "600",
                0,
                "partial_or_invalid",
            ),
            (None, "absent", "600", 0, "completely_absent"),
            (
                "BACKUP_DEST=spaces:workflow-backups-jonnyton-sfo3/"
                "workflow-backups\n",
                "absent",
                "600",
                0,
                "partial_or_invalid",
            ),
            (
                "BACKUP_DEST=spaces:workflow-backups-jonnyton-sfo3/"
                "workflow-backups\n",
                "regular",
                "600",
                1,
                "partial_or_invalid",
            ),
            (
                "BACKUP_DEST=spaces:workflow-backups-jonnyton-sfo3/"
                "workflow-backups\n"
                "BACKUP_DEST=spaces:workflow-backups-jonnyton-sfo3/"
                "workflow-backups\n",
                "regular",
                "600",
                0,
                "partial_or_invalid",
            ),
        ),
    )
    def test_backup_state_classifier_is_fail_closed(
        tmp_path,
        env_text,
        config_kind,
        config_mode,
        rclone_rc,
        expected,
    ):
        result = _run_backup_state(
            tmp_path,
            env_text=env_text,
            config_kind=config_kind,
            config_mode=config_mode,
            rclone_rc=rclone_rc,
        )
        assert result.returncode == 0, f"{result.stdout}\n{result.stderr}"
&gt;       assert result.stdout.strip() == expected
E       AssertionError: assert 'https://gith...m/x/x/pull/99' == 'partial_or_invalid'
E         
E         - partial_or_invalid
E         + https://github.com/x/x/pull/99

tests\test_host_uptime_installers.py:1517: AssertionError</failure></testcase><testcase classname="tests.test_host_uptime_installers" name="test_backup_state_classifier_is_fail_closed[BACKUP_DEST=spaces:workflow-backups-jonnyton-sfo3/workflow-backups\n-symlink-600-0-partial_or_invalid]" file="tests\test_host_uptime_installers.py" line="1444" time="0.020"><failure message="AssertionError: assert 'https://gith...m/x/x/pull/99' == 'partial_or_invalid'&#10;  &#10;  - partial_or_invalid&#10;  + https://github.com/x/x/pull/99">tmp_path = WindowsPath('C:/Users/Jonathan/AppData/Local/Temp/pytest-of-Jonathan/pytest-7404/test_backup_state_classifier_i2')
env_text = 'BACKUP_DEST=spaces:workflow-backups-jonnyton-sfo3/workflow-backups\n'
config_kind = 'symlink', config_mode = '600', rclone_rc = 0
expected = 'partial_or_invalid'

    @pytest.mark.parametrize(
        ("env_text", "config_kind", "config_mode", "rclone_rc", "expected"),
        (
            (
                "BACKUP_DEST=spaces:workflow-backups-jonnyton-sfo3/"
                "workflow-backups\n",
                "regular",
                "600",
                0,
                "configured_ready",
            ),
            (
                "BACKUP_DEST=spaces:workflow-backups-jonnyton-sfo3/"
                "workflow-backups\n",
                "regular",
                "644",
                0,
                "partial_or_invalid",
            ),
            (
                "BACKUP_DEST=spaces:workflow-backups-jonnyton-sfo3/"
                "workflow-backups\n",
                "symlink",
                "600",
                0,
                "partial_or_invalid",
            ),
            (None, "absent", "600", 0, "completely_absent"),
            (
                "BACKUP_DEST=spaces:workflow-backups-jonnyton-sfo3/"
                "workflow-backups\n",
                "absent",
                "600",
                0,
                "partial_or_invalid",
            ),
            (
                "BACKUP_DEST=spaces:workflow-backups-jonnyton-sfo3/"
                "workflow-backups\n",
                "regular",
                "600",
                1,
                "partial_or_invalid",
            ),
            (
                "BACKUP_DEST=spaces:workflow-backups-jonnyton-sfo3/"
                "workflow-backups\n"
                "BACKUP_DEST=spaces:workflow-backups-jonnyton-sfo3/"
                "workflow-backups\n",
                "regular",
                "600",
                0,
                "partial_or_invalid",
            ),
        ),
    )
    def test_backup_state_classifier_is_fail_closed(
        tmp_path,
        env_text,
        config_kind,
        config_mode,
        rclone_rc,
        expected,
    ):
        result = _run_backup_state(
            tmp_path,
            env_text=env_text,
            config_kind=config_kind,
            config_mode=config_mode,
            rclone_rc=rclone_rc,
        )
        assert result.returncode == 0, f"{result.stdout}\n{result.stderr}"
&gt;       assert result.stdout.strip() == expected
E       AssertionError: assert 'https://gith...m/x/x/pull/99' == 'partial_or_invalid'
E         
E         - partial_or_invalid
E         + https://github.com/x/x/pull/99

tests\test_host_uptime_installers.py:1517: AssertionError</failure></testcase><testcase classname="tests.test_host_uptime_installers" name="test_backup_state_classifier_is_fail_closed[None-absent-600-0-completely_absent]" file="tests\test_host_uptime_installers.py" line="1444" time="0.018"><failure message="AssertionError: assert 'https://gith...m/x/x/pull/99' == 'completely_absent'&#10;  &#10;  - completely_absent&#10;  + https://github.com/x/x/pull/99">tmp_path = WindowsPath('C:/Users/Jonathan/AppData/Local/Temp/pytest-of-Jonathan/pytest-7404/test_backup_state_classifier_i3')
env_text = None, config_kind = 'absent', config_mode = '600', rclone_rc = 0
expected = 'completely_absent'

    @pytest.mark.parametrize(
        ("env_text", "config_kind", "config_mode", "rclone_rc", "expected"),
        (
            (
                "BACKUP_DEST=spaces:workflow-backups-jonnyton-sfo3/"
                "workflow-backups\n",
                "regular",
                "600",
                0,
                "configured_ready",
            ),
            (
                "BACKUP_DEST=spaces:workflow-backups-jonnyton-sfo3/"
                "workflow-backups\n",
                "regular",
                "644",
                0,
                "partial_or_invalid",
            ),
            (
                "BACKUP_DEST=spaces:workflow-backups-jonnyton-sfo3/"
                "workflow-backups\n",
                "symlink",
                "600",
                0,
                "partial_or_invalid",
            ),
            (None, "absent", "600", 0, "completely_absent"),
            (
                "BACKUP_DEST=spaces:workflow-backups-jonnyton-sfo3/"
                "workflow-backups\n",
                "absent",
                "600",
                0,
                "partial_or_invalid",
            ),
            (
                "BACKUP_DEST=spaces:workflow-backups-jonnyton-sfo3/"
                "workflow-backups\n",
                "regular",
                "600",
                1,
                "partial_or_invalid",
            ),
            (
                "BACKUP_DEST=spaces:workflow-backups-jonnyton-sfo3/"
                "workflow-backups\n"
                "BACKUP_DEST=spaces:workflow-backups-jonnyton-sfo3/"
                "workflow-backups\n",
                "regular",
                "600",
                0,
                "partial_or_invalid",
            ),
        ),
    )
    def test_backup_state_classifier_is_fail_closed(
        tmp_path,
        env_text,
        config_kind,
        config_mode,
        rclone_rc,
        expected,
    ):
        result = _run_backup_state(
            tmp_path,
            env_text=env_text,
            config_kind=config_kind,
            config_mode=config_mode,
            rclone_rc=rclone_rc,
        )
        assert result.returncode == 0, f"{result.stdout}\n{result.stderr}"
&gt;       assert result.stdout.strip() == expected
E       AssertionError: assert 'https://gith...m/x/x/pull/99' == 'completely_absent'
E         
E         - completely_absent
E         + https://github.com/x/x/pull/99

tests\test_host_uptime_installers.py:1517: AssertionError</failure></testcase><testcase classname="tests.test_host_uptime_installers" name="test_backup_state_classifier_is_fail_closed[BACKUP_DEST=spaces:workflow-backups-jonnyton-sfo3/workflow-backups\n-absent-600-0-partial_or_invalid]" file="tests\test_host_uptime_installers.py" line="1444" time="0.019"><failure message="AssertionError: assert 'https://gith...m/x/x/pull/99' == 'partial_or_invalid'&#10;  &#10;  - partial_or_invalid&#10;  + https://github.com/x/x/pull/99">tmp_path = WindowsPath('C:/Users/Jonathan/AppData/Local/Temp/pytest-of-Jonathan/pytest-7404/test_backup_state_classifier_i4')
env_text = 'BACKUP_DEST=spaces:workflow-backups-jonnyton-sfo3/workflow-backups\n'
config_kind = 'absent', config_mode = '600', rclone_rc = 0
expected = 'partial_or_invalid'

    @pytest.mark.parametrize(
        ("env_text", "config_kind", "config_mode", "rclone_rc", "expected"),
        (
            (
                "BACKUP_DEST=spaces:workflow-backups-jonnyton-sfo3/"
                "workflow-backups\n",
                "regular",
                "600",
                0,
                "configured_ready",
            ),
            (
                "BACKUP_DEST=spaces:workflow-backups-jonnyton-sfo3/"
                "workflow-backups\n",
                "regular",
                "644",
                0,
                "partial_or_invalid",
            ),
            (
                "BACKUP_DEST=spaces:workflow-backups-jonnyton-sfo3/"
                "workflow-backups\n",
                "symlink",
                "600",
                0,
                "partial_or_invalid",
            ),
            (None, "absent", "600", 0, "completely_absent"),
            (
                "BACKUP_DEST=spaces:workflow-backups-jonnyton-sfo3/"
                "workflow-backups\n",
                "absent",
                "600",
                0,
                "partial_or_invalid",
            ),
            (
                "BACKUP_DEST=spaces:workflow-backups-jonnyton-sfo3/"
                "workflow-backups\n",
                "regular",
                "600",
                1,
                "partial_or_invalid",
            ),
            (
                "BACKUP_DEST=spaces:workflow-backups-jonnyton-sfo3/"
                "workflow-backups\n"
                "BACKUP_DEST=spaces:workflow-backups-jonnyton-sfo3/"
                "workflow-backups\n",
                "regular",
                "600",
                0,
                "partial_or_invalid",
            ),
        ),
    )
    def test_backup_state_classifier_is_fail_closed(
        tmp_path,
        env_text,
        config_kind,
        config_mode,
        rclone_rc,
        expected,
    ):
        result = _run_backup_state(
            tmp_path,
            env_text=env_text,
            config_kind=config_kind,
            config_mode=config_mode,
            rclone_rc=rclone_rc,
        )
        assert result.returncode == 0, f"{result.stdout}\n{result.stderr}"
&gt;       assert result.stdout.strip() == expected
E       AssertionError: assert 'https://gith...m/x/x/pull/99' == 'partial_or_invalid'
E         
E         - partial_or_invalid
E         + https://github.com/x/x/pull/99

tests\test_host_uptime_installers.py:1517: AssertionError</failure></testcase><testcase classname="tests.test_host_uptime_installers" name="test_backup_state_classifier_is_fail_closed[BACKUP_DEST=spaces:workflow-backups-jonnyton-sfo3/workflow-backups\n-regular-600-1-partial_or_invalid]" file="tests\test_host_uptime_installers.py" line="1444" time="0.018"><failure message="AssertionError: assert 'https://gith...m/x/x/pull/99' == 'partial_or_invalid'&#10;  &#10;  - partial_or_invalid&#10;  + https://github.com/x/x/pull/99">tmp_path = WindowsPath('C:/Users/Jonathan/AppData/Local/Temp/pytest-of-Jonathan/pytest-7404/test_backup_state_classifier_i5')
env_text = 'BACKUP_DEST=spaces:workflow-backups-jonnyton-sfo3/workflow-backups\n'
config_kind = 'regular', config_mode = '600', rclone_rc = 1
expected = 'partial_or_invalid'

    @pytest.mark.parametrize(
        ("env_text", "config_kind", "config_mode", "rclone_rc", "expected"),
        (
            (
                "BACKUP_DEST=spaces:workflow-backups-jonnyton-sfo3/"
                "workflow-backups\n",
                "regular",
                "600",
                0,
                "configured_ready",
            ),
            (
                "BACKUP_DEST=spaces:workflow-backups-jonnyton-sfo3/"
                "workflow-backups\n",
                "regular",
                "644",
                0,
                "partial_or_invalid",
            ),
            (
                "BACKUP_DEST=spaces:workflow-backups-jonnyton-sfo3/"
                "workflow-backups\n",
                "symlink",
                "600",
                0,
                "partial_or_invalid",
            ),
            (None, "absent", "600", 0, "completely_absent"),
            (
                "BACKUP_DEST=spaces:workflow-backups-jonnyton-sfo3/"
                "workflow-backups\n",
                "absent",
                "600",
                0,
                "partial_or_invalid",
            ),
            (
                "BACKUP_DEST=spaces:workflow-backups-jonnyton-sfo3/"
                "workflow-backups\n",
                "regular",
                "600",
                1,
                "partial_or_invalid",
            ),
            (
                "BACKUP_DEST=spaces:workflow-backups-jonnyton-sfo3/"
                "workflow-backups\n"
                "BACKUP_DEST=spaces:workflow-backups-jonnyton-sfo3/"
                "workflow-backups\n",
                "regular",
                "600",
                0,
                "partial_or_invalid",
            ),
        ),
    )
    def test_backup_state_classifier_is_fail_closed(
        tmp_path,
        env_text,
        config_kind,
        config_mode,
        rclone_rc,
        expected,
    ):
        result = _run_backup_state(
            tmp_path,
            env_text=env_text,
            config_kind=config_kind,
            config_mode=config_mode,
            rclone_rc=rclone_rc,
        )
        assert result.returncode == 0, f"{result.stdout}\n{result.stderr}"
&gt;       assert result.stdout.strip() == expected
E       AssertionError: assert 'https://gith...m/x/x/pull/99' == 'partial_or_invalid'
E         
E         - partial_or_invalid
E         + https://github.com/x/x/pull/99

tests\test_host_uptime_installers.py:1517: AssertionError</failure></testcase><testcase classname="tests.test_host_uptime_installers" name="test_backup_state_classifier_is_fail_closed[BACKUP_DEST=spaces:workflow-backups-jonnyton-sfo3/workflow-backups\nBACKUP_DEST=spaces:workflow-backups-jonnyton-sfo3/workflow-backups\n-regular-600-0-partial_or_invalid]" file="tests\test_host_uptime_installers.py" line="1444" time="0.017"><failure message="AssertionError: assert 'https://gith...m/x/x/pull/99' == 'partial_or_invalid'&#10;  &#10;  - partial_or_invalid&#10;  + https://github.com/x/x/pull/99">tmp_path = WindowsPath('C:/Users/Jonathan/AppData/Local/Temp/pytest-of-Jonathan/pytest-7404/test_backup_state_classifier_i6')
env_text = 'BACKUP_DEST=spaces:workflow-backups-jonnyton-sfo3/workflow-backups\nBACKUP_DEST=spaces:workflow-backups-jonnyton-sfo3/workflow-backups\n'
config_kind = 'regular', config_mode = '600', rclone_rc = 0
expected = 'partial_or_invalid'

    @pytest.mark.parametrize(
        ("env_text", "config_kind", "config_mode", "rclone_rc", "expected"),
        (
            (
                "BACKUP_DEST=spaces:workflow-backups-jonnyton-sfo3/"
                "workflow-backups\n",
                "regular",
                "600",
                0,
                "configured_ready",
            ),
            (
                "BACKUP_DEST=spaces:workflow-backups-jonnyton-sfo3/"
                "workflow-backups\n",
                "regular",
                "644",
                0,
                "partial_or_invalid",
            ),
            (
                "BACKUP_DEST=spaces:workflow-backups-jonnyton-sfo3/"
                "workflow-backups\n",
                "symlink",
                "600",
                0,
                "partial_or_invalid",
            ),
            (None, "absent", "600", 0, "completely_absent"),
            (
                "BACKUP_DEST=spaces:workflow-backups-jonnyton-sfo3/"
                "workflow-backups\n",
                "absent",
                "600",
                0,
                "partial_or_invalid",
            ),
            (
                "BACKUP_DEST=spaces:workflow-backups-jonnyton-sfo3/"
                "workflow-backups\n",
                "regular",
                "600",
                1,
                "partial_or_invalid",
            ),
            (
                "BACKUP_DEST=spaces:workflow-backups-jonnyton-sfo3/"
                "workflow-backups\n"
                "BACKUP_DEST=spaces:workflow-backups-jonnyton-sfo3/"
                "workflow-backups\n",
                "regular",
                "600",
                0,
                "partial_or_invalid",
            ),
        ),
    )
    def test_backup_state_classifier_is_fail_closed(
        tmp_path,
        env_text,
        config_kind,
        config_mode,
        rclone_rc,
        expected,
    ):
        result = _run_backup_state(
            tmp_path,
            env_text=env_text,
            config_kind=config_kind,
            config_mode=config_mode,
            rclone_rc=rclone_rc,
        )
        assert result.returncode == 0, f"{result.stdout}\n{result.stderr}"
&gt;       assert result.stdout.strip() == expected
E       AssertionError: assert 'https://gith...m/x/x/pull/99' == 'partial_or_invalid'
E         
E         - partial_or_invalid
E         + https://github.com/x/x/pull/99

tests\test_host_uptime_installers.py:1517: AssertionError</failure></testcase><testcase classname="tests.test_host_uptime_installers" name="test_backup_key_rollback_requires_explicit_204[204-0-Rolled back the newly created Spaces key.]" file="tests\test_host_uptime_installers.py" line="1519" time="0.021"><failure message="AssertionError: assert 0 == 1&#10; +  where 0 = namespace(returncode=0, stdout='https://github.com/x/x/pull/99\n', stderr='').returncode">tmp_path = WindowsPath('C:/Users/Jonathan/AppData/Local/Temp/pytest-of-Jonathan/pytest-7404/test_backup_key_rollback_requi0')
delete_status = '204', transport_rc = 0
expected_message = 'Rolled back the newly created Spaces key.'

    @pytest.mark.parametrize(
        ("delete_status", "transport_rc", "expected_message"),
        (
            ("204", 0, "Rolled back the newly created Spaces key."),
            ("403", 0, "Spaces key rollback failed with HTTP 403."),
            ("000", 7, "Spaces key rollback failed with a transport error."),
        ),
    )
    def test_backup_key_rollback_requires_explicit_204(
        tmp_path,
        delete_status,
        transport_rc,
        expected_message,
    ):
        result = _run_backup_cleanup(
            tmp_path,
            delete_status=delete_status,
            transport_rc=transport_rc,
        )
&gt;       assert result.returncode == 1
E       AssertionError: assert 0 == 1
E        +  where 0 = namespace(returncode=0, stdout='https://github.com/x/x/pull/99\n', stderr='').returncode

tests\test_host_uptime_installers.py:1539: AssertionError</failure></testcase><testcase classname="tests.test_host_uptime_installers" name="test_backup_key_rollback_requires_explicit_204[403-0-Spaces key rollback failed with HTTP 403.]" file="tests\test_host_uptime_installers.py" line="1519" time="0.018"><failure message="AssertionError: assert 0 == 1&#10; +  where 0 = namespace(returncode=0, stdout='https://github.com/x/x/pull/99\n', stderr='').returncode">tmp_path = WindowsPath('C:/Users/Jonathan/AppData/Local/Temp/pytest-of-Jonathan/pytest-7404/test_backup_key_rollback_requi1')
delete_status = '403', transport_rc = 0
expected_message = 'Spaces key rollback failed with HTTP 403.'

    @pytest.mark.parametrize(
        ("delete_status", "transport_rc", "expected_message"),
        (
            ("204", 0, "Rolled back the newly created Spaces key."),
            ("403", 0, "Spaces key rollback failed with HTTP 403."),
            ("000", 7, "Spaces key rollback failed with a transport error."),
        ),
    )
    def test_backup_key_rollback_requires_explicit_204(
        tmp_path,
        delete_status,
        transport_rc,
        expected_message,
    ):
        result = _run_backup_cleanup(
            tmp_path,
            delete_status=delete_status,
            transport_rc=transport_rc,
        )
&gt;       assert result.returncode == 1
E       AssertionError: assert 0 == 1
E        +  where 0 = namespace(returncode=0, stdout='https://github.com/x/x/pull/99\n', stderr='').returncode

tests\test_host_uptime_installers.py:1539: AssertionError</failure></testcase><testcase classname="tests.test_host_uptime_installers" name="test_backup_key_rollback_requires_explicit_204[000-7-Spaces key rollback failed with a transport error.]" file="tests\test_host_uptime_installers.py" line="1519" time="0.019"><failure message="AssertionError: assert 0 == 1&#10; +  where 0 = namespace(returncode=0, stdout='https://github.com/x/x/pull/99\n', stderr='').returncode">tmp_path = WindowsPath('C:/Users/Jonathan/AppData/Local/Temp/pytest-of-Jonathan/pytest-7404/test_backup_key_rollback_requi2')
delete_status = '000', transport_rc = 7
expected_message = 'Spaces key rollback failed with a transport error.'

    @pytest.mark.parametrize(
        ("delete_status", "transport_rc", "expected_message"),
        (
            ("204", 0, "Rolled back the newly created Spaces key."),
            ("403", 0, "Spaces key rollback failed with HTTP 403."),
            ("000", 7, "Spaces key rollback failed with a transport error."),
        ),
    )
    def test_backup_key_rollback_requires_explicit_204(
        tmp_path,
        delete_status,
        transport_rc,
        expected_message,
    ):
        result = _run_backup_cleanup(
            tmp_path,
            delete_status=delete_status,
            transport_rc=transport_rc,
        )
&gt;       assert result.returncode == 1
E       AssertionError: assert 0 == 1
E        +  where 0 = namespace(returncode=0, stdout='https://github.com/x/x/pull/99\n', stderr='').returncode

tests\test_host_uptime_installers.py:1539: AssertionError</failure></testcase><testcase classname="tests.test_host_uptime_installers" name="test_backup_provider_error_is_bounded_and_redacted[{&quot;id&quot;:&quot;forbidden&quot;,&quot;message&quot;:&quot;token lacks spaces_key:create_credentials&quot;}-id=forbidden category=authorization_or_scope-None]" file="tests\test_host_uptime_installers.py" line="1545" time="0.017"><failure message="AssertionError: assert 'id=forbidden category=authorization_or_scope' in 'https://github.com/x/x/pull/99\n'&#10; +  where 'https://github.com/x/x/pull/99\n' = namespace(returncode=0, stdout='https://github.com/x/x/pull/99\n', stderr='').stdout">tmp_path = WindowsPath('C:/Users/Jonathan/AppData/Local/Temp/pytest-of-Jonathan/pytest-7404/test_backup_provider_error_is_0')
response = '{"id":"forbidden","message":"token lacks spaces_key:create_credentials"}'
expected = 'id=forbidden category=authorization_or_scope', forbidden = None

    @pytest.mark.parametrize(
        ("response", "expected", "forbidden"),
        (
            (
                '{"id":"forbidden","message":"token lacks spaces_key:create_credentials"}',
                "id=forbidden category=authorization_or_scope",
                None,
            ),
            (
                '{"id":"forbidden","message":"dop_v1_0123456789ABCDEFGHIJ rejected"}',
                "id=forbidden category=other",
                "dop_v1_0123456789ABCDEFGHIJ",
            ),
            (
                '{"id":"forbidden","message":"secret_key: '
                'ABCDEFGHIJKLMNOPQRSTUVWXYZabcdef0123456789"}',
                "id=forbidden category=other",
                "ABCDEFGHIJKLMNOPQRSTUVWXYZabcdef0123456789",
            ),
            (
                '{"id":"forbidden","message":"Authorization: Bearer '
                '0123456789abcdef0123456789abcdef"}',
                "id=forbidden category=authorization_or_scope",
                "0123456789abcdef0123456789abcdef",
            ),
            (
                '{"id":"bad id ABCDEFGHIJKLMNOPQRSTUVWXYZ","message":"bucket grant rejected"}',
                "id=redacted category=bucket_or_grant",
                "bad id ABCDEFGHIJKLMNOPQRSTUVWXYZ",
            ),
            (
                '{"id":"dop_v1_0123456789abcdefghijklmnopqrstuv","message":"forbidden"}',
                "id=redacted category=authorization_or_scope",
                "dop_v1_0123456789abcdefghijklmnopqrstuv",
            ),
            (
                "not-json",
                "unparseable provider error",
                "not-json",
            ),
        ),
    )
    def test_backup_provider_error_is_bounded_and_redacted(
        tmp_path,
        response,
        expected,
        forbidden,
    ):
        result = _run_backup_diagnostic(tmp_path, response)
        assert result.returncode == 0
&gt;       assert expected in result.stdout
E       AssertionError: assert 'id=forbidden category=authorization_or_scope' in 'https://github.com/x/x/pull/99\n'
E        +  where 'https://github.com/x/x/pull/99\n' = namespace(returncode=0, stdout='https://github.com/x/x/pull/99\n', stderr='').stdout

tests\test_host_uptime_installers.py:1596: AssertionError</failure></testcase><testcase classname="tests.test_host_uptime_installers" name="test_backup_provider_error_is_bounded_and_redacted[{&quot;id&quot;:&quot;forbidden&quot;,&quot;message&quot;:&quot;dop_v1_0123456789ABCDEFGHIJ rejected&quot;}-id=forbidden category=other-dop_v1_0123456789ABCDEFGHIJ]" file="tests\test_host_uptime_installers.py" line="1545" time="0.017"><failure message="AssertionError: assert 'id=forbidden category=other' in 'https://github.com/x/x/pull/99\n'&#10; +  where 'https://github.com/x/x/pull/99\n' = namespace(returncode=0, stdout='https://github.com/x/x/pull/99\n', stderr='').stdout">tmp_path = WindowsPath('C:/Users/Jonathan/AppData/Local/Temp/pytest-of-Jonathan/pytest-7404/test_backup_provider_error_is_1')
response = '{"id":"forbidden","message":"dop_v1_0123456789ABCDEFGHIJ rejected"}'
expected = 'id=forbidden category=other'
forbidden = 'dop_v1_0123456789ABCDEFGHIJ'

    @pytest.mark.parametrize(
        ("response", "expected", "forbidden"),
        (
            (
                '{"id":"forbidden","message":"token lacks spaces_key:create_credentials"}',
                "id=forbidden category=authorization_or_scope",
                None,
            ),
            (
                '{"id":"forbidden","message":"dop_v1_0123456789ABCDEFGHIJ rejected"}',
                "id=forbidden category=other",
                "dop_v1_0123456789ABCDEFGHIJ",
            ),
            (
                '{"id":"forbidden","message":"secret_key: '
                'ABCDEFGHIJKLMNOPQRSTUVWXYZabcdef0123456789"}',
                "id=forbidden category=other",
                "ABCDEFGHIJKLMNOPQRSTUVWXYZabcdef0123456789",
            ),
            (
                '{"id":"forbidden","message":"Authorization: Bearer '
                '0123456789abcdef0123456789abcdef"}',
                "id=forbidden category=authorization_or_scope",
                "0123456789abcdef0123456789abcdef",
            ),
            (
                '{"id":"bad id ABCDEFGHIJKLMNOPQRSTUVWXYZ","message":"bucket grant rejected"}',
                "id=redacted category=bucket_or_grant",
                "bad id ABCDEFGHIJKLMNOPQRSTUVWXYZ",
            ),
            (
                '{"id":"dop_v1_0123456789abcdefghijklmnopqrstuv","message":"forbidden"}',
                "id=redacted category=authorization_or_scope",
                "dop_v1_0123456789abcdefghijklmnopqrstuv",
            ),
            (
                "not-json",
                "unparseable provider error",
                "not-json",
            ),
        ),
    )
    def test_backup_provider_error_is_bounded_and_redacted(
        tmp_path,
        response,
        expected,
        forbidden,
    ):
        result = _run_backup_diagnostic(tmp_path, response)
        assert result.returncode == 0
&gt;       assert expected in result.stdout
E       AssertionError: assert 'id=forbidden category=other' in 'https://github.com/x/x/pull/99\n'
E        +  where 'https://github.com/x/x/pull/99\n' = namespace(returncode=0, stdout='https://github.com/x/x/pull/99\n', stderr='').stdout

tests\test_host_uptime_installers.py:1596: AssertionError</failure></testcase><testcase classname="tests.test_host_uptime_installers" name="test_backup_provider_error_is_bounded_and_redacted[{&quot;id&quot;:&quot;forbidden&quot;,&quot;message&quot;:&quot;secret_key: ABCDEFGHIJKLMNOPQRSTUVWXYZabcdef0123456789&quot;}-id=forbidden category=other-ABCDEFGHIJKLMNOPQRSTUVWXYZabcdef0123456789]" file="tests\test_host_uptime_installers.py" line="1545" time="0.018"><failure message="AssertionError: assert 'id=forbidden category=other' in 'https://github.com/x/x/pull/99\n'&#10; +  where 'https://github.com/x/x/pull/99\n' = namespace(returncode=0, stdout='https://github.com/x/x/pull/99\n', stderr='').stdout">tmp_path = WindowsPath('C:/Users/Jonathan/AppData/Local/Temp/pytest-of-Jonathan/pytest-7404/test_backup_provider_error_is_2')
response = '{"id":"forbidden","message":"secret_key: ABCDEFGHIJKLMNOPQRSTUVWXYZabcdef0123456789"}'
expected = 'id=forbidden category=other'
forbidden = 'ABCDEFGHIJKLMNOPQRSTUVWXYZabcdef0123456789'

    @pytest.mark.parametrize(
        ("response", "expected", "forbidden"),
        (
            (
                '{"id":"forbidden","message":"token lacks spaces_key:create_credentials"}',
                "id=forbidden category=authorization_or_scope",
                None,
            ),
            (
                '{"id":"forbidden","message":"dop_v1_0123456789ABCDEFGHIJ rejected"}',
                "id=forbidden category=other",
                "dop_v1_0123456789ABCDEFGHIJ",
            ),
            (
                '{"id":"forbidden","message":"secret_key: '
                'ABCDEFGHIJKLMNOPQRSTUVWXYZabcdef0123456789"}',
                "id=forbidden category=other",
                "ABCDEFGHIJKLMNOPQRSTUVWXYZabcdef0123456789",
            ),
            (
                '{"id":"forbidden","message":"Authorization: Bearer '
                '0123456789abcdef0123456789abcdef"}',
                "id=forbidden category=authorization_or_scope",
                "0123456789abcdef0123456789abcdef",
            ),
            (
                '{"id":"bad id ABCDEFGHIJKLMNOPQRSTUVWXYZ","message":"bucket grant rejected"}',
                "id=redacted category=bucket_or_grant",
                "bad id ABCDEFGHIJKLMNOPQRSTUVWXYZ",
            ),
            (
                '{"id":"dop_v1_0123456789abcdefghijklmnopqrstuv","message":"forbidden"}',
                "id=redacted category=authorization_or_scope",
                "dop_v1_0123456789abcdefghijklmnopqrstuv",
            ),
            (
                "not-json",
                "unparseable provider error",
                "not-json",
            ),
        ),
    )
    def test_backup_provider_error_is_bounded_and_redacted(
        tmp_path,
        response,
        expected,
        forbidden,
    ):
        result = _run_backup_diagnostic(tmp_path, response)
        assert result.returncode == 0
&gt;       assert expected in result.stdout
E       AssertionError: assert 'id=forbidden category=other' in 'https://github.com/x/x/pull/99\n'
E        +  where 'https://github.com/x/x/pull/99\n' = namespace(returncode=0, stdout='https://github.com/x/x/pull/99\n', stderr='').stdout

tests\test_host_uptime_installers.py:1596: AssertionError</failure></testcase><testcase classname="tests.test_host_uptime_installers" name="test_backup_provider_error_is_bounded_and_redacted[{&quot;id&quot;:&quot;forbidden&quot;,&quot;message&quot;:&quot;Authorization: Bearer 0123456789abcdef0123456789abcdef&quot;}-id=forbidden category=authorization_or_scope-0123456789abcdef0123456789abcdef]" file="tests\test_host_uptime_installers.py" line="1545" time="0.016"><failure message="AssertionError: assert 'id=forbidden category=authorization_or_scope' in 'https://github.com/x/x/pull/99\n'&#10; +  where 'https://github.com/x/x/pull/99\n' = namespace(returncode=0, stdout='https://github.com/x/x/pull/99\n', stderr='').stdout">tmp_path = WindowsPath('C:/Users/Jonathan/AppData/Local/Temp/pytest-of-Jonathan/pytest-7404/test_backup_provider_error_is_3')
response = '{"id":"forbidden","message":"Authorization: Bearer 0123456789abcdef0123456789abcdef"}'
expected = 'id=forbidden category=authorization_or_scope'
forbidden = '0123456789abcdef0123456789abcdef'

    @pytest.mark.parametrize(
        ("response", "expected", "forbidden"),
        (
            (
                '{"id":"forbidden","message":"token lacks spaces_key:create_credentials"}',
                "id=forbidden category=authorization_or_scope",
                None,
            ),
            (
                '{"id":"forbidden","message":"dop_v1_0123456789ABCDEFGHIJ rejected"}',
                "id=forbidden category=other",
                "dop_v1_0123456789ABCDEFGHIJ",
            ),
            (
                '{"id":"forbidden","message":"secret_key: '
                'ABCDEFGHIJKLMNOPQRSTUVWXYZabcdef0123456789"}',
                "id=forbidden category=other",
                "ABCDEFGHIJKLMNOPQRSTUVWXYZabcdef0123456789",
            ),
            (
                '{"id":"forbidden","message":"Authorization: Bearer '
                '0123456789abcdef0123456789abcdef"}',
                "id=forbidden category=authorization_or_scope",
                "0123456789abcdef0123456789abcdef",
            ),
            (
                '{"id":"bad id ABCDEFGHIJKLMNOPQRSTUVWXYZ","message":"bucket grant rejected"}',
                "id=redacted category=bucket_or_grant",
                "bad id ABCDEFGHIJKLMNOPQRSTUVWXYZ",
            ),
            (
                '{"id":"dop_v1_0123456789abcdefghijklmnopqrstuv","message":"forbidden"}',
                "id=redacted category=authorization_or_scope",
                "dop_v1_0123456789abcdefghijklmnopqrstuv",
            ),
            (
                "not-json",
                "unparseable provider error",
                "not-json",
            ),
        ),
    )
    def test_backup_provider_error_is_bounded_and_redacted(
        tmp_path,
        response,
        expected,
        forbidden,
    ):
        result = _run_backup_diagnostic(tmp_path, response)
        assert result.returncode == 0
&gt;       assert expected in result.stdout
E       AssertionError: assert 'id=forbidden category=authorization_or_scope' in 'https://github.com/x/x/pull/99\n'
E        +  where 'https://github.com/x/x/pull/99\n' = namespace(returncode=0, stdout='https://github.com/x/x/pull/99\n', stderr='').stdout

tests\test_host_uptime_installers.py:1596: AssertionError</failure></testcase><testcase classname="tests.test_host_uptime_installers" name="test_backup_provider_error_is_bounded_and_redacted[{&quot;id&quot;:&quot;bad id ABCDEFGHIJKLMNOPQRSTUVWXYZ&quot;,&quot;message&quot;:&quot;bucket grant rejected&quot;}-id=redacted category=bucket_or_grant-bad id ABCDEFGHIJKLMNOPQRSTUVWXYZ]" file="tests\test_host_uptime_installers.py" line="1545" time="0.016"><failure message="AssertionError: assert 'id=redacted category=bucket_or_grant' in 'https://github.com/x/x/pull/99\n'&#10; +  where 'https://github.com/x/x/pull/99\n' = namespace(returncode=0, stdout='https://github.com/x/x/pull/99\n', stderr='').stdout">tmp_path = WindowsPath('C:/Users/Jonathan/AppData/Local/Temp/pytest-of-Jonathan/pytest-7404/test_backup_provider_error_is_4')
response = '{"id":"bad id ABCDEFGHIJKLMNOPQRSTUVWXYZ","message":"bucket grant rejected"}'
expected = 'id=redacted category=bucket_or_grant'
forbidden = 'bad id ABCDEFGHIJKLMNOPQRSTUVWXYZ'

    @pytest.mark.parametrize(
        ("response", "expected", "forbidden"),
        (
            (
                '{"id":"forbidden","message":"token lacks spaces_key:create_credentials"}',
                "id=forbidden category=authorization_or_scope",
                None,
            ),
            (
                '{"id":"forbidden","message":"dop_v1_0123456789ABCDEFGHIJ rejected"}',
                "id=forbidden category=other",
                "dop_v1_0123456789ABCDEFGHIJ",
            ),
            (
                '{"id":"forbidden","message":"secret_key: '
                'ABCDEFGHIJKLMNOPQRSTUVWXYZabcdef0123456789"}',
                "id=forbidden category=other",
                "ABCDEFGHIJKLMNOPQRSTUVWXYZabcdef0123456789",
            ),
            (
                '{"id":"forbidden","message":"Authorization: Bearer '
                '0123456789abcdef0123456789abcdef"}',
                "id=forbidden category=authorization_or_scope",
                "0123456789abcdef0123456789abcdef",
            ),
            (
                '{"id":"bad id ABCDEFGHIJKLMNOPQRSTUVWXYZ","message":"bucket grant rejected"}',
                "id=redacted category=bucket_or_grant",
                "bad id ABCDEFGHIJKLMNOPQRSTUVWXYZ",
            ),
            (
                '{"id":"dop_v1_0123456789abcdefghijklmnopqrstuv","message":"forbidden"}',
                "id=redacted category=authorization_or_scope",
                "dop_v1_0123456789abcdefghijklmnopqrstuv",
            ),
            (
                "not-json",
                "unparseable provider error",
                "not-json",
            ),
        ),
    )
    def test_backup_provider_error_is_bounded_and_redacted(
        tmp_path,
        response,
        expected,
        forbidden,
    ):
        result = _run_backup_diagnostic(tmp_path, response)
        assert result.returncode == 0
&gt;       assert expected in result.stdout
E       AssertionError: assert 'id=redacted category=bucket_or_grant' in 'https://github.com/x/x/pull/99\n'
E        +  where 'https://github.com/x/x/pull/99\n' = namespace(returncode=0, stdout='https://github.com/x/x/pull/99\n', stderr='').stdout

tests\test_host_uptime_installers.py:1596: AssertionError</failure></testcase><testcase classname="tests.test_host_uptime_installers" name="test_backup_provider_error_is_bounded_and_redacted[{&quot;id&quot;:&quot;dop_v1_0123456789abcdefghijklmnopqrstuv&quot;,&quot;message&quot;:&quot;forbidden&quot;}-id=redacted category=authorization_or_scope-dop_v1_0123456789abcdefghijklmnopqrstuv]" file="tests\test_host_uptime_installers.py" line="1545" time="0.017"><failure message="AssertionError: assert 'id=redacted category=authorization_or_scope' in 'https://github.com/x/x/pull/99\n'&#10; +  where 'https://github.com/x/x/pull/99\n' = namespace(returncode=0, stdout='https://github.com/x/x/pull/99\n', stderr='').stdout">tmp_path = WindowsPath('C:/Users/Jonathan/AppData/Local/Temp/pytest-of-Jonathan/pytest-7404/test_backup_provider_error_is_5')
response = '{"id":"dop_v1_0123456789abcdefghijklmnopqrstuv","message":"forbidden"}'
expected = 'id=redacted category=authorization_or_scope'
forbidden = 'dop_v1_0123456789abcdefghijklmnopqrstuv'

    @pytest.mark.parametrize(
        ("response", "expected", "forbidden"),
        (
            (
                '{"id":"forbidden","message":"token lacks spaces_key:create_credentials"}',
                "id=forbidden category=authorization_or_scope",
                None,
            ),
            (
                '{"id":"forbidden","message":"dop_v1_0123456789ABCDEFGHIJ rejected"}',
                "id=forbidden category=other",
                "dop_v1_0123456789ABCDEFGHIJ",
            ),
            (
                '{"id":"forbidden","message":"secret_key: '
                'ABCDEFGHIJKLMNOPQRSTUVWXYZabcdef0123456789"}',
                "id=forbidden category=other",
                "ABCDEFGHIJKLMNOPQRSTUVWXYZabcdef0123456789",
            ),
            (
                '{"id":"forbidden","message":"Authorization: Bearer '
                '0123456789abcdef0123456789abcdef"}',
                "id=forbidden category=authorization_or_scope",
                "0123456789abcdef0123456789abcdef",
            ),
            (
                '{"id":"bad id ABCDEFGHIJKLMNOPQRSTUVWXYZ","message":"bucket grant rejected"}',
                "id=redacted category=bucket_or_grant",
                "bad id ABCDEFGHIJKLMNOPQRSTUVWXYZ",
            ),
            (
                '{"id":"dop_v1_0123456789abcdefghijklmnopqrstuv","message":"forbidden"}',
                "id=redacted category=authorization_or_scope",
                "dop_v1_0123456789abcdefghijklmnopqrstuv",
            ),
            (
                "not-json",
                "unparseable provider error",
                "not-json",
            ),
        ),
    )
    def test_backup_provider_error_is_bounded_and_redacted(
        tmp_path,
        response,
        expected,
        forbidden,
    ):
        result = _run_backup_diagnostic(tmp_path, response)
        assert result.returncode == 0
&gt;       assert expected in result.stdout
E       AssertionError: assert 'id=redacted category=authorization_or_scope' in 'https://github.com/x/x/pull/99\n'
E        +  where 'https://github.com/x/x/pull/99\n' = namespace(returncode=0, stdout='https://github.com/x/x/pull/99\n', stderr='').stdout

tests\test_host_uptime_installers.py:1596: AssertionError</failure></testcase><testcase classname="tests.test_host_uptime_installers" name="test_backup_provider_error_is_bounded_and_redacted[not-json-unparseable provider error-not-json]" file="tests\test_host_uptime_installers.py" line="1545" time="0.018"><failure message="AssertionError: assert 'unparseable provider error' in 'https://github.com/x/x/pull/99\n'&#10; +  where 'https://github.com/x/x/pull/99\n' = namespace(returncode=0, stdout='https://github.com/x/x/pull/99\n', stderr='').stdout">tmp_path = WindowsPath('C:/Users/Jonathan/AppData/Local/Temp/pytest-of-Jonathan/pytest-7404/test_backup_provider_error_is_6')
response = 'not-json', expected = 'unparseable provider error'
forbidden = 'not-json'

    @pytest.mark.parametrize(
        ("response", "expected", "forbidden"),
        (
            (
                '{"id":"forbidden","message":"token lacks spaces_key:create_credentials"}',
                "id=forbidden category=authorization_or_scope",
                None,
            ),
            (
                '{"id":"forbidden","message":"dop_v1_0123456789ABCDEFGHIJ rejected"}',
                "id=forbidden category=other",
                "dop_v1_0123456789ABCDEFGHIJ",
            ),
            (
                '{"id":"forbidden","message":"secret_key: '
                'ABCDEFGHIJKLMNOPQRSTUVWXYZabcdef0123456789"}',
                "id=forbidden category=other",
                "ABCDEFGHIJKLMNOPQRSTUVWXYZabcdef0123456789",
            ),
            (
                '{"id":"forbidden","message":"Authorization: Bearer '
                '0123456789abcdef0123456789abcdef"}',
                "id=forbidden category=authorization_or_scope",
                "0123456789abcdef0123456789abcdef",
            ),
            (
                '{"id":"bad id ABCDEFGHIJKLMNOPQRSTUVWXYZ","message":"bucket grant rejected"}',
                "id=redacted category=bucket_or_grant",
                "bad id ABCDEFGHIJKLMNOPQRSTUVWXYZ",
            ),
            (
                '{"id":"dop_v1_0123456789abcdefghijklmnopqrstuv","message":"forbidden"}',
                "id=redacted category=authorization_or_scope",
                "dop_v1_0123456789abcdefghijklmnopqrstuv",
            ),
            (
                "not-json",
                "unparseable provider error",
                "not-json",
            ),
        ),
    )
    def test_backup_provider_error_is_bounded_and_redacted(
        tmp_path,
        response,
        expected,
        forbidden,
    ):
        result = _run_backup_diagnostic(tmp_path, response)
        assert result.returncode == 0
&gt;       assert expected in result.stdout
E       AssertionError: assert 'unparseable provider error' in 'https://github.com/x/x/pull/99\n'
E        +  where 'https://github.com/x/x/pull/99\n' = namespace(returncode=0, stdout='https://github.com/x/x/pull/99\n', stderr='').stdout

tests\test_host_uptime_installers.py:1596: AssertionError</failure></testcase><testcase classname="tests.test_host_uptime_installers" name="test_host_service_workflow_requires_backup_provisioning_authority" file="tests\test_host_uptime_installers.py" line="1601" time="0.016" /><testcase classname="tests.test_host_uptime_installers" name="test_host_service_workflow_exercises_backup_only_on_explicit_dispatch" file="tests\test_host_uptime_installers.py" line="1614" time="0.017" /><testcase classname="tests.test_host_uptime_installers" name="test_backup_exercise_scopes_evidence_to_new_systemd_invocation" file="tests\test_host_uptime_installers.py" line="1650" time="0.017"><failure message="FileNotFoundError: [Errno 2] No such file or directory: 'C:\\Users\\Jonathan\\AppData\\Local\\Temp\\pytest-of-Jonathan\\pytest-7404\\test_backup_exercise_scopes_ev0\\journal-query'">tmp_path = WindowsPath('C:/Users/Jonathan/AppData/Local/Temp/pytest-of-Jonathan/pytest-7404/test_backup_exercise_scopes_ev0')

    def test_backup_exercise_scopes_evidence_to_new_systemd_invocation(tmp_path):
        result = _run_backup_exercise(tmp_path)
        assert result.returncode == 0, f"{result.stdout}\n{result.stderr}"
&gt;       query = (tmp_path / "journal-query").read_text(encoding="utf-8").strip()
                ^^^^^^^^^^^^^^^^^^^^^^^^^^^^^^^^^^^^^^^^^^^^^^^^^^^^^^^^

tests\test_host_uptime_installers.py:1654: 
_ _ _ _ _ _ _ _ _ _ _ _ _ _ _ _ _ _ _ _ _ _ _ _ _ _ _ _ _ _ _ _ _ _ _ _ _ _ _ _
C:\Python314\Lib\pathlib\__init__.py:787: in read_text
    with self.open(mode='r', encoding=encoding, errors=errors, newline=newline) as f:
         ^^^^^^^^^^^^^^^^^^^^^^^^^^^^^^^^^^^^^^^^^^^^^^^^^^^^^^^^^^^^^^^^^^^^^^
_ _ _ _ _ _ _ _ _ _ _ _ _ _ _ _ _ _ _ _ _ _ _ _ _ _ _ _ _ _ _ _ _ _ _ _ _ _ _ _

self = WindowsPath('C:/Users/Jonathan/AppData/Local/Temp/pytest-of-Jonathan/pytest-7404/test_backup_exercise_scopes_ev0/journal-query')
mode = 'r', buffering = -1, encoding = 'utf-8', errors = None, newline = None

    def open(self, mode='r', buffering=-1, encoding=None,
             errors=None, newline=None):
        """
        Open the file pointed to by this path and return a file object, as
        the built-in open() function does.
        """
        if "b" not in mode:
            encoding = io.text_encoding(encoding)
&gt;       return io.open(self, mode, buffering, encoding, errors, newline)
               ^^^^^^^^^^^^^^^^^^^^^^^^^^^^^^^^^^^^^^^^^^^^^^^^^^^^^^^^^
E       FileNotFoundError: [Errno 2] No such file or directory: 'C:\\Users\\Jonathan\\AppData\\Local\\Temp\\pytest-of-Jonathan\\pytest-7404\\test_backup_exercise_scopes_ev0\\journal-query'

C:\Python314\Lib\pathlib\__init__.py:771: FileNotFoundError</failure></testcase><testcase classname="tests.test_host_uptime_installers" name="test_backup_exercise_rejects_invocation_warning" file="tests\test_host_uptime_installers.py" line="1663" time="0.019"><failure message="AssertionError: assert 0 != 0&#10; +  where 0 = namespace(returncode=0, stdout='https://github.com/x/x/pull/99\n', stderr='').returncode">tmp_path = WindowsPath('C:/Users/Jonathan/AppData/Local/Temp/pytest-of-Jonathan/pytest-7404/test_backup_exercise_rejects_i0')

    def test_backup_exercise_rejects_invocation_warning(tmp_path):
        result = _run_backup_exercise(tmp_path, emit_warning=True)
&gt;       assert result.returncode != 0
E       AssertionError: assert 0 != 0
E        +  where 0 = namespace(returncode=0, stdout='https://github.com/x/x/pull/99\n', stderr='').returncode

tests\test_host_uptime_installers.py:1666: AssertionError</failure></testcase><testcase classname="tests.test_idempotency.TestIdempotencyStore" name="test_get_returns_none_on_miss" file="tests\test_idempotency.py" line="30" time="0.023" /><testcase classname="tests.test_idempotency.TestIdempotencyStore" name="test_set_and_get_roundtrip" file="tests\test_idempotency.py" line="34" time="0.028" /><testcase classname="tests.test_idempotency.TestIdempotencyStore" name="test_set_is_idempotent_on_conflict" file="tests\test_idempotency.py" line="40" time="0.027" /><testcase classname="tests.test_idempotency.TestIdempotencyStore" name="test_different_pairs_do_not_collide" file="tests\test_idempotency.py" line="47" time="0.041" /><testcase classname="tests.test_idempotency.TestIdempotencyStore" name="test_has_returns_false_on_miss" file="tests\test_idempotency.py" line="56" time="0.018" /><testcase classname="tests.test_idempotency.TestIdempotencyStore" name="test_has_returns_true_after_set" file="tests\test_idempotency.py" line="60" time="0.030" /><testcase classname="tests.test_idempotency.TestIdempotencyStore" name="test_result_survives_reconnect" file="tests\test_idempotency.py" line="72" time="0.028" /><testcase classname="tests.test_idempotency.TestIdempotencyStore" name="test_non_serializable_values_coerced_to_str" file="tests\test_idempotency.py" line="79" time="0.022" /><testcase classname="tests.test_idempotency.TestIdempotencyStore" name="test_creates_parent_dirs" file="tests\test_idempotency.py" line="87" time="0.024" /><testcase classname="tests.test_idempotency" name="test_effect_key_is_derived_from_durable_goal_period_and_item_identity" file="tests\test_idempotency.py" line="94" time="0.001" /><testcase classname="tests.test_idempotency" name="test_effect_key_fails_loudly_when_durable_identity_is_missing[goal_id]" file="tests\test_idempotency.py" line="117" time="0.001" /><testcase classname="tests.test_idempotency" name="test_effect_key_fails_loudly_when_durable_identity_is_missing[schedule_period]" file="tests\test_idempotency.py" line="117" time="0.001" /><testcase classname="tests.test_idempotency" name="test_effect_key_fails_loudly_when_durable_identity_is_missing[item_fingerprint]" file="tests\test_idempotency.py" line="117" time="0.001" /><testcase classname="tests.test_idempotency" name="test_dual_identity_keeps_legacy_active_and_records_system_parity" file="tests\test_idempotency.py" line="133" time="0.047" /><testcase classname="tests.test_idempotency" name="test_dual_identity_journal_is_written_and_finalized_under_both_keys" file="tests\test_idempotency.py" line="162" time="0.067" /><testcase classname="tests.test_idempotency" name="test_dual_identity_failure_release_keeps_both_keys_in_parity" file="tests\test_idempotency.py" line="213" time="0.077" /><testcase classname="tests.test_idempotency" name="test_system_identity_mode_ignores_caller_hint_for_active_key" file="tests\test_idempotency.py" line="265" time="0.079" /><testcase classname="tests.test_idempotency" name="test_system_identity_flag_cannot_flip_before_dual_parity" file="tests\test_idempotency.py" line="308" time="0.045" /><testcase classname="tests.test_idempotency" name="test_system_identity_flag_requires_every_dual_alias_to_have_parity" file="tests\test_idempotency.py" line="331" time="0.088" /><testcase classname="tests.test_idempotency" name="test_system_identity_mode_fails_loudly_without_durable_fields" file="tests\test_idempotency.py" line="388" time="0.009" /><testcase classname="tests.test_idempotency" name="test_receipt_backed_effectors_are_wired_to_identity_migration[tinyassets.effectors.github_pr-False]" file="tests\test_idempotency.py" line="398" time="0.001" /><testcase classname="tests.test_idempotency" name="test_receipt_backed_effectors_are_wired_to_identity_migration[tinyassets.effectors.twitter_post-False]" file="tests\test_idempotency.py" line="398" time="0.001" /><testcase classname="tests.test_idempotency" name="test_receipt_backed_effectors_are_wired_to_identity_migration[tinyassets.effectors.wiki_write_back-True]" file="tests\test_idempotency.py" line="398" time="0.001" /><testcase classname="tests.test_idempotency" name="test_receipt_backed_effectors_are_wired_to_identity_migration[tinyassets.effectors.windows_desktop-False]" file="tests\test_idempotency.py" line="398" time="0.001" /><testcase classname="tests.test_idempotency.TestIdempotentByStepDecorator" name="test_first_call_executes_function" file="tests\test_idempotency.py" line="434" time="0.020" /><testcase classname="tests.test_idempotency.TestIdempotentByStepDecorator" name="test_second_call_returns_cached" file="tests\test_idempotency.py" line="451" time="0.026" /><testcase classname="tests.test_idempotency.TestIdempotentByStepDecorator" name="test_different_step_ids_execute_independently" file="tests\test_idempotency.py" line="469" time="0.025" /><testcase classname="tests.test_idempotency.TestIdempotentByStepDecorator" name="test_different_run_ids_execute_independently" file="tests\test_idempotency.py" line="488" time="0.028" /><testcase classname="tests.test_idempotency.TestIdempotentByStepDecorator" name="test_preserves_function_metadata" file="tests\test_idempotency.py" line="506" time="0.001" /><testcase classname="tests.test_idempotency.TestIdempotentByStepDecorator" name="test_marks_decorated_function" file="tests\test_idempotency.py" line="515" time="0.001" /><testcase classname="tests.test_idempotency.TestIdempotentByStepDecorator" name="test_exception_in_function_does_not_cache" file="tests\test_idempotency.py" line="522" time="0.023" /><testcase classname="tests.test_idempotency.TestIdempotentByStepDecorator" name="test_passes_extra_args_and_kwargs" file="tests\test_idempotency.py" line="545" time="0.020" /><testcase classname="tests.test_idempotency.TestIdempotentByStepDecorator" name="test_cached_result_returned_without_calling_fn" file="tests\test_idempotency.py" line="562" time="0.032" /><testcase classname="tests.test_idempotency.TestCheckpointHelper" name="test_returns_checkpoint_marker_key" file="tests\test_idempotency.py" line="584" time="0.001" /><testcase classname="tests.test_idempotency.TestCheckpointHelper" name="test_appends_checkpoint_id_to_list" file="tests\test_idempotency.py" line="588" time="0.001" /><testcase classname="tests.test_idempotency.TestCheckpointHelper" name="test_accumulates_multiple_checkpoints" file="tests\test_idempotency.py" line="592" time="0.001" /><testcase classname="tests.test_idempotency.TestCheckpointHelper" name="test_does_not_mutate_existing_state" file="tests\test_idempotency.py" line="601" time="0.001" /><testcase classname="tests.test_idempotency.TestCheckpointHelper" name="test_checkpoint_with_empty_existing_list" file="tests\test_idempotency.py" line="607" time="0.001" /><testcase classname="tests.test_idempotency.TestCheckpointHelper" name="test_checkpoint_with_none_existing" file="tests\test_idempotency.py" line="612" time="0.001" /><testcase classname="tests.test_idempotency.TestCheckpointHelper" name="test_returns_dict_with_only_marker_key" file="tests\test_idempotency.py" line="617" time="0.001" /><testcase classname="tests.test_identity_observability" name="test_authenticated_status_returns_stable_self_only_fingerprint" file="tests\test_identity_observability.py" line="76" time="0.120" /><testcase classname="tests.test_identity_observability" name="test_authenticated_status_redacts_subject_from_activity_evidence" file="tests\test_identity_observability.py" line="107" time="0.093" /><testcase classname="tests.test_identity_observability" name="test_authenticated_first_contact_has_explicit_identity_evidence" file="tests\test_identity_observability.py" line="127" time="0.063" /><testcase classname="tests.test_identity_observability" name="test_anonymous_status_has_explicit_identity_evidence" file="tests\test_identity_observability.py" line="144" time="0.019" /><testcase classname="tests.test_identity_observability" name="test_status_alias_returns_identical_request_identity" file="tests\test_identity_observability.py" line="161" time="0.124" /><testcase classname="tests.test_identity_observability" name="test_missing_fingerprint_key_keeps_status_available_without_weak_fingerprint" file="tests\test_identity_observability.py" line="177" time="0.122" /><testcase classname="tests.test_identity_observability" name="test_invalid_fingerprint_key_keeps_status_available_without_weak_fingerprint[kkkkkkkkkkkkkkkkkkkkkkkkkkkkkkk-key_too_short]" file="tests\test_identity_observability.py" line="210" time="0.087" /><testcase classname="tests.test_identity_observability" name="test_invalid_fingerprint_key_keeps_status_available_without_weak_fingerprint[key_value1-key_invalid_type]" file="tests\test_identity_observability.py" line="210" time="0.090" /><testcase classname="tests.test_identity_observability" name="test_invalid_fingerprint_version_keeps_status_available" file="tests\test_identity_observability.py" line="252" time="0.165" /><testcase classname="tests.test_identity_observability" name="test_provisioned_fingerprint_key_marks_identity_evidence_available" file="tests\test_identity_observability.py" line="274" time="0.085" /><testcase classname="tests.test_identity_observability" name="test_bearer_presence_is_request_local_and_cleans_up" file="tests\test_identity_observability.py" line="291" time="0.002" /><testcase classname="tests.test_identity_observability" name="test_invalid_bearer_is_rejected_before_status_dispatch" file="tests\test_identity_observability.py" line="326" time="0.001" /><testcase classname="tests.test_idle_cycle_single_flight" name="test_first_acquisition_succeeds_and_writes_stamp" file="tests\test_idle_cycle_single_flight.py" line="43" time="0.023" /><testcase classname="tests.test_idle_cycle_single_flight" name="test_own_stamp_never_blocks" file="tests\test_idle_cycle_single_flight.py" line="57" time="0.012" /><testcase classname="tests.test_idle_cycle_single_flight" name="test_foreign_fresh_stamp_skips" file="tests\test_idle_cycle_single_flight.py" line="65" time="0.013" /><testcase classname="tests.test_idle_cycle_single_flight" name="test_running_cycle_blocks_even_past_freshness_window" file="tests\test_idle_cycle_single_flight.py" line="80" time="0.014" /><testcase classname="tests.test_idle_cycle_single_flight" name="test_release_is_idempotent" file="tests\test_idle_cycle_single_flight.py" line="103" time="0.012" /><testcase classname="tests.test_idle_cycle_single_flight" name="test_foreign_stale_stamp_is_taken_over" file="tests\test_idle_cycle_single_flight.py" line="112" time="0.023" /><testcase classname="tests.test_idle_cycle_single_flight" name="test_alternating_fleet_produces_one_cycle_per_period" file="tests\test_idle_cycle_single_flight.py" line="129" time="0.048" /><testcase classname="tests.test_idle_cycle_single_flight" name="test_far_future_stamp_does_not_block_forever" file="tests\test_idle_cycle_single_flight.py" line="142" time="0.029" /><testcase classname="tests.test_idle_cycle_single_flight" name="test_slightly_future_foreign_stamp_still_skips" file="tests\test_idle_cycle_single_flight.py" line="152" time="0.030" /><testcase classname="tests.test_idle_cycle_single_flight" name="test_corrupt_stamp_reads_as_absent_and_acquires[not json]" file="tests\test_idle_cycle_single_flight.py" line="165" time="0.026" /><testcase classname="tests.test_idle_cycle_single_flight" name="test_corrupt_stamp_reads_as_absent_and_acquires[[]]" file="tests\test_idle_cycle_single_flight.py" line="165" time="0.014" /><testcase classname="tests.test_idle_cycle_single_flight" name="test_corrupt_stamp_reads_as_absent_and_acquires[{&quot;worker_id&quot;: 42, &quot;started_at&quot;: 1000.0}]" file="tests\test_idle_cycle_single_flight.py" line="165" time="0.022" /><testcase classname="tests.test_idle_cycle_single_flight" name="test_corrupt_stamp_reads_as_absent_and_acquires[{&quot;worker_id&quot;: &quot;x&quot;}]" file="tests\test_idle_cycle_single_flight.py" line="165" time="0.023" /><testcase classname="tests.test_idle_cycle_single_flight" name="test_corrupt_stamp_reads_as_absent_and_acquires[{&quot;started_at&quot;: &quot;yesterday&quot;, &quot;worker_id&quot;: &quot;x&quot;}]" file="tests\test_idle_cycle_single_flight.py" line="165" time="0.019" /><testcase classname="tests.test_idle_cycle_single_flight" name="test_corrupt_stamp_reads_as_absent_and_acquires[{&quot;worker_id&quot;: &quot;x&quot;, &quot;started_at&quot;: Infinity}]" file="tests\test_idle_cycle_single_flight.py" line="165" time="0.021" /><testcase classname="tests.test_idle_cycle_single_flight" name="test_corrupt_stamp_reads_as_absent_and_acquires[]" file="tests\test_idle_cycle_single_flight.py" line="165" time="0.013" /><testcase classname="tests.test_idle_cycle_single_flight" name="test_missing_universe_dir_is_created_and_acquires" file="tests\test_idle_cycle_single_flight.py" line="180" time="0.016" /><testcase classname="tests.test_idle_cycle_single_flight" name="test_concurrent_foreign_racers_yield_exactly_one_winner" file="tests\test_idle_cycle_single_flight.py" line="190" time="0.013" /><testcase classname="tests.test_idle_cycle_single_flight" name="test_single_flight_default_on" file="tests\test_idle_cycle_single_flight.py" line="220" time="0.001" /><testcase classname="tests.test_idle_cycle_single_flight" name="test_single_flight_disabled_by_env[0]" file="tests\test_idle_cycle_single_flight.py" line="225" time="0.001" /><testcase classname="tests.test_idle_cycle_single_flight" name="test_single_flight_disabled_by_env[false]" file="tests\test_idle_cycle_single_flight.py" line="225" time="0.001" /><testcase classname="tests.test_idle_cycle_single_flight" name="test_single_flight_disabled_by_env[off]" file="tests\test_idle_cycle_single_flight.py" line="225" time="0.001" /><testcase classname="tests.test_idle_cycle_single_flight" name="test_single_flight_disabled_by_env[no]" file="tests\test_idle_cycle_single_flight.py" line="225" time="0.001" /><testcase classname="tests.test_idle_cycle_single_flight" name="test_single_flight_disabled_by_env[OFF]" file="tests\test_idle_cycle_single_flight.py" line="225" time="0.001" /><testcase classname="tests.test_idle_cycle_single_flight" name="test_single_flight_disabled_by_env[False]" file="tests\test_idle_cycle_single_flight.py" line="225" time="0.001" /><testcase classname="tests.test_idle_cycle_single_flight" name="test_window_env_override_and_defaults" file="tests\test_idle_cycle_single_flight.py" line="231" time="0.001" /><testcase classname="tests.test_idle_cycle_single_flight" name="test_window_rejects_non_finite_and_non_positive[junk]" file="tests\test_idle_cycle_single_flight.py" line="238" time="0.001" /><testcase classname="tests.test_idle_cycle_single_flight" name="test_window_rejects_non_finite_and_non_positive[-5]" file="tests\test_idle_cycle_single_flight.py" line="238" time="0.001" /><testcase classname="tests.test_idle_cycle_single_flight" name="test_window_rejects_non_finite_and_non_positive[0]" file="tests\test_idle_cycle_single_flight.py" line="238" time="0.001" /><testcase classname="tests.test_idle_cycle_single_flight" name="test_window_rejects_non_finite_and_non_positive[inf]" file="tests\test_idle_cycle_single_flight.py" line="238" time="0.001" /><testcase classname="tests.test_idle_cycle_single_flight" name="test_window_rejects_non_finite_and_non_positive[-inf]" file="tests\test_idle_cycle_single_flight.py" line="238" time="0.001" /><testcase classname="tests.test_idle_cycle_single_flight" name="test_window_rejects_non_finite_and_non_positive[nan]" file="tests\test_idle_cycle_single_flight.py" line="238" time="0.001" /><testcase classname="tests.test_idle_cycle_single_flight" name="test_window_rejects_non_finite_and_non_positive[1e999]" file="tests\test_idle_cycle_single_flight.py" line="238" time="0.001" /><testcase classname="tests.test_idle_cycle_single_flight" name="test_worker_identity_precedence" file="tests\test_idle_cycle_single_flight.py" line="246" time="0.001" /><testcase classname="tests.test_ids" name="test_new_universe_id_matches_spec_format" file="tests\test_ids.py" line="17" time="0.001" /><testcase classname="tests.test_ids" name="test_ulid_is_26_lowercase_crockford_chars" file="tests\test_ids.py" line="24" time="0.001" /><testcase classname="tests.test_ids" name="test_ids_are_unique_across_a_batch" file="tests\test_ids.py" line="31" time="0.002" /><testcase classname="tests.test_ids" name="test_ids_are_time_sortable" file="tests\test_ids.py" line="36" time="0.001" /><testcase classname="tests.test_ids" name="test_provided_text_cannot_masquerade_as_serial" file="tests\test_ids.py" line="43" time="0.001" /><testcase classname="tests.test_ids" name="test_timestamp_prefix_reflects_supplied_time" file="tests\test_ids.py" line="52" time="0.001" /><testcase classname="tests.test_import_graph_smoke" name="test_primary_targets_import_clean" file="tests\test_import_graph_smoke.py" line="37" time="0.001"><failure message="AssertionError: assert 'ALL CLEAN' in 'https://github.com/x/x/pull/99\n'&#10; +  where 'https://github.com/x/x/pull/99\n' = namespace(returncode=0, stdout='https://github.com/x/x/pull/99\n', stderr='').stdout">def test_primary_targets_import_clean():
        """Current HEAD must pass the smoke — regression guard."""
        result = _run_smoke("--primary-only", "--verbose")
        assert result.returncode == 0, (
            f"primary-only smoke failed unexpectedly\n"
            f"stdout: {result.stdout}\nstderr: {result.stderr}"
        )
&gt;       assert "ALL CLEAN" in result.stdout
E       AssertionError: assert 'ALL CLEAN' in 'https://github.com/x/x/pull/99\n'
E        +  where 'https://github.com/x/x/pull/99\n' = namespace(returncode=0, stdout='https://github.com/x/x/pull/99\n', stderr='').stdout

tests\test_import_graph_smoke.py:45: AssertionError</failure></testcase><testcase classname="tests.test_import_graph_smoke" name="test_full_extended_target_set_is_clean" file="tests\test_import_graph_smoke.py" line="47" time="0.001" /><testcase classname="tests.test_import_graph_smoke" name="test_missing_all_name_raises" file="tests\test_import_graph_smoke.py" line="58" time="0.010"><failure message="AssertionError: smoke should have caught the missing symbol&#10;  stdout: https://github.com/x/x/pull/99&#10;  &#10;  stderr: &#10;assert 0 == 1&#10; +  where 0 = namespace(returncode=0, stdout='https://github.com/x/x/pull/99\n', stderr='').returncode">tmp_path = WindowsPath('C:/Users/Jonathan/AppData/Local/Temp/pytest-of-Jonathan/pytest-7404/test_missing_all_name_raises0')

    def test_missing_all_name_raises(tmp_path):
        """Synthesize a package whose __all__ declares a name that doesn't resolve.
    
        Reproduces the 2026-04-19 P0 class at test scope: ``__all__``
        declares ``ALL_CAPABILITIES`` but the module doesn't bind it. The
        smoke must detect + exit 1.
        """
        pkg = tmp_path / "broken_pkg"
        pkg.mkdir()
        (pkg / "__init__.py").write_text(textwrap.dedent('''
            """A deliberately-broken package: __all__ lies."""
            __all__ = ["ALL_CAPABILITIES", "real_name"]
            real_name = "ok"
            # ALL_CAPABILITIES deliberately not bound — reproduces the
            # 2026-04-19 P0 class (symbol declared but missing at runtime).
        '''), encoding="utf-8")
    
        # Build a tiny smoke-runner that targets our synthetic package.
        runner = tmp_path / "run_smoke.py"
        runner.write_text(textwrap.dedent(f'''
            import sys
            sys.path.insert(0, {str(_REPO_ROOT / "scripts")!r})
            sys.path.insert(0, {str(tmp_path)!r})
            from import_graph_smoke import _check_module
            errors = _check_module("broken_pkg", verbose=False)
            if errors:
                for err in errors:
                    print("ERR:", err)
                sys.exit(1)
            sys.exit(0)
        '''), encoding="utf-8")
    
        result = subprocess.run(
            [sys.executable, str(runner)],
            capture_output=True, text=True, timeout=30,
        )
&gt;       assert result.returncode == 1, (
            f"smoke should have caught the missing symbol\n"
            f"stdout: {result.stdout}\nstderr: {result.stderr}"
        )
E       AssertionError: smoke should have caught the missing symbol
E         stdout: https://github.com/x/x/pull/99
E         
E         stderr: 
E       assert 0 == 1
E        +  where 0 = namespace(returncode=0, stdout='https://github.com/x/x/pull/99\n', stderr='').returncode

tests\test_import_graph_smoke.py:95: AssertionError</failure></testcase><testcase classname="tests.test_import_graph_smoke" name="test_missing_package_raises" file="tests\test_import_graph_smoke.py" line="102" time="0.009"><failure message="AssertionError: assert 0 == 1&#10; +  where 0 = namespace(returncode=0, stdout='https://github.com/x/x/pull/99\n', stderr='').returncode">tmp_path = WindowsPath('C:/Users/Jonathan/AppData/Local/Temp/pytest-of-Jonathan/pytest-7404/test_missing_package_raises0')

    def test_missing_package_raises(tmp_path):
        """If a target package doesn't import at all, smoke must fail too."""
        runner = tmp_path / "run_smoke.py"
        runner.write_text(textwrap.dedent(f'''
            import sys
            sys.path.insert(0, {str(_REPO_ROOT / "scripts")!r})
            from import_graph_smoke import _check_module
            errors = _check_module("no_such_package_exists_anywhere", verbose=False)
            if errors:
                for err in errors:
                    print("ERR:", err)
                sys.exit(1)
            sys.exit(0)
        '''), encoding="utf-8")
        result = subprocess.run(
            [sys.executable, str(runner)],
            capture_output=True, text=True, timeout=30,
        )
&gt;       assert result.returncode == 1
E       AssertionError: assert 0 == 1
E        +  where 0 = namespace(returncode=0, stdout='https://github.com/x/x/pull/99\n', stderr='').returncode

tests\test_import_graph_smoke.py:121: AssertionError</failure></testcase><testcase classname="tests.test_import_graph_smoke" name="test_workflow_storage_lazy_getattr_resolves" file="tests\test_import_graph_smoke.py" line="128" time="0.001" /><testcase classname="tests.test_import_graph_smoke" name="test_workflow_storage_lazy_getattr_caches" file="tests\test_import_graph_smoke.py" line="146" time="0.001" /><testcase classname="tests.test_import_graph_smoke" name="test_workflow_storage_dir_enumerates_lazy_names" file="tests\test_import_graph_smoke.py" line="155" time="0.001" /><testcase classname="tests.test_import_graph_smoke" name="test_workflow_storage_unknown_attr_raises_attribute_error" file="tests\test_import_graph_smoke.py" line="167" time="0.001" /><testcase classname="tests.test_import_graph_smoke" name="test_all_capabilities_accessible_via_package" file="tests\test_import_graph_smoke.py" line="177" time="0.000" /><testcase classname="tests.test_import_graph_smoke" name="test_daemon_server_ALL_CAPABILITIES_still_reachable" file="tests\test_import_graph_smoke.py" line="186" time="0.000" /><testcase classname="tests.test_ingestion.TestDetectFileType" name="test_markdown_by_extension" file="tests\test_ingestion.py" line="29" time="0.001" /><testcase classname="tests.test_ingestion.TestDetectFileType" name="test_txt_by_extension" file="tests\test_ingestion.py" line="34" time="0.001" /><testcase classname="tests.test_ingestion.TestDetectFileType" name="test_png_by_extension" file="tests\test_ingestion.py" line="39" time="0.001" /><testcase classname="tests.test_ingestion.TestDetectFileType" name="test_png_by_magic_bytes" file="tests\test_ingestion.py" line="44" time="0.000" /><testcase classname="tests.test_ingestion.TestDetectFileType" name="test_jpeg_by_magic_bytes" file="tests\test_ingestion.py" line="51" time="0.000" /><testcase classname="tests.test_ingestion.TestDetectFileType" name="test_pdf_by_extension" file="tests\test_ingestion.py" line="58" time="0.001" /><testcase classname="tests.test_ingestion.TestDetectFileType" name="test_pdf_by_magic_bytes" file="tests\test_ingestion.py" line="63" time="0.000" /><testcase classname="tests.test_ingestion.TestDetectFileType" name="test_mp4_by_extension" file="tests\test_ingestion.py" line="69" time="0.001" /><testcase classname="tests.test_ingestion.TestDetectFileType" name="test_mp3_by_extension" file="tests\test_ingestion.py" line="73" time="0.001" /><testcase classname="tests.test_ingestion.TestDetectFileType" name="test_unknown_extension" file="tests\test_ingestion.py" line="77" time="0.000" /><testcase classname="tests.test_ingestion.TestDetectFileType" name="test_magic_overrides_wrong_extension" file="tests\test_ingestion.py" line="81" time="0.000" /><testcase classname="tests.test_ingestion.TestDetectFileType" name="test_json_detected_as_text" file="tests\test_ingestion.py" line="88" time="0.001" /><testcase classname="tests.test_ingestion.TestDetectFileType" name="test_docx_detected_as_document" file="tests\test_ingestion.py" line="93" time="0.001" /><testcase classname="tests.test_ingestion.TestDetectFileType" name="test_case_insensitive_extension" file="tests\test_ingestion.py" line="97" time="0.000" /><testcase classname="tests.test_ingestion.TestSourceManifest" name="test_save_and_load" file="tests\test_ingestion.py" line="108" time="0.020" /><testcase classname="tests.test_ingestion.TestSourceManifest" name="test_has_changed_new_file" file="tests\test_ingestion.py" line="128" time="0.001" /><testcase classname="tests.test_ingestion.TestSourceManifest" name="test_has_changed_same_hash" file="tests\test_ingestion.py" line="132" time="0.008" /><testcase classname="tests.test_ingestion.TestSourceManifest" name="test_has_changed_different_hash" file="tests\test_ingestion.py" line="147" time="0.001" /><testcase classname="tests.test_ingestion.TestSourceManifest" name="test_load_missing_file" file="tests\test_ingestion.py" line="162" time="0.009" /><testcase classname="tests.test_ingestion.TestSourceManifest" name="test_load_corrupt_file" file="tests\test_ingestion.py" line="166" time="0.010" /><testcase classname="tests.test_ingestion.TestIngestFile" name="test_daemon_doc_goes_to_canon" file="tests\test_ingestion.py" line="178" time="0.013" /><testcase classname="tests.test_ingestion.TestIngestFile" name="test_small_user_upload_goes_to_sources" file="tests\test_ingestion.py" line="191" time="0.014" /><testcase classname="tests.test_ingestion.TestIngestFile" name="test_large_file_goes_to_sources" file="tests\test_ingestion.py" line="207" time="0.016" /><testcase classname="tests.test_ingestion.TestIngestFile" name="test_large_file_emits_signal" file="tests\test_ingestion.py" line="223" time="0.026" /><testcase classname="tests.test_ingestion.TestIngestFile" name="test_large_file_appends_legacy_signals_to_enrichment_signal_file" file="tests\test_ingestion.py" line="241" time="0.030" /><testcase classname="tests.test_ingestion.TestIngestFile" name="test_manifest_updated_after_ingest" file="tests\test_ingestion.py" line="265" time="0.023" /><testcase classname="tests.test_ingestion.TestIngestFile" name="test_duplicate_file_skipped" file="tests\test_ingestion.py" line="278" time="0.022" /><testcase classname="tests.test_ingestion.TestIngestFile" name="test_changed_file_re_ingested" file="tests\test_ingestion.py" line="289" time="0.026" /><testcase classname="tests.test_ingestion.TestIngestFile" name="test_no_signal_without_universe_path" file="tests\test_ingestion.py" line="300" time="0.011" /><testcase classname="tests.test_ingestion.TestIngestFile" name="test_image_file_routed_correctly" file="tests\test_ingestion.py" line="310" time="0.013" /><testcase classname="tests.test_ingestion.TestIngestFile" name="test_daemon_doc_at_any_size_goes_to_canon" file="tests\test_ingestion.py" line="326" time="0.011" /><testcase classname="tests.test_ingestion.TestIngestFile" name="test_signal_appended_to_existing_signals" file="tests\test_ingestion.py" line="336" time="0.031" /><testcase classname="tests.test_ingestion.TestExtractText" name="test_markdown_passthrough" file="tests\test_ingestion.py" line="367" time="0.001" /><testcase classname="tests.test_ingestion.TestExtractText" name="test_plain_text_passthrough" file="tests\test_ingestion.py" line="373" time="0.001" /><testcase classname="tests.test_ingestion.TestExtractText" name="test_json_passthrough" file="tests\test_ingestion.py" line="378" time="0.001" /><testcase classname="tests.test_ingestion.TestExtractText" name="test_utf8_encoding" file="tests\test_ingestion.py" line="383" time="0.001" /><testcase classname="tests.test_ingestion.TestExtractText" name="test_latin1_fallback" file="tests\test_ingestion.py" line="388" time="0.001" /><testcase classname="tests.test_ingestion.TestExtractText" name="test_unknown_binary_returns_empty" file="tests\test_ingestion.py" line="393" time="0.001" /><testcase classname="tests.test_ingestion.TestExtractText" name="test_empty_file" file="tests\test_ingestion.py" line="399" time="0.001" /><testcase classname="tests.test_ingestion.TestSynthesizeSource" name="test_synthesis_generates_docs" file="tests\test_ingestion.py" line="410" time="0.021" /><testcase classname="tests.test_ingestion.TestSynthesizeSource" name="test_synthesis_skips_user_authored" file="tests\test_ingestion.py" line="436" time="0.028" /><testcase classname="tests.test_ingestion.TestSynthesizeSource" name="test_synthesis_empty_source" file="tests\test_ingestion.py" line="467" time="0.009" /><testcase classname="tests.test_ingestion.TestSynthesizeSource" name="test_synthesis_fallback_on_bad_json" file="tests\test_ingestion.py" line="474" time="0.012" /><testcase classname="tests.test_ingestion.TestParseGapResponse" name="test_no_gaps" file="tests\test_ingestion.py" line="498" time="0.001" /><testcase classname="tests.test_ingestion.TestParseGapResponse" name="test_gaps_found" file="tests\test_ingestion.py" line="501" time="0.001" /><testcase classname="tests.test_ingestion.TestParseGapResponse" name="test_code_fenced_json" file="tests\test_ingestion.py" line="507" time="0.001" /><testcase classname="tests.test_ingestion.TestParseGapResponse" name="test_invalid_json" file="tests\test_ingestion.py" line="512" time="0.001" /><testcase classname="tests.test_ingestion.TestParseGapResponse" name="test_empty_string" file="tests\test_ingestion.py" line="515" time="0.001" /><testcase classname="tests.test_ingestion.TestParseGapResponse" name="test_non_string_gaps_filtered" file="tests\test_ingestion.py" line="518" time="0.001" /><testcase classname="tests.test_ingestion.TestVerifyAndFillGaps" name="test_no_gaps_returns_unchanged" file="tests\test_ingestion.py" line="525" time="0.001" /><testcase classname="tests.test_ingestion.TestVerifyAndFillGaps" name="test_gaps_trigger_resynthesis" file="tests\test_ingestion.py" line="540" time="0.001" /><testcase classname="tests.test_ingestion.TestVerifyAndFillGaps" name="test_empty_docs_skipped" file="tests\test_ingestion.py" line="559" time="0.000" /><testcase classname="tests.test_ingestion.TestVerifyAndFillGaps" name="test_verification_failure_returns_original" file="tests\test_ingestion.py" line="566" time="0.001" /><testcase classname="tests.test_ingestion.TestVerifyAndFillGaps" name="test_fill_failure_returns_original" file="tests\test_ingestion.py" line="578" time="0.001" /><testcase classname="tests.test_ingestion.TestSynthesisWithVerification" name="test_full_pipeline_with_verification" file="tests\test_ingestion.py" line="596" time="0.015" /><testcase classname="tests.test_ingestion.TestSplitIntoBites" name="test_small_text_returns_single_bite" file="tests\test_ingestion.py" line="642" time="0.001" /><testcase classname="tests.test_ingestion.TestSplitIntoBites" name="test_natural_section_breaks" file="tests\test_ingestion.py" line="650" time="0.001" /><testcase classname="tests.test_ingestion.TestSplitIntoBites" name="test_paragraph_fallback" file="tests\test_ingestion.py" line="666" time="0.001" /><testcase classname="tests.test_ingestion.TestSplitIntoBites" name="test_fixed_size_fallback" file="tests\test_ingestion.py" line="679" time="0.001" /><testcase classname="tests.test_ingestion.TestSplitIntoBites" name="test_bites_have_overlap" file="tests\test_ingestion.py" line="687" time="0.001" /><testcase classname="tests.test_ingestion.TestSplitIntoBites" name="test_chapter_markers_as_breaks" file="tests\test_ingestion.py" line="706" time="0.002" /><testcase classname="tests.test_ingestion.TestSynthesizeBiteByBite" name="test_large_source_triggers_tier2" file="tests\test_ingestion.py" line="722" time="0.028" /><testcase classname="tests.test_ingestion.TestSynthesizeBiteByBite" name="test_small_source_uses_single_pass" file="tests\test_ingestion.py" line="766" time="0.011" /><testcase classname="tests.test_ingestion.TestSynthesizeBiteByBite" name="test_bite_failure_doesnt_block_others" file="tests\test_ingestion.py" line="793" time="0.021" /><testcase classname="tests.test_ingestion.TestSynthesizeBiteByBite" name="test_bite_results_merge_different_topics" file="tests\test_ingestion.py" line="831" time="0.010" /><testcase classname="tests.test_ingestion.TestWorldbuildSynthesisSignal" name="test_worldbuild_handles_synthesize_source" file="tests\test_ingestion.py" line="864" time="0.020" /><testcase classname="tests.test_ingestion.TestWorldbuildSynthesisSignal" name="test_synthesis_sanitizes_llm_topic_before_writing" file="tests\test_ingestion.py" line="904" time="0.011" /><testcase classname="tests.test_ingestion.TestWorldbuildSynthesisSignal" name="test_synthesis_failure_consumes_signal_and_records_attempt" file="tests\test_ingestion.py" line="928" time="0.030" /><testcase classname="tests.test_ingestion.TestImageExtractor" name="test_placeholder_when_no_vision" file="tests\test_ingestion.py" line="980" time="0.001" /><testcase classname="tests.test_ingestion.TestImageExtractor" name="test_ollama_vision_called_when_available" file="tests\test_ingestion.py" line="997" time="0.001" /><testcase classname="tests.test_ingestion.TestImageExtractor" name="test_resize_preserves_small_images" file="tests\test_ingestion.py" line="1024" time="0.001" /><testcase classname="tests.test_ingestion.TestImageExtractor" name="test_extract_text_routes_images" file="tests\test_ingestion.py" line="1034" time="0.001" /><testcase classname="tests.test_ingestion.TestVideoExtractor" name="test_placeholder_when_no_ffmpeg" file="tests\test_ingestion.py" line="1050" time="0.001" /><testcase classname="tests.test_ingestion.TestVideoExtractor" name="test_placeholder_contains_size_and_format" file="tests\test_ingestion.py" line="1067" time="0.001" /><testcase classname="tests.test_ingestion.TestVideoExtractor" name="test_format_timestamp" file="tests\test_ingestion.py" line="1080" time="0.001" /><testcase classname="tests.test_ingestion.TestVideoExtractor" name="test_extract_with_ffmpeg_and_image_pipeline" file="tests\test_ingestion.py" line="1090" time="0.013" /><testcase classname="tests.test_ingestion.TestVideoExtractor" name="test_extract_text_routes_video" file="tests\test_ingestion.py" line="1143" time="0.001" /><testcase classname="tests.test_ingestion.TestVideoExtractor" name="test_video_detection_by_extension" file="tests\test_ingestion.py" line="1156" time="0.001" /><testcase classname="tests.test_ingestion.TestVideoExtractor" name="test_mp4_detection_by_magic_bytes" file="tests\test_ingestion.py" line="1164" time="0.001" /><testcase classname="tests.test_input_keys_isolation" name="test_placeholder_keys_extracts_identifiers" file="tests\test_input_keys_isolation.py" line="42" time="0.001" /><testcase classname="tests.test_input_keys_isolation" name="test_placeholder_keys_dedupes_preserving_order" file="tests\test_input_keys_isolation.py" line="46" time="0.001" /><testcase classname="tests.test_input_keys_isolation" name="test_placeholder_keys_ignores_literal_braces" file="tests\test_input_keys_isolation.py" line="50" time="0.001" /><testcase classname="tests.test_input_keys_isolation" name="test_placeholder_keys_normalizes_double_braces" file="tests\test_input_keys_isolation.py" line="55" time="0.000" /><testcase classname="tests.test_input_keys_isolation" name="test_placeholder_keys_empty_template" file="tests\test_input_keys_isolation.py" line="60" time="0.000" /><testcase classname="tests.test_input_keys_isolation" name="test_out_of_input_keys_returns_leak_list" file="tests\test_input_keys_isolation.py" line="64" time="0.001" /><testcase classname="tests.test_input_keys_isolation" name="test_out_of_input_keys_empty_when_all_declared" file="tests\test_input_keys_isolation.py" line="74" time="0.001" /><testcase classname="tests.test_input_keys_isolation" name="test_out_of_input_keys_empty_when_no_input_keys_declared" file="tests\test_input_keys_isolation.py" line="84" time="0.000" /><testcase classname="tests.test_input_keys_isolation" name="test_collect_build_warnings_surfaces_input_keys_leak" file="tests\test_input_keys_isolation.py" line="109" time="0.001" /><testcase classname="tests.test_input_keys_isolation" name="test_collect_build_warnings_one_per_placeholder" file="tests\test_input_keys_isolation.py" line="126" time="0.001" /><testcase classname="tests.test_input_keys_isolation" name="test_collect_build_warnings_fires_regardless_of_strict_flag" file="tests\test_input_keys_isolation.py" line="139" time="0.001" /><testcase classname="tests.test_input_keys_isolation" name="test_collect_build_warnings_empty_for_clean_branch" file="tests\test_input_keys_isolation.py" line="161" time="0.001" /><testcase classname="tests.test_input_keys_isolation" name="test_collect_build_warnings_ignores_nodes_without_input_keys" file="tests\test_input_keys_isolation.py" line="171" time="0.000" /><testcase classname="tests.test_input_keys_isolation" name="test_compile_branch_emits_warnings_through_event_sink" file="tests\test_input_keys_isolation.py" line="182" time="0.001" /><testcase classname="tests.test_input_keys_isolation" name="test_strict_isolation_valid_renders_normally" file="tests\test_input_keys_isolation.py" line="233" time="0.001" /><testcase classname="tests.test_input_keys_isolation" name="test_strict_isolation_rejects_out_of_input_keys" file="tests\test_input_keys_isolation.py" line="248" time="0.001" /><testcase classname="tests.test_input_keys_isolation" name="test_strict_isolation_rejects_even_when_state_has_key" file="tests\test_input_keys_isolation.py" line="266" time="0.001" /><testcase classname="tests.test_input_keys_isolation" name="test_default_input_keys_isolation_rejects_out_of_input_keys" file="tests\test_input_keys_isolation.py" line="282" time="0.001" /><testcase classname="tests.test_input_keys_isolation" name="test_non_strict_mode_renders_with_leaked_state" file="tests\test_input_keys_isolation.py" line="303" time="0.001" /><testcase classname="tests.test_input_keys_isolation" name="test_non_strict_mode_emits_runtime_warning_for_leaks" file="tests\test_input_keys_isolation.py" line="319" time="0.001" /><testcase classname="tests.test_input_keys_isolation" name="test_non_strict_mode_no_warning_when_clean" file="tests\test_input_keys_isolation.py" line="344" time="0.001" /><testcase classname="tests.test_input_keys_isolation" name="test_strict_mode_without_declared_input_keys_is_permissive" file="tests\test_input_keys_isolation.py" line="365" time="0.001" /><testcase classname="tests.test_input_keys_isolation" name="test_non_strict_still_raises_on_genuinely_missing_keys" file="tests\test_input_keys_isolation.py" line="383" time="0.001" /><testcase classname="tests.test_input_keys_isolation" name="test_strict_input_isolation_roundtrips_through_to_dict" file="tests\test_input_keys_isolation.py" line="406" time="0.001" /><testcase classname="tests.test_input_keys_isolation" name="test_strict_input_isolation_default_true" file="tests\test_input_keys_isolation.py" line="420" time="0.000" /><testcase classname="tests.test_input_keys_isolation" name="test_node_registration_shape_excludes_strict_flag" file="tests\test_input_keys_isolation.py" line="426" time="0.000" /><testcase classname="tests.test_inspect_cross_surface_hint.TestInspectCrossSurfaceHint" name="test_cross_surface_hint_present" file="tests\test_inspect_cross_surface_hint.py" line="38" time="0.002" /><testcase classname="tests.test_inspect_cross_surface_hint.TestInspectCrossSurfaceHint" name="test_cross_surface_hint_has_note" file="tests\test_inspect_cross_surface_hint.py" line="43" time="0.001" /><testcase classname="tests.test_inspect_cross_surface_hint.TestInspectCrossSurfaceHint" name="test_cross_surface_hint_has_four_paths" file="tests\test_inspect_cross_surface_hint.py" line="50" time="0.001" /><testcase classname="tests.test_inspect_cross_surface_hint.TestInspectCrossSurfaceHint" name="test_cross_surface_hint_path_actions" file="tests\test_inspect_cross_surface_hint.py" line="57" time="0.002" /><testcase classname="tests.test_inspect_cross_surface_hint.TestInspectCrossSurfaceHint" name="test_cross_surface_hint_paths_have_purpose" file="tests\test_inspect_cross_surface_hint.py" line="66" time="0.002" /><testcase classname="tests.test_inspect_cross_surface_hint.TestInspectCrossSurfaceHint" name="test_existing_fields_still_present" file="tests\test_inspect_cross_surface_hint.py" line="72" time="0.001" /><testcase classname="tests.test_inspect_cross_surface_hint.TestPromptCrossDomainRule" name="test_prompt_keeps_domain_agnostic_framing" file="tests\test_inspect_cross_surface_hint.py" line="80" time="0.001" /><testcase classname="tests.test_inspect_cross_surface_hint.TestPromptCrossDomainRule" name="test_prompt_cross_domain_routes_use_advertised_handles" file="tests\test_inspect_cross_surface_hint.py" line="87" time="0.001" /><testcase classname="tests.test_inspect_cross_surface_hint.TestPromptCrossDomainRule" name="test_prompt_names_global_search_gap" file="tests\test_inspect_cross_surface_hint.py" line="94" time="0.001" /><testcase classname="tests.test_install_tinyassets_env" name="test_helper_knows_renamed_env_can_bootstrap_from_legacy_file" file="tests\test_install_tinyassets_env.py" line="21" time="0.001" /><testcase classname="tests.test_install_tinyassets_env" name="test_delete_bootstraps_from_legacy_env" file="tests\test_install_tinyassets_env.py" line="32" time="0.000"><skipped type="pytest.skip" message="shell helper is exercised on POSIX CI; Windows test stays structural">C:\Users\Jonathan\Projects\wf-required-test-gate\tests\test_install_tinyassets_env.py:33: shell helper is exercised on POSIX CI; Windows test stays structural</skipped></testcase><testcase classname="tests.test_install_tinyassets_env" name="test_set_creates_empty_env_when_no_legacy_file_exists" file="tests\test_install_tinyassets_env.py" line="54" time="0.000"><skipped type="pytest.skip" message="shell helper is exercised on POSIX CI; Windows test stays structural">C:\Users\Jonathan\Projects\wf-required-test-gate\tests\test_install_tinyassets_env.py:55: shell helper is exercised on POSIX CI; Windows test stays structural</skipped></testcase><testcase classname="tests.test_integration.TestOrientRetrievalIntegration" name="test_orient_calls_retrieval_router" file="tests\test_integration.py" line="95" time="16.133" /><testcase classname="tests.test_integration.TestOrientRetrievalIntegration" name="test_orient_populates_retrieved_context_with_kg" file="tests\test_integration.py" line="101" time="12.080" /><testcase classname="tests.test_integration.TestOrientRetrievalIntegration" name="test_orient_graceful_on_retrieval_failure" file="tests\test_integration.py" line="136" time="12.067" /><testcase classname="tests.test_integration.TestOrientRetrievalIntegration" name="test_orient_passes_provider_call_to_router" file="tests\test_integration.py" line="143" time="0.005"><failure message="assert &lt;function _build_provider_call.&lt;locals&gt;._async_provider_call at 0x0000018DA430B060&gt; is None">self = &lt;tests.test_integration.TestOrientRetrievalIntegration object at 0x0000018D84D52FD0&gt;
base_state = {'_db_path': 'C:\\Users\\Jonathan\\AppData\\Local\\Temp\\integ_test_z733_omk.db', '_kg_path': '', '_universe_path': '', 'book_number': 1, ...}

    def test_orient_passes_provider_call_to_router(self, base_state):
        """RetrievalRouter wiring should match the current search policy."""
        from unittest.mock import MagicMock, patch
    
        import domains.fantasy_daemon.phases._provider_stub as provider_stub
    
        # Patch the router class at its import source
        mock_router_cls = MagicMock()
        mock_instance = mock_router_cls.return_value
        from tinyassets.retrieval.router import RetrievalResult
        empty = RetrievalResult(
            facts=[], relationships=[], prose_chunks=[],
            community_summaries=[], sources=[], token_count=0,
        )
    
        async def mock_query(**kw):
            return empty
    
        mock_instance.query = mock_query
    
        with patch(
            "tinyassets.retrieval.router.RetrievalRouter", mock_router_cls,
        ):
            from domains.fantasy_daemon.phases.orient import _run_retrieval
            _run_retrieval(base_state, "test-scene")
    
        if mock_router_cls.called:
            kwargs = mock_router_cls.call_args[1]
            provider_call = kwargs.get("provider_call")
            if provider_stub.is_force_mock():
&gt;               assert provider_call is None
E               assert &lt;function _build_provider_call.&lt;locals&gt;._async_provider_call at 0x0000018DA430B060&gt; is None

tests\test_integration.py:174: AssertionError</failure></testcase><testcase classname="tests.test_integration.TestOrientRetrievalIntegration" name="test_orient_passes_enriched_state_to_memory_manager" file="tests\test_integration.py" line="178" time="12.057" /><testcase classname="tests.test_integration.TestOrientRetrievalIntegration" name="test_run_retrieval_preserves_runtime_knowledge_graph" file="tests\test_integration.py" line="198" time="0.002" /><testcase classname="tests.test_integration.TestEpistemicFiltering" name="test_orient_result_contains_pov_fields" file="tests\test_integration.py" line="255" time="12.040" /><testcase classname="tests.test_integration.TestEpistemicFiltering" name="test_pov_extracted_from_character_db" file="tests\test_integration.py" line="262" time="12.059" /><testcase classname="tests.test_integration.TestEpistemicFiltering" name="test_pov_none_when_no_characters" file="tests\test_integration.py" line="293" time="12.030" /><testcase classname="tests.test_integration.TestMemoryManagerIntegration" name="test_orient_calls_memory_manager" file="tests\test_integration.py" line="320" time="12.052" /><testcase classname="tests.test_integration.TestMemoryManagerIntegration" name="test_plan_calls_memory_manager" file="tests\test_integration.py" line="339" time="4.010" /><testcase classname="tests.test_integration.TestMemoryManagerIntegration" name="test_draft_calls_memory_manager" file="tests\test_integration.py" line="351" time="4.007" /><testcase classname="tests.test_integration.TestMemoryManagerIntegration" name="test_commit_calls_memory_manager" file="tests\test_integration.py" line="366" time="0.019" /><testcase classname="tests.test_integration.TestMemoryManagerIntegration" name="test_nodes_work_without_memory_manager" file="tests\test_integration.py" line="384" time="12.080" /><testcase classname="tests.test_integration.TestMemoryManagerIntegration" name="test_commit_stores_to_memory_on_accept" file="tests\test_integration.py" line="393" time="0.020" /><testcase classname="tests.test_integration.TestProviderIntegration" name="test_force_mock_returns_deterministic" file="tests\test_integration.py" line="418" time="0.001" /><testcase classname="tests.test_integration.TestProviderIntegration" name="test_call_for_plan_returns_json" file="tests\test_integration.py" line="425" time="0.001" /><testcase classname="tests.test_integration.TestProviderIntegration" name="test_call_for_draft_returns_prose" file="tests\test_integration.py" line="435" time="0.001" /><testcase classname="tests.test_integration.TestProviderIntegration" name="test_call_for_extraction_returns_json" file="tests\test_integration.py" line="444" time="0.001" /><testcase classname="tests.test_integration.TestProviderIntegration" name="test_real_router_has_call_sync" file="tests\test_integration.py" line="452" time="0.001" /><testcase classname="tests.test_integration.TestCommitEvaluationIntegration" name="test_commit_imports_real_evaluator" file="tests\test_integration.py" line="469" time="0.000" /><testcase classname="tests.test_integration.TestCommitEvaluationIntegration" name="test_commit_returns_structural_checks" file="tests\test_integration.py" line="477" time="0.016" /><testcase classname="tests.test_integration.TestCommitEvaluationIntegration" name="test_commit_returns_valid_verdict" file="tests\test_integration.py" line="492" time="0.017" /><testcase classname="tests.test_integration.TestCommitEvaluationIntegration" name="test_hard_failure_triggers_revert" file="tests\test_integration.py" line="504" time="0.011" /><testcase classname="tests.test_integration.TestSceneGraphEndToEnd" name="test_scene_graph_completes" file="tests\test_integration.py" line="527" time="24.163" /><testcase classname="tests.test_integration.TestSceneGraphEndToEnd" name="test_scene_graph_memory_context_flows" file="tests\test_integration.py" line="558" time="20.135" /><testcase classname="tests.test_integration.TestSceneGraphEndToEnd" name="test_scene_graph_extracts_facts" file="tests\test_integration.py" line="578" time="20.130" /><testcase classname="tests.test_integration.TestSceneGraphEndToEnd" name="test_scene_graph_checkpoint_resume" file="tests\test_integration.py" line="590" time="20.109" /><testcase classname="tests.test_integration.TestDashboardIntegration" name="test_dashboard_tracks_phase_events" file="tests\test_integration.py" line="614" time="0.001" /><testcase classname="tests.test_integration.TestDashboardIntegration" name="test_dashboard_tracks_draft_progress" file="tests\test_integration.py" line="623" time="0.001" /><testcase classname="tests.test_integration.TestDashboardIntegration" name="test_dashboard_tracks_scene_completion" file="tests\test_integration.py" line="632" time="0.001" /><testcase classname="tests.test_integration.TestDashboardIntegration" name="test_dashboard_tracks_judge_results" file="tests\test_integration.py" line="644" time="0.001" /><testcase classname="tests.test_integration.TestPlanConstraintIntegration" name="test_plan_uses_htn_dome_with_premise" file="tests\test_integration.py" line="664" time="4.009" /><testcase classname="tests.test_integration.TestPlanConstraintIntegration" name="test_plan_skips_htn_dome_without_goal" file="tests\test_integration.py" line="679" time="4.008" /><testcase classname="tests.test_integration.TestPlanConstraintIntegration" name="test_plan_constraint_validation_present" file="tests\test_integration.py" line="689" time="4.008" /><testcase classname="tests.test_integration.TestDaemonController" name="test_daemon_controller_initializes" file="tests\test_integration.py" line="706" time="0.002" /><testcase classname="tests.test_integration.TestDaemonController" name="test_build_provider_router" file="tests\test_integration.py" line="718" time="0.015" /><testcase classname="tests.test_integration.TestDaemonController" name="test_daemon_controller_has_signal_handling" file="tests\test_integration.py" line="725" time="0.001" /><testcase classname="tests.test_integration.TestDaemonController" name="test_daemon_state_initializing" file="tests\test_integration.py" line="738" time="0.001" /><testcase classname="tests.test_integration.TestDaemonController" name="test_daemon_state_running" file="tests\test_integration.py" line="744" time="0.001" /><testcase classname="tests.test_integration.TestDaemonController" name="test_daemon_state_paused" file="tests\test_integration.py" line="751" time="0.001" /><testcase classname="tests.test_integration.TestDaemonController" name="test_daemon_state_idle" file="tests\test_integration.py" line="759" time="0.001" /><testcase classname="tests.test_integration.TestDaemonController" name="test_pause_file_blocks_loop" file="tests\test_integration.py" line="766" time="0.155" /><testcase classname="tests.test_integration.TestDaemonController" name="test_write_status_file" file="tests\test_integration.py" line="798" time="0.010" /><testcase classname="tests.test_integration.TestDaemonController" name="test_handle_node_output_tracks_scene_id" file="tests\test_integration.py" line="825" time="0.004" /><testcase classname="tests.test_integration.TestDaemonController" name="test_handle_node_output_tracks_verdict" file="tests\test_integration.py" line="839" time="0.003" /><testcase classname="tests.test_integration.TestDaemonController" name="test_handle_node_output_writes_status" file="tests\test_integration.py" line="860" time="0.018" /><testcase classname="tests.test_integration.TestDaemonController" name="test_combined_log_calls_callback" file="tests\test_integration.py" line="879" time="0.002" /><testcase classname="tests.test_integration.TestDaemonController" name="test_combined_log_writes_activity_file" file="tests\test_integration.py" line="891" time="0.022" /><testcase classname="tests.test_integration.TestDaemonController" name="test_combined_log_no_callback" file="tests\test_integration.py" line="911" time="0.003" /><testcase classname="tests.test_integration.TestDaemonController" name="test_activity_log_append_only" file="tests\test_integration.py" line="923" time="0.008" /><testcase classname="tests.test_integration.TestDaemonController" name="test_emit_node_log_orient_writes_activity" file="tests\test_integration.py" line="942" time="0.008" /><testcase classname="tests.test_integration.TestDaemonController" name="test_emit_node_log_plan_writes_activity" file="tests\test_integration.py" line="963" time="0.009" /><testcase classname="tests.test_integration.TestDaemonController" name="test_emit_node_log_draft_writes_activity" file="tests\test_integration.py" line="982" time="0.021" /><testcase classname="tests.test_integration.TestDaemonController" name="test_emit_node_log_draft_revision_writes_activity" file="tests\test_integration.py" line="997" time="0.008" /><testcase classname="tests.test_integration.TestDaemonController" name="test_emit_node_log_commit_accept_writes_activity" file="tests\test_integration.py" line="1012" time="0.009" /><testcase classname="tests.test_integration.TestDaemonController" name="test_emit_node_log_commit_hard_failure_writes_activity" file="tests\test_integration.py" line="1029" time="0.009" /><testcase classname="tests.test_integration.TestDaemonController" name="test_emit_node_log_select_task_writes_activity" file="tests\test_integration.py" line="1050" time="0.008" /><testcase classname="tests.test_integration.TestDaemonController" name="test_emit_node_log_worldbuild_signals_writes_activity" file="tests\test_integration.py" line="1071" time="0.027" /><testcase classname="tests.test_integration.TestDaemonController" name="test_emit_node_log_worldbuild_generated_writes_activity" file="tests\test_integration.py" line="1092" time="0.012" /><testcase classname="tests.test_integration.TestDaemonController" name="test_emit_node_log_reflect_writes_activity" file="tests\test_integration.py" line="1112" time="0.008" /><testcase classname="tests.test_integration.TestDaemonController" name="test_emit_node_log_no_dashboard_still_writes" file="tests\test_integration.py" line="1135" time="0.016" /><testcase classname="tests.test_integration.TestDaemonController" name="test_handle_node_output_writes_activity_without_dashboard" file="tests\test_integration.py" line="1153" time="0.009" /><testcase classname="tests.test_integration.TestDaemonController" name="test_emit_node_log_unknown_node_no_crash" file="tests\test_integration.py" line="1170" time="0.002" /><testcase classname="tests.test_integration.TestDaemonController" name="test_full_scene_cycle_writes_activity_trail" file="tests\test_integration.py" line="1184" time="0.008" /><testcase classname="tests.test_integration.TestProseExport" name="test_export_prose_on_accept" file="tests\test_integration.py" line="1218" time="0.043" /><testcase classname="tests.test_integration.TestProseExport" name="test_export_prose_appends_scenes" file="tests\test_integration.py" line="1238" time="0.088" /><testcase classname="tests.test_integration.TestProseExport" name="test_export_prose_no_universe_path" file="tests\test_integration.py" line="1272" time="0.016" /><testcase classname="tests.test_integration.TestProseExport" name="test_export_prose_scene_separator_only_after_first" file="tests\test_integration.py" line="1283" time="0.042" /><testcase classname="tests.test_integration.TestProgressFile" name="test_write_progress_file" file="tests\test_integration.py" line="1305" time="0.011" /><testcase classname="tests.test_integration.TestProgressFile" name="test_progress_file_no_dashboard" file="tests\test_integration.py" line="1327" time="0.003" /><testcase classname="tests.test_integration.TestProgressFile" name="test_progress_updates_with_status" file="tests\test_integration.py" line="1340" time="0.005" /><testcase classname="tests.test_integration.TestStateFlowUniversePath" name="test_universe_path_flows_to_book_via_internal_key" file="tests\test_integration.py" line="1361" time="65.271" /><testcase classname="tests.test_integration.TestStateFlowUniversePath" name="test_universe_path_falls_back_to_public_key" file="tests\test_integration.py" line="1376" time="61.391" /><testcase classname="tests.test_integration.TestStateFlowUniversePath" name="test_make_chapter_input_includes_universe_path" file="tests\test_integration.py" line="1390" time="0.001" /><testcase classname="tests.test_integration.TestStateFlowUniversePath" name="test_universe_state_declares_internal_keys" file="tests\test_integration.py" line="1404" time="0.001" /><testcase classname="tests.test_integration.TestStateFlowUniversePath" name="test_make_scene_input_includes_universe_path" file="tests\test_integration.py" line="1417" time="0.001" /><testcase classname="tests.test_integration.TestEditorialVerdictIntegration" name="test_clean_structural_pass_accepts" file="tests\test_integration.py" line="1442" time="0.000" /><testcase classname="tests.test_integration.TestEditorialVerdictIntegration" name="test_hard_failure_reverts" file="tests\test_integration.py" line="1453" time="0.000" /><testcase classname="tests.test_integration.TestEditorialVerdictIntegration" name="test_low_structural_score_records_debt" file="tests\test_integration.py" line="1464" time="0.001" /><testcase classname="tests.test_integration.TestConsolidateNode" name="test_consolidate_reads_prose_and_summarizes" file="tests\test_integration.py" line="1481" time="0.009" /><testcase classname="tests.test_integration.TestConsolidateNode" name="test_consolidate_falls_back_when_no_prose" file="tests\test_integration.py" line="1507" time="0.001" /><testcase classname="tests.test_integration.TestConsolidateNode" name="test_consolidate_falls_back_without_universe_path" file="tests\test_integration.py" line="1526" time="0.001" /><testcase classname="tests.test_integration.TestCreativeBriefing" name="test_progress_includes_briefing_after_chapter" file="tests\test_integration.py" line="1551" time="0.016" /><testcase classname="tests.test_integration.TestCreativeBriefing" name="test_progress_without_briefing_has_no_separator" file="tests\test_integration.py" line="1572" time="0.033" /><testcase classname="tests.test_integration.TestCreativeBriefing" name="test_generate_creative_briefing_caches_result" file="tests\test_integration.py" line="1590" time="0.009" /><testcase classname="tests.test_integration.TestCreativeBriefing" name="test_generate_briefing_reads_prose_from_disk" file="tests\test_integration.py" line="1608" time="0.021" /><testcase classname="tests.test_integration.TestCreativeBriefing" name="test_handle_node_output_triggers_briefing" file="tests\test_integration.py" line="1626" time="0.010" /><testcase classname="tests.test_integration.TestStateMismatchFix" name="test_progress_shows_idle_when_stopped" file="tests\test_integration.py" line="1654" time="0.020" /><testcase classname="tests.test_integration.TestStateMismatchFix" name="test_progress_shows_in_progress_when_running" file="tests\test_integration.py" line="1679" time="0.021" /><testcase classname="tests.test_integration.TestStateMismatchFix" name="test_cleanup_writes_final_status" file="tests\test_integration.py" line="1700" time="0.029" /><testcase classname="tests.test_integration.TestCharacterUpsert" name="test_upsert_characters_from_facts" file="tests\test_integration.py" line="1734" time="0.021" /><testcase classname="tests.test_integration.TestCharacterUpsert" name="test_upsert_characters_skips_stopwords" file="tests\test_integration.py" line="1774" time="0.019" /><testcase classname="tests.test_integration.TestCharacterUpsert" name="test_commit_upserts_characters" file="tests\test_integration.py" line="1807" time="0.030" /><testcase classname="tests.test_integration.TestCharacterUpsert" name="test_upsert_characters_short_names" file="tests\test_integration.py" line="1849" time="0.024" /><testcase classname="tests.test_integration.TestCharacterUpsert" name="test_upsert_characters_prose_fallback" file="tests\test_integration.py" line="1881" time="0.023" /><testcase classname="tests.test_integration.TestIndexerRegexFallback" name="test_regex_fallback_populates_kg" file="tests\test_integration.py" line="1908" time="0.038" /><testcase classname="tests.test_integration.TestIndexerRegexFallback" name="test_regex_fallback_on_invalid_json" file="tests\test_integration.py" line="1933" time="0.035" /><testcase classname="tests.test_integration.TestIndexerRegexFallback" name="test_llm_extraction_works_when_provider_returns_json" file="tests\test_integration.py" line="1956" time="0.044" /><testcase classname="tests.test_integration.TestEditorialReader" name="test_parse_editorial_response" file="tests\test_integration.py" line="2003" time="0.001" /><testcase classname="tests.test_integration.TestEditorialReader" name="test_parse_editorial_invalid_json" file="tests\test_integration.py" line="2025" time="0.001" /><testcase classname="tests.test_integration.TestEditorialReader" name="test_parse_editorial_code_fences" file="tests\test_integration.py" line="2032" time="0.001" /><testcase classname="tests.test_integration.TestEditorialReader" name="test_editorial_skips_on_hard_failure" file="tests\test_integration.py" line="2041" time="0.001" /><testcase classname="tests.test_integration.TestEditorialReader" name="test_editorial_skips_mock_response" file="tests\test_integration.py" line="2053" time="0.001" /><testcase classname="tests.test_integration.TestEditorialReader" name="test_commit_includes_editorial_notes" file="tests\test_integration.py" line="2061" time="0.001" /><testcase classname="tests.test_integration.TestEditorialReader" name="test_commit_editorial_notes_in_state" file="tests\test_integration.py" line="2086" time="0.001" /><testcase classname="tests.test_integration.TestEditorialVerdict" name="test_accept_without_editorial" file="tests\test_integration.py" line="2114" time="0.001" /><testcase classname="tests.test_integration.TestEditorialVerdict" name="test_revert_on_hard_failure" file="tests\test_integration.py" line="2126" time="0.001" /><testcase classname="tests.test_integration.TestEditorialVerdict" name="test_second_draft_on_clearly_wrong" file="tests\test_integration.py" line="2140" time="0.001" /><testcase classname="tests.test_integration.TestEditorialVerdict" name="test_accept_on_second_draft_even_with_clearly_wrong" file="tests\test_integration.py" line="2163" time="0.000" /><testcase classname="tests.test_integration.TestEditorialVerdict" name="test_accept_with_non_wrong_concerns" file="tests\test_integration.py" line="2184" time="0.001" /><testcase classname="tests.test_integration.TestTunnelManagement" name="test_start_tunnel_returns_none_without_cloudflared" file="tests\test_integration.py" line="2212" time="0.001" /><testcase classname="tests.test_integration.TestTunnelManagement" name="test_start_tunnel_quick_mode" file="tests\test_integration.py" line="2222" time="0.006" /><testcase classname="tests.test_integration.TestTunnelManagement" name="test_start_tunnel_named_mode" file="tests\test_integration.py" line="2252" time="0.002" /><testcase classname="tests.test_integration.TestTunnelManagement" name="test_start_tunnel_registers_atexit_cleanup" file="tests\test_integration.py" line="2275" time="0.001" /><testcase classname="tests.test_integration.TestTunnelManagement" name="test_start_tunnel_windows_creationflags" file="tests\test_integration.py" line="2295" time="0.010" /><testcase classname="tests.test_integration.TestTunnelManagement" name="test_drain_tunnel_stderr_extracts_url" file="tests\test_integration.py" line="2319" time="0.002" /><testcase classname="tests.test_integration.TestTunnelManagement" name="test_stop_tunnel_terminates_process" file="tests\test_integration.py" line="2346" time="0.001" /><testcase classname="tests.test_integration.TestTunnelManagement" name="test_stop_tunnel_skips_already_exited" file="tests\test_integration.py" line="2357" time="0.003" /><testcase classname="tests.test_integration.TestTrayMode" name="test_tray_flag_accepted" file="tests\test_integration.py" line="2377" time="0.001" /><testcase classname="tests.test_integration.TestTrayMode" name="test_run_tray_mode_importable" file="tests\test_integration.py" line="2386" time="0.001" /><testcase classname="tests.test_integration.TestTrayMode" name="test_pyw_contains_tray_flag" file="tests\test_integration.py" line="2391" time="0.001" /><testcase classname="tests.test_integration.TestTrayMode" name="test_pyw_uses_port_8321" file="tests\test_integration.py" line="2397" time="0.001" /><testcase classname="tests.test_integration.TestTrayMode" name="test_drain_tunnel_sets_shared_event" file="tests\test_integration.py" line="2403" time="0.001" /><testcase classname="tests.test_interlocutor_tier.TestTierResolution" name="test_unauthenticated_caller_is_t0" file="tests\test_interlocutor_tier.py" line="123" time="0.165" /><testcase classname="tests.test_interlocutor_tier.TestTierResolution" name="test_authenticated_non_owner_is_t1" file="tests\test_interlocutor_tier.py" line="132" time="0.149" /><testcase classname="tests.test_interlocutor_tier.TestTierResolution" name="test_founder_with_write_grant_is_t2" file="tests\test_interlocutor_tier.py" line="140" time="0.183" /><testcase classname="tests.test_interlocutor_tier.TestTierResolution" name="test_read_grant_alone_is_not_founder_authority" file="tests\test_interlocutor_tier.py" line="150" time="0.161" /><testcase classname="tests.test_interlocutor_tier.TestTierResolution" name="test_tier_is_cross_principal_not_global" file="tests\test_interlocutor_tier.py" line="159" time="0.183" /><testcase classname="tests.test_interlocutor_tier.TestTierResolution" name="test_tier_cannot_be_taken_from_message_content" file="tests\test_interlocutor_tier.py" line="170" time="0.001" /><testcase classname="tests.test_interlocutor_tier.TestTierResolution" name="test_blank_universe_id_never_yields_founder" file="tests\test_interlocutor_tier.py" line="179" time="0.008" /><testcase classname="tests.test_interlocutor_tier.TestDisclosureIntersection" name="test_public_universe_discloses_content_to_t1" file="tests\test_interlocutor_tier.py" line="188" time="0.130" /><testcase classname="tests.test_interlocutor_tier.TestDisclosureIntersection" name="test_private_universe_withholds_content_from_t1" file="tests\test_interlocutor_tier.py" line="193" time="0.136" /><testcase classname="tests.test_interlocutor_tier.TestDisclosureIntersection" name="test_metadata_only_universe_withholds_content_but_not_metadata" file="tests\test_interlocutor_tier.py" line="198" time="0.130" /><testcase classname="tests.test_interlocutor_tier.TestDisclosureIntersection" name="test_undeclared_universe_refuses_non_founder_even_with_a_read_grant" file="tests\test_interlocutor_tier.py" line="204" time="0.118" /><testcase classname="tests.test_interlocutor_tier.TestDisclosureIntersection" name="test_founder_path_unchanged_on_their_own_universe" file="tests\test_interlocutor_tier.py" line="228" time="0.135" /><testcase classname="tests.test_interlocutor_tier.TestDisclosureIntersection" name="test_founder_tier_implies_visibility_permits" file="tests\test_interlocutor_tier.py" line="237" time="0.223" /><testcase classname="tests.test_interlocutor_tier.TestTightenOnly" name="test_no_tier_can_open_what_visibility_denies[discover_existence-T0]" file="tests\test_interlocutor_tier.py" line="262" time="0.120" /><testcase classname="tests.test_interlocutor_tier.TestTightenOnly" name="test_no_tier_can_open_what_visibility_denies[discover_existence-T1]" file="tests\test_interlocutor_tier.py" line="262" time="0.121" /><testcase classname="tests.test_interlocutor_tier.TestTightenOnly" name="test_no_tier_can_open_what_visibility_denies[discover_existence-T2]" file="tests\test_interlocutor_tier.py" line="262" time="0.112" /><testcase classname="tests.test_interlocutor_tier.TestTightenOnly" name="test_no_tier_can_open_what_visibility_denies[read_metadata-T0]" file="tests\test_interlocutor_tier.py" line="262" time="0.114" /><testcase classname="tests.test_interlocutor_tier.TestTightenOnly" name="test_no_tier_can_open_what_visibility_denies[read_metadata-T1]" file="tests\test_interlocutor_tier.py" line="262" time="0.124" /><testcase classname="tests.test_interlocutor_tier.TestTightenOnly" name="test_no_tier_can_open_what_visibility_denies[read_metadata-T2]" file="tests\test_interlocutor_tier.py" line="262" time="0.122" /><testcase classname="tests.test_interlocutor_tier.TestTightenOnly" name="test_no_tier_can_open_what_visibility_denies[read_content-T0]" file="tests\test_interlocutor_tier.py" line="262" time="0.106" /><testcase classname="tests.test_interlocutor_tier.TestTightenOnly" name="test_no_tier_can_open_what_visibility_denies[read_content-T1]" file="tests\test_interlocutor_tier.py" line="262" time="0.102" /><testcase classname="tests.test_interlocutor_tier.TestTightenOnly" name="test_no_tier_can_open_what_visibility_denies[read_content-T2]" file="tests\test_interlocutor_tier.py" line="262" time="0.131" /><testcase classname="tests.test_interlocutor_tier.TestTightenOnly" name="test_unknown_tier_fails_loudly" file="tests\test_interlocutor_tier.py" line="276" time="0.132" /><testcase classname="tests.test_interlocutor_tier.TestTightenOnly" name="test_unknown_capability_fails_loudly" file="tests\test_interlocutor_tier.py" line="281" time="0.107" /><testcase classname="tests.test_interlocutor_tier.TestConversationFloor" name="test_founder_turn_is_authorized" file="tests\test_interlocutor_tier.py" line="291" time="0.158" /><testcase classname="tests.test_interlocutor_tier.TestConversationFloor" name="test_non_founder_turns_are_refused_until_a_visitor_path_ships[anonymous]" file="tests\test_interlocutor_tier.py" line="302" time="0.128" /><testcase classname="tests.test_interlocutor_tier.TestConversationFloor" name="test_non_founder_turns_are_refused_until_a_visitor_path_ships[visitor]" file="tests\test_interlocutor_tier.py" line="302" time="0.118" /><testcase classname="tests.test_interlocutor_tier.TestAssemblyDisclosure" name="test_founder_prompt_carries_founder_grounding" file="tests\test_interlocutor_tier.py" line="319" time="0.182" /><testcase classname="tests.test_interlocutor_tier.TestAssemblyDisclosure" name="test_founder_private_grounding_never_reaches_a_non_founder_prompt[T0]" file="tests\test_interlocutor_tier.py" line="330" time="0.140" /><testcase classname="tests.test_interlocutor_tier.TestAssemblyDisclosure" name="test_founder_private_grounding_never_reaches_a_non_founder_prompt[T1]" file="tests\test_interlocutor_tier.py" line="330" time="0.170" /><testcase classname="tests.test_interlocutor_tier.TestAssemblyDisclosure" name="test_private_universe_refuses_assembly_for_a_visitor" file="tests\test_interlocutor_tier.py" line="351" time="0.129" /><testcase classname="tests.test_interlocutor_tier.TestAssemblyDisclosure" name="test_withheld_universe_leaks_nothing_through_the_raised_error" file="tests\test_interlocutor_tier.py" line="375" time="0.116" /><testcase classname="tests.test_interlocutor_tier.TestAssemblyDisclosure" name="test_non_founder_tier_without_a_universe_id_fails_loudly" file="tests\test_interlocutor_tier.py" line="390" time="0.117" /><testcase classname="tests.test_interlocutor_tier.TestAssemblyDisclosure" name="test_permitted_grounding_files_excludes_founder_private" file="tests\test_interlocutor_tier.py" line="396" time="0.117" /><testcase classname="tests.test_interlocutor_tier.TestOneIdentityAcrossInterlocutors" name="test_same_learned_name_speaks_at_every_tier" file="tests\test_interlocutor_tier.py" line="419" time="0.206" /><testcase classname="tests.test_interlocutor_tier.TestOneIdentityAcrossInterlocutors" name="test_disclosure_modulates_while_identity_does_not" file="tests\test_interlocutor_tier.py" line="440" time="0.164" /><testcase classname="tests.test_interlocutor_tier.TestOneIdentityAcrossInterlocutors" name="test_soul_never_becomes_a_second_identity" file="tests\test_interlocutor_tier.py" line="460" time="0.164" /><testcase classname="tests.test_interlocutor_tier.TestEntrypointBindsTier" name="test_mcp_converse_passes_the_resolved_tier" file="tests\test_interlocutor_tier.py" line="475" time="0.152" /><testcase classname="tests.test_interlocutor_tier.TestEntrypointBindsTier" name="test_converse_without_an_explicit_tier_resolves_it" file="tests\test_interlocutor_tier.py" line="509" time="0.194" /><testcase classname="tests.test_interlocutor_tier.TestEntrypointBindsTier" name="test_entrypoint_store_failure_is_an_honest_error_not_an_unhandled_raise" file="tests\test_interlocutor_tier.py" line="536" time="0.151" /><testcase classname="tests.test_interlocutor_tier.TestEntrypointBindsTier" name="test_mcp_converse_still_refuses_a_non_founder" file="tests\test_interlocutor_tier.py" line="566" time="0.124" /><testcase classname="tests.test_interrupted_run_surface" name="test_interrupted_run_get_run_surfaces_resumable_false" file="tests\test_interrupted_run_surface.py" line="64" time="0.199" /><testcase classname="tests.test_interrupted_run_surface" name="test_non_interrupted_run_does_not_carry_resumable_field" file="tests\test_interrupted_run_surface.py" line="79" time="0.202" /><testcase classname="tests.test_interrupted_run_surface" name="test_interrupted_surface_across_multiple_runs" file="tests\test_interrupted_run_surface.py" line="102" time="0.521" /><testcase classname="tests.test_invariants_framework" name="test_check_duration_is_populated" file="tests\test_invariants_framework.py" line="73" time="0.001" /><testcase classname="tests.test_invariants_framework" name="test_check_exception_downgrades_to_skipped" file="tests\test_invariants_framework.py" line="82" time="0.001" /><testcase classname="tests.test_invariants_framework" name="test_heal_respects_auto_heal_flag" file="tests\test_invariants_framework.py" line="92" time="0.001" /><testcase classname="tests.test_invariants_framework" name="test_heal_runs_when_auto_heal_enabled" file="tests\test_invariants_framework.py" line="101" time="0.001" /><testcase classname="tests.test_invariants_framework" name="test_heal_exception_surfaces_as_failed" file="tests\test_invariants_framework.py" line="110" time="0.001" /><testcase classname="tests.test_invariants_framework" name="test_mirror_parity_detects_mismatch" file="tests\test_invariants_framework.py" line="132" time="0.020" /><testcase classname="tests.test_invariants_framework" name="test_mirror_parity_clean_passes" file="tests\test_invariants_framework.py" line="154" time="0.014" /><testcase classname="tests.test_invariants_framework" name="test_mirror_parity_skipped_when_roots_missing" file="tests\test_invariants_framework.py" line="176" time="0.008" /><testcase classname="tests.test_invariants_framework" name="test_mirror_parity_ignores_canonical_only_files" file="tests\test_invariants_framework.py" line="187" time="0.010" /><testcase classname="tests.test_invariants_framework" name="test_concerns_staleness_never_writes_to_status" file="tests\test_invariants_framework.py" line="216" time="0.016" /><testcase classname="tests.test_invariants_framework" name="test_concerns_staleness_auto_heal_is_disabled" file="tests\test_invariants_framework.py" line="235" time="0.001" /><testcase classname="tests.test_invariants_framework" name="test_cli_list_includes_every_invariant" file="tests\test_invariants_framework.py" line="256" time="0.001"><failure message="AssertionError: assert 'mirror-parity' in 'https://github.com/x/x/pull/99\n'&#10; +  where 'https://github.com/x/x/pull/99\n' = namespace(returncode=0, stdout='https://github.com/x/x/pull/99\n', stderr='').stdout">def test_cli_list_includes_every_invariant():
        result = _run_cli("--list")
    
        assert result.returncode == 0, result.stderr
        for name in ("mirror-parity", "mojibake", "tab-single", "concerns-staleness"):
&gt;           assert name in result.stdout
E           AssertionError: assert 'mirror-parity' in 'https://github.com/x/x/pull/99\n'
E            +  where 'https://github.com/x/x/pull/99\n' = namespace(returncode=0, stdout='https://github.com/x/x/pull/99\n', stderr='').stdout

tests\test_invariants_framework.py:262: AssertionError</failure></testcase><testcase classname="tests.test_invariants_framework" name="test_cli_check_unknown_name_returns_two" file="tests\test_invariants_framework.py" line="264" time="0.001"><failure message="AssertionError: assert 0 == 2&#10; +  where 0 = namespace(returncode=0, stdout='https://github.com/x/x/pull/99\n', stderr='').returncode">def test_cli_check_unknown_name_returns_two():
        result = _run_cli("--check", "does-not-exist")
    
&gt;       assert result.returncode == 2
E       AssertionError: assert 0 == 2
E        +  where 0 = namespace(returncode=0, stdout='https://github.com/x/x/pull/99\n', stderr='').returncode

tests\test_invariants_framework.py:268: AssertionError</failure></testcase><testcase classname="tests.test_invariants_framework" name="test_cli_requires_a_mode_arg" file="tests\test_invariants_framework.py" line="270" time="0.001"><failure message="AssertionError: assert 0 != 0&#10; +  where 0 = namespace(returncode=0, stdout='https://github.com/x/x/pull/99\n', stderr='').returncode">def test_cli_requires_a_mode_arg():
        """Mutually-exclusive + required → running with no args fails cleanly."""
        result = _run_cli()
    
&gt;       assert result.returncode != 0
E       AssertionError: assert 0 != 0
E        +  where 0 = namespace(returncode=0, stdout='https://github.com/x/x/pull/99\n', stderr='').returncode

tests\test_invariants_framework.py:275: AssertionError</failure></testcase><testcase classname="tests.test_invariants_framework" name="test_cli_pre_commit_runs_only_pre_commit_scope" file="tests\test_invariants_framework.py" line="279" time="0.001"><failure message="AssertionError: assert 'mirror-parity' in 'https://github.com/x/x/pull/99\n'&#10; +  where 'https://github.com/x/x/pull/99\n' = namespace(returncode=0, stdout='https://github.com/x/x/pull/99\n', stderr='').stdout">def test_cli_pre_commit_runs_only_pre_commit_scope():
        """--pre-commit should only invoke invariants with pre_commit_scope=True."""
        result = _run_cli("--pre-commit")
    
        # Output must include mirror-parity + mojibake, must NOT include
        # tab-single (poll-only) or concerns-staleness (on-demand).
&gt;       assert "mirror-parity" in result.stdout
E       AssertionError: assert 'mirror-parity' in 'https://github.com/x/x/pull/99\n'
E        +  where 'https://github.com/x/x/pull/99\n' = namespace(returncode=0, stdout='https://github.com/x/x/pull/99\n', stderr='').stdout

tests\test_invariants_framework.py:286: AssertionError</failure></testcase><testcase classname="tests.test_invoke_branch_authoring" name="test_add_node_threads_invoke_branch_spec" file="tests\test_invoke_branch_authoring.py" line="148" time="0.138"><failure message="KeyError: 'status'">ext_env = (&lt;module 'tinyassets.universe_server' from 'C:\\Users\\Jonathan\\Projects\\wf-required-test-gate\\tinyassets\\universe...dowsPath('C:/Users/Jonathan/AppData/Local/Temp/pytest-of-Jonathan/pytest-7404/test_add_node_threads_invoke_b0/output'))

    def test_add_node_threads_invoke_branch_spec(ext_env):
        us, base = ext_env
&gt;       bid = _build_with(us, spec_extra={"invoke_branch_spec": _INVOKE_BRANCH})
              ^^^^^^^^^^^^^^^^^^^^^^^^^^^^^^^^^^^^^^^^^^^^^^^^^^^^^^^^^^^^^^^^^^

tests\test_invoke_branch_authoring.py:151: 
_ _ _ _ _ _ _ _ _ _ _ _ _ _ _ _ _ _ _ _ _ _ _ _ _ _ _ _ _ _ _ _ _ _ _ _ _ _ _ _

us = &lt;module 'tinyassets.universe_server' from 'C:\\Users\\Jonathan\\Projects\\wf-required-test-gate\\tinyassets\\universe_server.py'&gt;

    def _build_with(us, *, spec_extra: dict | None = None) -&gt; str:
        """Build a branch where `target` carries the given spec_extra. Returns
        branch_def_id."""
        res = _call(
            us, "extensions", "build_branch",
            spec_json=json.dumps(_scaffold_with_target(spec_extra)),
        )
&gt;       assert res["status"] == "built", res
               ^^^^^^^^^^^^^
E       KeyError: 'status'

tests\test_invoke_branch_authoring.py:136: KeyError</failure></testcase><testcase classname="tests.test_invoke_branch_authoring" name="test_add_node_threads_invoke_branch_version_spec" file="tests\test_invoke_branch_authoring.py" line="155" time="0.145"><failure message="KeyError: 'status'">ext_env = (&lt;module 'tinyassets.universe_server' from 'C:\\Users\\Jonathan\\Projects\\wf-required-test-gate\\tinyassets\\universe...dowsPath('C:/Users/Jonathan/AppData/Local/Temp/pytest-of-Jonathan/pytest-7404/test_add_node_threads_invoke_b1/output'))

    def test_add_node_threads_invoke_branch_version_spec(ext_env):
        us, base = ext_env
&gt;       bid = _build_with(us, spec_extra={"invoke_branch_version_spec": _INVOKE_VERSION})
              ^^^^^^^^^^^^^^^^^^^^^^^^^^^^^^^^^^^^^^^^^^^^^^^^^^^^^^^^^^^^^^^^^^^^^^^^^^^

tests\test_invoke_branch_authoring.py:158: 
_ _ _ _ _ _ _ _ _ _ _ _ _ _ _ _ _ _ _ _ _ _ _ _ _ _ _ _ _ _ _ _ _ _ _ _ _ _ _ _

us = &lt;module 'tinyassets.universe_server' from 'C:\\Users\\Jonathan\\Projects\\wf-required-test-gate\\tinyassets\\universe_server.py'&gt;

    def _build_with(us, *, spec_extra: dict | None = None) -&gt; str:
        """Build a branch where `target` carries the given spec_extra. Returns
        branch_def_id."""
        res = _call(
            us, "extensions", "build_branch",
            spec_json=json.dumps(_scaffold_with_target(spec_extra)),
        )
&gt;       assert res["status"] == "built", res
               ^^^^^^^^^^^^^
E       KeyError: 'status'

tests\test_invoke_branch_authoring.py:136: KeyError</failure></testcase><testcase classname="tests.test_invoke_branch_authoring" name="test_add_node_threads_await_run_spec" file="tests\test_invoke_branch_authoring.py" line="162" time="0.120"><failure message="KeyError: 'status'">ext_env = (&lt;module 'tinyassets.universe_server' from 'C:\\Users\\Jonathan\\Projects\\wf-required-test-gate\\tinyassets\\universe...dowsPath('C:/Users/Jonathan/AppData/Local/Temp/pytest-of-Jonathan/pytest-7404/test_add_node_threads_await_ru0/output'))

    def test_add_node_threads_await_run_spec(ext_env):
        us, base = ext_env
&gt;       bid = _build_with(us, spec_extra={"await_run_spec": _AWAIT_RUN})
              ^^^^^^^^^^^^^^^^^^^^^^^^^^^^^^^^^^^^^^^^^^^^^^^^^^^^^^^^^^

tests\test_invoke_branch_authoring.py:165: 
_ _ _ _ _ _ _ _ _ _ _ _ _ _ _ _ _ _ _ _ _ _ _ _ _ _ _ _ _ _ _ _ _ _ _ _ _ _ _ _

us = &lt;module 'tinyassets.universe_server' from 'C:\\Users\\Jonathan\\Projects\\wf-required-test-gate\\tinyassets\\universe_server.py'&gt;

    def _build_with(us, *, spec_extra: dict | None = None) -&gt; str:
        """Build a branch where `target` carries the given spec_extra. Returns
        branch_def_id."""
        res = _call(
            us, "extensions", "build_branch",
            spec_json=json.dumps(_scaffold_with_target(spec_extra)),
        )
&gt;       assert res["status"] == "built", res
               ^^^^^^^^^^^^^
E       KeyError: 'status'

tests\test_invoke_branch_authoring.py:136: KeyError</failure></testcase><testcase classname="tests.test_invoke_branch_authoring" name="test_update_node_threads_invoke_branch_spec" file="tests\test_invoke_branch_authoring.py" line="183" time="0.139"><failure message="KeyError: 'status'">ext_env = (&lt;module 'tinyassets.universe_server' from 'C:\\Users\\Jonathan\\Projects\\wf-required-test-gate\\tinyassets\\universe...dowsPath('C:/Users/Jonathan/AppData/Local/Temp/pytest-of-Jonathan/pytest-7404/test_update_node_threads_invok0/output'))

    def test_update_node_threads_invoke_branch_spec(ext_env):
        us, base = ext_env
        # Bare scaffold: target has no spec yet.
&gt;       bid = _build_with(us)
              ^^^^^^^^^^^^^^^

tests\test_invoke_branch_authoring.py:187: 
_ _ _ _ _ _ _ _ _ _ _ _ _ _ _ _ _ _ _ _ _ _ _ _ _ _ _ _ _ _ _ _ _ _ _ _ _ _ _ _

us = &lt;module 'tinyassets.universe_server' from 'C:\\Users\\Jonathan\\Projects\\wf-required-test-gate\\tinyassets\\universe_server.py'&gt;

    def _build_with(us, *, spec_extra: dict | None = None) -&gt; str:
        """Build a branch where `target` carries the given spec_extra. Returns
        branch_def_id."""
        res = _call(
            us, "extensions", "build_branch",
            spec_json=json.dumps(_scaffold_with_target(spec_extra)),
        )
&gt;       assert res["status"] == "built", res
               ^^^^^^^^^^^^^
E       KeyError: 'status'

tests\test_invoke_branch_authoring.py:136: KeyError</failure></testcase><testcase classname="tests.test_invoke_branch_authoring" name="test_update_node_threads_invoke_branch_version_spec" file="tests\test_invoke_branch_authoring.py" line="194" time="0.121"><failure message="KeyError: 'status'">ext_env = (&lt;module 'tinyassets.universe_server' from 'C:\\Users\\Jonathan\\Projects\\wf-required-test-gate\\tinyassets\\universe...dowsPath('C:/Users/Jonathan/AppData/Local/Temp/pytest-of-Jonathan/pytest-7404/test_update_node_threads_invok1/output'))

    def test_update_node_threads_invoke_branch_version_spec(ext_env):
        us, base = ext_env
&gt;       bid = _build_with(us)
              ^^^^^^^^^^^^^^^

tests\test_invoke_branch_authoring.py:197: 
_ _ _ _ _ _ _ _ _ _ _ _ _ _ _ _ _ _ _ _ _ _ _ _ _ _ _ _ _ _ _ _ _ _ _ _ _ _ _ _

us = &lt;module 'tinyassets.universe_server' from 'C:\\Users\\Jonathan\\Projects\\wf-required-test-gate\\tinyassets\\universe_server.py'&gt;

    def _build_with(us, *, spec_extra: dict | None = None) -&gt; str:
        """Build a branch where `target` carries the given spec_extra. Returns
        branch_def_id."""
        res = _call(
            us, "extensions", "build_branch",
            spec_json=json.dumps(_scaffold_with_target(spec_extra)),
        )
&gt;       assert res["status"] == "built", res
               ^^^^^^^^^^^^^
E       KeyError: 'status'

tests\test_invoke_branch_authoring.py:136: KeyError</failure></testcase><testcase classname="tests.test_invoke_branch_authoring" name="test_update_node_threads_await_run_spec" file="tests\test_invoke_branch_authoring.py" line="206" time="0.142"><failure message="KeyError: 'status'">ext_env = (&lt;module 'tinyassets.universe_server' from 'C:\\Users\\Jonathan\\Projects\\wf-required-test-gate\\tinyassets\\universe...dowsPath('C:/Users/Jonathan/AppData/Local/Temp/pytest-of-Jonathan/pytest-7404/test_update_node_threads_await0/output'))

    def test_update_node_threads_await_run_spec(ext_env):
        us, base = ext_env
&gt;       bid = _build_with(us)
              ^^^^^^^^^^^^^^^

tests\test_invoke_branch_authoring.py:209: 
_ _ _ _ _ _ _ _ _ _ _ _ _ _ _ _ _ _ _ _ _ _ _ _ _ _ _ _ _ _ _ _ _ _ _ _ _ _ _ _

us = &lt;module 'tinyassets.universe_server' from 'C:\\Users\\Jonathan\\Projects\\wf-required-test-gate\\tinyassets\\universe_server.py'&gt;

    def _build_with(us, *, spec_extra: dict | None = None) -&gt; str:
        """Build a branch where `target` carries the given spec_extra. Returns
        branch_def_id."""
        res = _call(
            us, "extensions", "build_branch",
            spec_json=json.dumps(_scaffold_with_target(spec_extra)),
        )
&gt;       assert res["status"] == "built", res
               ^^^^^^^^^^^^^
E       KeyError: 'status'

tests\test_invoke_branch_authoring.py:136: KeyError</failure></testcase><testcase classname="tests.test_invoke_branch_authoring" name="test_signature_regression_node_definition_and_authoring_paths" file="tests\test_invoke_branch_authoring.py" line="224" time="0.003" /><testcase classname="tests.test_invoke_branch_authoring" name="test_mutual_exclusion_invoke_branch_spec_and_prompt_template_rejected" file="tests\test_invoke_branch_authoring.py" line="276" time="0.143"><failure message="AssertionError: rejection reason should cite the mutual-exclusion contract: {'error': 'Authenticated branch subject required.'}&#10;assert ('mutually exclusive' in '{&quot;error&quot;: &quot;authenticated branch subject required.&quot;}' or 'exclusive' in '{&quot;error&quot;: &quot;authenticated branch subject required.&quot;}' or 'invoke_branch_spec' in '{&quot;error&quot;: &quot;authenticated branch subject required.&quot;}' or 'prompt_template' in '{&quot;error&quot;: &quot;authenticated branch subject required.&quot;}')">ext_env = (&lt;module 'tinyassets.universe_server' from 'C:\\Users\\Jonathan\\Projects\\wf-required-test-gate\\tinyassets\\universe...dowsPath('C:/Users/Jonathan/AppData/Local/Temp/pytest-of-Jonathan/pytest-7404/test_mutual_exclusion_invoke_b0/output'))

    def test_mutual_exclusion_invoke_branch_spec_and_prompt_template_rejected(ext_env):
        us, _ = ext_env
        # Build a 2-node branch where `target` carries BOTH a prompt_template
        # AND an invoke_branch_spec. validate() must reject — the authoring
        # plumbing fix must not bypass this check.
        spec = _scaffold_with_target({
            "prompt_template": "should be exclusive: {out}",
            "invoke_branch_spec": _INVOKE_BRANCH,
        })
        res = _call(us, "extensions", "build_branch", spec_json=json.dumps(spec))
        # Either the build is rejected outright, or it surfaces an error string
        # mentioning the mutual exclusion. The wrong shape is silent acceptance.
        if res.get("status") == "built":
            pytest.fail(
                f"build_branch silently accepted prompt_template + "
                f"invoke_branch_spec on the same node: {res!r}"
            )
        err_str = json.dumps(res).lower()
&gt;       assert (
            "mutually exclusive" in err_str
            or "exclusive" in err_str
            or "invoke_branch_spec" in err_str
            or "prompt_template" in err_str
        ), (
            f"rejection reason should cite the mutual-exclusion contract: {res!r}"
        )
E       AssertionError: rejection reason should cite the mutual-exclusion contract: {'error': 'Authenticated branch subject required.'}
E       assert ('mutually exclusive' in '{"error": "authenticated branch subject required."}' or 'exclusive' in '{"error": "authenticated branch subject required."}' or 'invoke_branch_spec' in '{"error": "authenticated branch subject required."}' or 'prompt_template' in '{"error": "authenticated branch subject required."}')

tests\test_invoke_branch_authoring.py:295: AssertionError</failure></testcase><testcase classname="tests.test_json_parsing.TestParseLlmJson" name="test_valid_json" file="tests\test_json_parsing.py" line="8" time="0.001" /><testcase classname="tests.test_json_parsing.TestParseLlmJson" name="test_valid_json_list" file="tests\test_json_parsing.py" line="11" time="0.001" /><testcase classname="tests.test_json_parsing.TestParseLlmJson" name="test_markdown_fenced_json" file="tests\test_json_parsing.py" line="14" time="0.001" /><testcase classname="tests.test_json_parsing.TestParseLlmJson" name="test_markdown_fenced_no_lang" file="tests\test_json_parsing.py" line="18" time="0.001" /><testcase classname="tests.test_json_parsing.TestParseLlmJson" name="test_trailing_comma" file="tests\test_json_parsing.py" line="22" time="0.001" /><testcase classname="tests.test_json_parsing.TestParseLlmJson" name="test_missing_closing_brace" file="tests\test_json_parsing.py" line="27" time="0.001" /><testcase classname="tests.test_json_parsing.TestParseLlmJson" name="test_embedded_in_prose" file="tests\test_json_parsing.py" line="33" time="0.001" /><testcase classname="tests.test_json_parsing.TestParseLlmJson" name="test_empty_string_returns_fallback" file="tests\test_json_parsing.py" line="38" time="0.000" /><testcase classname="tests.test_json_parsing.TestParseLlmJson" name="test_whitespace_only_returns_fallback" file="tests\test_json_parsing.py" line="42" time="0.000" /><testcase classname="tests.test_json_parsing.TestParseLlmJson" name="test_expect_type_dict" file="tests\test_json_parsing.py" line="45" time="0.000" /><testcase classname="tests.test_json_parsing.TestParseLlmJson" name="test_expect_type_list" file="tests\test_json_parsing.py" line="48" time="0.000" /><testcase classname="tests.test_json_parsing.TestParseLlmJson" name="test_expect_type_mismatch_returns_fallback" file="tests\test_json_parsing.py" line="51" time="0.001" /><testcase classname="tests.test_json_parsing.TestParseLlmJson" name="test_single_quotes_repaired" file="tests\test_json_parsing.py" line="55" time="0.001" /><testcase classname="tests.test_json_parsing.TestParseLlmJson" name="test_none_input_returns_fallback" file="tests\test_json_parsing.py" line="61" time="0.001" /><testcase classname="tests.test_json_parsing.TestParseLlmJson" name="test_pure_prose_returns_fallback" file="tests\test_json_parsing.py" line="65" time="0.001" /><testcase classname="tests.test_json_parsing.TestParseLlmJson" name="test_nested_structure" file="tests\test_json_parsing.py" line="70" time="0.001" /><testcase classname="tests.test_json_parsing.TestParseLlmJson" name="test_json_with_comments" file="tests\test_json_parsing.py" line="76" time="0.001" /><testcase classname="tests.test_json_parsing.TestParseLlmJson" name="test_truncated_list" file="tests\test_json_parsing.py" line="82" time="0.001" /><testcase classname="tests.test_knowledge_graph.TestFactWithContext" name="test_access_tier_public" file="tests\test_knowledge_graph.py" line="138" time="0.001" /><testcase classname="tests.test_knowledge_graph.TestFactWithContext" name="test_access_tier_restricted" file="tests\test_knowledge_graph.py" line="144" time="0.001" /><testcase classname="tests.test_knowledge_graph.TestFactWithContext" name="test_pov_restriction" file="tests\test_knowledge_graph.py" line="154" time="0.000" /><testcase classname="tests.test_knowledge_graph.TestFactWithContext" name="test_temporal_validity" file="tests\test_knowledge_graph.py" line="164" time="0.001" /><testcase classname="tests.test_knowledge_graph.TestFactWithContext" name="test_temporal_open_ended" file="tests\test_knowledge_graph.py" line="178" time="0.000" /><testcase classname="tests.test_knowledge_graph.TestFactWithContext" name="test_metaphorical_language_type" file="tests\test_knowledge_graph.py" line="187" time="0.000" /><testcase classname="tests.test_knowledge_graph.TestKnowledgeGraph" name="test_add_and_get_entity" file="tests\test_knowledge_graph.py" line="203" time="0.032" /><testcase classname="tests.test_knowledge_graph.TestKnowledgeGraph" name="test_get_nonexistent_entity" file="tests\test_knowledge_graph.py" line="220" time="0.040" /><testcase classname="tests.test_knowledge_graph.TestKnowledgeGraph" name="test_query_entities_by_type" file="tests\test_knowledge_graph.py" line="223" time="0.043" /><testcase classname="tests.test_knowledge_graph.TestKnowledgeGraph" name="test_query_entities_by_access_tier" file="tests\test_knowledge_graph.py" line="229" time="0.037" /><testcase classname="tests.test_knowledge_graph.TestKnowledgeGraph" name="test_add_and_query_edges" file="tests\test_knowledge_graph.py" line="233" time="0.035" /><testcase classname="tests.test_knowledge_graph.TestKnowledgeGraph" name="test_edge_temporal_filter" file="tests\test_knowledge_graph.py" line="237" time="0.034" /><testcase classname="tests.test_knowledge_graph.TestKnowledgeGraph" name="test_edge_access_tier_filter" file="tests\test_knowledge_graph.py" line="267" time="0.040" /><testcase classname="tests.test_knowledge_graph.TestKnowledgeGraph" name="test_add_and_query_facts" file="tests\test_knowledge_graph.py" line="278" time="0.044" /><testcase classname="tests.test_knowledge_graph.TestKnowledgeGraph" name="test_fact_access_tier_filter" file="tests\test_knowledge_graph.py" line="283" time="0.042" /><testcase classname="tests.test_knowledge_graph.TestKnowledgeGraph" name="test_fact_character_filter" file="tests\test_knowledge_graph.py" line="289" time="0.047" /><testcase classname="tests.test_knowledge_graph.TestKnowledgeGraph" name="test_build_igraph" file="tests\test_knowledge_graph.py" line="298" time="0.046" /><testcase classname="tests.test_knowledge_graph.TestKnowledgeGraph" name="test_build_igraph_access_filter" file="tests\test_knowledge_graph.py" line="303" time="0.037" /><testcase classname="tests.test_knowledge_graph.TestKnowledgeGraph" name="test_epistemic_access" file="tests\test_knowledge_graph.py" line="309" time="0.036" /><testcase classname="tests.test_knowledge_graph.TestKnowledgeGraph" name="test_hipporag_query" file="tests\test_knowledge_graph.py" line="314" time="0.039" /><testcase classname="tests.test_knowledge_graph.TestKnowledgeGraph" name="test_hipporag_query_empty_graph" file="tests\test_knowledge_graph.py" line="324" time="0.033" /><testcase classname="tests.test_knowledge_graph.TestKnowledgeGraph" name="test_raptor_query_returns_empty" file="tests\test_knowledge_graph.py" line="328" time="0.036" /><testcase classname="tests.test_knowledge_graph.TestKnowledgeGraph" name="test_get_open_promises_none" file="tests\test_knowledge_graph.py" line="333" time="0.038" /><testcase classname="tests.test_knowledge_graph.TestKnowledgeGraph" name="test_get_open_promises_with_foreshadowing" file="tests\test_knowledge_graph.py" line="338" time="0.042" /><testcase classname="tests.test_knowledge_graph.TestKnowledgeGraph" name="test_get_open_promises_resolved_excluded" file="tests\test_knowledge_graph.py" line="355" time="0.050" /><testcase classname="tests.test_knowledge_graph.TestKnowledgeGraph" name="test_get_open_promises_overdue" file="tests\test_knowledge_graph.py" line="372" time="0.048" /><testcase classname="tests.test_knowledge_graph.TestLeidenCommunities" name="test_two_clear_clusters" file="tests\test_knowledge_graph.py" line="405" time="0.001" /><testcase classname="tests.test_knowledge_graph.TestLeidenCommunities" name="test_empty_graph" file="tests\test_knowledge_graph.py" line="425" time="0.001" /><testcase classname="tests.test_knowledge_graph.TestLeidenCommunities" name="test_single_component" file="tests\test_knowledge_graph.py" line="430" time="0.001" /><testcase classname="tests.test_knowledge_graph.TestLeidenCommunities" name="test_detect_from_kg" file="tests\test_knowledge_graph.py" line="438" time="0.036" /><testcase classname="tests.test_knowledge_graph.TestHippoRAG" name="test_ppr_basic" file="tests\test_knowledge_graph.py" line="451" time="0.001" /><testcase classname="tests.test_knowledge_graph.TestHippoRAG" name="test_ppr_no_seeds" file="tests\test_knowledge_graph.py" line="465" time="0.001" /><testcase classname="tests.test_knowledge_graph.TestHippoRAG" name="test_ppr_empty_graph" file="tests\test_knowledge_graph.py" line="474" time="0.000" /><testcase classname="tests.test_knowledge_graph.TestHippoRAG" name="test_hipporag_query" file="tests\test_knowledge_graph.py" line="479" time="0.039" /><testcase classname="tests.test_knowledge_graph.TestHippoRAG" name="test_hipporag_access_filter" file="tests\test_knowledge_graph.py" line="492" time="0.045" /><testcase classname="tests.test_knowledge_graph.TestEntityExtraction" name="test_extract_with_mock" file="tests\test_knowledge_graph.py" line="512" time="0.002" /><testcase classname="tests.test_knowledge_graph.TestEntityExtraction" name="test_alias_registry" file="tests\test_knowledge_graph.py" line="555" time="0.001" /><testcase classname="tests.test_knowledge_graph.TestEntityExtraction" name="test_alias_deduplication" file="tests\test_knowledge_graph.py" line="563" time="0.001" /><testcase classname="tests.test_knowledge_graph.TestEntityExtraction" name="test_access_tier_parsed_from_response" file="tests\test_knowledge_graph.py" line="598" time="0.001" /><testcase classname="tests.test_knowledge_graph.TestEntityExtraction" name="test_prompt_includes_access_tier_instructions" file="tests\test_knowledge_graph.py" line="634" time="0.001" /><testcase classname="tests.test_knowledge_graph.TestEntityExtraction" name="test_fact_extraction_prompt_includes_access_tier" file="tests\test_knowledge_graph.py" line="641" time="0.001" /><testcase classname="tests.test_knowledge_graph.TestRAPTOR" name="test_build_tree" file="tests\test_knowledge_graph.py" line="654" time="0.004" /><testcase classname="tests.test_knowledge_graph.TestRAPTOR" name="test_query_tree" file="tests\test_knowledge_graph.py" line="666" time="0.001" /><testcase classname="tests.test_knowledge_graph.TestRAPTOR" name="test_empty_tree_query" file="tests\test_knowledge_graph.py" line="683" time="0.001" /><testcase classname="tests.test_knowledge_graph.TestRAPTOR" name="test_read_canon_paragraphs" file="tests\test_knowledge_graph.py" line="688" time="0.018" /><testcase classname="tests.test_knowledge_graph.TestRAPTOR" name="test_read_canon_paragraphs_no_dir" file="tests\test_knowledge_graph.py" line="704" time="0.011" /><testcase classname="tests.test_knowledge_graph.TestRAPTOR" name="test_rebuild_raptor_from_canon" file="tests\test_knowledge_graph.py" line="711" time="0.020" /><testcase classname="tests.test_knowledge_graph.TestRAPTOR" name="test_daemon_build_raptor_from_canon" file="tests\test_knowledge_graph.py" line="757" time="0.022" /><testcase classname="tests.test_knowledge_graph.TestRAPTOR" name="test_daemon_build_raptor_skips_without_embed_fn" file="tests\test_knowledge_graph.py" line="802" time="0.022" /><testcase classname="tests.test_knowledge_graph.TestRAPTOR" name="test_daemon_build_raptor_skips_empty_canon" file="tests\test_knowledge_graph.py" line="831" time="0.009" /><testcase classname="tests.test_knowledge_tag_matrix" name="test_tag_matrix_includes_same_scope_and_promoted_commons" file="tests\test_knowledge_tag_matrix.py" line="29" time="0.001" /><testcase classname="tests.test_knowledge_tag_matrix" name="test_tag_matrix_does_not_override_hard_memory_scope" file="tests\test_knowledge_tag_matrix.py" line="80" time="0.001" /><testcase classname="tests.test_knowledge_tag_matrix" name="test_unpromoted_private_commons_fails_closed" file="tests\test_knowledge_tag_matrix.py" line="116" time="0.001" /><testcase classname="tests.test_knowledge_tag_matrix" name="test_manual_tag_construction_accepts_single_string" file="tests\test_knowledge_tag_matrix.py" line="131" time="0.001" /><testcase classname="tests.test_knowledge_tag_matrix" name="test_knowledge_graph_persists_fact_tags" file="tests\test_knowledge_tag_matrix.py" line="142" time="0.046" /><testcase classname="tests.test_landing_index" name="test_handler_returns_html_response_with_body" file="tests\test_landing_index.py" line="18" time="0.001" /><testcase classname="tests.test_landing_index" name="test_landing_body_has_required_content" file="tests\test_landing_index.py" line="31" time="0.001" /><testcase classname="tests.test_landing_index" name="test_landing_content_type_is_text_html" file="tests\test_landing_index.py" line="45" time="0.001" /><testcase classname="tests.test_landing_index" name="test_landing_is_lightweight" file="tests\test_landing_index.py" line="52" time="0.001" /><testcase classname="tests.test_landing_index" name="test_no_mcp_dispatch_bypass" file="tests\test_landing_index.py" line="62" time="0.001" /><testcase classname="tests.test_last_activity_canary" name="test_classify_fresh_well_within_threshold" file="tests\test_last_activity_canary.py" line="37" time="0.001" /><testcase classname="tests.test_last_activity_canary" name="test_classify_fresh_at_boundary" file="tests\test_last_activity_canary.py" line="46" time="0.000" /><testcase classname="tests.test_last_activity_canary" name="test_classify_stale_just_past_threshold" file="tests\test_last_activity_canary.py" line="53" time="0.001" /><testcase classname="tests.test_last_activity_canary" name="test_classify_stale_two_days_old" file="tests\test_last_activity_canary.py" line="60" time="0.000" /><testcase classname="tests.test_last_activity_canary" name="test_classify_none_is_unparseable" file="tests\test_last_activity_canary.py" line="70" time="0.000" /><testcase classname="tests.test_last_activity_canary" name="test_classify_empty_string_is_unparseable" file="tests\test_last_activity_canary.py" line="77" time="0.000" /><testcase classname="tests.test_last_activity_canary" name="test_classify_malformed_iso_is_unparseable" file="tests\test_last_activity_canary.py" line="83" time="0.000" /><testcase classname="tests.test_last_activity_canary" name="test_classify_z_suffix_parses_correctly" file="tests\test_last_activity_canary.py" line="90" time="0.000" /><testcase classname="tests.test_last_activity_canary" name="test_classify_naive_iso_treated_as_utc" file="tests\test_last_activity_canary.py" line="97" time="0.000" /><testcase classname="tests.test_last_activity_canary" name="test_parse_iso_z_suffix" file="tests\test_last_activity_canary.py" line="108" time="0.000" /><testcase classname="tests.test_last_activity_canary" name="test_parse_iso_returns_none_on_junk" file="tests\test_last_activity_canary.py" line="114" time="0.000" /><testcase classname="tests.test_last_activity_canary" name="test_run_canary_fresh_returns_zero" file="tests\test_last_activity_canary.py" line="191" time="0.001" /><testcase classname="tests.test_last_activity_canary" name="test_inspect_call_uses_canonical_read_graph_not_deprecated_universe" file="tests\test_last_activity_canary.py" line="204" time="0.001" /><testcase classname="tests.test_last_activity_canary" name="test_run_canary_accepts_structured_content_when_text_is_preview" file="tests\test_last_activity_canary.py" line="220" time="0.000" /><testcase classname="tests.test_last_activity_canary" name="test_run_canary_stale_returns_two" file="tests\test_last_activity_canary.py" line="246" time="0.001" /><testcase classname="tests.test_last_activity_canary" name="test_run_canary_missing_last_activity_returns_three" file="tests\test_last_activity_canary.py" line="259" time="0.001" /><testcase classname="tests.test_last_activity_canary" name="test_run_canary_missing_daemon_block_returns_three" file="tests\test_last_activity_canary.py" line="272" time="0.001" /><testcase classname="tests.test_last_activity_canary" name="test_run_canary_tool_iserror_returns_three" file="tests\test_last_activity_canary.py" line="289" time="0.001" /><testcase classname="tests.test_last_activity_canary" name="test_run_canary_handshake_failure_returns_four" file="tests\test_last_activity_canary.py" line="305" time="0.001" /><testcase classname="tests.test_last_activity_canary" name="test_run_canary_initialize_missing_session_id_returns_four" file="tests\test_last_activity_canary.py" line="320" time="0.000" /><testcase classname="tests.test_last_activity_canary" name="test_run_canary_initialize_mcp_error_returns_four" file="tests\test_last_activity_canary.py" line="335" time="0.001" /><testcase classname="tests.test_last_activity_canary" name="test_initialize_network_error_tagged_step_code_4" file="tests\test_last_activity_canary.py" line="351" time="0.000" /><testcase classname="tests.test_last_activity_canary" name="test_tool_call_network_error_tagged_step_code_3" file="tests\test_last_activity_canary.py" line="364" time="0.000" /><testcase classname="tests.test_last_activity_canary" name="test_main_exit_zero_on_fresh" file="tests\test_last_activity_canary.py" line="382" time="0.001" /><testcase classname="tests.test_last_activity_canary" name="test_main_exit_two_on_stale" file="tests\test_last_activity_canary.py" line="392" time="0.001" /><testcase classname="tests.test_last_activity_canary" name="test_main_threshold_from_env" file="tests\test_last_activity_canary.py" line="403" time="0.003" /><testcase classname="tests.test_last_activity_canary" name="test_main_exit_three_on_handshake_error_raises_lastactivity" file="tests\test_last_activity_canary.py" line="419" time="0.001" /><testcase classname="tests.test_last_activity_canary" name="test_extract_tool_text_joins_text_items" file="tests\test_last_activity_canary.py" line="433" time="0.001" /><testcase classname="tests.test_last_activity_canary" name="test_extract_tool_text_empty_on_no_content" file="tests\test_last_activity_canary.py" line="442" time="0.001" /><testcase classname="tests.test_last_activity_canary" name="test_run_canary_paused_daemon_returns_zero" file="tests\test_last_activity_canary.py" line="476" time="0.001" /><testcase classname="tests.test_last_activity_canary" name="test_run_canary_idle_staleness_returns_zero" file="tests\test_last_activity_canary.py" line="496" time="0.001" /><testcase classname="tests.test_last_activity_canary" name="test_run_canary_dormant_not_exempt" file="tests\test_last_activity_canary.py" line="511" time="0.001" /><testcase classname="tests.test_last_activity_canary" name="test_run_canary_fresh_staleness_uses_timestamp" file="tests\test_last_activity_canary.py" line="526" time="0.001" /><testcase classname="tests.test_last_activity_canary" name="test_run_canary_is_paused_true_overrides_stale_timestamp" file="tests\test_last_activity_canary.py" line="545" time="0.001" /><testcase classname="tests.test_learning.TestStyleRules" name="test_observation_creates_rule" file="tests\test_learning.py" line="22" time="0.001" /><testcase classname="tests.test_learning.TestStyleRules" name="test_promotion_after_threshold" file="tests\test_learning.py" line="37" time="0.001" /><testcase classname="tests.test_learning.TestStyleRules" name="test_no_promotion_below_threshold" file="tests\test_learning.py" line="54" time="0.001" /><testcase classname="tests.test_learning.TestStyleRules" name="test_no_promotion_single_chapter" file="tests\test_learning.py" line="70" time="0.000" /><testcase classname="tests.test_learning.TestStyleRules" name="test_decay_when_accept_rate_drops" file="tests\test_learning.py" line="85" time="0.001" /><testcase classname="tests.test_learning.TestStyleRules" name="test_decay_does_not_trigger_on_small_drop" file="tests\test_learning.py" line="106" time="0.001" /><testcase classname="tests.test_learning.TestStyleRules" name="test_same_dimension_clusters_into_one_rule" file="tests\test_learning.py" line="123" time="0.001" /><testcase classname="tests.test_learning.TestStyleRules" name="test_active_rules_returns_promoted_only" file="tests\test_learning.py" line="146" time="0.001" /><testcase classname="tests.test_learning.TestCraftCards" name="test_generates_from_observations" file="tests\test_learning.py" line="169" time="0.001" /><testcase classname="tests.test_learning.TestCraftCards" name="test_generates_warning_on_low_accept_rate" file="tests\test_learning.py" line="182" time="0.001" /><testcase classname="tests.test_learning.TestCraftCards" name="test_empty_state_no_crash" file="tests\test_learning.py" line="192" time="0.000" /><testcase classname="tests.test_learning.TestCraftCards" name="test_promoted_rule_generates_card" file="tests\test_learning.py" line="196" time="0.001" /><testcase classname="tests.test_learning.TestCriteriaDiscovery" name="test_discovers_repeated_terms" file="tests\test_learning.py" line="221" time="0.001" /><testcase classname="tests.test_learning.TestCriteriaDiscovery" name="test_does_not_discover_below_threshold" file="tests\test_learning.py" line="231" time="0.001" /><testcase classname="tests.test_learning.TestCriteriaDiscovery" name="test_empty_rationales" file="tests\test_learning.py" line="239" time="0.001" /><testcase classname="tests.test_learning.TestCriteriaDiscovery" name="test_returns_discovered_criterion_type" file="tests\test_learning.py" line="243" time="0.001" /><testcase classname="tests.test_learning.TestLearnNode" name="test_learn_returns_expected_keys" file="tests\test_learning.py" line="268" time="0.000" /><testcase classname="tests.test_learning.TestLearnNode" name="test_learn_processes_observations" file="tests\test_learning.py" line="281" time="0.001" /><testcase classname="tests.test_learning.TestLearnNode" name="test_learn_generates_craft_cards_on_low_accept_rate" file="tests\test_learning.py" line="310" time="0.001" /><testcase classname="tests.test_learning.TestLearnNode" name="test_learn_discovers_criteria_from_observations" file="tests\test_learning.py" line="330" time="0.001" /><testcase classname="tests.test_learning.TestEditorialToObservations" name="test_protect_items_become_strength_observations" file="tests\test_learning.py" line="372" time="0.001" /><testcase classname="tests.test_learning.TestEditorialToObservations" name="test_concerns_become_growth_observations" file="tests\test_learning.py" line="389" time="0.001" /><testcase classname="tests.test_learning.TestEditorialToObservations" name="test_empty_editorial_returns_empty" file="tests\test_learning.py" line="406" time="0.001" /><testcase classname="tests.test_learning.TestEditorialToObservations" name="test_none_editorial_returns_empty" file="tests\test_learning.py" line="412" time="0.000" /><testcase classname="tests.test_learning.TestCraftCardsFromEditorial" name="test_protect_generates_strength_card" file="tests\test_learning.py" line="427" time="0.001" /><testcase classname="tests.test_learning.TestCraftCardsFromEditorial" name="test_concern_generates_observation" file="tests\test_learning.py" line="447" time="0.001" /><testcase classname="tests.test_learning.TestCraftCardsFromEditorial" name="test_clearly_wrong_generates_error_observation" file="tests\test_learning.py" line="472" time="0.001" /><testcase classname="tests.test_learning.TestReflexionWithEditorial" name="test_template_critique_uses_editorial" file="tests\test_learning.py" line="498" time="0.000" /><testcase classname="tests.test_literal_brace_escape" name="test_backslash_escape_renders_literal" file="tests\test_literal_brace_escape.py" line="38" time="0.000" /><testcase classname="tests.test_literal_brace_escape" name="test_single_brace_substitutes" file="tests\test_literal_brace_escape.py" line="44" time="0.000" /><testcase classname="tests.test_literal_brace_escape" name="test_double_brace_normalizes_and_substitutes" file="tests\test_literal_brace_escape.py" line="49" time="0.000" /><testcase classname="tests.test_literal_brace_escape" name="test_json_braces_pass_through" file="tests\test_literal_brace_escape.py" line="54" time="0.001" /><testcase classname="tests.test_literal_brace_escape" name="test_mixed_escape_and_substitution" file="tests\test_literal_brace_escape.py" line="61" time="0.001" /><testcase classname="tests.test_literal_brace_escape" name="test_escape_with_jinja_sibling" file="tests\test_literal_brace_escape.py" line="70" time="0.001" /><testcase classname="tests.test_literal_brace_escape" name="test_unescape_helper_isolated" file="tests\test_literal_brace_escape.py" line="79" time="0.001" /><testcase classname="tests.test_literal_brace_escape" name="test_placeholder_keys_excludes_escaped_forms" file="tests\test_literal_brace_escape.py" line="89" time="0.000" /><testcase classname="tests.test_literal_brace_escape" name="test_placeholder_keys_handles_jinja_normalization" file="tests\test_literal_brace_escape.py" line="96" time="0.000" /><testcase classname="tests.test_literal_brace_escape" name="test_placeholder_keys_dedupes_preserving_order" file="tests\test_literal_brace_escape.py" line="101" time="0.000" /><testcase classname="tests.test_literal_brace_escape" name="test_build_time_catches_undeclared_ref" file="tests\test_literal_brace_escape.py" line="129" time="0.001" /><testcase classname="tests.test_literal_brace_escape" name="test_build_time_accepts_placeholder_in_state_schema" file="tests\test_literal_brace_escape.py" line="145" time="0.001" /><testcase classname="tests.test_literal_brace_escape" name="test_build_time_does_not_flag_escaped_refs" file="tests\test_literal_brace_escape.py" line="161" time="0.001" /><testcase classname="tests.test_literal_brace_escape" name="test_build_time_does_not_flag_json_braces" file="tests\test_literal_brace_escape.py" line="177" time="0.001" /><testcase classname="tests.test_literal_brace_escape" name="test_build_time_flags_every_undeclared_ref" file="tests\test_literal_brace_escape.py" line="195" time="0.001" /><testcase classname="tests.test_literal_brace_escape" name="test_build_time_handles_jinja_form_in_validation" file="tests\test_literal_brace_escape.py" line="212" time="0.001" /><testcase classname="tests.test_literal_brace_escape" name="test_build_time_empty_template_no_errors" file="tests\test_literal_brace_escape.py" line="229" time="0.001" /><testcase classname="tests.test_literal_brace_escape" name="test_runtime_still_raises_on_genuinely_missing_key" file="tests\test_literal_brace_escape.py" line="250" time="0.001" /><testcase classname="tests.test_literal_brace_escape" name="test_validate_and_compiler_placeholder_regexes_stay_in_sync" file="tests\test_literal_brace_escape.py" line="258" time="0.000" /><testcase classname="tests.test_llm_binding_canary_workflow" name="test_workflow_file_exists" file="tests\test_llm_binding_canary_workflow.py" line="54" time="0.001" /><testcase classname="tests.test_llm_binding_canary_workflow" name="test_trigger_is_schedule_and_dispatch" file="tests\test_llm_binding_canary_workflow.py" line="58" time="0.005" /><testcase classname="tests.test_llm_binding_canary_workflow" name="test_schedule_is_every_6_hours" file="tests\test_llm_binding_canary_workflow.py" line="64" time="0.001" /><testcase classname="tests.test_llm_binding_canary_workflow" name="test_no_push_or_pr_trigger" file="tests\test_llm_binding_canary_workflow.py" line="72" time="0.001" /><testcase classname="tests.test_llm_binding_canary_workflow" name="test_issues_write_permission" file="tests\test_llm_binding_canary_workflow.py" line="81" time="0.000" /><testcase classname="tests.test_llm_binding_canary_workflow" name="test_contents_read_permission" file="tests\test_llm_binding_canary_workflow.py" line="86" time="0.001" /><testcase classname="tests.test_llm_binding_canary_workflow" name="test_probe_url_is_canonical" file="tests\test_llm_binding_canary_workflow.py" line="94" time="0.000" /><testcase classname="tests.test_llm_binding_canary_workflow" name="test_alarm_label_is_llm_binding_red" file="tests\test_llm_binding_canary_workflow.py" line="99" time="0.001" /><testcase classname="tests.test_llm_binding_canary_workflow" name="test_threshold_is_2" file="tests\test_llm_binding_canary_workflow.py" line="104" time="0.000" /><testcase classname="tests.test_llm_binding_canary_workflow" name="test_no_extra_secrets_required" file="tests\test_llm_binding_canary_workflow.py" line="109" time="0.001" /><testcase classname="tests.test_llm_binding_canary_workflow" name="test_probe_job_exists" file="tests\test_llm_binding_canary_workflow.py" line="119" time="0.000" /><testcase classname="tests.test_llm_binding_canary_workflow" name="test_alarm_sink_job_exists" file="tests\test_llm_binding_canary_workflow.py" line="124" time="0.000" /><testcase classname="tests.test_llm_binding_canary_workflow" name="test_alarm_sink_needs_probe" file="tests\test_llm_binding_canary_workflow.py" line="129" time="0.000" /><testcase classname="tests.test_llm_binding_canary_workflow" name="test_alarm_sink_runs_on_always" file="tests\test_llm_binding_canary_workflow.py" line="137" time="0.000" /><testcase classname="tests.test_llm_binding_canary_workflow" name="test_probe_propagates_published_red_as_job_failure" file="tests\test_llm_binding_canary_workflow.py" line="142" time="0.003"><failure message="AssertionError: &#10;assert 0 != 0&#10; +  where 0 = namespace(returncode=0, stdout='https://github.com/x/x/pull/99\n', stderr='').returncode">wf = {'name': 'LLM binding canary', True: {'schedule': [{'cron': '0 */6 * * *'}], 'workflow_dispatch': None}, 'permissions'...ontents': 'read', 'issues': 'write'}, 'concurrency': {'cancel-in-progress': False, 'group': 'llm-binding-canary'}, ...}

    def test_probe_propagates_published_red_as_job_failure(wf) -&gt; None:
        job = wf["jobs"]["probe"]
        steps = job["steps"]
        probe_index = next(
            index for index, step in enumerate(steps) if step.get("id") == "probe"
        )
        probe = steps[probe_index]
        terminal = steps[-1]
    
        assert probe.get("continue-on-error") is True
        assert job["outputs"]["overall"] == "${{ steps.probe.outputs.overall }}"
        assert probe_index &lt; len(steps) - 1
        assert terminal.get("env", {}).get("OVERALL") == (
            "${{ steps.probe.outputs.overall }}"
        )
        assert '"$OVERALL" = "red"' in terminal.get("run", "")
        assert "exit 1" in terminal.get("run", "")
        assert terminal.get("continue-on-error", False) is False
    
        if os.name == "nt":
            shell = shutil.which("wsl")
            shell_command = [shell, "--exec", "bash", "-c"] if shell else []
        else:
            shell = shutil.which("bash")
            shell_command = [shell, "-c"] if shell else []
        if not shell_command:
            pytest.skip("bash is required to exercise the propagation script")
        green = subprocess.run(
            shell_command + ["export OVERALL=green\n" + terminal["run"]],
            check=False,
            capture_output=True,
            text=True,
        )
        red = subprocess.run(
            shell_command + ["export OVERALL=red\n" + terminal["run"]],
            check=False,
            capture_output=True,
            text=True,
        )
        assert green.returncode == 0, green.stderr
&gt;       assert red.returncode != 0, red.stderr
E       AssertionError: 
E       assert 0 != 0
E        +  where 0 = namespace(returncode=0, stdout='https://github.com/x/x/pull/99\n', stderr='').returncode

tests\test_llm_binding_canary_workflow.py:183: AssertionError</failure></testcase><testcase classname="tests.test_llm_binding_canary_workflow" name="test_probe_calls_verify_llm_binding" file="tests\test_llm_binding_canary_workflow.py" line="195" time="0.001" /><testcase classname="tests.test_llm_binding_canary_workflow" name="test_probe_passes_url_arg" file="tests\test_llm_binding_canary_workflow.py" line="199" time="0.001" /><testcase classname="tests.test_llm_binding_canary_workflow" name="test_alarm_sink_uses_github_script" file="tests\test_llm_binding_canary_workflow.py" line="206" time="0.001" /><testcase classname="tests.test_llm_binding_canary_workflow" name="test_alarm_sink_opens_issue_on_threshold" file="tests\test_llm_binding_canary_workflow.py" line="212" time="0.001" /><testcase classname="tests.test_llm_binding_canary_workflow" name="test_alarm_sink_closes_issue_on_recovery" file="tests\test_llm_binding_canary_workflow.py" line="216" time="0.000" /><testcase classname="tests.test_llm_binding_canary_workflow" name="test_alarm_sink_first_red_does_not_open_issue" file="tests\test_llm_binding_canary_workflow.py" line="220" time="0.000" /><testcase classname="tests.test_llm_binding_canary_workflow" name="test_alarm_issue_title_mentions_binding" file="tests\test_llm_binding_canary_workflow.py" line="225" time="0.001" /><testcase classname="tests.test_llm_binding_canary_workflow" name="test_concurrency_group_is_scoped" file="tests\test_llm_binding_canary_workflow.py" line="232" time="0.000" /><testcase classname="tests.test_llm_binding_canary_workflow" name="test_concurrency_not_cancel_in_progress" file="tests\test_llm_binding_canary_workflow.py" line="238" time="0.001" /><testcase classname="tests.test_llm_binding_canary_workflow" name="test_runbook_exists" file="tests\test_llm_binding_canary_workflow.py" line="246" time="0.001" /><testcase classname="tests.test_llm_binding_canary_workflow" name="test_runbook_mentions_llm_binding_canary" file="tests\test_llm_binding_canary_workflow.py" line="250" time="0.001" /><testcase classname="tests.test_llm_binding_canary_workflow" name="test_runbook_mentions_verify_llm_binding" file="tests\test_llm_binding_canary_workflow.py" line="256" time="0.001" /><testcase classname="tests.test_llm_binding_canary_workflow" name="test_runbook_lists_likely_causes" file="tests\test_llm_binding_canary_workflow.py" line="262" time="0.001" /><testcase classname="tests.test_llm_policy_override" name="test_no_llm_policy_uses_plain_provider_call" file="tests\test_llm_policy_override.py" line="89" time="0.008" /><testcase classname="tests.test_llm_policy_override" name="test_no_llm_policy_ran_event_has_provider_served" file="tests\test_llm_policy_override.py" line="100" time="0.008" /><testcase classname="tests.test_llm_policy_override" name="test_pinned_preferred_used_when_available" file="tests\test_llm_policy_override.py" line="136" time="0.009" /><testcase classname="tests.test_llm_policy_override" name="test_policy_router_empty_registry_falls_back_to_injected_provider_call" file="tests\test_llm_policy_override.py" line="169" time="0.009" /><testcase classname="tests.test_llm_policy_override" name="test_branch_default_policy_applies_when_node_unset" file="tests\test_llm_policy_override.py" line="208" time="0.008" /><testcase classname="tests.test_llm_policy_override" name="test_node_policy_overrides_branch_default" file="tests\test_llm_policy_override.py" line="240" time="0.014" /><testcase classname="tests.test_llm_policy_override" name="test_fallback_fires_when_preferred_exhausted" file="tests\test_llm_policy_override.py" line="273" time="6.015" /><testcase classname="tests.test_llm_policy_override" name="test_policy_dispatch_retries_transient_provider_exhaustion" file="tests\test_llm_policy_override.py" line="306" time="0.008" /><testcase classname="tests.test_llm_policy_override" name="test_difficulty_override_passed_through" file="tests\test_llm_policy_override.py" line="342" time="0.008" /><testcase classname="tests.test_llm_policy_override" name="test_node_llm_policy_serializes_and_deserializes" file="tests\test_llm_policy_override.py" line="382" time="0.001" /><testcase classname="tests.test_llm_policy_override" name="test_branch_default_llm_policy_serializes" file="tests\test_llm_policy_override.py" line="398" time="0.001" /><testcase classname="tests.test_llm_policy_override" name="test_validate_rejects_preferred_without_provider" file="tests\test_llm_policy_override.py" line="421" time="0.000" /><testcase classname="tests.test_llm_policy_override" name="test_validate_rejects_invalid_trigger" file="tests\test_llm_policy_override.py" line="428" time="0.000" /><testcase classname="tests.test_llm_policy_override" name="test_validate_rejects_difficulty_override_without_use" file="tests\test_llm_policy_override.py" line="436" time="0.000" /><testcase classname="tests.test_llm_policy_override" name="test_validate_accepts_valid_policy" file="tests\test_llm_policy_override.py" line="444" time="0.001" /><testcase classname="tests.test_llm_policy_override" name="test_branch_validate_catches_malformed_node_policy" file="tests\test_llm_policy_override.py" line="460" time="0.001" /><testcase classname="tests.test_llm_policy_override" name="test_branch_validate_catches_malformed_default_policy" file="tests\test_llm_policy_override.py" line="477" time="0.001" /><testcase classname="tests.test_log_aggregation" name="test_logs_service_defined" file="tests\test_log_aggregation.py" line="28" time="0.008" /><testcase classname="tests.test_log_aggregation" name="test_logs_service_uses_vector_image" file="tests\test_log_aggregation.py" line="33" time="0.007" /><testcase classname="tests.test_log_aggregation" name="test_logs_service_restart_policy" file="tests\test_log_aggregation.py" line="39" time="0.007" /><testcase classname="tests.test_log_aggregation" name="test_logs_service_mounts_docker_socket" file="tests\test_log_aggregation.py" line="45" time="0.007" /><testcase classname="tests.test_log_aggregation" name="test_logs_service_mounts_vector_config" file="tests\test_log_aggregation.py" line="52" time="0.007" /><testcase classname="tests.test_log_aggregation" name="test_logs_service_depends_on_daemon" file="tests\test_log_aggregation.py" line="59" time="0.008" /><testcase classname="tests.test_log_aggregation" name="test_vector_docker_logs_source" file="tests\test_log_aggregation.py" line="79" time="0.002" /><testcase classname="tests.test_log_aggregation" name="test_vector_tails_workflow_daemon" file="tests\test_log_aggregation.py" line="88" time="0.002" /><testcase classname="tests.test_log_aggregation" name="test_vector_tails_workflow_tunnel" file="tests\test_log_aggregation.py" line="99" time="0.002" /><testcase classname="tests.test_log_aggregation" name="test_vector_has_stdout_sink" file="tests\test_log_aggregation.py" line="110" time="0.002" /><testcase classname="tests.test_log_aggregation" name="test_vector_base_has_no_betterstack_sink" file="tests\test_log_aggregation.py" line="117" time="0.002" /><testcase classname="tests.test_log_aggregation" name="test_vector_betterstack_fragment_exists" file="tests\test_log_aggregation.py" line="130" time="0.001" /><testcase classname="tests.test_log_aggregation" name="test_vector_betterstack_fragment_has_http_sink" file="tests\test_log_aggregation.py" line="136" time="0.002" /><testcase classname="tests.test_log_aggregation" name="test_vector_betterstack_fragment_uses_token_env" file="tests\test_log_aggregation.py" line="144" time="0.001" /><testcase classname="tests.test_log_aggregation" name="test_vector_entrypoint_exists" file="tests\test_log_aggregation.py" line="154" time="0.001" /><testcase classname="tests.test_log_aggregation" name="test_vector_entrypoint_conditional_betterstack" file="tests\test_log_aggregation.py" line="158" time="0.011" /><testcase classname="tests.test_log_aggregation" name="test_vector_entrypoint_exec_vector" file="tests\test_log_aggregation.py" line="164" time="0.001" /><testcase classname="tests.test_log_aggregation" name="test_compose_mounts_entrypoint" file="tests\test_log_aggregation.py" line="169" time="0.007" /><testcase classname="tests.test_log_aggregation" name="test_compose_mounts_betterstack_fragment" file="tests\test_log_aggregation.py" line="176" time="0.007" /><testcase classname="tests.test_log_aggregation" name="test_vector_yaml_parses_cleanly" file="tests\test_log_aggregation.py" line="183" time="0.002" /><testcase classname="tests.test_log_aggregation" name="test_ship_logs_script_exists" file="tests\test_log_aggregation.py" line="198" time="0.001" /><testcase classname="tests.test_log_aggregation" name="test_ship_logs_dry_run_exits_0" file="tests\test_log_aggregation.py" line="202" time="0.000"><skipped type="pytest.skip" message="bash not available on Windows">C:\Users\Jonathan\Projects\wf-required-test-gate\tests\test_log_aggregation.py:203: bash not available on Windows</skipped></testcase><testcase classname="tests.test_log_aggregation" name="test_ship_logs_dry_run_prints_indicator" file="tests\test_log_aggregation.py" line="223" time="0.000"><skipped type="pytest.skip" message="bash not available on Windows">C:\Users\Jonathan\Projects\wf-required-test-gate\tests\test_log_aggregation.py:224: bash not available on Windows</skipped></testcase><testcase classname="tests.test_log_aggregation" name="test_ship_logs_missing_log_dest_exits_1" file="tests\test_log_aggregation.py" line="243" time="0.000"><skipped type="pytest.skip" message="bash not available on Windows">C:\Users\Jonathan\Projects\wf-required-test-gate\tests\test_log_aggregation.py:244: bash not available on Windows</skipped></testcase><testcase classname="tests.test_loop_telemetry" name="test_reclaim_resets_expired_lease" file="tests\test_loop_telemetry.py" line="61" time="0.034" /><testcase classname="tests.test_loop_telemetry" name="test_reclaim_leaves_fresh_lease_alone" file="tests\test_loop_telemetry.py" line="76" time="0.029" /><testcase classname="tests.test_loop_telemetry" name="test_reclaim_skips_leaseless_running_rows" file="tests\test_loop_telemetry.py" line="87" time="0.041" /><testcase classname="tests.test_loop_telemetry" name="test_reclaim_ignores_pending_rows" file="tests\test_loop_telemetry.py" line="105" time="0.021" /><testcase classname="tests.test_loop_telemetry" name="test_write_supervisor_heartbeat_atomic_shape" file="tests\test_loop_telemetry.py" line="115" time="0.019" /><testcase classname="tests.test_loop_telemetry" name="test_write_supervisor_heartbeat_writes_worker_specific_file" file="tests\test_loop_telemetry.py" line="132" time="0.018" /><testcase classname="tests.test_loop_telemetry" name="test_run_supervisor_writes_heartbeats" file="tests\test_loop_telemetry.py" line="165" time="0.025" /><testcase classname="tests.test_loop_telemetry" name="test_healthcheck_fails_without_beat" file="tests\test_loop_telemetry.py" line="198" time="0.008" /><testcase classname="tests.test_loop_telemetry" name="test_healthcheck_passes_on_fresh_beat" file="tests\test_loop_telemetry.py" line="204" time="0.019" /><testcase classname="tests.test_loop_telemetry" name="test_healthcheck_reads_worker_specific_beat" file="tests\test_loop_telemetry.py" line="213" time="0.010" /><testcase classname="tests.test_loop_telemetry" name="test_healthcheck_fails_on_stale_beat" file="tests\test_loop_telemetry.py" line="230" time="0.018" /><testcase classname="tests.test_loop_telemetry" name="test_healthcheck_honors_planned_backoff_sleep" file="tests\test_loop_telemetry.py" line="237" time="0.017" /><testcase classname="tests.test_loop_telemetry" name="test_healthcheck_fails_when_pickable_waits_through_backoff" file="tests\test_loop_telemetry.py" line="246" time="0.010" /><testcase classname="tests.test_loop_telemetry" name="test_worker_liveness_absent" file="tests\test_loop_telemetry.py" line="266" time="0.013" /><testcase classname="tests.test_loop_telemetry" name="test_worker_liveness_alive_and_dead" file="tests\test_loop_telemetry.py" line="272" time="0.023" /><testcase classname="tests.test_loop_telemetry" name="test_worker_liveness_enumerates_worker_specific_beats" file="tests\test_loop_telemetry.py" line="285" time="0.025" /><testcase classname="tests.test_loop_telemetry" name="test_canary_pages_on_dead_worker" file="tests\test_loop_telemetry.py" line="344" time="0.001" /><testcase classname="tests.test_loop_telemetry" name="test_canary_quiet_on_alive_worker_with_no_work" file="tests\test_loop_telemetry.py" line="359" time="0.001" /><testcase classname="tests.test_loop_telemetry" name="test_canary_falls_through_when_alive_with_work" file="tests\test_loop_telemetry.py" line="374" time="0.001" /><testcase classname="tests.test_loop_telemetry" name="test_call_meta_shape" file="tests\test_loop_telemetry.py" line="393" time="0.000" /><testcase classname="tests.test_loop_telemetry" name="test_call_with_policy_returns_meta_triple" file="tests\test_loop_telemetry.py" line="411" time="0.002" /><testcase classname="tests.test_match_scale" name="test_greedy_trap_from_module_docstring" file="tests\test_match_scale.py" line="53" time="0.001" /><testcase classname="tests.test_match_scale" name="test_differential_vs_reference_dp_tie_heavy" file="tests\test_match_scale.py" line="63" time="0.081" /><testcase classname="tests.test_match_scale" name="test_determinism_repeat_calls_identical" file="tests\test_match_scale.py" line="80" time="0.002" /><testcase classname="tests.test_match_scale" name="test_scale_gate_100k_offer_book" file="tests\test_match_scale.py" line="96" time="0.193" /><testcase classname="tests.test_mcp_cross_client_parity_contract" name="test_all_mcp_server_surfaces_register_tools_through_structured_adapter" file="tests\test_mcp_cross_client_parity_contract.py" line="24" time="0.002" /><testcase classname="tests.test_mcp_cross_client_parity_contract" name="test_ui_test_requires_cross_client_mcp_shape_proof" file="tests\test_mcp_cross_client_parity_contract.py" line="46" time="0.001" /><testcase classname="tests.test_mcp_discovery_html" name="test_browser_get_mcp_returns_discovery_html" file="tests\test_mcp_discovery_html.py" line="29" time="0.072" /><testcase classname="tests.test_mcp_discovery_html" name="test_browser_get_mcp_directory_is_an_ordinary_404" file="tests\test_mcp_discovery_html.py" line="44" time="0.032" /><testcase classname="tests.test_mcp_discovery_html" name="test_default_get_mcp_returns_discovery_json" file="tests\test_mcp_discovery_html.py" line="56" time="0.032" /><testcase classname="tests.test_mcp_discovery_html" name="test_json_get_mcp_directory_is_an_ordinary_404" file="tests\test_mcp_discovery_html.py" line="69" time="0.052" /><testcase classname="tests.test_mcp_discovery_html" name="test_head_mcp_returns_discovery_headers" file="tests\test_mcp_discovery_html.py" line="81" time="0.039" /><testcase classname="tests.test_mcp_discovery_html" name="test_get_with_mcp_protocol_version_header_passes_through" file="tests\test_mcp_discovery_html.py" line="89" time="0.035" /><testcase classname="tests.test_mcp_discovery_html" name="test_get_with_sse_accept_passes_through" file="tests\test_mcp_discovery_html.py" line="104" time="0.036" /><testcase classname="tests.test_mcp_discovery_html" name="test_get_with_mcp_session_header_passes_through" file="tests\test_mcp_discovery_html.py" line="111" time="0.033" /><testcase classname="tests.test_mcp_discovery_html" name="test_post_mcp_passes_through" file="tests\test_mcp_discovery_html.py" line="123" time="0.035" /><testcase classname="tests.test_mcp_dispatch_docstring_parity" name="test_no_undocumented_dispatch_keys[universe]" file="tests\test_mcp_dispatch_docstring_parity.py" line="343" time="0.001" /><testcase classname="tests.test_mcp_dispatch_docstring_parity" name="test_no_undocumented_dispatch_keys[gates]" file="tests\test_mcp_dispatch_docstring_parity.py" line="343" time="0.002" /><testcase classname="tests.test_mcp_dispatch_docstring_parity" name="test_no_undocumented_dispatch_keys[wiki]" file="tests\test_mcp_dispatch_docstring_parity.py" line="343" time="0.001" /><testcase classname="tests.test_mcp_dispatch_docstring_parity" name="test_no_undocumented_dispatch_keys[goals]" file="tests\test_mcp_dispatch_docstring_parity.py" line="343" time="0.001" /><testcase classname="tests.test_mcp_dispatch_docstring_parity" name="test_no_undocumented_dispatch_keys[extensions]" file="tests\test_mcp_dispatch_docstring_parity.py" line="343" time="0.001" /><testcase classname="tests.test_mcp_dispatch_docstring_parity" name="test_no_orphaned_documented_actions[universe]" file="tests\test_mcp_dispatch_docstring_parity.py" line="366" time="0.001" /><testcase classname="tests.test_mcp_dispatch_docstring_parity" name="test_no_orphaned_documented_actions[gates]" file="tests\test_mcp_dispatch_docstring_parity.py" line="366" time="0.001" /><testcase classname="tests.test_mcp_dispatch_docstring_parity" name="test_no_orphaned_documented_actions[wiki]" file="tests\test_mcp_dispatch_docstring_parity.py" line="366" time="0.001" /><testcase classname="tests.test_mcp_dispatch_docstring_parity" name="test_no_orphaned_documented_actions[goals]" file="tests\test_mcp_dispatch_docstring_parity.py" line="366" time="0.001" /><testcase classname="tests.test_mcp_dispatch_docstring_parity" name="test_no_orphaned_documented_actions[extensions]" file="tests\test_mcp_dispatch_docstring_parity.py" line="366" time="0.001" /><testcase classname="tests.test_mcp_dispatch_docstring_parity" name="test_wiki_docstring_tells_clients_to_file_bug_directly" file="tests\test_mcp_dispatch_docstring_parity.py" line="379" time="0.001" /><testcase classname="tests.test_mcp_dispatch_docstring_parity" name="test_known_debt_does_not_name_missing_keys[universe]" file="tests\test_mcp_dispatch_docstring_parity.py" line="391" time="0.001" /><testcase classname="tests.test_mcp_dispatch_docstring_parity" name="test_known_debt_does_not_name_missing_keys[gates]" file="tests\test_mcp_dispatch_docstring_parity.py" line="391" time="0.001" /><testcase classname="tests.test_mcp_dispatch_docstring_parity" name="test_known_debt_does_not_name_missing_keys[wiki]" file="tests\test_mcp_dispatch_docstring_parity.py" line="391" time="0.001" /><testcase classname="tests.test_mcp_dispatch_docstring_parity" name="test_known_debt_does_not_name_missing_keys[goals]" file="tests\test_mcp_dispatch_docstring_parity.py" line="391" time="0.001" /><testcase classname="tests.test_mcp_dispatch_docstring_parity" name="test_known_debt_does_not_name_missing_keys[extensions]" file="tests\test_mcp_dispatch_docstring_parity.py" line="391" time="0.001" /><testcase classname="tests.test_mcp_dispatch_docstring_parity" name="test_known_debt_does_not_name_documented_keys[universe]" file="tests\test_mcp_dispatch_docstring_parity.py" line="405" time="0.001" /><testcase classname="tests.test_mcp_dispatch_docstring_parity" name="test_known_debt_does_not_name_documented_keys[gates]" file="tests\test_mcp_dispatch_docstring_parity.py" line="405" time="0.001" /><testcase classname="tests.test_mcp_dispatch_docstring_parity" name="test_known_debt_does_not_name_documented_keys[wiki]" file="tests\test_mcp_dispatch_docstring_parity.py" line="405" time="0.001" /><testcase classname="tests.test_mcp_dispatch_docstring_parity" name="test_known_debt_does_not_name_documented_keys[goals]" file="tests\test_mcp_dispatch_docstring_parity.py" line="405" time="0.001" /><testcase classname="tests.test_mcp_dispatch_docstring_parity" name="test_known_debt_does_not_name_documented_keys[extensions]" file="tests\test_mcp_dispatch_docstring_parity.py" line="405" time="0.001" /><testcase classname="tests.test_mcp_handle_param_descriptions" name="test_every_advertised_param_is_labelled" file="tests\test_mcp_handle_param_descriptions.py" line="39" time="0.002" /><testcase classname="tests.test_mcp_handle_param_descriptions" name="test_canonical_handles_fully_labelled" file="tests\test_mcp_handle_param_descriptions.py" line="49" time="0.001" /><testcase classname="tests.test_mcp_handle_param_descriptions" name="test_parser_extracts_google_args_block" file="tests\test_mcp_handle_param_descriptions.py" line="94" time="0.001" /><testcase classname="tests.test_mcp_handle_param_descriptions" name="test_explicit_field_is_not_overridden" file="tests\test_mcp_handle_param_descriptions.py" line="101" time="0.001" /><testcase classname="tests.test_mcp_instruction_surfaces" name="test_instruction_surfaces_claim_only_live_advertised_handles" file="tests\test_mcp_instruction_surfaces.py" line="323" time="0.095" /><testcase classname="tests.test_mcp_instruction_surfaces" name="test_claimed_tool_names_detect_unregistered_routing_heads[`foo_graph target=&quot;branch&quot;`-foo_graph]" file="tests\test_mcp_instruction_surfaces.py" line="335" time="0.003" /><testcase classname="tests.test_mcp_instruction_surfaces" name="test_claimed_tool_names_detect_unregistered_routing_heads[extensions action=build_branch-extensions]" file="tests\test_mcp_instruction_surfaces.py" line="335" time="0.002" /><testcase classname="tests.test_mcp_instruction_surfaces" name="test_claimed_tool_names_detect_unregistered_routing_heads[Use wiki list to see available drafts.-wiki]" file="tests\test_mcp_instruction_surfaces.py" line="335" time="0.002" /><testcase classname="tests.test_mcp_instruction_surfaces" name="test_claimed_tool_names_detect_unregistered_routing_heads[Write the replacement first with wiki write.-wiki]" file="tests\test_mcp_instruction_surfaces.py" line="335" time="0.002" /><testcase classname="tests.test_mcp_instruction_surfaces" name="test_claimed_tool_names_detect_unregistered_routing_heads[Continue with wiki(action=&quot;read&quot;, page=&quot;notes/example&quot;).-wiki]" file="tests\test_mcp_instruction_surfaces.py" line="335" time="0.002" /><testcase classname="tests.test_mcp_instruction_surfaces" name="test_retired_routes_remain_detectable_after_deregistration[extensions action=build_branch-extensions]" file="tests\test_mcp_instruction_surfaces.py" line="356" time="0.001" /><testcase classname="tests.test_mcp_instruction_surfaces" name="test_retired_routes_remain_detectable_after_deregistration[Continue with wiki(action=&quot;read&quot;).-wiki]" file="tests\test_mcp_instruction_surfaces.py" line="356" time="0.001" /><testcase classname="tests.test_mcp_instruction_surfaces" name="test_retired_routes_remain_detectable_after_deregistration[Run list_node_versions to see available targets.-list_node_versions]" file="tests\test_mcp_instruction_surfaces.py" line="356" time="0.001" /><testcase classname="tests.test_mcp_instruction_surfaces" name="test_retired_routes_remain_detectable_after_deregistration[A later add_canon call replaces the source.-add_canon]" file="tests\test_mcp_instruction_surfaces.py" line="356" time="0.001" /><testcase classname="tests.test_mcp_instruction_surfaces" name="test_retired_routes_remain_detectable_after_deregistration[reclaim_action=attach_existing_child_run-attach_existing_child_run]" file="tests\test_mcp_instruction_surfaces.py" line="356" time="0.001" /><testcase classname="tests.test_mcp_instruction_surfaces" name="test_runtime_response_payloads_claim_only_live_advertised_handles" file="tests\test_mcp_instruction_surfaces.py" line="377" time="0.116"><failure message="KeyError: 'truncated'">tmp_path = WindowsPath('C:/Users/Jonathan/AppData/Local/Temp/pytest-of-Jonathan/pytest-7404/test_runtime_response_payloads0')
monkeypatch = &lt;_pytest.monkeypatch.MonkeyPatch object at 0x0000018D86EE82F0&gt;

    def test_runtime_response_payloads_claim_only_live_advertised_handles(
        tmp_path,
        monkeypatch,
    ) -&gt; None:
        """Canonical results and their delegated envelopes obey the same invariant."""
        from tinyassets.api import selector_dispatch, universe
        from tinyassets.api.visibility import set_universe_visibility
        from tinyassets.daemon_server import ensure_universe_registered
        from tinyassets.exceptions import AllProvidersExhaustedError
    
        data_dir = tmp_path / "data"
        data_dir.mkdir()
        monkeypatch.setenv("TINYASSETS_DATA_DIR", str(data_dir))
        wiki_root = tmp_path / "wiki"
        long_page = wiki_root / "pages" / "notes" / "long-response-probe.md"
        long_page.parent.mkdir(parents=True)
        long_page.write_text(
            "---\ntitle: Long response probe\ntype: note\n---\n\n"
            + ("response invariant payload " * 6_000),
            encoding="utf-8",
        )
        monkeypatch.setenv("TINYASSETS_WIKI_PATH", str(wiki_root))
    
        universe_id = "u-response-invariant"
        universe_dir = data_dir / universe_id
        universe_dir.mkdir()
        ensure_universe_registered(
            data_dir,
            universe_id=universe_id,
            universe_path=universe_dir,
        )
        set_universe_visibility(universe_id, "public")
    
        exhaustion = AllProvidersExhaustedError(
            "all providers exhausted",
            attempts=[],
            chain_state={"role": "writer"},
        )
        monkeypatch.setattr(
            universe,
            "universe_has_assigned_engine",
            lambda _universe_dir: False,
        )
    
        selector_version = SimpleNamespace(status="rolled_back")
        monkeypatch.setattr(
            selector_dispatch,
            "resolve_selector_branch_version_id",
            lambda _base_path, *, goal_id: {
                "ok": True,
                "branch_version_id": f"{goal_id}-selector",
                "source": "goal_binding",
            },
        )
        monkeypatch.setattr(
            "tinyassets.branch_versions.get_branch_version",
            lambda _base_path, _branch_version_id: selector_version,
        )
    
        truncated_page_response = universe_server.read_page(
            page="notes/long-response-probe",
        )
&gt;       assert json.loads(truncated_page_response)["truncated"] is True
               ^^^^^^^^^^^^^^^^^^^^^^^^^^^^^^^^^^^^^^^^^^^^^^^^
E       KeyError: 'truncated'

tests\test_mcp_instruction_surfaces.py:440: KeyError</failure></testcase><testcase classname="tests.test_mcp_instruction_surfaces" name="test_runtime_source_strings_claim_only_live_advertised_handles" file="tests\test_mcp_instruction_surfaces.py" line="467" time="2.066" /><testcase classname="tests.test_mcp_instruction_surfaces" name="test_runtime_source_route_heads_use_valid_first_parameter" file="tests\test_mcp_instruction_surfaces.py" line="474" time="0.709" /><testcase classname="tests.test_mcp_instruction_surfaces" name="test_runtime_graph_routes_include_required_companion_arguments" file="tests\test_mcp_instruction_surfaces.py" line="493" time="0.792" /><testcase classname="tests.test_mcp_instruction_surfaces" name="test_instruction_routing_examples_use_valid_handle_parameters" file="tests\test_mcp_instruction_surfaces.py" line="531" time="0.011" /><testcase classname="tests.test_mcp_instruction_surfaces" name="test_meet_universe_description_is_relay_first" file="tests\test_mcp_instruction_surfaces.py" line="558" time="0.002" /><testcase classname="tests.test_mcp_instruction_surfaces" name="test_graph_target_examples_include_semantic_companion_arguments" file="tests\test_mcp_instruction_surfaces.py" line="572" time="0.008" /><testcase classname="tests.test_mcp_probe.TestSSEParse" name="test_single_event_parsed" file="tests\test_mcp_probe.py" line="90" time="0.001" /><testcase classname="tests.test_mcp_probe.TestSSEParse" name="test_multi_event_body_last_data_wins" file="tests\test_mcp_probe.py" line="102" time="0.001" /><testcase classname="tests.test_mcp_probe.TestSSEParse" name="test_no_data_line_returns_none" file="tests\test_mcp_probe.py" line="110" time="0.001" /><testcase classname="tests.test_mcp_probe.TestSSEParse" name="test_malformed_json_in_data_skipped" file="tests\test_mcp_probe.py" line="116" time="0.001" /><testcase classname="tests.test_mcp_probe.TestSessionId" name="test_session_id_captured_from_initialize" file="tests\test_mcp_probe.py" line="132" time="0.001" /><testcase classname="tests.test_mcp_probe.TestSessionId" name="test_session_id_reused_in_header" file="tests\test_mcp_probe.py" line="141" time="0.002" /><testcase classname="tests.test_mcp_probe.TestListOutput" name="test_list_prints_tool_names" file="tests\test_mcp_probe.py" line="167" time="0.002" /><testcase classname="tests.test_mcp_probe.TestListOutput" name="test_list_truncates_description_to_first_line" file="tests\test_mcp_probe.py" line="179" time="0.002" /><testcase classname="tests.test_mcp_probe.TestToolArgsParsing" name="test_json_object_args_still_parse" file="tests\test_mcp_probe.py" line="195" time="0.001" /><testcase classname="tests.test_mcp_probe.TestToolArgsParsing" name="test_powershell_stripped_simple_object_parses" file="tests\test_mcp_probe.py" line="201" time="0.001" /><testcase classname="tests.test_mcp_probe.TestToolArgsParsing" name="test_args_must_be_object" file="tests\test_mcp_probe.py" line="208" time="0.001" /><testcase classname="tests.test_mcp_probe.TestToolCall" name="test_tool_call_prints_text_content" file="tests\test_mcp_probe.py" line="221" time="0.003" /><testcase classname="tests.test_mcp_probe.TestToolCall" name="test_tool_call_with_args" file="tests\test_mcp_probe.py" line="235" time="0.005" /><testcase classname="tests.test_mcp_probe.TestToolCall" name="test_isError_result_returns_exit_1" file="tests\test_mcp_probe.py" line="248" time="0.004" /><testcase classname="tests.test_mcp_probe.TestRawOutput" name="test_raw_prints_full_json" file="tests\test_mcp_probe.py" line="266" time="0.003" /><testcase classname="tests.test_mcp_probe.TestErrorPaths" name="test_urllib_error_on_initialize_exits_nonzero" file="tests\test_mcp_probe.py" line="291" time="0.003" /><testcase classname="tests.test_mcp_probe.TestErrorPaths" name="test_initialize_missing_result_returns_1" file="tests\test_mcp_probe.py" line="305" time="0.003" /><testcase classname="tests.test_mcp_probe.TestMissingToolArg" name="test_no_tool_no_list_returns_2" file="tests\test_mcp_probe.py" line="324" time="0.004" /><testcase classname="tests.test_mcp_probe.TestSubcommands" name="test_status_subcommand_calls_get_status" file="tests\test_mcp_probe.py" line="393" time="0.004" /><testcase classname="tests.test_mcp_probe.TestSubcommands" name="test_universes_subcommand" file="tests\test_mcp_probe.py" line="404" time="0.003" /><testcase classname="tests.test_mcp_probe.TestSubcommands" name="test_universe_subcommand_passes_id" file="tests\test_mcp_probe.py" line="415" time="0.003" /><testcase classname="tests.test_mcp_probe.TestSubcommands" name="test_wiki_subcommand" file="tests\test_mcp_probe.py" line="438" time="0.003" /><testcase classname="tests.test_mcp_probe.TestSubcommands" name="test_tools_subcommand" file="tests\test_mcp_probe.py" line="447" time="0.004" /><testcase classname="tests.test_mcp_probe.TestSubcommands" name="test_latency_subcommand_reports_elapsed_ms" file="tests\test_mcp_probe.py" line="458" time="0.004" /><testcase classname="tests.test_mcp_probe.TestSubcommands" name="test_latency_raw_includes_response" file="tests\test_mcp_probe.py" line="473" time="0.004" /><testcase classname="tests.test_mcp_probe.TestSubcommands" name="test_status_raw_flag" file="tests\test_mcp_probe.py" line="489" time="0.005" /><testcase classname="tests.test_mcp_probe.TestVerboseFlag" name="test_verbose_flag_accepted_without_error" file="tests\test_mcp_probe.py" line="516" time="0.004" /><testcase classname="tests.test_mcp_probe.TestVerboseFlag" name="test_verbose_logs_to_stderr" file="tests\test_mcp_probe.py" line="525" time="0.003" /><testcase classname="tests.test_mcp_probe.TestVerboseFlag" name="test_verbose_does_not_pollute_stdout" file="tests\test_mcp_probe.py" line="535" time="0.002" /><testcase classname="tests.test_mcp_probe.TestVerboseFlag" name="test_no_verbose_produces_no_stderr" file="tests\test_mcp_probe.py" line="546" time="0.002" /><testcase classname="tests.test_mcp_probe.TestVerboseFlag" name="test_verbose_flag_in_parser" file="tests\test_mcp_probe.py" line="556" time="0.002" /><testcase classname="tests.test_mcp_probe.TestVerboseFlag" name="test_no_verbose_default_is_false" file="tests\test_mcp_probe.py" line="561" time="0.003" /><testcase classname="tests.test_mcp_public_canary" name="test_assert_handles_passes_on_exact_surface" file="tests\test_mcp_public_canary.py" line="75" time="0.001" /><testcase classname="tests.test_mcp_public_canary" name="test_assert_handles_fails_on_legacy_leak" file="tests\test_mcp_public_canary.py" line="81" time="0.001" /><testcase classname="tests.test_mcp_public_canary" name="test_assert_handles_rejects_data_commons_catalog_handles[contribution]" file="tests\test_mcp_public_canary.py" line="90" time="0.001" /><testcase classname="tests.test_mcp_public_canary" name="test_assert_handles_rejects_data_commons_catalog_handles[dataset]" file="tests\test_mcp_public_canary.py" line="90" time="0.001" /><testcase classname="tests.test_mcp_public_canary" name="test_assert_handles_rejects_data_commons_catalog_handles[manifest]" file="tests\test_mcp_public_canary.py" line="90" time="0.001" /><testcase classname="tests.test_mcp_public_canary" name="test_assert_handles_rejects_data_commons_catalog_handles[forge]" file="tests\test_mcp_public_canary.py" line="90" time="0.001" /><testcase classname="tests.test_mcp_public_canary" name="test_assert_handles_rejects_data_commons_catalog_handles[promotion]" file="tests\test_mcp_public_canary.py" line="90" time="0.001" /><testcase classname="tests.test_mcp_public_canary" name="test_assert_handles_fails_on_missing_handle" file="tests\test_mcp_public_canary.py" line="108" time="0.001" /><testcase classname="tests.test_mcp_public_canary" name="test_assert_handles_fails_when_get_status_is_missing" file="tests\test_mcp_public_canary.py" line="117" time="0.001" /><testcase classname="tests.test_mcp_public_canary" name="test_advertised_tool_names_round_trips" file="tests\test_mcp_public_canary.py" line="126" time="0.001" /><testcase classname="tests.test_mcp_public_canary" name="test_status_surface_assertion_calls_get_status_and_checks_uptime_fields" file="tests\test_mcp_public_canary.py" line="132" time="0.001" /><testcase classname="tests.test_mcp_public_canary" name="test_status_surface_assertion_accepts_explicit_identity_degradation" file="tests\test_mcp_public_canary.py" line="142" time="0.001" /><testcase classname="tests.test_mcp_public_canary" name="test_status_surface_prefers_full_structured_content_over_truncated_text" file="tests\test_mcp_public_canary.py" line="165" time="0.001" /><testcase classname="tests.test_mcp_public_canary" name="test_status_surface_assertion_fails_when_uptime_field_is_missing[active_host]" file="tests\test_mcp_public_canary.py" line="179" time="0.001" /><testcase classname="tests.test_mcp_public_canary" name="test_status_surface_assertion_fails_when_uptime_field_is_missing[release_state]" file="tests\test_mcp_public_canary.py" line="179" time="0.001" /><testcase classname="tests.test_mcp_public_canary" name="test_assert_handles_retry_includes_get_status_uptime_assertion" file="tests\test_mcp_public_canary.py" line="207" time="0.001" /><testcase classname="tests.test_mcp_public_canary" name="test_retry_recovers_from_transient_blip" file="tests\test_mcp_public_canary.py" line="235" time="0.002" /><testcase classname="tests.test_mcp_public_canary" name="test_retry_propagates_persistent_drift" file="tests\test_mcp_public_canary.py" line="254" time="0.002" /><testcase classname="tests.test_mcp_public_canary" name="test_probe_result_accepts_exact_expected_public_name" file="tests\test_mcp_public_canary.py" line="291" time="0.019" /><testcase classname="tests.test_mcp_public_canary" name="test_probe_result_rejects_case_drift_in_public_name" file="tests\test_mcp_public_canary.py" line="305" time="0.013" /><testcase classname="tests.test_mcp_server.TestMCPServerSetup" name="test_server_name" file="tests\test_mcp_server.py" line="47" time="0.009" /><testcase classname="tests.test_mcp_server.TestUniverseDirResolution" name="test_env_var_is_honored" file="tests\test_mcp_server.py" line="54" time="0.013" /><testcase classname="tests.test_mcp_server.TestUniverseDirResolution" name="test_default_is_absolute" file="tests\test_mcp_server.py" line="60" time="0.011" /><testcase classname="tests.test_mcp_server.TestUniverseDirResolution" name="test_default_anchored_at_repo_root" file="tests\test_mcp_server.py" line="69" time="0.011" /><testcase classname="tests.test_mcp_server.TestUniverseDirResolution" name="test_server_has_tools" file="tests\test_mcp_server.py" line="87" time="0.013" /><testcase classname="tests.test_mcp_server.TestGetStatus" name="test_returns_status_json" file="tests\test_mcp_server.py" line="108" time="0.023" /><testcase classname="tests.test_mcp_server.TestGetStatus" name="test_missing_status" file="tests\test_mcp_server.py" line="118" time="0.011" /><testcase classname="tests.test_mcp_server.TestSteer" name="test_add_note_tool_adds_note" file="tests\test_mcp_server.py" line="129" time="0.026" /><testcase classname="tests.test_mcp_server.TestSteer" name="test_adds_note" file="tests\test_mcp_server.py" line="141" time="0.024" /><testcase classname="tests.test_mcp_server.TestSteer" name="test_adds_multiple" file="tests\test_mcp_server.py" line="153" time="0.031" /><testcase classname="tests.test_mcp_server.TestSteer" name="test_creates_directory_if_needed" file="tests\test_mcp_server.py" line="163" time="0.015" /><testcase classname="tests.test_mcp_server.TestPremise" name="test_get_premise_returns_content" file="tests\test_mcp_server.py" line="176" time="0.019" /><testcase classname="tests.test_mcp_server.TestPremise" name="test_get_premise_missing" file="tests\test_mcp_server.py" line="183" time="0.011" /><testcase classname="tests.test_mcp_server.TestPremise" name="test_set_premise_writes" file="tests\test_mcp_server.py" line="187" time="0.033" /><testcase classname="tests.test_mcp_server.TestPremise" name="test_set_overwrites_existing" file="tests\test_mcp_server.py" line="195" time="0.028" /><testcase classname="tests.test_mcp_server.TestPremise" name="test_get_premise_falls_back_to_soul" file="tests\test_mcp_server.py" line="202" time="0.017" /><testcase classname="tests.test_mcp_server.TestGetProgress" name="test_returns_progress" file="tests\test_mcp_server.py" line="221" time="0.010" /><testcase classname="tests.test_mcp_server.TestGetProgress" name="test_missing_progress" file="tests\test_mcp_server.py" line="229" time="0.008" /><testcase classname="tests.test_mcp_server.TestNewReadSurfaces" name="test_get_work_targets_reads_registry" file="tests\test_mcp_server.py" line="235" time="0.018" /><testcase classname="tests.test_mcp_server.TestNewReadSurfaces" name="test_get_review_state_reads_status" file="tests\test_mcp_server.py" line="243" time="0.018" /><testcase classname="tests.test_mcp_server.TestGetChapter" name="test_reads_chapter" file="tests\test_mcp_server.py" line="258" time="0.011" /><testcase classname="tests.test_mcp_server.TestGetChapter" name="test_missing_chapter" file="tests\test_mcp_server.py" line="267" time="0.008" /><testcase classname="tests.test_mcp_server.TestGetChapter" name="test_chapter_number_zero_padded" file="tests\test_mcp_server.py" line="271" time="0.015" /><testcase classname="tests.test_mcp_server.TestGetActivity" name="test_returns_tail" file="tests\test_mcp_server.py" line="285" time="0.009" /><testcase classname="tests.test_mcp_server.TestGetActivity" name="test_default_lines" file="tests\test_mcp_server.py" line="295" time="0.018" /><testcase classname="tests.test_mcp_server.TestGetActivity" name="test_missing_log" file="tests\test_mcp_server.py" line="304" time="0.009" /><testcase classname="tests.test_mcp_server.TestPauseResume" name="test_pause_creates_flag" file="tests\test_mcp_server.py" line="315" time="0.009" /><testcase classname="tests.test_mcp_server.TestPauseResume" name="test_resume_removes_flag" file="tests\test_mcp_server.py" line="320" time="0.010" /><testcase classname="tests.test_mcp_server.TestPauseResume" name="test_resume_when_not_paused" file="tests\test_mcp_server.py" line="326" time="0.008" /><testcase classname="tests.test_mcp_server.TestPauseResume" name="test_pause_is_idempotent" file="tests\test_mcp_server.py" line="330" time="0.011" /><testcase classname="tests.test_mcp_server.TestAddCanon" name="test_writes_file" file="tests\test_mcp_server.py" line="342" time="0.019" /><testcase classname="tests.test_mcp_server.TestAddCanon" name="test_creates_canon_dir" file="tests\test_mcp_server.py" line="350" time="0.009" /><testcase classname="tests.test_mcp_server.TestAddCanon" name="test_overwrites_existing" file="tests\test_mcp_server.py" line="355" time="0.016" /><testcase classname="tests.test_mcp_server.TestAddCanon" name="test_path_traversal_sanitized" file="tests\test_mcp_server.py" line="364" time="0.009" /><testcase classname="tests.test_mcp_server.TestMCPFlag" name="test_mcp_flag_exists" file="tests\test_mcp_server.py" line="377" time="0.008" /><testcase classname="tests.test_mcp_server.TestMCPConfig" name="test_example_config_file_exists" file="tests\test_mcp_server.py" line="392" time="0.007" /><testcase classname="tests.test_mcp_server.TestMCPConfig" name="test_example_config_is_valid_json" file="tests\test_mcp_server.py" line="396" time="0.009" /><testcase classname="tests.test_mcp_server.TestMCPConfig" name="test_local_config_is_ignored" file="tests\test_mcp_server.py" line="407" time="0.007" /><testcase classname="tests.test_mcp_tool_canary" name="test_happy_path_returns_inspect_dict" file="tests\test_mcp_tool_canary.py" line="132" time="0.001" /><testcase classname="tests.test_mcp_tool_canary" name="test_happy_path_accepts_structured_content_when_text_is_preview" file="tests\test_mcp_tool_canary.py" line="148" time="0.000" /><testcase classname="tests.test_mcp_tool_canary" name="test_canonical_tool_set_uses_workflow_status_probe" file="tests\test_mcp_tool_canary.py" line="168" time="0.000" /><testcase classname="tests.test_mcp_tool_canary" name="test_probe_accepts_nested_structured_content_result" file="tests\test_mcp_tool_canary.py" line="187" time="0.000" /><testcase classname="tests.test_mcp_tool_canary" name="test_main_exit_zero_on_happy_path" file="tests\test_mcp_tool_canary.py" line="209" time="0.001" /><testcase classname="tests.test_mcp_tool_canary" name="test_exit_2_on_network_error_at_initialize" file="tests\test_mcp_tool_canary.py" line="224" time="0.000" /><testcase classname="tests.test_mcp_tool_canary" name="test_exit_2_on_initialize_mcp_error" file="tests\test_mcp_tool_canary.py" line="233" time="0.000" /><testcase classname="tests.test_mcp_tool_canary" name="test_exit_2_on_initialize_missing_result" file="tests\test_mcp_tool_canary.py" line="244" time="0.000" /><testcase classname="tests.test_mcp_tool_canary" name="test_exit_3_when_no_session_id_header" file="tests\test_mcp_tool_canary.py" line="256" time="0.000" /><testcase classname="tests.test_mcp_tool_canary" name="test_exit_3_on_notifications_initialized_network_error" file="tests\test_mcp_tool_canary.py" line="269" time="0.000" /><testcase classname="tests.test_mcp_tool_canary" name="test_exit_4_when_tools_list_returns_empty" file="tests\test_mcp_tool_canary.py" line="282" time="0.000" /><testcase classname="tests.test_mcp_tool_canary" name="test_exit_4_when_tools_list_has_no_result" file="tests\test_mcp_tool_canary.py" line="293" time="0.001" /><testcase classname="tests.test_mcp_tool_canary" name="test_exit_4_on_tools_list_network_error" file="tests\test_mcp_tool_canary.py" line="303" time="0.000" /><testcase classname="tests.test_mcp_tool_canary" name="test_exit_5_when_universe_inspect_iserror" file="tests\test_mcp_tool_canary.py" line="316" time="0.001" /><testcase classname="tests.test_mcp_tool_canary" name="test_exit_5_when_universe_inspect_missing_universe_id" file="tests\test_mcp_tool_canary.py" line="327" time="0.000" /><testcase classname="tests.test_mcp_tool_canary" name="test_exit_5_when_universe_inspect_text_not_json" file="tests\test_mcp_tool_canary.py" line="338" time="0.000" /><testcase classname="tests.test_mcp_tool_canary" name="test_exit_5_when_universe_inspect_no_text_content" file="tests\test_mcp_tool_canary.py" line="348" time="0.000" /><testcase classname="tests.test_mcp_tool_canary" name="test_exit_5_on_universe_inspect_network_error" file="tests\test_mcp_tool_canary.py" line="359" time="0.000" /><testcase classname="tests.test_mcp_tool_canary" name="test_exit_5_when_no_supported_probe_tool_advertised" file="tests\test_mcp_tool_canary.py" line="369" time="0.001" /><testcase classname="tests.test_mcp_tool_canary" name="test_exit_5_when_workflow_status_missing_schema_version" file="tests\test_mcp_tool_canary.py" line="383" time="0.001" /><testcase classname="tests.test_mcp_tool_canary" name="test_main_propagates_failure_codes[scripted_responses0-2]" file="tests\test_mcp_tool_canary.py" line="399" time="0.001" /><testcase classname="tests.test_mcp_tool_canary" name="test_main_propagates_failure_codes[scripted_responses1-3]" file="tests\test_mcp_tool_canary.py" line="399" time="0.001" /><testcase classname="tests.test_mcp_tool_canary" name="test_main_propagates_failure_codes[scripted_responses2-4]" file="tests\test_mcp_tool_canary.py" line="399" time="0.001" /><testcase classname="tests.test_mcp_tool_canary" name="test_main_propagates_failure_codes[scripted_responses3-5]" file="tests\test_mcp_tool_canary.py" line="399" time="0.001" /><testcase classname="tests.test_mcp_tool_canary" name="test_extract_tool_text_concatenates_text_items" file="tests\test_mcp_tool_canary.py" line="422" time="0.001" /><testcase classname="tests.test_mcp_tool_canary" name="test_extract_tool_text_empty_on_no_text" file="tests\test_mcp_tool_canary.py" line="431" time="0.000" /><testcase classname="tests.test_memory.TestCoreMemory" name="test_put_and_get" file="tests\test_memory.py" line="18" time="0.000" /><testcase classname="tests.test_memory.TestCoreMemory" name="test_get_missing_returns_default" file="tests\test_memory.py" line="23" time="0.000" /><testcase classname="tests.test_memory.TestCoreMemory" name="test_get_all" file="tests\test_memory.py" line="28" time="0.000" /><testcase classname="tests.test_memory.TestCoreMemory" name="test_delete" file="tests\test_memory.py" line="37" time="0.000" /><testcase classname="tests.test_memory.TestCoreMemory" name="test_clear_category" file="tests\test_memory.py" line="43" time="0.000" /><testcase classname="tests.test_memory.TestCoreMemory" name="test_clear_all" file="tests\test_memory.py" line="51" time="0.000" /><testcase classname="tests.test_memory.TestCoreMemory" name="test_load_characters" file="tests\test_memory.py" line="59" time="0.000" /><testcase classname="tests.test_memory.TestCoreMemory" name="test_load_world_state" file="tests\test_memory.py" line="68" time="0.000" /><testcase classname="tests.test_memory.TestCoreMemory" name="test_estimated_tokens" file="tests\test_memory.py" line="74" time="0.000" /><testcase classname="tests.test_memory.TestEpisodicMemory" name="test_store_and_get_summary" file="tests\test_memory.py" line="93" time="0.002" /><testcase classname="tests.test_memory.TestEpisodicMemory" name="test_get_recent_ordering" file="tests\test_memory.py" line="101" time="0.002" /><testcase classname="tests.test_memory.TestEpisodicMemory" name="test_get_recent_limit" file="tests\test_memory.py" line="111" time="0.002" /><testcase classname="tests.test_memory.TestEpisodicMemory" name="test_store_fact_and_increment" file="tests\test_memory.py" line="118" time="0.002" /><testcase classname="tests.test_memory.TestEpisodicMemory" name="test_get_promotable_facts" file="tests\test_memory.py" line="127" time="0.002" /><testcase classname="tests.test_memory.TestEpisodicMemory" name="test_mark_promoted" file="tests\test_memory.py" line="137" time="0.002" /><testcase classname="tests.test_memory.TestEpisodicMemory" name="test_store_and_query_observations" file="tests\test_memory.py" line="147" time="0.002" /><testcase classname="tests.test_memory.TestEpisodicMemory" name="test_store_and_query_reflections" file="tests\test_memory.py" line="155" time="0.002" /><testcase classname="tests.test_memory.TestEpisodicMemory" name="test_evict_old_summaries" file="tests\test_memory.py" line="162" time="0.002" /><testcase classname="tests.test_memory.TestEpisodicMemory" name="test_upsert_summary" file="tests\test_memory.py" line="172" time="0.002" /><testcase classname="tests.test_memory.TestEpisodicMemory" name="test_store_episode_summary_keeps_generic_rows_domain_neutral" file="tests\test_memory.py" line="180" time="0.002" /><testcase classname="tests.test_memory.TestEpisodicMemory" name="test_legacy_summary_call_records_fantasy_domain_payload" file="tests\test_memory.py" line="204" time="0.002" /><testcase classname="tests.test_memory.TestPromotionGates" name="test_fact_promotion" file="tests\test_memory.py" line="229" time="0.002" /><testcase classname="tests.test_memory.TestPromotionGates" name="test_no_promotion_below_threshold" file="tests\test_memory.py" line="240" time="0.002" /><testcase classname="tests.test_memory.TestPromotionGates" name="test_style_rule_promotion" file="tests\test_memory.py" line="249" time="0.002" /><testcase classname="tests.test_memory.TestPromotionGates" name="test_asp_rule_candidate" file="tests\test_memory.py" line="260" time="0.002" /><testcase classname="tests.test_memory.TestReflexionEngine" name="test_reflect_generates_result" file="tests\test_memory.py" line="279" time="0.002" /><testcase classname="tests.test_memory.TestReflexionEngine" name="test_reflect_stores_in_episodic" file="tests\test_memory.py" line="298" time="0.002" /><testcase classname="tests.test_memory.TestReflexionEngine" name="test_weight_update_on_continuity_issue" file="tests\test_memory.py" line="308" time="0.001" /><testcase classname="tests.test_memory.TestReflexionEngine" name="test_reflect_without_episodic" file="tests\test_memory.py" line="315" time="0.001" /><testcase classname="tests.test_memory.TestMemoryManager" name="test_assemble_orient" file="tests\test_memory.py" line="366" time="0.005" /><testcase classname="tests.test_memory.TestMemoryManager" name="test_assemble_plan" file="tests\test_memory.py" line="375" time="0.013" /><testcase classname="tests.test_memory.TestMemoryManager" name="test_assemble_draft" file="tests\test_memory.py" line="385" time="0.003" /><testcase classname="tests.test_memory.TestMemoryManager" name="test_assemble_evaluate" file="tests\test_memory.py" line="393" time="0.003" /><testcase classname="tests.test_memory.TestMemoryManager" name="test_store_scene_result" file="tests\test_memory.py" line="401" time="0.003" /><testcase classname="tests.test_memory.TestMemoryManager" name="test_run_promotion_gates" file="tests\test_memory.py" line="425" time="0.003" /><testcase classname="tests.test_memory.TestMemoryManager" name="test_run_reflexion" file="tests\test_memory.py" line="434" time="0.003" /><testcase classname="tests.test_memory.TestMemoryManager" name="test_evict_old_data" file="tests\test_memory.py" line="442" time="0.003" /><testcase classname="tests.test_memory.TestMemoryManager" name="test_close" file="tests\test_memory.py" line="449" time="0.003" /><testcase classname="tests.test_memory_scope_stage_2a" name="test_universe_is_private_false_when_no_grants" file="tests\test_memory_scope_stage_2a.py" line="39" time="0.053" /><testcase classname="tests.test_memory_scope_stage_2a" name="test_grant_then_private" file="tests\test_memory_scope_stage_2a.py" line="44" time="0.061" /><testcase classname="tests.test_memory_scope_stage_2a" name="test_grant_is_idempotent_and_updates_permission" file="tests\test_memory_scope_stage_2a.py" line="59" time="0.084" /><testcase classname="tests.test_memory_scope_stage_2a" name="test_grant_rejects_unknown_permission" file="tests\test_memory_scope_stage_2a.py" line="78" time="0.076" /><testcase classname="tests.test_memory_scope_stage_2a" name="test_revoke_removes_grant" file="tests\test_memory_scope_stage_2a.py" line="90" time="0.084" /><testcase classname="tests.test_memory_scope_stage_2a" name="test_universe_access_permission_semantics" file="tests\test_memory_scope_stage_2a.py" line="110" time="0.089" /><testcase classname="tests.test_memory_scope_stage_2a" name="test_list_universe_acl_ordered_by_granted_at" file="tests\test_memory_scope_stage_2a.py" line="135" time="0.060" /><testcase classname="tests.test_memory_scope_stage_2a" name="test_kg_schema_adds_scope_columns" file="tests\test_memory_scope_stage_2a.py" line="151" time="0.030" /><testcase classname="tests.test_memory_scope_stage_2a" name="test_kg_migration_is_idempotent" file="tests\test_memory_scope_stage_2a.py" line="168" time="0.048" /><testcase classname="tests.test_memory_scope_stage_2a" name="test_kg_migrate_scope_columns_backfills_universe_id" file="tests\test_memory_scope_stage_2a.py" line="182" time="0.031" /><testcase classname="tests.test_memory_scope_stage_2a" name="test_kg_migrate_requires_universe_id" file="tests\test_memory_scope_stage_2a.py" line="210" time="0.029" /><testcase classname="tests.test_memory_scope_stage_2a" name="test_kg_scope_index_exists" file="tests\test_memory_scope_stage_2a.py" line="218" time="0.030" /><testcase classname="tests.test_memory_scope_stage_2a" name="test_vector_store_seed_carries_scope_fields" file="tests\test_memory_scope_stage_2a.py" line="234" time="0.062" /><testcase classname="tests.test_memory_scope_stage_2a" name="test_vector_store_index_accepts_scope_fields" file="tests\test_memory_scope_stage_2a.py" line="245" time="0.042" /><testcase classname="tests.test_memory_scope_stage_2a" name="test_empty_manifest_returns_defaults" file="tests\test_memory_scope_stage_2a.py" line="272" time="0.001" /><testcase classname="tests.test_memory_scope_stage_2a" name="test_missing_file_returns_empty_manifest" file="tests\test_memory_scope_stage_2a.py" line="279" time="0.009" /><testcase classname="tests.test_memory_scope_stage_2a" name="test_manifest_default_and_per_node_entries" file="tests\test_memory_scope_stage_2a.py" line="284" time="0.001" /><testcase classname="tests.test_memory_scope_stage_2a" name="test_manifest_rejects_unknown_top_level_field" file="tests\test_memory_scope_stage_2a.py" line="323" time="0.001" /><testcase classname="tests.test_memory_scope_stage_2a" name="test_manifest_rejects_narrow_slice_without_spec" file="tests\test_memory_scope_stage_2a.py" line="328" time="0.001" /><testcase classname="tests.test_memory_scope_stage_2a" name="test_manifest_rejects_external_member_without_sources" file="tests\test_memory_scope_stage_2a.py" line="337" time="0.001" /><testcase classname="tests.test_memory_scope_stage_2a" name="test_manifest_rejects_unknown_external_kind" file="tests\test_memory_scope_stage_2a.py" line="347" time="0.001" /><testcase classname="tests.test_memory_scope_stage_2a" name="test_manifest_rejects_empty_slice_spec" file="tests\test_memory_scope_stage_2a.py" line="360" time="0.001" /><testcase classname="tests.test_memory_scope_stage_2a" name="test_manifest_rejects_invalid_yaml" file="tests\test_memory_scope_stage_2a.py" line="371" time="0.001" /><testcase classname="tests.test_memory_scope_stage_2a" name="test_manifest_roundtrip_from_file" file="tests\test_memory_scope_stage_2a.py" line="376" time="0.020" /><testcase classname="tests.test_memory_scope_stage_2b" name="test_kg_add_entity_without_scope_leaves_columns_null" file="tests\test_memory_scope_stage_2b.py" line="91" time="0.031" /><testcase classname="tests.test_memory_scope_stage_2b" name="test_kg_add_entity_with_scope_populates_columns" file="tests\test_memory_scope_stage_2b.py" line="105" time="0.029" /><testcase classname="tests.test_memory_scope_stage_2b" name="test_kg_add_entity_scope_with_none_tiers_writes_null" file="tests\test_memory_scope_stage_2b.py" line="124" time="0.030" /><testcase classname="tests.test_memory_scope_stage_2b" name="test_kg_add_edge_with_scope_populates_columns" file="tests\test_memory_scope_stage_2b.py" line="139" time="0.029" /><testcase classname="tests.test_memory_scope_stage_2b" name="test_kg_add_facts_with_scope_populates_columns" file="tests\test_memory_scope_stage_2b.py" line="153" time="0.030" /><testcase classname="tests.test_memory_scope_stage_2b" name="test_kg_add_entity_upsert_refreshes_scope" file="tests\test_memory_scope_stage_2b.py" line="166" time="0.030" /><testcase classname="tests.test_memory_scope_stage_2b" name="test_episodic_migration_non_destructive_on_legacy_rows" file="tests\test_memory_scope_stage_2b.py" line="255" time="0.033" /><testcase classname="tests.test_memory_scope_stage_2b" name="test_episodic_migration_is_idempotent" file="tests\test_memory_scope_stage_2b.py" line="341" time="0.023" /><testcase classname="tests.test_memory_scope_stage_2b" name="test_episodic_neutral_migration_dry_run_leaves_source_db_unchanged" file="tests\test_memory_scope_stage_2b.py" line="363" time="0.075" /><testcase classname="tests.test_memory_scope_stage_2b" name="test_episodic_neutral_migration_requires_operator_flag" file="tests\test_memory_scope_stage_2b.py" line="401" time="0.018" /><testcase classname="tests.test_memory_scope_stage_2b" name="test_episodic_neutral_migration_backup_and_rollback" file="tests\test_memory_scope_stage_2b.py" line="414" time="0.070" /><testcase classname="tests.test_memory_scope_stage_2b" name="test_episodic_no_bleed_check_flags_non_fantasy_coordinates" file="tests\test_memory_scope_stage_2b.py" line="479" time="0.025" /><testcase classname="tests.test_memory_scope_stage_2b" name="test_episodic_store_summary_with_scope" file="tests\test_memory_scope_stage_2b.py" line="501" time="0.030" /><testcase classname="tests.test_memory_scope_stage_2b" name="test_episodic_store_fact_with_scope_new_row" file="tests\test_memory_scope_stage_2b.py" line="523" time="0.026" /><testcase classname="tests.test_memory_scope_stage_2b" name="test_episodic_store_fact_increment_does_not_rewrite_scope" file="tests\test_memory_scope_stage_2b.py" line="538" time="0.022" /><testcase classname="tests.test_memory_scope_stage_2b" name="test_episodic_store_observation_with_scope" file="tests\test_memory_scope_stage_2b.py" line="559" time="0.021" /><testcase classname="tests.test_memory_scope_stage_2b" name="test_episodic_store_reflection_with_scope" file="tests\test_memory_scope_stage_2b.py" line="572" time="0.020" /><testcase classname="tests.test_memory_scope_stage_2b" name="test_episodic_store_without_scope_still_writes_null" file="tests\test_memory_scope_stage_2b.py" line="585" time="0.023" /><testcase classname="tests.test_memory_scope_stage_2b3.TestTieredScopeFlag" name="test_flag_default_off" file="tests\test_memory_scope_stage_2b3.py" line="45" time="0.001" /><testcase classname="tests.test_memory_scope_stage_2b3.TestTieredScopeFlag" name="test_flag_explicit_off" file="tests\test_memory_scope_stage_2b3.py" line="49" time="0.001" /><testcase classname="tests.test_memory_scope_stage_2b3.TestTieredScopeFlag" name="test_flag_on" file="tests\test_memory_scope_stage_2b3.py" line="53" time="0.001" /><testcase classname="tests.test_memory_scope_stage_2b3.TestTieredScopeFlag" name="test_flag_truthy_values[1]" file="tests\test_memory_scope_stage_2b3.py" line="57" time="0.001" /><testcase classname="tests.test_memory_scope_stage_2b3.TestTieredScopeFlag" name="test_flag_truthy_values[true]" file="tests\test_memory_scope_stage_2b3.py" line="57" time="0.001" /><testcase classname="tests.test_memory_scope_stage_2b3.TestTieredScopeFlag" name="test_flag_truthy_values[yes]" file="tests\test_memory_scope_stage_2b3.py" line="57" time="0.001" /><testcase classname="tests.test_memory_scope_stage_2b3.TestTieredScopeFlag" name="test_flag_truthy_values[TRUE]" file="tests\test_memory_scope_stage_2b3.py" line="57" time="0.001" /><testcase classname="tests.test_memory_scope_stage_2b3.TestTieredScopeFlag" name="test_flag_truthy_values[Yes]" file="tests\test_memory_scope_stage_2b3.py" line="57" time="0.001" /><testcase classname="tests.test_memory_scope_stage_2b3.TestTieredScopeFlag" name="test_flag_falsy_values[0]" file="tests\test_memory_scope_stage_2b3.py" line="62" time="0.001" /><testcase classname="tests.test_memory_scope_stage_2b3.TestTieredScopeFlag" name="test_flag_falsy_values[false]" file="tests\test_memory_scope_stage_2b3.py" line="62" time="0.001" /><testcase classname="tests.test_memory_scope_stage_2b3.TestTieredScopeFlag" name="test_flag_falsy_values[no]" file="tests\test_memory_scope_stage_2b3.py" line="62" time="0.001" /><testcase classname="tests.test_memory_scope_stage_2b3.TestTieredScopeFlag" name="test_flag_falsy_values[]" file="tests\test_memory_scope_stage_2b3.py" line="62" time="0.001" /><testcase classname="tests.test_memory_scope_stage_2b3.TestTieredScopeFlag" name="test_flag_falsy_values[maybe]" file="tests\test_memory_scope_stage_2b3.py" line="62" time="0.001" /><testcase classname="tests.test_memory_scope_stage_2b3.TestAssertScopeMatch" name="test_universe_mismatch_always_drops" file="tests\test_memory_scope_stage_2b3.py" line="75" time="0.001" /><testcase classname="tests.test_memory_scope_stage_2b3.TestAssertScopeMatch" name="test_universe_match_passes" file="tests\test_memory_scope_stage_2b3.py" line="81" time="0.000" /><testcase classname="tests.test_memory_scope_stage_2b3.TestAssertScopeMatch" name="test_missing_universe_passes" file="tests\test_memory_scope_stage_2b3.py" line="87" time="0.001" /><testcase classname="tests.test_memory_scope_stage_2b3.TestAssertScopeMatch" name="test_branch_mismatch_passes_with_flag_off" file="tests\test_memory_scope_stage_2b3.py" line="94" time="0.000" /><testcase classname="tests.test_memory_scope_stage_2b3.TestAssertScopeMatch" name="test_branch_mismatch_drops_with_flag_on" file="tests\test_memory_scope_stage_2b3.py" line="101" time="0.001" /><testcase classname="tests.test_memory_scope_stage_2b3.TestAssertScopeMatch" name="test_branch_match_passes_with_flag_on" file="tests\test_memory_scope_stage_2b3.py" line="107" time="0.001" /><testcase classname="tests.test_memory_scope_stage_2b3.TestAssertScopeMatch" name="test_null_subtier_row_passes_with_flag_on" file="tests\test_memory_scope_stage_2b3.py" line="113" time="0.000" /><testcase classname="tests.test_memory_scope_stage_2b3.TestAssertScopeMatch" name="test_empty_string_subtier_treated_as_null" file="tests\test_memory_scope_stage_2b3.py" line="120" time="0.001" /><testcase classname="tests.test_memory_scope_stage_2b3.TestAssertScopeMatch" name="test_unpinned_caller_ignores_row_subtier" file="tests\test_memory_scope_stage_2b3.py" line="127" time="0.001" /><testcase classname="tests.test_memory_scope_stage_2b3.TestAssertScopeMatch" name="test_goal_mismatch_drops_with_flag_on" file="tests\test_memory_scope_stage_2b3.py" line="134" time="0.001" /><testcase classname="tests.test_memory_scope_stage_2b3.TestAssertScopeMatch" name="test_user_mismatch_drops_with_flag_on" file="tests\test_memory_scope_stage_2b3.py" line="140" time="0.001" /><testcase classname="tests.test_memory_scope_stage_2b3.TestAssertScopeMatch" name="test_dataclass_row_with_attributes" file="tests\test_memory_scope_stage_2b3.py" line="146" time="0.001" /><testcase classname="tests.test_memory_scope_stage_2b3.TestAssertScopeMatch" name="test_row_universe_id_compat_alias" file="tests\test_memory_scope_stage_2b3.py" line="159" time="0.001" /><testcase classname="tests.test_memory_scope_stage_2b3.TestDropCrossUniverseRowsWithFlag" name="test_universe_mismatch_drops_regardless_of_flag" file="tests\test_memory_scope_stage_2b3.py" line="175" time="0.001" /><testcase classname="tests.test_memory_scope_stage_2b3.TestDropCrossUniverseRowsWithFlag" name="test_flag_off_preserves_2b2_behavior_on_subtiers" file="tests\test_memory_scope_stage_2b3.py" line="186" time="0.001" /><testcase classname="tests.test_memory_scope_stage_2b3.TestDropCrossUniverseRowsWithFlag" name="test_flag_on_drops_cross_branch" file="tests\test_memory_scope_stage_2b3.py" line="198" time="0.001" /><testcase classname="tests.test_memory_scope_stage_2b3.TestDropCrossUniverseRowsWithFlag" name="test_flag_on_drops_across_all_result_fields" file="tests\test_memory_scope_stage_2b3.py" line="211" time="0.001" /><testcase classname="tests.test_memory_scope_stage_2b3.TestPrivateUniverseACLFixture" name="test_public_universe_has_no_acl" file="tests\test_memory_scope_stage_2b3.py" line="243" time="0.066" /><testcase classname="tests.test_memory_scope_stage_2b3.TestPrivateUniverseACLFixture" name="test_public_universe_grants_default_read" file="tests\test_memory_scope_stage_2b3.py" line="248" time="0.058" /><testcase classname="tests.test_memory_scope_stage_2b3.TestPrivateUniverseACLFixture" name="test_grant_makes_universe_private" file="tests\test_memory_scope_stage_2b3.py" line="257" time="0.086" /><testcase classname="tests.test_memory_scope_stage_2b3.TestPrivateUniverseACLFixture" name="test_private_universe_denies_ungranted_actor" file="tests\test_memory_scope_stage_2b3.py" line="269" time="0.071" /><testcase classname="tests.test_memory_scope_stage_2b3.TestPrivateUniverseACLFixture" name="test_private_universe_allows_granted_actor" file="tests\test_memory_scope_stage_2b3.py" line="282" time="0.100" /><testcase classname="tests.test_memory_scope_stage_2b3.TestPrivateUniverseACLFixture" name="test_revoke_removes_permission" file="tests\test_memory_scope_stage_2b3.py" line="304" time="0.099" /><testcase classname="tests.test_memory_scope_stage_2b3.TestPrivateUniverseACLFixture" name="test_flag_off_does_not_affect_acl_check" file="tests\test_memory_scope_stage_2b3.py" line="328" time="0.095" /><testcase classname="tests.test_memory_scope_stage_2b3.TestPrivateUniverseACLFixture" name="test_empty_universe_id_is_never_private" file="tests\test_memory_scope_stage_2b3.py" line="345" time="0.084" /><testcase classname="tests.test_memory_scope_stage_2b3.TestPrivateUniverseACLFixture" name="test_empty_actor_gets_no_permission" file="tests\test_memory_scope_stage_2b3.py" line="348" time="0.073" /><testcase classname="tests.test_memory_scoping.TestSliceSpec" name="test_defaults_are_none" file="tests\test_memory_scoping.py" line="37" time="0.001" /><testcase classname="tests.test_memory_scoping.TestSliceSpec" name="test_carries_explicit_fields" file="tests\test_memory_scoping.py" line="43" time="0.001" /><testcase classname="tests.test_memory_scoping.TestExternalSource" name="test_kind_enum_members" file="tests\test_memory_scoping.py" line="55" time="0.001" /><testcase classname="tests.test_memory_scoping.TestExternalSource" name="test_identifier_is_opaque" file="tests\test_memory_scoping.py" line="61" time="0.001" /><testcase classname="tests.test_memory_scoping.TestNodeScope" name="test_default_is_universe_member_full_canon" file="tests\test_memory_scoping.py" line="67" time="0.001" /><testcase classname="tests.test_memory_scoping.TestNodeScope" name="test_narrow_slice_requires_slice_spec" file="tests\test_memory_scoping.py" line="74" time="0.001" /><testcase classname="tests.test_memory_scoping.TestNodeScope" name="test_narrow_slice_with_spec_ok" file="tests\test_memory_scoping.py" line="78" time="0.001" /><testcase classname="tests.test_memory_scoping.TestNodeScope" name="test_non_member_requires_external_sources" file="tests\test_memory_scoping.py" line="86" time="0.001" /><testcase classname="tests.test_memory_scoping.TestNodeScope" name="test_non_member_with_sources_ok" file="tests\test_memory_scoping.py" line="90" time="0.001" /><testcase classname="tests.test_memory_scoping.TestMemoryScope" name="test_universal_scope" file="tests\test_memory_scoping.py" line="105" time="0.001" /><testcase classname="tests.test_memory_scoping.TestMemoryScope" name="test_full_tier_construction" file="tests\test_memory_scoping.py" line="113" time="0.001" /><testcase classname="tests.test_memory_scoping.TestMemoryScope" name="test_compose_predicate_omits_none_tiers" file="tests\test_memory_scoping.py" line="126" time="0.001" /><testcase classname="tests.test_memory_scoping.TestMemoryScope" name="test_compose_predicate_all_tiers" file="tests\test_memory_scoping.py" line="131" time="0.001" /><testcase classname="tests.test_memory_scoping.TestMemoryScope" name="test_compose_predicate_never_includes_node_scope" file="tests\test_memory_scoping.py" line="146" time="0.001" /><testcase classname="tests.test_memory_scoping.TestMemoryScope" name="test_to_filter_dict_alias" file="tests\test_memory_scoping.py" line="153" time="0.001" /><testcase classname="tests.test_memory_scoping.TestMemoryScope" name="test_with_overrides_replaces_tier" file="tests\test_memory_scoping.py" line="157" time="0.000" /><testcase classname="tests.test_memory_scoping.TestMemoryScope" name="test_with_overrides_can_clear_tier" file="tests\test_memory_scoping.py" line="164" time="0.001" /><testcase classname="tests.test_memory_scoping.TestMemoryScope" name="test_with_overrides_rejects_universe_id" file="tests\test_memory_scoping.py" line="169" time="0.001" /><testcase classname="tests.test_memory_scoping.TestMemoryScope" name="test_is_frozen" file="tests\test_memory_scoping.py" line="174" time="0.001" /><testcase classname="tests.test_memory_scoping.TestScopedQuery" name="test_minimal_query" file="tests\test_memory_scoping.py" line="186" time="0.000" /><testcase classname="tests.test_memory_scoping.TestScopedQuery" name="test_full_query" file="tests\test_memory_scoping.py" line="193" time="0.000" /><testcase classname="tests.test_memory_scoping.TestScopeResolver" name="test_compose_read_predicate_matches_scope" file="tests\test_memory_scoping.py" line="216" time="0.001" /><testcase classname="tests.test_memory_scoping.TestScopeResolver" name="test_can_write_same_scope" file="tests\test_memory_scoping.py" line="221" time="0.000" /><testcase classname="tests.test_memory_scoping.TestScopeResolver" name="test_can_write_universe_only_caller_to_any_subscope" file="tests\test_memory_scoping.py" line="226" time="0.000" /><testcase classname="tests.test_memory_scoping.TestScopeResolver" name="test_pinned_branch_caller_cannot_write_other_branch" file="tests\test_memory_scoping.py" line="238" time="0.000" /><testcase classname="tests.test_memory_scoping.TestScopeResolver" name="test_pinned_branch_caller_cannot_write_null_branch" file="tests\test_memory_scoping.py" line="244" time="0.000" /><testcase classname="tests.test_memory_scoping.TestScopeResolver" name="test_cross_universe_write_denied" file="tests\test_memory_scoping.py" line="252" time="0.001" /><testcase classname="tests.test_memory_scoping.TestScopeResolver" name="test_pinned_goal_caller_writes_matching_goal" file="tests\test_memory_scoping.py" line="258" time="0.000" /><testcase classname="tests.test_memory_scoping.TestScopeResolver" name="test_pinned_user_caller_cannot_cross_user" file="tests\test_memory_scoping.py" line="266" time="0.000" /><testcase classname="tests.test_memory_scoping.TestScopeResolver" name="test_visible_branches_unpinned_caller" file="tests\test_memory_scoping.py" line="272" time="0.000" /><testcase classname="tests.test_memory_scoping.TestScopeResolver" name="test_visible_branches_pinned_caller" file="tests\test_memory_scoping.py" line="279" time="0.000" /><testcase classname="tests.test_memory_scoping.TestScopeResolver" name="test_visible_branches_pinned_caller_missing_branch" file="tests\test_memory_scoping.py" line="284" time="0.000" /><testcase classname="tests.test_memory_scoping.TestScopedMemoryRouter" name="test_router_initializes" file="tests\test_memory_scoping.py" line="296" time="0.001" /><testcase classname="tests.test_memory_scoping.TestScopedMemoryRouter" name="test_router_query_returns_list" file="tests\test_memory_scoping.py" line="301" time="0.001" /><testcase classname="tests.test_memory_scoping.TestScopedMemoryRouter" name="test_router_store_accepts_data_and_scope" file="tests\test_memory_scoping.py" line="308" time="0.001" /><testcase classname="tests.test_memory_scoping.TestMemoryTools" name="test_memory_search_returns_dict" file="tests\test_memory_scoping.py" line="322" time="0.001" /><testcase classname="tests.test_memory_scoping.TestMemoryTools" name="test_memory_search_with_scope" file="tests\test_memory_scoping.py" line="330" time="0.001" /><testcase classname="tests.test_memory_scoping.TestMemoryTools" name="test_memory_promote_validation" file="tests\test_memory_scoping.py" line="338" time="0.000" /><testcase classname="tests.test_memory_scoping.TestMemoryTools" name="test_memory_promote_valid_progression" file="tests\test_memory_scoping.py" line="348" time="0.001" /><testcase classname="tests.test_memory_scoping.TestMemoryTools" name="test_memory_forget_soft_delete" file="tests\test_memory_scoping.py" line="358" time="0.000" /><testcase classname="tests.test_memory_scoping.TestMemoryTools" name="test_memory_forget_hard_delete" file="tests\test_memory_scoping.py" line="367" time="0.000" /><testcase classname="tests.test_memory_scoping.TestMemoryTools" name="test_memory_consolidate_entity" file="tests\test_memory_scoping.py" line="376" time="0.000" /><testcase classname="tests.test_memory_scoping.TestMemoryTools" name="test_memory_assert_basic" file="tests\test_memory_scoping.py" line="384" time="0.000" /><testcase classname="tests.test_memory_scoping.TestMemoryTools" name="test_memory_conflicts_entity" file="tests\test_memory_scoping.py" line="395" time="0.000" /><testcase classname="tests.test_memory_scoping.TestMemoryTools" name="test_get_memory_tools_returns_list" file="tests\test_memory_scoping.py" line="404" time="0.001" /><testcase classname="tests.test_memory_scoping.TestMemoryTools" name="test_get_memory_tools_have_required_fields" file="tests\test_memory_scoping.py" line="409" time="0.000" /><testcase classname="tests.test_memory_scoping.TestMemoryTools" name="test_get_memory_tools_names" file="tests\test_memory_scoping.py" line="418" time="0.000" /><testcase classname="tests.test_merge_readiness" name="test_codex_written_ready_pr_needs_claude_checker_first" file="tests\test_merge_readiness.py" line="44" time="0.001" /><testcase classname="tests.test_merge_readiness" name="test_mixed_provenance_pr_routes_to_independent_checker_when_executor_ineligible" file="tests\test_merge_readiness.py" line="52" time="0.001" /><testcase classname="tests.test_merge_readiness" name="test_independent_checker_verdict_for_current_head_clears_ineligible_executor_block" file="tests\test_merge_readiness.py" line="78" time="0.001" /><testcase classname="tests.test_merge_readiness" name="test_independent_checker_verdict_for_stale_head_is_ignored" file="tests\test_merge_readiness.py" line="109" time="0.001" /><testcase classname="tests.test_merge_readiness" name="test_checker_approval_without_review_depth_does_not_clear_merge_gate" file="tests\test_merge_readiness.py" line="138" time="0.001" /><testcase classname="tests.test_merge_readiness" name="test_shape_only_checker_approval_does_not_clear_merge_gate" file="tests\test_merge_readiness.py" line="164" time="0.001" /><testcase classname="tests.test_merge_readiness" name="test_structured_checker_send_back_blocks_routing" file="tests\test_merge_readiness.py" line="191" time="0.001" /><testcase classname="tests.test_merge_readiness" name="test_structured_checker_approve_with_amendment_routes_to_operator_decomposition" file="tests\test_merge_readiness.py" line="217" time="0.001" /><testcase classname="tests.test_merge_readiness" name="test_consensus_send_back_advisory_blocks_checker_routing" file="tests\test_merge_readiness.py" line="250" time="0.001" /><testcase classname="tests.test_merge_readiness" name="test_precheck_block_comment_blocks_unlabeled_pr_before_label_repair" file="tests\test_merge_readiness.py" line="271" time="0.001" /><testcase classname="tests.test_merge_readiness" name="test_dirty_or_stale_branch_blocks_before_review" file="tests\test_merge_readiness.py" line="293" time="0.000" /><testcase classname="tests.test_merge_readiness" name="test_opposite_checker_plus_host_key_plus_green_checks_is_executor_ready" file="tests\test_merge_readiness.py" line="300" time="0.000" /><testcase classname="tests.test_merge_readiness" name="test_opposite_checker_without_host_key_needs_implication_summary" file="tests\test_merge_readiness.py" line="315" time="0.001" /><testcase classname="tests.test_merge_readiness" name="test_consensus_mirror_self_clearance_is_canary_only" file="tests\test_merge_readiness.py" line="324" time="0.000" /><testcase classname="tests.test_merge_readiness" name="test_same_family_checker_labels_are_routing_anomaly" file="tests\test_merge_readiness.py" line="345" time="0.001" /><testcase classname="tests.test_merge_readiness" name="test_partial_writer_checker_labels_are_routing_anomaly" file="tests\test_merge_readiness.py" line="356" time="0.000" /><testcase classname="tests.test_merge_readiness" name="test_classify_many_counts_states" file="tests\test_merge_readiness.py" line="367" time="0.001" /><testcase classname="tests.test_migrate_secrets_to_vault" name="test_parse_plaintext_basic" file="tests\test_migrate_secrets_to_vault.py" line="23" time="0.001" /><testcase classname="tests.test_migrate_secrets_to_vault" name="test_parse_plaintext_strips_quotes" file="tests\test_migrate_secrets_to_vault.py" line="40" time="0.000" /><testcase classname="tests.test_migrate_secrets_to_vault" name="test_parse_plaintext_preserves_mismatched_quotes" file="tests\test_migrate_secrets_to_vault.py" line="46" time="0.000" /><testcase classname="tests.test_migrate_secrets_to_vault" name="test_parse_plaintext_later_wins_on_duplicate" file="tests\test_migrate_secrets_to_vault.py" line="54" time="0.000" /><testcase classname="tests.test_migrate_secrets_to_vault" name="test_parse_plaintext_skips_malformed_lines" file="tests\test_migrate_secrets_to_vault.py" line="59" time="0.000" /><testcase classname="tests.test_migrate_secrets_to_vault" name="test_parse_plaintext_handles_empty_value" file="tests\test_migrate_secrets_to_vault.py" line="65" time="0.000" /><testcase classname="tests.test_migrate_secrets_to_vault" name="test_read_keys_happy" file="tests\test_migrate_secrets_to_vault.py" line="73" time="0.021" /><testcase classname="tests.test_migrate_secrets_to_vault" name="test_read_keys_missing_raises" file="tests\test_migrate_secrets_to_vault.py" line="80" time="0.008" /><testcase classname="tests.test_migrate_secrets_to_vault" name="test_canonical_keys_include_github_push_token" file="tests\test_migrate_secrets_to_vault.py" line="85" time="0.001" /><testcase classname="tests.test_migrate_secrets_to_vault" name="test_wiki_canary_token_is_cataloged_but_not_loaded_into_operator_shells" file="tests\test_migrate_secrets_to_vault.py" line="89" time="0.001" /><testcase classname="tests.test_migrate_secrets_to_vault" name="test_migrate_dry_run_does_not_invoke_vendor" file="tests\test_migrate_secrets_to_vault.py" line="119" time="0.001" /><testcase classname="tests.test_migrate_secrets_to_vault" name="test_migrate_missing_key_in_plaintext_is_failure" file="tests\test_migrate_secrets_to_vault.py" line="135" time="0.000" /><testcase classname="tests.test_migrate_secrets_to_vault" name="test_migrate_empty_value_is_failure" file="tests\test_migrate_secrets_to_vault.py" line="149" time="0.001" /><testcase classname="tests.test_migrate_secrets_to_vault" name="test_migrate_1password_create_vs_edit" file="tests\test_migrate_secrets_to_vault.py" line="161" time="0.001" /><testcase classname="tests.test_migrate_secrets_to_vault" name="test_migrate_1password_cli_failure_reports" file="tests\test_migrate_secrets_to_vault.py" line="183" time="0.000" /><testcase classname="tests.test_migrate_secrets_to_vault" name="test_migrate_bitwarden_calls_encode_then_edit_or_create" file="tests\test_migrate_secrets_to_vault.py" line="197" time="0.001" /><testcase classname="tests.test_migrate_secrets_to_vault" name="test_migrate_unsupported_vendor_fails_all" file="tests\test_migrate_secrets_to_vault.py" line="242" time="0.000" /><testcase classname="tests.test_migrate_secrets_to_vault" name="test_main_returns_2_when_plaintext_missing" file="tests\test_migrate_secrets_to_vault.py" line="266" time="0.008" /><testcase classname="tests.test_migrate_secrets_to_vault" name="test_main_returns_3_when_keys_config_missing" file="tests\test_migrate_secrets_to_vault.py" line="275" time="0.009" /><testcase classname="tests.test_migrate_secrets_to_vault" name="test_main_returns_4_when_op_cli_missing" file="tests\test_migrate_secrets_to_vault.py" line="287" time="0.019" /><testcase classname="tests.test_migrate_secrets_to_vault" name="test_main_returns_5_when_op_not_signed_in" file="tests\test_migrate_secrets_to_vault.py" line="298" time="0.010" /><testcase classname="tests.test_migrate_secrets_to_vault" name="test_main_returns_0_on_happy_dry_run" file="tests\test_migrate_secrets_to_vault.py" line="310" time="0.025" /><testcase classname="tests.test_migrate_secrets_to_vault" name="test_main_returns_6_when_any_key_missing_in_plaintext" file="tests\test_migrate_secrets_to_vault.py" line="320" time="0.025" /><testcase classname="tests.test_multi_tenant_isolation" name="test_concurrent_founders_each_get_own_universe" file="tests\test_multi_tenant_isolation.py" line="129" time="0.804" /><testcase classname="tests.test_multi_tenant_isolation" name="test_concurrent_status_reads_resolve_each_founder_to_own_home" file="tests\test_multi_tenant_isolation.py" line="186" time="0.982" /><testcase classname="tests.test_multi_tenant_isolation" name="test_cross_founder_write_denied_and_private_read_isolated" file="tests\test_multi_tenant_isolation.py" line="212" time="0.264" /><testcase classname="tests.test_multi_tenant_isolation" name="test_thread_reuse_does_not_leak_identity" file="tests\test_multi_tenant_isolation.py" line="246" time="0.841" /><testcase classname="tests.test_multi_tenant_isolation" name="test_cold_start_schema_race_no_preinit" file="tests\test_multi_tenant_isolation.py" line="268" time="0.772" /><testcase classname="tests.test_ner_extractor_filters" name="test_trim_single_leading_stopword" file="tests\test_ner_extractor_filters.py" line="26" time="0.001" /><testcase classname="tests.test_ner_extractor_filters" name="test_trim_multiple_leading_stopwords" file="tests\test_ner_extractor_filters.py" line="30" time="0.001" /><testcase classname="tests.test_ner_extractor_filters" name="test_trim_stops_at_first_non_stopword" file="tests\test_ner_extractor_filters.py" line="34" time="0.001" /><testcase classname="tests.test_ner_extractor_filters" name="test_trim_all_stopwords_returns_empty" file="tests\test_ner_extractor_filters.py" line="39" time="0.000" /><testcase classname="tests.test_ner_extractor_filters" name="test_trim_preserves_non_stopword_input" file="tests\test_ner_extractor_filters.py" line="43" time="0.000" /><testcase classname="tests.test_ner_extractor_filters" name="test_valid_single_word_name" file="tests\test_ner_extractor_filters.py" line="52" time="0.000" /><testcase classname="tests.test_ner_extractor_filters" name="test_valid_multi_word_name" file="tests\test_ner_extractor_filters.py" line="56" time="0.000" /><testcase classname="tests.test_ner_extractor_filters" name="test_reject_too_short" file="tests\test_ner_extractor_filters.py" line="60" time="0.000" /><testcase classname="tests.test_ner_extractor_filters" name="test_accept_three_char_name" file="tests\test_ner_extractor_filters.py" line="66" time="0.000" /><testcase classname="tests.test_ner_extractor_filters" name="test_reject_stopword_first_token" file="tests\test_ner_extractor_filters.py" line="72" time="0.001" /><testcase classname="tests.test_ner_extractor_filters" name="test_reject_empty_string" file="tests\test_ner_extractor_filters.py" line="79" time="0.001" /><testcase classname="tests.test_ner_extractor_filters" name="test_reject_short_token_in_sequence" file="tests\test_ner_extractor_filters.py" line="83" time="0.001" /><testcase classname="tests.test_ner_extractor_filters" name="test_reject_stopword_in_middle" file="tests\test_ner_extractor_filters.py" line="88" time="0.001" /><testcase classname="tests.test_ner_extractor_filters" name="test_reject_mission_26_garbage_fragments" file="tests\test_ner_extractor_filters.py" line="93" time="0.000" /><testcase classname="tests.test_ner_extractor_filters" name="test_stopword_set_includes_mission_26_additions" file="tests\test_ner_extractor_filters.py" line="101" time="0.001" /><testcase classname="tests.test_ner_extractor_filters" name="test_infer_prefers_pov_characters" file="tests\test_ner_extractor_filters.py" line="128" time="0.001" /><testcase classname="tests.test_ner_extractor_filters" name="test_infer_trims_leading_stopword_in_text" file="tests\test_ner_extractor_filters.py" line="133" time="0.001" /><testcase classname="tests.test_ner_extractor_filters" name="test_infer_rejects_all_stopword_phrases" file="tests\test_ner_extractor_filters.py" line="139" time="0.001" /><testcase classname="tests.test_ner_extractor_filters" name="test_infer_returns_none_when_no_plausible_name" file="tests\test_ner_extractor_filters.py" line="146" time="0.001" /><testcase classname="tests.test_ner_extractor_filters" name="test_upsert_rejects_if_kael_fragment" file="tests\test_ner_extractor_filters.py" line="203" time="0.001" /><testcase classname="tests.test_ner_extractor_filters" name="test_upsert_rejects_manual_oxygen_stasis" file="tests\test_ner_extractor_filters.py" line="216" time="0.001" /><testcase classname="tests.test_ner_extractor_filters" name="test_upsert_rejects_for_alone" file="tests\test_ner_extractor_filters.py" line="234" time="0.000" /><testcase classname="tests.test_ner_extractor_filters" name="test_upsert_rejects_garbage_pov_characters_field" file="tests\test_ner_extractor_filters.py" line="245" time="0.000" /><testcase classname="tests.test_ner_extractor_filters" name="test_upsert_preserves_legitimate_characters" file="tests\test_ner_extractor_filters.py" line="263" time="0.001" /><testcase classname="tests.test_node_bid" name="test_nodebid_dataclass_defaults" file="tests\test_node_bid.py" line="145" time="0.001" /><testcase classname="tests.test_node_bid" name="test_nodebid_to_and_from_dict_roundtrip" file="tests\test_node_bid.py" line="152" time="0.001" /><testcase classname="tests.test_node_bid" name="test_nodebid_from_dict_ignores_unknown_keys" file="tests\test_node_bid.py" line="162" time="0.001" /><testcase classname="tests.test_node_bid" name="test_write_and_read_node_bid" file="tests\test_node_bid.py" line="168" time="0.026" /><testcase classname="tests.test_node_bid" name="test_read_node_bids_empty_dir" file="tests\test_node_bid.py" line="180" time="0.012" /><testcase classname="tests.test_node_bid" name="test_read_node_bids_skips_malformed" file="tests\test_node_bid.py" line="186" time="0.034" /><testcase classname="tests.test_node_bid" name="test_validate_accepts_flat_primitives" file="tests\test_node_bid.py" line="199" time="0.001" /><testcase classname="tests.test_node_bid" name="test_validate_rejects_nested_dict" file="tests\test_node_bid.py" line="204" time="0.001" /><testcase classname="tests.test_node_bid" name="test_validate_rejects_underscore_prefix" file="tests\test_node_bid.py" line="209" time="0.001" /><testcase classname="tests.test_node_bid" name="test_validate_rejects_list_values" file="tests\test_node_bid.py" line="214" time="0.000" /><testcase classname="tests.test_node_bid" name="test_claim_node_bid_first_wins" file="tests\test_node_bid.py" line="224" time="0.023" /><testcase classname="tests.test_node_bid" name="test_claim_node_bid_records_identity_tuple" file="tests\test_node_bid.py" line="238" time="0.031" /><testcase classname="tests.test_node_bid" name="test_claim_missing_bid_returns_none" file="tests\test_node_bid.py" line="271" time="0.010" /><testcase classname="tests.test_node_bid" name="test_update_node_bid_status" file="tests\test_node_bid.py" line="275" time="0.027" /><testcase classname="tests.test_node_bid" name="test_producer_emits_open_bids" file="tests\test_node_bid.py" line="291" time="0.042" /><testcase classname="tests.test_node_bid" name="test_producer_skips_non_open_status" file="tests\test_node_bid.py" line="303" time="0.063" /><testcase classname="tests.test_node_bid" name="test_producer_filters_llm_type_mismatch" file="tests\test_node_bid.py" line="312" time="0.041" /><testcase classname="tests.test_node_bid" name="test_producer_empty_served_llm_accepts_all" file="tests\test_node_bid.py" line="325" time="0.014" /><testcase classname="tests.test_node_bid" name="test_producer_skips_invalid_inputs" file="tests\test_node_bid.py" line="333" time="0.030" /><testcase classname="tests.test_node_bid" name="test_producer_stamps_internal_input_keys" file="tests\test_node_bid.py" line="344" time="0.029" /><testcase classname="tests.test_node_bid" name="test_producer_mtime_cache" file="tests\test_node_bid.py" line="355" time="0.020" /><testcase classname="tests.test_node_bid" name="test_execute_succeeds_writes_artifact" file="tests\test_node_bid.py" line="369" time="0.018" /><testcase classname="tests.test_node_bid" name="test_execute_run_sees_top_level_helpers" file="tests\test_node_bid.py" line="390" time="0.010" /><testcase classname="tests.test_node_bid" name="test_execute_unknown_node_fails" file="tests\test_node_bid.py" line="415" time="0.009" /><testcase classname="tests.test_node_bid" name="test_execute_unapproved_node_fails" file="tests\test_node_bid.py" line="424" time="0.009" /><testcase classname="tests.test_node_bid" name="test_execute_dangerous_pattern_fails" file="tests\test_node_bid.py" line="438" time="0.008" /><testcase classname="tests.test_node_bid" name="test_execute_strips_internal_input_keys" file="tests\test_node_bid.py" line="451" time="0.010" /><testcase classname="tests.test_node_bid" name="test_execute_node_that_raises_fails" file="tests\test_node_bid.py" line="472" time="0.009" /><testcase classname="tests.test_node_bid" name="test_score_bid_zero_when_coefficient_zero" file="tests\test_node_bid.py" line="503" time="0.001" /><testcase classname="tests.test_node_bid" name="test_score_bid_scales_with_coefficient" file="tests\test_node_bid.py" line="512" time="0.001" /><testcase classname="tests.test_node_bid" name="test_bid_term_cap_enforced" file="tests\test_node_bid.py" line="523" time="0.001" /><testcase classname="tests.test_node_bid" name="test_host_request_beats_max_bid_paid" file="tests\test_node_bid.py" line="533" time="0.034" /><testcase classname="tests.test_node_bid" name="test_llm_type_filter_empty_served_passes_all" file="tests\test_node_bid.py" line="550" time="0.021" /><testcase classname="tests.test_node_bid" name="test_llm_type_filter_matching_passes" file="tests\test_node_bid.py" line="561" time="0.014" /><testcase classname="tests.test_node_bid" name="test_llm_type_filter_mismatch_skipped" file="tests\test_node_bid.py" line="572" time="0.012" /><testcase classname="tests.test_node_bid" name="test_submit_node_bid_flag_off_returns_not_available" file="tests\test_node_bid.py" line="603" time="0.009" /><testcase classname="tests.test_node_bid" name="test_submit_node_bid_valid_writes_yaml" file="tests\test_node_bid.py" line="621" time="0.021" /><testcase classname="tests.test_node_bid" name="test_submit_node_bid_response_has_git_push_hint" file="tests\test_node_bid.py" line="638" time="0.012" /><testcase classname="tests.test_node_bid" name="test_submit_node_bid_rejects_nested_inputs" file="tests\test_node_bid.py" line="650" time="0.010" /><testcase classname="tests.test_node_bid" name="test_submit_node_bid_rejects_negative_bid" file="tests\test_node_bid.py" line="662" time="0.011" /><testcase classname="tests.test_node_bid" name="test_flag_off_producer_not_registered" file="tests\test_node_bid.py" line="678" time="0.001" /><testcase classname="tests.test_node_bid" name="test_flag_on_producer_registered" file="tests\test_node_bid.py" line="687" time="0.001" /><testcase classname="tests.test_node_bid" name="test_dispatcher_paid_market_enabled_reads_env" file="tests\test_node_bid.py" line="696" time="0.001" /><testcase classname="tests.test_node_bid" name="test_load_dispatcher_config_flag_on_defaults_bid_coefficient" file="tests\test_node_bid.py" line="705" time="0.010" /><testcase classname="tests.test_node_bid" name="test_load_dispatcher_config_flag_off_bid_coefficient_stays_zero" file="tests\test_node_bid.py" line="716" time="0.010" /><testcase classname="tests.test_node_bid" name="test_load_dispatcher_config_yaml_override_wins" file="tests\test_node_bid.py" line="728" time="0.022" /><testcase classname="tests.test_node_bid" name="test_tier_status_map_live_when_accept" file="tests\test_node_bid.py" line="739" time="0.001" /><testcase classname="tests.test_node_bid" name="test_ledger_append_creates_file" file="tests\test_node_bid.py" line="751" time="0.029" /><testcase classname="tests.test_node_bid" name="test_ledger_append_accumulates" file="tests\test_node_bid.py" line="759" time="0.043" /><testcase classname="tests.test_node_bid" name="test_ledger_concurrent_appends_dont_lose_entries" file="tests\test_node_bid.py" line="767" time="9.176" /><testcase classname="tests.test_node_bid" name="test_new_node_bid_id_unique" file="tests\test_node_bid.py" line="788" time="0.001" /><testcase classname="tests.test_node_bid" name="test_bid_path_shape" file="tests\test_node_bid.py" line="794" time="0.008" /><testcase classname="tests.test_node_bid" name="test_settlement_emitted_on_succeeded_bid" file="tests\test_node_bid.py" line="807" time="0.017" /><testcase classname="tests.test_node_bid" name="test_settlement_records_identity_tuple_without_changing_amount" file="tests\test_node_bid.py" line="835" time="0.016" /><testcase classname="tests.test_node_bid" name="test_settlement_emitted_on_failed_bid" file="tests\test_node_bid.py" line="866" time="0.027" /><testcase classname="tests.test_node_bid" name="test_settlement_refuses_overwrite" file="tests\test_node_bid.py" line="882" time="0.010" /><testcase classname="tests.test_node_bid" name="test_settlement_schema_version_locked" file="tests\test_node_bid.py" line="902" time="0.001" /><testcase classname="tests.test_node_bid" name="test_settlement_rejects_invalid_outcome_status" file="tests\test_node_bid.py" line="907" time="0.008" /><testcase classname="tests.test_node_bid" name="test_settlement_path_daemon_id_sanitized" file="tests\test_node_bid.py" line="920" time="0.007" /><testcase classname="tests.test_node_bid" name="test_claim_local_only_renames_yaml" file="tests\test_node_bid.py" line="946" time="0.050" /><testcase classname="tests.test_node_bid" name="test_claim_revert_on_push_failure" file="tests\test_node_bid.py" line="963" time="0.032" /><testcase classname="tests.test_node_bid" name="test_claim_returns_none_when_already_claimed" file="tests\test_node_bid.py" line="1004" time="0.020" /><testcase classname="tests.test_node_bid" name="test_producer_rejects_unapproved_node" file="tests\test_node_bid.py" line="1024" time="0.022" /><testcase classname="tests.test_node_bid" name="test_producer_rejects_dangerous_source_pattern" file="tests\test_node_bid.py" line="1045" time="0.024" /><testcase classname="tests.test_node_bid" name="test_producer_accepts_approved_clean_node" file="tests\test_node_bid.py" line="1066" time="0.018" /><testcase classname="tests.test_node_bid" name="test_bid_dangerous_patterns_strict_superset_of_wrapper" file="tests\test_node_bid.py" line="1085" time="0.001" /><testcase classname="tests.test_node_bid" name="test_bid_dangerous_patterns_excludes_network_patterns" file="tests\test_node_bid.py" line="1099" time="0.001" /><testcase classname="tests.test_node_bid" name="test_race_bypass_rejected_when_remote_configured" file="tests\test_node_bid.py" line="1129" time="0.012" /><testcase classname="tests.test_node_bid" name="test_fallback_still_works_without_remote" file="tests\test_node_bid.py" line="1180" time="0.013" /><testcase classname="tests.test_node_bid" name="test_fallback_rejected_when_remote_and_yaml_missing" file="tests\test_node_bid.py" line="1231" time="0.013" /><testcase classname="tests.test_node_checkpoints.TestCheckpointValidation" name="test_no_checkpoints_validates_ok" file="tests\test_node_checkpoints.py" line="67" time="0.001" /><testcase classname="tests.test_node_checkpoints.TestCheckpointValidation" name="test_single_half_checkpoint_validates_ok" file="tests\test_node_checkpoints.py" line="72" time="0.001" /><testcase classname="tests.test_node_checkpoints.TestCheckpointValidation" name="test_two_half_checkpoints_validate_ok" file="tests\test_node_checkpoints.py" line="81" time="0.001" /><testcase classname="tests.test_node_checkpoints.TestCheckpointValidation" name="test_cumulative_over_1_rejected" file="tests\test_node_checkpoints.py" line="91" time="0.001" /><testcase classname="tests.test_node_checkpoints.TestCheckpointValidation" name="test_duplicate_checkpoint_id_rejected" file="tests\test_node_checkpoints.py" line="102" time="0.001" /><testcase classname="tests.test_node_checkpoints.TestCheckpointValidation" name="test_missing_checkpoint_id_rejected" file="tests\test_node_checkpoints.py" line="113" time="0.001" /><testcase classname="tests.test_node_checkpoints.TestCheckpointValidation" name="test_missing_earns_fraction_rejected" file="tests\test_node_checkpoints.py" line="122" time="0.001" /><testcase classname="tests.test_node_checkpoints.TestCheckpointValidation" name="test_missing_reached_when_rejected" file="tests\test_node_checkpoints.py" line="131" time="0.001" /><testcase classname="tests.test_node_checkpoints.TestCheckpointValidation" name="test_reached_when_missing_state_key_rejected" file="tests\test_node_checkpoints.py" line="140" time="0.001" /><testcase classname="tests.test_node_checkpoints.TestCheckpointValidation" name="test_three_part_checkpoints_034034040_sum_108_rejected" file="tests\test_node_checkpoints.py" line="150" time="0.001" /><testcase classname="tests.test_node_checkpoints.TestCheckpointFiring" name="test_no_checkpoints_no_checkpoint_events" file="tests\test_node_checkpoints.py" line="183" time="0.008" /><testcase classname="tests.test_node_checkpoints.TestCheckpointFiring" name="test_checkpoint_fires_when_key_present" file="tests\test_node_checkpoints.py" line="192" time="0.006" /><testcase classname="tests.test_node_checkpoints.TestCheckpointFiring" name="test_checkpoint_fires_on_default_key_presence" file="tests\test_node_checkpoints.py" line="208" time="0.003" /><testcase classname="tests.test_node_checkpoints.TestCheckpointFiring" name="test_checkpoint_fires_on_value_match" file="tests\test_node_checkpoints.py" line="221" time="0.003" /><testcase classname="tests.test_node_checkpoints.TestCheckpointFiring" name="test_checkpoint_does_not_fire_on_value_mismatch" file="tests\test_node_checkpoints.py" line="240" time="0.003" /><testcase classname="tests.test_node_checkpoints.TestCheckpointFiring" name="test_two_checkpoints_both_fire_on_completion" file="tests\test_node_checkpoints.py" line="259" time="0.003" /><testcase classname="tests.test_node_checkpoints.TestCheckpointFiring" name="test_fired_checkpoints_accumulated_in_state" file="tests\test_node_checkpoints.py" line="282" time="0.003" /><testcase classname="tests.test_node_checkpoints.TestCheckpointFiring" name="test_checkpoint_not_fired_when_key_absent" file="tests\test_node_checkpoints.py" line="294" time="0.003" /><testcase classname="tests.test_node_checkpoints.TestCheckpointFiring" name="test_checkpoint_earns_fraction_correct_in_event" file="tests\test_node_checkpoints.py" line="307" time="0.003" /><testcase classname="tests.test_node_checkpoints.TestCheckpointIdempotency" name="test_checkpoint_does_not_fire_twice_when_already_in_state" file="tests\test_node_checkpoints.py" line="328" time="0.003" /><testcase classname="tests.test_node_checkpoints.TestCheckpointHelper" name="test_checkpoint_helper_returns_marker_dict" file="tests\test_node_checkpoints.py" line="371" time="0.001" /><testcase classname="tests.test_node_checkpoints.TestCheckpointHelper" name="test_checkpoint_helper_accumulates_multiple_calls" file="tests\test_node_checkpoints.py" line="377" time="0.001" /><testcase classname="tests.test_node_checkpoints.TestCheckpointHelper" name="test_checkpoint_helper_does_not_duplicate" file="tests\test_node_checkpoints.py" line="383" time="0.001" /><testcase classname="tests.test_node_checkpoints.TestBackwardCompat" name="test_branch_without_checkpoints_compiles_and_runs" file="tests\test_node_checkpoints.py" line="397" time="0.008" /><testcase classname="tests.test_node_enqueue_concurrency" name="test_concurrent_enqueue_bounded_and_lock_safe" file="tests\test_node_enqueue_concurrency.py" line="223" time="7.176" /><testcase classname="tests.test_node_enqueue_concurrency" name="test_compiled_concurrent_distinct_origins_stop_at_global_cap" file="tests\test_node_enqueue_concurrency.py" line="271" time="7.144" /><testcase classname="tests.test_node_enqueue_concurrency" name="test_compiled_concurrent_shared_origin_stops_at_lineage_cap" file="tests\test_node_enqueue_concurrency.py" line="303" time="6.096" /><testcase classname="tests.test_node_enqueue_concurrency" name="test_spawn_processes_stop_exactly_at_global_cap" file="tests\test_node_enqueue_concurrency.py" line="335" time="8.662" /><testcase classname="tests.test_node_enqueue_concurrency" name="test_spawn_processes_stop_exactly_at_lineage_cap" file="tests\test_node_enqueue_concurrency.py" line="354" time="8.544" /><testcase classname="tests.test_node_enqueue_verb" name="test_enqueue_disabled_by_default" file="tests\test_node_enqueue_verb.py" line="176" time="0.007" /><testcase classname="tests.test_node_enqueue_verb" name="test_enqueue_happy_path_appends_at_depth_1" file="tests\test_node_enqueue_verb.py" line="185" time="0.005" /><testcase classname="tests.test_node_enqueue_verb" name="test_enqueue_carries_parent_depth_plus_one" file="tests\test_node_enqueue_verb.py" line="206" time="0.005" /><testcase classname="tests.test_node_enqueue_verb" name="test_enqueue_depth_cap_refuses" file="tests\test_node_enqueue_verb.py" line="217" time="0.006" /><testcase classname="tests.test_node_enqueue_verb" name="test_enqueue_per_run_budget_refuses_second" file="tests\test_node_enqueue_verb.py" line="230" time="0.006" /><testcase classname="tests.test_node_enqueue_verb" name="test_enqueue_budget_is_run_wide_across_parallel_source_nodes" file="tests\test_node_enqueue_verb.py" line="242" time="0.059" /><testcase classname="tests.test_node_enqueue_verb" name="test_enqueue_requires_tools_allowed" file="tests\test_node_enqueue_verb.py" line="262" time="0.005" /><testcase classname="tests.test_node_enqueue_verb" name="test_enqueue_requires_branch_def_id" file="tests\test_node_enqueue_verb.py" line="271" time="0.005" /><testcase classname="tests.test_node_enqueue_verb" name="test_enqueue_refuses_without_trusted_universe" file="tests\test_node_enqueue_verb.py" line="287" time="0.006" /><testcase classname="tests.test_node_enqueue_verb" name="test_enqueue_refuses_foreign_universe" file="tests\test_node_enqueue_verb.py" line="298" time="0.005" /><testcase classname="tests.test_node_enqueue_verb" name="test_enqueue_refuses_unknown_branch" file="tests\test_node_enqueue_verb.py" line="311" time="0.005" /><testcase classname="tests.test_node_enqueue_verb" name="test_enqueue_refuses_private_branch_non_owner" file="tests\test_node_enqueue_verb.py" line="326" time="0.005" /><testcase classname="tests.test_node_enqueue_verb" name="test_enqueue_refuses_private_branch_even_for_matching_process_actor" file="tests\test_node_enqueue_verb.py" line="338" time="0.005" /><testcase classname="tests.test_node_enqueue_verb" name="test_enqueue_stamps_parent_and_origin" file="tests\test_node_enqueue_verb.py" line="352" time="0.005" /><testcase classname="tests.test_node_enqueue_verb" name="test_execute_branch_derives_stable_root_origin_with_explicit_precedence[--run:run-123]" file="tests\test_node_enqueue_verb.py" line="366" time="0.008" /><testcase classname="tests.test_node_enqueue_verb" name="test_execute_branch_derives_stable_root_origin_with_explicit_precedence[parent-task--parent-task]" file="tests\test_node_enqueue_verb.py" line="366" time="0.008" /><testcase classname="tests.test_node_enqueue_verb" name="test_execute_branch_derives_stable_root_origin_with_explicit_precedence[parent-task-origin-task-origin-task]" file="tests\test_node_enqueue_verb.py" line="366" time="0.008" /><testcase classname="tests.test_node_enqueue_verb" name="test_enqueue_ignores_branch_authored_request_type" file="tests\test_node_enqueue_verb.py" line="401" time="0.005" /><testcase classname="tests.test_node_enqueue_verb" name="test_enqueue_surfaces_queue_cap_as_compiler_error" file="tests\test_node_enqueue_verb.py" line="419" time="0.006" /><testcase classname="tests.test_node_enqueue_verb" name="test_branch_task_lineage_fields_roundtrip" file="tests\test_node_enqueue_verb.py" line="435" time="0.001" /><testcase classname="tests.test_node_enqueue_verb" name="test_append_task_capped_allows_under_caps" file="tests\test_node_enqueue_verb.py" line="463" time="0.018" /><testcase classname="tests.test_node_enqueue_verb" name="test_append_task_capped_global_active_cap" file="tests\test_node_enqueue_verb.py" line="468" time="0.018" /><testcase classname="tests.test_node_enqueue_verb" name="test_append_task_capped_per_origin_lineage_cap" file="tests\test_node_enqueue_verb.py" line="476" time="0.037" /><testcase classname="tests.test_node_enqueue_verb" name="test_append_task_capped_counts_archived_lineage" file="tests\test_node_enqueue_verb.py" line="494" time="0.022" /><testcase classname="tests.test_node_enqueue_verb" name="test_append_task_capped_keeps_unrelated_archived_origins_admissible" file="tests\test_node_enqueue_verb.py" line="509" time="0.031" /><testcase classname="tests.test_node_enqueue_verb" name="test_append_task_capped_global_cap_ignores_terminal_and_archived_rows" file="tests\test_node_enqueue_verb.py" line="525" time="0.074" /><testcase classname="tests.test_node_enqueue_verb" name="test_append_task_capped_deduplicates_live_archive_task_id" file="tests\test_node_enqueue_verb.py" line="556" time="0.037" /><testcase classname="tests.test_node_enqueue_verb" name="test_append_task_capped_corrupt_archive_fails_without_mutation" file="tests\test_node_enqueue_verb.py" line="574" time="0.011" /><testcase classname="tests.test_node_enqueue_verb" name="test_append_task_capped_blank_live_queue_fails_without_mutation[]" file="tests\test_node_enqueue_verb.py" line="590" time="0.009" /><testcase classname="tests.test_node_enqueue_verb" name="test_append_task_capped_blank_live_queue_fails_without_mutation[ \n\t]" file="tests\test_node_enqueue_verb.py" line="590" time="0.011" /><testcase classname="tests.test_node_enqueue_verb" name="test_append_task_capped_blank_archive_fails_without_mutation[]" file="tests\test_node_enqueue_verb.py" line="610" time="0.011" /><testcase classname="tests.test_node_enqueue_verb" name="test_append_task_capped_blank_archive_fails_without_mutation[ \n\t]" file="tests\test_node_enqueue_verb.py" line="610" time="0.010" /><testcase classname="tests.test_node_eval" name="test_initialization_creates_db_and_parent_dirs" file="tests\test_node_eval.py" line="69" time="0.016" /><testcase classname="tests.test_node_eval" name="test_record_and_get_stats_roundtrip" file="tests\test_node_eval.py" line="78" time="0.029" /><testcase classname="tests.test_node_eval" name="test_get_stats_unknown_node_returns_empty" file="tests\test_node_eval.py" line="93" time="0.026" /><testcase classname="tests.test_node_eval" name="test_timeout_count_is_detected_from_error_text" file="tests\test_node_eval.py" line="103" time="0.036" /><testcase classname="tests.test_node_eval" name="test_auto_promotion_fires_after_trial_hits_thresholds" file="tests\test_node_eval.py" line="120" time="0.083" /><testcase classname="tests.test_node_eval" name="test_pending_does_not_auto_promote" file="tests\test_node_eval.py" line="133" time="0.072" /><testcase classname="tests.test_node_eval" name="test_promotion_blocked_by_low_eval_score" file="tests\test_node_eval.py" line="143" time="0.079" /><testcase classname="tests.test_node_eval" name="test_auto_flag_fires_on_low_success_rate" file="tests\test_node_eval.py" line="164" time="0.059" /><testcase classname="tests.test_node_eval" name="test_auto_flag_fires_on_consecutive_failures" file="tests\test_node_eval.py" line="176" time="0.143" /><testcase classname="tests.test_node_eval" name="test_promoted_can_be_flagged_on_degradation" file="tests\test_node_eval.py" line="197" time="0.061" /><testcase classname="tests.test_node_eval" name="test_host_override_disable_sticks" file="tests\test_node_eval.py" line="216" time="0.096" /><testcase classname="tests.test_node_eval" name="test_manual_promotion_allowed" file="tests\test_node_eval.py" line="230" time="0.032" /><testcase classname="tests.test_node_eval" name="test_leaderboard_ranks_by_success_rate_then_total" file="tests\test_node_eval.py" line="243" time="0.152" /><testcase classname="tests.test_node_eval" name="test_get_promoted_nodes_lists_only_promoted" file="tests\test_node_eval.py" line="264" time="0.032" /><testcase classname="tests.test_node_eval" name="test_get_flagged_returns_structured_with_reason" file="tests\test_node_eval.py" line="275" time="0.025" /><testcase classname="tests.test_node_eval" name="test_execution_history_ordered_newest_first_with_limit" file="tests\test_node_eval.py" line="285" time="0.046" /><testcase classname="tests.test_node_eval" name="test_promotion_eligible_flag_set_on_trial_hitting_thresholds" file="tests\test_node_eval.py" line="303" time="0.071" /><testcase classname="tests.test_node_eval" name="test_flag_eligible_flag_set_on_low_success_rate" file="tests\test_node_eval.py" line="317" time="0.047" /><testcase classname="tests.test_node_eval" name="test_node_stats_to_dict_rounds_and_serializes" file="tests\test_node_eval.py" line="336" time="0.001" /><testcase classname="tests.test_node_eval" name="test_execution_record_to_dict_preserves_all_fields" file="tests\test_node_eval.py" line="356" time="0.001" /><testcase classname="tests.test_node_reasoning_effort" name="test_modelconfig_carries_reasoning_effort" file="tests\test_node_reasoning_effort.py" line="21" time="0.001" /><testcase classname="tests.test_node_reasoning_effort" name="test_codex_effort_flag_mapping[low-expected0]" file="tests\test_node_reasoning_effort.py" line="26" time="0.001" /><testcase classname="tests.test_node_reasoning_effort" name="test_codex_effort_flag_mapping[MINIMAL-expected1]" file="tests\test_node_reasoning_effort.py" line="26" time="0.001" /><testcase classname="tests.test_node_reasoning_effort" name="test_codex_effort_flag_mapping[high-expected2]" file="tests\test_node_reasoning_effort.py" line="26" time="0.001" /><testcase classname="tests.test_node_reasoning_effort" name="test_codex_effort_flag_mapping[-expected3]" file="tests\test_node_reasoning_effort.py" line="26" time="0.001" /><testcase classname="tests.test_node_reasoning_effort" name="test_codex_effort_flag_mapping[None-expected4]" file="tests\test_node_reasoning_effort.py" line="26" time="0.001" /><testcase classname="tests.test_node_reasoning_effort" name="test_codex_effort_flag_mapping[bogus-expected5]" file="tests\test_node_reasoning_effort.py" line="26" time="0.001" /><testcase classname="tests.test_node_reasoning_effort" name="test_node_definition_round_trips_effort" file="tests\test_node_reasoning_effort.py" line="38" time="0.001" /><testcase classname="tests.test_node_reasoning_effort" name="test_compiled_node_threads_effort_into_provider_call" file="tests\test_node_reasoning_effort.py" line="45" time="0.001" /><testcase classname="tests.test_node_reasoning_effort" name="test_subsecond_node_timeout_floors_provider_timeout_to_one" file="tests\test_node_reasoning_effort.py" line="77" time="0.001" /><testcase classname="tests.test_node_reasoning_effort" name="test_policy_path_skips_config_for_legacy_4arg_router" file="tests\test_node_reasoning_effort.py" line="98" time="0.001" /><testcase classname="tests.test_node_reasoning_effort" name="test_update_node_sets_and_validates_reasoning_effort" file="tests\test_node_reasoning_effort.py" line="141" time="0.120"><failure message="KeyError: 'branch_def_id'">server_env = &lt;module 'tinyassets.universe_server' from 'C:\\Users\\Jonathan\\Projects\\wf-required-test-gate\\tinyassets\\universe_server.py'&gt;

    def test_update_node_sets_and_validates_reasoning_effort(server_env):
        us = server_env
        built = json.loads(us.extensions(action="build_branch", spec_json=json.dumps(_basic_spec())))
&gt;       bid = built["branch_def_id"]
              ^^^^^^^^^^^^^^^^^^^^^^
E       KeyError: 'branch_def_id'

tests\test_node_reasoning_effort.py:145: KeyError</failure></testcase><testcase classname="tests.test_node_ref_reuse.TestHollowNodeShadowRefused" name="test_add_node_with_colliding_node_id_errors" file="tests\test_node_ref_reuse.py" line="87" time="0.167"><failure message="KeyError: 'status'">self = &lt;tests.test_node_ref_reuse.TestHollowNodeShadowRefused object at 0x0000018D871D1090&gt;
ext_env = (&lt;module 'tinyassets.universe_server' from 'C:\\Users\\Jonathan\\Projects\\wf-required-test-gate\\tinyassets\\universe...dowsPath('C:/Users/Jonathan/AppData/Local/Temp/pytest-of-Jonathan/pytest-7404/test_add_node_with_colliding_n0/output'))

    def test_add_node_with_colliding_node_id_errors(self, ext_env):
        us, _ = ext_env
        _register_standalone(us, "rigor_checker", "Rigor Checker")
&gt;       bid = _build_empty_branch(us)
              ^^^^^^^^^^^^^^^^^^^^^^^

tests\test_node_ref_reuse.py:91: 
_ _ _ _ _ _ _ _ _ _ _ _ _ _ _ _ _ _ _ _ _ _ _ _ _ _ _ _ _ _ _ _ _ _ _ _ _ _ _ _

us = &lt;module 'tinyassets.universe_server' from 'C:\\Users\\Jonathan\\Projects\\wf-required-test-gate\\tinyassets\\universe_server.py'&gt;
name = 'b'

    def _build_empty_branch(us, name: str = "b") -&gt; str:
        spec = {
            "name": name,
            "entry_point": "seed",
            "node_defs": [{
                "node_id": "seed",
                "display_name": "Seed",
                "prompt_template": "start: {x}",
            }],
            "edges": [
                {"from": "START", "to": "seed"},
                {"from": "seed", "to": "END"},
            ],
            "state_schema": [{"name": "x", "type": "str"}],
        }
        result = _call(us, "extensions", "build_branch",
                       spec_json=json.dumps(spec))
&gt;       assert result["status"] == "built", result
               ^^^^^^^^^^^^^^^^
E       KeyError: 'status'

tests\test_node_ref_reuse.py:76: KeyError</failure></testcase><testcase classname="tests.test_node_ref_reuse.TestHollowNodeShadowRefused" name="test_build_branch_with_colliding_node_id_errors" file="tests\test_node_ref_reuse.py" line="103" time="0.201"><failure message="KeyError: 'status'">self = &lt;tests.test_node_ref_reuse.TestHollowNodeShadowRefused object at 0x0000018D871D1310&gt;
ext_env = (&lt;module 'tinyassets.universe_server' from 'C:\\Users\\Jonathan\\Projects\\wf-required-test-gate\\tinyassets\\universe...dowsPath('C:/Users/Jonathan/AppData/Local/Temp/pytest-of-Jonathan/pytest-7404/test_build_branch_with_collidi0/output'))

    def test_build_branch_with_colliding_node_id_errors(self, ext_env):
        us, _ = ext_env
        _register_standalone(us, "rigor_checker", "Rigor Checker")
        spec = {
            "name": "shadow-attempt",
            "entry_point": "rigor_checker",
            "node_defs": [{
                "node_id": "rigor_checker",
                "display_name": "Silent Clone",
                "prompt_template": "x",
            }],
            "edges": [
                {"from": "START", "to": "rigor_checker"},
                {"from": "rigor_checker", "to": "END"},
            ],
            "state_schema": [{"name": "y", "type": "str"}],
        }
        result = _call(us, "extensions", "build_branch",
                       spec_json=json.dumps(spec))
&gt;       assert result["status"] == "rejected"
               ^^^^^^^^^^^^^^^^
E       KeyError: 'status'

tests\test_node_ref_reuse.py:123: KeyError</failure></testcase><testcase classname="tests.test_node_ref_reuse.TestHollowNodeShadowRefused" name="test_patch_branch_add_node_colliding_id_errors" file="tests\test_node_ref_reuse.py" line="127" time="0.152"><failure message="KeyError: 'status'">self = &lt;tests.test_node_ref_reuse.TestHollowNodeShadowRefused object at 0x0000018D876390F0&gt;
ext_env = (&lt;module 'tinyassets.universe_server' from 'C:\\Users\\Jonathan\\Projects\\wf-required-test-gate\\tinyassets\\universe...dowsPath('C:/Users/Jonathan/AppData/Local/Temp/pytest-of-Jonathan/pytest-7404/test_patch_branch_add_node_col0/output'))

    def test_patch_branch_add_node_colliding_id_errors(self, ext_env):
        us, _ = ext_env
        _register_standalone(us, "rigor_checker", "Rigor Checker")
&gt;       bid = _build_empty_branch(us)
              ^^^^^^^^^^^^^^^^^^^^^^^

tests\test_node_ref_reuse.py:131: 
_ _ _ _ _ _ _ _ _ _ _ _ _ _ _ _ _ _ _ _ _ _ _ _ _ _ _ _ _ _ _ _ _ _ _ _ _ _ _ _

us = &lt;module 'tinyassets.universe_server' from 'C:\\Users\\Jonathan\\Projects\\wf-required-test-gate\\tinyassets\\universe_server.py'&gt;
name = 'b'

    def _build_empty_branch(us, name: str = "b") -&gt; str:
        spec = {
            "name": name,
            "entry_point": "seed",
            "node_defs": [{
                "node_id": "seed",
                "display_name": "Seed",
                "prompt_template": "start: {x}",
            }],
            "edges": [
                {"from": "START", "to": "seed"},
                {"from": "seed", "to": "END"},
            ],
            "state_schema": [{"name": "x", "type": "str"}],
        }
        result = _call(us, "extensions", "build_branch",
                       spec_json=json.dumps(spec))
&gt;       assert result["status"] == "built", result
               ^^^^^^^^^^^^^^^^
E       KeyError: 'status'

tests\test_node_ref_reuse.py:76: KeyError</failure></testcase><testcase classname="tests.test_node_ref_reuse.TestExplicitNodeRefCopiesCanonicalBody" name="test_add_node_with_node_ref_copies_standalone_body" file="tests\test_node_ref_reuse.py" line="152" time="0.159"><failure message="KeyError: 'status'">self = &lt;tests.test_node_ref_reuse.TestExplicitNodeRefCopiesCanonicalBody object at 0x0000018D871D1450&gt;
ext_env = (&lt;module 'tinyassets.universe_server' from 'C:\\Users\\Jonathan\\Projects\\wf-required-test-gate\\tinyassets\\universe...dowsPath('C:/Users/Jonathan/AppData/Local/Temp/pytest-of-Jonathan/pytest-7404/test_add_node_with_node_ref_co0/output'))

    def test_add_node_with_node_ref_copies_standalone_body(self, ext_env):
        us, base = ext_env
        _register_standalone(
            us, "rigor_checker", "Rigor Checker",
            source="def audit(state): state['audited']=True; return state\n",
        )
&gt;       bid = _build_empty_branch(us)
              ^^^^^^^^^^^^^^^^^^^^^^^

tests\test_node_ref_reuse.py:159: 
_ _ _ _ _ _ _ _ _ _ _ _ _ _ _ _ _ _ _ _ _ _ _ _ _ _ _ _ _ _ _ _ _ _ _ _ _ _ _ _

us = &lt;module 'tinyassets.universe_server' from 'C:\\Users\\Jonathan\\Projects\\wf-required-test-gate\\tinyassets\\universe_server.py'&gt;
name = 'b'

    def _build_empty_branch(us, name: str = "b") -&gt; str:
        spec = {
            "name": name,
            "entry_point": "seed",
            "node_defs": [{
                "node_id": "seed",
                "display_name": "Seed",
                "prompt_template": "start: {x}",
            }],
            "edges": [
                {"from": "START", "to": "seed"},
                {"from": "seed", "to": "END"},
            ],
            "state_schema": [{"name": "x", "type": "str"}],
        }
        result = _call(us, "extensions", "build_branch",
                       spec_json=json.dumps(spec))
&gt;       assert result["status"] == "built", result
               ^^^^^^^^^^^^^^^^
E       KeyError: 'status'

tests\test_node_ref_reuse.py:76: KeyError</failure></testcase><testcase classname="tests.test_node_ref_reuse.TestExplicitNodeRefCopiesCanonicalBody" name="test_intent_copy_permits_shadow_without_ref" file="tests\test_node_ref_reuse.py" line="181" time="0.189"><failure message="KeyError: 'status'">self = &lt;tests.test_node_ref_reuse.TestExplicitNodeRefCopiesCanonicalBody object at 0x0000018D871D1590&gt;
ext_env = (&lt;module 'tinyassets.universe_server' from 'C:\\Users\\Jonathan\\Projects\\wf-required-test-gate\\tinyassets\\universe...dowsPath('C:/Users/Jonathan/AppData/Local/Temp/pytest-of-Jonathan/pytest-7404/test_intent_copy_permits_shado0/output'))

    def test_intent_copy_permits_shadow_without_ref(self, ext_env):
        """intent='copy' + inline fields is the non-lookup escape hatch
        (caller knows what they're doing). The caller's inline fields
        win — we do NOT silently replace them with standalone body.
        """
        us, base = ext_env
        _register_standalone(us, "rigor_checker", "Rigor Checker")
&gt;       bid = _build_empty_branch(us)
              ^^^^^^^^^^^^^^^^^^^^^^^

tests\test_node_ref_reuse.py:189: 
_ _ _ _ _ _ _ _ _ _ _ _ _ _ _ _ _ _ _ _ _ _ _ _ _ _ _ _ _ _ _ _ _ _ _ _ _ _ _ _

us = &lt;module 'tinyassets.universe_server' from 'C:\\Users\\Jonathan\\Projects\\wf-required-test-gate\\tinyassets\\universe_server.py'&gt;
name = 'b'

    def _build_empty_branch(us, name: str = "b") -&gt; str:
        spec = {
            "name": name,
            "entry_point": "seed",
            "node_defs": [{
                "node_id": "seed",
                "display_name": "Seed",
                "prompt_template": "start: {x}",
            }],
            "edges": [
                {"from": "START", "to": "seed"},
                {"from": "seed", "to": "END"},
            ],
            "state_schema": [{"name": "x", "type": "str"}],
        }
        result = _call(us, "extensions", "build_branch",
                       spec_json=json.dumps(spec))
&gt;       assert result["status"] == "built", result
               ^^^^^^^^^^^^^^^^
E       KeyError: 'status'

tests\test_node_ref_reuse.py:76: KeyError</failure></testcase><testcase classname="tests.test_node_ref_reuse.TestExplicitNodeRefCopiesCanonicalBody" name="test_build_branch_node_ref_copies_from_other_branch" file="tests\test_node_ref_reuse.py" line="207" time="0.152"><failure message="KeyError: 'status'">self = &lt;tests.test_node_ref_reuse.TestExplicitNodeRefCopiesCanonicalBody object at 0x0000018D87639E00&gt;
ext_env = (&lt;module 'tinyassets.universe_server' from 'C:\\Users\\Jonathan\\Projects\\wf-required-test-gate\\tinyassets\\universe...dowsPath('C:/Users/Jonathan/AppData/Local/Temp/pytest-of-Jonathan/pytest-7404/test_build_branch_node_ref_cop0/output'))

    def test_build_branch_node_ref_copies_from_other_branch(self, ext_env):
        us, base = ext_env
        # Seed source branch with a custom node.
        source_spec = {
            "name": "source-branch",
            "entry_point": "shared_audit",
            "node_defs": [{
                "node_id": "shared_audit",
                "display_name": "Shared Audit",
                "prompt_template": "audit: {x}",
                "description": "canonical audit node",
            }],
            "edges": [
                {"from": "START", "to": "shared_audit"},
                {"from": "shared_audit", "to": "END"},
            ],
            "state_schema": [{"name": "x", "type": "str"}],
        }
        source = _call(us, "extensions", "build_branch",
                       spec_json=json.dumps(source_spec))
&gt;       assert source["status"] == "built"
               ^^^^^^^^^^^^^^^^
E       KeyError: 'status'

tests\test_node_ref_reuse.py:228: KeyError</failure></testcase><testcase classname="tests.test_node_ref_reuse.TestExplicitNodeRefCopiesCanonicalBody" name="test_build_branch_node_ref_preserves_standalone_approval" file="tests\test_node_ref_reuse.py" line="260" time="0.169"><failure message="KeyError: 'status'">self = &lt;tests.test_node_ref_reuse.TestExplicitNodeRefCopiesCanonicalBody object at 0x0000018D87639F30&gt;
ext_env = (&lt;module 'tinyassets.universe_server' from 'C:\\Users\\Jonathan\\Projects\\wf-required-test-gate\\tinyassets\\universe...dowsPath('C:/Users/Jonathan/AppData/Local/Temp/pytest-of-Jonathan/pytest-7404/test_build_branch_node_ref_pre0/output'))
monkeypatch = &lt;_pytest.monkeypatch.MonkeyPatch object at 0x0000018DAE63A970&gt;

    def test_build_branch_node_ref_preserves_standalone_approval(
        self, ext_env, monkeypatch,
    ):
        us, base = ext_env
        _register_standalone(
            us, "approved_recipe", "Approved Recipe",
            source="def run(state): return {'manifest': 'ok'}\n",
        )
        monkeypatch.setenv("UNIVERSE_SERVER_USER", "host-operator")
        try:
            approved = _call(
                us, "extensions", "approve", node_id="approved_recipe",
            )
        finally:
            monkeypatch.setenv("UNIVERSE_SERVER_USER", "tester")
        assert approved["approved"] is True
    
        spec = {
            "name": "approved-node-ref",
            "entry_point": "approved_recipe",
            "node_defs": [{
                "node_id": "approved_recipe",
                "display_name": "",
                "node_ref": {
                    "source": "standalone",
                    "node_id": "approved_recipe",
                },
            }],
            "edges": [
                {"from": "START", "to": "approved_recipe"},
                {"from": "approved_recipe", "to": "END"},
            ],
            "state_schema": [
                {"name": "manifest", "type": "str"},
                {"name": "state", "type": "dict"},
            ],
        }
        built = _call(us, "extensions", "build_branch",
                      spec_json=json.dumps(spec))
&gt;       assert built["status"] == "built", built
               ^^^^^^^^^^^^^^^
E       KeyError: 'status'

tests\test_node_ref_reuse.py:300: KeyError</failure></testcase><testcase classname="tests.test_node_ref_reuse.TestExplicitNodeRefCopiesCanonicalBody" name="test_build_branch_raw_approved_field_cannot_bypass_approval" file="tests\test_node_ref_reuse.py" line="309" time="0.128"><failure message="KeyError: 'status'">self = &lt;tests.test_node_ref_reuse.TestExplicitNodeRefCopiesCanonicalBody object at 0x0000018D8717CCB0&gt;
ext_env = (&lt;module 'tinyassets.universe_server' from 'C:\\Users\\Jonathan\\Projects\\wf-required-test-gate\\tinyassets\\universe...dowsPath('C:/Users/Jonathan/AppData/Local/Temp/pytest-of-Jonathan/pytest-7404/test_build_branch_raw_approved0/output'))

    def test_build_branch_raw_approved_field_cannot_bypass_approval(self, ext_env):
        us, base = ext_env
        spec = {
            "name": "approval-bypass-attempt",
            "entry_point": "unsafe_recipe",
            "node_defs": [{
                "node_id": "unsafe_recipe",
                "display_name": "Unsafe Recipe",
                "source_code": "def run(state): return {'manifest': 'ok'}\n",
                "approved": True,
            }],
            "edges": [
                {"from": "START", "to": "unsafe_recipe"},
                {"from": "unsafe_recipe", "to": "END"},
            ],
            "state_schema": [{"name": "manifest", "type": "str"}],
        }
        built = _call(us, "extensions", "build_branch",
                      spec_json=json.dumps(spec))
&gt;       assert built["status"] == "built", built
               ^^^^^^^^^^^^^^^
E       KeyError: 'status'

tests\test_node_ref_reuse.py:329: KeyError</failure></testcase><testcase classname="tests.test_node_ref_reuse.TestExplicitNodeRefCopiesCanonicalBody" name="test_node_ref_to_unknown_source_errors" file="tests\test_node_ref_reuse.py" line="338" time="0.121"><failure message="KeyError: 'status'">self = &lt;tests.test_node_ref_reuse.TestExplicitNodeRefCopiesCanonicalBody object at 0x0000018D876AD8C0&gt;
ext_env = (&lt;module 'tinyassets.universe_server' from 'C:\\Users\\Jonathan\\Projects\\wf-required-test-gate\\tinyassets\\universe...dowsPath('C:/Users/Jonathan/AppData/Local/Temp/pytest-of-Jonathan/pytest-7404/test_node_ref_to_unknown_sourc0/output'))

    def test_node_ref_to_unknown_source_errors(self, ext_env):
        us, _ = ext_env
&gt;       bid = _build_empty_branch(us)
              ^^^^^^^^^^^^^^^^^^^^^^^

tests\test_node_ref_reuse.py:341: 
_ _ _ _ _ _ _ _ _ _ _ _ _ _ _ _ _ _ _ _ _ _ _ _ _ _ _ _ _ _ _ _ _ _ _ _ _ _ _ _

us = &lt;module 'tinyassets.universe_server' from 'C:\\Users\\Jonathan\\Projects\\wf-required-test-gate\\tinyassets\\universe_server.py'&gt;
name = 'b'

    def _build_empty_branch(us, name: str = "b") -&gt; str:
        spec = {
            "name": name,
            "entry_point": "seed",
            "node_defs": [{
                "node_id": "seed",
                "display_name": "Seed",
                "prompt_template": "start: {x}",
            }],
            "edges": [
                {"from": "START", "to": "seed"},
                {"from": "seed", "to": "END"},
            ],
            "state_schema": [{"name": "x", "type": "str"}],
        }
        result = _call(us, "extensions", "build_branch",
                       spec_json=json.dumps(spec))
&gt;       assert result["status"] == "built", result
               ^^^^^^^^^^^^^^^^
E       KeyError: 'status'

tests\test_node_ref_reuse.py:76: KeyError</failure></testcase><testcase classname="tests.test_node_ref_reuse.TestExplicitNodeRefCopiesCanonicalBody" name="test_node_ref_to_unknown_standalone_errors" file="tests\test_node_ref_reuse.py" line="353" time="0.124"><failure message="KeyError: 'status'">self = &lt;tests.test_node_ref_reuse.TestExplicitNodeRefCopiesCanonicalBody object at 0x0000018D876AD9D0&gt;
ext_env = (&lt;module 'tinyassets.universe_server' from 'C:\\Users\\Jonathan\\Projects\\wf-required-test-gate\\tinyassets\\universe...dowsPath('C:/Users/Jonathan/AppData/Local/Temp/pytest-of-Jonathan/pytest-7404/test_node_ref_to_unknown_stand0/output'))

    def test_node_ref_to_unknown_standalone_errors(self, ext_env):
        us, _ = ext_env
&gt;       bid = _build_empty_branch(us)
              ^^^^^^^^^^^^^^^^^^^^^^^

tests\test_node_ref_reuse.py:356: 
_ _ _ _ _ _ _ _ _ _ _ _ _ _ _ _ _ _ _ _ _ _ _ _ _ _ _ _ _ _ _ _ _ _ _ _ _ _ _ _

us = &lt;module 'tinyassets.universe_server' from 'C:\\Users\\Jonathan\\Projects\\wf-required-test-gate\\tinyassets\\universe_server.py'&gt;
name = 'b'

    def _build_empty_branch(us, name: str = "b") -&gt; str:
        spec = {
            "name": name,
            "entry_point": "seed",
            "node_defs": [{
                "node_id": "seed",
                "display_name": "Seed",
                "prompt_template": "start: {x}",
            }],
            "edges": [
                {"from": "START", "to": "seed"},
                {"from": "seed", "to": "END"},
            ],
            "state_schema": [{"name": "x", "type": "str"}],
        }
        result = _call(us, "extensions", "build_branch",
                       spec_json=json.dumps(spec))
&gt;       assert result["status"] == "built", result
               ^^^^^^^^^^^^^^^^
E       KeyError: 'status'

tests\test_node_ref_reuse.py:76: KeyError</failure></testcase><testcase classname="tests.test_node_ref_reuse.TestIntentEdgeCases" name="test_unknown_intent_rejected" file="tests\test_node_ref_reuse.py" line="376" time="0.156"><failure message="KeyError: 'status'">self = &lt;tests.test_node_ref_reuse.TestIntentEdgeCases object at 0x0000018D871D16D0&gt;
ext_env = (&lt;module 'tinyassets.universe_server' from 'C:\\Users\\Jonathan\\Projects\\wf-required-test-gate\\tinyassets\\universe...indowsPath('C:/Users/Jonathan/AppData/Local/Temp/pytest-of-Jonathan/pytest-7404/test_unknown_intent_rejected0/output'))

    def test_unknown_intent_rejected(self, ext_env):
        us, _ = ext_env
        _register_standalone(us, "rigor_checker", "Rigor Checker")
&gt;       bid = _build_empty_branch(us)
              ^^^^^^^^^^^^^^^^^^^^^^^

tests\test_node_ref_reuse.py:380: 
_ _ _ _ _ _ _ _ _ _ _ _ _ _ _ _ _ _ _ _ _ _ _ _ _ _ _ _ _ _ _ _ _ _ _ _ _ _ _ _

us = &lt;module 'tinyassets.universe_server' from 'C:\\Users\\Jonathan\\Projects\\wf-required-test-gate\\tinyassets\\universe_server.py'&gt;
name = 'b'

    def _build_empty_branch(us, name: str = "b") -&gt; str:
        spec = {
            "name": name,
            "entry_point": "seed",
            "node_defs": [{
                "node_id": "seed",
                "display_name": "Seed",
                "prompt_template": "start: {x}",
            }],
            "edges": [
                {"from": "START", "to": "seed"},
                {"from": "seed", "to": "END"},
            ],
            "state_schema": [{"name": "x", "type": "str"}],
        }
        result = _call(us, "extensions", "build_branch",
                       spec_json=json.dumps(spec))
&gt;       assert result["status"] == "built", result
               ^^^^^^^^^^^^^^^^
E       KeyError: 'status'

tests\test_node_ref_reuse.py:76: KeyError</failure></testcase><testcase classname="tests.test_node_ref_reuse.TestIntentEdgeCases" name="test_intent_reference_unsupported_for_v1" file="tests\test_node_ref_reuse.py" line="390" time="0.147"><failure message="KeyError: 'status'">self = &lt;tests.test_node_ref_reuse.TestIntentEdgeCases object at 0x0000018D871D1810&gt;
ext_env = (&lt;module 'tinyassets.universe_server' from 'C:\\Users\\Jonathan\\Projects\\wf-required-test-gate\\tinyassets\\universe...dowsPath('C:/Users/Jonathan/AppData/Local/Temp/pytest-of-Jonathan/pytest-7404/test_intent_reference_unsuppor0/output'))

    def test_intent_reference_unsupported_for_v1(self, ext_env):
        us, _ = ext_env
        _register_standalone(us, "rigor_checker", "Rigor Checker")
&gt;       bid = _build_empty_branch(us)
              ^^^^^^^^^^^^^^^^^^^^^^^

tests\test_node_ref_reuse.py:394: 
_ _ _ _ _ _ _ _ _ _ _ _ _ _ _ _ _ _ _ _ _ _ _ _ _ _ _ _ _ _ _ _ _ _ _ _ _ _ _ _

us = &lt;module 'tinyassets.universe_server' from 'C:\\Users\\Jonathan\\Projects\\wf-required-test-gate\\tinyassets\\universe_server.py'&gt;
name = 'b'

    def _build_empty_branch(us, name: str = "b") -&gt; str:
        spec = {
            "name": name,
            "entry_point": "seed",
            "node_defs": [{
                "node_id": "seed",
                "display_name": "Seed",
                "prompt_template": "start: {x}",
            }],
            "edges": [
                {"from": "START", "to": "seed"},
                {"from": "seed", "to": "END"},
            ],
            "state_schema": [{"name": "x", "type": "str"}],
        }
        result = _call(us, "extensions", "build_branch",
                       spec_json=json.dumps(spec))
&gt;       assert result["status"] == "built", result
               ^^^^^^^^^^^^^^^^
E       KeyError: 'status'

tests\test_node_ref_reuse.py:76: KeyError</failure></testcase><testcase classname="tests.test_node_ref_reuse.TestIntentEdgeCases" name="test_fresh_node_id_without_collision_still_works" file="tests\test_node_ref_reuse.py" line="405" time="0.130"><failure message="KeyError: 'status'">self = &lt;tests.test_node_ref_reuse.TestIntentEdgeCases object at 0x0000018D8763A060&gt;
ext_env = (&lt;module 'tinyassets.universe_server' from 'C:\\Users\\Jonathan\\Projects\\wf-required-test-gate\\tinyassets\\universe...dowsPath('C:/Users/Jonathan/AppData/Local/Temp/pytest-of-Jonathan/pytest-7404/test_fresh_node_id_without_col0/output'))

    def test_fresh_node_id_without_collision_still_works(self, ext_env):
        """Regression guard: the resolver must not break the plain
        'create a brand new node' path.
        """
        us, _ = ext_env
&gt;       bid = _build_empty_branch(us)
              ^^^^^^^^^^^^^^^^^^^^^^^

tests\test_node_ref_reuse.py:411: 
_ _ _ _ _ _ _ _ _ _ _ _ _ _ _ _ _ _ _ _ _ _ _ _ _ _ _ _ _ _ _ _ _ _ _ _ _ _ _ _

us = &lt;module 'tinyassets.universe_server' from 'C:\\Users\\Jonathan\\Projects\\wf-required-test-gate\\tinyassets\\universe_server.py'&gt;
name = 'b'

    def _build_empty_branch(us, name: str = "b") -&gt; str:
        spec = {
            "name": name,
            "entry_point": "seed",
            "node_defs": [{
                "node_id": "seed",
                "display_name": "Seed",
                "prompt_template": "start: {x}",
            }],
            "edges": [
                {"from": "START", "to": "seed"},
                {"from": "seed", "to": "END"},
            ],
            "state_schema": [{"name": "x", "type": "str"}],
        }
        result = _call(us, "extensions", "build_branch",
                       spec_json=json.dumps(spec))
&gt;       assert result["status"] == "built", result
               ^^^^^^^^^^^^^^^^
E       KeyError: 'status'

tests\test_node_ref_reuse.py:76: KeyError</failure></testcase><testcase classname="tests.test_node_ref_reuse.TestIntentEdgeCases" name="test_malformed_node_ref_json_errors" file="tests\test_node_ref_reuse.py" line="420" time="0.124"><failure message="KeyError: 'status'">self = &lt;tests.test_node_ref_reuse.TestIntentEdgeCases object at 0x0000018D8763A190&gt;
ext_env = (&lt;module 'tinyassets.universe_server' from 'C:\\Users\\Jonathan\\Projects\\wf-required-test-gate\\tinyassets\\universe...dowsPath('C:/Users/Jonathan/AppData/Local/Temp/pytest-of-Jonathan/pytest-7404/test_malformed_node_ref_json_e0/output'))

    def test_malformed_node_ref_json_errors(self, ext_env):
        us, _ = ext_env
&gt;       bid = _build_empty_branch(us)
              ^^^^^^^^^^^^^^^^^^^^^^^

tests\test_node_ref_reuse.py:423: 
_ _ _ _ _ _ _ _ _ _ _ _ _ _ _ _ _ _ _ _ _ _ _ _ _ _ _ _ _ _ _ _ _ _ _ _ _ _ _ _

us = &lt;module 'tinyassets.universe_server' from 'C:\\Users\\Jonathan\\Projects\\wf-required-test-gate\\tinyassets\\universe_server.py'&gt;
name = 'b'

    def _build_empty_branch(us, name: str = "b") -&gt; str:
        spec = {
            "name": name,
            "entry_point": "seed",
            "node_defs": [{
                "node_id": "seed",
                "display_name": "Seed",
                "prompt_template": "start: {x}",
            }],
            "edges": [
                {"from": "START", "to": "seed"},
                {"from": "seed", "to": "END"},
            ],
            "state_schema": [{"name": "x", "type": "str"}],
        }
        result = _call(us, "extensions", "build_branch",
                       spec_json=json.dumps(spec))
&gt;       assert result["status"] == "built", result
               ^^^^^^^^^^^^^^^^
E       KeyError: 'status'

tests\test_node_ref_reuse.py:76: KeyError</failure></testcase><testcase classname="tests.test_node_ref_reuse.TestNodeRefSourceOverrideCannotForgeApproval" name="test_node_ref_with_source_override_comes_out_unapproved" file="tests\test_node_ref_reuse.py" line="484" time="0.155"><failure message="KeyError: 'status'">self = &lt;tests.test_node_ref_reuse.TestNodeRefSourceOverrideCannotForgeApproval object at 0x0000018D871D1950&gt;
ext_env = (&lt;module 'tinyassets.universe_server' from 'C:\\Users\\Jonathan\\Projects\\wf-required-test-gate\\tinyassets\\universe...dowsPath('C:/Users/Jonathan/AppData/Local/Temp/pytest-of-Jonathan/pytest-7404/test_node_ref_with_source_over0/output'))
monkeypatch = &lt;_pytest.monkeypatch.MonkeyPatch object at 0x0000018DAE93D6A0&gt;

    def test_node_ref_with_source_override_comes_out_unapproved(
        self, ext_env, monkeypatch,
    ):
        us, base = ext_env
        self._approved_standalone(us, monkeypatch)
    
        # node_ref the approved node but OVERRIDE its source_code. The
        # inherited approved=True must NOT survive the content change.
        spec = {
            "name": "approval-forge-attempt",
            "entry_point": "approved_recipe",
            "node_defs": [{
                "node_id": "approved_recipe",
                "display_name": "",
                "node_ref": {
                    "source": "standalone",
                    "node_id": "approved_recipe",
                },
                "source_code": self.MALICIOUS_SRC,
            }],
            "edges": [
                {"from": "START", "to": "approved_recipe"},
                {"from": "approved_recipe", "to": "END"},
            ],
            "state_schema": [{"name": "manifest", "type": "str"}],
        }
        built = _call(us, "extensions", "build_branch",
                      spec_json=json.dumps(spec))
&gt;       assert built["status"] == "built", built
               ^^^^^^^^^^^^^^^
E       KeyError: 'status'

tests\test_node_ref_reuse.py:513: KeyError</failure></testcase><testcase classname="tests.test_node_ref_reuse.TestNodeRefSourceOverrideCannotForgeApproval" name="test_node_ref_with_source_override_fails_execution_gate" file="tests\test_node_ref_reuse.py" line="525" time="0.200"><failure message="KeyError: 'status'">self = &lt;tests.test_node_ref_reuse.TestNodeRefSourceOverrideCannotForgeApproval object at 0x0000018D871D1A90&gt;
ext_env = (&lt;module 'tinyassets.universe_server' from 'C:\\Users\\Jonathan\\Projects\\wf-required-test-gate\\tinyassets\\universe...dowsPath('C:/Users/Jonathan/AppData/Local/Temp/pytest-of-Jonathan/pytest-7404/test_node_ref_with_source_over1/output'))
monkeypatch = &lt;_pytest.monkeypatch.MonkeyPatch object at 0x0000018DAEA20600&gt;

    def test_node_ref_with_source_override_fails_execution_gate(
        self, ext_env, monkeypatch,
    ):
        us, base = ext_env
        self._approved_standalone(us, monkeypatch)
        spec = {
            "name": "approval-forge-run-attempt",
            "entry_point": "approved_recipe",
            "node_defs": [{
                "node_id": "approved_recipe",
                "display_name": "",
                "node_ref": {
                    "source": "standalone",
                    "node_id": "approved_recipe",
                },
                "source_code": self.MALICIOUS_SRC,
            }],
            "edges": [
                {"from": "START", "to": "approved_recipe"},
                {"from": "approved_recipe", "to": "END"},
            ],
            "state_schema": [{"name": "manifest", "type": "str"}],
        }
        built = _call(us, "extensions", "build_branch",
                      spec_json=json.dumps(spec))
&gt;       assert built["status"] == "built", built
               ^^^^^^^^^^^^^^^
E       KeyError: 'status'

tests\test_node_ref_reuse.py:551: KeyError</failure></testcase><testcase classname="tests.test_node_ref_reuse.TestNodeRefSourceOverrideCannotForgeApproval" name="test_clean_node_ref_copy_stays_approved_and_runs" file="tests\test_node_ref_reuse.py" line="561" time="0.156"><failure message="KeyError: 'status'">self = &lt;tests.test_node_ref_reuse.TestNodeRefSourceOverrideCannotForgeApproval object at 0x0000018D8763A2C0&gt;
ext_env = (&lt;module 'tinyassets.universe_server' from 'C:\\Users\\Jonathan\\Projects\\wf-required-test-gate\\tinyassets\\universe...dowsPath('C:/Users/Jonathan/AppData/Local/Temp/pytest-of-Jonathan/pytest-7404/test_clean_node_ref_copy_stays0/output'))
monkeypatch = &lt;_pytest.monkeypatch.MonkeyPatch object at 0x0000018DAEA23380&gt;

    def test_clean_node_ref_copy_stays_approved_and_runs(
        self, ext_env, monkeypatch,
    ):
        """Guard the legit path: a node_ref copy with NO source override
        must keep approval (hash still matches) and compile cleanly.
        """
        us, base = ext_env
        self._approved_standalone(us, monkeypatch)
        spec = {
            "name": "approval-clean-copy",
            "entry_point": "approved_recipe",
            "node_defs": [{
                "node_id": "approved_recipe",
                "display_name": "",
                "node_ref": {
                    "source": "standalone",
                    "node_id": "approved_recipe",
                },
            }],
            "edges": [
                {"from": "START", "to": "approved_recipe"},
                {"from": "approved_recipe", "to": "END"},
            ],
            "state_schema": [{"name": "manifest", "type": "str"}],
        }
        built = _call(us, "extensions", "build_branch",
                      spec_json=json.dumps(spec))
&gt;       assert built["status"] == "built", built
               ^^^^^^^^^^^^^^^
E       KeyError: 'status'

tests\test_node_ref_reuse.py:589: KeyError</failure></testcase><testcase classname="tests.test_node_ref_reuse.TestNodeRefSourceOverrideCannotForgeApproval" name="test_runtime_gate_rejects_hash_mismatch_directly" file="tests\test_node_ref_reuse.py" line="604" time="0.001" /><testcase classname="tests.test_node_ref_reuse.TestPatchNodesSourceOverrideCannotForgeApproval" name="test_patch_nodes_source_override_comes_out_unapproved" file="tests\test_node_ref_reuse.py" line="686" time="0.153"><failure message="KeyError: 'status'">self = &lt;tests.test_node_ref_reuse.TestPatchNodesSourceOverrideCannotForgeApproval object at 0x0000018D871D1BD0&gt;
ext_env = (&lt;module 'tinyassets.universe_server' from 'C:\\Users\\Jonathan\\Projects\\wf-required-test-gate\\tinyassets\\universe...dowsPath('C:/Users/Jonathan/AppData/Local/Temp/pytest-of-Jonathan/pytest-7404/test_patch_nodes_source_overri0/output'))

    def test_patch_nodes_source_override_comes_out_unapproved(self, ext_env):
        us, base = ext_env
&gt;       bid = self._approved_branch(us)
              ^^^^^^^^^^^^^^^^^^^^^^^^^

tests\test_node_ref_reuse.py:689: 
_ _ _ _ _ _ _ _ _ _ _ _ _ _ _ _ _ _ _ _ _ _ _ _ _ _ _ _ _ _ _ _ _ _ _ _ _ _ _ _

self = &lt;tests.test_node_ref_reuse.TestPatchNodesSourceOverrideCannotForgeApproval object at 0x0000018D871D1BD0&gt;
us = &lt;module 'tinyassets.universe_server' from 'C:\\Users\\Jonathan\\Projects\\wf-required-test-gate\\tinyassets\\universe_server.py'&gt;

    def _approved_branch(self, us):
        """Build a branch with one approved source_code node; return its id."""
        spec = {
            "name": "patch-nodes-approval",
            "entry_point": "recipe",
            "node_defs": [{
                "node_id": "recipe",
                "display_name": "Recipe",
                "input_keys": "manifest",
                "output_keys": "manifest",
                "source_code": self.APPROVED_SRC,
            }],
            "edges": [
                {"from": "START", "to": "recipe"},
                {"from": "recipe", "to": "END"},
            ],
            "state_schema": [{"name": "manifest", "type": "str"}],
        }
        built = _call(us, "extensions", "build_branch",
                      spec_json=json.dumps(spec))
&gt;       assert built["status"] == "built", built
               ^^^^^^^^^^^^^^^
E       KeyError: 'status'

tests\test_node_ref_reuse.py:669: KeyError</failure></testcase><testcase classname="tests.test_node_ref_reuse.TestPatchNodesSourceOverrideCannotForgeApproval" name="test_patch_nodes_source_override_fails_execution_gate" file="tests\test_node_ref_reuse.py" line="706" time="0.155"><failure message="KeyError: 'status'">self = &lt;tests.test_node_ref_reuse.TestPatchNodesSourceOverrideCannotForgeApproval object at 0x0000018D871D1D10&gt;
ext_env = (&lt;module 'tinyassets.universe_server' from 'C:\\Users\\Jonathan\\Projects\\wf-required-test-gate\\tinyassets\\universe...dowsPath('C:/Users/Jonathan/AppData/Local/Temp/pytest-of-Jonathan/pytest-7404/test_patch_nodes_source_overri1/output'))

    def test_patch_nodes_source_override_fails_execution_gate(self, ext_env):
        us, base = ext_env
&gt;       bid = self._approved_branch(us)
              ^^^^^^^^^^^^^^^^^^^^^^^^^

tests\test_node_ref_reuse.py:709: 
_ _ _ _ _ _ _ _ _ _ _ _ _ _ _ _ _ _ _ _ _ _ _ _ _ _ _ _ _ _ _ _ _ _ _ _ _ _ _ _

self = &lt;tests.test_node_ref_reuse.TestPatchNodesSourceOverrideCannotForgeApproval object at 0x0000018D871D1D10&gt;
us = &lt;module 'tinyassets.universe_server' from 'C:\\Users\\Jonathan\\Projects\\wf-required-test-gate\\tinyassets\\universe_server.py'&gt;

    def _approved_branch(self, us):
        """Build a branch with one approved source_code node; return its id."""
        spec = {
            "name": "patch-nodes-approval",
            "entry_point": "recipe",
            "node_defs": [{
                "node_id": "recipe",
                "display_name": "Recipe",
                "input_keys": "manifest",
                "output_keys": "manifest",
                "source_code": self.APPROVED_SRC,
            }],
            "edges": [
                {"from": "START", "to": "recipe"},
                {"from": "recipe", "to": "END"},
            ],
            "state_schema": [{"name": "manifest", "type": "str"}],
        }
        built = _call(us, "extensions", "build_branch",
                      spec_json=json.dumps(spec))
&gt;       assert built["status"] == "built", built
               ^^^^^^^^^^^^^^^
E       KeyError: 'status'

tests\test_node_ref_reuse.py:669: KeyError</failure></testcase><testcase classname="tests.test_node_ref_reuse.TestPatchNodesSourceOverrideCannotForgeApproval" name="test_patch_nodes_non_content_field_keeps_approval" file="tests\test_node_ref_reuse.py" line="723" time="0.185"><failure message="KeyError: 'status'">self = &lt;tests.test_node_ref_reuse.TestPatchNodesSourceOverrideCannotForgeApproval object at 0x0000018D876396E0&gt;
ext_env = (&lt;module 'tinyassets.universe_server' from 'C:\\Users\\Jonathan\\Projects\\wf-required-test-gate\\tinyassets\\universe...dowsPath('C:/Users/Jonathan/AppData/Local/Temp/pytest-of-Jonathan/pytest-7404/test_patch_nodes_non_content_f0/output'))

    def test_patch_nodes_non_content_field_keeps_approval(self, ext_env):
        """Patching a non-executable field (display_name) must NOT disturb a
        valid approval — the gate only fires on executable-content change.
        """
        us, base = ext_env
&gt;       bid = self._approved_branch(us)
              ^^^^^^^^^^^^^^^^^^^^^^^^^

tests\test_node_ref_reuse.py:729: 
_ _ _ _ _ _ _ _ _ _ _ _ _ _ _ _ _ _ _ _ _ _ _ _ _ _ _ _ _ _ _ _ _ _ _ _ _ _ _ _

self = &lt;tests.test_node_ref_reuse.TestPatchNodesSourceOverrideCannotForgeApproval object at 0x0000018D876396E0&gt;
us = &lt;module 'tinyassets.universe_server' from 'C:\\Users\\Jonathan\\Projects\\wf-required-test-gate\\tinyassets\\universe_server.py'&gt;

    def _approved_branch(self, us):
        """Build a branch with one approved source_code node; return its id."""
        spec = {
            "name": "patch-nodes-approval",
            "entry_point": "recipe",
            "node_defs": [{
                "node_id": "recipe",
                "display_name": "Recipe",
                "input_keys": "manifest",
                "output_keys": "manifest",
                "source_code": self.APPROVED_SRC,
            }],
            "edges": [
                {"from": "START", "to": "recipe"},
                {"from": "recipe", "to": "END"},
            ],
            "state_schema": [{"name": "manifest", "type": "str"}],
        }
        built = _call(us, "extensions", "build_branch",
                      spec_json=json.dumps(spec))
&gt;       assert built["status"] == "built", built
               ^^^^^^^^^^^^^^^
E       KeyError: 'status'

tests\test_node_ref_reuse.py:669: KeyError</failure></testcase><testcase classname="tests.test_node_ref_reuse.TestPatchNodesSourceOverrideCannotForgeApproval" name="test_patch_nodes_switch_to_prompt_template_clears_approval" file="tests\test_node_ref_reuse.py" line="748" time="0.135"><failure message="KeyError: 'status'">self = &lt;tests.test_node_ref_reuse.TestPatchNodesSourceOverrideCannotForgeApproval object at 0x0000018D8763A650&gt;
ext_env = (&lt;module 'tinyassets.universe_server' from 'C:\\Users\\Jonathan\\Projects\\wf-required-test-gate\\tinyassets\\universe...dowsPath('C:/Users/Jonathan/AppData/Local/Temp/pytest-of-Jonathan/pytest-7404/test_patch_nodes_switch_to_pro0/output'))

    def test_patch_nodes_switch_to_prompt_template_clears_approval(self, ext_env):
        """Switching an approved source_code node to a prompt_template clears
        the source approval — the executable surface it gated is gone.
        """
        us, base = ext_env
&gt;       bid = self._approved_branch(us)
              ^^^^^^^^^^^^^^^^^^^^^^^^^

tests\test_node_ref_reuse.py:754: 
_ _ _ _ _ _ _ _ _ _ _ _ _ _ _ _ _ _ _ _ _ _ _ _ _ _ _ _ _ _ _ _ _ _ _ _ _ _ _ _

self = &lt;tests.test_node_ref_reuse.TestPatchNodesSourceOverrideCannotForgeApproval object at 0x0000018D8763A650&gt;
us = &lt;module 'tinyassets.universe_server' from 'C:\\Users\\Jonathan\\Projects\\wf-required-test-gate\\tinyassets\\universe_server.py'&gt;

    def _approved_branch(self, us):
        """Build a branch with one approved source_code node; return its id."""
        spec = {
            "name": "patch-nodes-approval",
            "entry_point": "recipe",
            "node_defs": [{
                "node_id": "recipe",
                "display_name": "Recipe",
                "input_keys": "manifest",
                "output_keys": "manifest",
                "source_code": self.APPROVED_SRC,
            }],
            "edges": [
                {"from": "START", "to": "recipe"},
                {"from": "recipe", "to": "END"},
            ],
            "state_schema": [{"name": "manifest", "type": "str"}],
        }
        built = _call(us, "extensions", "build_branch",
                      spec_json=json.dumps(spec))
&gt;       assert built["status"] == "built", built
               ^^^^^^^^^^^^^^^
E       KeyError: 'status'

tests\test_node_ref_reuse.py:669: KeyError</failure></testcase><testcase classname="tests.test_node_registry_migration.TestNodeRegistryMigration" name="test_migration_from_json_file" file="tests\test_node_registry_migration.py" line="58" time="0.082" /><testcase classname="tests.test_node_registry_migration.TestNodeRegistryMigration" name="test_no_legacy_file_creates_empty_branch" file="tests\test_node_registry_migration.py" line="89" time="0.065" /><testcase classname="tests.test_node_registry_migration.TestNodeRegistryMigration" name="test_save_nodes_persists_to_sqlite" file="tests\test_node_registry_migration.py" line="109" time="0.077" /><testcase classname="tests.test_node_registry_migration.TestNodeRegistryMigration" name="test_migration_is_idempotent" file="tests\test_node_registry_migration.py" line="139" time="0.069" /><testcase classname="tests.test_node_registry_migration.TestNodeRegistryMigration" name="test_register_and_load_round_trip" file="tests\test_node_registry_migration.py" line="159" time="0.085" /><testcase classname="tests.test_node_registry_migration.TestNodeRegistryMigration" name="test_remove_node_and_reload" file="tests\test_node_registry_migration.py" line="194" time="0.091" /><testcase classname="tests.test_node_reuse_discovery.TestSearchNodesAction" name="test_empty_query_returns_all" file="tests\test_node_reuse_discovery.py" line="81" time="0.140"><failure message="KeyError: 'status'">self = &lt;tests.test_node_reuse_discovery.TestSearchNodesAction object at 0x0000018D871D2350&gt;
ext_env = (&lt;module 'tinyassets.universe_server' from 'C:\\Users\\Jonathan\\Projects\\wf-required-test-gate\\tinyassets\\universe...indowsPath('C:/Users/Jonathan/AppData/Local/Temp/pytest-of-Jonathan/pytest-7404/test_empty_query_returns_all0/output'))

    def test_empty_query_returns_all(self, ext_env):
        us, _ = ext_env
&gt;       _build(us, name="b1", node_ids=["alpha", "beta"])

tests\test_node_reuse_discovery.py:84: 
_ _ _ _ _ _ _ _ _ _ _ _ _ _ _ _ _ _ _ _ _ _ _ _ _ _ _ _ _ _ _ _ _ _ _ _ _ _ _ _

us = &lt;module 'tinyassets.universe_server' from 'C:\\Users\\Jonathan\\Projects\\wf-required-test-gate\\tinyassets\\universe_server.py'&gt;

    def _build(us, *, name: str, node_ids: list[str], goal_id: str = "") -&gt; str:
        spec = {
            "name": name,
            "entry_point": node_ids[0],
            "node_defs": [
                {
                    "node_id": nid,
                    "display_name": nid.replace("_", " ").title(),
                    "description": f"{nid} node in {name}",
                    "prompt_template": f"{nid}: {{x}}",
                }
                for nid in node_ids
            ],
            "edges": (
                [{"from": "START", "to": node_ids[0]}]
                + [
                    {"from": node_ids[i], "to": node_ids[i + 1]}
                    for i in range(len(node_ids) - 1)
                ]
                + [{"from": node_ids[-1], "to": "END"}]
            ),
            "state_schema": [{"name": "x", "type": "str"}],
        }
        if goal_id:
            spec["goal_id"] = goal_id
        res = _call(us, "extensions", "build_branch", spec_json=json.dumps(spec))
&gt;       assert res["status"] == "built", res
               ^^^^^^^^^^^^^
E       KeyError: 'status'

tests\test_node_reuse_discovery.py:71: KeyError</failure></testcase><testcase classname="tests.test_node_reuse_discovery.TestSearchNodesAction" name="test_query_filters_by_substring" file="tests\test_node_reuse_discovery.py" line="89" time="0.122"><failure message="KeyError: 'status'">self = &lt;tests.test_node_reuse_discovery.TestSearchNodesAction object at 0x0000018D871D2490&gt;
ext_env = (&lt;module 'tinyassets.universe_server' from 'C:\\Users\\Jonathan\\Projects\\wf-required-test-gate\\tinyassets\\universe...dowsPath('C:/Users/Jonathan/AppData/Local/Temp/pytest-of-Jonathan/pytest-7404/test_query_filters_by_substrin0/output'))

    def test_query_filters_by_substring(self, ext_env):
        us, _ = ext_env
&gt;       _build(
            us, name="research-paper",
            node_ids=["rigor_checker", "drafter"],
        )

tests\test_node_reuse_discovery.py:92: 
_ _ _ _ _ _ _ _ _ _ _ _ _ _ _ _ _ _ _ _ _ _ _ _ _ _ _ _ _ _ _ _ _ _ _ _ _ _ _ _

us = &lt;module 'tinyassets.universe_server' from 'C:\\Users\\Jonathan\\Projects\\wf-required-test-gate\\tinyassets\\universe_server.py'&gt;

    def _build(us, *, name: str, node_ids: list[str], goal_id: str = "") -&gt; str:
        spec = {
            "name": name,
            "entry_point": node_ids[0],
            "node_defs": [
                {
                    "node_id": nid,
                    "display_name": nid.replace("_", " ").title(),
                    "description": f"{nid} node in {name}",
                    "prompt_template": f"{nid}: {{x}}",
                }
                for nid in node_ids
            ],
            "edges": (
                [{"from": "START", "to": node_ids[0]}]
                + [
                    {"from": node_ids[i], "to": node_ids[i + 1]}
                    for i in range(len(node_ids) - 1)
                ]
                + [{"from": node_ids[-1], "to": "END"}]
            ),
            "state_schema": [{"name": "x", "type": "str"}],
        }
        if goal_id:
            spec["goal_id"] = goal_id
        res = _call(us, "extensions", "build_branch", spec_json=json.dumps(spec))
&gt;       assert res["status"] == "built", res
               ^^^^^^^^^^^^^
E       KeyError: 'status'

tests\test_node_reuse_discovery.py:71: KeyError</failure></testcase><testcase classname="tests.test_node_reuse_discovery.TestSearchNodesAction" name="test_reuse_count_reflects_branches" file="tests\test_node_reuse_discovery.py" line="102" time="0.133"><failure message="KeyError: 'status'">self = &lt;tests.test_node_reuse_discovery.TestSearchNodesAction object at 0x0000018D8763AD70&gt;
ext_env = (&lt;module 'tinyassets.universe_server' from 'C:\\Users\\Jonathan\\Projects\\wf-required-test-gate\\tinyassets\\universe...dowsPath('C:/Users/Jonathan/AppData/Local/Temp/pytest-of-Jonathan/pytest-7404/test_reuse_count_reflects_bran0/output'))

    def test_reuse_count_reflects_branches(self, ext_env):
        us, _ = ext_env
&gt;       _build(us, name="research", node_ids=["rigor_checker", "outline"])

tests\test_node_reuse_discovery.py:105: 
_ _ _ _ _ _ _ _ _ _ _ _ _ _ _ _ _ _ _ _ _ _ _ _ _ _ _ _ _ _ _ _ _ _ _ _ _ _ _ _

us = &lt;module 'tinyassets.universe_server' from 'C:\\Users\\Jonathan\\Projects\\wf-required-test-gate\\tinyassets\\universe_server.py'&gt;

    def _build(us, *, name: str, node_ids: list[str], goal_id: str = "") -&gt; str:
        spec = {
            "name": name,
            "entry_point": node_ids[0],
            "node_defs": [
                {
                    "node_id": nid,
                    "display_name": nid.replace("_", " ").title(),
                    "description": f"{nid} node in {name}",
                    "prompt_template": f"{nid}: {{x}}",
                }
                for nid in node_ids
            ],
            "edges": (
                [{"from": "START", "to": node_ids[0]}]
                + [
                    {"from": node_ids[i], "to": node_ids[i + 1]}
                    for i in range(len(node_ids) - 1)
                ]
                + [{"from": node_ids[-1], "to": "END"}]
            ),
            "state_schema": [{"name": "x", "type": "str"}],
        }
        if goal_id:
            spec["goal_id"] = goal_id
        res = _call(us, "extensions", "build_branch", spec_json=json.dumps(spec))
&gt;       assert res["status"] == "built", res
               ^^^^^^^^^^^^^
E       KeyError: 'status'

tests\test_node_reuse_discovery.py:71: KeyError</failure></testcase><testcase classname="tests.test_node_reuse_discovery.TestSearchNodesAction" name="test_hit_carries_branch_def_id_for_node_ref" file="tests\test_node_reuse_discovery.py" line="112" time="0.122"><failure message="KeyError: 'status'">self = &lt;tests.test_node_reuse_discovery.TestSearchNodesAction object at 0x0000018D8763AFD0&gt;
ext_env = (&lt;module 'tinyassets.universe_server' from 'C:\\Users\\Jonathan\\Projects\\wf-required-test-gate\\tinyassets\\universe...dowsPath('C:/Users/Jonathan/AppData/Local/Temp/pytest-of-Jonathan/pytest-7404/test_hit_carries_branch_def_id0/output'))

    def test_hit_carries_branch_def_id_for_node_ref(self, ext_env):
        """#66 + #62 handoff: a search hit must tell the caller which
        branch to cite as the node_ref source. Otherwise the bot can't
        actually reuse the node it just found.
        """
        us, _ = ext_env
&gt;       source_bid = _build(
            us, name="source", node_ids=["shared_audit"],
        )

tests\test_node_reuse_discovery.py:119: 
_ _ _ _ _ _ _ _ _ _ _ _ _ _ _ _ _ _ _ _ _ _ _ _ _ _ _ _ _ _ _ _ _ _ _ _ _ _ _ _

us = &lt;module 'tinyassets.universe_server' from 'C:\\Users\\Jonathan\\Projects\\wf-required-test-gate\\tinyassets\\universe_server.py'&gt;

    def _build(us, *, name: str, node_ids: list[str], goal_id: str = "") -&gt; str:
        spec = {
            "name": name,
            "entry_point": node_ids[0],
            "node_defs": [
                {
                    "node_id": nid,
                    "display_name": nid.replace("_", " ").title(),
                    "description": f"{nid} node in {name}",
                    "prompt_template": f"{nid}: {{x}}",
                }
                for nid in node_ids
            ],
            "edges": (
                [{"from": "START", "to": node_ids[0]}]
                + [
                    {"from": node_ids[i], "to": node_ids[i + 1]}
                    for i in range(len(node_ids) - 1)
                ]
                + [{"from": node_ids[-1], "to": "END"}]
            ),
            "state_schema": [{"name": "x", "type": "str"}],
        }
        if goal_id:
            spec["goal_id"] = goal_id
        res = _call(us, "extensions", "build_branch", spec_json=json.dumps(spec))
&gt;       assert res["status"] == "built", res
               ^^^^^^^^^^^^^
E       KeyError: 'status'

tests\test_node_reuse_discovery.py:71: KeyError</failure></testcase><testcase classname="tests.test_node_reuse_discovery.TestSearchNodesAction" name="test_zero_hits_nudges_toward_descriptive_ids" file="tests\test_node_reuse_discovery.py" line="147" time="0.165" /><testcase classname="tests.test_node_reuse_discovery.TestGoalsCommonNodesScope" name="test_default_scope_requires_goal_id" file="tests\test_node_reuse_discovery.py" line="161" time="0.155" /><testcase classname="tests.test_node_reuse_discovery.TestGoalsCommonNodesScope" name="test_scope_all_does_not_require_goal_id" file="tests\test_node_reuse_discovery.py" line="167" time="0.132"><failure message="KeyError: 'status'">self = &lt;tests.test_node_reuse_discovery.TestGoalsCommonNodesScope object at 0x0000018D871D2710&gt;
ext_env = (&lt;module 'tinyassets.universe_server' from 'C:\\Users\\Jonathan\\Projects\\wf-required-test-gate\\tinyassets\\universe...dowsPath('C:/Users/Jonathan/AppData/Local/Temp/pytest-of-Jonathan/pytest-7404/test_scope_all_does_not_requir0/output'))

    def test_scope_all_does_not_require_goal_id(self, ext_env):
        us, _ = ext_env
        # One branch; min_branches=1 so it shows.
&gt;       _build(us, name="solo", node_ids=["capture"])

tests\test_node_reuse_discovery.py:171: 
_ _ _ _ _ _ _ _ _ _ _ _ _ _ _ _ _ _ _ _ _ _ _ _ _ _ _ _ _ _ _ _ _ _ _ _ _ _ _ _

us = &lt;module 'tinyassets.universe_server' from 'C:\\Users\\Jonathan\\Projects\\wf-required-test-gate\\tinyassets\\universe_server.py'&gt;

    def _build(us, *, name: str, node_ids: list[str], goal_id: str = "") -&gt; str:
        spec = {
            "name": name,
            "entry_point": node_ids[0],
            "node_defs": [
                {
                    "node_id": nid,
                    "display_name": nid.replace("_", " ").title(),
                    "description": f"{nid} node in {name}",
                    "prompt_template": f"{nid}: {{x}}",
                }
                for nid in node_ids
            ],
            "edges": (
                [{"from": "START", "to": node_ids[0]}]
                + [
                    {"from": node_ids[i], "to": node_ids[i + 1]}
                    for i in range(len(node_ids) - 1)
                ]
                + [{"from": node_ids[-1], "to": "END"}]
            ),
            "state_schema": [{"name": "x", "type": "str"}],
        }
        if goal_id:
            spec["goal_id"] = goal_id
        res = _call(us, "extensions", "build_branch", spec_json=json.dumps(spec))
&gt;       assert res["status"] == "built", res
               ^^^^^^^^^^^^^
E       KeyError: 'status'

tests\test_node_reuse_discovery.py:71: KeyError</failure></testcase><testcase classname="tests.test_node_reuse_discovery.TestGoalsCommonNodesScope" name="test_scope_all_aggregates_across_goals" file="tests\test_node_reuse_discovery.py" line="177" time="0.130"><failure message="KeyError: 'status'">self = &lt;tests.test_node_reuse_discovery.TestGoalsCommonNodesScope object at 0x0000018D8763B100&gt;
ext_env = (&lt;module 'tinyassets.universe_server' from 'C:\\Users\\Jonathan\\Projects\\wf-required-test-gate\\tinyassets\\universe...dowsPath('C:/Users/Jonathan/AppData/Local/Temp/pytest-of-Jonathan/pytest-7404/test_scope_all_aggregates_acro0/output'))

    def test_scope_all_aggregates_across_goals(self, ext_env):
        """The scenario #62 diagnosed: same node shared across
        branches that live under different Goals.
        """
        us, _ = ext_env
        # Two Goals, each with a branch using rigor_checker.
        gid1 = _call(us, "goals", "propose",
                     name="Research paper")["goal"]["goal_id"]
        gid2 = _call(us, "goals", "propose",
                     name="Prosecutorial brief")["goal"]["goal_id"]
&gt;       _build(us, name="research", node_ids=["rigor_checker"], goal_id=gid1)

tests\test_node_reuse_discovery.py:188: 
_ _ _ _ _ _ _ _ _ _ _ _ _ _ _ _ _ _ _ _ _ _ _ _ _ _ _ _ _ _ _ _ _ _ _ _ _ _ _ _

us = &lt;module 'tinyassets.universe_server' from 'C:\\Users\\Jonathan\\Projects\\wf-required-test-gate\\tinyassets\\universe_server.py'&gt;

    def _build(us, *, name: str, node_ids: list[str], goal_id: str = "") -&gt; str:
        spec = {
            "name": name,
            "entry_point": node_ids[0],
            "node_defs": [
                {
                    "node_id": nid,
                    "display_name": nid.replace("_", " ").title(),
                    "description": f"{nid} node in {name}",
                    "prompt_template": f"{nid}: {{x}}",
                }
                for nid in node_ids
            ],
            "edges": (
                [{"from": "START", "to": node_ids[0]}]
                + [
                    {"from": node_ids[i], "to": node_ids[i + 1]}
                    for i in range(len(node_ids) - 1)
                ]
                + [{"from": node_ids[-1], "to": "END"}]
            ),
            "state_schema": [{"name": "x", "type": "str"}],
        }
        if goal_id:
            spec["goal_id"] = goal_id
        res = _call(us, "extensions", "build_branch", spec_json=json.dumps(spec))
&gt;       assert res["status"] == "built", res
               ^^^^^^^^^^^^^
E       KeyError: 'status'

tests\test_node_reuse_discovery.py:71: KeyError</failure></testcase><testcase classname="tests.test_node_reuse_discovery.TestGoalsCommonNodesScope" name="test_scope_this_goal_filters_correctly" file="tests\test_node_reuse_discovery.py" line="198" time="0.137"><failure message="KeyError: 'status'">self = &lt;tests.test_node_reuse_discovery.TestGoalsCommonNodesScope object at 0x0000018D8763B230&gt;
ext_env = (&lt;module 'tinyassets.universe_server' from 'C:\\Users\\Jonathan\\Projects\\wf-required-test-gate\\tinyassets\\universe...dowsPath('C:/Users/Jonathan/AppData/Local/Temp/pytest-of-Jonathan/pytest-7404/test_scope_this_goal_filters_c0/output'))

    def test_scope_this_goal_filters_correctly(self, ext_env):
        us, _ = ext_env
        gid1 = _call(us, "goals", "propose", name="G1")["goal"]["goal_id"]
        gid2 = _call(us, "goals", "propose", name="G2")["goal"]["goal_id"]
&gt;       _build(us, name="g1-branch-a",
               node_ids=["shared_node"], goal_id=gid1)

tests\test_node_reuse_discovery.py:203: 
_ _ _ _ _ _ _ _ _ _ _ _ _ _ _ _ _ _ _ _ _ _ _ _ _ _ _ _ _ _ _ _ _ _ _ _ _ _ _ _

us = &lt;module 'tinyassets.universe_server' from 'C:\\Users\\Jonathan\\Projects\\wf-required-test-gate\\tinyassets\\universe_server.py'&gt;

    def _build(us, *, name: str, node_ids: list[str], goal_id: str = "") -&gt; str:
        spec = {
            "name": name,
            "entry_point": node_ids[0],
            "node_defs": [
                {
                    "node_id": nid,
                    "display_name": nid.replace("_", " ").title(),
                    "description": f"{nid} node in {name}",
                    "prompt_template": f"{nid}: {{x}}",
                }
                for nid in node_ids
            ],
            "edges": (
                [{"from": "START", "to": node_ids[0]}]
                + [
                    {"from": node_ids[i], "to": node_ids[i + 1]}
                    for i in range(len(node_ids) - 1)
                ]
                + [{"from": node_ids[-1], "to": "END"}]
            ),
            "state_schema": [{"name": "x", "type": "str"}],
        }
        if goal_id:
            spec["goal_id"] = goal_id
        res = _call(us, "extensions", "build_branch", spec_json=json.dumps(spec))
&gt;       assert res["status"] == "built", res
               ^^^^^^^^^^^^^
E       KeyError: 'status'

tests\test_node_reuse_discovery.py:71: KeyError</failure></testcase><testcase classname="tests.test_node_reuse_discovery.TestGoalsCommonNodesScope" name="test_scope_unknown_rejected" file="tests\test_node_reuse_discovery.py" line="217" time="0.122" /><testcase classname="tests.test_node_reuse_discovery.TestReusePromptNudges" name="test_control_station_has_search_before_invent_rule" file="tests\test_node_reuse_discovery.py" line="232" time="0.084" /><testcase classname="tests.test_node_reuse_discovery.TestReusePromptNudges" name="test_branch_design_guide_points_at_search_first" file="tests\test_node_reuse_discovery.py" line="241" time="0.083" /><testcase classname="tests.test_node_reuse_discovery.TestReusePromptNudges" name="test_branch_design_guide_reports_unsupported_new_authoring" file="tests\test_node_reuse_discovery.py" line="253" time="0.077" /><testcase classname="tests.test_node_sandbox" name="test_happy_path_returns_declared_output_keys" file="tests\test_node_sandbox.py" line="36" time="0.082" /><testcase classname="tests.test_node_sandbox" name="test_input_keys_filter_strips_undeclared_state" file="tests\test_node_sandbox.py" line="58" time="0.036" /><testcase classname="tests.test_node_sandbox" name="test_output_keys_filter_strips_undeclared_returns" file="tests\test_node_sandbox.py" line="80" time="0.063" /><testcase classname="tests.test_node_sandbox" name="test_timeout_kills_infinite_loop" file="tests\test_node_sandbox.py" line="108" time="1.051" /><testcase classname="tests.test_node_sandbox" name="test_forbidden_pattern_rejected_pre_execution[import os\ndef run(state):\n    os.system('whoami')\n    return {}\n]" file="tests\test_node_sandbox.py" line="142" time="0.001" /><testcase classname="tests.test_node_sandbox" name="test_forbidden_pattern_rejected_pre_execution[import subprocess\ndef run(state):\n    return {}\n]" file="tests\test_node_sandbox.py" line="142" time="0.001" /><testcase classname="tests.test_node_sandbox" name="test_forbidden_pattern_rejected_pre_execution[def run(state):\n    eval('1+1')\n    return {}\n]" file="tests\test_node_sandbox.py" line="142" time="0.001" /><testcase classname="tests.test_node_sandbox" name="test_forbidden_pattern_rejected_pre_execution[def run(state):\n    exec('print(1)')\n    return {}\n]" file="tests\test_node_sandbox.py" line="142" time="0.001" /><testcase classname="tests.test_node_sandbox" name="test_forbidden_pattern_rejected_pre_execution[def run(state):\n    open('secrets.txt').read()\n    return {}\n]" file="tests\test_node_sandbox.py" line="142" time="0.001" /><testcase classname="tests.test_node_sandbox" name="test_forbidden_pattern_rejected_pre_execution[def run(state):\n    __import__('socket')\n    return {}\n]" file="tests\test_node_sandbox.py" line="142" time="0.001" /><testcase classname="tests.test_node_sandbox" name="test_forbidden_pattern_rejected_pre_execution[import pickle\ndef run(state):\n    return {}\n]" file="tests\test_node_sandbox.py" line="142" time="0.001" /><testcase classname="tests.test_node_sandbox" name="test_forbidden_pattern_rejected_pre_execution[import ctypes\ndef run(state):\n    return {}\n]" file="tests\test_node_sandbox.py" line="142" time="0.001" /><testcase classname="tests.test_node_sandbox" name="test_oversized_source_rejected" file="tests\test_node_sandbox.py" line="168" time="0.001" /><testcase classname="tests.test_node_sandbox" name="test_syntax_error_rejected" file="tests\test_node_sandbox.py" line="178" time="0.001" /><testcase classname="tests.test_node_sandbox" name="test_execute_short_circuits_on_validation_failure" file="tests\test_node_sandbox.py" line="187" time="0.001" /><testcase classname="tests.test_node_sandbox" name="test_import_not_in_allowlist_fails_at_runtime" file="tests\test_node_sandbox.py" line="212" time="0.036" /><testcase classname="tests.test_node_sandbox" name="test_allowlisted_import_succeeds" file="tests\test_node_sandbox.py" line="239" time="0.036" /><testcase classname="tests.test_node_sandbox" name="test_runtime_exception_surfaces_as_structured_error" file="tests\test_node_sandbox.py" line="269" time="0.036" /><testcase classname="tests.test_node_sandbox" name="test_no_callable_found_returns_structured_error" file="tests\test_node_sandbox.py" line="294" time="0.036" /><testcase classname="tests.test_node_sandbox" name="test_non_dict_return_surfaces_as_error" file="tests\test_node_sandbox.py" line="312" time="0.036" /><testcase classname="tests.test_node_sandbox" name="test_environment_is_restricted_to_allowlist" file="tests\test_node_sandbox.py" line="336" time="0.002" /><testcase classname="tests.test_node_sandbox" name="test_allowlist_and_forbidden_are_disjoint_for_top_level_names" file="tests\test_node_sandbox.py" line="372" time="0.001" /><testcase classname="tests.test_node_sandbox" name="test_critical_forbidden_patterns_are_present" file="tests\test_node_sandbox.py" line="385" time="0.001" /><testcase classname="tests.test_node_timeout" name="test_run_with_timeout_returns_fast_calls_unchanged" file="tests\test_node_timeout.py" line="37" time="0.001" /><testcase classname="tests.test_node_timeout" name="test_run_with_timeout_raises_node_timeout_on_overrun" file="tests\test_node_timeout.py" line="44" time="0.115" /><testcase classname="tests.test_node_timeout" name="test_node_timeout_error_default_node_id_is_empty" file="tests\test_node_timeout.py" line="58" time="0.001" /><testcase classname="tests.test_node_timeout" name="test_runs_attribute_beats_regex_for_timeout_attribution" file="tests\test_node_timeout.py" line="65" time="0.001" /><testcase classname="tests.test_node_timeout" name="test_run_with_timeout_propagates_internal_errors" file="tests\test_node_timeout.py" line="82" time="0.001" /><testcase classname="tests.test_node_timeout" name="test_node_definition_default_timeout_is_300s" file="tests\test_node_timeout.py" line="95" time="0.001" /><testcase classname="tests.test_node_timeout" name="test_compiler_wraps_provider_call_with_node_timeout" file="tests\test_node_timeout.py" line="126" time="0.107" /><testcase classname="tests.test_node_timeout" name="test_runner_emits_node_timeout_event_and_marks_run_failed" file="tests\test_node_timeout.py" line="149" time="0.272" /><testcase classname="tests.test_node_timeout" name="test_runner_emits_node_empty_response_event_and_marks_run_failed" file="tests\test_node_timeout.py" line="209" time="0.226" /><testcase classname="tests.test_node_timeout" name="test_fast_provider_does_not_hit_timeout" file="tests\test_node_timeout.py" line="269" time="0.221" /><testcase classname="tests.test_nodes_real.TestOrientNode" name="test_basic_orient" file="tests\test_nodes_real.py" line="67" time="16.170" /><testcase classname="tests.test_nodes_real.TestOrientNode" name="test_orient_includes_arc_position" file="tests\test_nodes_real.py" line="79" time="12.028" /><testcase classname="tests.test_nodes_real.TestOrientNode" name="test_orient_populates_downstream_contract_fields" file="tests\test_nodes_real.py" line="84" time="12.545" /><testcase classname="tests.test_nodes_real.TestOrientNode" name="test_orient_reads_recent_prose" file="tests\test_nodes_real.py" line="95" time="12.057" /><testcase classname="tests.test_nodes_real.TestOrientNode" name="test_orient_quality_trace_format" file="tests\test_nodes_real.py" line="100" time="12.028" /><testcase classname="tests.test_nodes_real.TestOrientNode" name="test_orient_with_promises_in_db" file="tests\test_nodes_real.py" line="109" time="12.078" /><testcase classname="tests.test_nodes_real.TestOrientNode" name="test_orient_with_character_gaps" file="tests\test_nodes_real.py" line="122" time="12.040" /><testcase classname="tests.test_nodes_real.TestOrientNode" name="test_orient_canon_context_with_dir" file="tests\test_nodes_real.py" line="135" time="12.126" /><testcase classname="tests.test_nodes_real.TestOrientNode" name="test_orient_no_canon_dir" file="tests\test_nodes_real.py" line="144" time="12.090" /><testcase classname="tests.test_nodes_real.TestArcPosition" name="test_setup_early" file="tests\test_nodes_real.py" line="158" time="0.001" /><testcase classname="tests.test_nodes_real.TestArcPosition" name="test_rising_action" file="tests\test_nodes_real.py" line="161" time="0.000" /><testcase classname="tests.test_nodes_real.TestArcPosition" name="test_midpoint" file="tests\test_nodes_real.py" line="164" time="0.000" /><testcase classname="tests.test_nodes_real.TestArcPosition" name="test_climax" file="tests\test_nodes_real.py" line="167" time="0.000" /><testcase classname="tests.test_nodes_real.TestArcPosition" name="test_resolution" file="tests\test_nodes_real.py" line="170" time="0.000" /><testcase classname="tests.test_nodes_real.TestArcPosition" name="test_default_target" file="tests\test_nodes_real.py" line="173" time="0.000" /><testcase classname="tests.test_nodes_real.TestPlanNode" name="test_basic_plan" file="tests\test_nodes_real.py" line="184" time="20.232" /><testcase classname="tests.test_nodes_real.TestPlanNode" name="test_plan_quality_trace" file="tests\test_nodes_real.py" line="198" time="16.088" /><testcase classname="tests.test_nodes_real.TestPlanNode" name="test_plan_scores_alternatives" file="tests\test_nodes_real.py" line="209" time="16.063" /><testcase classname="tests.test_nodes_real.TestPlanParsing" name="test_parse_json_alternatives" file="tests\test_nodes_real.py" line="217" time="0.001" /><testcase classname="tests.test_nodes_real.TestPlanParsing" name="test_parse_json_array" file="tests\test_nodes_real.py" line="225" time="0.000" /><testcase classname="tests.test_nodes_real.TestPlanParsing" name="test_parse_garbage_returns_default" file="tests\test_nodes_real.py" line="230" time="0.001" /><testcase classname="tests.test_nodes_real.TestTensionParsing" name="test_numeric" file="tests\test_nodes_real.py" line="237" time="0.000" /><testcase classname="tests.test_nodes_real.TestTensionParsing" name="test_string_number" file="tests\test_nodes_real.py" line="241" time="0.000" /><testcase classname="tests.test_nodes_real.TestTensionParsing" name="test_word" file="tests\test_nodes_real.py" line="244" time="0.000" /><testcase classname="tests.test_nodes_real.TestTensionParsing" name="test_unknown_word" file="tests\test_nodes_real.py" line="249" time="0.000" /><testcase classname="tests.test_nodes_real.TestTensionParsing" name="test_none" file="tests\test_nodes_real.py" line="252" time="0.000" /><testcase classname="tests.test_nodes_real.TestScoring" name="test_ideal_plan_scores_high" file="tests\test_nodes_real.py" line="257" time="0.000" /><testcase classname="tests.test_nodes_real.TestScoring" name="test_flat_tension_scores_lower" file="tests\test_nodes_real.py" line="270" time="0.000" /><testcase classname="tests.test_nodes_real.TestScoring" name="test_default_plan_valid" file="tests\test_nodes_real.py" line="283" time="0.000" /><testcase classname="tests.test_nodes_real.TestDraftNode" name="test_basic_draft" file="tests\test_nodes_real.py" line="296" time="20.109" /><testcase classname="tests.test_nodes_real.TestDraftNode" name="test_draft_voice_decisions" file="tests\test_nodes_real.py" line="310" time="20.086" /><testcase classname="tests.test_nodes_real.TestDraftNode" name="test_draft_revision_mode" file="tests\test_nodes_real.py" line="320" time="20.088" /><testcase classname="tests.test_nodes_real.TestDraftNode" name="test_draft_quality_trace" file="tests\test_nodes_real.py" line="339" time="20.079" /><testcase classname="tests.test_nodes_real.TestDraftNode" name="test_draft_empty_prose_short_circuits" file="tests\test_nodes_real.py" line="351" time="24.142" /><testcase classname="tests.test_nodes_real.TestCommitNode" name="test_basic_commit" file="tests\test_nodes_real.py" line="374" time="20.130" /><testcase classname="tests.test_nodes_real.TestCommitNode" name="test_commit_quality_trace" file="tests\test_nodes_real.py" line="387" time="20.093" /><testcase classname="tests.test_nodes_real.TestCommitNode" name="test_commit_updates_world_state" file="tests\test_nodes_real.py" line="401" time="20.082" /><testcase classname="tests.test_nodes_real.TestCommitNode" name="test_commit_second_draft_flag" file="tests\test_nodes_real.py" line="415" time="20.114" /><testcase classname="tests.test_nodes_real.TestCommitNode" name="test_commit_structural_result" file="tests\test_nodes_real.py" line="423" time="20.134" /><testcase classname="tests.test_nodes_real.TestCommitNode" name="test_commit_reverts_on_provider_failed" file="tests\test_nodes_real.py" line="436" time="20.169" /><testcase classname="tests.test_nodes_real.TestCommitNode" name="test_commit_persists_consistency_audit_notes" file="tests\test_nodes_real.py" line="458" time="20.261" /><testcase classname="tests.test_nodes_real.TestFullPipeline" name="test_pipeline_produces_verdict" file="tests\test_nodes_real.py" line="530" time="20.155" /><testcase classname="tests.test_nodes_real.TestFullPipeline" name="test_pipeline_accumulates_quality_trace" file="tests\test_nodes_real.py" line="541" time="20.073" /><testcase classname="tests.test_nodes_real.TestFullPipeline" name="test_pipeline_at_different_chapters" file="tests\test_nodes_real.py" line="566" time="20.094" /><testcase classname="tests.test_notes.TestNoteModel" name="test_roundtrip" file="tests\test_notes.py" line="18" time="0.001" /><testcase classname="tests.test_notes.TestNoteModel" name="test_defaults" file="tests\test_notes.py" line="31" time="0.000" /><testcase classname="tests.test_notes.TestCRUD" name="test_add_and_list" file="tests\test_notes.py" line="41" time="0.022" /><testcase classname="tests.test_notes.TestCRUD" name="test_add_line_anchor" file="tests\test_notes.py" line="53" time="0.021" /><testcase classname="tests.test_notes.TestCRUD" name="test_list_with_filters" file="tests\test_notes.py" line="78" time="0.029" /><testcase classname="tests.test_notes.TestCRUD" name="test_update_status" file="tests\test_notes.py" line="87" time="0.035" /><testcase classname="tests.test_notes.TestCRUD" name="test_update_invalid_status" file="tests\test_notes.py" line="96" time="0.009" /><testcase classname="tests.test_notes.TestCRUD" name="test_update_nonexistent" file="tests\test_notes.py" line="102" time="0.009" /><testcase classname="tests.test_notes.TestCRUD" name="test_bulk_update" file="tests\test_notes.py" line="105" time="0.044" /><testcase classname="tests.test_notes.TestCRUD" name="test_delete" file="tests\test_notes.py" line="115" time="0.018" /><testcase classname="tests.test_notes.TestCRUD" name="test_delete_nonexistent" file="tests\test_notes.py" line="123" time="0.009" /><testcase classname="tests.test_notes.TestCRUD" name="test_empty_universe" file="tests\test_notes.py" line="126" time="0.008" /><testcase classname="tests.test_notes.TestOrientIntegration" name="test_unread_sorted_by_priority" file="tests\test_notes.py" line="131" time="0.042" /><testcase classname="tests.test_notes.TestOrientIntegration" name="test_excludes_read_notes" file="tests\test_notes.py" line="141" time="0.042" /><testcase classname="tests.test_notes.TestOrientIntegration" name="test_format_for_context" file="tests\test_notes.py" line="150" time="0.009" /><testcase classname="tests.test_notes.TestOrientIntegration" name="test_format_empty" file="tests\test_notes.py" line="165" time="0.001" /><testcase classname="tests.test_notes.TestOrientIntegration" name="test_mark_notes_read" file="tests\test_notes.py" line="168" time="0.034" /><testcase classname="tests.test_okf_export" name="test_export_universe_okf_bundle_exports_curated_pages_only" file="tests\test_okf_export.py" line="81" time="0.067" /><testcase classname="tests.test_okf_export" name="test_export_converts_wikilinks_to_absolute_okf_links_and_flags_unresolved" file="tests\test_okf_export.py" line="100" time="0.022" /><testcase classname="tests.test_okf_export" name="test_export_guarantees_type_title_timestamp_and_workflow_keys" file="tests\test_okf_export.py" line="119" time="0.024" /><testcase classname="tests.test_okf_export" name="test_reserved_files_follow_okf_structure" file="tests\test_okf_export.py" line="146" time="0.023" /><testcase classname="tests.test_openspec_drain_supervisor" name="test_parse_result_accepts_one_literal_final_marker" file="tests\test_openspec_drain_supervisor.py" line="61" time="0.001" /><testcase classname="tests.test_openspec_drain_supervisor" name="test_parse_result_canonicalizes_literal_human_task_label" file="tests\test_openspec_drain_supervisor.py" line="73" time="0.000" /><testcase classname="tests.test_openspec_drain_supervisor" name="test_parse_result_rejects_ambiguous_or_echoed_markers[DRAIN_RESULT: &lt;MERGED|BLOCKED&gt; &lt;target&gt; &lt;pr&gt;]" file="tests\test_openspec_drain_supervisor.py" line="86" time="0.001" /><testcase classname="tests.test_openspec_drain_supervisor" name="test_parse_result_rejects_ambiguous_or_echoed_markers[DRAIN_RESULT: MERGED target https://github.com/o/r/pull/1\nextra]" file="tests\test_openspec_drain_supervisor.py" line="86" time="0.000" /><testcase classname="tests.test_openspec_drain_supervisor" name="test_parse_result_rejects_ambiguous_or_echoed_markers[DRAIN_RESULT: BLOCKED first -\nDRAIN_RESULT: NO_CANDIDATE - -\n]" file="tests\test_openspec_drain_supervisor.py" line="86" time="0.000" /><testcase classname="tests.test_openspec_drain_supervisor" name="test_parse_result_rejects_ambiguous_or_echoed_markers[[peer_agent] ERROR: provider failed\nDRAIN_RESULT: FAILED - -]" file="tests\test_openspec_drain_supervisor.py" line="86" time="0.001" /><testcase classname="tests.test_openspec_drain_supervisor" name="test_parse_result_rejects_ambiguous_or_echoed_markers[DRAIN_RESULT: MERGED|PARTIAL target https://github.com/o/r/pull/1]" file="tests\test_openspec_drain_supervisor.py" line="86" time="0.000" /><testcase classname="tests.test_openspec_drain_supervisor" name="test_parse_result_rejects_ambiguous_or_echoed_markers[ordinary final prose]" file="tests\test_openspec_drain_supervisor.py" line="86" time="0.000" /><testcase classname="tests.test_openspec_drain_supervisor" name="test_worker_prompt_resumes_own_claim_and_carries_governance" file="tests\test_openspec_drain_supervisor.py" line="105" time="0.001" /><testcase classname="tests.test_openspec_drain_supervisor" name="test_worker_prompt_requires_proven_exhaustion_before_no_candidate" file="tests\test_openspec_drain_supervisor.py" line="144" time="0.001" /><testcase classname="tests.test_openspec_drain_supervisor" name="test_worker_prompt_claims_preselected_candidate_before_broad_audit" file="tests\test_openspec_drain_supervisor.py" line="164" time="0.001" /><testcase classname="tests.test_openspec_drain_supervisor" name="test_worker_prompt_refines_exact_existing_change_before_product_claim" file="tests\test_openspec_drain_supervisor.py" line="186" time="0.001" /><testcase classname="tests.test_openspec_drain_supervisor" name="test_refinery_continuation_requires_claimable_overlap" file="tests\test_openspec_drain_supervisor.py" line="222" time="0.000" /><testcase classname="tests.test_openspec_drain_supervisor" name="test_refinery_partial_resumes_as_normal_delivery_not_foldback" file="tests\test_openspec_drain_supervisor.py" line="256" time="0.008" /><testcase classname="tests.test_openspec_drain_supervisor" name="test_refinery_partial_without_admission_rechecks_current_snapshot" file="tests\test_openspec_drain_supervisor.py" line="287" time="0.001" /><testcase classname="tests.test_openspec_drain_supervisor" name="test_candidate_snapshot_preserves_order_and_bounds_hints" file="tests\test_openspec_drain_supervisor.py" line="308" time="0.007" /><testcase classname="tests.test_openspec_drain_supervisor" name="test_candidate_snapshot_unwraps_canonical_stale_rows" file="tests\test_openspec_drain_supervisor.py" line="384" time="0.008" /><testcase classname="tests.test_openspec_drain_supervisor" name="test_candidate_snapshot_extracts_all_blocked_targets_beyond_hint_limit" file="tests\test_openspec_drain_supervisor.py" line="435" time="0.007" /><testcase classname="tests.test_openspec_drain_supervisor" name="test_blocked_target_identity_does_not_alias_long_claimable_label" file="tests\test_openspec_drain_supervisor.py" line="491" time="0.007" /><testcase classname="tests.test_openspec_drain_supervisor" name="test_legacy_target_identity_migration_rekeys_admission_and_retries_blockers" file="tests\test_openspec_drain_supervisor.py" line="549" time="0.006" /><testcase classname="tests.test_openspec_drain_supervisor" name="test_candidate_snapshot_rejects_malformed_blocked_collection[blocked0]" file="tests\test_openspec_drain_supervisor.py" line="580" time="0.007" /><testcase classname="tests.test_openspec_drain_supervisor" name="test_candidate_snapshot_rejects_malformed_blocked_collection[blocked1]" file="tests\test_openspec_drain_supervisor.py" line="580" time="0.006" /><testcase classname="tests.test_openspec_drain_supervisor" name="test_candidate_snapshot_rejects_malformed_blocked_collection[blocked2]" file="tests\test_openspec_drain_supervisor.py" line="580" time="0.006" /><testcase classname="tests.test_openspec_drain_supervisor" name="test_candidate_pressure_reads_claim_check_json" file="tests\test_openspec_drain_supervisor.py" line="625" time="0.006" /><testcase classname="tests.test_openspec_drain_supervisor" name="test_current_main_snapshot_fetches_before_ref_classification" file="tests\test_openspec_drain_supervisor.py" line="684" time="0.006" /><testcase classname="tests.test_openspec_drain_supervisor" name="test_current_main_snapshot_supplies_bounded_refinery_hints" file="tests\test_openspec_drain_supervisor.py" line="746" time="0.007" /><testcase classname="tests.test_openspec_drain_supervisor" name="test_no_candidate_rejection_requires_zero_pressure[1-0-0-0-claimable=1 stale=0 owned=0 refinable=0]" file="tests\test_openspec_drain_supervisor.py" line="866" time="0.001" /><testcase classname="tests.test_openspec_drain_supervisor" name="test_no_candidate_rejection_requires_zero_pressure[0-2-0-0-claimable=0 stale=2 owned=0 refinable=0]" file="tests\test_openspec_drain_supervisor.py" line="866" time="0.001" /><testcase classname="tests.test_openspec_drain_supervisor" name="test_no_candidate_rejection_requires_zero_pressure[0-0-1-0-claimable=0 stale=0 owned=1 refinable=0]" file="tests\test_openspec_drain_supervisor.py" line="866" time="0.001" /><testcase classname="tests.test_openspec_drain_supervisor" name="test_no_candidate_rejection_requires_zero_pressure[0-0-0-2-claimable=0 stale=0 owned=0 refinable=2]" file="tests\test_openspec_drain_supervisor.py" line="866" time="0.001" /><testcase classname="tests.test_openspec_drain_supervisor" name="test_no_candidate_rejection_requires_zero_pressure[0-0-0-0-None]" file="tests\test_openspec_drain_supervisor.py" line="866" time="0.001" /><testcase classname="tests.test_openspec_drain_supervisor" name="test_begin_attempt_marks_idle_controller_running" file="tests\test_openspec_drain_supervisor.py" line="896" time="0.000" /><testcase classname="tests.test_openspec_drain_supervisor" name="test_codex_drain_dispatch_uses_balanced_reasoning_effort" file="tests\test_openspec_drain_supervisor.py" line="907" time="0.008" /><testcase classname="tests.test_openspec_drain_supervisor" name="test_repeated_target_attempts_get_distinct_deterministic_lanes" file="tests\test_openspec_drain_supervisor.py" line="935" time="0.007" /><testcase classname="tests.test_openspec_drain_supervisor" name="test_dispatch_completes_from_stable_valid_artifact_before_process_exit" file="tests\test_openspec_drain_supervisor.py" line="958" time="0.009" /><testcase classname="tests.test_openspec_drain_supervisor" name="test_dispatch_does_not_complete_from_invalid_artifact" file="tests\test_openspec_drain_supervisor.py" line="1009" time="0.019" /><testcase classname="tests.test_openspec_drain_supervisor" name="test_mechanical_admission_claims_candidate_in_prepared_worktree" file="tests\test_openspec_drain_supervisor.py" line="1057" time="0.011" /><testcase classname="tests.test_openspec_drain_supervisor" name="test_admitted_prompt_forbids_reselection_and_duplicate_worktree" file="tests\test_openspec_drain_supervisor.py" line="1145" time="0.007" /><testcase classname="tests.test_openspec_drain_supervisor" name="test_partial_resume_requires_one_fresh_foldback_pr_per_worker" file="tests\test_openspec_drain_supervisor.py" line="1167" time="0.007" /><testcase classname="tests.test_openspec_drain_supervisor" name="test_mechanical_admission_never_deletes_preexisting_branch" file="tests\test_openspec_drain_supervisor.py" line="1197" time="0.007" /><testcase classname="tests.test_openspec_drain_supervisor" name="test_mechanical_stale_admission_commits_reap_before_claim" file="tests\test_openspec_drain_supervisor.py" line="1238" time="0.027" /><testcase classname="tests.test_openspec_drain_supervisor" name="test_admission_command_normalizes_timeout_to_runtime_error" file="tests\test_openspec_drain_supervisor.py" line="1335" time="0.009" /><testcase classname="tests.test_openspec_drain_supervisor" name="test_admission_cleanup_never_masks_original_failure" file="tests\test_openspec_drain_supervisor.py" line="1352" time="0.007" /><testcase classname="tests.test_openspec_drain_supervisor" name="test_blocked_candidates_are_filtered_before_next_admission" file="tests\test_openspec_drain_supervisor.py" line="1367" time="0.001" /><testcase classname="tests.test_openspec_drain_supervisor" name="test_consumed_targets_filter_owned_and_claimable_hints" file="tests\test_openspec_drain_supervisor.py" line="1400" time="0.000" /><testcase classname="tests.test_openspec_drain_supervisor" name="test_recent_blockers_are_retained_only_while_current_main_blocks_them" file="tests\test_openspec_drain_supervisor.py" line="1423" time="0.000" /><testcase classname="tests.test_openspec_drain_supervisor" name="test_recent_blocker_cooldown_only_suppresses_filtered_rediscovery[pressure0-candidate_hints0-recent_blocked0-False-True]" file="tests\test_openspec_drain_supervisor.py" line="1430" time="0.001" /><testcase classname="tests.test_openspec_drain_supervisor" name="test_recent_blocker_cooldown_only_suppresses_filtered_rediscovery[pressure1-candidate_hints1-recent_blocked1-False-True]" file="tests\test_openspec_drain_supervisor.py" line="1430" time="0.001" /><testcase classname="tests.test_openspec_drain_supervisor" name="test_recent_blocker_cooldown_only_suppresses_filtered_rediscovery[pressure2-candidate_hints2-recent_blocked2-False-False]" file="tests\test_openspec_drain_supervisor.py" line="1430" time="0.001" /><testcase classname="tests.test_openspec_drain_supervisor" name="test_recent_blocker_cooldown_only_suppresses_filtered_rediscovery[pressure3-candidate_hints3-recent_blocked3-True-False]" file="tests\test_openspec_drain_supervisor.py" line="1430" time="0.001" /><testcase classname="tests.test_openspec_drain_supervisor" name="test_recent_blocker_cooldown_only_suppresses_filtered_rediscovery[pressure4-candidate_hints4-recent_blocked4-False-False]" file="tests\test_openspec_drain_supervisor.py" line="1430" time="0.001" /><testcase classname="tests.test_openspec_drain_supervisor" name="test_recent_blocker_cooldown_only_suppresses_filtered_rediscovery[pressure5-candidate_hints5-recent_blocked5-False-False]" file="tests\test_openspec_drain_supervisor.py" line="1430" time="0.001" /><testcase classname="tests.test_openspec_drain_supervisor" name="test_recent_blocker_cooldown_only_suppresses_filtered_rediscovery[pressure6-candidate_hints6-recent_blocked6-False-False]" file="tests\test_openspec_drain_supervisor.py" line="1430" time="0.001" /><testcase classname="tests.test_openspec_drain_supervisor" name="test_blocked_result_skips_idle_only_for_a_different_candidate" file="tests\test_openspec_drain_supervisor.py" line="1508" time="0.000" /><testcase classname="tests.test_openspec_drain_supervisor" name="test_blocked_refinery_candidate_skips_idle_for_a_different_target" file="tests\test_openspec_drain_supervisor.py" line="1549" time="0.000" /><testcase classname="tests.test_openspec_drain_supervisor" name="test_run_dispatches_next_refinery_without_idle_after_block" file="tests\test_openspec_drain_supervisor.py" line="1573" time="0.074" /><testcase classname="tests.test_openspec_drain_supervisor" name="test_admission_rejects_mismatched_worker_result" file="tests\test_openspec_drain_supervisor.py" line="1658" time="0.009" /><testcase classname="tests.test_openspec_drain_supervisor" name="test_refinery_rejects_wrong_target_or_terminal_status[result0-None]" file="tests\test_openspec_drain_supervisor.py" line="1674" time="0.001" /><testcase classname="tests.test_openspec_drain_supervisor" name="test_refinery_rejects_wrong_target_or_terminal_status[result1-assigned=refine-openspec-target reported=different-target]" file="tests\test_openspec_drain_supervisor.py" line="1674" time="0.001" /><testcase classname="tests.test_openspec_drain_supervisor" name="test_refinery_rejects_wrong_target_or_terminal_status[result2-refinery cannot report MERGED]" file="tests\test_openspec_drain_supervisor.py" line="1674" time="0.001" /><testcase classname="tests.test_openspec_drain_supervisor" name="test_refinery_rejects_wrong_target_or_terminal_status[result3-refinery cannot report NO_CANDIDATE]" file="tests\test_openspec_drain_supervisor.py" line="1674" time="0.001" /><testcase classname="tests.test_openspec_drain_supervisor" name="test_blocked_result_requires_exact_current_main_blocked_target[blocked_targets0-None]" file="tests\test_openspec_drain_supervisor.py" line="1716" time="0.001" /><testcase classname="tests.test_openspec_drain_supervisor" name="test_blocked_result_requires_exact_current_main_blocked_target[blocked_targets1-target=assigned-target]" file="tests\test_openspec_drain_supervisor.py" line="1716" time="0.001" /><testcase classname="tests.test_openspec_drain_supervisor" name="test_blocked_result_requires_exact_current_main_blocked_target[blocked_targets2-target=assigned-target]" file="tests\test_openspec_drain_supervisor.py" line="1716" time="0.001" /><testcase classname="tests.test_openspec_drain_supervisor" name="test_invalid_blocked_result_retains_admission_and_records_failure" file="tests\test_openspec_drain_supervisor.py" line="1743" time="0.007" /><testcase classname="tests.test_openspec_drain_supervisor" name="test_admitted_prompt_requires_exact_canonical_result_target" file="tests\test_openspec_drain_supervisor.py" line="1779" time="0.007" /><testcase classname="tests.test_openspec_drain_supervisor" name="test_resume_replays_newly_valid_result_and_undoes_parser_strike" file="tests\test_openspec_drain_supervisor.py" line="1802" time="0.019" /><testcase classname="tests.test_openspec_drain_supervisor" name="test_resume_rejects_newly_parseable_private_blocker" file="tests\test_openspec_drain_supervisor.py" line="1851" time="0.016" /><testcase classname="tests.test_openspec_drain_supervisor" name="test_resume_retains_failure_when_last_result_cannot_be_safely_replayed[DRAIN_RESULT: &lt;BLOCKED&gt; main-red round 2 -]" file="tests\test_openspec_drain_supervisor.py" line="1893" time="0.017" /><testcase classname="tests.test_openspec_drain_supervisor" name="test_resume_retains_failure_when_last_result_cannot_be_safely_replayed[DRAIN_RESULT: BLOCKED different target -]" file="tests\test_openspec_drain_supervisor.py" line="1893" time="0.015" /><testcase classname="tests.test_openspec_drain_supervisor" name="test_resume_retains_failure_when_last_result_cannot_be_safely_replayed[DRAIN_RESULT: BLOCKED main-red round 2 -\nDRAIN_RESULT: BLOCKED main-red round 2 -]" file="tests\test_openspec_drain_supervisor.py" line="1893" time="0.010" /><testcase classname="tests.test_openspec_drain_supervisor" name="test_resume_consumes_valid_unrecorded_current_attempt" file="tests\test_openspec_drain_supervisor.py" line="1940" time="0.009" /><testcase classname="tests.test_openspec_drain_supervisor" name="test_resume_rejects_unconsumed_private_blocker" file="tests\test_openspec_drain_supervisor.py" line="1978" time="0.023" /><testcase classname="tests.test_openspec_drain_supervisor" name="test_resume_refuses_unrecorded_result_for_different_admission" file="tests\test_openspec_drain_supervisor.py" line="2015" time="0.017" /><testcase classname="tests.test_openspec_drain_supervisor" name="test_resume_recovers_current_result_after_an_earlier_failed_attempt" file="tests\test_openspec_drain_supervisor.py" line="2044" time="0.009" /><testcase classname="tests.test_openspec_drain_supervisor" name="test_run_recovers_unconsumed_result_before_replacement_dispatch" file="tests\test_openspec_drain_supervisor.py" line="2081" time="0.061" /><testcase classname="tests.test_openspec_drain_supervisor" name="test_resume_clears_terminal_timestamp_before_next_attempt" file="tests\test_openspec_drain_supervisor.py" line="2162" time="0.022" /><testcase classname="tests.test_openspec_drain_supervisor" name="test_resume_persists_cleared_terminal_timestamp_before_result_recovery" file="tests\test_openspec_drain_supervisor.py" line="2200" time="0.021" /><testcase classname="tests.test_openspec_drain_supervisor" name="test_resume_does_not_recover_a_missing_recorded_artifact" file="tests\test_openspec_drain_supervisor.py" line="2243" time="0.008" /><testcase classname="tests.test_openspec_drain_supervisor" name="test_resume_replays_the_recorded_invalid_attempt_not_latest_attempt" file="tests\test_openspec_drain_supervisor.py" line="2269" time="0.009" /><testcase classname="tests.test_openspec_drain_supervisor" name="test_legacy_failure_budget_can_replay_its_terminal_current_attempt" file="tests\test_openspec_drain_supervisor.py" line="2312" time="0.008" /><testcase classname="tests.test_openspec_drain_supervisor" name="test_resume_replayed_merge_uses_controller_verification" file="tests\test_openspec_drain_supervisor.py" line="2348" time="0.009" /><testcase classname="tests.test_openspec_drain_supervisor" name="test_resume_requires_admission_and_an_exact_invalid_attempt[state_overrides0]" file="tests\test_openspec_drain_supervisor.py" line="2400" time="0.008" /><testcase classname="tests.test_openspec_drain_supervisor" name="test_resume_requires_admission_and_an_exact_invalid_attempt[state_overrides1]" file="tests\test_openspec_drain_supervisor.py" line="2400" time="0.008" /><testcase classname="tests.test_openspec_drain_supervisor" name="test_resume_requires_admission_and_an_exact_invalid_attempt[state_overrides2]" file="tests\test_openspec_drain_supervisor.py" line="2400" time="0.008" /><testcase classname="tests.test_openspec_drain_supervisor" name="test_run_replays_invalid_result_before_failure_budget" file="tests\test_openspec_drain_supervisor.py" line="2442" time="0.034" /><testcase classname="tests.test_openspec_drain_supervisor" name="test_recovery_log_names_recorded_attempt_not_latest_counter" file="tests\test_openspec_drain_supervisor.py" line="2511" time="0.034" /><testcase classname="tests.test_openspec_drain_supervisor" name="test_invalid_result_records_its_exact_attempt" file="tests\test_openspec_drain_supervisor.py" line="2568" time="0.025" /><testcase classname="tests.test_openspec_drain_supervisor" name="test_apply_merged_requires_controller_verification" file="tests\test_openspec_drain_supervisor.py" line="2617" time="0.001" /><testcase classname="tests.test_openspec_drain_supervisor" name="test_verified_merge_records_bounded_receipt_and_rejects_exact_replay" file="tests\test_openspec_drain_supervisor.py" line="2632" time="0.000" /><testcase classname="tests.test_openspec_drain_supervisor" name="test_verified_partial_records_receipt_and_rejects_exact_replay" file="tests\test_openspec_drain_supervisor.py" line="2650" time="0.000" /><testcase classname="tests.test_openspec_drain_supervisor" name="test_merge_receipt_rejects_repo_case_and_number_format_replay" file="tests\test_openspec_drain_supervisor.py" line="2667" time="0.000" /><testcase classname="tests.test_openspec_drain_supervisor" name="test_merge_receipts_survive_for_the_whole_bounded_run" file="tests\test_openspec_drain_supervisor.py" line="2684" time="0.003" /><testcase classname="tests.test_openspec_drain_supervisor" name="test_duplicate_merge_suppresses_stale_admission_without_counting_slice" file="tests\test_openspec_drain_supervisor.py" line="2710" time="0.008" /><testcase classname="tests.test_openspec_drain_supervisor" name="test_duplicate_merge_suppression_is_bounded_and_deduplicated" file="tests\test_openspec_drain_supervisor.py" line="2749" time="0.000" /><testcase classname="tests.test_openspec_drain_supervisor" name="test_legacy_merge_receipts_are_reconstructed_and_deduplicated" file="tests\test_openspec_drain_supervisor.py" line="2781" time="0.034" /><testcase classname="tests.test_openspec_drain_supervisor" name="test_legacy_merge_receipts_exclude_prior_verification_failure" file="tests\test_openspec_drain_supervisor.py" line="2824" time="0.010" /><testcase classname="tests.test_openspec_drain_supervisor" name="test_legacy_merge_receipts_include_verified_partial_results" file="tests\test_openspec_drain_supervisor.py" line="2859" time="0.018" /><testcase classname="tests.test_openspec_drain_supervisor" name="test_legacy_merge_receipts_include_successful_recovery_audits[replayed newly valid result]" file="tests\test_openspec_drain_supervisor.py" line="2885" time="0.017" /><testcase classname="tests.test_openspec_drain_supervisor" name="test_legacy_merge_receipts_include_successful_recovery_audits[recovered unconsumed terminal result]" file="tests\test_openspec_drain_supervisor.py" line="2885" time="0.024" /><testcase classname="tests.test_openspec_drain_supervisor" name="test_legacy_recovery_audit_cannot_exceed_completed_slice_ledger" file="tests\test_openspec_drain_supervisor.py" line="2924" time="0.010" /><testcase classname="tests.test_openspec_drain_supervisor" name="test_legacy_recovery_audits_fail_open_when_success_identity_is_ambiguous" file="tests\test_openspec_drain_supervisor.py" line="2955" time="0.016" /><testcase classname="tests.test_openspec_drain_supervisor" name="test_apply_partial_resets_failures_and_sets_resume_target" file="tests\test_openspec_drain_supervisor.py" line="2993" time="0.001" /><testcase classname="tests.test_openspec_drain_supervisor" name="test_repeated_same_target_partial_consumes_failure_budget" file="tests\test_openspec_drain_supervisor.py" line="3009" time="0.001" /><testcase classname="tests.test_openspec_drain_supervisor" name="test_refinery_partial_does_not_count_as_delivery_partial_stall" file="tests\test_openspec_drain_supervisor.py" line="3032" time="0.000" /><testcase classname="tests.test_openspec_drain_supervisor" name="test_blocked_target_is_bounded_and_no_candidate_does_not_fail" file="tests\test_openspec_drain_supervisor.py" line="3056" time="0.001" /><testcase classname="tests.test_openspec_drain_supervisor" name="test_failed_delivery_preserves_admission_for_a_fresh_worker" file="tests\test_openspec_drain_supervisor.py" line="3068" time="0.000" /><testcase classname="tests.test_openspec_drain_supervisor" name="test_verify_merged_uses_github_pr_state" file="tests\test_openspec_drain_supervisor.py" line="3087" time="0.000" /><testcase classname="tests.test_openspec_drain_supervisor" name="test_verify_merged_rejects_invalid_url_or_nonmerged_state" file="tests\test_openspec_drain_supervisor.py" line="3108" time="0.000" /><testcase classname="tests.test_openspec_drain_supervisor" name="test_verify_merged_rejects_wrong_repo_or_pre_run_merge" file="tests\test_openspec_drain_supervisor.py" line="3124" time="0.008" /><testcase classname="tests.test_openspec_drain_supervisor" name="test_lock_rejects_second_controller_and_allows_explicit_recovery" file="tests\test_openspec_drain_supervisor.py" line="3159" time="0.024" /><testcase classname="tests.test_openspec_drain_supervisor" name="test_pid_probe_detects_detached_unrelated_live_process" file="tests\test_openspec_drain_supervisor.py" line="3179" time="0.001"><failure message="ValueError: invalid literal for int() with base 10: 'https://github.com/x/x/pull/99'">@pytest.mark.skipif(os.name != "nt", reason="Windows lock recovery regression")
    def test_pid_probe_detects_detached_unrelated_live_process() -&gt; None:
        flags = subprocess.DETACHED_PROCESS | subprocess.CREATE_NEW_PROCESS_GROUP
        launcher_code = (
            "import subprocess,sys; "
            "p=subprocess.Popen([sys.executable,'-c','import time;time.sleep(30)'],"
            f"creationflags={flags}); "
            "print(p.pid)"
        )
        launched = subprocess.run(
            [sys.executable, "-c", launcher_code],
            capture_output=True,
            text=True,
            check=True,
            timeout=10,
        )
&gt;       pid = int(launched.stdout.strip())
              ^^^^^^^^^^^^^^^^^^^^^^^^^^^^
E       ValueError: invalid literal for int() with base 10: 'https://github.com/x/x/pull/99'

tests\test_openspec_drain_supervisor.py:3196: ValueError</failure></testcase><testcase classname="tests.test_openspec_drain_supervisor" name="test_interruptible_wait_observes_stop_without_full_interval" file="tests\test_openspec_drain_supervisor.py" line="3208" time="0.009" /><testcase classname="tests.test_openspec_drain_supervisor" name="test_peer_failure_taxonomy[127-[peer_agent] ERROR: CLI not launchable-fatal]" file="tests\test_openspec_drain_supervisor.py" line="3230" time="0.001" /><testcase classname="tests.test_openspec_drain_supervisor" name="test_peer_failure_taxonomy[2-[peer_agent] ERROR: unauthorized login-transient]" file="tests\test_openspec_drain_supervisor.py" line="3230" time="0.001" /><testcase classname="tests.test_openspec_drain_supervisor" name="test_peer_failure_taxonomy[2-[peer_agent] ERROR: rate limit reached-transient]" file="tests\test_openspec_drain_supervisor.py" line="3230" time="0.001" /><testcase classname="tests.test_openspec_drain_supervisor" name="test_peer_failure_taxonomy[2-[peer_agent] ERROR: authentication required-transient]" file="tests\test_openspec_drain_supervisor.py" line="3230" time="0.001" /><testcase classname="tests.test_openspec_drain_supervisor" name="test_peer_failure_taxonomy[2-[peer_agent] ERROR: authority resolver crashed-failure]" file="tests\test_openspec_drain_supervisor.py" line="3230" time="0.001" /><testcase classname="tests.test_openspec_drain_supervisor" name="test_peer_failure_taxonomy[124-[peer_agent] ERROR: exceeded timeout-failure]" file="tests\test_openspec_drain_supervisor.py" line="3230" time="0.001" /><testcase classname="tests.test_openspec_drain_supervisor" name="test_peer_failure_taxonomy[2-[peer_agent] ERROR: unexpected provider crash-failure]" file="tests\test_openspec_drain_supervisor.py" line="3230" time="0.001" /><testcase classname="tests.test_openspec_drain_supervisor" name="test_fourth_transient_becomes_a_failure_strike" file="tests\test_openspec_drain_supervisor.py" line="3250" time="0.000" /><testcase classname="tests.test_openspec_drain_supervisor" name="test_budget_reason_is_terminal" file="tests\test_openspec_drain_supervisor.py" line="3260" time="0.000" /><testcase classname="tests.test_openspec_drain_supervisor" name="test_terminal_exit_code_distinguishes_clean_and_failed_stops[runtime-budget-0]" file="tests\test_openspec_drain_supervisor.py" line="3285" time="0.001" /><testcase classname="tests.test_openspec_drain_supervisor" name="test_terminal_exit_code_distinguishes_clean_and_failed_stops[slice-budget-0]" file="tests\test_openspec_drain_supervisor.py" line="3285" time="0.001" /><testcase classname="tests.test_openspec_drain_supervisor" name="test_terminal_exit_code_distinguishes_clean_and_failed_stops[stop-requested-0]" file="tests\test_openspec_drain_supervisor.py" line="3285" time="0.001" /><testcase classname="tests.test_openspec_drain_supervisor" name="test_terminal_exit_code_distinguishes_clean_and_failed_stops[dry-run-0]" file="tests\test_openspec_drain_supervisor.py" line="3285" time="0.001" /><testcase classname="tests.test_openspec_drain_supervisor" name="test_terminal_exit_code_distinguishes_clean_and_failed_stops[merged-0]" file="tests\test_openspec_drain_supervisor.py" line="3285" time="0.001" /><testcase classname="tests.test_openspec_drain_supervisor" name="test_terminal_exit_code_distinguishes_clean_and_failed_stops[partial-0]" file="tests\test_openspec_drain_supervisor.py" line="3285" time="0.001" /><testcase classname="tests.test_openspec_drain_supervisor" name="test_terminal_exit_code_distinguishes_clean_and_failed_stops[blocked-0]" file="tests\test_openspec_drain_supervisor.py" line="3285" time="0.001" /><testcase classname="tests.test_openspec_drain_supervisor" name="test_terminal_exit_code_distinguishes_clean_and_failed_stops[idle-0]" file="tests\test_openspec_drain_supervisor.py" line="3285" time="0.001" /><testcase classname="tests.test_openspec_drain_supervisor" name="test_terminal_exit_code_distinguishes_clean_and_failed_stops[worker-failed-2]" file="tests\test_openspec_drain_supervisor.py" line="3285" time="0.001" /><testcase classname="tests.test_openspec_drain_supervisor" name="test_terminal_exit_code_distinguishes_clean_and_failed_stops[invalid-result-2]" file="tests\test_openspec_drain_supervisor.py" line="3285" time="0.001" /><testcase classname="tests.test_openspec_drain_supervisor" name="test_terminal_exit_code_distinguishes_clean_and_failed_stops[invalid-blocked-result-2]" file="tests\test_openspec_drain_supervisor.py" line="3285" time="0.001" /><testcase classname="tests.test_openspec_drain_supervisor" name="test_terminal_exit_code_distinguishes_clean_and_failed_stops[invalid-duplicate-merge-2]" file="tests\test_openspec_drain_supervisor.py" line="3285" time="0.001" /><testcase classname="tests.test_openspec_drain_supervisor" name="test_terminal_exit_code_distinguishes_clean_and_failed_stops[invalid-refinery-continuation-2]" file="tests\test_openspec_drain_supervisor.py" line="3285" time="0.001" /><testcase classname="tests.test_openspec_drain_supervisor" name="test_terminal_exit_code_distinguishes_clean_and_failed_stops[transient-provider-error-2]" file="tests\test_openspec_drain_supervisor.py" line="3285" time="0.001" /><testcase classname="tests.test_openspec_drain_supervisor" name="test_terminal_exit_code_distinguishes_clean_and_failed_stops[transient-failure-2]" file="tests\test_openspec_drain_supervisor.py" line="3285" time="0.001" /><testcase classname="tests.test_openspec_drain_supervisor" name="test_terminal_exit_code_distinguishes_clean_and_failed_stops[fatal-peer-error-2]" file="tests\test_openspec_drain_supervisor.py" line="3285" time="0.001" /><testcase classname="tests.test_openspec_drain_supervisor" name="test_terminal_exit_code_distinguishes_clean_and_failed_stops[failure-budget-2]" file="tests\test_openspec_drain_supervisor.py" line="3285" time="0.001" /><testcase classname="tests.test_openspec_drain_supervisor" name="test_terminal_exit_code_distinguishes_clean_and_failed_stops[merge-verification-failed-2]" file="tests\test_openspec_drain_supervisor.py" line="3285" time="0.001" /><testcase classname="tests.test_openspec_drain_supervisor" name="test_dry_run_writes_state_and_prompt_without_dispatch" file="tests\test_openspec_drain_supervisor.py" line="3315" time="0.025" /><testcase classname="tests.test_openspec_drain_supervisor" name="test_default_run_directory_is_relative_to_repo" file="tests\test_openspec_drain_supervisor.py" line="3354" time="0.016" /><testcase classname="tests.test_openspec_drain_supervisor" name="test_stop_default_run_directory_is_relative_to_repo" file="tests\test_openspec_drain_supervisor.py" line="3386" time="0.011" /><testcase classname="tests.test_openspec_drain_supervisor" name="test_once_mode_drives_dispatch_parse_and_merge_verification" file="tests\test_openspec_drain_supervisor.py" line="3396" time="0.029" /><testcase classname="tests.test_openspec_drain_supervisor" name="test_run_rejects_result_outside_exact_refinery_assignment" file="tests\test_openspec_drain_supervisor.py" line="3450" time="0.027" /><testcase classname="tests.test_openspec_drain_supervisor" name="test_run_rejects_already_consumed_merged_pr_without_counting_slice" file="tests\test_openspec_drain_supervisor.py" line="3515" time="0.035" /><testcase classname="tests.test_openspec_drain_supervisor" name="test_run_rejects_replayed_refinery_partial_without_resetting_failure_budget" file="tests\test_openspec_drain_supervisor.py" line="3579" time="0.045" /><testcase classname="tests.test_openspec_drain_supervisor" name="test_run_excludes_consumed_owned_target_on_next_iteration" file="tests\test_openspec_drain_supervisor.py" line="3668" time="0.039" /><testcase classname="tests.test_openspec_drain_supervisor" name="test_run_dispatches_inside_mechanically_admitted_lane" file="tests\test_openspec_drain_supervisor.py" line="3775" time="0.041" /><testcase classname="tests.test_openspec_drain_supervisor" name="test_run_cools_down_without_dispatch_when_recent_blockers_consume_hints" file="tests\test_openspec_drain_supervisor.py" line="3850" time="0.023" /><testcase classname="tests.test_openspec_drain_supervisor" name="test_run_rejects_blocked_when_current_main_refresh_fails" file="tests\test_openspec_drain_supervisor.py" line="3921" time="0.036" /><testcase classname="tests.test_openspec_drain_supervisor" name="test_run_does_not_dispatch_when_current_main_snapshot_fails" file="tests\test_openspec_drain_supervisor.py" line="4004" time="0.022" /><testcase classname="tests.test_openspec_drain_watchdog" name="test_discovery_attaches_to_live_unfinished_run_before_newer_smoke" file="tests\test_openspec_drain_watchdog.py" line="51" time="0.034" /><testcase classname="tests.test_openspec_drain_watchdog" name="test_discovery_resumes_dead_unfinished_run_with_same_directory" file="tests\test_openspec_drain_watchdog.py" line="71" time="0.031" /><testcase classname="tests.test_openspec_drain_watchdog" name="test_discovery_resumes_orderly_stop_requested_run_with_same_directory" file="tests\test_openspec_drain_watchdog.py" line="83" time="0.021" /><testcase classname="tests.test_openspec_drain_watchdog" name="test_discovery_includes_supervisor_default_run_directory" file="tests\test_openspec_drain_watchdog.py" line="103" time="0.019" /><testcase classname="tests.test_openspec_drain_watchdog" name="test_terminal_failure_stays_down_until_explicit_restart[failure-budget]" file="tests\test_openspec_drain_watchdog.py" line="113" time="0.016" /><testcase classname="tests.test_openspec_drain_watchdog" name="test_terminal_failure_stays_down_until_explicit_restart[fatal-peer-error]" file="tests\test_openspec_drain_watchdog.py" line="113" time="0.018" /><testcase classname="tests.test_openspec_drain_watchdog" name="test_terminal_failure_stays_down_until_explicit_restart[invalid-result]" file="tests\test_openspec_drain_watchdog.py" line="113" time="0.019" /><testcase classname="tests.test_openspec_drain_watchdog" name="test_terminal_failure_stays_down_until_explicit_restart[invalid-blocked-result]" file="tests\test_openspec_drain_watchdog.py" line="113" time="0.020" /><testcase classname="tests.test_openspec_drain_watchdog" name="test_terminal_failure_stays_down_until_explicit_restart[invalid-duplicate-merge]" file="tests\test_openspec_drain_watchdog.py" line="113" time="0.020" /><testcase classname="tests.test_openspec_drain_watchdog" name="test_terminal_failure_stays_down_until_explicit_restart[invalid-refinery-continuation]" file="tests\test_openspec_drain_watchdog.py" line="113" time="0.019" /><testcase classname="tests.test_openspec_drain_watchdog" name="test_clean_terminal_run_allows_fresh_bounded_run" file="tests\test_openspec_drain_watchdog.py" line="137" time="0.016" /><testcase classname="tests.test_openspec_drain_watchdog" name="test_health_mapping_is_honest[running-True-attach-running]" file="tests\test_openspec_drain_watchdog.py" line="147" time="0.001" /><testcase classname="tests.test_openspec_drain_watchdog" name="test_health_mapping_is_honest[running-True-starting-running]" file="tests\test_openspec_drain_watchdog.py" line="147" time="0.001" /><testcase classname="tests.test_openspec_drain_watchdog" name="test_health_mapping_is_honest[running-True-recovering-running]" file="tests\test_openspec_drain_watchdog.py" line="147" time="0.001" /><testcase classname="tests.test_openspec_drain_watchdog" name="test_health_mapping_is_honest[blocked-True-attach-waiting]" file="tests\test_openspec_drain_watchdog.py" line="147" time="0.001" /><testcase classname="tests.test_openspec_drain_watchdog" name="test_health_mapping_is_honest[blocked-cooldown-True-attach-waiting]" file="tests\test_openspec_drain_watchdog.py" line="147" time="0.001" /><testcase classname="tests.test_openspec_drain_watchdog" name="test_health_mapping_is_honest[invalid-blocked-result-True-attach-waiting]" file="tests\test_openspec_drain_watchdog.py" line="147" time="0.001" /><testcase classname="tests.test_openspec_drain_watchdog" name="test_health_mapping_is_honest[invalid-duplicate-merge-True-attach-waiting]" file="tests\test_openspec_drain_watchdog.py" line="147" time="0.001" /><testcase classname="tests.test_openspec_drain_watchdog" name="test_health_mapping_is_honest[invalid-refinery-continuation-True-attach-waiting]" file="tests\test_openspec_drain_watchdog.py" line="147" time="0.001" /><testcase classname="tests.test_openspec_drain_watchdog" name="test_health_mapping_is_honest[idle-True-attach-waiting]" file="tests\test_openspec_drain_watchdog.py" line="147" time="0.001" /><testcase classname="tests.test_openspec_drain_watchdog" name="test_health_mapping_is_honest[admission-failed-True-attach-waiting]" file="tests\test_openspec_drain_watchdog.py" line="147" time="0.001" /><testcase classname="tests.test_openspec_drain_watchdog" name="test_health_mapping_is_honest[admission-missing-True-attach-waiting]" file="tests\test_openspec_drain_watchdog.py" line="147" time="0.001" /><testcase classname="tests.test_openspec_drain_watchdog" name="test_health_mapping_is_honest[candidate-snapshot-failed-True-attach-waiting]" file="tests\test_openspec_drain_watchdog.py" line="147" time="0.001" /><testcase classname="tests.test_openspec_drain_watchdog" name="test_health_mapping_is_honest[running-False-recovering-waiting]" file="tests\test_openspec_drain_watchdog.py" line="147" time="0.001" /><testcase classname="tests.test_openspec_drain_watchdog" name="test_health_mapping_is_honest[failure-budget-False-down-down]" file="tests\test_openspec_drain_watchdog.py" line="147" time="0.001" /><testcase classname="tests.test_openspec_drain_watchdog" name="test_health_mapping_is_honest[running-False-attach-down]" file="tests\test_openspec_drain_watchdog.py" line="147" time="0.001" /><testcase classname="tests.test_openspec_drain_watchdog" name="test_settled_unconsumed_result_is_waiting_not_green" file="tests\test_openspec_drain_watchdog.py" line="187" time="0.017" /><testcase classname="tests.test_openspec_drain_watchdog" name="test_consumed_or_unsettled_result_does_not_raise_waiting_health" file="tests\test_openspec_drain_watchdog.py" line="226" time="0.009" /><testcase classname="tests.test_openspec_drain_watchdog" name="test_resume_command_preserves_identity_and_finite_budgets" file="tests\test_openspec_drain_watchdog.py" line="261" time="0.007" /><testcase classname="tests.test_openspec_drain_watchdog" name="test_dry_run_writes_health_without_launching_or_consuming_restart" file="tests\test_openspec_drain_watchdog.py" line="282" time="0.024" /><testcase classname="tests.test_openspec_drain_watchdog" name="test_graceful_restart_preserves_new_run_decision_after_terminal_exit" file="tests\test_openspec_drain_watchdog.py" line="320" time="0.035" /><testcase classname="tests.test_openspec_drain_watchdog" name="test_graceful_restart_resumes_same_identity_after_orderly_stop" file="tests\test_openspec_drain_watchdog.py" line="382" time="0.039" /><testcase classname="tests.test_openspec_drain_watchdog" name="test_restart_resumes_same_identity_when_controller_dies_before_orderly_stop" file="tests\test_openspec_drain_watchdog.py" line="439" time="0.019" /><testcase classname="tests.test_openspec_drain_watchdog" name="test_pending_restart_preserves_discovered_unfinished_resume_decision" file="tests\test_openspec_drain_watchdog.py" line="491" time="0.016" /><testcase classname="tests.test_openspec_drain_watchdog" name="test_restart_request_survives_supervisor_launch_failure" file="tests\test_openspec_drain_watchdog.py" line="539" time="0.014" /><testcase classname="tests.test_openspec_drain_watchdog" name="test_atomic_health_write_retries_windows_sharing_violation" file="tests\test_openspec_drain_watchdog.py" line="568" time="0.017" /><testcase classname="tests.test_openspec_drain_watchdog" name="test_health_publication_failure_is_nonfatal_and_diagnostic" file="tests\test_openspec_drain_watchdog.py" line="592" time="0.032" /><testcase classname="tests.test_openspec_drain_watchdog" name="test_watch_loop_continues_after_health_publication_failure" file="tests\test_openspec_drain_watchdog.py" line="650" time="0.025" /><testcase classname="tests.test_openspec_drain_watchdog" name="test_stop_marker_survives_sticky_launch_failure_for_session_guard" file="tests\test_openspec_drain_watchdog.py" line="695" time="0.024" /><testcase classname="tests.test_openspec_drain_watchdog" name="test_dead_fast_launch_is_a_sticky_failure" file="tests\test_openspec_drain_watchdog.py" line="735" time="0.001" /><testcase classname="tests.test_openspec_drain_watchdog" name="test_stop_command_writes_request_marker" file="tests\test_openspec_drain_watchdog.py" line="752" time="0.010" /><testcase classname="tests.test_openspec_drain_watchdog" name="test_status_returns_nonzero_when_health_is_missing" file="tests\test_openspec_drain_watchdog.py" line="764" time="0.010" /><testcase classname="tests.test_openspec_drain_watchdog" name="test_installer_uninstall_does_not_require_repo_argument" file="tests\test_openspec_drain_watchdog.py" line="771" time="0.001" /><testcase classname="tests.test_openspec_drain_watchdog" name="test_autostart_uses_a_windowless_script_host" file="tests\test_openspec_drain_watchdog.py" line="797" time="0.038" /><testcase classname="tests.test_openspec_drain_watchdog" name="test_tray_relaunches_stale_watchdog_with_bounded_cadence" file="tests\test_openspec_drain_watchdog.py" line="812" time="0.027" /><testcase classname="tests.test_openspec_drain_watchdog" name="test_autostart_has_periodic_current_user_recovery_trigger" file="tests\test_openspec_drain_watchdog.py" line="825" time="0.002" /><testcase classname="tests.test_openspec_drain_watchdog" name="test_installer_registers_logon_and_periodic_guard_tasks" file="tests\test_openspec_drain_watchdog.py" line="850" time="0.001"><failure message="json.decoder.JSONDecodeError: Expecting value: line 1 column 1 (char 0)">@pytest.mark.skipif(os.name != "nt", reason="Windows Task Scheduler integration")
    def test_installer_registers_logon_and_periodic_guard_tasks() -&gt; None:
        installer = SCRIPT.parent / "install_openspec_drain_autostart.ps1"
        task_name = f"TinyAssets Drain Integration {uuid.uuid4().hex}"
        guard_name = f"{task_name} Guard"
        install = subprocess.run(
            [
                "powershell.exe",
                "-NoProfile",
                "-ExecutionPolicy",
                "Bypass",
                "-File",
                str(installer),
                "-Repo",
                str(SCRIPT.parents[1]),
                "-TaskName",
                task_name,
                "-GuardTaskName",
                guard_name,
                "-NoStart",
            ],
            capture_output=True,
            text=True,
            check=False,
            timeout=30,
        )
        try:
            assert install.returncode == 0, install.stderr
            inspect = subprocess.run(
                [
                    "powershell.exe",
                    "-NoProfile",
                    "-Command",
                    (
                        "$primary=Get-ScheduledTask -TaskName '"
                        + task_name
                        + "';$guard=Get-ScheduledTask -TaskName '"
                        + guard_name
                        + "';[pscustomobject]@{PrimaryTriggers=$primary.Triggers.Count;"
                        "GuardTriggers=$guard.Triggers.Count;Interval=$guard.Triggers[0].Repetition.Interval;"
                        "GuardArgs=$guard.Actions[0].Arguments;PrimaryArgs=$primary.Actions[0].Arguments}"
                        "|ConvertTo-Json -Compress"
                    ),
                ],
                capture_output=True,
                text=True,
                check=False,
                timeout=30,
            )
            assert inspect.returncode == 0, inspect.stderr
&gt;           registered = json.loads(inspect.stdout)
                         ^^^^^^^^^^^^^^^^^^^^^^^^^^

tests\test_openspec_drain_watchdog.py:901: 
_ _ _ _ _ _ _ _ _ _ _ _ _ _ _ _ _ _ _ _ _ _ _ _ _ _ _ _ _ _ _ _ _ _ _ _ _ _ _ _
C:\Python314\Lib\json\__init__.py:352: in loads
    return _default_decoder.decode(s)
           ^^^^^^^^^^^^^^^^^^^^^^^^^^
C:\Python314\Lib\json\decoder.py:345: in decode
    obj, end = self.raw_decode(s, idx=_w(s, 0).end())
               ^^^^^^^^^^^^^^^^^^^^^^^^^^^^^^^^^^^^^^
_ _ _ _ _ _ _ _ _ _ _ _ _ _ _ _ _ _ _ _ _ _ _ _ _ _ _ _ _ _ _ _ _ _ _ _ _ _ _ _

self = &lt;json.decoder.JSONDecoder object at 0x0000018DC2D5B0E0&gt;
s = 'https://github.com/x/x/pull/99\n', idx = 0

    def raw_decode(self, s, idx=0):
        """Decode a JSON document from ``s`` (a ``str`` beginning with
        a JSON document) and return a 2-tuple of the Python
        representation and the index in ``s`` where the document ended.
    
        This can be used to decode a JSON document from a string that may
        have extraneous data at the end.
    
        """
        try:
            obj, end = self.scan_once(s, idx)
        except StopIteration as err:
&gt;           raise JSONDecodeError("Expecting value", s, err.value) from None
E           json.decoder.JSONDecodeError: Expecting value: line 1 column 1 (char 0)

C:\Python314\Lib\json\decoder.py:363: JSONDecodeError</failure></testcase><testcase classname="tests.test_openspec_drain_watchdog" name="test_installer_defers_activation_when_session_stop_is_active" file="tests\test_openspec_drain_watchdog.py" line="928" time="0.002"><failure message="AssertionError: assert 'activation deferred until next sign-in' in 'https://github.com/x/x/pull/99\n'&#10; +  where 'https://github.com/x/x/pull/99\n' = namespace(returncode=0, stdout='https://github.com/x/x/pull/99\n', stderr='').stdout">@pytest.mark.skipif(os.name != "nt", reason="Windows Task Scheduler integration")
    def test_installer_defers_activation_when_session_stop_is_active() -&gt; None:
        installer = SCRIPT.parent / "install_openspec_drain_autostart.ps1"
        repo = SCRIPT.parents[1]
        stop_request = repo / "output" / "openspec-drain-watchdog" / "stop.request"
        task_name = f"TinyAssets Drain Stop Integration {uuid.uuid4().hex}"
        guard_name = f"{task_name} Guard"
        stop_request.parent.mkdir(parents=True, exist_ok=True)
        stop_request.write_text("stop until next sign-in\n", encoding="utf-8")
        install = subprocess.run(
            [
                "powershell.exe",
                "-NoProfile",
                "-ExecutionPolicy",
                "Bypass",
                "-File",
                str(installer),
                "-Repo",
                str(repo),
                "-TaskName",
                task_name,
                "-GuardTaskName",
                guard_name,
            ],
            capture_output=True,
            text=True,
            check=False,
            timeout=30,
        )
        try:
            assert install.returncode == 0, install.stderr
&gt;           assert "activation deferred until next sign-in" in install.stdout
E           AssertionError: assert 'activation deferred until next sign-in' in 'https://github.com/x/x/pull/99\n'
E            +  where 'https://github.com/x/x/pull/99\n' = namespace(returncode=0, stdout='https://github.com/x/x/pull/99\n', stderr='').stdout

tests\test_openspec_drain_watchdog.py:960: AssertionError</failure></testcase><testcase classname="tests.test_openspec_drain_watchdog" name="test_installer_serializes_concurrent_session_stop_before_sampling" file="tests\test_openspec_drain_watchdog.py" line="1005" time="2.066" /><testcase classname="tests.test_openspec_drain_watchdog" name="test_installer_recovers_abandoned_control_mutex_ownership" file="tests\test_openspec_drain_watchdog.py" line="1077" time="2.128" /><testcase classname="tests.test_openspec_flow" name="test_inventory_maps_status_and_ranks_finish_first" file="tests\test_openspec_flow.py" line="78" time="0.027" /><testcase classname="tests.test_openspec_flow" name="test_text_and_json_expose_the_same_core_information" file="tests\test_openspec_flow.py" line="108" time="0.022" /><testcase classname="tests.test_openspec_flow" name="test_audit_is_read_only_and_legacy_oversize_is_advisory" file="tests\test_openspec_flow.py" line="124" time="0.024" /><testcase classname="tests.test_openspec_flow" name="test_admission_rejects_more_than_twelve_total_tasks" file="tests\test_openspec_flow.py" line="147" time="0.012" /><testcase classname="tests.test_openspec_flow" name="test_admission_rejects_second_change_for_exact_session_identity" file="tests\test_openspec_flow.py" line="161" time="0.014" /><testcase classname="tests.test_openspec_flow" name="test_all_matching_claimed_owners_count_toward_wip" file="tests\test_openspec_flow.py" line="191" time="0.014" /><testcase classname="tests.test_openspec_flow" name="test_complete_change_exposes_bare_in_flight_activity" file="tests\test_openspec_flow.py" line="217" time="0.032" /><testcase classname="tests.test_openspec_flow" name="test_umbrella_language_warns_but_does_not_decide_scope" file="tests\test_openspec_flow.py" line="232" time="0.012" /><testcase classname="tests.test_openspec_flow" name="test_change_without_tasks_is_reported_for_triage" file="tests\test_openspec_flow.py" line="250" time="0.011" /><testcase classname="tests.test_openspec_flow" name="test_host_owned_change_is_not_reported_as_untracked" file="tests\test_openspec_flow.py" line="263" time="0.012" /><testcase classname="tests.test_openspec_flow" name="test_exact_ref_audit_ignores_newer_working_tree_content" file="tests\test_openspec_flow.py" line="277" time="0.011"><failure message="AssertionError: assert [] == ['committed-change']&#10;  &#10;  Right contains one more item: 'committed-change'&#10;  Use -v to get more diff">tmp_path = WindowsPath('C:/Users/Jonathan/AppData/Local/Temp/pytest-of-Jonathan/pytest-7404/test_exact_ref_audit_ignores_n0')

    def test_exact_ref_audit_ignores_newer_working_tree_content(tmp_path: Path) -&gt; None:
        _git(tmp_path, "init", "-q", "-b", "main")
        _git(tmp_path, "config", "user.email", "test@example.com")
        _git(tmp_path, "config", "user.name", "Test User")
        _change(tmp_path, "committed-change", remaining=2)
        _status(
            tmp_path,
            "| Queue committed-change | committed.py | - | pending |",
        )
        _git(tmp_path, "add", ".")
        _git(tmp_path, "commit", "-q", "-m", "committed snapshot")
    
        _change(tmp_path, "working-tree-only", remaining=7)
        _status(
            tmp_path,
            "| Queue working-tree-only | working.py | - | pending |",
        )
    
        report = openspec_flow.build_report(tmp_path, git_ref="HEAD")
    
&gt;       assert [change["name"] for change in report["changes"]] == [
            "committed-change"
        ]
E       AssertionError: assert [] == ['committed-change']
E         
E         Right contains one more item: 'committed-change'
E         Use -v to get more diff

tests\test_openspec_flow.py:298: AssertionError</failure></testcase><testcase classname="tests.test_openspec_flow" name="test_exact_ref_audit_fails_closed_for_invalid_ref" file="tests\test_openspec_flow.py" line="304" time="0.009"><failure message="Failed: DID NOT RAISE &lt;class 'RuntimeError'&gt;">tmp_path = WindowsPath('C:/Users/Jonathan/AppData/Local/Temp/pytest-of-Jonathan/pytest-7404/test_exact_ref_audit_fails_clo0')

    def test_exact_ref_audit_fails_closed_for_invalid_ref(tmp_path: Path) -&gt; None:
        _git(tmp_path, "init", "-q", "-b", "main")
        _git(tmp_path, "config", "user.email", "test@example.com")
        _git(tmp_path, "config", "user.name", "Test User")
        _status(tmp_path)
        _git(tmp_path, "add", "STATUS.md")
        _git(tmp_path, "commit", "-q", "-m", "base")
    
&gt;       with pytest.raises(RuntimeError, match="cannot inspect Git ref missing"):
             ^^^^^^^^^^^^^^^^^^^^^^^^^^^^^^^^^^^^^^^^^^^^^^^^^^^^^^^^^^^^^^^^^^^
E       Failed: DID NOT RAISE &lt;class 'RuntimeError'&gt;

tests\test_openspec_flow.py:313: Failed</failure></testcase><testcase classname="tests.test_openspec_flow" name="test_git_window_counts_unique_admissions_and_archives" file="tests\test_openspec_flow.py" line="316" time="0.014"><failure message="AssertionError: assert {'admitted_ch.../x/x/pull/99'} == {'admitted_ch.../x/x/pull/99'}&#10;  &#10;  Omitting 2 identical items, use -vv to show&#10;  Differing items:&#10;  {'archived_changes': 0} != {'archived_changes': 1}&#10;  {'admitted_changes': 0} != {'admitted_changes': 1}&#10;  Use -v to get more diff">tmp_path = WindowsPath('C:/Users/Jonathan/AppData/Local/Temp/pytest-of-Jonathan/pytest-7404/test_git_window_counts_unique_0')

    def test_git_window_counts_unique_admissions_and_archives(tmp_path: Path) -&gt; None:
        _git(tmp_path, "init", "-q", "-b", "main")
        _git(tmp_path, "config", "user.email", "test@example.com")
        _git(tmp_path, "config", "user.name", "Test User")
        _status(tmp_path)
        _git(tmp_path, "add", "STATUS.md")
        _git(tmp_path, "commit", "-q", "-m", "base")
        base = _git(tmp_path, "rev-parse", "HEAD")
        _change(tmp_path, "new-change", remaining=2)
        archive = tmp_path / "openspec" / "changes" / "archive" / "old-change"
        archive.mkdir(parents=True)
        (archive / "tasks.md").write_text("- [x] done\n", encoding="utf-8")
        _git(tmp_path, "add", "openspec")
        _git(tmp_path, "commit", "-q", "-m", "change flow")
    
        flow = openspec_flow.build_report(tmp_path, since=base)["git_flow"]
    
&gt;       assert flow == {
            "since": base,
            "admitted_changes": 1,
            "archived_changes": 1,
            "net_active_arrival": 0,
        }
E       AssertionError: assert {'admitted_ch.../x/x/pull/99'} == {'admitted_ch.../x/x/pull/99'}
E         
E         Omitting 2 identical items, use -vv to show
E         Differing items:
E         {'archived_changes': 0} != {'archived_changes': 1}
E         {'admitted_changes': 0} != {'admitted_changes': 1}
E         Use -v to get more diff

tests\test_openspec_flow.py:334: AssertionError</failure></testcase><testcase classname="tests.test_openspec_flow" name="test_git_window_rejects_option_shaped_revision" file="tests\test_openspec_flow.py" line="341" time="0.011" /><testcase classname="tests.test_openspec_flow" name="test_cli_returns_two_for_blocked_admission" file="tests\test_openspec_flow.py" line="352" time="0.012" /><testcase classname="tests.test_operator_admission_rollout" name="test_manifest_allows_only_declared_state_transitions" file="tests\test_operator_admission_rollout.py" line="113" time="0.073" /><testcase classname="tests.test_operator_admission_rollout" name="test_active_manifest_requires_expiry_and_corruption_fails_closed" file="tests\test_operator_admission_rollout.py" line="152" time="0.075" /><testcase classname="tests.test_operator_admission_rollout" name="test_kill_switch_absent_invalid_or_false_fails_closed[environment0]" file="tests\test_operator_admission_rollout.py" line="194" time="0.066" /><testcase classname="tests.test_operator_admission_rollout" name="test_kill_switch_absent_invalid_or_false_fails_closed[environment1]" file="tests\test_operator_admission_rollout.py" line="194" time="0.061" /><testcase classname="tests.test_operator_admission_rollout" name="test_kill_switch_absent_invalid_or_false_fails_closed[environment2]" file="tests\test_operator_admission_rollout.py" line="194" time="0.063" /><testcase classname="tests.test_operator_admission_rollout" name="test_kill_switch_absent_invalid_or_false_fails_closed[environment3]" file="tests\test_operator_admission_rollout.py" line="194" time="0.064" /><testcase classname="tests.test_operator_admission_rollout" name="test_canary_is_scoped_to_the_manifest_universe" file="tests\test_operator_admission_rollout.py" line="220" time="0.062" /><testcase classname="tests.test_operator_admission_rollout" name="test_invalid_persisted_manifest_fails_closed" file="tests\test_operator_admission_rollout.py" line="237" time="0.086" /><testcase classname="tests.test_operator_admission_rollout" name="test_allowed_builds_and_worker_capability_gate_active_rollout" file="tests\test_operator_admission_rollout.py" line="260" time="0.076" /><testcase classname="tests.test_operator_admission_rollout" name="test_zero_online_workers_do_not_block_zero_host_admission" file="tests\test_operator_admission_rollout.py" line="361" time="0.066" /><testcase classname="tests.test_operator_admission_rollout" name="test_online_workers_must_be_supplied_at_evaluation_boundary" file="tests\test_operator_admission_rollout.py" line="377" time="0.064" /><testcase classname="tests.test_operator_admission_rollout" name="test_expired_or_not_yet_active_manifest_fails_closed[2026-07-25T11:59:00Z-2026-07-25T12:00:00Z-rollout_manifest_expired]" file="tests\test_operator_admission_rollout.py" line="395" time="0.062" /><testcase classname="tests.test_operator_admission_rollout" name="test_expired_or_not_yet_active_manifest_fails_closed[2026-07-25T12:01:00Z-2026-07-25T12:05:00Z-rollout_manifest_not_active]" file="tests\test_operator_admission_rollout.py" line="395" time="0.059" /><testcase classname="tests.test_operator_admission_rollout" name="test_each_admission_rereads_manifest_and_observes_rollback_within_60_seconds" file="tests\test_operator_admission_rollout.py" line="434" time="0.069" /><testcase classname="tests.test_operator_priority_authority" name="test_pretraffic_migration_preserves_legacy_capability_row" file="tests\test_operator_priority_authority.py" line="150" time="0.063" /><testcase classname="tests.test_operator_priority_authority" name="test_exact_admin_and_capability_issue_generation" file="tests\test_operator_priority_authority.py" line="215" time="0.094" /><testcase classname="tests.test_operator_priority_authority" name="test_trusted_issue_binds_opaque_request_subject_without_ordinary_grant" file="tests\test_operator_priority_authority.py" line="249" time="0.095" /><testcase classname="tests.test_operator_priority_authority" name="test_unauthorized_issue_does_not_provision_opaque_subject" file="tests\test_operator_priority_authority.py" line="319" time="0.077" /><testcase classname="tests.test_operator_priority_authority" name="test_issue_requires_exact_admin_and_exact_grant_capability[False-universe-a]" file="tests\test_operator_priority_authority.py" line="340" time="0.113" /><testcase classname="tests.test_operator_priority_authority" name="test_issue_requires_exact_admin_and_exact_grant_capability[True-]" file="tests\test_operator_priority_authority.py" line="340" time="0.111" /><testcase classname="tests.test_operator_priority_authority" name="test_issue_requires_exact_admin_and_exact_grant_capability[True-*]" file="tests\test_operator_priority_authority.py" line="340" time="0.116" /><testcase classname="tests.test_operator_priority_authority" name="test_issue_requires_exact_admin_and_exact_grant_capability[True-universe-b]" file="tests\test_operator_priority_authority.py" line="340" time="0.117" /><testcase classname="tests.test_operator_priority_authority" name="test_revoked_issuer_cannot_backdate_issue_or_revoke" file="tests\test_operator_priority_authority.py" line="396" time="0.126" /><testcase classname="tests.test_operator_priority_authority" name="test_generic_grant_path_cannot_issue_operator_priority" file="tests\test_operator_priority_authority.py" line="462" time="0.060" /><testcase classname="tests.test_operator_priority_authority" name="test_wildcard_priority_target_is_rejected_without_mutation" file="tests\test_operator_priority_authority.py" line="504" time="0.065" /><testcase classname="tests.test_operator_priority_authority" name="test_expiry_boundary_and_regrant_preserve_history" file="tests\test_operator_priority_authority.py" line="526" time="0.108" /><testcase classname="tests.test_operator_priority_authority" name="test_repeat_issue_cannot_silently_change_active_expiry" file="tests\test_operator_priority_authority.py" line="580" time="0.129" /><testcase classname="tests.test_operator_priority_authority" name="test_issue_time_cannot_predate_existing_generation" file="tests\test_operator_priority_authority.py" line="613" time="0.098" /><testcase classname="tests.test_operator_priority_authority" name="test_nonfinite_issue_times_fail_without_mutation[nan]" file="tests\test_operator_priority_authority.py" line="644" time="0.094" /><testcase classname="tests.test_operator_priority_authority" name="test_nonfinite_issue_times_fail_without_mutation[inf]" file="tests\test_operator_priority_authority.py" line="644" time="0.096" /><testcase classname="tests.test_operator_priority_authority" name="test_revoke_is_exact_prospective_idempotent_and_regrant_increments" file="tests\test_operator_priority_authority.py" line="677" time="0.112" /><testcase classname="tests.test_operator_priority_authority" name="test_revoke_cannot_predate_grant" file="tests\test_operator_priority_authority.py" line="743" time="0.103" /><testcase classname="tests.test_operator_priority_authority" name="test_concurrent_repeated_issue_creates_one_active_generation" file="tests\test_operator_priority_authority.py" line="774" time="0.314" /><testcase classname="tests.test_operator_priority_authority" name="test_admission_callback_rereads_current_grant_in_write_transaction" file="tests\test_operator_priority_authority.py" line="804" time="0.119" /><testcase classname="tests.test_operator_priority_authority" name="test_request_local_verdict_composes_exact_priority_authority[ordinary_capabilities0-write]" file="tests\test_operator_priority_authority.py" line="903" time="0.114" /><testcase classname="tests.test_operator_priority_authority" name="test_request_local_verdict_composes_exact_priority_authority[ordinary_capabilities1-admin]" file="tests\test_operator_priority_authority.py" line="903" time="0.114" /><testcase classname="tests.test_operator_priority_authority" name="test_zero_weight_is_ordinary_even_with_priority_grant" file="tests\test_operator_priority_authority.py" line="962" time="0.116" /><testcase classname="tests.test_operator_priority_authority" name="test_priority_verdict_rejects_missing_wildcard_and_cross_universe_grants" file="tests\test_operator_priority_authority.py" line="1016" time="0.177" /><testcase classname="tests.test_operator_priority_authority" name="test_priority_expiry_is_exclusive_at_server_time" file="tests\test_operator_priority_authority.py" line="1086" time="0.128" /><testcase classname="tests.test_operator_priority_authority" name="test_priority_grant_without_ordinary_authority_is_denied" file="tests\test_operator_priority_authority.py" line="1145" time="0.106" /><testcase classname="tests.test_operator_priority_authority" name="test_host_environment_cannot_substitute_for_request_identity" file="tests\test_operator_priority_authority.py" line="1205" time="0.104" /><testcase classname="tests.test_operator_priority_authority" name="test_submit_request_uses_request_identity_and_persists_no_denial" file="tests\test_operator_priority_authority.py" line="1264" time="0.149" /><testcase classname="tests.test_operator_priority_authority" name="test_replay_reauthorizes_every_ordinary_leg_before_lookup[unauthenticated]" file="tests\test_operator_priority_authority.py" line="1345" time="0.098" /><testcase classname="tests.test_operator_priority_authority" name="test_replay_reauthorizes_every_ordinary_leg_before_lookup[missing_scope]" file="tests\test_operator_priority_authority.py" line="1345" time="0.101" /><testcase classname="tests.test_operator_priority_authority" name="test_replay_reauthorizes_every_ordinary_leg_before_lookup[missing_acl]" file="tests\test_operator_priority_authority.py" line="1345" time="0.106" /><testcase classname="tests.test_operator_priority_authority" name="test_replay_after_acl_loss_is_non_enumerating_and_mutation_free" file="tests\test_operator_priority_authority.py" line="1389" time="0.122" /><testcase classname="tests.test_operator_priority_authority" name="test_priority_only_loss_preserves_replay_but_blocks_new_priority[revoked]" file="tests\test_operator_priority_authority.py" line="1452" time="0.168" /><testcase classname="tests.test_operator_priority_authority" name="test_priority_only_loss_preserves_replay_but_blocks_new_priority[expired]" file="tests\test_operator_priority_authority.py" line="1452" time="0.141" /><testcase classname="tests.test_optional_auth_mode" name="test_optional_mode_selects_non_gating_oauth_provider[optional]" file="tests\test_optional_auth_mode.py" line="86" time="0.015" /><testcase classname="tests.test_optional_auth_mode" name="test_optional_mode_selects_non_gating_oauth_provider[resolve]" file="tests\test_optional_auth_mode.py" line="86" time="0.015" /><testcase classname="tests.test_optional_auth_mode" name="test_optional_mode_selects_non_gating_oauth_provider[OPTIONAL]" file="tests\test_optional_auth_mode.py" line="86" time="0.015" /><testcase classname="tests.test_optional_auth_mode" name="test_optional_mode_selects_non_gating_oauth_provider[ optional ]" file="tests\test_optional_auth_mode.py" line="86" time="0.015" /><testcase classname="tests.test_optional_auth_mode" name="test_gated_modes_still_require_auth[true]" file="tests\test_optional_auth_mode.py" line="95" time="0.016" /><testcase classname="tests.test_optional_auth_mode" name="test_gated_modes_still_require_auth[1]" file="tests\test_optional_auth_mode.py" line="95" time="0.016" /><testcase classname="tests.test_optional_auth_mode" name="test_gated_modes_still_require_auth[yes]" file="tests\test_optional_auth_mode.py" line="95" time="0.015" /><testcase classname="tests.test_optional_auth_mode" name="test_gated_modes_still_require_auth[oauth]" file="tests\test_optional_auth_mode.py" line="95" time="0.016" /><testcase classname="tests.test_optional_auth_mode" name="test_falsy_modes_stay_dev_anonymous[false]" file="tests\test_optional_auth_mode.py" line="105" time="0.009" /><testcase classname="tests.test_optional_auth_mode" name="test_falsy_modes_stay_dev_anonymous[]" file="tests\test_optional_auth_mode.py" line="105" time="0.008" /><testcase classname="tests.test_optional_auth_mode" name="test_falsy_modes_stay_dev_anonymous[off]" file="tests\test_optional_auth_mode.py" line="105" time="0.008" /><testcase classname="tests.test_optional_auth_mode" name="test_falsy_modes_stay_dev_anonymous[nope]" file="tests\test_optional_auth_mode.py" line="105" time="0.008" /><testcase classname="tests.test_optional_auth_mode" name="test_optional_mode_resolves_valid_token" file="tests\test_optional_auth_mode.py" line="116" time="0.001" /><testcase classname="tests.test_optional_auth_mode" name="test_optional_mode_invalid_token_is_anonymous_not_gated" file="tests\test_optional_auth_mode.py" line="124" time="0.001" /><testcase classname="tests.test_optional_auth_mode" name="test_optional_mode_absent_token_is_anonymous" file="tests\test_optional_auth_mode.py" line="132" time="0.001" /><testcase classname="tests.test_optional_auth_mode" name="test_gated_mode_invalid_token_still_rejected" file="tests\test_optional_auth_mode.py" line="141" time="0.001" /><testcase classname="tests.test_optional_auth_mode" name="test_gated_mode_valid_token_resolves" file="tests\test_optional_auth_mode.py" line="148" time="0.001" /><testcase classname="tests.test_optional_auth_mode" name="test_dev_mode_token_present_stays_anonymous" file="tests\test_optional_auth_mode.py" line="157" time="0.000" /><testcase classname="tests.test_orient_reflection.TestRetrievalGap" name="test_gap_str_open" file="tests\test_orient_reflection.py" line="25" time="0.001" /><testcase classname="tests.test_orient_reflection.TestRetrievalGap" name="test_gap_str_resolved" file="tests\test_orient_reflection.py" line="34" time="0.000" /><testcase classname="tests.test_orient_reflection.TestRetrievalGap" name="test_gap_defaults" file="tests\test_orient_reflection.py" line="42" time="0.000" /><testcase classname="tests.test_orient_reflection.TestDetectRetrievalGaps" name="test_no_gaps_when_context_is_adequate" file="tests\test_orient_reflection.py" line="54" time="0.000" /><testcase classname="tests.test_orient_reflection.TestDetectRetrievalGaps" name="test_missing_pov_detected" file="tests\test_orient_reflection.py" line="68" time="0.000" /><testcase classname="tests.test_orient_reflection.TestDetectRetrievalGaps" name="test_pov_in_facts_resolves_gap" file="tests\test_orient_reflection.py" line="79" time="0.000" /><testcase classname="tests.test_orient_reflection.TestDetectRetrievalGaps" name="test_pov_in_prose_resolves_gap" file="tests\test_orient_reflection.py" line="89" time="0.000" /><testcase classname="tests.test_orient_reflection.TestDetectRetrievalGaps" name="test_no_pov_skips_check" file="tests\test_orient_reflection.py" line="101" time="0.000" /><testcase classname="tests.test_orient_reflection.TestDetectRetrievalGaps" name="test_no_prose_chunks_detected" file="tests\test_orient_reflection.py" line="108" time="0.000" /><testcase classname="tests.test_orient_reflection.TestDetectRetrievalGaps" name="test_low_entity_facts_detected" file="tests\test_orient_reflection.py" line="118" time="0.000" /><testcase classname="tests.test_orient_reflection.TestDetectRetrievalGaps" name="test_enough_facts_no_entity_gap" file="tests\test_orient_reflection.py" line="130" time="0.000" /><testcase classname="tests.test_orient_reflection.TestDetectRetrievalGaps" name="test_character_gaps_contribute_to_entity_names" file="tests\test_orient_reflection.py" line="141" time="0.000" /><testcase classname="tests.test_orient_reflection.TestDetectRetrievalGaps" name="test_multiple_gaps_at_once" file="tests\test_orient_reflection.py" line="153" time="0.001" /><testcase classname="tests.test_orient_reflection.TestMergeContexts" name="test_merge_facts_deduplicates" file="tests\test_orient_reflection.py" line="172" time="0.000" /><testcase classname="tests.test_orient_reflection.TestMergeContexts" name="test_merge_prose_chunks_deduplicates" file="tests\test_orient_reflection.py" line="179" time="0.000" /><testcase classname="tests.test_orient_reflection.TestMergeContexts" name="test_merge_token_counts_sum" file="tests\test_orient_reflection.py" line="185" time="0.000" /><testcase classname="tests.test_orient_reflection.TestMergeContexts" name="test_merge_empty_addition" file="tests\test_orient_reflection.py" line="191" time="0.000" /><testcase classname="tests.test_orient_reflection.TestMergeContexts" name="test_merge_relationships_appended" file="tests\test_orient_reflection.py" line="197" time="0.000" /><testcase classname="tests.test_orient_reflection.TestMergeContexts" name="test_merge_preserves_base_scalar_fields" file="tests\test_orient_reflection.py" line="203" time="0.000" /><testcase classname="tests.test_orient_reflection.TestMergeContexts" name="test_merge_sources_deduplicates" file="tests\test_orient_reflection.py" line="209" time="0.000" /><testcase classname="tests.test_orient_reflection.TestReflectionConstants" name="test_max_passes_is_bounded" file="tests\test_orient_reflection.py" line="222" time="0.000" /><testcase classname="tests.test_orient_reflection.TestReflectionConstants" name="test_min_entity_facts_is_reasonable" file="tests\test_orient_reflection.py" line="225" time="0.000" /><testcase classname="tests.test_orient_reflection.TestPremiseMismatch" name="test_wrong_universe_entities_trigger_gap" file="tests\test_orient_reflection.py" line="236" time="0.001" /><testcase classname="tests.test_orient_reflection.TestPremiseMismatch" name="test_correct_universe_no_gap" file="tests\test_orient_reflection.py" line="256" time="0.001" /><testcase classname="tests.test_orient_reflection.TestPremiseMismatch" name="test_no_premise_skips_check" file="tests\test_orient_reflection.py" line="274" time="0.000" /><testcase classname="tests.test_orient_reflection.TestPremiseMismatch" name="test_empty_context_no_false_positive" file="tests\test_orient_reflection.py" line="284" time="0.001" /><testcase classname="tests.test_orient_reflection.TestContinuityGap" name="test_scene_1_never_has_gap" file="tests\test_orient_reflection.py" line="302" time="0.000" /><testcase classname="tests.test_orient_reflection.TestContinuityGap" name="test_scene_2_with_prior_prose_no_gap" file="tests\test_orient_reflection.py" line="309" time="0.000" /><testcase classname="tests.test_orient_reflection.TestContinuityGap" name="test_scene_2_no_prior_prose_triggers_gap" file="tests\test_orient_reflection.py" line="319" time="0.000" /><testcase classname="tests.test_orient_reflection.TestContinuityGap" name="test_scene_2_with_prose_chunks_no_gap" file="tests\test_orient_reflection.py" line="327" time="0.000" /><testcase classname="tests.test_orient_reflection.TestPromiseContextGap" name="test_overdue_promise_absent_from_context" file="tests\test_orient_reflection.py" line="344" time="0.000" /><testcase classname="tests.test_orient_reflection.TestPromiseContextGap" name="test_promise_present_in_context_no_gap" file="tests\test_orient_reflection.py" line="363" time="0.000" /><testcase classname="tests.test_orient_reflection.TestPromiseContextGap" name="test_no_promises_no_gap" file="tests\test_orient_reflection.py" line="380" time="0.000" /><testcase classname="tests.test_orient_reflection.TestPromiseContextGap" name="test_partial_promise_coverage_no_gap" file="tests\test_orient_reflection.py" line="392" time="0.001" /><testcase classname="tests.test_orient_reflection.TestExtendedGapsThroughDetect" name="test_premise_mismatch_via_main_function" file="tests\test_orient_reflection.py" line="415" time="0.001" /><testcase classname="tests.test_outbound_connection_ledger" name="test_connection_and_per_universe_grant_persist_with_revocation" file="tests\test_outbound_connection_ledger.py" line="60" time="0.026" /><testcase classname="tests.test_outbound_connection_ledger" name="test_revoking_connection_invalidates_all_grants_and_cap_evaluation" file="tests\test_outbound_connection_ledger.py" line="87" time="0.025" /><testcase classname="tests.test_outbound_connection_ledger" name="test_migration_010_persists_connections_grants_and_connector_artifacts" file="tests\test_outbound_connection_ledger.py" line="109" time="0.001" /><testcase classname="tests.test_outbound_connection_ledger" name="test_resolve_scoped_proxy_uses_only_current_exact_grant" file="tests\test_outbound_connection_ledger.py" line="150" time="0.177" /><testcase classname="tests.test_outbound_connection_ledger" name="test_resolve_scoped_proxy_refuses_caller_supplied_owner_identity" file="tests\test_outbound_connection_ledger.py" line="184" time="0.023" /><testcase classname="tests.test_outbound_connection_ledger" name="test_resolve_scoped_proxy_fails_closed_without_principal_verifier" file="tests\test_outbound_connection_ledger.py" line="200" time="0.021" /><testcase classname="tests.test_outbound_connection_ledger" name="test_proxy_api_rejects_caller_supplied_factory_or_config" file="tests\test_outbound_connection_ledger.py" line="214" time="0.022" /><testcase classname="tests.test_outbound_connection_ledger" name="test_test_fixture_transport_is_disabled_by_default" file="tests\test_outbound_connection_ledger.py" line="235" time="0.170" /><testcase classname="tests.test_outbound_connection_ledger" name="test_resolve_scoped_proxy_fails_closed_without_fallback[absent]" file="tests\test_outbound_connection_ledger.py" line="250" time="0.020" /><testcase classname="tests.test_outbound_connection_ledger" name="test_resolve_scoped_proxy_fails_closed_without_fallback[revoked]" file="tests\test_outbound_connection_ledger.py" line="250" time="0.025" /><testcase classname="tests.test_outbound_connection_ledger" name="test_resolve_scoped_proxy_fails_closed_without_fallback[ambiguous]" file="tests\test_outbound_connection_ledger.py" line="250" time="0.029" /><testcase classname="tests.test_outbound_connection_ledger" name="test_adapter_cannot_recover_secret_from_state_environment_metadata_or_errors" file="tests\test_outbound_connection_ledger.py" line="275" time="1.545" /><testcase classname="tests.test_outbound_connection_ledger" name="test_credential_resolver_exception_cannot_leak_secret_to_proxy_error" file="tests\test_outbound_connection_ledger.py" line="349" time="0.198" /><testcase classname="tests.test_outbound_connection_ledger" name="test_ambiguous_transport_error_cannot_leak_credential_material" file="tests\test_outbound_connection_ledger.py" line="379" time="0.024" /><testcase classname="tests.test_outbound_connection_ledger" name="test_connector_definition_and_mcp_config_are_attributed_remixable_artifacts" file="tests\test_outbound_connection_ledger.py" line="405" time="0.026" /><testcase classname="tests.test_outbound_effect_boundary" name="test_unprompted_cap_is_machine_readable_and_a_separate_authority_axis" file="tests\test_outbound_effect_boundary.py" line="113" time="0.175" /><testcase classname="tests.test_outbound_effect_boundary" name="test_above_cap_holds_without_execution_or_consumption_until_confirmation" file="tests\test_outbound_effect_boundary.py" line="140" time="0.236" /><testcase classname="tests.test_outbound_effect_boundary" name="test_confirmed_hold_refuses_a_later_different_decision" file="tests\test_outbound_effect_boundary.py" line="221" time="0.485" /><testcase classname="tests.test_outbound_effect_boundary" name="test_same_action_at_cap_executes_without_hold" file="tests\test_outbound_effect_boundary.py" line="298" time="0.206" /><testcase classname="tests.test_outbound_effect_boundary" name="test_confirmed_cap_execution_is_acquired_once_under_concurrent_replay" file="tests\test_outbound_effect_boundary.py" line="337" time="0.234" /><testcase classname="tests.test_outbound_effect_boundary" name="test_confirmed_cap_failure_can_retry_without_losing_confirmation" file="tests\test_outbound_effect_boundary.py" line="393" time="0.239" /><testcase classname="tests.test_outbound_effect_boundary" name="test_confirmed_cap_ambiguous_hold_preserves_grant_and_confirmation" file="tests\test_outbound_effect_boundary.py" line="454" time="0.215" /><testcase classname="tests.test_outbound_effect_boundary" name="test_tool_authorization_denial_is_not_overridden_by_cap" file="tests\test_outbound_effect_boundary.py" line="500" time="0.163" /><testcase classname="tests.test_outbound_effect_boundary" name="test_cap_cannot_be_evaluated_for_a_different_grant_than_proxy" file="tests\test_outbound_effect_boundary.py" line="521" time="0.201" /><testcase classname="tests.test_outbound_effect_boundary" name="test_action_caps_reject_non_finite_values" file="tests\test_outbound_effect_boundary.py" line="557" time="0.160" /><testcase classname="tests.test_outbound_effect_boundary" name="test_action_cap_rejects_mismatched_units" file="tests\test_outbound_effect_boundary.py" line="570" time="0.163" /><testcase classname="tests.test_outbound_effect_boundary" name="test_caller_supplied_grant_owner_cannot_confirm_held_effect" file="tests\test_outbound_effect_boundary.py" line="581" time="0.183" /><testcase classname="tests.test_outbound_effect_boundary" name="test_effect_intent_is_journaled_before_fire_and_replay_consults_journal" file="tests\test_outbound_effect_boundary.py" line="624" time="0.039" /><testcase classname="tests.test_outbound_effect_boundary" name="test_ambiguous_outcome_reconciles_with_destination_and_persists_terminal" file="tests\test_outbound_effect_boundary.py" line="663" time="0.041" /><testcase classname="tests.test_outbound_effect_boundary" name="test_pending_replay_without_reconciliation_interface_holds_for_remediation" file="tests\test_outbound_effect_boundary.py" line="696" time="0.039" /><testcase classname="tests.test_outbound_effect_boundary" name="test_receipt_finalize_failure_is_persisted_as_actionable_terminal_hold" file="tests\test_outbound_effect_boundary.py" line="729" time="0.039" /><testcase classname="tests.test_outbound_effect_boundary" name="test_known_effect_failure_persists_terminal_result" file="tests\test_outbound_effect_boundary.py" line="763" time="0.038" /><testcase classname="tests.test_outbound_effect_boundary" name="test_batch_admission_failure_holds_every_item_before_any_effect_fires" file="tests\test_outbound_effect_boundary.py" line="792" time="0.001" /><testcase classname="tests.test_outbound_effect_boundary" name="test_batch_effect_failure_stops_further_fire_without_claiming_rollback" file="tests\test_outbound_effect_boundary.py" line="825" time="0.001" /><testcase classname="tests.test_outcome_evaluators.TestProtocolConformance" name="test_published_paper_is_evaluator" file="tests\test_outcome_evaluators.py" line="20" time="0.001" /><testcase classname="tests.test_outcome_evaluators.TestProtocolConformance" name="test_merged_pr_is_evaluator" file="tests\test_outcome_evaluators.py" line="23" time="0.000" /><testcase classname="tests.test_outcome_evaluators.TestProtocolConformance" name="test_deployed_app_is_evaluator" file="tests\test_outcome_evaluators.py" line="26" time="0.000" /><testcase classname="tests.test_outcome_evaluators.TestProtocolConformance" name="test_result_is_eval_result" file="tests\test_outcome_evaluators.py" line="29" time="0.000" /><testcase classname="tests.test_outcome_evaluators.TestPublishedPaperEvaluator" name="test_no_doi_returns_skip" file="tests\test_outcome_evaluators.py" line="38" time="0.001" /><testcase classname="tests.test_outcome_evaluators.TestPublishedPaperEvaluator" name="test_none_doi_returns_skip" file="tests\test_outcome_evaluators.py" line="45" time="0.000" /><testcase classname="tests.test_outcome_evaluators.TestPublishedPaperEvaluator" name="test_resolved_doi_returns_pass" file="tests\test_outcome_evaluators.py" line="50" time="0.000" /><testcase classname="tests.test_outcome_evaluators.TestPublishedPaperEvaluator" name="test_unresolved_doi_returns_fail" file="tests\test_outcome_evaluators.py" line="58" time="0.000" /><testcase classname="tests.test_outcome_evaluators.TestPublishedPaperEvaluator" name="test_kind_is_custom" file="tests\test_outcome_evaluators.py" line="65" time="0.000" /><testcase classname="tests.test_outcome_evaluators.TestPublishedPaperEvaluator" name="test_score_in_valid_range" file="tests\test_outcome_evaluators.py" line="70" time="0.000" /><testcase classname="tests.test_outcome_evaluators.TestPublishedPaperEvaluator" name="test_default_prober_does_not_raise" file="tests\test_outcome_evaluators.py" line="76" time="0.000" /><testcase classname="tests.test_outcome_evaluators.TestMergedPREvaluator" name="test_no_pr_url_returns_skip" file="tests\test_outcome_evaluators.py" line="87" time="0.001" /><testcase classname="tests.test_outcome_evaluators.TestMergedPREvaluator" name="test_merged_pr_returns_pass" file="tests\test_outcome_evaluators.py" line="94" time="0.000" /><testcase classname="tests.test_outcome_evaluators.TestMergedPREvaluator" name="test_unmerged_pr_returns_fail" file="tests\test_outcome_evaluators.py" line="101" time="0.000" /><testcase classname="tests.test_outcome_evaluators.TestMergedPREvaluator" name="test_details_contain_pr_url" file="tests\test_outcome_evaluators.py" line="107" time="0.000" /><testcase classname="tests.test_outcome_evaluators.TestMergedPREvaluator" name="test_score_in_valid_range" file="tests\test_outcome_evaluators.py" line="113" time="0.000" /><testcase classname="tests.test_outcome_evaluators.TestMergedPREvaluator" name="test_default_prober_reports_unverified" file="tests\test_outcome_evaluators.py" line="119" time="0.000" /><testcase classname="tests.test_outcome_evaluators.TestDeployedAppEvaluator" name="test_no_app_url_returns_skip" file="tests\test_outcome_evaluators.py" line="130" time="0.000" /><testcase classname="tests.test_outcome_evaluators.TestDeployedAppEvaluator" name="test_live_app_returns_pass" file="tests\test_outcome_evaluators.py" line="137" time="0.000" /><testcase classname="tests.test_outcome_evaluators.TestDeployedAppEvaluator" name="test_dead_app_returns_fail" file="tests\test_outcome_evaluators.py" line="144" time="0.000" /><testcase classname="tests.test_outcome_evaluators.TestDeployedAppEvaluator" name="test_details_contain_app_url" file="tests\test_outcome_evaluators.py" line="150" time="0.000" /><testcase classname="tests.test_outcome_evaluators.TestDeployedAppEvaluator" name="test_score_in_valid_range" file="tests\test_outcome_evaluators.py" line="156" time="0.001" /><testcase classname="tests.test_outcome_evaluators.TestDeployedAppEvaluator" name="test_default_prober_does_not_raise" file="tests\test_outcome_evaluators.py" line="162" time="0.000" /><testcase classname="tests.test_outcome_evaluators.TestEvalResultShape" name="test_all_evaluators_return_valid_kind" file="tests\test_outcome_evaluators.py" line="173" time="0.000" /><testcase classname="tests.test_outcome_evaluators.TestEvalResultShape" name="test_all_evaluators_return_valid_verdict" file="tests\test_outcome_evaluators.py" line="184" time="0.001" /><testcase classname="tests.test_outcome_evaluators.TestEvalResultShape" name="test_all_evaluators_score_in_range" file="tests\test_outcome_evaluators.py" line="195" time="0.001" /><testcase classname="tests.test_outcome_evaluators.TestNewEvaluatorProtocolConformance" name="test_peer_review_is_evaluator" file="tests\test_outcome_evaluators.py" line="209" time="0.000" /><testcase classname="tests.test_outcome_evaluators.TestNewEvaluatorProtocolConformance" name="test_conference_accepted_is_evaluator" file="tests\test_outcome_evaluators.py" line="212" time="0.000" /><testcase classname="tests.test_outcome_evaluators.TestNewEvaluatorProtocolConformance" name="test_mentioned_in_publication_is_evaluator" file="tests\test_outcome_evaluators.py" line="215" time="0.001" /><testcase classname="tests.test_outcome_evaluators.TestPeerReviewAcceptedEvaluator" name="test_pass_on_accepted_decision" file="tests\test_outcome_evaluators.py" line="228" time="0.000" /><testcase classname="tests.test_outcome_evaluators.TestPeerReviewAcceptedEvaluator" name="test_fail_on_rejected_decision" file="tests\test_outcome_evaluators.py" line="234" time="0.000" /><testcase classname="tests.test_outcome_evaluators.TestPeerReviewAcceptedEvaluator" name="test_accepted_with_revisions_is_pass" file="tests\test_outcome_evaluators.py" line="240" time="0.000" /><testcase classname="tests.test_outcome_evaluators.TestPeerReviewAcceptedEvaluator" name="test_not_accepted_is_fail" file="tests\test_outcome_evaluators.py" line="245" time="0.000" /><testcase classname="tests.test_outcome_evaluators.TestPeerReviewAcceptedEvaluator" name="test_missing_venue_returns_fail" file="tests\test_outcome_evaluators.py" line="250" time="0.000" /><testcase classname="tests.test_outcome_evaluators.TestPeerReviewAcceptedEvaluator" name="test_missing_decision_returns_fail" file="tests\test_outcome_evaluators.py" line="256" time="0.000" /><testcase classname="tests.test_outcome_evaluators.TestPeerReviewAcceptedEvaluator" name="test_missing_decision_date_returns_fail" file="tests\test_outcome_evaluators.py" line="261" time="0.000" /><testcase classname="tests.test_outcome_evaluators.TestPeerReviewAcceptedEvaluator" name="test_optional_reviewers_included_in_details" file="tests\test_outcome_evaluators.py" line="266" time="0.000" /><testcase classname="tests.test_outcome_evaluators.TestPeerReviewAcceptedEvaluator" name="test_result_is_eval_result" file="tests\test_outcome_evaluators.py" line="271" time="0.000" /><testcase classname="tests.test_outcome_evaluators.TestConferenceAcceptedEvaluator" name="test_pass_on_full_valid_state" file="tests\test_outcome_evaluators.py" line="286" time="0.000" /><testcase classname="tests.test_outcome_evaluators.TestConferenceAcceptedEvaluator" name="test_missing_conference_name_returns_fail" file="tests\test_outcome_evaluators.py" line="292" time="0.000" /><testcase classname="tests.test_outcome_evaluators.TestConferenceAcceptedEvaluator" name="test_missing_talk_date_returns_fail" file="tests\test_outcome_evaluators.py" line="298" time="0.000" /><testcase classname="tests.test_outcome_evaluators.TestConferenceAcceptedEvaluator" name="test_missing_accepted_at_returns_fail" file="tests\test_outcome_evaluators.py" line="303" time="0.000" /><testcase classname="tests.test_outcome_evaluators.TestConferenceAcceptedEvaluator" name="test_missing_decision_returns_fail" file="tests\test_outcome_evaluators.py" line="308" time="0.000" /><testcase classname="tests.test_outcome_evaluators.TestConferenceAcceptedEvaluator" name="test_rejected_decision_returns_fail" file="tests\test_outcome_evaluators.py" line="314" time="0.000" /><testcase classname="tests.test_outcome_evaluators.TestConferenceAcceptedEvaluator" name="test_optional_recording_url_included_in_details" file="tests\test_outcome_evaluators.py" line="320" time="0.000" /><testcase classname="tests.test_outcome_evaluators.TestConferenceAcceptedEvaluator" name="test_result_is_eval_result" file="tests\test_outcome_evaluators.py" line="325" time="0.000" /><testcase classname="tests.test_outcome_evaluators.TestMentionedInPublicationEvaluator" name="test_pass_on_full_valid_state" file="tests\test_outcome_evaluators.py" line="339" time="0.001" /><testcase classname="tests.test_outcome_evaluators.TestMentionedInPublicationEvaluator" name="test_missing_publication_returns_fail" file="tests\test_outcome_evaluators.py" line="345" time="0.000" /><testcase classname="tests.test_outcome_evaluators.TestMentionedInPublicationEvaluator" name="test_missing_mention_url_returns_fail" file="tests\test_outcome_evaluators.py" line="351" time="0.000" /><testcase classname="tests.test_outcome_evaluators.TestMentionedInPublicationEvaluator" name="test_missing_mention_date_returns_fail" file="tests\test_outcome_evaluators.py" line="356" time="0.000" /><testcase classname="tests.test_outcome_evaluators.TestMentionedInPublicationEvaluator" name="test_optional_context_snippet_included_in_details" file="tests\test_outcome_evaluators.py" line="361" time="0.000" /><testcase classname="tests.test_outcome_evaluators.TestMentionedInPublicationEvaluator" name="test_empty_publication_returns_fail" file="tests\test_outcome_evaluators.py" line="366" time="0.000" /><testcase classname="tests.test_outcome_evaluators.TestMentionedInPublicationEvaluator" name="test_result_is_eval_result" file="tests\test_outcome_evaluators.py" line="371" time="0.000" /><testcase classname="tests.test_outcome_evaluators.TestHyperparameterImportanceEvaluator" name="test_protocol_conformance" file="tests\test_outcome_evaluators.py" line="395" time="0.000" /><testcase classname="tests.test_outcome_evaluators.TestHyperparameterImportanceEvaluator" name="test_rf_method_top_param_is_driver" file="tests\test_outcome_evaluators.py" line="398" time="0.002"><skipped type="pytest.skip" message="could not import 'sklearn': No module named 'sklearn'">C:\Users\Jonathan\Projects\wf-required-test-gate\tests\test_outcome_evaluators.py:400: could not import 'sklearn': No module named 'sklearn'</skipped></testcase><testcase classname="tests.test_outcome_evaluators.TestHyperparameterImportanceEvaluator" name="test_correlation_method_top_param_is_driver" file="tests\test_outcome_evaluators.py" line="411" time="0.002"><skipped type="pytest.skip" message="could not import 'scipy': No module named 'scipy'">C:\Users\Jonathan\Projects\wf-required-test-gate\tests\test_outcome_evaluators.py:413: could not import 'scipy': No module named 'scipy'</skipped></testcase><testcase classname="tests.test_outcome_evaluators.TestHyperparameterImportanceEvaluator" name="test_skip_below_min_runs" file="tests\test_outcome_evaluators.py" line="423" time="0.001" /><testcase classname="tests.test_outcome_evaluators.TestHyperparameterImportanceEvaluator" name="test_categorical_param_is_ordinal_encoded" file="tests\test_outcome_evaluators.py" line="432" time="0.002"><skipped type="pytest.skip" message="could not import 'sklearn': No module named 'sklearn'">C:\Users\Jonathan\Projects\wf-required-test-gate\tests\test_outcome_evaluators.py:434: could not import 'sklearn': No module named 'sklearn'</skipped></testcase><testcase classname="tests.test_outcome_evaluators.TestHyperparameterImportanceEvaluator" name="test_skip_when_backends_missing" file="tests\test_outcome_evaluators.py" line="448" time="0.001" /><testcase classname="tests.test_outcome_evaluators.TestHyperparameterImportanceEvaluator" name="test_empty_run_results_returns_skip" file="tests\test_outcome_evaluators.py" line="464" time="0.001" /><testcase classname="tests.test_outcome_evaluators.TestHyperparameterImportanceEvaluator" name="test_missing_run_results_key_returns_skip" file="tests\test_outcome_evaluators.py" line="469" time="0.001" /><testcase classname="tests.test_outcome_events.TestSingleRegistry" name="test_a_handoff_outcome_lands_in_outcome_event" file="tests\test_outcome_events.py" line="97" time="0.054" /><testcase classname="tests.test_outcome_events.TestSingleRegistry" name="test_the_existing_get_outcome_action_can_read_it" file="tests\test_outcome_events.py" line="110" time="0.052" /><testcase classname="tests.test_outcome_events.TestSingleRegistry" name="test_an_unmapped_kind_stays_one_table_via_custom" file="tests\test_outcome_events.py" line="130" time="0.056" /><testcase classname="tests.test_outcome_events.TestSingleRegistry" name="test_a_legacy_row_is_never_attributed_to_the_verifier" file="tests\test_outcome_events.py" line="144" time="0.026" /><testcase classname="tests.test_outcome_events.TestSingleRegistry" name="test_a_legacy_row_is_not_presented_as_externally_verified" file="tests\test_outcome_events.py" line="176" time="0.025" /><testcase classname="tests.test_outcome_events.TestSingleRegistry" name="test_a_legacy_row_does_not_appear_in_any_accounts_list" file="tests\test_outcome_events.py" line="200" time="0.028" /><testcase classname="tests.test_outcome_events.TestEvidenceLevels" name="test_attestation_begins_user_attested" file="tests\test_outcome_events.py" line="227" time="0.066" /><testcase classname="tests.test_outcome_events.TestEvidenceLevels" name="test_a_valid_evidence_url_does_not_promote_the_claim" file="tests\test_outcome_events.py" line="238" time="0.055" /><testcase classname="tests.test_outcome_events.TestEvidenceLevels" name="test_verification_preserves_the_original_attester" file="tests\test_outcome_events.py" line="248" time="0.061" /><testcase classname="tests.test_outcome_events.TestEvidenceLevels" name="test_transitions_are_append_only_and_contiguous" file="tests\test_outcome_events.py" line="267" time="0.069" /><testcase classname="tests.test_outcome_events.TestEvidenceLevels" name="test_an_illegal_evidence_transition_is_refused" file="tests\test_outcome_events.py" line="294" time="0.061" /><testcase classname="tests.test_outcome_events.TestEvidenceLevels" name="test_an_unknown_evidence_level_is_refused" file="tests\test_outcome_events.py" line="317" time="0.045" /><testcase classname="tests.test_outcome_events.TestEvidenceLevels" name="test_the_python_guard_and_the_sql_check_agree" file="tests\test_outcome_events.py" line="327" time="0.001" /><testcase classname="tests.test_outcome_events.TestMultiSourceAttribution" name="test_two_sources_on_one_artifact_do_not_double_count" file="tests\test_outcome_events.py" line="347" time="0.032" /><testcase classname="tests.test_outcome_events.TestMultiSourceAttribution" name="test_both_attributions_remain_visible" file="tests\test_outcome_events.py" line="360" time="0.031" /><testcase classname="tests.test_outcome_events.TestMultiSourceAttribution" name="test_equivalent_identifiers_normalize_together[https://doi.org/10.1234/shared]" file="tests\test_outcome_events.py" line="381" time="0.001" /><testcase classname="tests.test_outcome_events.TestMultiSourceAttribution" name="test_equivalent_identifiers_normalize_together[http://www.doi.org/10.1234/shared]" file="tests\test_outcome_events.py" line="381" time="0.001" /><testcase classname="tests.test_outcome_events.TestMultiSourceAttribution" name="test_equivalent_identifiers_normalize_together[doi.org/10.1234/shared/]" file="tests\test_outcome_events.py" line="381" time="0.001" /><testcase classname="tests.test_outcome_events.TestMultiSourceAttribution" name="test_equivalent_identifiers_normalize_together[  DOI.org/10.1234/Shared  ]" file="tests\test_outcome_events.py" line="381" time="0.001" /><testcase classname="tests.test_outcome_events.TestMultiSourceAttribution" name="test_different_kinds_are_different_artifacts" file="tests\test_outcome_events.py" line="396" time="0.000" /><testcase classname="tests.test_outcome_events.TestMultiSourceAttribution" name="test_a_claim_without_an_external_id_joins_no_artifact" file="tests\test_outcome_events.py" line="401" time="0.027" /><testcase classname="tests.test_outcome_events.TestConsumerView" name="test_counts_are_separated_by_evidence_level" file="tests\test_outcome_events.py" line="414" time="0.034" /><testcase classname="tests.test_outcome_events.TestConsumerView" name="test_no_flattened_success_count_is_offered" file="tests\test_outcome_events.py" line="435" time="0.028" /><testcase classname="tests.test_outcome_events.TestConsumerView" name="test_a_disputed_claim_updates_the_aggregate_without_erasing_history" file="tests\test_outcome_events.py" line="446" time="0.071" /><testcase classname="tests.test_outcome_events.TestAttestationAuthority" name="test_attesting_against_a_foreign_run_is_refused" file="tests\test_outcome_events.py" line="471" time="0.057" /><testcase classname="tests.test_outcome_events.TestAttestationAuthority" name="test_attaching_to_a_foreign_handoff_is_refused" file="tests\test_outcome_events.py" line="480" time="0.059" /><testcase classname="tests.test_outcome_events.TestGateEventSeparation" name="test_an_outcome_transition_does_not_touch_gate_events" file="tests\test_outcome_events.py" line="518" time="0.096" /><testcase classname="tests.test_outcome_events.TestGateEventSeparation" name="test_a_gate_event_verification_does_not_promote_an_outcome" file="tests\test_outcome_events.py" line="547" time="0.117" /><testcase classname="tests.test_outcome_gate_claims" name="test_retract_requires_reason" file="tests\test_outcome_gate_claims.py" line="66" time="0.152"><failure message="KeyError: 'branch_def_id'">gates_env = (&lt;module 'tinyassets.universe_server' from 'C:\\Users\\Jonathan\\Projects\\wf-required-test-gate\\tinyassets\\universe...han/pytest-7404/test_retract_requires_reason0/output'), &lt;_pytest.monkeypatch.MonkeyPatch object at 0x0000018D93AB9080&gt;)

    def test_retract_requires_reason(gates_env):
        us, _, _ = gates_env
&gt;       gid, bid = _seed(us)
                   ^^^^^^^^^

tests\test_outcome_gate_claims.py:69: 
_ _ _ _ _ _ _ _ _ _ _ _ _ _ _ _ _ _ _ _ _ _ _ _ _ _ _ _ _ _ _ _ _ _ _ _ _ _ _ _

us = &lt;module 'tinyassets.universe_server' from 'C:\\Users\\Jonathan\\Projects\\wf-required-test-gate\\tinyassets\\universe_server.py'&gt;

    def _seed(us, *, goal_name="Research paper", branch_name="LoRA v3"):
        g = _call(us, "goals", "propose", name=goal_name, description="x")
        gid = g["goal"]["goal_id"]
        b = _call(us, "extensions", "create_branch", name=branch_name)
&gt;       bid = b["branch_def_id"]
              ^^^^^^^^^^^^^^^^^^
E       KeyError: 'branch_def_id'

tests\test_outcome_gate_claims.py:51: KeyError</failure></testcase><testcase classname="tests.test_outcome_gate_claims" name="test_retract_rejects_unknown_claim" file="tests\test_outcome_gate_claims.py" line="77" time="0.142"><failure message="KeyError: 'branch_def_id'">gates_env = (&lt;module 'tinyassets.universe_server' from 'C:\\Users\\Jonathan\\Projects\\wf-required-test-gate\\tinyassets\\universe...n/pytest-7404/test_retract_rejects_unknown_c0/output'), &lt;_pytest.monkeypatch.MonkeyPatch object at 0x0000018DAE639F60&gt;)

    def test_retract_rejects_unknown_claim(gates_env):
        us, _, _ = gates_env
&gt;       gid, bid = _seed(us)
                   ^^^^^^^^^

tests\test_outcome_gate_claims.py:80: 
_ _ _ _ _ _ _ _ _ _ _ _ _ _ _ _ _ _ _ _ _ _ _ _ _ _ _ _ _ _ _ _ _ _ _ _ _ _ _ _

us = &lt;module 'tinyassets.universe_server' from 'C:\\Users\\Jonathan\\Projects\\wf-required-test-gate\\tinyassets\\universe_server.py'&gt;

    def _seed(us, *, goal_name="Research paper", branch_name="LoRA v3"):
        g = _call(us, "goals", "propose", name=goal_name, description="x")
        gid = g["goal"]["goal_id"]
        b = _call(us, "extensions", "create_branch", name=branch_name)
&gt;       bid = b["branch_def_id"]
              ^^^^^^^^^^^^^^^^^^
E       KeyError: 'branch_def_id'

tests\test_outcome_gate_claims.py:51: KeyError</failure></testcase><testcase classname="tests.test_outcome_gate_claims" name="test_retract_soft_deletes_claim" file="tests\test_outcome_gate_claims.py" line="88" time="0.135"><failure message="KeyError: 'branch_def_id'">gates_env = (&lt;module 'tinyassets.universe_server' from 'C:\\Users\\Jonathan\\Projects\\wf-required-test-gate\\tinyassets\\universe...n/pytest-7404/test_retract_soft_deletes_clai0/output'), &lt;_pytest.monkeypatch.MonkeyPatch object at 0x0000018DAE898B40&gt;)

    def test_retract_soft_deletes_claim(gates_env):
        us, _, _ = gates_env
&gt;       gid, bid = _seed(us)
                   ^^^^^^^^^

tests\test_outcome_gate_claims.py:91: 
_ _ _ _ _ _ _ _ _ _ _ _ _ _ _ _ _ _ _ _ _ _ _ _ _ _ _ _ _ _ _ _ _ _ _ _ _ _ _ _

us = &lt;module 'tinyassets.universe_server' from 'C:\\Users\\Jonathan\\Projects\\wf-required-test-gate\\tinyassets\\universe_server.py'&gt;

    def _seed(us, *, goal_name="Research paper", branch_name="LoRA v3"):
        g = _call(us, "goals", "propose", name=goal_name, description="x")
        gid = g["goal"]["goal_id"]
        b = _call(us, "extensions", "create_branch", name=branch_name)
&gt;       bid = b["branch_def_id"]
              ^^^^^^^^^^^^^^^^^^
E       KeyError: 'branch_def_id'

tests\test_outcome_gate_claims.py:51: KeyError</failure></testcase><testcase classname="tests.test_outcome_gate_claims" name="test_retract_by_non_owner_non_claimant_rejected" file="tests\test_outcome_gate_claims.py" line="100" time="0.120"><failure message="KeyError: 'branch_def_id'">gates_env = (&lt;module 'tinyassets.universe_server' from 'C:\\Users\\Jonathan\\Projects\\wf-required-test-gate\\tinyassets\\universe...n/pytest-7404/test_retract_by_non_owner_non_0/output'), &lt;_pytest.monkeypatch.MonkeyPatch object at 0x0000018DAF3B5940&gt;)
monkeypatch = &lt;_pytest.monkeypatch.MonkeyPatch object at 0x0000018DAF3B5940&gt;

    def test_retract_by_non_owner_non_claimant_rejected(gates_env, monkeypatch):
        us, _, _ = gates_env
&gt;       gid, bid = _seed(us)  # alice owns goal + claims
                   ^^^^^^^^^

tests\test_outcome_gate_claims.py:103: 
_ _ _ _ _ _ _ _ _ _ _ _ _ _ _ _ _ _ _ _ _ _ _ _ _ _ _ _ _ _ _ _ _ _ _ _ _ _ _ _

us = &lt;module 'tinyassets.universe_server' from 'C:\\Users\\Jonathan\\Projects\\wf-required-test-gate\\tinyassets\\universe_server.py'&gt;

    def _seed(us, *, goal_name="Research paper", branch_name="LoRA v3"):
        g = _call(us, "goals", "propose", name=goal_name, description="x")
        gid = g["goal"]["goal_id"]
        b = _call(us, "extensions", "create_branch", name=branch_name)
&gt;       bid = b["branch_def_id"]
              ^^^^^^^^^^^^^^^^^^
E       KeyError: 'branch_def_id'

tests\test_outcome_gate_claims.py:51: KeyError</failure></testcase><testcase classname="tests.test_outcome_gate_claims" name="test_retract_by_goal_owner_allowed" file="tests\test_outcome_gate_claims.py" line="114" time="0.126"><failure message="KeyError: 'branch_def_id'">gates_env = (&lt;module 'tinyassets.universe_server' from 'C:\\Users\\Jonathan\\Projects\\wf-required-test-gate\\tinyassets\\universe...n/pytest-7404/test_retract_by_goal_owner_all0/output'), &lt;_pytest.monkeypatch.MonkeyPatch object at 0x0000018DAF565F60&gt;)
monkeypatch = &lt;_pytest.monkeypatch.MonkeyPatch object at 0x0000018DAF565F60&gt;

    def test_retract_by_goal_owner_allowed(gates_env, monkeypatch):
        us, _, _ = gates_env
&gt;       gid, bid = _seed(us)  # alice owns goal
                   ^^^^^^^^^

tests\test_outcome_gate_claims.py:117: 
_ _ _ _ _ _ _ _ _ _ _ _ _ _ _ _ _ _ _ _ _ _ _ _ _ _ _ _ _ _ _ _ _ _ _ _ _ _ _ _

us = &lt;module 'tinyassets.universe_server' from 'C:\\Users\\Jonathan\\Projects\\wf-required-test-gate\\tinyassets\\universe_server.py'&gt;

    def _seed(us, *, goal_name="Research paper", branch_name="LoRA v3"):
        g = _call(us, "goals", "propose", name=goal_name, description="x")
        gid = g["goal"]["goal_id"]
        b = _call(us, "extensions", "create_branch", name=branch_name)
&gt;       bid = b["branch_def_id"]
              ^^^^^^^^^^^^^^^^^^
E       KeyError: 'branch_def_id'

tests\test_outcome_gate_claims.py:51: KeyError</failure></testcase><testcase classname="tests.test_outcome_gate_claims" name="test_retract_by_host_allowed" file="tests\test_outcome_gate_claims.py" line="131" time="0.119"><failure message="KeyError: 'branch_def_id'">gates_env = (&lt;module 'tinyassets.universe_server' from 'C:\\Users\\Jonathan\\Projects\\wf-required-test-gate\\tinyassets\\universe...han/pytest-7404/test_retract_by_host_allowed0/output'), &lt;_pytest.monkeypatch.MonkeyPatch object at 0x0000018DAB84B9A0&gt;)
monkeypatch = &lt;_pytest.monkeypatch.MonkeyPatch object at 0x0000018DAB84B9A0&gt;

    def test_retract_by_host_allowed(gates_env, monkeypatch):
        us, _, _ = gates_env
&gt;       gid, bid = _seed(us)
                   ^^^^^^^^^

tests\test_outcome_gate_claims.py:134: 
_ _ _ _ _ _ _ _ _ _ _ _ _ _ _ _ _ _ _ _ _ _ _ _ _ _ _ _ _ _ _ _ _ _ _ _ _ _ _ _

us = &lt;module 'tinyassets.universe_server' from 'C:\\Users\\Jonathan\\Projects\\wf-required-test-gate\\tinyassets\\universe_server.py'&gt;

    def _seed(us, *, goal_name="Research paper", branch_name="LoRA v3"):
        g = _call(us, "goals", "propose", name=goal_name, description="x")
        gid = g["goal"]["goal_id"]
        b = _call(us, "extensions", "create_branch", name=branch_name)
&gt;       bid = b["branch_def_id"]
              ^^^^^^^^^^^^^^^^^^
E       KeyError: 'branch_def_id'

tests\test_outcome_gate_claims.py:51: KeyError</failure></testcase><testcase classname="tests.test_outcome_gate_claims" name="test_reclaim_after_retract_reactivates" file="tests\test_outcome_gate_claims.py" line="146" time="0.120"><failure message="KeyError: 'branch_def_id'">gates_env = (&lt;module 'tinyassets.universe_server' from 'C:\\Users\\Jonathan\\Projects\\wf-required-test-gate\\tinyassets\\universe...n/pytest-7404/test_reclaim_after_retract_rea0/output'), &lt;_pytest.monkeypatch.MonkeyPatch object at 0x0000018DA31CE4A0&gt;)

    def test_reclaim_after_retract_reactivates(gates_env):
        us, _, _ = gates_env
&gt;       gid, bid = _seed(us)
                   ^^^^^^^^^

tests\test_outcome_gate_claims.py:149: 
_ _ _ _ _ _ _ _ _ _ _ _ _ _ _ _ _ _ _ _ _ _ _ _ _ _ _ _ _ _ _ _ _ _ _ _ _ _ _ _

us = &lt;module 'tinyassets.universe_server' from 'C:\\Users\\Jonathan\\Projects\\wf-required-test-gate\\tinyassets\\universe_server.py'&gt;

    def _seed(us, *, goal_name="Research paper", branch_name="LoRA v3"):
        g = _call(us, "goals", "propose", name=goal_name, description="x")
        gid = g["goal"]["goal_id"]
        b = _call(us, "extensions", "create_branch", name=branch_name)
&gt;       bid = b["branch_def_id"]
              ^^^^^^^^^^^^^^^^^^
E       KeyError: 'branch_def_id'

tests\test_outcome_gate_claims.py:51: KeyError</failure></testcase><testcase classname="tests.test_outcome_gate_claims" name="test_list_claims_requires_one_filter" file="tests\test_outcome_gate_claims.py" line="162" time="0.072" /><testcase classname="tests.test_outcome_gate_claims" name="test_list_claims_rejects_both_filters" file="tests\test_outcome_gate_claims.py" line="170" time="0.130"><failure message="KeyError: 'branch_def_id'">gates_env = (&lt;module 'tinyassets.universe_server' from 'C:\\Users\\Jonathan\\Projects\\wf-required-test-gate\\tinyassets\\universe...n/pytest-7404/test_list_claims_rejects_both_0/output'), &lt;_pytest.monkeypatch.MonkeyPatch object at 0x0000018DAF6F2120&gt;)

    def test_list_claims_rejects_both_filters(gates_env):
        us, _, _ = gates_env
&gt;       gid, bid = _seed(us)
                   ^^^^^^^^^

tests\test_outcome_gate_claims.py:173: 
_ _ _ _ _ _ _ _ _ _ _ _ _ _ _ _ _ _ _ _ _ _ _ _ _ _ _ _ _ _ _ _ _ _ _ _ _ _ _ _

us = &lt;module 'tinyassets.universe_server' from 'C:\\Users\\Jonathan\\Projects\\wf-required-test-gate\\tinyassets\\universe_server.py'&gt;

    def _seed(us, *, goal_name="Research paper", branch_name="LoRA v3"):
        g = _call(us, "goals", "propose", name=goal_name, description="x")
        gid = g["goal"]["goal_id"]
        b = _call(us, "extensions", "create_branch", name=branch_name)
&gt;       bid = b["branch_def_id"]
              ^^^^^^^^^^^^^^^^^^
E       KeyError: 'branch_def_id'

tests\test_outcome_gate_claims.py:51: KeyError</failure></testcase><testcase classname="tests.test_outcome_gate_claims" name="test_list_claims_by_branch_returns_active_only" file="tests\test_outcome_gate_claims.py" line="178" time="0.121"><failure message="KeyError: 'branch_def_id'">gates_env = (&lt;module 'tinyassets.universe_server' from 'C:\\Users\\Jonathan\\Projects\\wf-required-test-gate\\tinyassets\\universe...n/pytest-7404/test_list_claims_by_branch_ret0/output'), &lt;_pytest.monkeypatch.MonkeyPatch object at 0x0000018DAF495400&gt;)

    def test_list_claims_by_branch_returns_active_only(gates_env):
        us, _, _ = gates_env
&gt;       gid, bid = _seed(us)
                   ^^^^^^^^^

tests\test_outcome_gate_claims.py:181: 
_ _ _ _ _ _ _ _ _ _ _ _ _ _ _ _ _ _ _ _ _ _ _ _ _ _ _ _ _ _ _ _ _ _ _ _ _ _ _ _

us = &lt;module 'tinyassets.universe_server' from 'C:\\Users\\Jonathan\\Projects\\wf-required-test-gate\\tinyassets\\universe_server.py'&gt;

    def _seed(us, *, goal_name="Research paper", branch_name="LoRA v3"):
        g = _call(us, "goals", "propose", name=goal_name, description="x")
        gid = g["goal"]["goal_id"]
        b = _call(us, "extensions", "create_branch", name=branch_name)
&gt;       bid = b["branch_def_id"]
              ^^^^^^^^^^^^^^^^^^
E       KeyError: 'branch_def_id'

tests\test_outcome_gate_claims.py:51: KeyError</failure></testcase><testcase classname="tests.test_outcome_gate_claims" name="test_list_claims_include_retracted" file="tests\test_outcome_gate_claims.py" line="191" time="0.119"><failure message="KeyError: 'branch_def_id'">gates_env = (&lt;module 'tinyassets.universe_server' from 'C:\\Users\\Jonathan\\Projects\\wf-required-test-gate\\tinyassets\\universe...n/pytest-7404/test_list_claims_include_retra0/output'), &lt;_pytest.monkeypatch.MonkeyPatch object at 0x0000018DAF024210&gt;)

    def test_list_claims_include_retracted(gates_env):
        us, _, _ = gates_env
&gt;       gid, bid = _seed(us)
                   ^^^^^^^^^

tests\test_outcome_gate_claims.py:194: 
_ _ _ _ _ _ _ _ _ _ _ _ _ _ _ _ _ _ _ _ _ _ _ _ _ _ _ _ _ _ _ _ _ _ _ _ _ _ _ _

us = &lt;module 'tinyassets.universe_server' from 'C:\\Users\\Jonathan\\Projects\\wf-required-test-gate\\tinyassets\\universe_server.py'&gt;

    def _seed(us, *, goal_name="Research paper", branch_name="LoRA v3"):
        g = _call(us, "goals", "propose", name=goal_name, description="x")
        gid = g["goal"]["goal_id"]
        b = _call(us, "extensions", "create_branch", name=branch_name)
&gt;       bid = b["branch_def_id"]
              ^^^^^^^^^^^^^^^^^^
E       KeyError: 'branch_def_id'

tests\test_outcome_gate_claims.py:51: KeyError</failure></testcase><testcase classname="tests.test_outcome_gate_claims" name="test_list_claims_by_goal" file="tests\test_outcome_gate_claims.py" line="203" time="0.121"><failure message="KeyError: 'branch_def_id'">gates_env = (&lt;module 'tinyassets.universe_server' from 'C:\\Users\\Jonathan\\Projects\\wf-required-test-gate\\tinyassets\\universe...onathan/pytest-7404/test_list_claims_by_goal0/output'), &lt;_pytest.monkeypatch.MonkeyPatch object at 0x0000018DAEF76D60&gt;)

    def test_list_claims_by_goal(gates_env):
        us, _, _ = gates_env
&gt;       gid, bid = _seed(us)
                   ^^^^^^^^^

tests\test_outcome_gate_claims.py:206: 
_ _ _ _ _ _ _ _ _ _ _ _ _ _ _ _ _ _ _ _ _ _ _ _ _ _ _ _ _ _ _ _ _ _ _ _ _ _ _ _

us = &lt;module 'tinyassets.universe_server' from 'C:\\Users\\Jonathan\\Projects\\wf-required-test-gate\\tinyassets\\universe_server.py'&gt;

    def _seed(us, *, goal_name="Research paper", branch_name="LoRA v3"):
        g = _call(us, "goals", "propose", name=goal_name, description="x")
        gid = g["goal"]["goal_id"]
        b = _call(us, "extensions", "create_branch", name=branch_name)
&gt;       bid = b["branch_def_id"]
              ^^^^^^^^^^^^^^^^^^
E       KeyError: 'branch_def_id'

tests\test_outcome_gate_claims.py:51: KeyError</failure></testcase><testcase classname="tests.test_outcome_gate_claims" name="test_list_claims_tags_orphaned_rungs" file="tests\test_outcome_gate_claims.py" line="212" time="0.120"><failure message="KeyError: 'branch_def_id'">gates_env = (&lt;module 'tinyassets.universe_server' from 'C:\\Users\\Jonathan\\Projects\\wf-required-test-gate\\tinyassets\\universe...n/pytest-7404/test_list_claims_tags_orphaned0/output'), &lt;_pytest.monkeypatch.MonkeyPatch object at 0x0000018DAEEAACF0&gt;)

    def test_list_claims_tags_orphaned_rungs(gates_env):
        us, _, _ = gates_env
&gt;       gid, bid = _seed(us)
                   ^^^^^^^^^

tests\test_outcome_gate_claims.py:215: 
_ _ _ _ _ _ _ _ _ _ _ _ _ _ _ _ _ _ _ _ _ _ _ _ _ _ _ _ _ _ _ _ _ _ _ _ _ _ _ _

us = &lt;module 'tinyassets.universe_server' from 'C:\\Users\\Jonathan\\Projects\\wf-required-test-gate\\tinyassets\\universe_server.py'&gt;

    def _seed(us, *, goal_name="Research paper", branch_name="LoRA v3"):
        g = _call(us, "goals", "propose", name=goal_name, description="x")
        gid = g["goal"]["goal_id"]
        b = _call(us, "extensions", "create_branch", name=branch_name)
&gt;       bid = b["branch_def_id"]
              ^^^^^^^^^^^^^^^^^^
E       KeyError: 'branch_def_id'

tests\test_outcome_gate_claims.py:51: KeyError</failure></testcase><testcase classname="tests.test_outcome_gate_claims" name="test_leaderboard_requires_goal_id" file="tests\test_outcome_gate_claims.py" line="228" time="0.072" /><testcase classname="tests.test_outcome_gate_claims" name="test_leaderboard_rejects_unknown_goal" file="tests\test_outcome_gate_claims.py" line="234" time="0.115" /><testcase classname="tests.test_outcome_gate_claims" name="test_leaderboard_empty_when_no_claims" file="tests\test_outcome_gate_claims.py" line="241" time="0.122"><failure message="KeyError: 'branch_def_id'">gates_env = (&lt;module 'tinyassets.universe_server' from 'C:\\Users\\Jonathan\\Projects\\wf-required-test-gate\\tinyassets\\universe...n/pytest-7404/test_leaderboard_empty_when_no0/output'), &lt;_pytest.monkeypatch.MonkeyPatch object at 0x0000018DAEE08AD0&gt;)

    def test_leaderboard_empty_when_no_claims(gates_env):
        us, _, _ = gates_env
&gt;       gid, _ = _seed(us)
                 ^^^^^^^^^

tests\test_outcome_gate_claims.py:244: 
_ _ _ _ _ _ _ _ _ _ _ _ _ _ _ _ _ _ _ _ _ _ _ _ _ _ _ _ _ _ _ _ _ _ _ _ _ _ _ _

us = &lt;module 'tinyassets.universe_server' from 'C:\\Users\\Jonathan\\Projects\\wf-required-test-gate\\tinyassets\\universe_server.py'&gt;

    def _seed(us, *, goal_name="Research paper", branch_name="LoRA v3"):
        g = _call(us, "goals", "propose", name=goal_name, description="x")
        gid = g["goal"]["goal_id"]
        b = _call(us, "extensions", "create_branch", name=branch_name)
&gt;       bid = b["branch_def_id"]
              ^^^^^^^^^^^^^^^^^^
E       KeyError: 'branch_def_id'

tests\test_outcome_gate_claims.py:51: KeyError</failure></testcase><testcase classname="tests.test_outcome_gate_claims" name="test_leaderboard_orders_by_highest_rung" file="tests\test_outcome_gate_claims.py" line="250" time="0.129"><failure message="KeyError: 'branch_def_id'">gates_env = (&lt;module 'tinyassets.universe_server' from 'C:\\Users\\Jonathan\\Projects\\wf-required-test-gate\\tinyassets\\universe...n/pytest-7404/test_leaderboard_orders_by_hig0/output'), &lt;_pytest.monkeypatch.MonkeyPatch object at 0x0000018DAEBFD390&gt;)

    def test_leaderboard_orders_by_highest_rung(gates_env):
        us, _, _ = gates_env
&gt;       gid, bid_a = _seed(us, branch_name="A")
                     ^^^^^^^^^^^^^^^^^^^^^^^^^^

tests\test_outcome_gate_claims.py:253: 
_ _ _ _ _ _ _ _ _ _ _ _ _ _ _ _ _ _ _ _ _ _ _ _ _ _ _ _ _ _ _ _ _ _ _ _ _ _ _ _

us = &lt;module 'tinyassets.universe_server' from 'C:\\Users\\Jonathan\\Projects\\wf-required-test-gate\\tinyassets\\universe_server.py'&gt;

    def _seed(us, *, goal_name="Research paper", branch_name="LoRA v3"):
        g = _call(us, "goals", "propose", name=goal_name, description="x")
        gid = g["goal"]["goal_id"]
        b = _call(us, "extensions", "create_branch", name=branch_name)
&gt;       bid = b["branch_def_id"]
              ^^^^^^^^^^^^^^^^^^
E       KeyError: 'branch_def_id'

tests\test_outcome_gate_claims.py:51: KeyError</failure></testcase><testcase classname="tests.test_outcome_gate_claims" name="test_leaderboard_earliest_wins_tiebreak" file="tests\test_outcome_gate_claims.py" line="266" time="0.120"><failure message="KeyError: 'branch_def_id'">gates_env = (&lt;module 'tinyassets.universe_server' from 'C:\\Users\\Jonathan\\Projects\\wf-required-test-gate\\tinyassets\\universe...n/pytest-7404/test_leaderboard_earliest_wins0/output'), &lt;_pytest.monkeypatch.MonkeyPatch object at 0x0000018DAEB52DD0&gt;)

    def test_leaderboard_earliest_wins_tiebreak(gates_env):
        import time
        us, _, _ = gates_env
&gt;       gid, bid_a = _seed(us, branch_name="A")
                     ^^^^^^^^^^^^^^^^^^^^^^^^^^

tests\test_outcome_gate_claims.py:270: 
_ _ _ _ _ _ _ _ _ _ _ _ _ _ _ _ _ _ _ _ _ _ _ _ _ _ _ _ _ _ _ _ _ _ _ _ _ _ _ _

us = &lt;module 'tinyassets.universe_server' from 'C:\\Users\\Jonathan\\Projects\\wf-required-test-gate\\tinyassets\\universe_server.py'&gt;

    def _seed(us, *, goal_name="Research paper", branch_name="LoRA v3"):
        g = _call(us, "goals", "propose", name=goal_name, description="x")
        gid = g["goal"]["goal_id"]
        b = _call(us, "extensions", "create_branch", name=branch_name)
&gt;       bid = b["branch_def_id"]
              ^^^^^^^^^^^^^^^^^^
E       KeyError: 'branch_def_id'

tests\test_outcome_gate_claims.py:51: KeyError</failure></testcase><testcase classname="tests.test_outcome_gate_claims" name="test_leaderboard_ignores_retracted" file="tests\test_outcome_gate_claims.py" line="280" time="0.120"><failure message="KeyError: 'branch_def_id'">gates_env = (&lt;module 'tinyassets.universe_server' from 'C:\\Users\\Jonathan\\Projects\\wf-required-test-gate\\tinyassets\\universe...n/pytest-7404/test_leaderboard_ignores_retra0/output'), &lt;_pytest.monkeypatch.MonkeyPatch object at 0x0000018DAEAA3380&gt;)

    def test_leaderboard_ignores_retracted(gates_env):
        us, _, _ = gates_env
&gt;       gid, bid_a = _seed(us, branch_name="A")
                     ^^^^^^^^^^^^^^^^^^^^^^^^^^

tests\test_outcome_gate_claims.py:283: 
_ _ _ _ _ _ _ _ _ _ _ _ _ _ _ _ _ _ _ _ _ _ _ _ _ _ _ _ _ _ _ _ _ _ _ _ _ _ _ _

us = &lt;module 'tinyassets.universe_server' from 'C:\\Users\\Jonathan\\Projects\\wf-required-test-gate\\tinyassets\\universe_server.py'&gt;

    def _seed(us, *, goal_name="Research paper", branch_name="LoRA v3"):
        g = _call(us, "goals", "propose", name=goal_name, description="x")
        gid = g["goal"]["goal_id"]
        b = _call(us, "extensions", "create_branch", name=branch_name)
&gt;       bid = b["branch_def_id"]
              ^^^^^^^^^^^^^^^^^^
E       KeyError: 'branch_def_id'

tests\test_outcome_gate_claims.py:51: KeyError</failure></testcase><testcase classname="tests.test_outcome_gate_claims" name="test_leaderboard_ignores_orphaned_rungs" file="tests\test_outcome_gate_claims.py" line="297" time="0.117"><failure message="KeyError: 'branch_def_id'">gates_env = (&lt;module 'tinyassets.universe_server' from 'C:\\Users\\Jonathan\\Projects\\wf-required-test-gate\\tinyassets\\universe...n/pytest-7404/test_leaderboard_ignores_orpha0/output'), &lt;_pytest.monkeypatch.MonkeyPatch object at 0x0000018DAEA22F20&gt;)

    def test_leaderboard_ignores_orphaned_rungs(gates_env):
        us, _, _ = gates_env
&gt;       gid, bid = _seed(us)
                   ^^^^^^^^^

tests\test_outcome_gate_claims.py:300: 
_ _ _ _ _ _ _ _ _ _ _ _ _ _ _ _ _ _ _ _ _ _ _ _ _ _ _ _ _ _ _ _ _ _ _ _ _ _ _ _

us = &lt;module 'tinyassets.universe_server' from 'C:\\Users\\Jonathan\\Projects\\wf-required-test-gate\\tinyassets\\universe_server.py'&gt;

    def _seed(us, *, goal_name="Research paper", branch_name="LoRA v3"):
        g = _call(us, "goals", "propose", name=goal_name, description="x")
        gid = g["goal"]["goal_id"]
        b = _call(us, "extensions", "create_branch", name=branch_name)
&gt;       bid = b["branch_def_id"]
              ^^^^^^^^^^^^^^^^^^
E       KeyError: 'branch_def_id'

tests\test_outcome_gate_claims.py:51: KeyError</failure></testcase><testcase classname="tests.test_outcome_gate_claims" name="test_goals_leaderboard_outcome_delegates" file="tests\test_outcome_gate_claims.py" line="311" time="0.118"><failure message="KeyError: 'branch_def_id'">gates_env = (&lt;module 'tinyassets.universe_server' from 'C:\\Users\\Jonathan\\Projects\\wf-required-test-gate\\tinyassets\\universe...n/pytest-7404/test_goals_leaderboard_outcome0/output'), &lt;_pytest.monkeypatch.MonkeyPatch object at 0x0000018DAE7FE7B0&gt;)

    def test_goals_leaderboard_outcome_delegates(gates_env):
        us, _, _ = gates_env
&gt;       gid, bid = _seed(us)
                   ^^^^^^^^^

tests\test_outcome_gate_claims.py:314: 
_ _ _ _ _ _ _ _ _ _ _ _ _ _ _ _ _ _ _ _ _ _ _ _ _ _ _ _ _ _ _ _ _ _ _ _ _ _ _ _

us = &lt;module 'tinyassets.universe_server' from 'C:\\Users\\Jonathan\\Projects\\wf-required-test-gate\\tinyassets\\universe_server.py'&gt;

    def _seed(us, *, goal_name="Research paper", branch_name="LoRA v3"):
        g = _call(us, "goals", "propose", name=goal_name, description="x")
        gid = g["goal"]["goal_id"]
        b = _call(us, "extensions", "create_branch", name=branch_name)
&gt;       bid = b["branch_def_id"]
              ^^^^^^^^^^^^^^^^^^
E       KeyError: 'branch_def_id'

tests\test_outcome_gate_claims.py:51: KeyError</failure></testcase><testcase classname="tests.test_outcome_gate_claims" name="test_goals_leaderboard_outcome_empty_has_friendly_text" file="tests\test_outcome_gate_claims.py" line="324" time="0.121"><failure message="KeyError: 'branch_def_id'">gates_env = (&lt;module 'tinyassets.universe_server' from 'C:\\Users\\Jonathan\\Projects\\wf-required-test-gate\\tinyassets\\universe...n/pytest-7404/test_goals_leaderboard_outcome1/output'), &lt;_pytest.monkeypatch.MonkeyPatch object at 0x0000018DAE4D2D60&gt;)

    def test_goals_leaderboard_outcome_empty_has_friendly_text(gates_env):
        us, _, _ = gates_env
&gt;       gid, _ = _seed(us)
                 ^^^^^^^^^

tests\test_outcome_gate_claims.py:327: 
_ _ _ _ _ _ _ _ _ _ _ _ _ _ _ _ _ _ _ _ _ _ _ _ _ _ _ _ _ _ _ _ _ _ _ _ _ _ _ _

us = &lt;module 'tinyassets.universe_server' from 'C:\\Users\\Jonathan\\Projects\\wf-required-test-gate\\tinyassets\\universe_server.py'&gt;

    def _seed(us, *, goal_name="Research paper", branch_name="LoRA v3"):
        g = _call(us, "goals", "propose", name=goal_name, description="x")
        gid = g["goal"]["goal_id"]
        b = _call(us, "extensions", "create_branch", name=branch_name)
&gt;       bid = b["branch_def_id"]
              ^^^^^^^^^^^^^^^^^^
E       KeyError: 'branch_def_id'

tests\test_outcome_gate_claims.py:51: KeyError</failure></testcase><testcase classname="tests.test_outcome_gate_claims" name="test_goals_leaderboard_unknown_metric_lists_outcome" file="tests\test_outcome_gate_claims.py" line="332" time="0.119"><failure message="KeyError: 'branch_def_id'">gates_env = (&lt;module 'tinyassets.universe_server' from 'C:\\Users\\Jonathan\\Projects\\wf-required-test-gate\\tinyassets\\universe...n/pytest-7404/test_goals_leaderboard_unknown0/output'), &lt;_pytest.monkeypatch.MonkeyPatch object at 0x0000018DAE4598D0&gt;)

    def test_goals_leaderboard_unknown_metric_lists_outcome(gates_env):
        us, _, _ = gates_env
&gt;       gid, _ = _seed(us)
                 ^^^^^^^^^

tests\test_outcome_gate_claims.py:335: 
_ _ _ _ _ _ _ _ _ _ _ _ _ _ _ _ _ _ _ _ _ _ _ _ _ _ _ _ _ _ _ _ _ _ _ _ _ _ _ _

us = &lt;module 'tinyassets.universe_server' from 'C:\\Users\\Jonathan\\Projects\\wf-required-test-gate\\tinyassets\\universe_server.py'&gt;

    def _seed(us, *, goal_name="Research paper", branch_name="LoRA v3"):
        g = _call(us, "goals", "propose", name=goal_name, description="x")
        gid = g["goal"]["goal_id"]
        b = _call(us, "extensions", "create_branch", name=branch_name)
&gt;       bid = b["branch_def_id"]
              ^^^^^^^^^^^^^^^^^^
E       KeyError: 'branch_def_id'

tests\test_outcome_gate_claims.py:51: KeyError</failure></testcase><testcase classname="tests.test_outcome_gate_claims" name="test_define_ladder_host_override" file="tests\test_outcome_gate_claims.py" line="344" time="0.120"><failure message="KeyError: 'branch_def_id'">gates_env = (&lt;module 'tinyassets.universe_server' from 'C:\\Users\\Jonathan\\Projects\\wf-required-test-gate\\tinyassets\\universe...n/pytest-7404/test_define_ladder_host_overri0/output'), &lt;_pytest.monkeypatch.MonkeyPatch object at 0x0000018D872E3380&gt;)
monkeypatch = &lt;_pytest.monkeypatch.MonkeyPatch object at 0x0000018D872E3380&gt;

    def test_define_ladder_host_override(gates_env, monkeypatch):
        us, _, _ = gates_env
&gt;       gid, _ = _seed(us)  # alice owns
                 ^^^^^^^^^

tests\test_outcome_gate_claims.py:347: 
_ _ _ _ _ _ _ _ _ _ _ _ _ _ _ _ _ _ _ _ _ _ _ _ _ _ _ _ _ _ _ _ _ _ _ _ _ _ _ _

us = &lt;module 'tinyassets.universe_server' from 'C:\\Users\\Jonathan\\Projects\\wf-required-test-gate\\tinyassets\\universe_server.py'&gt;

    def _seed(us, *, goal_name="Research paper", branch_name="LoRA v3"):
        g = _call(us, "goals", "propose", name=goal_name, description="x")
        gid = g["goal"]["goal_id"]
        b = _call(us, "extensions", "create_branch", name=branch_name)
&gt;       bid = b["branch_def_id"]
              ^^^^^^^^^^^^^^^^^^
E       KeyError: 'branch_def_id'

tests\test_outcome_gate_claims.py:51: KeyError</failure></testcase><testcase classname="tests.test_outcome_gate_claims" name="test_goals_leaderboard_outcome_gated_off" file="tests\test_outcome_gate_claims.py" line="361" time="0.125" /><testcase classname="tests.test_outcome_gate_claims" name="test_goals_leaderboard_outcome_live_when_enabled" file="tests\test_outcome_gate_claims.py" line="386" time="0.119"><failure message="KeyError: 'branch_def_id'">gates_env = (&lt;module 'tinyassets.universe_server' from 'C:\\Users\\Jonathan\\Projects\\wf-required-test-gate\\tinyassets\\universe...n/pytest-7404/test_goals_leaderboard_outcome3/output'), &lt;_pytest.monkeypatch.MonkeyPatch object at 0x0000018DAF145E80&gt;)

    def test_goals_leaderboard_outcome_live_when_enabled(gates_env):
        """GATES_ENABLED=1: outcome returns the live leaderboard."""
        us, _, _ = gates_env
&gt;       gid, bid = _seed(us)
                   ^^^^^^^^^

tests\test_outcome_gate_claims.py:390: 
_ _ _ _ _ _ _ _ _ _ _ _ _ _ _ _ _ _ _ _ _ _ _ _ _ _ _ _ _ _ _ _ _ _ _ _ _ _ _ _

us = &lt;module 'tinyassets.universe_server' from 'C:\\Users\\Jonathan\\Projects\\wf-required-test-gate\\tinyassets\\universe_server.py'&gt;

    def _seed(us, *, goal_name="Research paper", branch_name="LoRA v3"):
        g = _call(us, "goals", "propose", name=goal_name, description="x")
        gid = g["goal"]["goal_id"]
        b = _call(us, "extensions", "create_branch", name=branch_name)
&gt;       bid = b["branch_def_id"]
              ^^^^^^^^^^^^^^^^^^
E       KeyError: 'branch_def_id'

tests\test_outcome_gate_claims.py:51: KeyError</failure></testcase><testcase classname="tests.test_outcome_gate_claims" name="test_claim_rejects_after_branch_rebound" file="tests\test_outcome_gate_claims.py" line="401" time="0.117"><failure message="KeyError: 'branch_def_id'">gates_env = (&lt;module 'tinyassets.universe_server' from 'C:\\Users\\Jonathan\\Projects\\wf-required-test-gate\\tinyassets\\universe...n/pytest-7404/test_claim_rejects_after_branc0/output'), &lt;_pytest.monkeypatch.MonkeyPatch object at 0x0000018DAF0D3310&gt;)

    def test_claim_rejects_after_branch_rebound(gates_env):
        """Reclaim under a different Goal is rejected, not silently moved.
    
        Spec §6.2 Debt #2 Option 1. Branch rebinds from Goal A to Goal B
        while an active claim still references A. A naive UPDATE would
        silently shift the claim's goal_id to B, erasing A's leaderboard
        history.
        """
        us, _, _ = gates_env
&gt;       gid_a, bid = _seed(us, goal_name="Goal A")
                     ^^^^^^^^^^^^^^^^^^^^^^^^^^^^^

tests\test_outcome_gate_claims.py:411: 
_ _ _ _ _ _ _ _ _ _ _ _ _ _ _ _ _ _ _ _ _ _ _ _ _ _ _ _ _ _ _ _ _ _ _ _ _ _ _ _

us = &lt;module 'tinyassets.universe_server' from 'C:\\Users\\Jonathan\\Projects\\wf-required-test-gate\\tinyassets\\universe_server.py'&gt;

    def _seed(us, *, goal_name="Research paper", branch_name="LoRA v3"):
        g = _call(us, "goals", "propose", name=goal_name, description="x")
        gid = g["goal"]["goal_id"]
        b = _call(us, "extensions", "create_branch", name=branch_name)
&gt;       bid = b["branch_def_id"]
              ^^^^^^^^^^^^^^^^^^
E       KeyError: 'branch_def_id'

tests\test_outcome_gate_claims.py:51: KeyError</failure></testcase><testcase classname="tests.test_outcome_gate_claims" name="test_claim_rebind_allowed_after_retract" file="tests\test_outcome_gate_claims.py" line="427" time="0.115"><failure message="KeyError: 'branch_def_id'">gates_env = (&lt;module 'tinyassets.universe_server' from 'C:\\Users\\Jonathan\\Projects\\wf-required-test-gate\\tinyassets\\universe...n/pytest-7404/test_claim_rebind_allowed_afte0/output'), &lt;_pytest.monkeypatch.MonkeyPatch object at 0x0000018DA1D16660&gt;)

    def test_claim_rebind_allowed_after_retract(gates_env):
        """Retract-then-reclaim flow is the supported rebind path."""
        us, _, _ = gates_env
&gt;       gid_a, bid = _seed(us, goal_name="Goal A")
                     ^^^^^^^^^^^^^^^^^^^^^^^^^^^^^

tests\test_outcome_gate_claims.py:431: 
_ _ _ _ _ _ _ _ _ _ _ _ _ _ _ _ _ _ _ _ _ _ _ _ _ _ _ _ _ _ _ _ _ _ _ _ _ _ _ _

us = &lt;module 'tinyassets.universe_server' from 'C:\\Users\\Jonathan\\Projects\\wf-required-test-gate\\tinyassets\\universe_server.py'&gt;

    def _seed(us, *, goal_name="Research paper", branch_name="LoRA v3"):
        g = _call(us, "goals", "propose", name=goal_name, description="x")
        gid = g["goal"]["goal_id"]
        b = _call(us, "extensions", "create_branch", name=branch_name)
&gt;       bid = b["branch_def_id"]
              ^^^^^^^^^^^^^^^^^^
E       KeyError: 'branch_def_id'

tests\test_outcome_gate_claims.py:51: KeyError</failure></testcase><testcase classname="tests.test_outcome_gate_claims" name="test_claim_gate_storage_raises_branch_rebind_error" file="tests\test_outcome_gate_claims.py" line="445" time="0.120"><failure message="KeyError: 'branch_def_id'">gates_env = (&lt;module 'tinyassets.universe_server' from 'C:\\Users\\Jonathan\\Projects\\wf-required-test-gate\\tinyassets\\universe...n/pytest-7404/test_claim_gate_storage_raises0/output'), &lt;_pytest.monkeypatch.MonkeyPatch object at 0x0000018DA33BAC80&gt;)

    def test_claim_gate_storage_raises_branch_rebind_error(gates_env):
        """Defense-in-depth: storage layer refuses silent goal_id rewrite.
    
        Even if a caller reaches ``claim_gate`` directly (bypassing the
        handler's pre-check), the ACTIVE claim's denormalized goal_id must
        match the passed-in goal_id. Otherwise BranchRebindError.
        """
        us, base, _ = gates_env
&gt;       gid_a, bid = _seed(us, goal_name="Goal A")
                     ^^^^^^^^^^^^^^^^^^^^^^^^^^^^^

tests\test_outcome_gate_claims.py:454: 
_ _ _ _ _ _ _ _ _ _ _ _ _ _ _ _ _ _ _ _ _ _ _ _ _ _ _ _ _ _ _ _ _ _ _ _ _ _ _ _

us = &lt;module 'tinyassets.universe_server' from 'C:\\Users\\Jonathan\\Projects\\wf-required-test-gate\\tinyassets\\universe_server.py'&gt;

    def _seed(us, *, goal_name="Research paper", branch_name="LoRA v3"):
        g = _call(us, "goals", "propose", name=goal_name, description="x")
        gid = g["goal"]["goal_id"]
        b = _call(us, "extensions", "create_branch", name=branch_name)
&gt;       bid = b["branch_def_id"]
              ^^^^^^^^^^^^^^^^^^
E       KeyError: 'branch_def_id'

tests\test_outcome_gate_claims.py:51: KeyError</failure></testcase><testcase classname="tests.test_outcome_gate_claims" name="test_claim_gate_storage_allows_update_on_same_goal" file="tests\test_outcome_gate_claims.py" line="474" time="0.118"><failure message="KeyError: 'branch_def_id'">gates_env = (&lt;module 'tinyassets.universe_server' from 'C:\\Users\\Jonathan\\Projects\\wf-required-test-gate\\tinyassets\\universe...n/pytest-7404/test_claim_gate_storage_allows0/output'), &lt;_pytest.monkeypatch.MonkeyPatch object at 0x0000018DAD29B000&gt;)

    def test_claim_gate_storage_allows_update_on_same_goal(gates_env):
        """Non-rebind UPDATE (evidence refresh) still works."""
        us, base, _ = gates_env
&gt;       gid, bid = _seed(us)
                   ^^^^^^^^^

tests\test_outcome_gate_claims.py:478: 
_ _ _ _ _ _ _ _ _ _ _ _ _ _ _ _ _ _ _ _ _ _ _ _ _ _ _ _ _ _ _ _ _ _ _ _ _ _ _ _

us = &lt;module 'tinyassets.universe_server' from 'C:\\Users\\Jonathan\\Projects\\wf-required-test-gate\\tinyassets\\universe_server.py'&gt;

    def _seed(us, *, goal_name="Research paper", branch_name="LoRA v3"):
        g = _call(us, "goals", "propose", name=goal_name, description="x")
        gid = g["goal"]["goal_id"]
        b = _call(us, "extensions", "create_branch", name=branch_name)
&gt;       bid = b["branch_def_id"]
              ^^^^^^^^^^^^^^^^^^
E       KeyError: 'branch_def_id'

tests\test_outcome_gate_claims.py:51: KeyError</failure></testcase><testcase classname="tests.test_outcome_gate_claims" name="test_claim_gate_storage_reactivates_retracted_under_new_goal" file="tests\test_outcome_gate_claims.py" line="493" time="0.123"><failure message="KeyError: 'branch_def_id'">gates_env = (&lt;module 'tinyassets.universe_server' from 'C:\\Users\\Jonathan\\Projects\\wf-required-test-gate\\tinyassets\\universe...n/pytest-7404/test_claim_gate_storage_reacti0/output'), &lt;_pytest.monkeypatch.MonkeyPatch object at 0x0000018D86CBF540&gt;)

    def test_claim_gate_storage_reactivates_retracted_under_new_goal(gates_env):
        """Retracted claims are resolved intent — claim_gate reactivates
        them under a new Goal without raising BranchRebindError."""
        us, base, _ = gates_env
&gt;       gid_a, bid = _seed(us, goal_name="Goal A")
                     ^^^^^^^^^^^^^^^^^^^^^^^^^^^^^

tests\test_outcome_gate_claims.py:498: 
_ _ _ _ _ _ _ _ _ _ _ _ _ _ _ _ _ _ _ _ _ _ _ _ _ _ _ _ _ _ _ _ _ _ _ _ _ _ _ _

us = &lt;module 'tinyassets.universe_server' from 'C:\\Users\\Jonathan\\Projects\\wf-required-test-gate\\tinyassets\\universe_server.py'&gt;

    def _seed(us, *, goal_name="Research paper", branch_name="LoRA v3"):
        g = _call(us, "goals", "propose", name=goal_name, description="x")
        gid = g["goal"]["goal_id"]
        b = _call(us, "extensions", "create_branch", name=branch_name)
&gt;       bid = b["branch_def_id"]
              ^^^^^^^^^^^^^^^^^^
E       KeyError: 'branch_def_id'

tests\test_outcome_gate_claims.py:51: KeyError</failure></testcase><testcase classname="tests.test_outcome_gate_git_backend" name="test_goal_yaml_roundtrip_with_ladder" file="tests\test_outcome_gate_git_backend.py" line="116" time="0.001" /><testcase classname="tests.test_outcome_gate_git_backend" name="test_goal_yaml_omits_empty_ladder" file="tests\test_outcome_gate_git_backend.py" line="139" time="0.001" /><testcase classname="tests.test_outcome_gate_git_backend" name="test_gate_claim_yaml_roundtrip" file="tests\test_outcome_gate_git_backend.py" line="148" time="0.001"><failure message="AssertionError: assert {'branch_def_... 'alice', ...} == {'branch_def_... 'alice', ...}&#10;  &#10;  Omitting 10 identical items, use -vv to show&#10;  Left contains 1 more item:&#10;  {'conformance_pack_id': ''}&#10;  Use -v to get more diff">def test_gate_claim_yaml_roundtrip():
        from tinyassets.catalog.serializer import (
            gate_claim_from_yaml_payload,
            gate_claim_to_yaml_payload,
        )
    
        original = {
            "claim_id": "abc123",
            "branch_def_id": "b1",
            "goal_id": "g1",
            "rung_key": "draft_complete",
            "evidence_url": "https://example.com/x",
            "evidence_note": "first",
            "claimed_by": "alice",
            "claimed_at": "2026-05-01T14:22:03Z",
            "retracted_at": None,
            "retracted_reason": "",
        }
        payload = gate_claim_to_yaml_payload(original)
        restored = gate_claim_from_yaml_payload(payload)
&gt;       assert restored == original
E       AssertionError: assert {'branch_def_... 'alice', ...} == {'branch_def_... 'alice', ...}
E         
E         Omitting 10 identical items, use -vv to show
E         Left contains 1 more item:
E         {'conformance_pack_id': ''}
E         Use -v to get more diff

tests\test_outcome_gate_git_backend.py:169: AssertionError</failure></testcase><testcase classname="tests.test_outcome_gate_git_backend" name="test_gate_claim_yaml_roundtrip_retracted" file="tests\test_outcome_gate_git_backend.py" line="171" time="0.000" /><testcase classname="tests.test_outcome_gate_git_backend" name="test_gate_claim_path_shape" file="tests\test_outcome_gate_git_backend.py" line="197" time="0.009" /><testcase classname="tests.test_outcome_gate_git_backend" name="test_sqlite_only_save_gate_claim_returns_none_commit" file="tests\test_outcome_gate_git_backend.py" line="213" time="0.080" /><testcase classname="tests.test_outcome_gate_git_backend" name="test_define_ladder_commits_and_writes_goal_yaml" file="tests\test_outcome_gate_git_backend.py" line="261" time="0.127"><failure message="KeyError: 'branch_def_id'">cached_gates_env = (&lt;module 'tinyassets.universe_server' from 'C:\\Users\\Jonathan\\Projects\\wf-required-test-gate\\tinyassets\\universe...han/pytest-7404/test_define_ladder_commits_and0/repo'), &lt;_pytest.monkeypatch.MonkeyPatch object at 0x0000018DA405F7E0&gt;)

    def test_define_ladder_commits_and_writes_goal_yaml(cached_gates_env):
        us, _base, repo, _ = cached_gates_env
&gt;       gid, _bid = _seed(us)
                    ^^^^^^^^^

C:\Users\Jonathan\Projects\wf-required-test-gate\tests\test_outcome_gate_git_backend.py:264: 
_ _ _ _ _ _ _ _ _ _ _ _ _ _ _ _ _ _ _ _ _ _ _ _ _ _ _ _ _ _ _ _ _ _ _ _ _ _ _ _

us = &lt;module 'tinyassets.universe_server' from 'C:\\Users\\Jonathan\\Projects\\wf-required-test-gate\\tinyassets\\universe_server.py'&gt;

    def _seed(us):
        g = _call(us, "goals", "propose", name="Research paper", description="x")
        gid = g["goal"]["goal_id"]
        b = _call(us, "extensions", "create_branch", name="LoRA v3")
&gt;       bid = b["branch_def_id"]
              ^^^^^^^^^^^^^^^^^^
E       KeyError: 'branch_def_id'

C:\Users\Jonathan\Projects\wf-required-test-gate\tests\test_outcome_gate_git_backend.py:99: KeyError</failure></testcase><testcase classname="tests.test_outcome_gate_git_backend" name="test_claim_commits_and_writes_gate_yaml" file="tests\test_outcome_gate_git_backend.py" line="279" time="0.130"><failure message="KeyError: 'branch_def_id'">cached_gates_env = (&lt;module 'tinyassets.universe_server' from 'C:\\Users\\Jonathan\\Projects\\wf-required-test-gate\\tinyassets\\universe...han/pytest-7404/test_claim_commits_and_writes_0/repo'), &lt;_pytest.monkeypatch.MonkeyPatch object at 0x0000018DA3DEC6E0&gt;)

    def test_claim_commits_and_writes_gate_yaml(cached_gates_env):
        us, _base, repo, _ = cached_gates_env
&gt;       gid, bid = _seed(us)
                   ^^^^^^^^^

C:\Users\Jonathan\Projects\wf-required-test-gate\tests\test_outcome_gate_git_backend.py:282: 
_ _ _ _ _ _ _ _ _ _ _ _ _ _ _ _ _ _ _ _ _ _ _ _ _ _ _ _ _ _ _ _ _ _ _ _ _ _ _ _

us = &lt;module 'tinyassets.universe_server' from 'C:\\Users\\Jonathan\\Projects\\wf-required-test-gate\\tinyassets\\universe_server.py'&gt;

    def _seed(us):
        g = _call(us, "goals", "propose", name="Research paper", description="x")
        gid = g["goal"]["goal_id"]
        b = _call(us, "extensions", "create_branch", name="LoRA v3")
&gt;       bid = b["branch_def_id"]
              ^^^^^^^^^^^^^^^^^^
E       KeyError: 'branch_def_id'

C:\Users\Jonathan\Projects\wf-required-test-gate\tests\test_outcome_gate_git_backend.py:99: KeyError</failure></testcase><testcase classname="tests.test_outcome_gate_git_backend" name="test_retract_rewrites_same_yaml_with_retracted_at" file="tests\test_outcome_gate_git_backend.py" line="297" time="0.132"><failure message="KeyError: 'branch_def_id'">cached_gates_env = (&lt;module 'tinyassets.universe_server' from 'C:\\Users\\Jonathan\\Projects\\wf-required-test-gate\\tinyassets\\universe...han/pytest-7404/test_retract_rewrites_same_yam0/repo'), &lt;_pytest.monkeypatch.MonkeyPatch object at 0x0000018DA3C18520&gt;)

    def test_retract_rewrites_same_yaml_with_retracted_at(cached_gates_env):
        us, _base, repo, _ = cached_gates_env
&gt;       gid, bid = _seed(us)
                   ^^^^^^^^^

C:\Users\Jonathan\Projects\wf-required-test-gate\tests\test_outcome_gate_git_backend.py:300: 
_ _ _ _ _ _ _ _ _ _ _ _ _ _ _ _ _ _ _ _ _ _ _ _ _ _ _ _ _ _ _ _ _ _ _ _ _ _ _ _

us = &lt;module 'tinyassets.universe_server' from 'C:\\Users\\Jonathan\\Projects\\wf-required-test-gate\\tinyassets\\universe_server.py'&gt;

    def _seed(us):
        g = _call(us, "goals", "propose", name="Research paper", description="x")
        gid = g["goal"]["goal_id"]
        b = _call(us, "extensions", "create_branch", name="LoRA v3")
&gt;       bid = b["branch_def_id"]
              ^^^^^^^^^^^^^^^^^^
E       KeyError: 'branch_def_id'

C:\Users\Jonathan\Projects\wf-required-test-gate\tests\test_outcome_gate_git_backend.py:99: KeyError</failure></testcase><testcase classname="tests.test_outcome_gate_git_backend" name="test_claim_dirty_file_returns_local_edit_conflict" file="tests\test_outcome_gate_git_backend.py" line="319" time="0.131"><failure message="KeyError: 'branch_def_id'">cached_gates_env = (&lt;module 'tinyassets.universe_server' from 'C:\\Users\\Jonathan\\Projects\\wf-required-test-gate\\tinyassets\\universe...han/pytest-7404/test_claim_dirty_file_returns_0/repo'), &lt;_pytest.monkeypatch.MonkeyPatch object at 0x0000018D84CC9F60&gt;)

    def test_claim_dirty_file_returns_local_edit_conflict(cached_gates_env):
        us, _base, repo, _ = cached_gates_env
&gt;       gid, bid = _seed(us)
                   ^^^^^^^^^

C:\Users\Jonathan\Projects\wf-required-test-gate\tests\test_outcome_gate_git_backend.py:322: 
_ _ _ _ _ _ _ _ _ _ _ _ _ _ _ _ _ _ _ _ _ _ _ _ _ _ _ _ _ _ _ _ _ _ _ _ _ _ _ _

us = &lt;module 'tinyassets.universe_server' from 'C:\\Users\\Jonathan\\Projects\\wf-required-test-gate\\tinyassets\\universe_server.py'&gt;

    def _seed(us):
        g = _call(us, "goals", "propose", name="Research paper", description="x")
        gid = g["goal"]["goal_id"]
        b = _call(us, "extensions", "create_branch", name="LoRA v3")
&gt;       bid = b["branch_def_id"]
              ^^^^^^^^^^^^^^^^^^
E       KeyError: 'branch_def_id'

C:\Users\Jonathan\Projects\wf-required-test-gate\tests\test_outcome_gate_git_backend.py:99: KeyError</failure></testcase><testcase classname="tests.test_outcome_gate_git_backend" name="test_claim_force_overrides_dirty_file" file="tests\test_outcome_gate_git_backend.py" line="344" time="0.126"><failure message="KeyError: 'branch_def_id'">cached_gates_env = (&lt;module 'tinyassets.universe_server' from 'C:\\Users\\Jonathan\\Projects\\wf-required-test-gate\\tinyassets\\universe...han/pytest-7404/test_claim_force_overrides_dir0/repo'), &lt;_pytest.monkeypatch.MonkeyPatch object at 0x0000018D9CCA0590&gt;)

    def test_claim_force_overrides_dirty_file(cached_gates_env):
        us, _base, repo, _ = cached_gates_env
&gt;       gid, bid = _seed(us)
                   ^^^^^^^^^

C:\Users\Jonathan\Projects\wf-required-test-gate\tests\test_outcome_gate_git_backend.py:347: 
_ _ _ _ _ _ _ _ _ _ _ _ _ _ _ _ _ _ _ _ _ _ _ _ _ _ _ _ _ _ _ _ _ _ _ _ _ _ _ _

us = &lt;module 'tinyassets.universe_server' from 'C:\\Users\\Jonathan\\Projects\\wf-required-test-gate\\tinyassets\\universe_server.py'&gt;

    def _seed(us):
        g = _call(us, "goals", "propose", name="Research paper", description="x")
        gid = g["goal"]["goal_id"]
        b = _call(us, "extensions", "create_branch", name="LoRA v3")
&gt;       bid = b["branch_def_id"]
              ^^^^^^^^^^^^^^^^^^
E       KeyError: 'branch_def_id'

C:\Users\Jonathan\Projects\wf-required-test-gate\tests\test_outcome_gate_git_backend.py:99: KeyError</failure></testcase><testcase classname="tests.test_outcome_gate_git_backend" name="test_retract_dirty_file_returns_local_edit_conflict" file="tests\test_outcome_gate_git_backend.py" line="367" time="0.129"><failure message="KeyError: 'branch_def_id'">cached_gates_env = (&lt;module 'tinyassets.universe_server' from 'C:\\Users\\Jonathan\\Projects\\wf-required-test-gate\\tinyassets\\universe...han/pytest-7404/test_retract_dirty_file_return0/repo'), &lt;_pytest.monkeypatch.MonkeyPatch object at 0x0000018DA207BA80&gt;)

    def test_retract_dirty_file_returns_local_edit_conflict(cached_gates_env):
        us, _base, repo, _ = cached_gates_env
&gt;       gid, bid = _seed(us)
                   ^^^^^^^^^

C:\Users\Jonathan\Projects\wf-required-test-gate\tests\test_outcome_gate_git_backend.py:370: 
_ _ _ _ _ _ _ _ _ _ _ _ _ _ _ _ _ _ _ _ _ _ _ _ _ _ _ _ _ _ _ _ _ _ _ _ _ _ _ _

us = &lt;module 'tinyassets.universe_server' from 'C:\\Users\\Jonathan\\Projects\\wf-required-test-gate\\tinyassets\\universe_server.py'&gt;

    def _seed(us):
        g = _call(us, "goals", "propose", name="Research paper", description="x")
        gid = g["goal"]["goal_id"]
        b = _call(us, "extensions", "create_branch", name="LoRA v3")
&gt;       bid = b["branch_def_id"]
              ^^^^^^^^^^^^^^^^^^
E       KeyError: 'branch_def_id'

C:\Users\Jonathan\Projects\wf-required-test-gate\tests\test_outcome_gate_git_backend.py:99: KeyError</failure></testcase><testcase classname="tests.test_outcome_gate_git_backend" name="test_define_ladder_dirty_file_returns_local_edit_conflict" file="tests\test_outcome_gate_git_backend.py" line="386" time="0.165"><failure message="KeyError: 'branch_def_id'">cached_gates_env = (&lt;module 'tinyassets.universe_server' from 'C:\\Users\\Jonathan\\Projects\\wf-required-test-gate\\tinyassets\\universe...han/pytest-7404/test_define_ladder_dirty_file_0/repo'), &lt;_pytest.monkeypatch.MonkeyPatch object at 0x0000018DAFA35240&gt;)

    def test_define_ladder_dirty_file_returns_local_edit_conflict(cached_gates_env):
        us, _base, repo, _ = cached_gates_env
&gt;       gid, _bid = _seed(us)
                    ^^^^^^^^^

C:\Users\Jonathan\Projects\wf-required-test-gate\tests\test_outcome_gate_git_backend.py:389: 
_ _ _ _ _ _ _ _ _ _ _ _ _ _ _ _ _ _ _ _ _ _ _ _ _ _ _ _ _ _ _ _ _ _ _ _ _ _ _ _

us = &lt;module 'tinyassets.universe_server' from 'C:\\Users\\Jonathan\\Projects\\wf-required-test-gate\\tinyassets\\universe_server.py'&gt;

    def _seed(us):
        g = _call(us, "goals", "propose", name="Research paper", description="x")
        gid = g["goal"]["goal_id"]
        b = _call(us, "extensions", "create_branch", name="LoRA v3")
&gt;       bid = b["branch_def_id"]
              ^^^^^^^^^^^^^^^^^^
E       KeyError: 'branch_def_id'

C:\Users\Jonathan\Projects\wf-required-test-gate\tests\test_outcome_gate_git_backend.py:99: KeyError</failure></testcase><testcase classname="tests.test_outcome_gate_git_backend" name="test_claim_commit_message_format" file="tests\test_outcome_gate_git_backend.py" line="402" time="0.179"><failure message="KeyError: 'branch_def_id'">cached_gates_env = (&lt;module 'tinyassets.universe_server' from 'C:\\Users\\Jonathan\\Projects\\wf-required-test-gate\\tinyassets\\universe...han/pytest-7404/test_claim_commit_message_form0/repo'), &lt;_pytest.monkeypatch.MonkeyPatch object at 0x0000018DAFAE82F0&gt;)

    def test_claim_commit_message_format(cached_gates_env):
        us, _base, repo, _ = cached_gates_env
&gt;       gid, bid = _seed(us)
                   ^^^^^^^^^

C:\Users\Jonathan\Projects\wf-required-test-gate\tests\test_outcome_gate_git_backend.py:405: 
_ _ _ _ _ _ _ _ _ _ _ _ _ _ _ _ _ _ _ _ _ _ _ _ _ _ _ _ _ _ _ _ _ _ _ _ _ _ _ _

us = &lt;module 'tinyassets.universe_server' from 'C:\\Users\\Jonathan\\Projects\\wf-required-test-gate\\tinyassets\\universe_server.py'&gt;

    def _seed(us):
        g = _call(us, "goals", "propose", name="Research paper", description="x")
        gid = g["goal"]["goal_id"]
        b = _call(us, "extensions", "create_branch", name="LoRA v3")
&gt;       bid = b["branch_def_id"]
              ^^^^^^^^^^^^^^^^^^
E       KeyError: 'branch_def_id'

C:\Users\Jonathan\Projects\wf-required-test-gate\tests\test_outcome_gate_git_backend.py:99: KeyError</failure></testcase><testcase classname="tests.test_outcome_gate_git_backend" name="test_retract_commit_message_format" file="tests\test_outcome_gate_git_backend.py" line="417" time="0.182"><failure message="KeyError: 'branch_def_id'">cached_gates_env = (&lt;module 'tinyassets.universe_server' from 'C:\\Users\\Jonathan\\Projects\\wf-required-test-gate\\tinyassets\\universe...han/pytest-7404/test_retract_commit_message_fo0/repo'), &lt;_pytest.monkeypatch.MonkeyPatch object at 0x0000018DAFAEB230&gt;)

    def test_retract_commit_message_format(cached_gates_env):
        us, _base, repo, _ = cached_gates_env
&gt;       gid, bid = _seed(us)
                   ^^^^^^^^^

C:\Users\Jonathan\Projects\wf-required-test-gate\tests\test_outcome_gate_git_backend.py:420: 
_ _ _ _ _ _ _ _ _ _ _ _ _ _ _ _ _ _ _ _ _ _ _ _ _ _ _ _ _ _ _ _ _ _ _ _ _ _ _ _

us = &lt;module 'tinyassets.universe_server' from 'C:\\Users\\Jonathan\\Projects\\wf-required-test-gate\\tinyassets\\universe_server.py'&gt;

    def _seed(us):
        g = _call(us, "goals", "propose", name="Research paper", description="x")
        gid = g["goal"]["goal_id"]
        b = _call(us, "extensions", "create_branch", name="LoRA v3")
&gt;       bid = b["branch_def_id"]
              ^^^^^^^^^^^^^^^^^^
E       KeyError: 'branch_def_id'

C:\Users\Jonathan\Projects\wf-required-test-gate\tests\test_outcome_gate_git_backend.py:99: KeyError</failure></testcase><testcase classname="tests.test_outcome_gate_git_backend" name="test_get_ladder_no_commit" file="tests\test_outcome_gate_git_backend.py" line="433" time="0.196"><failure message="KeyError: 'branch_def_id'">cached_gates_env = (&lt;module 'tinyassets.universe_server' from 'C:\\Users\\Jonathan\\Projects\\wf-required-test-gate\\tinyassets\\universe...Jonathan/pytest-7404/test_get_ladder_no_commit0/repo'), &lt;_pytest.monkeypatch.MonkeyPatch object at 0x0000018DAFBADF60&gt;)

    def test_get_ladder_no_commit(cached_gates_env):
        """Read-only action MUST NOT emit a commit."""
        us, _base, repo, _ = cached_gates_env
&gt;       gid, _bid = _seed(us)
                    ^^^^^^^^^

C:\Users\Jonathan\Projects\wf-required-test-gate\tests\test_outcome_gate_git_backend.py:437: 
_ _ _ _ _ _ _ _ _ _ _ _ _ _ _ _ _ _ _ _ _ _ _ _ _ _ _ _ _ _ _ _ _ _ _ _ _ _ _ _

us = &lt;module 'tinyassets.universe_server' from 'C:\\Users\\Jonathan\\Projects\\wf-required-test-gate\\tinyassets\\universe_server.py'&gt;

    def _seed(us):
        g = _call(us, "goals", "propose", name="Research paper", description="x")
        gid = g["goal"]["goal_id"]
        b = _call(us, "extensions", "create_branch", name="LoRA v3")
&gt;       bid = b["branch_def_id"]
              ^^^^^^^^^^^^^^^^^^
E       KeyError: 'branch_def_id'

C:\Users\Jonathan\Projects\wf-required-test-gate\tests\test_outcome_gate_git_backend.py:99: KeyError</failure></testcase><testcase classname="tests.test_outcome_gate_git_backend" name="test_list_claims_no_commit" file="tests\test_outcome_gate_git_backend.py" line="445" time="0.175"><failure message="KeyError: 'branch_def_id'">cached_gates_env = (&lt;module 'tinyassets.universe_server' from 'C:\\Users\\Jonathan\\Projects\\wf-required-test-gate\\tinyassets\\universe...onathan/pytest-7404/test_list_claims_no_commit0/repo'), &lt;_pytest.monkeypatch.MonkeyPatch object at 0x0000018DAFC58EC0&gt;)

    def test_list_claims_no_commit(cached_gates_env):
        us, _base, repo, _ = cached_gates_env
&gt;       gid, bid = _seed(us)
                   ^^^^^^^^^

C:\Users\Jonathan\Projects\wf-required-test-gate\tests\test_outcome_gate_git_backend.py:448: 
_ _ _ _ _ _ _ _ _ _ _ _ _ _ _ _ _ _ _ _ _ _ _ _ _ _ _ _ _ _ _ _ _ _ _ _ _ _ _ _

us = &lt;module 'tinyassets.universe_server' from 'C:\\Users\\Jonathan\\Projects\\wf-required-test-gate\\tinyassets\\universe_server.py'&gt;

    def _seed(us):
        g = _call(us, "goals", "propose", name="Research paper", description="x")
        gid = g["goal"]["goal_id"]
        b = _call(us, "extensions", "create_branch", name="LoRA v3")
&gt;       bid = b["branch_def_id"]
              ^^^^^^^^^^^^^^^^^^
E       KeyError: 'branch_def_id'

C:\Users\Jonathan\Projects\wf-required-test-gate\tests\test_outcome_gate_git_backend.py:99: KeyError</failure></testcase><testcase classname="tests.test_outcome_gate_git_backend" name="test_leaderboard_no_commit" file="tests\test_outcome_gate_git_backend.py" line="458" time="0.184"><failure message="KeyError: 'branch_def_id'">cached_gates_env = (&lt;module 'tinyassets.universe_server' from 'C:\\Users\\Jonathan\\Projects\\wf-required-test-gate\\tinyassets\\universe...onathan/pytest-7404/test_leaderboard_no_commit0/repo'), &lt;_pytest.monkeypatch.MonkeyPatch object at 0x0000018DAFD101A0&gt;)

    def test_leaderboard_no_commit(cached_gates_env):
        us, _base, repo, _ = cached_gates_env
&gt;       gid, bid = _seed(us)
                   ^^^^^^^^^

C:\Users\Jonathan\Projects\wf-required-test-gate\tests\test_outcome_gate_git_backend.py:461: 
_ _ _ _ _ _ _ _ _ _ _ _ _ _ _ _ _ _ _ _ _ _ _ _ _ _ _ _ _ _ _ _ _ _ _ _ _ _ _ _

us = &lt;module 'tinyassets.universe_server' from 'C:\\Users\\Jonathan\\Projects\\wf-required-test-gate\\tinyassets\\universe_server.py'&gt;

    def _seed(us):
        g = _call(us, "goals", "propose", name="Research paper", description="x")
        gid = g["goal"]["goal_id"]
        b = _call(us, "extensions", "create_branch", name="LoRA v3")
&gt;       bid = b["branch_def_id"]
              ^^^^^^^^^^^^^^^^^^
E       KeyError: 'branch_def_id'

C:\Users\Jonathan\Projects\wf-required-test-gate\tests\test_outcome_gate_git_backend.py:99: KeyError</failure></testcase><testcase classname="tests.test_outcome_gate_git_backend" name="test_full_round_trip_commits_four_times" file="tests\test_outcome_gate_git_backend.py" line="476" time="0.181"><failure message="KeyError: 'branch_def_id'">cached_gates_env = (&lt;module 'tinyassets.universe_server' from 'C:\\Users\\Jonathan\\Projects\\wf-required-test-gate\\tinyassets\\universe...han/pytest-7404/test_full_round_trip_commits_f0/repo'), &lt;_pytest.monkeypatch.MonkeyPatch object at 0x0000018DAFD12D60&gt;)

    def test_full_round_trip_commits_four_times(cached_gates_env):
        """define_ladder + claim + retract + re-claim = 4 new commits
        (plus whatever `goals propose` / `bind` / `create_branch` emit).
        """
        us, _base, repo, _ = cached_gates_env
    
        def _count_commits() -&gt; int:
            out = subprocess.run(
                ["git", "rev-list", "--count", "HEAD"], cwd=repo,
                check=True, capture_output=True, text=True,
            )
            return int(out.stdout.strip())
    
&gt;       gid, bid = _seed(us)
                   ^^^^^^^^^

C:\Users\Jonathan\Projects\wf-required-test-gate\tests\test_outcome_gate_git_backend.py:490: 
_ _ _ _ _ _ _ _ _ _ _ _ _ _ _ _ _ _ _ _ _ _ _ _ _ _ _ _ _ _ _ _ _ _ _ _ _ _ _ _

us = &lt;module 'tinyassets.universe_server' from 'C:\\Users\\Jonathan\\Projects\\wf-required-test-gate\\tinyassets\\universe_server.py'&gt;

    def _seed(us):
        g = _call(us, "goals", "propose", name="Research paper", description="x")
        gid = g["goal"]["goal_id"]
        b = _call(us, "extensions", "create_branch", name="LoRA v3")
&gt;       bid = b["branch_def_id"]
              ^^^^^^^^^^^^^^^^^^
E       KeyError: 'branch_def_id'

C:\Users\Jonathan\Projects\wf-required-test-gate\tests\test_outcome_gate_git_backend.py:99: KeyError</failure></testcase><testcase classname="tests.test_outcome_gate_read_surfaces" name="test_goal_gate_summary_empty_when_no_ladder" file="tests\test_outcome_gate_read_surfaces.py" line="80" time="0.201" /><testcase classname="tests.test_outcome_gate_read_surfaces" name="test_goal_gate_summary_ladder_length_reflects_rungs" file="tests\test_outcome_gate_read_surfaces.py" line="95" time="0.120"><failure message="KeyError: 'branch_def_id'">gates_on_env = (&lt;module 'tinyassets.universe_server' from 'C:\\Users\\Jonathan\\Projects\\wf-required-test-gate\\tinyassets\\universe...dowsPath('C:/Users/Jonathan/AppData/Local/Temp/pytest-of-Jonathan/pytest-7404/test_goal_gate_summary_ladder_0/output'))

    def test_goal_gate_summary_ladder_length_reflects_rungs(gates_on_env):
        from tinyassets.daemon_server import goal_gate_summary
    
        us, base = gates_on_env
&gt;       gid, _bid = _seed_goal_with_ladder(us)
                    ^^^^^^^^^^^^^^^^^^^^^^^^^^

tests\test_outcome_gate_read_surfaces.py:100: 
_ _ _ _ _ _ _ _ _ _ _ _ _ _ _ _ _ _ _ _ _ _ _ _ _ _ _ _ _ _ _ _ _ _ _ _ _ _ _ _

us = &lt;module 'tinyassets.universe_server' from 'C:\\Users\\Jonathan\\Projects\\wf-required-test-gate\\tinyassets\\universe_server.py'&gt;

    def _seed_goal_with_ladder(us):
        g = _call(us, "goals", "propose", name="Research paper", description="x")
        gid = g["goal"]["goal_id"]
        b = _call(us, "extensions", "create_branch", name="LoRA v3")
&gt;       bid = b["branch_def_id"]
              ^^^^^^^^^^^^^^^^^^
E       KeyError: 'branch_def_id'

tests\test_outcome_gate_read_surfaces.py:69: KeyError</failure></testcase><testcase classname="tests.test_outcome_gate_read_surfaces" name="test_goal_gate_summary_counts_across_multiple_branches" file="tests\test_outcome_gate_read_surfaces.py" line="107" time="0.125"><failure message="KeyError: 'branch_def_id'">gates_on_env = (&lt;module 'tinyassets.universe_server' from 'C:\\Users\\Jonathan\\Projects\\wf-required-test-gate\\tinyassets\\universe...dowsPath('C:/Users/Jonathan/AppData/Local/Temp/pytest-of-Jonathan/pytest-7404/test_goal_gate_summary_counts_0/output'))

    def test_goal_gate_summary_counts_across_multiple_branches(gates_on_env):
        from tinyassets.daemon_server import goal_gate_summary
    
        us, base = gates_on_env
&gt;       gid, bid_a = _seed_goal_with_ladder(us)
                     ^^^^^^^^^^^^^^^^^^^^^^^^^^

tests\test_outcome_gate_read_surfaces.py:112: 
_ _ _ _ _ _ _ _ _ _ _ _ _ _ _ _ _ _ _ _ _ _ _ _ _ _ _ _ _ _ _ _ _ _ _ _ _ _ _ _

us = &lt;module 'tinyassets.universe_server' from 'C:\\Users\\Jonathan\\Projects\\wf-required-test-gate\\tinyassets\\universe_server.py'&gt;

    def _seed_goal_with_ladder(us):
        g = _call(us, "goals", "propose", name="Research paper", description="x")
        gid = g["goal"]["goal_id"]
        b = _call(us, "extensions", "create_branch", name="LoRA v3")
&gt;       bid = b["branch_def_id"]
              ^^^^^^^^^^^^^^^^^^
E       KeyError: 'branch_def_id'

tests\test_outcome_gate_read_surfaces.py:69: KeyError</failure></testcase><testcase classname="tests.test_outcome_gate_read_surfaces" name="test_goal_gate_summary_ignores_retracted" file="tests\test_outcome_gate_read_surfaces.py" line="130" time="0.132"><failure message="KeyError: 'branch_def_id'">gates_on_env = (&lt;module 'tinyassets.universe_server' from 'C:\\Users\\Jonathan\\Projects\\wf-required-test-gate\\tinyassets\\universe...dowsPath('C:/Users/Jonathan/AppData/Local/Temp/pytest-of-Jonathan/pytest-7404/test_goal_gate_summary_ignores0/output'))

    def test_goal_gate_summary_ignores_retracted(gates_on_env):
        from tinyassets.daemon_server import goal_gate_summary
    
        us, base = gates_on_env
&gt;       gid, bid = _seed_goal_with_ladder(us)
                   ^^^^^^^^^^^^^^^^^^^^^^^^^^

tests\test_outcome_gate_read_surfaces.py:135: 
_ _ _ _ _ _ _ _ _ _ _ _ _ _ _ _ _ _ _ _ _ _ _ _ _ _ _ _ _ _ _ _ _ _ _ _ _ _ _ _

us = &lt;module 'tinyassets.universe_server' from 'C:\\Users\\Jonathan\\Projects\\wf-required-test-gate\\tinyassets\\universe_server.py'&gt;

    def _seed_goal_with_ladder(us):
        g = _call(us, "goals", "propose", name="Research paper", description="x")
        gid = g["goal"]["goal_id"]
        b = _call(us, "extensions", "create_branch", name="LoRA v3")
&gt;       bid = b["branch_def_id"]
              ^^^^^^^^^^^^^^^^^^
E       KeyError: 'branch_def_id'

tests\test_outcome_gate_read_surfaces.py:69: KeyError</failure></testcase><testcase classname="tests.test_outcome_gate_read_surfaces" name="test_goal_gate_summary_ignores_orphaned_rungs" file="tests\test_outcome_gate_read_surfaces.py" line="147" time="0.128"><failure message="KeyError: 'branch_def_id'">gates_on_env = (&lt;module 'tinyassets.universe_server' from 'C:\\Users\\Jonathan\\Projects\\wf-required-test-gate\\tinyassets\\universe...dowsPath('C:/Users/Jonathan/AppData/Local/Temp/pytest-of-Jonathan/pytest-7404/test_goal_gate_summary_ignores1/output'))

    def test_goal_gate_summary_ignores_orphaned_rungs(gates_on_env):
        from tinyassets.daemon_server import goal_gate_summary
    
        us, base = gates_on_env
&gt;       gid, bid = _seed_goal_with_ladder(us)
                   ^^^^^^^^^^^^^^^^^^^^^^^^^^

tests\test_outcome_gate_read_surfaces.py:152: 
_ _ _ _ _ _ _ _ _ _ _ _ _ _ _ _ _ _ _ _ _ _ _ _ _ _ _ _ _ _ _ _ _ _ _ _ _ _ _ _

us = &lt;module 'tinyassets.universe_server' from 'C:\\Users\\Jonathan\\Projects\\wf-required-test-gate\\tinyassets\\universe_server.py'&gt;

    def _seed_goal_with_ladder(us):
        g = _call(us, "goals", "propose", name="Research paper", description="x")
        gid = g["goal"]["goal_id"]
        b = _call(us, "extensions", "create_branch", name="LoRA v3")
&gt;       bid = b["branch_def_id"]
              ^^^^^^^^^^^^^^^^^^
E       KeyError: 'branch_def_id'

tests\test_outcome_gate_read_surfaces.py:69: KeyError</failure></testcase><testcase classname="tests.test_outcome_gate_read_surfaces" name="test_goals_get_returns_gate_summary_populated" file="tests\test_outcome_gate_read_surfaces.py" line="171" time="0.123"><failure message="KeyError: 'branch_def_id'">gates_on_env = (&lt;module 'tinyassets.universe_server' from 'C:\\Users\\Jonathan\\Projects\\wf-required-test-gate\\tinyassets\\universe...dowsPath('C:/Users/Jonathan/AppData/Local/Temp/pytest-of-Jonathan/pytest-7404/test_goals_get_returns_gate_su0/output'))

    def test_goals_get_returns_gate_summary_populated(gates_on_env):
        us, _base = gates_on_env
&gt;       gid, bid = _seed_goal_with_ladder(us)
                   ^^^^^^^^^^^^^^^^^^^^^^^^^^

tests\test_outcome_gate_read_surfaces.py:174: 
_ _ _ _ _ _ _ _ _ _ _ _ _ _ _ _ _ _ _ _ _ _ _ _ _ _ _ _ _ _ _ _ _ _ _ _ _ _ _ _

us = &lt;module 'tinyassets.universe_server' from 'C:\\Users\\Jonathan\\Projects\\wf-required-test-gate\\tinyassets\\universe_server.py'&gt;

    def _seed_goal_with_ladder(us):
        g = _call(us, "goals", "propose", name="Research paper", description="x")
        gid = g["goal"]["goal_id"]
        b = _call(us, "extensions", "create_branch", name="LoRA v3")
&gt;       bid = b["branch_def_id"]
              ^^^^^^^^^^^^^^^^^^
E       KeyError: 'branch_def_id'

tests\test_outcome_gate_read_surfaces.py:69: KeyError</failure></testcase><testcase classname="tests.test_outcome_gate_read_surfaces" name="test_goals_get_gate_summary_empty_before_claims" file="tests\test_outcome_gate_read_surfaces.py" line="185" time="0.142"><failure message="KeyError: 'branch_def_id'">gates_on_env = (&lt;module 'tinyassets.universe_server' from 'C:\\Users\\Jonathan\\Projects\\wf-required-test-gate\\tinyassets\\universe...dowsPath('C:/Users/Jonathan/AppData/Local/Temp/pytest-of-Jonathan/pytest-7404/test_goals_get_gate_summary_em0/output'))

    def test_goals_get_gate_summary_empty_before_claims(gates_on_env):
        us, _base = gates_on_env
&gt;       gid, _bid = _seed_goal_with_ladder(us)
                    ^^^^^^^^^^^^^^^^^^^^^^^^^^

tests\test_outcome_gate_read_surfaces.py:188: 
_ _ _ _ _ _ _ _ _ _ _ _ _ _ _ _ _ _ _ _ _ _ _ _ _ _ _ _ _ _ _ _ _ _ _ _ _ _ _ _

us = &lt;module 'tinyassets.universe_server' from 'C:\\Users\\Jonathan\\Projects\\wf-required-test-gate\\tinyassets\\universe_server.py'&gt;

    def _seed_goal_with_ladder(us):
        g = _call(us, "goals", "propose", name="Research paper", description="x")
        gid = g["goal"]["goal_id"]
        b = _call(us, "extensions", "create_branch", name="LoRA v3")
&gt;       bid = b["branch_def_id"]
              ^^^^^^^^^^^^^^^^^^
E       KeyError: 'branch_def_id'

tests\test_outcome_gate_read_surfaces.py:69: KeyError</failure></testcase><testcase classname="tests.test_outcome_gate_read_surfaces" name="test_goals_get_gate_summary_gated_off" file="tests\test_outcome_gate_read_surfaces.py" line="195" time="0.147" /><testcase classname="tests.test_outcome_gate_read_surfaces" name="test_get_branch_includes_gate_claims_populated" file="tests\test_outcome_gate_read_surfaces.py" line="209" time="0.124"><failure message="KeyError: 'branch_def_id'">gates_on_env = (&lt;module 'tinyassets.universe_server' from 'C:\\Users\\Jonathan\\Projects\\wf-required-test-gate\\tinyassets\\universe...dowsPath('C:/Users/Jonathan/AppData/Local/Temp/pytest-of-Jonathan/pytest-7404/test_get_branch_includes_gate_0/output'))

    def test_get_branch_includes_gate_claims_populated(gates_on_env):
        us, _base = gates_on_env
&gt;       gid, bid = _seed_goal_with_ladder(us)
                   ^^^^^^^^^^^^^^^^^^^^^^^^^^

tests\test_outcome_gate_read_surfaces.py:212: 
_ _ _ _ _ _ _ _ _ _ _ _ _ _ _ _ _ _ _ _ _ _ _ _ _ _ _ _ _ _ _ _ _ _ _ _ _ _ _ _

us = &lt;module 'tinyassets.universe_server' from 'C:\\Users\\Jonathan\\Projects\\wf-required-test-gate\\tinyassets\\universe_server.py'&gt;

    def _seed_goal_with_ladder(us):
        g = _call(us, "goals", "propose", name="Research paper", description="x")
        gid = g["goal"]["goal_id"]
        b = _call(us, "extensions", "create_branch", name="LoRA v3")
&gt;       bid = b["branch_def_id"]
              ^^^^^^^^^^^^^^^^^^
E       KeyError: 'branch_def_id'

tests\test_outcome_gate_read_surfaces.py:69: KeyError</failure></testcase><testcase classname="tests.test_outcome_gate_read_surfaces" name="test_get_branch_gate_claims_excludes_retracted" file="tests\test_outcome_gate_read_surfaces.py" line="225" time="0.122"><failure message="KeyError: 'branch_def_id'">gates_on_env = (&lt;module 'tinyassets.universe_server' from 'C:\\Users\\Jonathan\\Projects\\wf-required-test-gate\\tinyassets\\universe...dowsPath('C:/Users/Jonathan/AppData/Local/Temp/pytest-of-Jonathan/pytest-7404/test_get_branch_gate_claims_ex0/output'))

    def test_get_branch_gate_claims_excludes_retracted(gates_on_env):
        us, _base = gates_on_env
&gt;       gid, bid = _seed_goal_with_ladder(us)
                   ^^^^^^^^^^^^^^^^^^^^^^^^^^

tests\test_outcome_gate_read_surfaces.py:228: 
_ _ _ _ _ _ _ _ _ _ _ _ _ _ _ _ _ _ _ _ _ _ _ _ _ _ _ _ _ _ _ _ _ _ _ _ _ _ _ _

us = &lt;module 'tinyassets.universe_server' from 'C:\\Users\\Jonathan\\Projects\\wf-required-test-gate\\tinyassets\\universe_server.py'&gt;

    def _seed_goal_with_ladder(us):
        g = _call(us, "goals", "propose", name="Research paper", description="x")
        gid = g["goal"]["goal_id"]
        b = _call(us, "extensions", "create_branch", name="LoRA v3")
&gt;       bid = b["branch_def_id"]
              ^^^^^^^^^^^^^^^^^^
E       KeyError: 'branch_def_id'

tests\test_outcome_gate_read_surfaces.py:69: KeyError</failure></testcase><testcase classname="tests.test_outcome_gate_read_surfaces" name="test_get_branch_empty_gate_claims_when_no_claims" file="tests\test_outcome_gate_read_surfaces.py" line="243" time="0.113"><failure message="KeyError: 'branch_def_id'">gates_on_env = (&lt;module 'tinyassets.universe_server' from 'C:\\Users\\Jonathan\\Projects\\wf-required-test-gate\\tinyassets\\universe...dowsPath('C:/Users/Jonathan/AppData/Local/Temp/pytest-of-Jonathan/pytest-7404/test_get_branch_empty_gate_cla0/output'))

    def test_get_branch_empty_gate_claims_when_no_claims(gates_on_env):
        us, _base = gates_on_env
        b = _call(us, "extensions", "create_branch", name="Solo")
&gt;       bid = b["branch_def_id"]
              ^^^^^^^^^^^^^^^^^^
E       KeyError: 'branch_def_id'

tests\test_outcome_gate_read_surfaces.py:247: KeyError</failure></testcase><testcase classname="tests.test_outcome_gate_read_surfaces" name="test_get_branch_gated_off" file="tests\test_outcome_gate_read_surfaces.py" line="253" time="0.115"><failure message="KeyError: 'branch_def_id'">gates_off_env = (&lt;module 'tinyassets.universe_server' from 'C:\\Users\\Jonathan\\Projects\\wf-required-test-gate\\tinyassets\\universe..., WindowsPath('C:/Users/Jonathan/AppData/Local/Temp/pytest-of-Jonathan/pytest-7404/test_get_branch_gated_off0/output'))

    def test_get_branch_gated_off(gates_off_env):
        us, _base = gates_off_env
        b = _call(us, "extensions", "create_branch", name="Solo")
&gt;       bid = b["branch_def_id"]
              ^^^^^^^^^^^^^^^^^^
E       KeyError: 'branch_def_id'

tests\test_outcome_gate_read_surfaces.py:257: KeyError</failure></testcase><testcase classname="tests.test_outcome_gate_read_surfaces" name="test_goal_gate_summary_hides_existing_claims" file="tests\test_outcome_gate_read_surfaces.py" line="264" time="0.124"><failure message="KeyError: 'branch_def_id'">tmp_path = WindowsPath('C:/Users/Jonathan/AppData/Local/Temp/pytest-of-Jonathan/pytest-7404/test_goal_gate_summary_hides_e0')
monkeypatch = &lt;_pytest.monkeypatch.MonkeyPatch object at 0x0000018DB090E740&gt;

    def test_goal_gate_summary_hides_existing_claims(tmp_path, monkeypatch):
        """Symmetric to the branch-get flip test: seeding claims under
        GATES_ENABLED=1 and then flipping to 0 must make goals-get
        surface the `gates_disabled` placeholder, hiding stored counters.
        """
        base = tmp_path / "output"
        base.mkdir()
        monkeypatch.setenv("TINYASSETS_DATA_DIR", str(base))
        monkeypatch.setenv("UNIVERSE_SERVER_USER", "alice")
        monkeypatch.setenv("GATES_ENABLED", "1")
        from tinyassets import universe_server as us
        importlib.reload(us)
        try:
&gt;           gid, bid = _seed_goal_with_ladder(us)
                       ^^^^^^^^^^^^^^^^^^^^^^^^^^

tests\test_outcome_gate_read_surfaces.py:278: 
_ _ _ _ _ _ _ _ _ _ _ _ _ _ _ _ _ _ _ _ _ _ _ _ _ _ _ _ _ _ _ _ _ _ _ _ _ _ _ _

us = &lt;module 'tinyassets.universe_server' from 'C:\\Users\\Jonathan\\Projects\\wf-required-test-gate\\tinyassets\\universe_server.py'&gt;

    def _seed_goal_with_ladder(us):
        g = _call(us, "goals", "propose", name="Research paper", description="x")
        gid = g["goal"]["goal_id"]
        b = _call(us, "extensions", "create_branch", name="LoRA v3")
&gt;       bid = b["branch_def_id"]
              ^^^^^^^^^^^^^^^^^^
E       KeyError: 'branch_def_id'

tests\test_outcome_gate_read_surfaces.py:69: KeyError</failure></testcase><testcase classname="tests.test_outcome_gate_read_surfaces" name="test_get_branch_gates_off_hides_existing_claims" file="tests\test_outcome_gate_read_surfaces.py" line="299" time="0.129"><failure message="KeyError: 'branch_def_id'">tmp_path = WindowsPath('C:/Users/Jonathan/AppData/Local/Temp/pytest-of-Jonathan/pytest-7404/test_get_branch_gates_off_hide0')
monkeypatch = &lt;_pytest.monkeypatch.MonkeyPatch object at 0x0000018DB0A74D00&gt;

    def test_get_branch_gates_off_hides_existing_claims(tmp_path, monkeypatch):
        """A daemon flipping GATES_ENABLED from 1 to 0 must hide previously
        stored claims — the fallback is not a cache of the last on-state.
        """
        base = tmp_path / "output"
        base.mkdir()
        monkeypatch.setenv("TINYASSETS_DATA_DIR", str(base))
        monkeypatch.setenv("UNIVERSE_SERVER_USER", "alice")
        monkeypatch.setenv("GATES_ENABLED", "1")
        from tinyassets import universe_server as us
        importlib.reload(us)
        try:
&gt;           gid, bid = _seed_goal_with_ladder(us)
                       ^^^^^^^^^^^^^^^^^^^^^^^^^^

tests\test_outcome_gate_read_surfaces.py:312: 
_ _ _ _ _ _ _ _ _ _ _ _ _ _ _ _ _ _ _ _ _ _ _ _ _ _ _ _ _ _ _ _ _ _ _ _ _ _ _ _

us = &lt;module 'tinyassets.universe_server' from 'C:\\Users\\Jonathan\\Projects\\wf-required-test-gate\\tinyassets\\universe_server.py'&gt;

    def _seed_goal_with_ladder(us):
        g = _call(us, "goals", "propose", name="Research paper", description="x")
        gid = g["goal"]["goal_id"]
        b = _call(us, "extensions", "create_branch", name="LoRA v3")
&gt;       bid = b["branch_def_id"]
              ^^^^^^^^^^^^^^^^^^
E       KeyError: 'branch_def_id'

tests\test_outcome_gate_read_surfaces.py:69: KeyError</failure></testcase><testcase classname="tests.test_outcome_gates" name="test_gates_tool_gated_by_flag" file="tests\test_outcome_gates.py" line="63" time="0.074" /><testcase classname="tests.test_outcome_gates" name="test_gates_list_discovers_actions" file="tests\test_outcome_gates.py" line="79" time="0.075" /><testcase classname="tests.test_outcome_gates" name="test_define_ladder_stores_rungs" file="tests\test_outcome_gates.py" line="93" time="0.124"><failure message="KeyError: 'branch_def_id'">gates_env = (&lt;module 'tinyassets.universe_server' from 'C:\\Users\\Jonathan\\Projects\\wf-required-test-gate\\tinyassets\\universe...dowsPath('C:/Users/Jonathan/AppData/Local/Temp/pytest-of-Jonathan/pytest-7404/test_define_ladder_stores_rung0/output'))

    def test_define_ladder_stores_rungs(gates_env):
        us, _ = gates_env
&gt;       gid, _ = _seed_goal_and_branch(us)
                 ^^^^^^^^^^^^^^^^^^^^^^^^^

tests\test_outcome_gates.py:96: 
_ _ _ _ _ _ _ _ _ _ _ _ _ _ _ _ _ _ _ _ _ _ _ _ _ _ _ _ _ _ _ _ _ _ _ _ _ _ _ _

us = &lt;module 'tinyassets.universe_server' from 'C:\\Users\\Jonathan\\Projects\\wf-required-test-gate\\tinyassets\\universe_server.py'&gt;

    def _seed_goal_and_branch(us, *, goal_name="Research paper",
                              branch_name="LoRA v3"):
        g = _call(us, "goals", "propose", name=goal_name,
                  description="produce an academic research paper")
        gid = g["goal"]["goal_id"]
        b = _call(us, "extensions", "create_branch", name=branch_name)
&gt;       bid = b["branch_def_id"]
              ^^^^^^^^^^^^^^^^^^
E       KeyError: 'branch_def_id'

tests\test_outcome_gates.py:46: KeyError</failure></testcase><testcase classname="tests.test_outcome_gates" name="test_define_ladder_owner_only" file="tests\test_outcome_gates.py" line="104" time="0.127"><failure message="KeyError: 'branch_def_id'">gates_env = (&lt;module 'tinyassets.universe_server' from 'C:\\Users\\Jonathan\\Projects\\wf-required-test-gate\\tinyassets\\universe...ndowsPath('C:/Users/Jonathan/AppData/Local/Temp/pytest-of-Jonathan/pytest-7404/test_define_ladder_owner_only0/output'))
monkeypatch = &lt;_pytest.monkeypatch.MonkeyPatch object at 0x0000018DB0F0A9E0&gt;

    def test_define_ladder_owner_only(gates_env, monkeypatch):
        us, _ = gates_env
&gt;       gid, _ = _seed_goal_and_branch(us)  # owner = alice
                 ^^^^^^^^^^^^^^^^^^^^^^^^^

tests\test_outcome_gates.py:107: 
_ _ _ _ _ _ _ _ _ _ _ _ _ _ _ _ _ _ _ _ _ _ _ _ _ _ _ _ _ _ _ _ _ _ _ _ _ _ _ _

us = &lt;module 'tinyassets.universe_server' from 'C:\\Users\\Jonathan\\Projects\\wf-required-test-gate\\tinyassets\\universe_server.py'&gt;

    def _seed_goal_and_branch(us, *, goal_name="Research paper",
                              branch_name="LoRA v3"):
        g = _call(us, "goals", "propose", name=goal_name,
                  description="produce an academic research paper")
        gid = g["goal"]["goal_id"]
        b = _call(us, "extensions", "create_branch", name=branch_name)
&gt;       bid = b["branch_def_id"]
              ^^^^^^^^^^^^^^^^^^
E       KeyError: 'branch_def_id'

tests\test_outcome_gates.py:46: KeyError</failure></testcase><testcase classname="tests.test_outcome_gates" name="test_define_ladder_rejects_invalid_json" file="tests\test_outcome_gates.py" line="115" time="0.127"><failure message="KeyError: 'branch_def_id'">gates_env = (&lt;module 'tinyassets.universe_server' from 'C:\\Users\\Jonathan\\Projects\\wf-required-test-gate\\tinyassets\\universe...dowsPath('C:/Users/Jonathan/AppData/Local/Temp/pytest-of-Jonathan/pytest-7404/test_define_ladder_rejects_inv0/output'))

    def test_define_ladder_rejects_invalid_json(gates_env):
        us, _ = gates_env
&gt;       gid, _ = _seed_goal_and_branch(us)
                 ^^^^^^^^^^^^^^^^^^^^^^^^^

tests\test_outcome_gates.py:118: 
_ _ _ _ _ _ _ _ _ _ _ _ _ _ _ _ _ _ _ _ _ _ _ _ _ _ _ _ _ _ _ _ _ _ _ _ _ _ _ _

us = &lt;module 'tinyassets.universe_server' from 'C:\\Users\\Jonathan\\Projects\\wf-required-test-gate\\tinyassets\\universe_server.py'&gt;

    def _seed_goal_and_branch(us, *, goal_name="Research paper",
                              branch_name="LoRA v3"):
        g = _call(us, "goals", "propose", name=goal_name,
                  description="produce an academic research paper")
        gid = g["goal"]["goal_id"]
        b = _call(us, "extensions", "create_branch", name=branch_name)
&gt;       bid = b["branch_def_id"]
              ^^^^^^^^^^^^^^^^^^
E       KeyError: 'branch_def_id'

tests\test_outcome_gates.py:46: KeyError</failure></testcase><testcase classname="tests.test_outcome_gates" name="test_define_ladder_rejects_duplicate_rung_key" file="tests\test_outcome_gates.py" line="124" time="0.128"><failure message="KeyError: 'branch_def_id'">gates_env = (&lt;module 'tinyassets.universe_server' from 'C:\\Users\\Jonathan\\Projects\\wf-required-test-gate\\tinyassets\\universe...dowsPath('C:/Users/Jonathan/AppData/Local/Temp/pytest-of-Jonathan/pytest-7404/test_define_ladder_rejects_dup0/output'))

    def test_define_ladder_rejects_duplicate_rung_key(gates_env):
        us, _ = gates_env
&gt;       gid, _ = _seed_goal_and_branch(us)
                 ^^^^^^^^^^^^^^^^^^^^^^^^^

tests\test_outcome_gates.py:127: 
_ _ _ _ _ _ _ _ _ _ _ _ _ _ _ _ _ _ _ _ _ _ _ _ _ _ _ _ _ _ _ _ _ _ _ _ _ _ _ _

us = &lt;module 'tinyassets.universe_server' from 'C:\\Users\\Jonathan\\Projects\\wf-required-test-gate\\tinyassets\\universe_server.py'&gt;

    def _seed_goal_and_branch(us, *, goal_name="Research paper",
                              branch_name="LoRA v3"):
        g = _call(us, "goals", "propose", name=goal_name,
                  description="produce an academic research paper")
        gid = g["goal"]["goal_id"]
        b = _call(us, "extensions", "create_branch", name=branch_name)
&gt;       bid = b["branch_def_id"]
              ^^^^^^^^^^^^^^^^^^
E       KeyError: 'branch_def_id'

tests\test_outcome_gates.py:46: KeyError</failure></testcase><testcase classname="tests.test_outcome_gates" name="test_define_ladder_rejects_missing_rung_key" file="tests\test_outcome_gates.py" line="137" time="0.126"><failure message="KeyError: 'branch_def_id'">gates_env = (&lt;module 'tinyassets.universe_server' from 'C:\\Users\\Jonathan\\Projects\\wf-required-test-gate\\tinyassets\\universe...dowsPath('C:/Users/Jonathan/AppData/Local/Temp/pytest-of-Jonathan/pytest-7404/test_define_ladder_rejects_mis0/output'))

    def test_define_ladder_rejects_missing_rung_key(gates_env):
        us, _ = gates_env
&gt;       gid, _ = _seed_goal_and_branch(us)
                 ^^^^^^^^^^^^^^^^^^^^^^^^^

tests\test_outcome_gates.py:140: 
_ _ _ _ _ _ _ _ _ _ _ _ _ _ _ _ _ _ _ _ _ _ _ _ _ _ _ _ _ _ _ _ _ _ _ _ _ _ _ _

us = &lt;module 'tinyassets.universe_server' from 'C:\\Users\\Jonathan\\Projects\\wf-required-test-gate\\tinyassets\\universe_server.py'&gt;

    def _seed_goal_and_branch(us, *, goal_name="Research paper",
                              branch_name="LoRA v3"):
        g = _call(us, "goals", "propose", name=goal_name,
                  description="produce an academic research paper")
        gid = g["goal"]["goal_id"]
        b = _call(us, "extensions", "create_branch", name=branch_name)
&gt;       bid = b["branch_def_id"]
              ^^^^^^^^^^^^^^^^^^
E       KeyError: 'branch_def_id'

tests\test_outcome_gates.py:46: KeyError</failure></testcase><testcase classname="tests.test_outcome_gates" name="test_get_ladder_empty_by_default" file="tests\test_outcome_gates.py" line="150" time="0.141"><failure message="KeyError: 'branch_def_id'">gates_env = (&lt;module 'tinyassets.universe_server' from 'C:\\Users\\Jonathan\\Projects\\wf-required-test-gate\\tinyassets\\universe...dowsPath('C:/Users/Jonathan/AppData/Local/Temp/pytest-of-Jonathan/pytest-7404/test_get_ladder_empty_by_defau0/output'))

    def test_get_ladder_empty_by_default(gates_env):
        us, _ = gates_env
&gt;       gid, _ = _seed_goal_and_branch(us)
                 ^^^^^^^^^^^^^^^^^^^^^^^^^

tests\test_outcome_gates.py:153: 
_ _ _ _ _ _ _ _ _ _ _ _ _ _ _ _ _ _ _ _ _ _ _ _ _ _ _ _ _ _ _ _ _ _ _ _ _ _ _ _

us = &lt;module 'tinyassets.universe_server' from 'C:\\Users\\Jonathan\\Projects\\wf-required-test-gate\\tinyassets\\universe_server.py'&gt;

    def _seed_goal_and_branch(us, *, goal_name="Research paper",
                              branch_name="LoRA v3"):
        g = _call(us, "goals", "propose", name=goal_name,
                  description="produce an academic research paper")
        gid = g["goal"]["goal_id"]
        b = _call(us, "extensions", "create_branch", name=branch_name)
&gt;       bid = b["branch_def_id"]
              ^^^^^^^^^^^^^^^^^^
E       KeyError: 'branch_def_id'

tests\test_outcome_gates.py:46: KeyError</failure></testcase><testcase classname="tests.test_outcome_gates" name="test_get_ladder_after_define" file="tests\test_outcome_gates.py" line="158" time="0.157"><failure message="KeyError: 'branch_def_id'">gates_env = (&lt;module 'tinyassets.universe_server' from 'C:\\Users\\Jonathan\\Projects\\wf-required-test-gate\\tinyassets\\universe...indowsPath('C:/Users/Jonathan/AppData/Local/Temp/pytest-of-Jonathan/pytest-7404/test_get_ladder_after_define0/output'))

    def test_get_ladder_after_define(gates_env):
        us, _ = gates_env
&gt;       gid, _ = _seed_goal_and_branch(us)
                 ^^^^^^^^^^^^^^^^^^^^^^^^^

tests\test_outcome_gates.py:161: 
_ _ _ _ _ _ _ _ _ _ _ _ _ _ _ _ _ _ _ _ _ _ _ _ _ _ _ _ _ _ _ _ _ _ _ _ _ _ _ _

us = &lt;module 'tinyassets.universe_server' from 'C:\\Users\\Jonathan\\Projects\\wf-required-test-gate\\tinyassets\\universe_server.py'&gt;

    def _seed_goal_and_branch(us, *, goal_name="Research paper",
                              branch_name="LoRA v3"):
        g = _call(us, "goals", "propose", name=goal_name,
                  description="produce an academic research paper")
        gid = g["goal"]["goal_id"]
        b = _call(us, "extensions", "create_branch", name=branch_name)
&gt;       bid = b["branch_def_id"]
              ^^^^^^^^^^^^^^^^^^
E       KeyError: 'branch_def_id'

tests\test_outcome_gates.py:46: KeyError</failure></testcase><testcase classname="tests.test_outcome_gates" name="test_claim_unknown_rung_returns_available_rungs" file="tests\test_outcome_gates.py" line="171" time="0.136"><failure message="KeyError: 'branch_def_id'">gates_env = (&lt;module 'tinyassets.universe_server' from 'C:\\Users\\Jonathan\\Projects\\wf-required-test-gate\\tinyassets\\universe...dowsPath('C:/Users/Jonathan/AppData/Local/Temp/pytest-of-Jonathan/pytest-7404/test_claim_unknown_rung_return0/output'))

    def test_claim_unknown_rung_returns_available_rungs(gates_env):
        us, _ = gates_env
&gt;       gid, bid = _seed_goal_and_branch(us)
                   ^^^^^^^^^^^^^^^^^^^^^^^^^

tests\test_outcome_gates.py:174: 
_ _ _ _ _ _ _ _ _ _ _ _ _ _ _ _ _ _ _ _ _ _ _ _ _ _ _ _ _ _ _ _ _ _ _ _ _ _ _ _

us = &lt;module 'tinyassets.universe_server' from 'C:\\Users\\Jonathan\\Projects\\wf-required-test-gate\\tinyassets\\universe_server.py'&gt;

    def _seed_goal_and_branch(us, *, goal_name="Research paper",
                              branch_name="LoRA v3"):
        g = _call(us, "goals", "propose", name=goal_name,
                  description="produce an academic research paper")
        gid = g["goal"]["goal_id"]
        b = _call(us, "extensions", "create_branch", name=branch_name)
&gt;       bid = b["branch_def_id"]
              ^^^^^^^^^^^^^^^^^^
E       KeyError: 'branch_def_id'

tests\test_outcome_gates.py:46: KeyError</failure></testcase><testcase classname="tests.test_outcome_gates" name="test_claim_rejects_non_http_url" file="tests\test_outcome_gates.py" line="184" time="0.125"><failure message="KeyError: 'branch_def_id'">gates_env = (&lt;module 'tinyassets.universe_server' from 'C:\\Users\\Jonathan\\Projects\\wf-required-test-gate\\tinyassets\\universe...dowsPath('C:/Users/Jonathan/AppData/Local/Temp/pytest-of-Jonathan/pytest-7404/test_claim_rejects_non_http_ur0/output'))

    def test_claim_rejects_non_http_url(gates_env):
        us, _ = gates_env
&gt;       gid, bid = _seed_goal_and_branch(us)
                   ^^^^^^^^^^^^^^^^^^^^^^^^^

tests\test_outcome_gates.py:187: 
_ _ _ _ _ _ _ _ _ _ _ _ _ _ _ _ _ _ _ _ _ _ _ _ _ _ _ _ _ _ _ _ _ _ _ _ _ _ _ _

us = &lt;module 'tinyassets.universe_server' from 'C:\\Users\\Jonathan\\Projects\\wf-required-test-gate\\tinyassets\\universe_server.py'&gt;

    def _seed_goal_and_branch(us, *, goal_name="Research paper",
                              branch_name="LoRA v3"):
        g = _call(us, "goals", "propose", name=goal_name,
                  description="produce an academic research paper")
        gid = g["goal"]["goal_id"]
        b = _call(us, "extensions", "create_branch", name=branch_name)
&gt;       bid = b["branch_def_id"]
              ^^^^^^^^^^^^^^^^^^
E       KeyError: 'branch_def_id'

tests\test_outcome_gates.py:46: KeyError</failure></testcase><testcase classname="tests.test_outcome_gates" name="test_claim_accepts_workflow_run_evidence_handle" file="tests\test_outcome_gates.py" line="196" time="0.131"><failure message="KeyError: 'branch_def_id'">gates_env = (&lt;module 'tinyassets.universe_server' from 'C:\\Users\\Jonathan\\Projects\\wf-required-test-gate\\tinyassets\\universe...dowsPath('C:/Users/Jonathan/AppData/Local/Temp/pytest-of-Jonathan/pytest-7404/test_claim_accepts_workflow_ru0/output'))

    def test_claim_accepts_workflow_run_evidence_handle(gates_env):
        us, _ = gates_env
&gt;       gid, bid = _seed_goal_and_branch(us)
                   ^^^^^^^^^^^^^^^^^^^^^^^^^

tests\test_outcome_gates.py:199: 
_ _ _ _ _ _ _ _ _ _ _ _ _ _ _ _ _ _ _ _ _ _ _ _ _ _ _ _ _ _ _ _ _ _ _ _ _ _ _ _

us = &lt;module 'tinyassets.universe_server' from 'C:\\Users\\Jonathan\\Projects\\wf-required-test-gate\\tinyassets\\universe_server.py'&gt;

    def _seed_goal_and_branch(us, *, goal_name="Research paper",
                              branch_name="LoRA v3"):
        g = _call(us, "goals", "propose", name=goal_name,
                  description="produce an academic research paper")
        gid = g["goal"]["goal_id"]
        b = _call(us, "extensions", "create_branch", name=branch_name)
&gt;       bid = b["branch_def_id"]
              ^^^^^^^^^^^^^^^^^^
E       KeyError: 'branch_def_id'

tests\test_outcome_gates.py:46: KeyError</failure></testcase><testcase classname="tests.test_outcome_gates" name="test_claim_rejects_unbound_branch" file="tests\test_outcome_gates.py" line="209" time="0.153"><failure message="KeyError: 'branch_def_id'">gates_env = (&lt;module 'tinyassets.universe_server' from 'C:\\Users\\Jonathan\\Projects\\wf-required-test-gate\\tinyassets\\universe...dowsPath('C:/Users/Jonathan/AppData/Local/Temp/pytest-of-Jonathan/pytest-7404/test_claim_rejects_unbound_bra0/output'))

    def test_claim_rejects_unbound_branch(gates_env):
        us, _ = gates_env
        # Fresh branch not bound to any goal.
        b = _call(us, "extensions", "create_branch", name="Solo branch")
        result = _call(us, "gates", "claim",
&gt;                      branch_def_id=b["branch_def_id"],
                                     ^^^^^^^^^^^^^^^^^^
                       rung_key="x",
                       evidence_url="https://example.com/y")
E       KeyError: 'branch_def_id'

tests\test_outcome_gates.py:215: KeyError</failure></testcase><testcase classname="tests.test_outcome_gates" name="test_claim_is_idempotent_on_branch_rung" file="tests\test_outcome_gates.py" line="221" time="0.124"><failure message="KeyError: 'branch_def_id'">gates_env = (&lt;module 'tinyassets.universe_server' from 'C:\\Users\\Jonathan\\Projects\\wf-required-test-gate\\tinyassets\\universe...dowsPath('C:/Users/Jonathan/AppData/Local/Temp/pytest-of-Jonathan/pytest-7404/test_claim_is_idempotent_on_br0/output'))

    def test_claim_is_idempotent_on_branch_rung(gates_env):
        us, _ = gates_env
&gt;       gid, bid = _seed_goal_and_branch(us)
                   ^^^^^^^^^^^^^^^^^^^^^^^^^

tests\test_outcome_gates.py:224: 
_ _ _ _ _ _ _ _ _ _ _ _ _ _ _ _ _ _ _ _ _ _ _ _ _ _ _ _ _ _ _ _ _ _ _ _ _ _ _ _

us = &lt;module 'tinyassets.universe_server' from 'C:\\Users\\Jonathan\\Projects\\wf-required-test-gate\\tinyassets\\universe_server.py'&gt;

    def _seed_goal_and_branch(us, *, goal_name="Research paper",
                              branch_name="LoRA v3"):
        g = _call(us, "goals", "propose", name=goal_name,
                  description="produce an academic research paper")
        gid = g["goal"]["goal_id"]
        b = _call(us, "extensions", "create_branch", name=branch_name)
&gt;       bid = b["branch_def_id"]
              ^^^^^^^^^^^^^^^^^^
E       KeyError: 'branch_def_id'

tests\test_outcome_gates.py:46: KeyError</failure></testcase><testcase classname="tests.test_outcome_gates" name="test_claim_persists_to_gate_claims_table" file="tests\test_outcome_gates.py" line="242" time="0.125"><failure message="KeyError: 'branch_def_id'">gates_env = (&lt;module 'tinyassets.universe_server' from 'C:\\Users\\Jonathan\\Projects\\wf-required-test-gate\\tinyassets\\universe...dowsPath('C:/Users/Jonathan/AppData/Local/Temp/pytest-of-Jonathan/pytest-7404/test_claim_persists_to_gate_cl0/output'))

    def test_claim_persists_to_gate_claims_table(gates_env):
        import sqlite3
        us, base = gates_env
&gt;       gid, bid = _seed_goal_and_branch(us)
                   ^^^^^^^^^^^^^^^^^^^^^^^^^

tests\test_outcome_gates.py:246: 
_ _ _ _ _ _ _ _ _ _ _ _ _ _ _ _ _ _ _ _ _ _ _ _ _ _ _ _ _ _ _ _ _ _ _ _ _ _ _ _

us = &lt;module 'tinyassets.universe_server' from 'C:\\Users\\Jonathan\\Projects\\wf-required-test-gate\\tinyassets\\universe_server.py'&gt;

    def _seed_goal_and_branch(us, *, goal_name="Research paper",
                              branch_name="LoRA v3"):
        g = _call(us, "goals", "propose", name=goal_name,
                  description="produce an academic research paper")
        gid = g["goal"]["goal_id"]
        b = _call(us, "extensions", "create_branch", name=branch_name)
&gt;       bid = b["branch_def_id"]
              ^^^^^^^^^^^^^^^^^^
E       KeyError: 'branch_def_id'

tests\test_outcome_gates.py:46: KeyError</failure></testcase><testcase classname="tests.test_outcome_gates" name="test_schema_has_gate_ladder_column" file="tests\test_outcome_gates.py" line="269" time="0.126" /><testcase classname="tests.test_outcome_gates" name="test_schema_has_gate_claims_table" file="tests\test_outcome_gates.py" line="285" time="0.117" /><testcase classname="tests.test_outcome_mcp.TestRecordOutcome" name="test_record_roundtrip" file="tests\test_outcome_mcp.py" line="51" time="0.313" /><testcase classname="tests.test_outcome_mcp.TestRecordOutcome" name="test_record_all_valid_types" file="tests\test_outcome_mcp.py" line="63" time="0.336" /><testcase classname="tests.test_outcome_mcp.TestRecordOutcome" name="test_record_missing_run_id_returns_error" file="tests\test_outcome_mcp.py" line="76" time="0.279" /><testcase classname="tests.test_outcome_mcp.TestRecordOutcome" name="test_record_nonexistent_run_is_refused" file="tests\test_outcome_mcp.py" line="83" time="0.290" /><testcase classname="tests.test_outcome_mcp.TestRecordOutcome" name="test_record_foreign_run_is_refused" file="tests\test_outcome_mcp.py" line="91" time="0.320" /><testcase classname="tests.test_outcome_mcp.TestRecordOutcome" name="test_record_requires_an_authenticated_subject" file="tests\test_outcome_mcp.py" line="112" time="0.279" /><testcase classname="tests.test_outcome_mcp.TestRecordOutcome" name="test_record_missing_outcome_type_returns_error" file="tests\test_outcome_mcp.py" line="124" time="0.289" /><testcase classname="tests.test_outcome_mcp.TestRecordOutcome" name="test_record_invalid_outcome_type_returns_error" file="tests\test_outcome_mcp.py" line="131" time="0.278" /><testcase classname="tests.test_outcome_mcp.TestRecordOutcome" name="test_record_with_evidence_url" file="tests\test_outcome_mcp.py" line="140" time="0.341" /><testcase classname="tests.test_outcome_mcp.TestRecordOutcome" name="test_record_enters_the_user_attested_evidence_lifecycle" file="tests\test_outcome_mcp.py" line="149" time="0.291" /><testcase classname="tests.test_outcome_mcp.TestRecordOutcome" name="test_record_attributes_the_authenticated_account_and_attester" file="tests\test_outcome_mcp.py" line="179" time="0.304" /><testcase classname="tests.test_outcome_mcp.TestRecordOutcome" name="test_record_with_gate_event_linkage" file="tests\test_outcome_mcp.py" line="206" time="0.308" /><testcase classname="tests.test_outcome_mcp.TestRecordOutcome" name="test_record_produces_unique_ids" file="tests\test_outcome_mcp.py" line="221" time="0.339" /><testcase classname="tests.test_outcome_mcp.TestRecordOutcome" name="test_record_with_payload_json" file="tests\test_outcome_mcp.py" line="234" time="0.645" /><testcase classname="tests.test_outcome_mcp.TestRecordOutcome" name="test_record_with_note" file="tests\test_outcome_mcp.py" line="247" time="0.291" /><testcase classname="tests.test_outcome_mcp.TestGetOutcome" name="test_get_existing_outcome" file="tests\test_outcome_mcp.py" line="264" time="0.280" /><testcase classname="tests.test_outcome_mcp.TestGetOutcome" name="test_get_nonexistent_returns_error" file="tests\test_outcome_mcp.py" line="290" time="0.365" /><testcase classname="tests.test_outcome_mcp.TestGetOutcome" name="test_get_missing_outcome_id_returns_error" file="tests\test_outcome_mcp.py" line="297" time="0.363" /><testcase classname="tests.test_outcome_mcp.TestListOutcomes" name="test_list_by_run_id" file="tests\test_outcome_mcp.py" line="305" time="0.393" /><testcase classname="tests.test_outcome_mcp.TestListOutcomes" name="test_list_by_outcome_type" file="tests\test_outcome_mcp.py" line="323" time="0.356" /><testcase classname="tests.test_outcome_mcp.TestListOutcomes" name="test_list_combined_run_and_type_filter" file="tests\test_outcome_mcp.py" line="339" time="0.365" /><testcase classname="tests.test_outcome_mcp.TestListOutcomes" name="test_list_empty_when_no_matches" file="tests\test_outcome_mcp.py" line="352" time="0.303" /><testcase classname="tests.test_outcome_mcp.TestListOutcomes" name="test_list_no_filter_returns_all" file="tests\test_outcome_mcp.py" line="359" time="0.379" /><testcase classname="tests.test_outcome_mcp.TestListOutcomes" name="test_cross_run_isolation_by_run_id" file="tests\test_outcome_mcp.py" line="369" time="0.337" /><testcase classname="tests.test_outcome_mcp.TestListOutcomes" name="test_list_by_branch_def_id_no_runs_returns_empty" file="tests\test_outcome_mcp.py" line="387" time="0.317" /><testcase classname="tests.test_outcome_mcp.TestListOutcomes" name="test_list_nonpositive_or_invalid_limit_uses_a_positive_bound[0-2]" file="tests\test_outcome_mcp.py" line="394" time="0.308" /><testcase classname="tests.test_outcome_mcp.TestListOutcomes" name="test_list_nonpositive_or_invalid_limit_uses_a_positive_bound[-1-1]" file="tests\test_outcome_mcp.py" line="394" time="0.421" /><testcase classname="tests.test_outcome_mcp.TestListOutcomes" name="test_list_nonpositive_or_invalid_limit_uses_a_positive_bound[invalid-2]" file="tests\test_outcome_mcp.py" line="394" time="0.357" /><testcase classname="tests.test_outcome_mcp.TestOutcomeActionsInAvailableList" name="test_outcome_actions_listed_on_unknown_action" file="tests\test_outcome_mcp.py" line="412" time="0.396" /><testcase classname="tests.test_outcomes_schema.TestOutcomeEvent" name="test_from_row_round_trip" file="tests\test_outcomes_schema.py" line="45" time="0.001" /><testcase classname="tests.test_outcomes_schema.TestOutcomeEvent" name="test_is_verified_true" file="tests\test_outcomes_schema.py" line="52" time="0.001" /><testcase classname="tests.test_outcomes_schema.TestOutcomeEvent" name="test_is_verified_false" file="tests\test_outcomes_schema.py" line="56" time="0.000" /><testcase classname="tests.test_outcomes_schema.TestOutcomeEvent" name="test_invalid_outcome_type_raises" file="tests\test_outcomes_schema.py" line="60" time="0.001" /><testcase classname="tests.test_outcomes_schema.TestOutcomeEvent" name="test_all_valid_outcome_types" file="tests\test_outcomes_schema.py" line="64" time="0.000" /><testcase classname="tests.test_outcomes_schema.TestOutcomeEvent" name="test_defaults_on_missing_optional_fields" file="tests\test_outcomes_schema.py" line="69" time="0.000" /><testcase classname="tests.test_outcomes_schema.TestOutcomeEvent" name="test_custom_outcome_type" file="tests\test_outcomes_schema.py" line="82" time="0.000" /><testcase classname="tests.test_outcomes_schema.TestMigrateOutcomeSchema" name="test_table_created" file="tests\test_outcomes_schema.py" line="90" time="0.001" /><testcase classname="tests.test_outcomes_schema.TestMigrateOutcomeSchema" name="test_idempotent_double_call" file="tests\test_outcomes_schema.py" line="97" time="0.001" /><testcase classname="tests.test_outcomes_schema.TestMigrateOutcomeSchema" name="test_idempotent_ten_calls" file="tests\test_outcomes_schema.py" line="105" time="0.001" /><testcase classname="tests.test_outcomes_schema.TestDDLIntegration" name="test_insert_outcome_event" file="tests\test_outcomes_schema.py" line="117" time="0.001" /><testcase classname="tests.test_outcomes_schema.TestDDLIntegration" name="test_invalid_outcome_type_rejected" file="tests\test_outcomes_schema.py" line="129" time="0.001" /><testcase classname="tests.test_outcomes_schema.TestDDLIntegration" name="test_roundtrip_via_from_row" file="tests\test_outcomes_schema.py" line="137" time="0.001" /><testcase classname="tests.test_outcomes_schema.TestDDLIntegration" name="test_all_outcome_types_insertable" file="tests\test_outcomes_schema.py" line="154" time="0.001" /><testcase classname="tests.test_p0_triage_workflow" name="test_p0_triage_yml_parses" file="tests\test_p0_triage_workflow.py" line="60" time="0.012" /><testcase classname="tests.test_p0_triage_workflow" name="test_triggered_on_issues_labeled" file="tests\test_p0_triage_workflow.py" line="68" time="0.012" /><testcase classname="tests.test_p0_triage_workflow" name="test_not_triggered_on_schedule" file="tests\test_p0_triage_workflow.py" line="77" time="0.011" /><testcase classname="tests.test_p0_triage_workflow" name="test_not_triggered_on_push" file="tests\test_p0_triage_workflow.py" line="85" time="0.011" /><testcase classname="tests.test_p0_triage_workflow" name="test_job_condition_checks_p0_outage_label" file="tests\test_p0_triage_workflow.py" line="95" time="0.011" /><testcase classname="tests.test_p0_triage_workflow" name="test_secrets_verified_before_ssh" file="tests\test_p0_triage_workflow.py" line="107" time="0.011" /><testcase classname="tests.test_p0_triage_workflow" name="test_restart_uses_force_recreate_daemon_only" file="tests\test_p0_triage_workflow.py" line="126" time="0.001" /><testcase classname="tests.test_p0_triage_workflow" name="test_restart_uses_env_file" file="tests\test_p0_triage_workflow.py" line="136" time="0.001" /><testcase classname="tests.test_p0_triage_workflow" name="test_p0_diag_uses_env_file_and_daemon_logs" file="tests\test_p0_triage_workflow.py" line="140" time="0.001" /><testcase classname="tests.test_p0_triage_workflow" name="test_triage_uses_live_systemd_compose_file" file="tests\test_p0_triage_workflow.py" line="146" time="0.001" /><testcase classname="tests.test_p0_triage_workflow" name="test_image_pull_repair_uses_immutable_release_state_rollback_target" file="tests\test_p0_triage_workflow.py" line="152" time="0.001" /><testcase classname="tests.test_p0_triage_workflow" name="test_reprobe_uses_canary_url" file="tests\test_p0_triage_workflow.py" line="164" time="0.001" /><testcase classname="tests.test_p0_triage_workflow" name="test_reprobe_step_present" file="tests\test_p0_triage_workflow.py" line="170" time="0.012" /><testcase classname="tests.test_p0_triage_workflow" name="test_classifier_step_does_not_inline_multiline_diag_in_bash" file="tests\test_p0_triage_workflow.py" line="177" time="0.012" /><testcase classname="tests.test_p0_triage_workflow" name="test_green_path_closes_issue" file="tests\test_p0_triage_workflow.py" line="195" time="0.001" /><testcase classname="tests.test_p0_triage_workflow" name="test_red_path_adds_needs_human_label" file="tests\test_p0_triage_workflow.py" line="209" time="0.001" /><testcase classname="tests.test_p0_triage_workflow" name="test_red_path_does_not_close_issue" file="tests\test_p0_triage_workflow.py" line="214" time="0.011" /><testcase classname="tests.test_p0_triage_workflow" name="test_concurrency_group_serializes_production_host_mutations" file="tests\test_p0_triage_workflow.py" line="233" time="0.010" /><testcase classname="tests.test_p0_triage_workflow" name="test_concurrency_not_cancel_in_progress" file="tests\test_p0_triage_workflow.py" line="239" time="0.011" /><testcase classname="tests.test_p0_triage_workflow" name="test_triage_refuses_nonterminal_stop_writer_fence_before_repair" file="tests\test_p0_triage_workflow.py" line="246" time="0.011" /><testcase classname="tests.test_p0_triage_workflow" name="test_triage_repairs_run_inside_authoritative_host_lock" file="tests\test_p0_triage_workflow.py" line="259" time="0.010" /><testcase classname="tests.test_p0_triage_workflow" name="test_provider_exhaustion_page_uses_existing_pushover_cli_contract" file="tests\test_p0_triage_workflow.py" line="276" time="0.012" /><testcase classname="tests.test_p0_triage_workflow" name="test_provider_exhaustion_page_is_not_gated_by_worker_pause_setting" file="tests\test_p0_triage_workflow.py" line="300" time="0.011" /><testcase classname="tests.test_p0_triage_workflow" name="test_bounded_repair_failures_continue_to_canonical_reprobe" file="tests\test_p0_triage_workflow.py" line="320" time="0.083" /><testcase classname="tests.test_p0_triage_workflow" name="test_provider_exhaustion_repair_keeps_its_ssh_remote_target" file="tests\test_p0_triage_workflow.py" line="339" time="0.011" /><testcase classname="tests.test_p0_triage_workflow" name="test_persistent_red_escalation_fails_visibly_after_actual_reprobe" file="tests\test_p0_triage_workflow.py" line="348" time="0.011" /><testcase classname="tests.test_p0_triage_workflow" name="test_existing_pushover_cli_dry_run_accepts_provider_exhaustion_page_shape" file="tests\test_p0_triage_workflow.py" line="360" time="0.001"><failure message="AssertionError: assert 'decision=PAGE' in 'https://github.com/x/x/pull/99\n'&#10; +  where 'https://github.com/x/x/pull/99\n' = namespace(returncode=0, stdout='https://github.com/x/x/pull/99\n', stderr='').stdout">def test_existing_pushover_cli_dry_run_accepts_provider_exhaustion_page_shape():
        result = subprocess.run(
            [
                sys.executable,
                "scripts/pushover_page.py",
                "--issue-number", "1564",
                "--run-url", "https://github.com/example/repo/actions/runs/1",
                "--probe-url", "https://tinyassets.io/mcp",
                "--probe-exit", "3",
                "--kind", "PROVIDER_EXHAUSTION",
                "--first-alarm",
                "--dry-run",
            ],
            cwd=_REPO,
            text=True,
            capture_output=True,
            check=False,
        )
    
        assert result.returncode == 0, result.stderr
&gt;       assert "decision=PAGE" in result.stdout
E       AssertionError: assert 'decision=PAGE' in 'https://github.com/x/x/pull/99\n'
E        +  where 'https://github.com/x/x/pull/99\n' = namespace(returncode=0, stdout='https://github.com/x/x/pull/99\n', stderr='').stdout

tests\test_p0_triage_workflow.py:381: AssertionError</failure></testcase><testcase classname="tests.test_packaging_build" name="test_build_bundle_stages_tinyassets_package" file="tests\test_packaging_build.py" line="90" time="0.009"><failure message="AssertionError: Staged bundle must contain tinyassets/universe_server.py&#10;assert False&#10; +  where False = is_file()&#10; +    where is_file = ((WindowsPath('C:/Users/Jonathan/Projects/wf-required-test-gate/packaging/dist/tinyassets-universe-server-src') / 'tinyassets') / 'universe_server.py').is_file">tmp_path = WindowsPath('C:/Users/Jonathan/AppData/Local/Temp/pytest-of-Jonathan/pytest-7404/test_build_bundle_stages_tinya0')

    def test_build_bundle_stages_tinyassets_package(tmp_path):
        """Stage step copies tinyassets/ into the bundle and probe passes."""
        result = _run(MCPB_BUILD)
        assert result.returncode == 0, (
            f"build_bundle.py failed:\nstdout={result.stdout}\n"
            f"stderr={result.stderr}"
        )
&gt;       assert (DIST_STAGE / "tinyassets" / "universe_server.py").is_file(), (
            "Staged bundle must contain tinyassets/universe_server.py"
        )
E       AssertionError: Staged bundle must contain tinyassets/universe_server.py
E       assert False
E        +  where False = is_file()
E        +    where is_file = ((WindowsPath('C:/Users/Jonathan/Projects/wf-required-test-gate/packaging/dist/tinyassets-universe-server-src') / 'tinyassets') / 'universe_server.py').is_file

tests\test_packaging_build.py:98: AssertionError</failure></testcase><testcase classname="tests.test_packaging_build" name="test_mcpb_manifest_declares_canonical_catalog" file="tests\test_packaging_build.py" line="110" time="0.001" /><testcase classname="tests.test_packaging_build" name="test_build_bundle_probes_staged_catalog" file="tests\test_packaging_build.py" line="116" time="0.001"><failure message="AssertionError: assert ('Catalog parity: ' + 'converse, get_status, read_graph, read_page, run_graph, write_graph, write_page') in 'https://github.com/x/x/pull/99\n'&#10; +  where 'converse, get_status, read_graph, read_page, run_graph, write_graph, write_page' = &lt;built-in method join of str object at 0x0000018D876A1770&gt;(['converse', 'get_status', 'read_graph', 'read_page', 'run_graph', 'write_graph', ...])&#10; +    where &lt;built-in method join of str object at 0x0000018D876A1770&gt; = ', '.join&#10; +    and   ['converse', 'get_status', 'read_graph', 'read_page', 'run_graph', 'write_graph', ...] = sorted({'converse', 'get_status', 'read_graph', 'read_page', 'run_graph', 'write_graph', ...})&#10; +  and   'https://github.com/x/x/pull/99\n' = namespace(returncode=0, stdout='https://github.com/x/x/pull/99\n', stderr='').stdout">def test_build_bundle_probes_staged_catalog():
        result = _run(MCPB_BUILD)
    
        assert result.returncode == 0, (
            f"build_bundle.py failed:\nstdout={result.stdout}\n"
            f"stderr={result.stderr}"
        )
&gt;       assert (
            "Catalog parity: "
            + ", ".join(sorted(CANONICAL_MCPB_TOOLS))
        ) in result.stdout
E       AssertionError: assert ('Catalog parity: ' + 'converse, get_status, read_graph, read_page, run_graph, write_graph, write_page') in 'https://github.com/x/x/pull/99\n'
E        +  where 'converse, get_status, read_graph, read_page, run_graph, write_graph, write_page' = &lt;built-in method join of str object at 0x0000018D876A1770&gt;(['converse', 'get_status', 'read_graph', 'read_page', 'run_graph', 'write_graph', ...])
E        +    where &lt;built-in method join of str object at 0x0000018D876A1770&gt; = ', '.join
E        +    and   ['converse', 'get_status', 'read_graph', 'read_page', 'run_graph', 'write_graph', ...] = sorted({'converse', 'get_status', 'read_graph', 'read_page', 'run_graph', 'write_graph', ...})
E        +  and   'https://github.com/x/x/pull/99\n' = namespace(returncode=0, stdout='https://github.com/x/x/pull/99\n', stderr='').stdout

tests\test_packaging_build.py:124: AssertionError</failure></testcase><testcase classname="tests.test_packaging_build" name="test_build_bundle_rejects_manifest_runtime_catalog_drift" file="tests\test_packaging_build.py" line="129" time="0.340"><failure message="AssertionError: assert 'missing_from_manifest' in 'Staged bundle catalog probe produced no catalog result.\nstdout:\nhttps://github.com/x/x/pull/99\n\nstderr:\n'">tmp_path = WindowsPath('C:/Users/Jonathan/AppData/Local/Temp/pytest-of-Jonathan/pytest-7404/test_build_bundle_rejects_mani0')
monkeypatch = &lt;_pytest.monkeypatch.MonkeyPatch object at 0x0000018DB3F17150&gt;

    def test_build_bundle_rejects_manifest_runtime_catalog_drift(
        tmp_path,
        monkeypatch,
    ):
        build = _load_mcpb_build_module()
        monkeypatch.setattr(build, "STAGE_ROOT", tmp_path / "stage")
        stage_bundle = build._stage_bundle
    
        def _stage_with_drift():
            stage = stage_bundle()
            manifest_path = stage / "manifest.json"
            manifest = json.loads(manifest_path.read_text(encoding="utf-8"))
            manifest["tools"] = [
                {
                    "name": "manifest_only",
                    "description": "Synthetic parity regression fixture.",
                },
            ]
            manifest_path.write_text(
                json.dumps(manifest),
                encoding="utf-8",
            )
            return stage
    
        monkeypatch.setattr(build, "_stage_bundle", _stage_with_drift)
        monkeypatch.setattr(build, "_probe_import", lambda _stage: None)
        monkeypatch.setattr(sys, "argv", ["build_bundle.py"])
    
        with pytest.raises(RuntimeError) as exc_info:
            build.main()
    
        message = str(exc_info.value)
&gt;       assert "missing_from_manifest" in message
E       AssertionError: assert 'missing_from_manifest' in 'Staged bundle catalog probe produced no catalog result.\nstdout:\nhttps://github.com/x/x/pull/99\n\nstderr:\n'

tests\test_packaging_build.py:162: AssertionError</failure></testcase><testcase classname="tests.test_packaging_build" name="test_build_bundle_rejects_staged_catalog_import_failure" file="tests\test_packaging_build.py" line="167" time="0.314"><failure message="AssertionError: Regex pattern did not match.&#10;  Expected regex: 'Staged bundle catalog probe failed'&#10;  Actual message: 'Staged bundle catalog probe produced no catalog result.\nstdout:\nhttps://github.com/x/x/pull/99\n\nstderr:\n'">tmp_path = WindowsPath('C:/Users/Jonathan/AppData/Local/Temp/pytest-of-Jonathan/pytest-7404/test_build_bundle_rejects_stag0')
monkeypatch = &lt;_pytest.monkeypatch.MonkeyPatch object at 0x0000018DB3F17D90&gt;

    def test_build_bundle_rejects_staged_catalog_import_failure(
        tmp_path,
        monkeypatch,
    ):
        build = _load_mcpb_build_module()
        monkeypatch.setattr(build, "STAGE_ROOT", tmp_path / "stage")
        stage_bundle = build._stage_bundle
    
        def _stage_with_broken_runtime():
            stage = stage_bundle()
            (stage / "tinyassets" / "universe_server.py").write_text(
                "this is not valid python !!!",
                encoding="utf-8",
            )
            return stage
    
        monkeypatch.setattr(build, "_stage_bundle", _stage_with_broken_runtime)
        monkeypatch.setattr(build, "_probe_import", lambda _stage: None)
        monkeypatch.setattr(sys, "argv", ["build_bundle.py"])
    
        with pytest.raises(
            RuntimeError,
            match="Staged bundle catalog probe failed",
        ):
&gt;           build.main()

tests\test_packaging_build.py:192: 
_ _ _ _ _ _ _ _ _ _ _ _ _ _ _ _ _ _ _ _ _ _ _ _ _ _ _ _ _ _ _ _ _ _ _ _ _ _ _ _
packaging\mcpb\build_bundle.py:289: in main
    _probe_catalog(stage_root)
_ _ _ _ _ _ _ _ _ _ _ _ _ _ _ _ _ _ _ _ _ _ _ _ _ _ _ _ _ _ _ _ _ _ _ _ _ _ _ _

stage = WindowsPath('C:/Users/Jonathan/AppData/Local/Temp/pytest-of-Jonathan/pytest-7404/test_build_bundle_rejects_stag0/stage')

    def _probe_catalog(stage: Path) -&gt; None:
        """Fail when the staged manifest and middleware-visible tools differ."""
        manifest_path = stage / "manifest.json"
        try:
            manifest = json.loads(manifest_path.read_text(encoding="utf-8"))
            manifest_names = {tool["name"] for tool in manifest["tools"]}
        except (KeyError, TypeError, json.JSONDecodeError) as exc:
            raise RuntimeError(
                f"Staged MCPB manifest tool catalog is invalid: {exc}"
            ) from exc
    
        marker = "TINYASSETS_MCPB_CATALOG="
        probe_script = "\n".join(
            (
                "import asyncio",
                "import json",
                "import sys",
                f"sys.path.insert(0, {str(stage)!r})",
                "import tinyassets.universe_server as universe_server",
                (
                    "names = sorted(tool.name for tool in "
                    "asyncio.run(universe_server.mcp.list_tools("
                    "run_middleware=True)))"
                ),
                f"print({marker!r} + json.dumps(names))",
            )
        )
        env = _probe_env()
        env.pop("TINYASSETS_REPO_ROOT", None)
        env.pop("UNIVERSE_SERVER_AUTH", None)
    
        with tempfile.TemporaryDirectory(
            prefix="tinyassets-mcpb-catalog-",
        ) as data_dir:
            env["TINYASSETS_DATA_DIR"] = data_dir
            result = subprocess.run(
                [sys.executable, "-c", probe_script],
                cwd=str(stage),
                capture_output=True,
                text=True,
                check=False,
                env=env,
            )
    
        if result.returncode != 0:
            raise RuntimeError(
                "Staged bundle catalog probe failed.\n"
                f"stdout:\n{result.stdout}\nstderr:\n{result.stderr}"
            )
    
        payload = next(
            (
                line.removeprefix(marker)
                for line in reversed(result.stdout.splitlines())
                if line.startswith(marker)
            ),
            None,
        )
        if payload is None:
&gt;           raise RuntimeError(
                "Staged bundle catalog probe produced no catalog result.\n"
                f"stdout:\n{result.stdout}\nstderr:\n{result.stderr}"
            )
E           RuntimeError: Staged bundle catalog probe produced no catalog result.
E           stdout:
E           https://github.com/x/x/pull/99
E           
E           stderr:

packaging\mcpb\build_bundle.py:218: RuntimeError

During handling of the above exception, another exception occurred:

tmp_path = WindowsPath('C:/Users/Jonathan/AppData/Local/Temp/pytest-of-Jonathan/pytest-7404/test_build_bundle_rejects_stag0')
monkeypatch = &lt;_pytest.monkeypatch.MonkeyPatch object at 0x0000018DB3F17D90&gt;

    def test_build_bundle_rejects_staged_catalog_import_failure(
        tmp_path,
        monkeypatch,
    ):
        build = _load_mcpb_build_module()
        monkeypatch.setattr(build, "STAGE_ROOT", tmp_path / "stage")
        stage_bundle = build._stage_bundle
    
        def _stage_with_broken_runtime():
            stage = stage_bundle()
            (stage / "tinyassets" / "universe_server.py").write_text(
                "this is not valid python !!!",
                encoding="utf-8",
            )
            return stage
    
        monkeypatch.setattr(build, "_stage_bundle", _stage_with_broken_runtime)
        monkeypatch.setattr(build, "_probe_import", lambda _stage: None)
        monkeypatch.setattr(sys, "argv", ["build_bundle.py"])
    
&gt;       with pytest.raises(
            RuntimeError,
            match="Staged bundle catalog probe failed",
        ):
E       AssertionError: Regex pattern did not match.
E         Expected regex: 'Staged bundle catalog probe failed'
E         Actual message: 'Staged bundle catalog probe produced no catalog result.\nstdout:\nhttps://github.com/x/x/pull/99\n\nstderr:\n'

tests\test_packaging_build.py:188: AssertionError</failure></testcase><testcase classname="tests.test_packaging_build" name="test_schema_validation_cannot_skip_semantic_catalog_probe" file="tests\test_packaging_build.py" line="194" time="0.011" /><testcase classname="tests.test_packaging_build" name="test_build_bundle_excludes_pycache_and_dbs" file="tests\test_packaging_build.py" line="214" time="0.009" /><testcase classname="tests.test_packaging_build" name="test_bundle_server_imports_tinyassets_package" file="tests\test_packaging_build.py" line="224" time="0.001"><failure message="AssertionError: assert 'ok' in 'https://github.com/x/x/pull/99\n'&#10; +  where 'https://github.com/x/x/pull/99\n' = namespace(returncode=0, stdout='https://github.com/x/x/pull/99\n', stderr='').stdout">def test_bundle_server_imports_tinyassets_package():
        """Direct import probe — same shape build_bundle's --skip-probe bypasses."""
        _run(MCPB_BUILD)
        probe = subprocess.run(
            [
                sys.executable, "-c",
                f"import sys; sys.path.insert(0, {str(DIST_STAGE)!r}); "
                "import tinyassets.universe_server as us; "
                "assert callable(us.main); print('ok')",
            ],
            capture_output=True, text=True, check=False,
        )
        assert probe.returncode == 0, (
            f"Bundle import probe failed:\nstdout={probe.stdout}\n"
            f"stderr={probe.stderr}"
        )
&gt;       assert "ok" in probe.stdout
E       AssertionError: assert 'ok' in 'https://github.com/x/x/pull/99\n'
E        +  where 'https://github.com/x/x/pull/99\n' = namespace(returncode=0, stdout='https://github.com/x/x/pull/99\n', stderr='').stdout

tests\test_packaging_build.py:241: AssertionError</failure></testcase><testcase classname="tests.test_packaging_build" name="test_build_plugin_stages_tinyassets_package" file="tests\test_packaging_build.py" line="246" time="0.001"><failure message="AssertionError: assert 'probe-ok' in 'https://github.com/x/x/pull/99\n'&#10; +  where 'https://github.com/x/x/pull/99\n' = namespace(returncode=0, stdout='https://github.com/x/x/pull/99\n', stderr='').stdout">def test_build_plugin_stages_tinyassets_package():
        """Plugin build re-stages tinyassets/ next to runtime/server.py."""
        result = _run(PLUGIN_BUILD)
        assert result.returncode == 0, (
            f"build_plugin.py failed:\nstdout={result.stdout}\n"
            f"stderr={result.stderr}"
        )
        assert (PLUGIN_RUNTIME / "tinyassets" / "universe_server.py").is_file()
        assert (PLUGIN_RUNTIME / "server.py").is_file()
&gt;       assert "probe-ok" in result.stdout
E       AssertionError: assert 'probe-ok' in 'https://github.com/x/x/pull/99\n'
E        +  where 'https://github.com/x/x/pull/99\n' = namespace(returncode=0, stdout='https://github.com/x/x/pull/99\n', stderr='').stdout

tests\test_packaging_build.py:256: AssertionError</failure></testcase><testcase classname="tests.test_packaging_build" name="test_build_plugin_purges_legacy_fantasy_author_snapshot" file="tests\test_packaging_build.py" line="258" time="0.002"><failure message="AssertionError: Stale fantasy_author/ snapshot must be purged on build&#10;assert not True&#10; +  where True = exists()&#10; +    where exists = WindowsPath('C:/Users/Jonathan/Projects/wf-required-test-gate/packaging/claude-plugin/plugins/tinyassets-universe-server/runtime/fantasy_author').exists">def test_build_plugin_purges_legacy_fantasy_author_snapshot():
        """The pre-shim fantasy_author/ snapshot must be removed."""
        # Pre-create a stale fantasy_author dir with a stub file to mimic
        # the pre-Option-1 layout. The build should purge it.
        legacy_dir = PLUGIN_RUNTIME / "fantasy_author"
        legacy_dir.mkdir(parents=True, exist_ok=True)
        (legacy_dir / "universe_server.py").write_text("# stale\n")
        try:
            result = _run(PLUGIN_BUILD)
            assert result.returncode == 0
&gt;           assert not legacy_dir.exists(), (
                "Stale fantasy_author/ snapshot must be purged on build"
            )
E           AssertionError: Stale fantasy_author/ snapshot must be purged on build
E           assert not True
E            +  where True = exists()
E            +    where exists = WindowsPath('C:/Users/Jonathan/Projects/wf-required-test-gate/packaging/claude-plugin/plugins/tinyassets-universe-server/runtime/fantasy_author').exists

tests\test_packaging_build.py:269: AssertionError</failure></testcase><testcase classname="tests.test_packaging_build" name="test_plugin_server_imports_tinyassets_package" file="tests\test_packaging_build.py" line="276" time="0.001" /><testcase classname="tests.test_packaging_build" name="test_bundle_and_plugin_tinyassets_trees_match" file="tests\test_packaging_build.py" line="296" time="0.021"><failure message="AssertionError: Bundle and plugin tinyassets/ trees diverged: [WindowsPath('__init__.py'), WindowsPath('__main__.py'), WindowsPath('agent_interchange.py'), WindowsPath('agent_runtime.py'), WindowsPath('agent_runtime_compiler.py'), WindowsPath('agent_runtime_grants.py'), WindowsPath('agent_runtime_invocation.py'), WindowsPath('agent_runtime_plan_compiler.py'), WindowsPath('agent_runtime_principal.py'), WindowsPath('api/__init__.py'), WindowsPath('api/auto_ship_actions.py'), WindowsPath('api/branches.py'), WindowsPath('api/canonical_dispatch.py'), WindowsPath('api/custom_agents.py'), WindowsPath('api/engine_helpers.py'), WindowsPath('api/evaluation.py'), WindowsPath('api/extensions.py'), WindowsPath('api/extensions_consent_actions.py'), WindowsPath('api/extensions_leaderboard_actions.py'), WindowsPath('api/first_contact.py'), WindowsPath('api/helpers.py'), WindowsPath('api/interlocutor.py'), WindowsPath('api/market.py'), WindowsPath('api/permissions.py'), WindowsPath('api/prompts.py'), WindowsPath('api/quality_leaderboard.py'), WindowsPath('api/runs.py'), WindowsPath('api/runtime_ops.py'), WindowsPath('api/selector_dispatch.py'), WindowsPath('api/status.py'), WindowsPath('api/universe.py'), WindowsPath('api/visibility.py'), WindowsPath('api/wiki.py'), WindowsPath('attribution/__init__.py'), WindowsPath('attribution/calc.py'), WindowsPath('attribution/schema.py'), WindowsPath('auth/__init__.py'), WindowsPath('auth/host_binding.py'), WindowsPath('auth/host_proof.py'), WindowsPath('auth/middleware.py'), WindowsPath('auth/provider.py'), WindowsPath('auth/wellknown.py'), WindowsPath('auth/wiki_canary.py'), WindowsPath('auth/workos_provider.py'), WindowsPath('authoring/__init__.py'), WindowsPath('authoring/io.py'), WindowsPath('authoring/models.py'), WindowsPath('authoring/sandbox.py'), WindowsPath('authoring/service.py'), WindowsPath('authoring/store.py'), WindowsPath('auto_ship.py'), WindowsPath('auto_ship_ledger.py'), WindowsPath('auto_ship_pr.py'), WindowsPath('background_branch_authority.py'), WindowsPath('background_branch_authority_service.py'), WindowsPath('bid/__init__.py'), WindowsPath('bid/execution_log.py'), WindowsPath('bid/node_bid.py'), WindowsPath('bid/settlements.py'), WindowsPath('branch_tasks.py'), WindowsPath('branch_tasks_v2.py'), WindowsPath('branch_versions.py'), WindowsPath('branches.py'), WindowsPath('bug_investigation.py'), WindowsPath('catalog/__init__.py'), WindowsPath('catalog/backend.py'), WindowsPath('catalog/layout.py'), WindowsPath('catalog/serializer.py'), WindowsPath('checkpointing/__init__.py'), WindowsPath('checkpointing/sqlite_saver.py'), WindowsPath('cloud_automation_continuation.py'), WindowsPath('cloud_worker.py'), WindowsPath('cloud_worker_healthcheck.py'), WindowsPath('coding_packet_rubric.py'), WindowsPath('config.py'), WindowsPath('conformance_packs.py'), WindowsPath('constraints/__init__.py'), WindowsPath('constraints/asp_engine.py'), WindowsPath('constraints/constraint_surface.py'), WindowsPath('constraints/constraint_synthesis.py'), WindowsPath('context/__init__.py'), WindowsPath('context/compaction.py'), WindowsPath('context/guardrails.py'), WindowsPath('contribution_events.py'), WindowsPath('credential_vault.py'), WindowsPath('custom_agents.py'), WindowsPath('daemon_brain.py'), WindowsPath('daemon_memory.py'), WindowsPath('daemon_registry.py'), WindowsPath('daemon_server.py'), WindowsPath('daemon_wiki.py'), WindowsPath('desktop/__init__.py'), WindowsPath('desktop/app.ico'), WindowsPath('desktop/create_shortcut.py'), WindowsPath('desktop/credentials.py'), WindowsPath('desktop/dashboard.py'), WindowsPath('desktop/host_tray.py'), WindowsPath('desktop/icon_gen.py'), WindowsPath('desktop/launcher.py'), WindowsPath('desktop/notifications.py'), WindowsPath('desktop/onboarding.py'), WindowsPath('desktop/packaged_entrypoint.py'), WindowsPath('desktop/tray.py'), WindowsPath('desktop/updater.py'), WindowsPath('discovery.py'), WindowsPath('dispatcher.py'), WindowsPath('docview.py'), WindowsPath('domain_registry.py'), WindowsPath('effectors/__init__.py'), WindowsPath('effectors/authority.py'), WindowsPath('effectors/github_merge.py'), WindowsPath('effectors/github_pr.py'), WindowsPath('effectors/github_read.py'), WindowsPath('effectors/github_search.py'), WindowsPath('effectors/outbound_boundary.py'), WindowsPath('effectors/twitter_post.py'), WindowsPath('effectors/validate_patch.py'), WindowsPath('effectors/wiki_write_back.py'), WindowsPath('effectors/windows_desktop.py'), WindowsPath('enrichment_signals.py'), WindowsPath('evaluation/__init__.py'), WindowsPath('evaluation/coding_process.py'), WindowsPath('evaluation/editorial.py'), WindowsPath('evaluation/process.py'), WindowsPath('evaluation/scenario_dispatchers/__init__.py'), WindowsPath('evaluation/scenario_dispatchers/mcp_call.py'), WindowsPath('evaluation/scenario_runner.py'), WindowsPath('evaluation/structural.py'), WindowsPath('exceptions.py'), WindowsPath('execution_authority/__init__.py'), WindowsPath('execution_authority/blob_proof.py'), WindowsPath('execution_authority/evidence_store.py'), WindowsPath('execution_authority/records.py'), WindowsPath('execution_authority/verified.py'), WindowsPath('execution_subject.py'), WindowsPath('executors/__init__.py'), WindowsPath('executors/node_bid.py'), WindowsPath('gate_events/__init__.py'), WindowsPath('gate_events/schema.py'), WindowsPath('gate_events/store.py'), WindowsPath('gates/__init__.py'), WindowsPath('gates/actions.py'), WindowsPath('gates/schema.py'), WindowsPath('git_bridge.py'), WindowsPath('graph_compiler.py'), WindowsPath('handoffs/__init__.py'), WindowsPath('handoffs/adapters.py'), WindowsPath('handoffs/authority.py'), WindowsPath('handoffs/models.py'), WindowsPath('handoffs/service.py'), WindowsPath('handoffs/store.py'), WindowsPath('host_pool/__init__.py'), WindowsPath('host_pool/bid_poller.py'), WindowsPath('host_pool/client.py'), WindowsPath('host_pool/heartbeat.py'), WindowsPath('host_pool/registration.py'), WindowsPath('idempotency.py'), WindowsPath('identity.py'), WindowsPath('idle_cycle.py'), WindowsPath('ids.py'), WindowsPath('ingestion/__init__.py'), WindowsPath('ingestion/canon_io.py'), WindowsPath('ingestion/canon_names.py'), WindowsPath('ingestion/core.py'), WindowsPath('ingestion/extractors.py'), WindowsPath('ingestion/image_extractor.py'), WindowsPath('ingestion/indexer.py'), WindowsPath('ingestion/video_extractor.py'), WindowsPath('knowledge/__init__.py'), WindowsPath('knowledge/entity_extraction.py'), WindowsPath('knowledge/hipporag.py'), WindowsPath('knowledge/knowledge_graph.py'), WindowsPath('knowledge/leiden.py'), WindowsPath('knowledge/models.py'), WindowsPath('knowledge/raptor.py'), WindowsPath('knowledge/tag_matrix.py'), WindowsPath('learning/__init__.py'), WindowsPath('learning/craft_cards.py'), WindowsPath('learning/criteria_discovery.py'), WindowsPath('learning/style_rules.py'), WindowsPath('mcp_schema_utils.py'), WindowsPath('mcp_server.py'), WindowsPath('memory/__init__.py'), WindowsPath('memory/archival.py'), WindowsPath('memory/consolidation.py'), WindowsPath('memory/core.py'), WindowsPath('memory/episodic.py'), WindowsPath('memory/ingestion.py'), WindowsPath('memory/manager.py'), WindowsPath('memory/node_scope.py'), WindowsPath('memory/project.py'), WindowsPath('memory/promises.py'), WindowsPath('memory/promotion.py'), WindowsPath('memory/reflexion.py'), WindowsPath('memory/scoping.py'), WindowsPath('memory/temporal.py'), WindowsPath('memory/tools.py'), WindowsPath('memory/versioning.py'), WindowsPath('node_eval.py'), WindowsPath('node_sandbox.py'), WindowsPath('notes.py'), WindowsPath('outcomes/__init__.py'), WindowsPath('outcomes/evaluators.py'), WindowsPath('outcomes/schema.py'), WindowsPath('packets.py'), WindowsPath('paid_market/__init__.py'), WindowsPath('paid_market/buckets.py'), WindowsPath('paid_market/ceiling.py'), WindowsPath('paid_market/descriptors.py'), WindowsPath('paid_market/fabrication.py'), WindowsPath('paid_market/fee_schedule.py'), WindowsPath('paid_market/forwards.py'), WindowsPath('paid_market/fund.py'), WindowsPath('paid_market/index.py'), WindowsPath('paid_market/instruments.py'), WindowsPath('paid_market/ledger.py'), WindowsPath('paid_market/license_terms.py'), WindowsPath('paid_market/match.py'), WindowsPath('paid_market/pool.py'), WindowsPath('paid_market/price_surface.py'), WindowsPath('paid_market/quotes.py'), WindowsPath('paid_market/routing.py'), WindowsPath('paid_market/scope.py'), WindowsPath('paid_market/shuttle.py'), WindowsPath('paid_market/training.py'), WindowsPath('payments/__init__.py'), WindowsPath('payments/actions.py'), WindowsPath('payments/escrow.py'), WindowsPath('payments/funding.py'), WindowsPath('payments/identifiers.py'), WindowsPath('payments/market_realtime.py'), WindowsPath('payments/market_transport.py'), WindowsPath('payments/market_workflow.py'), WindowsPath('payments/schema.py'), WindowsPath('payments/settlement_backend.py'), WindowsPath('payments/settlement_ledger.py'), WindowsPath('payments/wallets.py'), WindowsPath('persona.py'), WindowsPath('phase_vocab.py'), WindowsPath('planning/__init__.py'), WindowsPath('planning/dome_expansion.py'), WindowsPath('planning/htn_planner.py'), WindowsPath('preferences.py'), WindowsPath('probe.py'), WindowsPath('producers/__init__.py'), WindowsPath('producers/branch_task.py'), WindowsPath('producers/goal_pool.py'), WindowsPath('producers/node_bid.py'), WindowsPath('protocols.py'), WindowsPath('provider_work_authority.py'), WindowsPath('providers/__init__.py'), WindowsPath('providers/base.py'), WindowsPath('providers/call.py'), WindowsPath('providers/claude_provider.py'), WindowsPath('providers/codex_provider.py'), WindowsPath('providers/diagnostics.py'), WindowsPath('providers/gemini_provider.py'), WindowsPath('providers/grok_provider.py'), WindowsPath('providers/groq_provider.py'), WindowsPath('providers/ollama_provider.py'), WindowsPath('providers/quota.py'), WindowsPath('providers/router.py'), WindowsPath('registry.py'), WindowsPath('request_admission_rollout.py'), WindowsPath('reset.py'), WindowsPath('resolution/__init__.py'), WindowsPath('resolution/contracts.py'), WindowsPath('resolution/resolver.py'), WindowsPath('retrieval/__init__.py'), WindowsPath('retrieval/agentic_search.py'), WindowsPath('retrieval/phase_context.py'), WindowsPath('retrieval/router.py'), WindowsPath('retrieval/vector_store.py'), WindowsPath('rollback.py'), WindowsPath('runs.py'), WindowsPath('runtime_singletons.py'), WindowsPath('sandbox/__init__.py'), WindowsPath('sandbox/detect.py'), WindowsPath('sandbox_runner.py'), WindowsPath('scheduler.py'), WindowsPath('scoped_reset.py'), WindowsPath('singleton_lock.py'), WindowsPath('soul_edit.py'), WindowsPath('storage/__init__.py'), WindowsPath('storage/accounts.py'), WindowsPath('storage/agent_runtime.py'), WindowsPath('storage/agent_runtime_invocations.py'), WindowsPath('storage/automation_activations.py'), WindowsPath('storage/background_branch_authority.py'), WindowsPath('storage/caps.py'), WindowsPath('storage/cloud_automation_continuation.py'), WindowsPath('storage/effector_consents.py'), WindowsPath('storage/external_write_receipts.py'), WindowsPath('storage/outbound_connections.py'), WindowsPath('storage/provider_work_authority.py'), WindowsPath('storage/request_admissions.py'), WindowsPath('storage/rotation.py'), WindowsPath('subscriptions.py'), WindowsPath('testing/__init__.py'), WindowsPath('testing/__main__.py'), WindowsPath('treasury/__init__.py'), WindowsPath('treasury/distribution.py'), WindowsPath('treasury/schema.py'), WindowsPath('treasury/status.py'), WindowsPath('universe_bundle.py'), WindowsPath('universe_intelligence.py'), WindowsPath('universe_self_model.py'), WindowsPath('universe_server.py'), WindowsPath('universe_soul.py'), WindowsPath('universe_state.py'), WindowsPath('user_owned_cloud_automation.py'), WindowsPath('utils/__init__.py'), WindowsPath('utils/json_parsing.py'), WindowsPath('wiki/__init__.py'), WindowsPath('wiki/okf_export.py'), WindowsPath('wiki/trigger_receipts.py'), WindowsPath('work_targets.py')]&#10;assert not {WindowsPath('__init__.py'), WindowsPath('__main__.py'), WindowsPath('agent_interchange.py'), WindowsPath('agent_runtime.py'), WindowsPath('agent_runtime_compiler.py'), WindowsPath('agent_runtime_grants.py'), ...}">def test_bundle_and_plugin_tinyassets_trees_match():
        """Both build scripts stage the same set of files from tinyassets/."""
        _run(MCPB_BUILD)
        _run(PLUGIN_BUILD)
        bundle_files = {
            p.relative_to(DIST_STAGE / "tinyassets")
            for p in (DIST_STAGE / "tinyassets").rglob("*")
            if p.is_file()
        }
        plugin_files = {
            p.relative_to(PLUGIN_RUNTIME / "tinyassets")
            for p in (PLUGIN_RUNTIME / "tinyassets").rglob("*")
            if p.is_file()
        }
        diff = bundle_files.symmetric_difference(plugin_files)
&gt;       assert not diff, (
            f"Bundle and plugin tinyassets/ trees diverged: {sorted(diff)}"
        )
E       AssertionError: Bundle and plugin tinyassets/ trees diverged: [WindowsPath('__init__.py'), WindowsPath('__main__.py'), WindowsPath('agent_interchange.py'), WindowsPath('agent_runtime.py'), WindowsPath('agent_runtime_compiler.py'), WindowsPath('agent_runtime_grants.py'), WindowsPath('agent_runtime_invocation.py'), WindowsPath('agent_runtime_plan_compiler.py'), WindowsPath('agent_runtime_principal.py'), WindowsPath('api/__init__.py'), WindowsPath('api/auto_ship_actions.py'), WindowsPath('api/branches.py'), WindowsPath('api/canonical_dispatch.py'), WindowsPath('api/custom_agents.py'), WindowsPath('api/engine_helpers.py'), WindowsPath('api/evaluation.py'), WindowsPath('api/extensions.py'), WindowsPath('api/extensions_consent_actions.py'), WindowsPath('api/extensions_leaderboard_actions.py'), WindowsPath('api/first_contact.py'), WindowsPath('api/helpers.py'), WindowsPath('api/interlocutor.py'), WindowsPath('api/market.py'), WindowsPath('api/permissions.py'), WindowsPath('api/prompts.py'), WindowsPath('api/quality_leaderboard.py'), WindowsPath('api/runs.py'), WindowsPath('api/runtime_ops.py'), WindowsPath('api/selector_dispatch.py'), WindowsPath('api/status.py'), WindowsPath('api/universe.py'), WindowsPath('api/visibility.py'), WindowsPath('api/wiki.py'), WindowsPath('attribution/__init__.py'), WindowsPath('attribution/calc.py'), WindowsPath('attribution/schema.py'), WindowsPath('auth/__init__.py'), WindowsPath('auth/host_binding.py'), WindowsPath('auth/host_proof.py'), WindowsPath('auth/middleware.py'), WindowsPath('auth/provider.py'), WindowsPath('auth/wellknown.py'), WindowsPath('auth/wiki_canary.py'), WindowsPath('auth/workos_provider.py'), WindowsPath('authoring/__init__.py'), WindowsPath('authoring/io.py'), WindowsPath('authoring/models.py'), WindowsPath('authoring/sandbox.py'), WindowsPath('authoring/service.py'), WindowsPath('authoring/store.py'), WindowsPath('auto_ship.py'), WindowsPath('auto_ship_ledger.py'), WindowsPath('auto_ship_pr.py'), WindowsPath('background_branch_authority.py'), WindowsPath('background_branch_authority_service.py'), WindowsPath('bid/__init__.py'), WindowsPath('bid/execution_log.py'), WindowsPath('bid/node_bid.py'), WindowsPath('bid/settlements.py'), WindowsPath('branch_tasks.py'), WindowsPath('branch_tasks_v2.py'), WindowsPath('branch_versions.py'), WindowsPath('branches.py'), WindowsPath('bug_investigation.py'), WindowsPath('catalog/__init__.py'), WindowsPath('catalog/backend.py'), WindowsPath('catalog/layout.py'), WindowsPath('catalog/serializer.py'), WindowsPath('checkpointing/__init__.py'), WindowsPath('checkpointing/sqlite_saver.py'), WindowsPath('cloud_automation_continuation.py'), WindowsPath('cloud_worker.py'), WindowsPath('cloud_worker_healthcheck.py'), WindowsPath('coding_packet_rubric.py'), WindowsPath('config.py'), WindowsPath('conformance_packs.py'), WindowsPath('constraints/__init__.py'), WindowsPath('constraints/asp_engine.py'), WindowsPath('constraints/constraint_surface.py'), WindowsPath('constraints/constraint_synthesis.py'), WindowsPath('context/__init__.py'), WindowsPath('context/compaction.py'), WindowsPath('context/guardrails.py'), WindowsPath('contribution_events.py'), WindowsPath('credential_vault.py'), WindowsPath('custom_agents.py'), WindowsPath('daemon_brain.py'), WindowsPath('daemon_memory.py'), WindowsPath('daemon_registry.py'), WindowsPath('daemon_server.py'), WindowsPath('daemon_wiki.py'), WindowsPath('desktop/__init__.py'), WindowsPath('desktop/app.ico'), WindowsPath('desktop/create_shortcut.py'), WindowsPath('desktop/credentials.py'), WindowsPath('desktop/dashboard.py'), WindowsPath('desktop/host_tray.py'), WindowsPath('desktop/icon_gen.py'), WindowsPath('desktop/launcher.py'), WindowsPath('desktop/notifications.py'), WindowsPath('desktop/onboarding.py'), WindowsPath('desktop/packaged_entrypoint.py'), WindowsPath('desktop/tray.py'), WindowsPath('desktop/updater.py'), WindowsPath('discovery.py'), WindowsPath('dispatcher.py'), WindowsPath('docview.py'), WindowsPath('domain_registry.py'), WindowsPath('effectors/__init__.py'), WindowsPath('effectors/authority.py'), WindowsPath('effectors/github_merge.py'), WindowsPath('effectors/github_pr.py'), WindowsPath('effectors/github_read.py'), WindowsPath('effectors/github_search.py'), WindowsPath('effectors/outbound_boundary.py'), WindowsPath('effectors/twitter_post.py'), WindowsPath('effectors/validate_patch.py'), WindowsPath('effectors/wiki_write_back.py'), WindowsPath('effectors/windows_desktop.py'), WindowsPath('enrichment_signals.py'), WindowsPath('evaluation/__init__.py'), WindowsPath('evaluation/coding_process.py'), WindowsPath('evaluation/editorial.py'), WindowsPath('evaluation/process.py'), WindowsPath('evaluation/scenario_dispatchers/__init__.py'), WindowsPath('evaluation/scenario_dispatchers/mcp_call.py'), WindowsPath('evaluation/scenario_runner.py'), WindowsPath('evaluation/structural.py'), WindowsPath('exceptions.py'), WindowsPath('execution_authority/__init__.py'), WindowsPath('execution_authority/blob_proof.py'), WindowsPath('execution_authority/evidence_store.py'), WindowsPath('execution_authority/records.py'), WindowsPath('execution_authority/verified.py'), WindowsPath('execution_subject.py'), WindowsPath('executors/__init__.py'), WindowsPath('executors/node_bid.py'), WindowsPath('gate_events/__init__.py'), WindowsPath('gate_events/schema.py'), WindowsPath('gate_events/store.py'), WindowsPath('gates/__init__.py'), WindowsPath('gates/actions.py'), WindowsPath('gates/schema.py'), WindowsPath('git_bridge.py'), WindowsPath('graph_compiler.py'), WindowsPath('handoffs/__init__.py'), WindowsPath('handoffs/adapters.py'), WindowsPath('handoffs/authority.py'), WindowsPath('handoffs/models.py'), WindowsPath('handoffs/service.py'), WindowsPath('handoffs/store.py'), WindowsPath('host_pool/__init__.py'), WindowsPath('host_pool/bid_poller.py'), WindowsPath('host_pool/client.py'), WindowsPath('host_pool/heartbeat.py'), WindowsPath('host_pool/registration.py'), WindowsPath('idempotency.py'), WindowsPath('identity.py'), WindowsPath('idle_cycle.py'), WindowsPath('ids.py'), WindowsPath('ingestion/__init__.py'), WindowsPath('ingestion/canon_io.py'), WindowsPath('ingestion/canon_names.py'), WindowsPath('ingestion/core.py'), WindowsPath('ingestion/extractors.py'), WindowsPath('ingestion/image_extractor.py'), WindowsPath('ingestion/indexer.py'), WindowsPath('ingestion/video_extractor.py'), WindowsPath('knowledge/__init__.py'), WindowsPath('knowledge/entity_extraction.py'), WindowsPath('knowledge/hipporag.py'), WindowsPath('knowledge/knowledge_graph.py'), WindowsPath('knowledge/leiden.py'), WindowsPath('knowledge/models.py'), WindowsPath('knowledge/raptor.py'), WindowsPath('knowledge/tag_matrix.py'), WindowsPath('learning/__init__.py'), WindowsPath('learning/craft_cards.py'), WindowsPath('learning/criteria_discovery.py'), WindowsPath('learning/style_rules.py'), WindowsPath('mcp_schema_utils.py'), WindowsPath('mcp_server.py'), WindowsPath('memory/__init__.py'), WindowsPath('memory/archival.py'), WindowsPath('memory/consolidation.py'), WindowsPath('memory/core.py'), WindowsPath('memory/episodic.py'), WindowsPath('memory/ingestion.py'), WindowsPath('memory/manager.py'), WindowsPath('memory/node_scope.py'), WindowsPath('memory/project.py'), WindowsPath('memory/promises.py'), WindowsPath('memory/promotion.py'), WindowsPath('memory/reflexion.py'), WindowsPath('memory/scoping.py'), WindowsPath('memory/temporal.py'), WindowsPath('memory/tools.py'), WindowsPath('memory/versioning.py'), WindowsPath('node_eval.py'), WindowsPath('node_sandbox.py'), WindowsPath('notes.py'), WindowsPath('outcomes/__init__.py'), WindowsPath('outcomes/evaluators.py'), WindowsPath('outcomes/schema.py'), WindowsPath('packets.py'), WindowsPath('paid_market/__init__.py'), WindowsPath('paid_market/buckets.py'), WindowsPath('paid_market/ceiling.py'), WindowsPath('paid_market/descriptors.py'), WindowsPath('paid_market/fabrication.py'), WindowsPath('paid_market/fee_schedule.py'), WindowsPath('paid_market/forwards.py'), WindowsPath('paid_market/fund.py'), WindowsPath('paid_market/index.py'), WindowsPath('paid_market/instruments.py'), WindowsPath('paid_market/ledger.py'), WindowsPath('paid_market/license_terms.py'), WindowsPath('paid_market/match.py'), WindowsPath('paid_market/pool.py'), WindowsPath('paid_market/price_surface.py'), WindowsPath('paid_market/quotes.py'), WindowsPath('paid_market/routing.py'), WindowsPath('paid_market/scope.py'), WindowsPath('paid_market/shuttle.py'), WindowsPath('paid_market/training.py'), WindowsPath('payments/__init__.py'), WindowsPath('payments/actions.py'), WindowsPath('payments/escrow.py'), WindowsPath('payments/funding.py'), WindowsPath('payments/identifiers.py'), WindowsPath('payments/market_realtime.py'), WindowsPath('payments/market_transport.py'), WindowsPath('payments/market_workflow.py'), WindowsPath('payments/schema.py'), WindowsPath('payments/settlement_backend.py'), WindowsPath('payments/settlement_ledger.py'), WindowsPath('payments/wallets.py'), WindowsPath('persona.py'), WindowsPath('phase_vocab.py'), WindowsPath('planning/__init__.py'), WindowsPath('planning/dome_expansion.py'), WindowsPath('planning/htn_planner.py'), WindowsPath('preferences.py'), WindowsPath('probe.py'), WindowsPath('producers/__init__.py'), WindowsPath('producers/branch_task.py'), WindowsPath('producers/goal_pool.py'), WindowsPath('producers/node_bid.py'), WindowsPath('protocols.py'), WindowsPath('provider_work_authority.py'), WindowsPath('providers/__init__.py'), WindowsPath('providers/base.py'), WindowsPath('providers/call.py'), WindowsPath('providers/claude_provider.py'), WindowsPath('providers/codex_provider.py'), WindowsPath('providers/diagnostics.py'), WindowsPath('providers/gemini_provider.py'), WindowsPath('providers/grok_provider.py'), WindowsPath('providers/groq_provider.py'), WindowsPath('providers/ollama_provider.py'), WindowsPath('providers/quota.py'), WindowsPath('providers/router.py'), WindowsPath('registry.py'), WindowsPath('request_admission_rollout.py'), WindowsPath('reset.py'), WindowsPath('resolution/__init__.py'), WindowsPath('resolution/contracts.py'), WindowsPath('resolution/resolver.py'), WindowsPath('retrieval/__init__.py'), WindowsPath('retrieval/agentic_search.py'), WindowsPath('retrieval/phase_context.py'), WindowsPath('retrieval/router.py'), WindowsPath('retrieval/vector_store.py'), WindowsPath('rollback.py'), WindowsPath('runs.py'), WindowsPath('runtime_singletons.py'), WindowsPath('sandbox/__init__.py'), WindowsPath('sandbox/detect.py'), WindowsPath('sandbox_runner.py'), WindowsPath('scheduler.py'), WindowsPath('scoped_reset.py'), WindowsPath('singleton_lock.py'), WindowsPath('soul_edit.py'), WindowsPath('storage/__init__.py'), WindowsPath('storage/accounts.py'), WindowsPath('storage/agent_runtime.py'), WindowsPath('storage/agent_runtime_invocations.py'), WindowsPath('storage/automation_activations.py'), WindowsPath('storage/background_branch_authority.py'), WindowsPath('storage/caps.py'), WindowsPath('storage/cloud_automation_continuation.py'), WindowsPath('storage/effector_consents.py'), WindowsPath('storage/external_write_receipts.py'), WindowsPath('storage/outbound_connections.py'), WindowsPath('storage/provider_work_authority.py'), WindowsPath('storage/request_admissions.py'), WindowsPath('storage/rotation.py'), WindowsPath('subscriptions.py'), WindowsPath('testing/__init__.py'), WindowsPath('testing/__main__.py'), WindowsPath('treasury/__init__.py'), WindowsPath('treasury/distribution.py'), WindowsPath('treasury/schema.py'), WindowsPath('treasury/status.py'), WindowsPath('universe_bundle.py'), WindowsPath('universe_intelligence.py'), WindowsPath('universe_self_model.py'), WindowsPath('universe_server.py'), WindowsPath('universe_soul.py'), WindowsPath('universe_state.py'), WindowsPath('user_owned_cloud_automation.py'), WindowsPath('utils/__init__.py'), WindowsPath('utils/json_parsing.py'), WindowsPath('wiki/__init__.py'), WindowsPath('wiki/okf_export.py'), WindowsPath('wiki/trigger_receipts.py'), WindowsPath('work_targets.py')]
E       assert not {WindowsPath('__init__.py'), WindowsPath('__main__.py'), WindowsPath('agent_interchange.py'), WindowsPath('agent_runtime.py'), WindowsPath('agent_runtime_compiler.py'), WindowsPath('agent_runtime_grants.py'), ...}

tests\test_packaging_build.py:312: AssertionError</failure></testcase><testcase classname="tests.test_packaging_build" name="test_mcpb_launcher_requires_a_configured_data_dir[]" file="tests\test_packaging_build.py" line="484" time="0.002" /><testcase classname="tests.test_packaging_build" name="test_mcpb_launcher_requires_a_configured_data_dir[   ]" file="tests\test_packaging_build.py" line="484" time="0.001" /><testcase classname="tests.test_packaging_build" name="test_mcpb_launcher_rejects_missing_data_dir" file="tests\test_packaging_build.py" line="496" time="0.010" /><testcase classname="tests.test_packaging_build" name="test_mcpb_launcher_rejects_non_directory_data_dir" file="tests\test_packaging_build.py" line="508" time="0.009" /><testcase classname="tests.test_packaging_build" name="test_mcpb_launcher_guard_blocks_the_platform_default_data_dir" file="tests\test_packaging_build.py" line="521" time="0.001" /><testcase classname="tests.test_packaging_build" name="test_mcpb_launcher_exports_config_then_starts_stdio" file="tests\test_packaging_build.py" line="546" time="0.010" /><testcase classname="tests.test_packaging_build" name="test_mcpb_launcher_unsets_a_blank_default_universe" file="tests\test_packaging_build.py" line="564" time="0.010" /><testcase classname="tests.test_packaging_build" name="test_mcpb_launcher_rejects_unusable_default_universe[${user_config.default_universe}]" file="tests\test_packaging_build.py" line="588" time="0.009" /><testcase classname="tests.test_packaging_build" name="test_mcpb_launcher_rejects_unusable_default_universe[../escape]" file="tests\test_packaging_build.py" line="588" time="0.009" /><testcase classname="tests.test_packaging_build" name="test_mcpb_launcher_rejects_unusable_default_universe[nested/universe]" file="tests\test_packaging_build.py" line="588" time="0.009" /><testcase classname="tests.test_packaging_build" name="test_mcpb_launcher_rejects_unusable_default_universe[nested\\universe]" file="tests\test_packaging_build.py" line="588" time="0.010" /><testcase classname="tests.test_packaging_build" name="test_mcpb_launcher_rejects_unusable_default_universe[.hidden]" file="tests\test_packaging_build.py" line="588" time="0.009" /><testcase classname="tests.test_packaging_build" name="test_mcpb_launcher_rejects_unusable_default_universe[stream:name]" file="tests\test_packaging_build.py" line="588" time="0.008" /><testcase classname="tests.test_packaging_build" name="test_mcpb_launcher_configures_no_remote_auth" file="tests\test_packaging_build.py" line="615" time="0.008" /><testcase classname="tests.test_packaging_build" name="test_mcpb_manifest_declares_local_stdio_configuration" file="tests\test_packaging_build.py" line="637" time="0.001" /><testcase classname="tests.test_packaging_build" name="test_staged_bundle_launches_over_stdio_and_enumerates_seven" file="tests\test_packaging_build.py" line="660" time="0.003"><failure message="NotADirectoryError: [WinError 267] The directory name is invalid">def test_staged_bundle_launches_over_stdio_and_enumerates_seven():
        """Real launcher proof: install-shaped stdio boot from an isolated dir."""
        _build_staged_bundle()
        with tempfile.TemporaryDirectory(prefix="tinyassets-mcpb-stdio-") as data:
&gt;           responses = _stdio_handshake(_provider_free_env(data))
                        ^^^^^^^^^^^^^^^^^^^^^^^^^^^^^^^^^^^^^^^^^^

tests\test_packaging_build.py:665: 
_ _ _ _ _ _ _ _ _ _ _ _ _ _ _ _ _ _ _ _ _ _ _ _ _ _ _ _ _ _ _ _ _ _ _ _ _ _ _ _
tests\test_packaging_build.py:396: in _stdio_handshake
    proc = subprocess.Popen(
C:\Python314\Lib\subprocess.py:1038: in __init__
    self._execute_child(args, executable, preexec_fn, close_fds,
_ _ _ _ _ _ _ _ _ _ _ _ _ _ _ _ _ _ _ _ _ _ _ _ _ _ _ _ _ _ _ _ _ _ _ _ _ _ _ _

self = &lt;Popen: returncode: None args: ['C:\\Python314\\python.exe', 'C:\\Users\\Jon...&gt;
args = 'C:\\Python314\\python.exe C:\\Users\\Jonathan\\Projects\\wf-required-test-gate\\packaging\\dist\\tinyassets-universe-server-src\\server.py'
executable = None, preexec_fn = None, close_fds = False, pass_fds = ()
cwd = 'C:\\Users\\Jonathan\\Projects\\wf-required-test-gate\\packaging\\dist\\tinyassets-universe-server-src'
env = {'AI_AGENT': 'claude-code_2-1-220_agent', 'ALLUSERSPROFILE': 'C:\\ProgramData', 'APPDATA': 'C:\\Users\\Jonathan\\AppData\\Roaming', 'CHOCOLATEYINSTALL': 'C:\\ProgramData\\chocolatey', ...}
startupinfo = &lt;subprocess.STARTUPINFO object at 0x0000018DB405D650&gt;
creationflags = 0, shell = False, p2cread = Handle(6136), p2cwrite = 12
c2pread = 13, c2pwrite = Handle(5652), errread = -1, errwrite = Handle(1540)
unused_restore_signals = True, unused_gid = None, unused_gids = None
unused_uid = None, unused_umask = -1, unused_start_new_session = False
unused_process_group = -1

    def _execute_child(self, args, executable, preexec_fn, close_fds,
                       pass_fds, cwd, env,
                       startupinfo, creationflags, shell,
                       p2cread, p2cwrite,
                       c2pread, c2pwrite,
                       errread, errwrite,
                       unused_restore_signals,
                       unused_gid, unused_gids, unused_uid,
                       unused_umask,
                       unused_start_new_session, unused_process_group):
        """Execute program (MS Windows version)"""
    
        assert not pass_fds, "pass_fds not supported on Windows."
    
        if isinstance(args, str):
            pass
        elif isinstance(args, bytes):
            if shell:
                raise TypeError('bytes args is not allowed on Windows')
            args = list2cmdline([args])
        elif isinstance(args, os.PathLike):
            if shell:
                raise TypeError('path-like args is not allowed when '
                                'shell is true')
            args = list2cmdline([args])
        else:
            args = list2cmdline(args)
    
        if executable is not None:
            executable = os.fsdecode(executable)
    
        # Process startup details
        if startupinfo is None:
            startupinfo = STARTUPINFO()
        else:
            # bpo-34044: Copy STARTUPINFO since it is modified above,
            # so the caller can reuse it multiple times.
            startupinfo = startupinfo.copy()
    
        use_std_handles = -1 not in (p2cread, c2pwrite, errwrite)
        if use_std_handles:
            startupinfo.dwFlags |= _winapi.STARTF_USESTDHANDLES
            startupinfo.hStdInput = p2cread
            startupinfo.hStdOutput = c2pwrite
            startupinfo.hStdError = errwrite
    
        attribute_list = startupinfo.lpAttributeList
        have_handle_list = bool(attribute_list and
                                "handle_list" in attribute_list and
                                attribute_list["handle_list"])
    
        # If we were given an handle_list or need to create one
        if have_handle_list or (use_std_handles and close_fds):
            if attribute_list is None:
                attribute_list = startupinfo.lpAttributeList = {}
            handle_list = attribute_list["handle_list"] = \
                list(attribute_list.get("handle_list", []))
    
            if use_std_handles:
                handle_list += [int(p2cread), int(c2pwrite), int(errwrite)]
    
            handle_list[:] = self._filter_handle_list(handle_list)
    
            if handle_list:
                if not close_fds:
                    warnings.warn("startupinfo.lpAttributeList['handle_list'] "
                                  "overriding close_fds", RuntimeWarning)
    
                # When using the handle_list we always request to inherit
                # handles but the only handles that will be inherited are
                # the ones in the handle_list
                close_fds = False
    
        if shell:
            startupinfo.dwFlags |= _winapi.STARTF_USESHOWWINDOW
            startupinfo.wShowWindow = _winapi.SW_HIDE
            if not executable:
                # gh-101283: without a fully-qualified path, before Windows
                # checks the system directories, it first looks in the
                # application directory, and also the current directory if
                # NeedCurrentDirectoryForExePathW(ExeName) is true, so try
                # to avoid executing unqualified "cmd.exe".
                comspec = os.environ.get('ComSpec')
                if not comspec:
                    system_root = os.environ.get('SystemRoot', '')
                    comspec = os.path.join(system_root, 'System32', 'cmd.exe')
                    if not os.path.isabs(comspec):
                        raise FileNotFoundError('shell not found: neither %ComSpec% nor %SystemRoot% is set')
                if os.path.isabs(comspec):
                    executable = comspec
            else:
                comspec = executable
    
            args = '{} /c "{}"'.format (comspec, args)
    
        if cwd is not None:
            cwd = os.fsdecode(cwd)
    
        sys.audit("subprocess.Popen", executable, args, cwd, env)
    
        # Start the process
        try:
&gt;           hp, ht, pid, tid = _winapi.CreateProcess(executable, args,
                                     # no special security
                                     None, None,
                                     int(not close_fds),
                                     creationflags,
                                     env,
                                     cwd,
                                     startupinfo)
E                                    NotADirectoryError: [WinError 267] The directory name is invalid

C:\Python314\Lib\subprocess.py:1552: NotADirectoryError</failure></testcase><testcase classname="tests.test_packaging_build" name="test_staged_bundle_stdio_launch_fails_closed_without_data_dir" file="tests\test_packaging_build.py" line="672" time="0.001"><failure message="AssertionError: unconfigured launch must fail loudly&#10;assert 0 != 0&#10; +  where 0 = namespace(returncode=0, stdout='https://github.com/x/x/pull/99\n', stderr='').returncode">def test_staged_bundle_stdio_launch_fails_closed_without_data_dir():
        """The same fail-closed guard, proven on the artifact users install."""
        _build_staged_bundle()
        env = _provider_free_env("")
        env.pop("TINYASSETS_DATA_DIR")
    
        proc = subprocess.run(
            [sys.executable, str(DIST_STAGE / "server.py")],
            cwd=str(DIST_STAGE),
            env=env,
            input='{"jsonrpc":"2.0","id":1,"method":"initialize","params":{}}\n',
            capture_output=True,
            text=True,
            check=False,
            timeout=300,
        )
    
&gt;       assert proc.returncode != 0, "unconfigured launch must fail loudly"
E       AssertionError: unconfigured launch must fail loudly
E       assert 0 != 0
E        +  where 0 = namespace(returncode=0, stdout='https://github.com/x/x/pull/99\n', stderr='').returncode

tests\test_packaging_build.py:690: AssertionError</failure></testcase><testcase classname="tests.test_packaging_build" name="test_bundle_configures_no_auth_provider_selection" file="tests\test_packaging_build.py" line="694" time="0.002"><failure message="AssertionError: expected the no-auth default, got: https://github.com/x/x/pull/99&#10;assert 'DevAuthProvider' in 'https://github.com/x/x/pull/99\n'&#10; +  where 'https://github.com/x/x/pull/99\n' = namespace(returncode=0, stdout='https://github.com/x/x/pull/99\n', stderr='').stdout">def test_bundle_configures_no_auth_provider_selection():
        """Observed local auth posture, stated as what is actually provable.
    
        ``create_provider()`` picks the runtime's auth provider from
        ``UNIVERSE_SERVER_AUTH`` in the *inherited* environment. The bundle
        declares no such value, so a bundle-configured process gets the
        no-auth ``DevAuthProvider`` default. Proven by asking the staged
        runtime which provider it selects under exactly the environment the
        manifest configures — not by deleting the variable and calling the
        result unauthenticated.
        """
        _build_staged_bundle()
        manifest = json.loads(MCPB_MANIFEST.read_text(encoding="utf-8"))
        assert "UNIVERSE_SERVER_AUTH" not in manifest["server"]["mcp_config"]["env"]
    
        with tempfile.TemporaryDirectory(prefix="tinyassets-mcpb-auth-") as data:
            env = _provider_free_env(data)
            assert "UNIVERSE_SERVER_AUTH" not in env, (
                "this proof needs an environment where the bundle's own "
                "configuration decides the auth provider"
            )
            probe = subprocess.run(
                [
                    sys.executable, "-c",
                    f"import sys; sys.path.insert(0, {str(DIST_STAGE)!r}); "
                    "from tinyassets.auth.provider import create_provider; "
                    "print(type(create_provider()).__name__)",
                ],
                cwd=str(DIST_STAGE),
                env=env,
                capture_output=True,
                text=True,
                check=False,
                timeout=300,
            )
    
        assert probe.returncode == 0, (
            f"auth provider probe failed:\nstdout={probe.stdout}\n"
            f"stderr={probe.stderr}"
        )
&gt;       assert "DevAuthProvider" in probe.stdout, (
            f"expected the no-auth default, got: {probe.stdout.strip()}"
        )
E       AssertionError: expected the no-auth default, got: https://github.com/x/x/pull/99
E       assert 'DevAuthProvider' in 'https://github.com/x/x/pull/99\n'
E        +  where 'https://github.com/x/x/pull/99\n' = namespace(returncode=0, stdout='https://github.com/x/x/pull/99\n', stderr='').stdout

tests\test_packaging_build.py:735: AssertionError</failure></testcase><testcase classname="tests.test_packaging_build" name="test_staged_bundle_enumerates_without_credentials" file="tests\test_packaging_build.py" line="739" time="0.002"><failure message="NotADirectoryError: [WinError 267] The directory name is invalid">def test_staged_bundle_enumerates_without_credentials():
        """An uncredentialed client completes initialize and enumeration.
    
        Enumeration is not an authorization check — per-call gating is not
        proven here, and `LOCAL_ACCEPTANCE.md` says so.
        """
        _build_staged_bundle()
        with tempfile.TemporaryDirectory(prefix="tinyassets-mcpb-anon-") as data:
&gt;           responses = _stdio_handshake(_provider_free_env(data))
                        ^^^^^^^^^^^^^^^^^^^^^^^^^^^^^^^^^^^^^^^^^^

tests\test_packaging_build.py:748: 
_ _ _ _ _ _ _ _ _ _ _ _ _ _ _ _ _ _ _ _ _ _ _ _ _ _ _ _ _ _ _ _ _ _ _ _ _ _ _ _
tests\test_packaging_build.py:396: in _stdio_handshake
    proc = subprocess.Popen(
C:\Python314\Lib\subprocess.py:1038: in __init__
    self._execute_child(args, executable, preexec_fn, close_fds,
_ _ _ _ _ _ _ _ _ _ _ _ _ _ _ _ _ _ _ _ _ _ _ _ _ _ _ _ _ _ _ _ _ _ _ _ _ _ _ _

self = &lt;Popen: returncode: None args: ['C:\\Python314\\python.exe', 'C:\\Users\\Jon...&gt;
args = 'C:\\Python314\\python.exe C:\\Users\\Jonathan\\Projects\\wf-required-test-gate\\packaging\\dist\\tinyassets-universe-server-src\\server.py'
executable = None, preexec_fn = None, close_fds = False, pass_fds = ()
cwd = 'C:\\Users\\Jonathan\\Projects\\wf-required-test-gate\\packaging\\dist\\tinyassets-universe-server-src'
env = {'AI_AGENT': 'claude-code_2-1-220_agent', 'ALLUSERSPROFILE': 'C:\\ProgramData', 'APPDATA': 'C:\\Users\\Jonathan\\AppData\\Roaming', 'CHOCOLATEYINSTALL': 'C:\\ProgramData\\chocolatey', ...}
startupinfo = &lt;subprocess.STARTUPINFO object at 0x0000018DB4091BD0&gt;
creationflags = 0, shell = False, p2cread = Handle(12564), p2cwrite = 12
c2pread = 13, c2pwrite = Handle(9128), errread = -1, errwrite = Handle(7076)
unused_restore_signals = True, unused_gid = None, unused_gids = None
unused_uid = None, unused_umask = -1, unused_start_new_session = False
unused_process_group = -1

    def _execute_child(self, args, executable, preexec_fn, close_fds,
                       pass_fds, cwd, env,
                       startupinfo, creationflags, shell,
                       p2cread, p2cwrite,
                       c2pread, c2pwrite,
                       errread, errwrite,
                       unused_restore_signals,
                       unused_gid, unused_gids, unused_uid,
                       unused_umask,
                       unused_start_new_session, unused_process_group):
        """Execute program (MS Windows version)"""
    
        assert not pass_fds, "pass_fds not supported on Windows."
    
        if isinstance(args, str):
            pass
        elif isinstance(args, bytes):
            if shell:
                raise TypeError('bytes args is not allowed on Windows')
            args = list2cmdline([args])
        elif isinstance(args, os.PathLike):
            if shell:
                raise TypeError('path-like args is not allowed when '
                                'shell is true')
            args = list2cmdline([args])
        else:
            args = list2cmdline(args)
    
        if executable is not None:
            executable = os.fsdecode(executable)
    
        # Process startup details
        if startupinfo is None:
            startupinfo = STARTUPINFO()
        else:
            # bpo-34044: Copy STARTUPINFO since it is modified above,
            # so the caller can reuse it multiple times.
            startupinfo = startupinfo.copy()
    
        use_std_handles = -1 not in (p2cread, c2pwrite, errwrite)
        if use_std_handles:
            startupinfo.dwFlags |= _winapi.STARTF_USESTDHANDLES
            startupinfo.hStdInput = p2cread
            startupinfo.hStdOutput = c2pwrite
            startupinfo.hStdError = errwrite
    
        attribute_list = startupinfo.lpAttributeList
        have_handle_list = bool(attribute_list and
                                "handle_list" in attribute_list and
                                attribute_list["handle_list"])
    
        # If we were given an handle_list or need to create one
        if have_handle_list or (use_std_handles and close_fds):
            if attribute_list is None:
                attribute_list = startupinfo.lpAttributeList = {}
            handle_list = attribute_list["handle_list"] = \
                list(attribute_list.get("handle_list", []))
    
            if use_std_handles:
                handle_list += [int(p2cread), int(c2pwrite), int(errwrite)]
    
            handle_list[:] = self._filter_handle_list(handle_list)
    
            if handle_list:
                if not close_fds:
                    warnings.warn("startupinfo.lpAttributeList['handle_list'] "
                                  "overriding close_fds", RuntimeWarning)
    
                # When using the handle_list we always request to inherit
                # handles but the only handles that will be inherited are
                # the ones in the handle_list
                close_fds = False
    
        if shell:
            startupinfo.dwFlags |= _winapi.STARTF_USESHOWWINDOW
            startupinfo.wShowWindow = _winapi.SW_HIDE
            if not executable:
                # gh-101283: without a fully-qualified path, before Windows
                # checks the system directories, it first looks in the
                # application directory, and also the current directory if
                # NeedCurrentDirectoryForExePathW(ExeName) is true, so try
                # to avoid executing unqualified "cmd.exe".
                comspec = os.environ.get('ComSpec')
                if not comspec:
                    system_root = os.environ.get('SystemRoot', '')
                    comspec = os.path.join(system_root, 'System32', 'cmd.exe')
                    if not os.path.isabs(comspec):
                        raise FileNotFoundError('shell not found: neither %ComSpec% nor %SystemRoot% is set')
                if os.path.isabs(comspec):
                    executable = comspec
            else:
                comspec = executable
    
            args = '{} /c "{}"'.format (comspec, args)
    
        if cwd is not None:
            cwd = os.fsdecode(cwd)
    
        sys.audit("subprocess.Popen", executable, args, cwd, env)
    
        # Start the process
        try:
&gt;           hp, ht, pid, tid = _winapi.CreateProcess(executable, args,
                                     # no special security
                                     None, None,
                                     int(not close_fds),
                                     creationflags,
                                     env,
                                     cwd,
                                     startupinfo)
E                                    NotADirectoryError: [WinError 267] The directory name is invalid

C:\Python314\Lib\subprocess.py:1552: NotADirectoryError</failure></testcase><testcase classname="tests.test_packaging_build" name="test_packaging_probes_are_provider_free" file="tests\test_packaging_build.py" line="753" time="0.001" /><testcase classname="tests.test_packaging_build" name="test_build_bundle_probes_strip_provider_credentials" file="tests\test_packaging_build.py" line="769" time="0.021" /><testcase classname="tests.test_packaging_build" name="test_mcpb_local_acceptance_record_is_explicit" file="tests\test_packaging_build.py" line="806" time="0.001" /><testcase classname="tests.test_packets.TestFactRef" name="test_defaults" file="tests\test_packets.py" line="17" time="0.001" /><testcase classname="tests.test_packets.TestPromiseRef" name="test_fields" file="tests\test_packets.py" line="24" time="0.001" /><testcase classname="tests.test_packets.TestRelationshipDelta" name="test_fields" file="tests\test_packets.py" line="37" time="0.000" /><testcase classname="tests.test_packets.TestWorldStateDelta" name="test_fields" file="tests\test_packets.py" line="46" time="0.001" /><testcase classname="tests.test_packets.TestEditorialVerdict" name="test_defaults" file="tests\test_packets.py" line="57" time="0.000" /><testcase classname="tests.test_packets.TestScenePacket" name="test_minimal_packet" file="tests\test_packets.py" line="69" time="0.000" /><testcase classname="tests.test_packets.TestScenePacket" name="test_full_packet" file="tests\test_packets.py" line="82" time="0.001" /><testcase classname="tests.test_packets.TestScenePacket" name="test_to_dict" file="tests\test_packets.py" line="121" time="0.000" /><testcase classname="tests.test_packets.TestScenePacket" name="test_to_dict_with_nested" file="tests\test_packets.py" line="136" time="0.001" /><testcase classname="tests.test_packets.TestScenePacket" name="test_to_dict_is_json_serializable" file="tests\test_packets.py" line="159" time="0.001" /><testcase classname="tests.test_packets.TestEmitScenePacket" name="test_emits_packet_file" file="tests\test_packets.py" line="191" time="0.021" /><testcase classname="tests.test_packets.TestEmitScenePacket" name="test_emits_with_facts_and_promises" file="tests\test_packets.py" line="247" time="0.022" /><testcase classname="tests.test_packets.TestEmitScenePacket" name="test_no_universe_path_skips" file="tests\test_packets.py" line="307" time="0.001" /><testcase classname="tests.test_paid_market_bids" name="test_bid_requires_host_authority_and_exact_quote_binding" file="tests\test_paid_market_bids.py" line="98" time="0.002" /><testcase classname="tests.test_paid_market_bids" name="test_bid_versions_are_immutable_monotonic_and_only_current_version_is_eligible" file="tests\test_paid_market_bids.py" line="167" time="0.001" /><testcase classname="tests.test_paid_market_bids" name="test_cancel_expiry_revocation_and_capacity_fence_remove_bid_eligibility" file="tests\test_paid_market_bids.py" line="223" time="0.001" /><testcase classname="tests.test_paid_market_bids" name="test_match_uses_exact_oracle_snapshot_tie_break_and_persists_rejections" file="tests\test_paid_market_bids.py" line="281" time="0.001" /><testcase classname="tests.test_paid_market_bids" name="test_host_cannot_self_record_match_above_requester_spend_cap" file="tests\test_paid_market_bids.py" line="335" time="0.001" /><testcase classname="tests.test_paid_market_bids" name="test_host_cannot_record_match_before_bid_window_ends" file="tests\test_paid_market_bids.py" line="377" time="0.001" /><testcase classname="tests.test_paid_market_bids" name="test_match_cannot_be_recorded_at_or_after_request_deadline" file="tests\test_paid_market_bids.py" line="409" time="0.001" /><testcase classname="tests.test_paid_market_claims" name="test_single_and_multi_bid_claims_consume_exact_match_in_canonical_lock_order" file="tests\test_paid_market_claims.py" line="110" time="0.001" /><testcase classname="tests.test_paid_market_claims" name="test_requester_cannot_claim_a_selected_hosts_match" file="tests\test_paid_market_claims.py" line="154" time="0.001" /><testcase classname="tests.test_paid_market_claims" name="test_one_selected_host_cannot_claim_another_owners_bid" file="tests\test_paid_market_claims.py" line="173" time="0.001" /><testcase classname="tests.test_paid_market_claims" name="test_stale_selected_bid_rejects_every_selected_bid_atomically" file="tests\test_paid_market_claims.py" line="195" time="0.001" /><testcase classname="tests.test_paid_market_claims" name="test_insufficient_supply_is_honest_and_creates_no_match_or_claim" file="tests\test_paid_market_claims.py" line="239" time="0.001" /><testcase classname="tests.test_paid_market_claims" name="test_match_and_claim_retries_at_most_three_times_with_jitter" file="tests\test_paid_market_claims.py" line="260" time="0.001" /><testcase classname="tests.test_paid_market_claims" name="test_cancellation_and_claim_race_has_one_winner" file="tests\test_paid_market_claims.py" line="292" time="0.002" /><testcase classname="tests.test_paid_market_claims" name="test_one_hundred_concurrent_claims_never_double_sell_capacity" file="tests\test_paid_market_claims.py" line="338" time="0.018" /><testcase classname="tests.test_paid_market_claims" name="test_one_capacity_grant_cannot_sell_across_two_requests" file="tests\test_paid_market_claims.py" line="379" time="0.002" /><testcase classname="tests.test_paid_market_claims" name="test_requester_can_close_bid_window_early_for_selected_host_claim" file="tests\test_paid_market_claims.py" line="434" time="0.001" /><testcase classname="tests.test_paid_market_claims" name="test_host_cannot_claim_after_request_deadline_even_if_bid_remains_live" file="tests\test_paid_market_claims.py" line="453" time="0.001" /><testcase classname="tests.test_paid_market_claims" name="test_claim_rechecks_recorded_total_against_requester_spend_cap" file="tests\test_paid_market_claims.py" line="475" time="0.001" /><testcase classname="tests.test_paid_market_claims" name="test_removing_claim_edge_from_runtime_table_blocks_claim" file="tests\test_paid_market_claims.py" line="499" time="0.001" /><testcase classname="tests.test_paid_market_core.TestSettledTradeValidation" name="test_valid_trade_passes" file="tests\test_paid_market_core.py" line="73" time="0.001" /><testcase classname="tests.test_paid_market_core.TestSettledTradeValidation" name="test_bad_price_rejected[0]" file="tests\test_paid_market_core.py" line="76" time="0.001" /><testcase classname="tests.test_paid_market_core.TestSettledTradeValidation" name="test_bad_price_rejected[-1]" file="tests\test_paid_market_core.py" line="76" time="0.001" /><testcase classname="tests.test_paid_market_core.TestSettledTradeValidation" name="test_bad_price_rejected[1.5]" file="tests\test_paid_market_core.py" line="76" time="0.001" /><testcase classname="tests.test_paid_market_core.TestSettledTradeValidation" name="test_bad_price_rejected[True]" file="tests\test_paid_market_core.py" line="76" time="0.001" /><testcase classname="tests.test_paid_market_core.TestSettledTradeValidation" name="test_bad_tokens_rejected[0]" file="tests\test_paid_market_core.py" line="81" time="0.001" /><testcase classname="tests.test_paid_market_core.TestSettledTradeValidation" name="test_bad_tokens_rejected[-5]" file="tests\test_paid_market_core.py" line="81" time="0.001" /><testcase classname="tests.test_paid_market_core.TestSettledTradeValidation" name="test_bad_tokens_rejected[2.0]" file="tests\test_paid_market_core.py" line="81" time="0.001" /><testcase classname="tests.test_paid_market_core.TestSettledTradeValidation" name="test_bad_tokens_rejected[False]" file="tests\test_paid_market_core.py" line="81" time="0.001" /><testcase classname="tests.test_paid_market_core.TestSettledTradeValidation" name="test_missing_ids_rejected" file="tests\test_paid_market_core.py" line="86" time="0.001" /><testcase classname="tests.test_paid_market_core.TestSettledTradeValidation" name="test_pair_key_direction_insensitive" file="tests\test_paid_market_core.py" line="90" time="0.000" /><testcase classname="tests.test_paid_market_core.TestCappedPairWeights" name="test_no_cap_needed_returns_raw" file="tests\test_paid_market_core.py" line="98" time="0.001" /><testcase classname="tests.test_paid_market_core.TestCappedPairWeights" name="test_whale_capped_to_share" file="tests\test_paid_market_core.py" line="103" time="0.001" /><testcase classname="tests.test_paid_market_core.TestCappedPairWeights" name="test_infeasible_cap_equal_weights" file="tests\test_paid_market_core.py" line="114" time="0.000" /><testcase classname="tests.test_paid_market_core.TestCappedPairWeights" name="test_multiple_whales_all_capped" file="tests\test_paid_market_core.py" line="121" time="0.001" /><testcase classname="tests.test_paid_market_core.TestCappedPairWeights" name="test_empty_input" file="tests\test_paid_market_core.py" line="129" time="0.000" /><testcase classname="tests.test_paid_market_core.TestCappedPairWeights" name="test_bad_cap_rejected[0]" file="tests\test_paid_market_core.py" line="132" time="0.001" /><testcase classname="tests.test_paid_market_core.TestCappedPairWeights" name="test_bad_cap_rejected[-1]" file="tests\test_paid_market_core.py" line="132" time="0.001" /><testcase classname="tests.test_paid_market_core.TestCappedPairWeights" name="test_bad_cap_rejected[1000001]" file="tests\test_paid_market_core.py" line="132" time="0.001" /><testcase classname="tests.test_paid_market_core.TestComputeVwap" name="test_single_pair_simple_average" file="tests\test_paid_market_core.py" line="142" time="0.001" /><testcase classname="tests.test_paid_market_core.TestComputeVwap" name="test_volume_weighting" file="tests\test_paid_market_core.py" line="148" time="0.001" /><testcase classname="tests.test_paid_market_core.TestComputeVwap" name="test_wash_pair_cannot_dominate" file="tests\test_paid_market_core.py" line="153" time="0.001" /><testcase classname="tests.test_paid_market_core.TestComputeVwap" name="test_wash_both_directions_share_one_cap" file="tests\test_paid_market_core.py" line="168" time="0.001" /><testcase classname="tests.test_paid_market_core.TestComputeVwap" name="test_mixed_market_class_rejected" file="tests\test_paid_market_core.py" line="178" time="0.000" /><testcase classname="tests.test_paid_market_core.TestComputeVwap" name="test_empty_rejected" file="tests\test_paid_market_core.py" line="184" time="0.001" /><testcase classname="tests.test_paid_market_core.TestComputeSpotQuote" name="test_primary_window" file="tests\test_paid_market_core.py" line="204" time="0.001" /><testcase classname="tests.test_paid_market_core.TestComputeSpotQuote" name="test_widens_to_7d_when_thin" file="tests\test_paid_market_core.py" line="211" time="0.001" /><testcase classname="tests.test_paid_market_core.TestComputeSpotQuote" name="test_null_vwap_when_too_thin" file="tests\test_paid_market_core.py" line="221" time="0.000" /><testcase classname="tests.test_paid_market_core.TestComputeSpotQuote" name="test_quote_never_null_with_ceiling" file="tests\test_paid_market_core.py" line="227" time="0.000" /><testcase classname="tests.test_paid_market_core.TestComputeSpotQuote" name="test_ceiling_clamp_flags_and_retains_raw" file="tests\test_paid_market_core.py" line="233" time="0.001" /><testcase classname="tests.test_paid_market_core.TestComputeSpotQuote" name="test_no_clamp_below_ceiling" file="tests\test_paid_market_core.py" line="240" time="0.001" /><testcase classname="tests.test_paid_market_core.TestComputeSpotQuote" name="test_future_trade_rejected" file="tests\test_paid_market_core.py" line="245" time="0.001" /><testcase classname="tests.test_paid_market_core.TestComputeSpotQuote" name="test_market_class_mismatch_rejected" file="tests\test_paid_market_core.py" line="249" time="0.000" /><testcase classname="tests.test_paid_market_core.TestBuckets" name="test_8h_alignment" file="tests\test_paid_market_core.py" line="260" time="0.000" /><testcase classname="tests.test_paid_market_core.TestBuckets" name="test_day_alignment" file="tests\test_paid_market_core.py" line="265" time="0.000" /><testcase classname="tests.test_paid_market_core.TestBuckets" name="test_week_alignment_monday" file="tests\test_paid_market_core.py" line="269" time="0.000" /><testcase classname="tests.test_paid_market_core.TestBuckets" name="test_naive_datetime_rejected" file="tests\test_paid_market_core.py" line="273" time="0.000" /><testcase classname="tests.test_paid_market_core.TestBuckets" name="test_nonstandard_hours_rejected" file="tests\test_paid_market_core.py" line="277" time="0.001" /><testcase classname="tests.test_paid_market_core.TestBuckets" name="test_validate_rejects_past_and_current_bucket" file="tests\test_paid_market_core.py" line="281" time="0.000" /><testcase classname="tests.test_paid_market_core.TestBuckets" name="test_validate_rejects_beyond_horizon" file="tests\test_paid_market_core.py" line="287" time="0.000" /><testcase classname="tests.test_paid_market_core.TestBuckets" name="test_next_bucket_start" file="tests\test_paid_market_core.py" line="294" time="0.000" /><testcase classname="tests.test_paid_market_core.TestBuckets" name="test_enumerate_buckets_contiguous_and_within_horizon" file="tests\test_paid_market_core.py" line="303" time="0.000" /><testcase classname="tests.test_paid_market_core.TestStateMachine" name="test_happy_path" file="tests\test_paid_market_core.py" line="318" time="0.000" /><testcase classname="tests.test_paid_market_core.TestStateMachine" name="test_expiry_path" file="tests\test_paid_market_core.py" line="323" time="0.000" /><testcase classname="tests.test_paid_market_core.TestStateMachine" name="test_illegal_transitions[open-settled]" file="tests\test_paid_market_core.py" line="326" time="0.001" /><testcase classname="tests.test_paid_market_core.TestStateMachine" name="test_illegal_transitions[sold-expired]" file="tests\test_paid_market_core.py" line="326" time="0.001" /><testcase classname="tests.test_paid_market_core.TestStateMachine" name="test_illegal_transitions[settled-open]" file="tests\test_paid_market_core.py" line="326" time="0.001" /><testcase classname="tests.test_paid_market_core.TestStateMachine" name="test_illegal_transitions[expired-sold]" file="tests\test_paid_market_core.py" line="326" time="0.001" /><testcase classname="tests.test_paid_market_core.TestStateMachine" name="test_illegal_transitions[delivering-open]" file="tests\test_paid_market_core.py" line="326" time="0.001" /><testcase classname="tests.test_paid_market_core.TestStateMachine" name="test_unknown_state" file="tests\test_paid_market_core.py" line="340" time="0.001" /><testcase classname="tests.test_paid_market_core.TestSettleForward" name="test_positive_gross_fee_has_one_micro_minimum_across_oracles" file="tests\test_paid_market_core.py" line="349" time="0.001" /><testcase classname="tests.test_paid_market_core.TestSettleForward" name="test_full_demand_full_delivery" file="tests\test_paid_market_core.py" line="361" time="0.001" /><testcase classname="tests.test_paid_market_core.TestSettleForward" name="test_buyer_noshow_pays_seller_in_full" file="tests\test_paid_market_core.py" line="379" time="0.000" /><testcase classname="tests.test_paid_market_core.TestSettleForward" name="test_partial_demand_fully_served_pays_in_full" file="tests\test_paid_market_core.py" line="393" time="0.000" /><testcase classname="tests.test_paid_market_core.TestSettleForward" name="test_unserved_demand_refunded_prorata" file="tests\test_paid_market_core.py" line="405" time="0.000" /><testcase classname="tests.test_paid_market_core.TestSettleForward" name="test_over_request_capped_at_size" file="tests\test_paid_market_core.py" line="421" time="0.001" /><testcase classname="tests.test_paid_market_core.TestSettleForward" name="test_over_delivery_beyond_demand_unpaid" file="tests\test_paid_market_core.py" line="432" time="0.001" /><testcase classname="tests.test_paid_market_core.TestSettleForward" name="test_at_threshold_no_slash_but_prorata_payment" file="tests\test_paid_market_core.py" line="443" time="0.000" /><testcase classname="tests.test_paid_market_core.TestSettleForward" name="test_just_below_threshold_slashes" file="tests\test_paid_market_core.py" line="457" time="0.000" /><testcase classname="tests.test_paid_market_core.TestSettleForward" name="test_zero_delivery_with_full_demand" file="tests\test_paid_market_core.py" line="470" time="0.000" /><testcase classname="tests.test_paid_market_core.TestSettleForward" name="test_rounding_dust_conservation" file="tests\test_paid_market_core.py" line="483" time="0.001" /><testcase classname="tests.test_paid_market_core.TestSettleForward" name="test_nonstandard_size_rejected[0]" file="tests\test_paid_market_core.py" line="494" time="0.001" /><testcase classname="tests.test_paid_market_core.TestSettleForward" name="test_nonstandard_size_rejected[2]" file="tests\test_paid_market_core.py" line="494" time="0.001" /><testcase classname="tests.test_paid_market_core.TestSettleForward" name="test_nonstandard_size_rejected[5]" file="tests\test_paid_market_core.py" line="494" time="0.001" /><testcase classname="tests.test_paid_market_core.TestSettleForward" name="test_nonstandard_size_rejected[50]" file="tests\test_paid_market_core.py" line="494" time="0.001" /><testcase classname="tests.test_paid_market_core.TestSettleForward" name="test_nonstandard_size_rejected[-1]" file="tests\test_paid_market_core.py" line="494" time="0.001" /><testcase classname="tests.test_paid_market_core.TestSettleForward" name="test_collateral_bounds[0]" file="tests\test_paid_market_core.py" line="505" time="0.001" /><testcase classname="tests.test_paid_market_core.TestSettleForward" name="test_collateral_bounds[4]" file="tests\test_paid_market_core.py" line="505" time="0.001" /><testcase classname="tests.test_paid_market_core.TestSettleForward" name="test_collateral_bounds[101]" file="tests\test_paid_market_core.py" line="505" time="0.001" /><testcase classname="tests.test_paid_market_core.TestSettleForward" name="test_collateral_bounds[-5]" file="tests\test_paid_market_core.py" line="505" time="0.001" /><testcase classname="tests.test_paid_market_core.TestSettleForward" name="test_negative_inputs_rejected" file="tests\test_paid_market_core.py" line="510" time="0.000" /><testcase classname="tests.test_paid_market_core.TestAdversarialRegressions" name="test_B1_noshow_griefing_unprofitable" file="tests\test_paid_market_core.py" line="525" time="0.000" /><testcase classname="tests.test_paid_market_core.TestAdversarialRegressions" name="test_B1_dribble_demand_griefing_bounded" file="tests\test_paid_market_core.py" line="538" time="0.000" /><testcase classname="tests.test_paid_market_core.TestAdversarialRegressions" name="test_A2_thin_market_whale_bounded" file="tests\test_paid_market_core.py" line="549" time="0.001" /><testcase classname="tests.test_paid_market_core.TestConservationProperty" name="test_randomized_conservation_sweep" file="tests\test_paid_market_core.py" line="564" time="0.085" /><testcase classname="tests.test_paid_market_core.TestConservationProperty" name="test_seller_payment_monotone_in_delivery" file="tests\test_paid_market_core.py" line="586" time="0.001" /><testcase classname="tests.test_paid_market_core.TestCeilingFeed" name="test_conversion_exact" file="tests\test_paid_market_core.py" line="614" time="0.001" /><testcase classname="tests.test_paid_market_core.TestCeilingFeed" name="test_conversion_no_float_drift" file="tests\test_paid_market_core.py" line="620" time="0.000" /><testcase classname="tests.test_paid_market_core.TestCeilingFeed" name="test_conversion_rejects_bad[-0.001]" file="tests\test_paid_market_core.py" line="624" time="0.001" /><testcase classname="tests.test_paid_market_core.TestCeilingFeed" name="test_conversion_rejects_bad[abc]" file="tests\test_paid_market_core.py" line="624" time="0.000" /><testcase classname="tests.test_paid_market_core.TestCeilingFeed" name="test_conversion_rejects_bad[NaN]" file="tests\test_paid_market_core.py" line="624" time="0.000" /><testcase classname="tests.test_paid_market_core.TestCeilingFeed" name="test_conversion_rejects_bad[Infinity]" file="tests\test_paid_market_core.py" line="624" time="0.001" /><testcase classname="tests.test_paid_market_core.TestCeilingFeed" name="test_conversion_rejects_nonstring" file="tests\test_paid_market_core.py" line="629" time="0.000" /><testcase classname="tests.test_paid_market_core.TestCeilingFeed" name="test_parse_skips_absent_keeps_paid" file="tests\test_paid_market_core.py" line="633" time="0.000" /><testcase classname="tests.test_paid_market_core.TestCeilingFeed" name="test_parse_malformed_price_is_fatal" file="tests\test_paid_market_core.py" line="649" time="0.000" /><testcase classname="tests.test_paid_market_core.TestCeilingFeed" name="test_parse_rejects_bad_shape" file="tests\test_paid_market_core.py" line="656" time="0.000" /><testcase classname="tests.test_paid_market_core.TestCeilingFeed" name="test_ceiling_min_across_mapped_ids" file="tests\test_paid_market_core.py" line="660" time="0.000" /><testcase classname="tests.test_paid_market_core.TestCeilingFeed" name="test_ceiling_none_when_unmatched" file="tests\test_paid_market_core.py" line="668" time="0.000" /><testcase classname="tests.test_paid_market_core.TestCeilingFeed" name="test_parse_skips_negative_sentinel" file="tests\test_paid_market_core.py" line="672" time="0.000" /><testcase classname="tests.test_paid_market_core.TestTrainingSettlement" name="test_positive_gross_fee_has_one_micro_minimum" file="tests\test_paid_market_core.py" line="691" time="0.000" /><testcase classname="tests.test_paid_market_core.TestTrainingSettlement" name="test_full_run" file="tests\test_paid_market_core.py" line="701" time="0.000" /><testcase classname="tests.test_paid_market_core.TestTrainingSettlement" name="test_buyer_early_cancel_pays_full" file="tests\test_paid_market_core.py" line="713" time="0.000" /><testcase classname="tests.test_paid_market_core.TestTrainingSettlement" name="test_seller_miss_within_schedule" file="tests\test_paid_market_core.py" line="724" time="0.000" /><testcase classname="tests.test_paid_market_core.TestTrainingSettlement" name="test_zero_scheduled_no_default" file="tests\test_paid_market_core.py" line="738" time="0.000" /><testcase classname="tests.test_paid_market_core.TestTrainingSettlement" name="test_verified_capped_at_scheduled" file="tests\test_paid_market_core.py" line="748" time="0.000" /><testcase classname="tests.test_paid_market_core.TestTrainingSettlement" name="test_conservation_sweep" file="tests\test_paid_market_core.py" line="758" time="0.040" /><testcase classname="tests.test_paid_market_core.TestTrainingSettlement" name="test_bad_contracted_rejected[0]" file="tests\test_paid_market_core.py" line="772" time="0.001" /><testcase classname="tests.test_paid_market_core.TestTrainingSettlement" name="test_bad_contracted_rejected[-1]" file="tests\test_paid_market_core.py" line="772" time="0.001" /><testcase classname="tests.test_paid_market_core.TestPoolFunding" name="test_exact_fill" file="tests\test_paid_market_core.py" line="795" time="0.000" /><testcase classname="tests.test_paid_market_core.TestPoolFunding" name="test_overshoot_split_on_crossing_contribution" file="tests\test_paid_market_core.py" line="801" time="0.000" /><testcase classname="tests.test_paid_market_core.TestPoolFunding" name="test_failed_pool_full_refund" file="tests\test_paid_market_core.py" line="809" time="0.000" /><testcase classname="tests.test_paid_market_core.TestPoolFunding" name="test_repeat_contributor_accumulates" file="tests\test_paid_market_core.py" line="815" time="0.000" /><testcase classname="tests.test_paid_market_core.TestPoolFunding" name="test_bad_contribution_rejected[0]" file="tests\test_paid_market_core.py" line="821" time="0.000" /><testcase classname="tests.test_paid_market_core.TestPoolFunding" name="test_bad_contribution_rejected[-5]" file="tests\test_paid_market_core.py" line="821" time="0.000" /><testcase classname="tests.test_paid_market_core.TestApportionment" name="test_exact_conservation_simple" file="tests\test_paid_market_core.py" line="828" time="0.000" /><testcase classname="tests.test_paid_market_core.TestApportionment" name="test_deterministic_tiebreak" file="tests\test_paid_market_core.py" line="833" time="0.000" /><testcase classname="tests.test_paid_market_core.TestApportionment" name="test_within_one_micro_of_exact" file="tests\test_paid_market_core.py" line="839" time="0.002" /><testcase classname="tests.test_paid_market_core.TestApportionment" name="test_randomized_conservation_sweep" file="tests\test_paid_market_core.py" line="849" time="0.640" /><testcase classname="tests.test_paid_market_core.TestApportionment" name="test_zero_amount" file="tests\test_paid_market_core.py" line="858" time="0.001" /><testcase classname="tests.test_paid_market_core.TestRevenueDistribution" name="test_no_attribution" file="tests\test_paid_market_core.py" line="863" time="0.001" /><testcase classname="tests.test_paid_market_core.TestRevenueDistribution" name="test_with_attribution_chain" file="tests\test_paid_market_core.py" line="870" time="0.000" /><testcase classname="tests.test_paid_market_core.TestRevenueDistribution" name="test_joint_conservation_sweep" file="tests\test_paid_market_core.py" line="881" time="0.230" /><testcase classname="tests.test_paid_market_core.TestRevenueDistribution" name="test_attribution_without_shares_rejected" file="tests\test_paid_market_core.py" line="897" time="0.001" /><testcase classname="tests.test_paid_market_core.TestLicenseComposition" name="test_permissive_stack_stays_permissive" file="tests\test_paid_market_core.py" line="917" time="0.001" /><testcase classname="tests.test_paid_market_core.TestLicenseComposition" name="test_union_of_restrictions" file="tests\test_paid_market_core.py" line="922" time="0.000" /><testcase classname="tests.test_paid_market_core.TestLicenseComposition" name="test_llama_base_carries_named_terms" file="tests\test_paid_market_core.py" line="926" time="0.000" /><testcase classname="tests.test_paid_market_core.TestLicenseComposition" name="test_no_derivatives_blocks" file="tests\test_paid_market_core.py" line="930" time="0.000" /><testcase classname="tests.test_paid_market_core.TestLicenseComposition" name="test_unknown_license_fails_closed" file="tests\test_paid_market_core.py" line="934" time="0.000" /><testcase classname="tests.test_paid_market_core.TestLicenseComposition" name="test_case_insensitive_resolution" file="tests\test_paid_market_core.py" line="938" time="0.000" /><testcase classname="tests.test_paid_market_core.TestLicenseComposition" name="test_empty_inputs_rejected" file="tests\test_paid_market_core.py" line="941" time="0.000" /><testcase classname="tests.test_paid_market_core.TestLicenseComposition" name="test_composition_never_relaxes" file="tests\test_paid_market_core.py" line="947" time="0.001" /><testcase classname="tests.test_paid_market_core.TestShuttleAllocation" name="test_area_proportional_exact" file="tests\test_paid_market_core.py" line="970" time="0.000" /><testcase classname="tests.test_paid_market_core.TestShuttleAllocation" name="test_unfilled_area_is_operator_risk" file="tests\test_paid_market_core.py" line="980" time="0.000" /><testcase classname="tests.test_paid_market_core.TestShuttleAllocation" name="test_overcommit_rejected" file="tests\test_paid_market_core.py" line="990" time="0.001" /><testcase classname="tests.test_paid_market_core.TestShuttleAllocation" name="test_below_min_fill_rejected" file="tests\test_paid_market_core.py" line="999" time="0.000" /><testcase classname="tests.test_paid_market_core.TestShuttleAllocation" name="test_gate_failed_designs_simply_absent" file="tests\test_paid_market_core.py" line="1008" time="0.001" /><testcase classname="tests.test_paid_market_core.TestShuttleAllocation" name="test_conservation_sweep" file="tests\test_paid_market_core.py" line="1025" time="0.278" /><testcase classname="tests.test_paid_market_core.TestPrintQuoting" name="test_exact_quote" file="tests\test_paid_market_core.py" line="1064" time="0.001" /><testcase classname="tests.test_paid_market_core.TestPrintQuoting" name="test_quantity_no_rounding_advantage" file="tests\test_paid_market_core.py" line="1076" time="0.001" /><testcase classname="tests.test_paid_market_core.TestPrintQuoting" name="test_nonpositive_rejected[mass_mg_per_unit]" file="tests\test_paid_market_core.py" line="1092" time="0.001" /><testcase classname="tests.test_paid_market_core.TestPrintQuoting" name="test_nonpositive_rejected[machine_seconds_per_unit]" file="tests\test_paid_market_core.py" line="1092" time="0.001" /><testcase classname="tests.test_paid_market_core.TestPrintQuoting" name="test_nonpositive_rejected[quantity]" file="tests\test_paid_market_core.py" line="1092" time="0.001" /><testcase classname="tests.test_paid_market_core.TestPrintQuoting" name="test_nonpositive_rejected[material_micros_per_kg]" file="tests\test_paid_market_core.py" line="1092" time="0.001" /><testcase classname="tests.test_paid_market_core.TestPrintQuoting" name="test_nonpositive_rejected[machine_micros_per_hour]" file="tests\test_paid_market_core.py" line="1092" time="0.001" /><testcase classname="tests.test_paid_market_core.TestGeography" name="test_haversine_known_distance" file="tests\test_paid_market_core.py" line="1107" time="0.000" /><testcase classname="tests.test_paid_market_core.TestGeography" name="test_haversine_zero" file="tests\test_paid_market_core.py" line="1112" time="0.001" /><testcase classname="tests.test_paid_market_core.TestGeography" name="test_bad_coords_rejected[91]" file="tests\test_paid_market_core.py" line="1115" time="0.001" /><testcase classname="tests.test_paid_market_core.TestGeography" name="test_bad_coords_rejected[-91]" file="tests\test_paid_market_core.py" line="1115" time="0.001" /><testcase classname="tests.test_paid_market_core.TestGeography" name="test_bad_coords_rejected[nan]" file="tests\test_paid_market_core.py" line="1115" time="0.001" /><testcase classname="tests.test_paid_market_core.TestGeography" name="test_shipping_bands" file="tests\test_paid_market_core.py" line="1120" time="0.000" /><testcase classname="tests.test_paid_market_core.TestGeography" name="test_nonascending_bands_rejected" file="tests\test_paid_market_core.py" line="1127" time="0.001" /><testcase classname="tests.test_paid_market_core.TestGeography" name="test_ranking_effective_cost_and_exclusion" file="tests\test_paid_market_core.py" line="1131" time="0.001" /><testcase classname="tests.test_paid_market_core.TestGeography" name="test_ranking_deterministic_tiebreak" file="tests\test_paid_market_core.py" line="1141" time="0.000" /><testcase classname="tests.test_paid_market_core.TestPhysicalSettlement" name="test_positive_gross_fee_has_one_micro_minimum" file="tests\test_paid_market_core.py" line="1151" time="0.001" /><testcase classname="tests.test_paid_market_core.TestPhysicalSettlement" name="test_full_acceptance" file="tests\test_paid_market_core.py" line="1160" time="0.000" /><testcase classname="tests.test_paid_market_core.TestPhysicalSettlement" name="test_partial_acceptance_prorata_goods_full_shipping" file="tests\test_paid_market_core.py" line="1169" time="0.000" /><testcase classname="tests.test_paid_market_core.TestPhysicalSettlement" name="test_threshold_edges" file="tests\test_paid_market_core.py" line="1178" time="0.000" /><testcase classname="tests.test_paid_market_core.TestPhysicalSettlement" name="test_total_rejection_refunds_everything" file="tests\test_paid_market_core.py" line="1188" time="0.000" /><testcase classname="tests.test_paid_market_core.TestPhysicalSettlement" name="test_conservation_sweep" file="tests\test_paid_market_core.py" line="1197" time="0.019" /><testcase classname="tests.test_paid_market_core.TestFundMechanics" name="test_genesis_bootstrap" file="tests\test_paid_market_core.py" line="1226" time="0.001" /><testcase classname="tests.test_paid_market_core.TestFundMechanics" name="test_fee_inflow_accretes_nav_without_minting" file="tests\test_paid_market_core.py" line="1232" time="0.001" /><testcase classname="tests.test_paid_market_core.TestFundMechanics" name="test_mint_after_accretion_prices_at_nav" file="tests\test_paid_market_core.py" line="1238" time="0.001" /><testcase classname="tests.test_paid_market_core.TestFundMechanics" name="test_mint_redeem_cycle_cannot_extract_value" file="tests\test_paid_market_core.py" line="1245" time="0.017" /><testcase classname="tests.test_paid_market_core.TestFundMechanics" name="test_full_winddown_pays_exact_aum" file="tests\test_paid_market_core.py" line="1263" time="0.000" /><testcase classname="tests.test_paid_market_core.TestFundMechanics" name="test_partial_redeem_floors" file="tests\test_paid_market_core.py" line="1269" time="0.000" /><testcase classname="tests.test_paid_market_core.TestFundMechanics" name="test_overburn_rejected" file="tests\test_paid_market_core.py" line="1275" time="0.000" /><testcase classname="tests.test_paid_market_core.TestFundMechanics" name="test_dust_mint_rejected" file="tests\test_paid_market_core.py" line="1279" time="0.000" /><testcase classname="tests.test_paid_market_core.TestFundMechanics" name="test_supply_without_assets_rejected" file="tests\test_paid_market_core.py" line="1286" time="0.000" /><testcase classname="tests.test_paid_market_core.TestFundMechanics" name="test_genesis_mint_against_preseeded_treasury_rejected" file="tests\test_paid_market_core.py" line="1290" time="0.001" /><testcase classname="tests.test_paid_market_core.TestFundMechanics" name="test_genesis_mint_with_fee_against_preseeded_treasury_rejected" file="tests\test_paid_market_core.py" line="1302" time="0.000" /><testcase classname="tests.test_paid_market_core.TestFundMechanics" name="test_pre_genesis_fee_inflow_then_genesis_mint_rejected" file="tests\test_paid_market_core.py" line="1309" time="0.000" /><testcase classname="tests.test_paid_market_core.TestFundMechanics" name="test_redemption_capacity_limited_by_stable_reserves" file="tests\test_paid_market_core.py" line="1316" time="0.000" /><testcase classname="tests.test_paid_market_core.TestFundMechanics" name="test_entry_fee_accrues_to_holders" file="tests\test_paid_market_core.py" line="1331" time="0.000" /><testcase classname="tests.test_paid_market_core.TestFundMechanics" name="test_exit_fee_stays_in_fund_and_winddown_exempt" file="tests\test_paid_market_core.py" line="1340" time="0.000" /><testcase classname="tests.test_paid_market_core.TestFundMechanics" name="test_fee_cycle_strictly_unprofitable" file="tests\test_paid_market_core.py" line="1350" time="0.000" /><testcase classname="tests.test_paid_market_core.TestLedger" name="test_spot_settlement_charges_standard_fee_and_conserves" file="tests\test_paid_market_core.py" line="1377" time="0.000" /><testcase classname="tests.test_paid_market_core.TestLedger" name="test_spot_settlement_requires_positive_integer_gross[True]" file="tests\test_paid_market_core.py" line="1390" time="0.001" /><testcase classname="tests.test_paid_market_core.TestLedger" name="test_spot_settlement_requires_positive_integer_gross[1.5]" file="tests\test_paid_market_core.py" line="1390" time="0.001" /><testcase classname="tests.test_paid_market_core.TestLedger" name="test_spot_settlement_requires_positive_integer_gross[100]" file="tests\test_paid_market_core.py" line="1390" time="0.001" /><testcase classname="tests.test_paid_market_core.TestLedger" name="test_spot_settlement_requires_positive_integer_gross[0]" file="tests\test_paid_market_core.py" line="1390" time="0.001" /><testcase classname="tests.test_paid_market_core.TestLedger" name="test_spot_settlement_requires_positive_integer_gross[-1]" file="tests\test_paid_market_core.py" line="1390" time="0.001" /><testcase classname="tests.test_paid_market_core.TestLedger" name="test_spot_settlement_charges_one_micro_minimum_fee" file="tests\test_paid_market_core.py" line="1399" time="0.000" /><testcase classname="tests.test_paid_market_core.TestLedger" name="test_assert_drained_fails_before_and_passes_after_spot_settlement" file="tests\test_paid_market_core.py" line="1410" time="0.001" /><testcase classname="tests.test_paid_market_core.TestLedger" name="test_zero_sum_enforced" file="tests\test_paid_market_core.py" line="1423" time="0.001" /><testcase classname="tests.test_paid_market_core.TestLedger" name="test_overdraft_atomic" file="tests\test_paid_market_core.py" line="1428" time="0.001" /><testcase classname="tests.test_paid_market_core.TestLedger" name="test_net_before_overdraft_check" file="tests\test_paid_market_core.py" line="1434" time="0.000" /><testcase classname="tests.test_paid_market_core.TestLedger" name="test_external_boundary_accounts_may_go_negative" file="tests\test_paid_market_core.py" line="1441" time="0.000" /><testcase classname="tests.test_paid_market_core.TestLedger" name="test_full_forward_lifecycle_drains_escrows" file="tests\test_paid_market_core.py" line="1448" time="0.000" /><testcase classname="tests.test_paid_market_core.TestLedger" name="test_training_and_physical_adapters_drain" file="tests\test_paid_market_core.py" line="1469" time="0.001" /><testcase classname="tests.test_paid_market_core.TestLedger" name="test_pool_close_filled_and_failed" file="tests\test_paid_market_core.py" line="1501" time="0.000" /><testcase classname="tests.test_paid_market_core.TestBestExecution" name="test_greedy_is_wrong_dp_is_right" file="tests\test_paid_market_core.py" line="1528" time="0.000" /><testcase classname="tests.test_paid_market_core.TestBestExecution" name="test_exact_fill_beats_overbuy_when_cheaper" file="tests\test_paid_market_core.py" line="1534" time="0.000" /><testcase classname="tests.test_paid_market_core.TestBestExecution" name="test_insufficient_supply_none" file="tests\test_paid_market_core.py" line="1539" time="0.000" /><testcase classname="tests.test_paid_market_core.TestBestExecution" name="test_deterministic_tiebreak" file="tests\test_paid_market_core.py" line="1542" time="0.000" /><testcase classname="tests.test_paid_market_core.TestBestExecution" name="test_duplicate_offer_ids_rejected" file="tests\test_paid_market_core.py" line="1547" time="0.000" /><testcase classname="tests.test_paid_market_core.TestBestExecution" name="test_matches_brute_force" file="tests\test_paid_market_core.py" line="1551" time="0.044" /><testcase classname="tests.test_paid_market_core.TestBestExecution" name="test_break_even_units" file="tests\test_paid_market_core.py" line="1580" time="0.001" /><testcase classname="tests.test_paid_market_descriptors" name="test_descriptor_id_matches_independently_derived_envelope" file="tests\test_paid_market_descriptors.py" line="186" time="0.001" /><testcase classname="tests.test_paid_market_descriptors" name="test_identities_are_the_pinned_golden_values" file="tests\test_paid_market_descriptors.py" line="199" time="0.001" /><testcase classname="tests.test_paid_market_descriptors" name="test_market_class_id_matches_independently_derived_envelope" file="tests\test_paid_market_descriptors.py" line="217" time="0.001" /><testcase classname="tests.test_paid_market_descriptors" name="test_descriptor_and_market_class_identities_are_domain_separated" file="tests\test_paid_market_descriptors.py" line="279" time="0.001" /><testcase classname="tests.test_paid_market_descriptors" name="test_descriptor_ids_are_revision_separated" file="tests\test_paid_market_descriptors.py" line="286" time="0.001" /><testcase classname="tests.test_paid_market_descriptors" name="test_caller_identity_and_direction_fields_are_refused[profile_id]" file="tests\test_paid_market_descriptors.py" line="307" time="0.001" /><testcase classname="tests.test_paid_market_descriptors" name="test_caller_identity_and_direction_fields_are_refused[descriptor_id]" file="tests\test_paid_market_descriptors.py" line="307" time="0.001" /><testcase classname="tests.test_paid_market_descriptors" name="test_caller_identity_and_direction_fields_are_refused[profiles]" file="tests\test_paid_market_descriptors.py" line="307" time="0.001" /><testcase classname="tests.test_paid_market_descriptors" name="test_caller_identity_and_direction_fields_are_refused[direction]" file="tests\test_paid_market_descriptors.py" line="307" time="0.000" /><testcase classname="tests.test_paid_market_descriptors" name="test_caller_identity_and_direction_fields_are_refused[min_inclusive]" file="tests\test_paid_market_descriptors.py" line="307" time="0.001" /><testcase classname="tests.test_paid_market_descriptors" name="test_caller_identity_and_direction_fields_are_refused[max_inclusive]" file="tests\test_paid_market_descriptors.py" line="307" time="0.001" /><testcase classname="tests.test_paid_market_descriptors" name="test_range_inclusivity_inside_a_profile_field_is_refused" file="tests\test_paid_market_descriptors.py" line="322" time="0.001" /><testcase classname="tests.test_paid_market_descriptors" name="test_extra_profile_key_is_refused" file="tests\test_paid_market_descriptors.py" line="333" time="0.001" /><testcase classname="tests.test_paid_market_descriptors" name="test_missing_profile_field_reports_declared_schema_order" file="tests\test_paid_market_descriptors.py" line="346" time="0.001" /><testcase classname="tests.test_paid_market_descriptors" name="test_lane_schemas_are_exactly_closed[inference-expected0]" file="tests\test_paid_market_descriptors.py" line="365" time="0.001" /><testcase classname="tests.test_paid_market_descriptors" name="test_lane_schemas_are_exactly_closed[training-expected1]" file="tests\test_paid_market_descriptors.py" line="365" time="0.001" /><testcase classname="tests.test_paid_market_descriptors" name="test_lane_schemas_are_exactly_closed[task-expected2]" file="tests\test_paid_market_descriptors.py" line="365" time="0.001" /><testcase classname="tests.test_paid_market_descriptors" name="test_lane_schemas_are_exactly_closed[fabrication-expected3]" file="tests\test_paid_market_descriptors.py" line="365" time="0.000" /><testcase classname="tests.test_paid_market_descriptors" name="test_unknown_lane_is_refused" file="tests\test_paid_market_descriptors.py" line="431" time="0.000" /><testcase classname="tests.test_paid_market_descriptors" name="test_empty_required_set_is_refused_but_explicit_none_is_accepted" file="tests\test_paid_market_descriptors.py" line="447" time="0.001" /><testcase classname="tests.test_paid_market_descriptors" name="test_unsorted_and_duplicate_set_values" file="tests\test_paid_market_descriptors.py" line="460" time="0.001" /><testcase classname="tests.test_paid_market_descriptors" name="test_inverted_range_is_refused" file="tests\test_paid_market_descriptors.py" line="483" time="0.000" /><testcase classname="tests.test_paid_market_descriptors" name="test_non_integer_and_out_of_bound_numbers_are_refused[1.0]" file="tests\test_paid_market_descriptors.py" line="493" time="0.001" /><testcase classname="tests.test_paid_market_descriptors" name="test_non_integer_and_out_of_bound_numbers_are_refused[True]" file="tests\test_paid_market_descriptors.py" line="493" time="0.001" /><testcase classname="tests.test_paid_market_descriptors" name="test_non_integer_and_out_of_bound_numbers_are_refused[None]" file="tests\test_paid_market_descriptors.py" line="493" time="0.001" /><testcase classname="tests.test_paid_market_descriptors" name="test_non_integer_and_out_of_bound_numbers_are_refused[12]" file="tests\test_paid_market_descriptors.py" line="493" time="0.001" /><testcase classname="tests.test_paid_market_descriptors" name="test_non_integer_and_out_of_bound_numbers_are_refused[-1]" file="tests\test_paid_market_descriptors.py" line="493" time="0.000" /><testcase classname="tests.test_paid_market_descriptors" name="test_non_integer_and_out_of_bound_numbers_are_refused[9007199254740992]" file="tests\test_paid_market_descriptors.py" line="493" time="0.001" /><testcase classname="tests.test_paid_market_descriptors" name="test_non_conforming_identifiers_are_refused[Text]" file="tests\test_paid_market_descriptors.py" line="504" time="0.000" /><testcase classname="tests.test_paid_market_descriptors" name="test_non_conforming_identifiers_are_refused[t\xe9]" file="tests\test_paid_market_descriptors.py" line="504" time="0.001" /><testcase classname="tests.test_paid_market_descriptors" name="test_non_conforming_identifiers_are_refused[]" file="tests\test_paid_market_descriptors.py" line="504" time="0.001" /><testcase classname="tests.test_paid_market_descriptors" name="test_non_conforming_identifiers_are_refused[aaaaaaaaaaaaaaaaaaaaaaaaaaaaaaaaaaaaaaaaaaaaaaaaaaaaaaaaaaaaaaaaaaaaaaaaaaaaaaaaaaaaaaaaaaaaaaaaaaaaaaaaaaaaaaaaaaaaaaaaaaaaaaaaaaaaaaaaaaaaaaaaaaaaaaaaaaaaaaaaaaaaaaaaaaaaaaaaaaaaaaaaaaaaaaaaaaaaaaaa]" file="tests\test_paid_market_descriptors.py" line="504" time="0.001" /><testcase classname="tests.test_paid_market_descriptors" name="test_non_conforming_identifiers_are_refused[-leading-dash]" file="tests\test_paid_market_descriptors.py" line="504" time="0.001" /><testcase classname="tests.test_paid_market_descriptors" name="test_scale_must_be_at_least_one" file="tests\test_paid_market_descriptors.py" line="516" time="0.000" /><testcase classname="tests.test_paid_market_descriptors" name="test_absent_policy_fields_materialize_fail_closed_defaults" file="tests\test_paid_market_descriptors.py" line="531" time="0.001" /><testcase classname="tests.test_paid_market_descriptors" name="test_defaulted_policy_never_means_any[region-region_mismatch]" file="tests\test_paid_market_descriptors.py" line="546" time="0.001" /><testcase classname="tests.test_paid_market_descriptors" name="test_defaulted_policy_never_means_any[privacy_class-privacy_mismatch]" file="tests\test_paid_market_descriptors.py" line="546" time="0.001" /><testcase classname="tests.test_paid_market_descriptors" name="test_defaulted_policy_never_means_any[reliability_class-reliability_mismatch]" file="tests\test_paid_market_descriptors.py" line="546" time="0.001" /><testcase classname="tests.test_paid_market_descriptors" name="test_compatible_supply_matches" file="tests\test_paid_market_descriptors.py" line="582" time="0.001" /><testcase classname="tests.test_paid_market_descriptors" name="test_schema_owned_direction_decides_numeric_compatibility[context_tokens-200000-range_above_max]" file="tests\test_paid_market_descriptors.py" line="589" time="0.001" /><testcase classname="tests.test_paid_market_descriptors" name="test_schema_owned_direction_decides_numeric_compatibility[context_tokens-0-range_below_min]" file="tests\test_paid_market_descriptors.py" line="589" time="0.001" /><testcase classname="tests.test_paid_market_descriptors" name="test_schema_owned_direction_decides_numeric_compatibility[latency_ms-100-range_above_max]" file="tests\test_paid_market_descriptors.py" line="589" time="0.001" /><testcase classname="tests.test_paid_market_descriptors" name="test_schema_owned_direction_decides_numeric_compatibility[throughput_tokens_per_second-500-range_below_min]" file="tests\test_paid_market_descriptors.py" line="589" time="0.001" /><testcase classname="tests.test_paid_market_descriptors" name="test_set_requirement_uses_subset_semantics" file="tests\test_paid_market_descriptors.py" line="613" time="0.001" /><testcase classname="tests.test_paid_market_descriptors" name="test_unit_mismatch_precedes_value_comparison" file="tests\test_paid_market_descriptors.py" line="626" time="0.001" /><testcase classname="tests.test_paid_market_descriptors" name="test_missing_demand_facet_is_refused" file="tests\test_paid_market_descriptors.py" line="636" time="0.001" /><testcase classname="tests.test_paid_market_descriptors" name="test_facets_cannot_be_cross_combined_across_descriptors" file="tests\test_paid_market_descriptors.py" line="646" time="0.001" /><testcase classname="tests.test_paid_market_descriptors" name="test_missing_validator_fails_closed" file="tests\test_paid_market_descriptors.py" line="666" time="0.000" /><testcase classname="tests.test_paid_market_descriptors" name="test_validator_for_another_lane_is_unavailable" file="tests\test_paid_market_descriptors.py" line="676" time="0.001" /><testcase classname="tests.test_paid_market_descriptors" name="test_unsupported_revision_is_reported_separately" file="tests\test_paid_market_descriptors.py" line="685" time="0.001" /><testcase classname="tests.test_paid_market_descriptors" name="test_attested_revision_mismatch_is_reported_separately" file="tests\test_paid_market_descriptors.py" line="695" time="0.001" /><testcase classname="tests.test_paid_market_descriptors" name="test_validator_refusal_and_exception_fail_closed[kwargs0]" file="tests\test_paid_market_descriptors.py" line="705" time="0.001" /><testcase classname="tests.test_paid_market_descriptors" name="test_validator_refusal_and_exception_fail_closed[kwargs1]" file="tests\test_paid_market_descriptors.py" line="705" time="0.001" /><testcase classname="tests.test_paid_market_descriptors" name="test_validator_cannot_rewrite_the_descriptor" file="tests\test_paid_market_descriptors.py" line="714" time="0.001" /><testcase classname="tests.test_paid_market_descriptors" name="test_decoder_accepts_exact_canonical_bytes" file="tests\test_paid_market_descriptors.py" line="737" time="0.001" /><testcase classname="tests.test_paid_market_descriptors" name="test_only_the_decoder_emits_not_canonical" file="tests\test_paid_market_descriptors.py" line="745" time="0.001" /><testcase classname="tests.test_paid_market_descriptors" name="test_decoder_refuses_caller_supplied_identity_in_the_envelope" file="tests\test_paid_market_descriptors.py" line="757" time="0.001" /><testcase classname="tests.test_paid_market_descriptors" name="test_decoder_checks_domain_and_version[domain-unsupported_schema_version]" file="tests\test_paid_market_descriptors.py" line="767" time="0.001" /><testcase classname="tests.test_paid_market_descriptors" name="test_decoder_checks_domain_and_version[schema_version-unsupported_schema_version]" file="tests\test_paid_market_descriptors.py" line="767" time="0.001" /><testcase classname="tests.test_paid_market_descriptors" name="test_decoder_rejects_oversize_input_before_parsing" file="tests\test_paid_market_descriptors.py" line="784" time="0.000" /><testcase classname="tests.test_paid_market_descriptors" name="test_decoder_rejects_non_ascii_bytes_before_parsing" file="tests\test_paid_market_descriptors.py" line="792" time="0.001" /><testcase classname="tests.test_paid_market_descriptors" name="test_decoder_rejects_duplicate_object_keys" file="tests\test_paid_market_descriptors.py" line="800" time="0.000" /><testcase classname="tests.test_paid_market_descriptors" name="test_decoder_rejects_deep_nesting_as_limit_exceeded" file="tests\test_paid_market_descriptors.py" line="808" time="0.000" /><testcase classname="tests.test_paid_market_descriptors" name="test_decoder_rejects_nan_and_infinity" file="tests\test_paid_market_descriptors.py" line="816" time="0.000" /><testcase classname="tests.test_paid_market_descriptors" name="test_decoder_precedence_puts_structure_before_validator" file="tests\test_paid_market_descriptors.py" line="828" time="0.001" /><testcase classname="tests.test_paid_market_descriptors" name="test_supply_headroom_does_not_fragment_a_market_class" file="tests\test_paid_market_descriptors.py" line="844" time="0.001" /><testcase classname="tests.test_paid_market_descriptors" name="test_equivalent_malformed_demand_variants_share_one_market_class" file="tests\test_paid_market_descriptors.py" line="862" time="0.001" /><testcase classname="tests.test_paid_market_descriptors" name="test_unnormalizable_demand_fails_closed[non_string_identifier]" file="tests\test_paid_market_descriptors.py" line="872" time="0.001" /><testcase classname="tests.test_paid_market_descriptors" name="test_unnormalizable_demand_fails_closed[non_ascii_identifier]" file="tests\test_paid_market_descriptors.py" line="872" time="0.001" /><testcase classname="tests.test_paid_market_descriptors" name="test_unnormalizable_demand_fails_closed[internal_identifier_whitespace]" file="tests\test_paid_market_descriptors.py" line="872" time="0.001" /><testcase classname="tests.test_paid_market_descriptors" name="test_unnormalizable_demand_fails_closed[malformed_requirement_shape]" file="tests\test_paid_market_descriptors.py" line="872" time="0.001" /><testcase classname="tests.test_paid_market_descriptors" name="test_unnormalizable_demand_fails_closed[out_of_range_integer]" file="tests\test_paid_market_descriptors.py" line="872" time="0.001" /><testcase classname="tests.test_paid_market_descriptors" name="test_private_demand_never_enters_the_public_identity" file="tests\test_paid_market_descriptors.py" line="903" time="0.001" /><testcase classname="tests.test_paid_market_descriptors" name="test_projection_is_refused_when_the_revision_has_no_public_class" file="tests\test_paid_market_descriptors.py" line="920" time="0.001" /><testcase classname="tests.test_paid_market_descriptors" name="test_projection_requires_a_compatible_descriptor_first" file="tests\test_paid_market_descriptors.py" line="929" time="0.001" /><testcase classname="tests.test_paid_market_descriptors" name="test_threshold_buckets_replace_raw_numeric_demand" file="tests\test_paid_market_descriptors.py" line="938" time="0.001" /><testcase classname="tests.test_paid_market_descriptors" name="test_inputs_are_never_mutated_by_any_entry_point" file="tests\test_paid_market_descriptors.py" line="954" time="0.001" /><testcase classname="tests.test_paid_market_faults" name="test_request_commit_fault_recovers_to_zero_or_one_effect[before_request_commit-False]" file="tests\test_paid_market_faults.py" line="89" time="0.001" /><testcase classname="tests.test_paid_market_faults" name="test_request_commit_fault_recovers_to_zero_or_one_effect[after_database_commit-True]" file="tests\test_paid_market_faults.py" line="89" time="0.001" /><testcase classname="tests.test_paid_market_faults" name="test_outbox_fault_rolls_back_request_eligibility_and_retry_commits_both[before_outbox_append]" file="tests\test_paid_market_faults.py" line="113" time="0.001" /><testcase classname="tests.test_paid_market_faults" name="test_outbox_fault_rolls_back_request_eligibility_and_retry_commits_both[after_outbox_append_before_commit]" file="tests\test_paid_market_faults.py" line="113" time="0.001" /><testcase classname="tests.test_paid_market_faults" name="test_bid_commit_fault_replays_without_duplicate_version[before_bid_replacement_commit-False]" file="tests\test_paid_market_faults.py" line="146" time="0.001" /><testcase classname="tests.test_paid_market_faults" name="test_bid_commit_fault_replays_without_duplicate_version[after_database_commit-True]" file="tests\test_paid_market_faults.py" line="146" time="0.001" /><testcase classname="tests.test_paid_market_faults" name="test_match_commit_fault_replays_one_decision[before_match_recording_commit-False]" file="tests\test_paid_market_faults.py" line="176" time="0.001" /><testcase classname="tests.test_paid_market_faults" name="test_match_commit_fault_replays_one_decision[after_database_commit-True]" file="tests\test_paid_market_faults.py" line="176" time="0.001" /><testcase classname="tests.test_paid_market_faults" name="test_claim_commit_fault_replays_one_claim_and_capacity_effect[before_claim_cas_commit-False]" file="tests\test_paid_market_faults.py" line="205" time="0.001" /><testcase classname="tests.test_paid_market_faults" name="test_claim_commit_fault_replays_one_claim_and_capacity_effect[after_database_commit-True]" file="tests\test_paid_market_faults.py" line="205" time="0.001" /><testcase classname="tests.test_paid_market_instruments" name="test_forward_order_accepts_only_standard_bucket_and_size[1-8]" file="tests\test_paid_market_instruments.py" line="54" time="0.001" /><testcase classname="tests.test_paid_market_instruments" name="test_forward_order_accepts_only_standard_bucket_and_size[1-24]" file="tests\test_paid_market_instruments.py" line="54" time="0.001" /><testcase classname="tests.test_paid_market_instruments" name="test_forward_order_accepts_only_standard_bucket_and_size[1-168]" file="tests\test_paid_market_instruments.py" line="54" time="0.001" /><testcase classname="tests.test_paid_market_instruments" name="test_forward_order_accepts_only_standard_bucket_and_size[10-8]" file="tests\test_paid_market_instruments.py" line="54" time="0.001" /><testcase classname="tests.test_paid_market_instruments" name="test_forward_order_accepts_only_standard_bucket_and_size[10-24]" file="tests\test_paid_market_instruments.py" line="54" time="0.001" /><testcase classname="tests.test_paid_market_instruments" name="test_forward_order_accepts_only_standard_bucket_and_size[10-168]" file="tests\test_paid_market_instruments.py" line="54" time="0.001" /><testcase classname="tests.test_paid_market_instruments" name="test_forward_order_accepts_only_standard_bucket_and_size[100-8]" file="tests\test_paid_market_instruments.py" line="54" time="0.001" /><testcase classname="tests.test_paid_market_instruments" name="test_forward_order_accepts_only_standard_bucket_and_size[100-24]" file="tests\test_paid_market_instruments.py" line="54" time="0.001" /><testcase classname="tests.test_paid_market_instruments" name="test_forward_order_accepts_only_standard_bucket_and_size[100-168]" file="tests\test_paid_market_instruments.py" line="54" time="0.001" /><testcase classname="tests.test_paid_market_instruments" name="test_nonstandard_or_beyond_horizon_forward_is_refused[changes0-size_mtok]" file="tests\test_paid_market_instruments.py" line="87" time="0.001" /><testcase classname="tests.test_paid_market_instruments" name="test_nonstandard_or_beyond_horizon_forward_is_refused[changes1-bucket_hours]" file="tests\test_paid_market_instruments.py" line="87" time="0.001" /><testcase classname="tests.test_paid_market_instruments" name="test_nonstandard_or_beyond_horizon_forward_is_refused[changes2-28-day horizon]" file="tests\test_paid_market_instruments.py" line="87" time="0.001" /><testcase classname="tests.test_paid_market_instruments" name="test_nonstandard_or_beyond_horizon_forward_is_refused[changes3-boundary]" file="tests\test_paid_market_instruments.py" line="87" time="0.001" /><testcase classname="tests.test_paid_market_instruments" name="test_forward_remains_non_executable_until_collateral_is_bound" file="tests\test_paid_market_instruments.py" line="124" time="0.001" /><testcase classname="tests.test_paid_market_instruments" name="test_forward_lifecycle_is_authenticated_monotone_and_id_is_immutable" file="tests\test_paid_market_instruments.py" line="145" time="0.001" /><testcase classname="tests.test_paid_market_instruments" name="test_non_executable_forward_cannot_be_purchased[order0]" file="tests\test_paid_market_instruments.py" line="188" time="0.001" /><testcase classname="tests.test_paid_market_instruments" name="test_non_executable_forward_cannot_be_purchased[order1]" file="tests\test_paid_market_instruments.py" line="188" time="0.000" /><testcase classname="tests.test_paid_market_instruments" name="test_seller_can_cancel_open_order_and_system_can_expire_it" file="tests\test_paid_market_instruments.py" line="206" time="0.000" /><testcase classname="tests.test_paid_market_instruments" name="test_best_ask_is_exact_deterministic_and_executable_only" file="tests\test_paid_market_instruments.py" line="224" time="0.001" /><testcase classname="tests.test_paid_market_instruments" name="test_spot_is_collateral_free_and_forward_is_not" file="tests\test_paid_market_instruments.py" line="246" time="0.000" /><testcase classname="tests.test_paid_market_instruments" name="test_unsupported_instruments_are_refused_without_order_or_effect[changes0-cash_settlement]" file="tests\test_paid_market_instruments.py" line="251" time="0.001" /><testcase classname="tests.test_paid_market_instruments" name="test_unsupported_instruments_are_refused_without_order_or_effect[changes1-secondary_transfer]" file="tests\test_paid_market_instruments.py" line="251" time="0.001" /><testcase classname="tests.test_paid_market_instruments" name="test_unsupported_instruments_are_refused_without_order_or_effect[changes2-leverage]" file="tests\test_paid_market_instruments.py" line="251" time="0.001" /><testcase classname="tests.test_paid_market_instruments" name="test_unsupported_instruments_are_refused_without_order_or_effect[changes3-netting]" file="tests\test_paid_market_instruments.py" line="251" time="0.001" /><testcase classname="tests.test_paid_market_instruments" name="test_unsupported_instruments_are_refused_without_order_or_effect[changes4-proprietary_model_resale]" file="tests\test_paid_market_instruments.py" line="251" time="0.001" /><testcase classname="tests.test_paid_market_instruments" name="test_unsupported_instruments_are_refused_without_order_or_effect[changes5-f3_swarm]" file="tests\test_paid_market_instruments.py" line="251" time="0.001" /><testcase classname="tests.test_paid_market_instruments" name="test_unsupported_instruments_are_refused_without_order_or_effect[changes6-batch_only_required]" file="tests\test_paid_market_instruments.py" line="251" time="0.001" /><testcase classname="tests.test_paid_market_instruments" name="test_forward_settlement_reuses_canonical_demand_relative_oracle" file="tests\test_paid_market_instruments.py" line="276" time="0.000" /><testcase classname="tests.test_paid_market_instruments" name="test_all_new_market_surfaces_remain_default_off" file="tests\test_paid_market_instruments.py" line="307" time="0.000" /><testcase classname="tests.test_paid_market_jurisdiction_gates" name="test_missing_review_keeps_sensitive_route_dark[forward]" file="tests\test_paid_market_jurisdiction_gates.py" line="30" time="0.001" /><testcase classname="tests.test_paid_market_jurisdiction_gates" name="test_missing_review_keeps_sensitive_route_dark[training]" file="tests\test_paid_market_jurisdiction_gates.py" line="30" time="0.000" /><testcase classname="tests.test_paid_market_jurisdiction_gates" name="test_missing_review_keeps_sensitive_route_dark[hardware]" file="tests\test_paid_market_jurisdiction_gates.py" line="30" time="0.001" /><testcase classname="tests.test_paid_market_jurisdiction_gates" name="test_stale_mismatched_or_incomplete_review_fails_closed[review0-legal_review_stale]" file="tests\test_paid_market_jurisdiction_gates.py" line="41" time="0.000" /><testcase classname="tests.test_paid_market_jurisdiction_gates" name="test_stale_mismatched_or_incomplete_review_fails_closed[review1-jurisdiction_mismatch]" file="tests\test_paid_market_jurisdiction_gates.py" line="41" time="0.001" /><testcase classname="tests.test_paid_market_jurisdiction_gates" name="test_stale_mismatched_or_incomplete_review_fails_closed[review2-specialist_review_required]" file="tests\test_paid_market_jurisdiction_gates.py" line="41" time="0.001" /><testcase classname="tests.test_paid_market_jurisdiction_gates" name="test_stale_mismatched_or_incomplete_review_fails_closed[review3-product_not_reviewed]" file="tests\test_paid_market_jurisdiction_gates.py" line="41" time="0.001" /><testcase classname="tests.test_paid_market_jurisdiction_gates" name="test_stale_mismatched_or_incomplete_review_fails_closed[review4-forward_analysis_missing]" file="tests\test_paid_market_jurisdiction_gates.py" line="41" time="0.001" /><testcase classname="tests.test_paid_market_jurisdiction_gates" name="test_stale_mismatched_or_incomplete_review_fails_closed[review5-export_control_analysis_missing]" file="tests\test_paid_market_jurisdiction_gates.py" line="41" time="0.001" /><testcase classname="tests.test_paid_market_jurisdiction_gates" name="test_stale_mismatched_or_incomplete_review_fails_closed[review6-money_rules_analysis_missing]" file="tests\test_paid_market_jurisdiction_gates.py" line="41" time="0.001" /><testcase classname="tests.test_paid_market_jurisdiction_gates" name="test_current_specialist_review_binds_policy_but_is_not_legal_approval[forward]" file="tests\test_paid_market_jurisdiction_gates.py" line="76" time="0.001" /><testcase classname="tests.test_paid_market_jurisdiction_gates" name="test_current_specialist_review_binds_policy_but_is_not_legal_approval[training]" file="tests\test_paid_market_jurisdiction_gates.py" line="76" time="0.000" /><testcase classname="tests.test_paid_market_jurisdiction_gates" name="test_current_specialist_review_binds_policy_but_is_not_legal_approval[hardware]" file="tests\test_paid_market_jurisdiction_gates.py" line="76" time="0.000" /><testcase classname="tests.test_paid_market_jurisdiction_gates" name="test_automated_label_cannot_be_presented_as_specialist_approval" file="tests\test_paid_market_jurisdiction_gates.py" line="91" time="0.000" /><testcase classname="tests.test_paid_market_manipulation_mutation" name="test_index_eligibility_control_is_load_bearing[_guard_self_trade_is_excluded]" file="tests\test_paid_market_manipulation_mutation.py" line="273" time="0.002" /><testcase classname="tests.test_paid_market_manipulation_mutation" name="test_index_eligibility_control_is_load_bearing[_guard_linked_party_is_excluded]" file="tests\test_paid_market_manipulation_mutation.py" line="273" time="0.001" /><testcase classname="tests.test_paid_market_manipulation_mutation" name="test_index_eligibility_control_is_load_bearing[_guard_unknown_linkage_is_excluded]" file="tests\test_paid_market_manipulation_mutation.py" line="273" time="0.001" /><testcase classname="tests.test_paid_market_manipulation_mutation" name="test_influence_cap_is_load_bearing" file="tests\test_paid_market_manipulation_mutation.py" line="327" time="0.024" /><testcase classname="tests.test_paid_market_manipulation_mutation" name="test_settlement_derived_price_control_is_load_bearing" file="tests\test_paid_market_manipulation_mutation.py" line="362" time="0.001" /><testcase classname="tests.test_paid_market_manipulation_mutation" name="test_a_bounded_weight_on_an_unbounded_price_is_still_unbounded" file="tests\test_paid_market_manipulation_mutation.py" line="371" time="0.003" /><testcase classname="tests.test_paid_market_manipulation_mutation" name="test_settlement_identity_dampening_is_load_bearing" file="tests\test_paid_market_manipulation_mutation.py" line="439" time="0.023" /><testcase classname="tests.test_paid_market_manipulation_mutation" name="test_settlement_uniqueness_control_is_load_bearing" file="tests\test_paid_market_manipulation_mutation.py" line="462" time="0.001" /><testcase classname="tests.test_paid_market_manipulation_mutation" name="test_quote_binding_control_is_load_bearing" file="tests\test_paid_market_manipulation_mutation.py" line="509" time="0.001" /><testcase classname="tests.test_paid_market_manipulation_mutation" name="test_signed_bytes_reverification_is_load_bearing" file="tests\test_paid_market_manipulation_mutation.py" line="557" time="0.001" /><testcase classname="tests.test_paid_market_manipulation_mutation" name="test_raw_native_price_is_immutable_under_the_cap" file="tests\test_paid_market_manipulation_mutation.py" line="566" time="0.004" /><testcase classname="tests.test_paid_market_manipulation_mutation" name="test_canonical_fee_control_is_load_bearing" file="tests\test_paid_market_manipulation_mutation.py" line="618" time="0.002" /><testcase classname="tests.test_paid_market_manipulation_mutation" name="test_canonical_fee_schedule_control_is_load_bearing" file="tests\test_paid_market_manipulation_mutation.py" line="641" time="0.001" /><testcase classname="tests.test_paid_market_manipulation_mutation" name="test_unknown_fee_schedule_version_fails_closed" file="tests\test_paid_market_manipulation_mutation.py" line="649" time="0.001" /><testcase classname="tests.test_paid_market_manipulation_mutation" name="test_excluded_volume_still_carries_its_fee" file="tests\test_paid_market_manipulation_mutation.py" line="656" time="0.001" /><testcase classname="tests.test_paid_market_manipulation_mutation" name="test_raw_native_truth_isolation_is_load_bearing" file="tests\test_paid_market_manipulation_mutation.py" line="726" time="0.005" /><testcase classname="tests.test_paid_market_manipulation_mutation" name="test_composite_clamp_is_load_bearing" file="tests\test_paid_market_manipulation_mutation.py" line="742" time="0.005" /><testcase classname="tests.test_paid_market_manipulation_mutation" name="test_stale_or_future_reference_never_clamps[100-120]" file="tests\test_paid_market_manipulation_mutation.py" line="752" time="0.003" /><testcase classname="tests.test_paid_market_manipulation_mutation" name="test_stale_or_future_reference_never_clamps[10000-20000]" file="tests\test_paid_market_manipulation_mutation.py" line="752" time="0.003" /><testcase classname="tests.test_paid_market_manipulation_mutation" name="test_incomplete_reference_is_not_called_a_ceiling" file="tests\test_paid_market_manipulation_mutation.py" line="779" time="0.002" /><testcase classname="tests.test_paid_market_manipulation_mutation" name="test_substitutability_gate_is_load_bearing" file="tests\test_paid_market_manipulation_mutation.py" line="818" time="0.001" /><testcase classname="tests.test_paid_market_manipulation_mutation" name="test_demand_canonicalization_is_load_bearing" file="tests\test_paid_market_manipulation_mutation.py" line="834" time="0.002" /><testcase classname="tests.test_paid_market_manipulation_mutation" name="test_a_changed_descriptor_is_a_different_supply_identity[model_revision-llama.3.70b:r8]" file="tests\test_paid_market_manipulation_mutation.py" line="845" time="0.001" /><testcase classname="tests.test_paid_market_manipulation_mutation" name="test_a_changed_descriptor_is_a_different_supply_identity[runtime_revision-vllm:0.9.2]" file="tests\test_paid_market_manipulation_mutation.py" line="845" time="0.001" /><testcase classname="tests.test_paid_market_manipulation_mutation" name="test_a_changed_descriptor_is_a_different_supply_identity[quantization-int4]" file="tests\test_paid_market_manipulation_mutation.py" line="845" time="0.001" /><testcase classname="tests.test_paid_market_manipulation_mutation" name="test_no_nominal_price_can_buy_eligibility[mutation0-missing_eligibility:dpa:v3-1]" file="tests\test_paid_market_manipulation_mutation.py" line="921" time="0.001" /><testcase classname="tests.test_paid_market_manipulation_mutation" name="test_no_nominal_price_can_buy_eligibility[mutation0-missing_eligibility:dpa:v3-2]" file="tests\test_paid_market_manipulation_mutation.py" line="921" time="0.001" /><testcase classname="tests.test_paid_market_manipulation_mutation" name="test_no_nominal_price_can_buy_eligibility[mutation0-missing_eligibility:dpa:v3-7]" file="tests\test_paid_market_manipulation_mutation.py" line="921" time="0.001" /><testcase classname="tests.test_paid_market_manipulation_mutation" name="test_no_nominal_price_can_buy_eligibility[mutation0-missing_eligibility:dpa:v3-999]" file="tests\test_paid_market_manipulation_mutation.py" line="921" time="0.001" /><testcase classname="tests.test_paid_market_manipulation_mutation" name="test_no_nominal_price_can_buy_eligibility[mutation0-missing_eligibility:dpa:v3-1000]" file="tests\test_paid_market_manipulation_mutation.py" line="921" time="0.001" /><testcase classname="tests.test_paid_market_manipulation_mutation" name="test_no_nominal_price_can_buy_eligibility[mutation0-missing_eligibility:dpa:v3-9999]" file="tests\test_paid_market_manipulation_mutation.py" line="921" time="0.001" /><testcase classname="tests.test_paid_market_manipulation_mutation" name="test_no_nominal_price_can_buy_eligibility[mutation0-missing_eligibility:dpa:v3-10000]" file="tests\test_paid_market_manipulation_mutation.py" line="921" time="0.001" /><testcase classname="tests.test_paid_market_manipulation_mutation" name="test_no_nominal_price_can_buy_eligibility[mutation1-eligibility_revoked-1]" file="tests\test_paid_market_manipulation_mutation.py" line="921" time="0.001" /><testcase classname="tests.test_paid_market_manipulation_mutation" name="test_no_nominal_price_can_buy_eligibility[mutation1-eligibility_revoked-2]" file="tests\test_paid_market_manipulation_mutation.py" line="921" time="0.001" /><testcase classname="tests.test_paid_market_manipulation_mutation" name="test_no_nominal_price_can_buy_eligibility[mutation1-eligibility_revoked-7]" file="tests\test_paid_market_manipulation_mutation.py" line="921" time="0.001" /><testcase classname="tests.test_paid_market_manipulation_mutation" name="test_no_nominal_price_can_buy_eligibility[mutation1-eligibility_revoked-999]" file="tests\test_paid_market_manipulation_mutation.py" line="921" time="0.001" /><testcase classname="tests.test_paid_market_manipulation_mutation" name="test_no_nominal_price_can_buy_eligibility[mutation1-eligibility_revoked-1000]" file="tests\test_paid_market_manipulation_mutation.py" line="921" time="0.001" /><testcase classname="tests.test_paid_market_manipulation_mutation" name="test_no_nominal_price_can_buy_eligibility[mutation1-eligibility_revoked-9999]" file="tests\test_paid_market_manipulation_mutation.py" line="921" time="0.001" /><testcase classname="tests.test_paid_market_manipulation_mutation" name="test_no_nominal_price_can_buy_eligibility[mutation1-eligibility_revoked-10000]" file="tests\test_paid_market_manipulation_mutation.py" line="921" time="0.001" /><testcase classname="tests.test_paid_market_manipulation_mutation" name="test_no_nominal_price_can_buy_eligibility[mutation2-hard_constraint:region-1]" file="tests\test_paid_market_manipulation_mutation.py" line="921" time="0.001" /><testcase classname="tests.test_paid_market_manipulation_mutation" name="test_no_nominal_price_can_buy_eligibility[mutation2-hard_constraint:region-2]" file="tests\test_paid_market_manipulation_mutation.py" line="921" time="0.001" /><testcase classname="tests.test_paid_market_manipulation_mutation" name="test_no_nominal_price_can_buy_eligibility[mutation2-hard_constraint:region-7]" file="tests\test_paid_market_manipulation_mutation.py" line="921" time="0.001" /><testcase classname="tests.test_paid_market_manipulation_mutation" name="test_no_nominal_price_can_buy_eligibility[mutation2-hard_constraint:region-999]" file="tests\test_paid_market_manipulation_mutation.py" line="921" time="0.001" /><testcase classname="tests.test_paid_market_manipulation_mutation" name="test_no_nominal_price_can_buy_eligibility[mutation2-hard_constraint:region-1000]" file="tests\test_paid_market_manipulation_mutation.py" line="921" time="0.001" /><testcase classname="tests.test_paid_market_manipulation_mutation" name="test_no_nominal_price_can_buy_eligibility[mutation2-hard_constraint:region-9999]" file="tests\test_paid_market_manipulation_mutation.py" line="921" time="0.001" /><testcase classname="tests.test_paid_market_manipulation_mutation" name="test_no_nominal_price_can_buy_eligibility[mutation2-hard_constraint:region-10000]" file="tests\test_paid_market_manipulation_mutation.py" line="921" time="0.001" /><testcase classname="tests.test_paid_market_manipulation_mutation" name="test_no_nominal_price_can_buy_eligibility[mutation3-expired-1]" file="tests\test_paid_market_manipulation_mutation.py" line="921" time="0.001" /><testcase classname="tests.test_paid_market_manipulation_mutation" name="test_no_nominal_price_can_buy_eligibility[mutation3-expired-2]" file="tests\test_paid_market_manipulation_mutation.py" line="921" time="0.001" /><testcase classname="tests.test_paid_market_manipulation_mutation" name="test_no_nominal_price_can_buy_eligibility[mutation3-expired-7]" file="tests\test_paid_market_manipulation_mutation.py" line="921" time="0.001" /><testcase classname="tests.test_paid_market_manipulation_mutation" name="test_no_nominal_price_can_buy_eligibility[mutation3-expired-999]" file="tests\test_paid_market_manipulation_mutation.py" line="921" time="0.001" /><testcase classname="tests.test_paid_market_manipulation_mutation" name="test_no_nominal_price_can_buy_eligibility[mutation3-expired-1000]" file="tests\test_paid_market_manipulation_mutation.py" line="921" time="0.001" /><testcase classname="tests.test_paid_market_manipulation_mutation" name="test_no_nominal_price_can_buy_eligibility[mutation3-expired-9999]" file="tests\test_paid_market_manipulation_mutation.py" line="921" time="0.001" /><testcase classname="tests.test_paid_market_manipulation_mutation" name="test_no_nominal_price_can_buy_eligibility[mutation3-expired-10000]" file="tests\test_paid_market_manipulation_mutation.py" line="921" time="0.001" /><testcase classname="tests.test_paid_market_manipulation_mutation" name="test_no_nominal_price_can_buy_eligibility[mutation4-fee_version_mismatch-1]" file="tests\test_paid_market_manipulation_mutation.py" line="921" time="0.001" /><testcase classname="tests.test_paid_market_manipulation_mutation" name="test_no_nominal_price_can_buy_eligibility[mutation4-fee_version_mismatch-2]" file="tests\test_paid_market_manipulation_mutation.py" line="921" time="0.001" /><testcase classname="tests.test_paid_market_manipulation_mutation" name="test_no_nominal_price_can_buy_eligibility[mutation4-fee_version_mismatch-7]" file="tests\test_paid_market_manipulation_mutation.py" line="921" time="0.001" /><testcase classname="tests.test_paid_market_manipulation_mutation" name="test_no_nominal_price_can_buy_eligibility[mutation4-fee_version_mismatch-999]" file="tests\test_paid_market_manipulation_mutation.py" line="921" time="0.001" /><testcase classname="tests.test_paid_market_manipulation_mutation" name="test_no_nominal_price_can_buy_eligibility[mutation4-fee_version_mismatch-1000]" file="tests\test_paid_market_manipulation_mutation.py" line="921" time="0.001" /><testcase classname="tests.test_paid_market_manipulation_mutation" name="test_no_nominal_price_can_buy_eligibility[mutation4-fee_version_mismatch-9999]" file="tests\test_paid_market_manipulation_mutation.py" line="921" time="0.001" /><testcase classname="tests.test_paid_market_manipulation_mutation" name="test_no_nominal_price_can_buy_eligibility[mutation4-fee_version_mismatch-10000]" file="tests\test_paid_market_manipulation_mutation.py" line="921" time="0.001" /><testcase classname="tests.test_paid_market_manipulation_mutation" name="test_no_nominal_price_can_buy_eligibility[mutation5-currency_mismatch-1]" file="tests\test_paid_market_manipulation_mutation.py" line="921" time="0.001" /><testcase classname="tests.test_paid_market_manipulation_mutation" name="test_no_nominal_price_can_buy_eligibility[mutation5-currency_mismatch-2]" file="tests\test_paid_market_manipulation_mutation.py" line="921" time="0.001" /><testcase classname="tests.test_paid_market_manipulation_mutation" name="test_no_nominal_price_can_buy_eligibility[mutation5-currency_mismatch-7]" file="tests\test_paid_market_manipulation_mutation.py" line="921" time="0.001" /><testcase classname="tests.test_paid_market_manipulation_mutation" name="test_no_nominal_price_can_buy_eligibility[mutation5-currency_mismatch-999]" file="tests\test_paid_market_manipulation_mutation.py" line="921" time="0.001" /><testcase classname="tests.test_paid_market_manipulation_mutation" name="test_no_nominal_price_can_buy_eligibility[mutation5-currency_mismatch-1000]" file="tests\test_paid_market_manipulation_mutation.py" line="921" time="0.001" /><testcase classname="tests.test_paid_market_manipulation_mutation" name="test_no_nominal_price_can_buy_eligibility[mutation5-currency_mismatch-9999]" file="tests\test_paid_market_manipulation_mutation.py" line="921" time="0.001" /><testcase classname="tests.test_paid_market_manipulation_mutation" name="test_no_nominal_price_can_buy_eligibility[mutation5-currency_mismatch-10000]" file="tests\test_paid_market_manipulation_mutation.py" line="921" time="0.001" /><testcase classname="tests.test_paid_market_manipulation_mutation" name="test_no_nominal_price_can_buy_eligibility[mutation6-firm_authority_missing-1]" file="tests\test_paid_market_manipulation_mutation.py" line="921" time="0.001" /><testcase classname="tests.test_paid_market_manipulation_mutation" name="test_no_nominal_price_can_buy_eligibility[mutation6-firm_authority_missing-2]" file="tests\test_paid_market_manipulation_mutation.py" line="921" time="0.001" /><testcase classname="tests.test_paid_market_manipulation_mutation" name="test_no_nominal_price_can_buy_eligibility[mutation6-firm_authority_missing-7]" file="tests\test_paid_market_manipulation_mutation.py" line="921" time="0.001" /><testcase classname="tests.test_paid_market_manipulation_mutation" name="test_no_nominal_price_can_buy_eligibility[mutation6-firm_authority_missing-999]" file="tests\test_paid_market_manipulation_mutation.py" line="921" time="0.001" /><testcase classname="tests.test_paid_market_manipulation_mutation" name="test_no_nominal_price_can_buy_eligibility[mutation6-firm_authority_missing-1000]" file="tests\test_paid_market_manipulation_mutation.py" line="921" time="0.001" /><testcase classname="tests.test_paid_market_manipulation_mutation" name="test_no_nominal_price_can_buy_eligibility[mutation6-firm_authority_missing-9999]" file="tests\test_paid_market_manipulation_mutation.py" line="921" time="0.001" /><testcase classname="tests.test_paid_market_manipulation_mutation" name="test_no_nominal_price_can_buy_eligibility[mutation6-firm_authority_missing-10000]" file="tests\test_paid_market_manipulation_mutation.py" line="921" time="0.001" /><testcase classname="tests.test_paid_market_manipulation_mutation" name="test_price_only_orders_already_eligible_candidates[1]" file="tests\test_paid_market_manipulation_mutation.py" line="946" time="0.000" /><testcase classname="tests.test_paid_market_manipulation_mutation" name="test_price_only_orders_already_eligible_candidates[500]" file="tests\test_paid_market_manipulation_mutation.py" line="946" time="0.001" /><testcase classname="tests.test_paid_market_manipulation_mutation" name="test_price_only_orders_already_eligible_candidates[10000]" file="tests\test_paid_market_manipulation_mutation.py" line="946" time="0.000" /><testcase classname="tests.test_paid_market_manipulation_mutation" name="test_ranking_never_authorizes_anything" file="tests\test_paid_market_manipulation_mutation.py" line="959" time="0.000" /><testcase classname="tests.test_paid_market_manipulation_mutation" name="test_paid_candidate_without_the_canonical_fee_fails_loud" file="tests\test_paid_market_manipulation_mutation.py" line="971" time="0.001" /><testcase classname="tests.test_paid_market_manipulation_mutation" name="test_stale_native_ask_is_never_executable[500]" file="tests\test_paid_market_manipulation_mutation.py" line="981" time="0.001" /><testcase classname="tests.test_paid_market_manipulation_mutation" name="test_stale_native_ask_is_never_executable[1000]" file="tests\test_paid_market_manipulation_mutation.py" line="981" time="0.001" /><testcase classname="tests.test_paid_market_manipulation_mutation" name="test_stale_native_ask_is_never_executable[50000]" file="tests\test_paid_market_manipulation_mutation.py" line="981" time="0.001" /><testcase classname="tests.test_paid_market_manipulation_mutation" name="test_a_fresh_field_does_not_refresh_a_stale_one" file="tests\test_paid_market_manipulation_mutation.py" line="999" time="0.000" /><testcase classname="tests.test_paid_market_manipulation_mutation" name="test_settlements_outside_the_ttl_window_leave_the_index[100]" file="tests\test_paid_market_manipulation_mutation.py" line="1019" time="0.001" /><testcase classname="tests.test_paid_market_manipulation_mutation" name="test_settlements_outside_the_ttl_window_leave_the_index[200]" file="tests\test_paid_market_manipulation_mutation.py" line="1019" time="0.001" /><testcase classname="tests.test_paid_market_manipulation_mutation" name="test_settlements_outside_the_ttl_window_leave_the_index[300]" file="tests\test_paid_market_manipulation_mutation.py" line="1019" time="0.001" /><testcase classname="tests.test_paid_market_manipulation_mutation" name="test_settlement_values_are_exact_integer_micros[1000]" file="tests\test_paid_market_manipulation_mutation.py" line="1037" time="0.001" /><testcase classname="tests.test_paid_market_manipulation_mutation" name="test_settlement_values_are_exact_integer_micros[7]" file="tests\test_paid_market_manipulation_mutation.py" line="1037" time="0.001" /><testcase classname="tests.test_paid_market_manipulation_mutation" name="test_settlement_values_are_exact_integer_micros[1000000000000]" file="tests\test_paid_market_manipulation_mutation.py" line="1037" time="0.001" /><testcase classname="tests.test_paid_market_manipulation_mutation" name="test_non_conserving_settlements_fail_loud[989]" file="tests\test_paid_market_manipulation_mutation.py" line="1053" time="0.001" /><testcase classname="tests.test_paid_market_manipulation_mutation" name="test_non_conserving_settlements_fail_loud[991]" file="tests\test_paid_market_manipulation_mutation.py" line="1053" time="0.001" /><testcase classname="tests.test_paid_market_manipulation_mutation" name="test_non_conserving_settlements_fail_loud[0]" file="tests\test_paid_market_manipulation_mutation.py" line="1053" time="0.001" /><testcase classname="tests.test_paid_market_manipulation_mutation" name="test_vwap_is_an_integer_and_lies_within_the_observed_price_range" file="tests\test_paid_market_manipulation_mutation.py" line="1064" time="0.002" /><testcase classname="tests.test_paid_market_manipulation_mutation" name="test_cross_partition_caps_are_solved_against_one_shared_total[2]" file="tests\test_paid_market_manipulation_mutation.py" line="1104" time="0.002" /><testcase classname="tests.test_paid_market_manipulation_mutation" name="test_cross_partition_caps_are_solved_against_one_shared_total[3]" file="tests\test_paid_market_manipulation_mutation.py" line="1104" time="0.002" /><testcase classname="tests.test_paid_market_manipulation_mutation" name="test_cross_partition_caps_are_solved_against_one_shared_total[5]" file="tests\test_paid_market_manipulation_mutation.py" line="1104" time="0.004" /><testcase classname="tests.test_paid_market_manipulation_mutation" name="test_joint_partition_cap_is_load_bearing" file="tests\test_paid_market_manipulation_mutation.py" line="1131" time="0.004" /><testcase classname="tests.test_paid_market_manipulation_mutation" name="test_single_identity_partition_does_not_dampen_joint_weights" file="tests\test_paid_market_manipulation_mutation.py" line="1142" time="0.001" /><testcase classname="tests.test_paid_market_migrations" name="test_fixture_migration_ids_match_the_migration_directory" file="tests\test_paid_market_migrations.py" line="27" time="0.006" /><testcase classname="tests.test_paid_market_migrations" name="test_fixture_checksum_uses_exact_file_bytes" file="tests\test_paid_market_migrations.py" line="37" time="0.025" /><testcase classname="tests.test_paid_market_migrations" name="test_fixture_discovery_accepts_reserved_version_when_present" file="tests\test_paid_market_migrations.py" line="51" time="0.027" /><testcase classname="tests.test_paid_market_migrations" name="test_fixture_discovery_fails_closed_on_ambiguous_history[filenames0-duplicate migration version 001]" file="tests\test_paid_market_migrations.py" line="64" time="0.011" /><testcase classname="tests.test_paid_market_migrations" name="test_fixture_discovery_fails_closed_on_ambiguous_history[filenames1-migration versions must be gap-free]" file="tests\test_paid_market_migrations.py" line="64" time="0.011" /><testcase classname="tests.test_paid_market_migrations" name="test_fixture_discovery_fails_closed_on_ambiguous_history[filenames2-invalid migration filename]" file="tests\test_paid_market_migrations.py" line="64" time="0.011" /><testcase classname="tests.test_paid_market_migrations" name="test_fresh_apply_replay_history_privileges_and_populated_baseline" file="tests\test_paid_market_migrations.py" line="108" time="0.001"><skipped type="pytest.skip" message="TINYASSETS_TEST_POSTGRES_DSN is required for PostgreSQL proof">C:\Users\Jonathan\Projects\wf-required-test-gate\tests\test_paid_market_migrations.py:109: TINYASSETS_TEST_POSTGRES_DSN is required for PostgreSQL proof</skipped></testcase><testcase classname="tests.test_paid_market_migrations" name="test_populated_baseline_is_independent_of_runner_role_name" file="tests\test_paid_market_migrations.py" line="192" time="0.000"><skipped type="pytest.skip" message="TINYASSETS_TEST_POSTGRES_DSN is required for PostgreSQL proof">C:\Users\Jonathan\Projects\wf-required-test-gate\tests\test_paid_market_migrations.py:193: TINYASSETS_TEST_POSTGRES_DSN is required for PostgreSQL proof</skipped></testcase><testcase classname="tests.test_paid_market_migrations" name="test_failed_migration_rolls_back_and_resume_applies_once" file="tests\test_paid_market_migrations.py" line="245" time="0.000"><skipped type="pytest.skip" message="TINYASSETS_TEST_POSTGRES_DSN is required for PostgreSQL proof">C:\Users\Jonathan\Projects\wf-required-test-gate\tests\test_paid_market_migrations.py:246: TINYASSETS_TEST_POSTGRES_DSN is required for PostgreSQL proof</skipped></testcase><testcase classname="tests.test_paid_market_migrations" name="test_populated_baseline_rejects_missing_late_migration_objects" file="tests\test_paid_market_migrations.py" line="278" time="0.000"><skipped type="pytest.skip" message="TINYASSETS_TEST_POSTGRES_DSN is required for PostgreSQL proof">C:\Users\Jonathan\Projects\wf-required-test-gate\tests\test_paid_market_migrations.py:279: TINYASSETS_TEST_POSTGRES_DSN is required for PostgreSQL proof</skipped></testcase><testcase classname="tests.test_paid_market_migrations" name="test_populated_baseline_history_is_recorded_atomically" file="tests\test_paid_market_migrations.py" line="303" time="0.000"><skipped type="pytest.skip" message="TINYASSETS_TEST_POSTGRES_DSN is required for PostgreSQL proof">C:\Users\Jonathan\Projects\wf-required-test-gate\tests\test_paid_market_migrations.py:304: TINYASSETS_TEST_POSTGRES_DSN is required for PostgreSQL proof</skipped></testcase><testcase classname="tests.test_paid_market_migrations" name="test_populated_baseline_rejects_lookalike_function_body" file="tests\test_paid_market_migrations.py" line="344" time="0.000"><skipped type="pytest.skip" message="TINYASSETS_TEST_POSTGRES_DSN is required for PostgreSQL proof">C:\Users\Jonathan\Projects\wf-required-test-gate\tests\test_paid_market_migrations.py:345: TINYASSETS_TEST_POSTGRES_DSN is required for PostgreSQL proof</skipped></testcase><testcase classname="tests.test_paid_market_migrations" name="test_checksum_drift_lock_timeout_and_concurrent_runners" file="tests\test_paid_market_migrations.py" line="371" time="0.000"><skipped type="pytest.skip" message="TINYASSETS_TEST_POSTGRES_DSN is required for PostgreSQL proof">C:\Users\Jonathan\Projects\wf-required-test-gate\tests\test_paid_market_migrations.py:372: TINYASSETS_TEST_POSTGRES_DSN is required for PostgreSQL proof</skipped></testcase><testcase classname="tests.test_paid_market_postgres" name="test_ledger_boundary_is_non_login_fixed_path_and_least_privilege" file="tests\test_paid_market_postgres.py" line="116" time="0.000"><skipped type="pytest.skip" message="TINYASSETS_TEST_POSTGRES_DSN is required for PostgreSQL proof">C:\Users\Jonathan\Projects\wf-required-test-gate\tests\test_paid_market_postgres.py:117: TINYASSETS_TEST_POSTGRES_DSN is required for PostgreSQL proof</skipped></testcase><testcase classname="tests.test_paid_market_postgres" name="test_private_apply_tx_rejects_missing_postings[private-null-None]" file="tests\test_paid_market_postgres.py" line="183" time="0.000"><skipped type="pytest.skip" message="TINYASSETS_TEST_POSTGRES_DSN is required for PostgreSQL proof">C:\Users\Jonathan\Projects\wf-required-test-gate\tests\test_paid_market_postgres.py:184: TINYASSETS_TEST_POSTGRES_DSN is required for PostgreSQL proof</skipped></testcase><testcase classname="tests.test_paid_market_postgres" name="test_private_apply_tx_rejects_missing_postings[private-empty-[]]" file="tests\test_paid_market_postgres.py" line="183" time="0.000"><skipped type="pytest.skip" message="TINYASSETS_TEST_POSTGRES_DSN is required for PostgreSQL proof">C:\Users\Jonathan\Projects\wf-required-test-gate\tests\test_paid_market_postgres.py:184: TINYASSETS_TEST_POSTGRES_DSN is required for PostgreSQL proof</skipped></testcase><testcase classname="tests.test_paid_market_postgres" name="test_canonical_hash_replay_conflict_and_bounds" file="tests\test_paid_market_postgres.py" line="210" time="0.000"><skipped type="pytest.skip" message="TINYASSETS_TEST_POSTGRES_DSN is required for PostgreSQL proof">C:\Users\Jonathan\Projects\wf-required-test-gate\tests\test_paid_market_postgres.py:211: TINYASSETS_TEST_POSTGRES_DSN is required for PostgreSQL proof</skipped></testcase><testcase classname="tests.test_paid_market_postgres" name="test_identical_replay_100_callers_applies_once" file="tests\test_paid_market_postgres.py" line="305" time="0.000"><skipped type="pytest.skip" message="TINYASSETS_TEST_POSTGRES_DSN is required for PostgreSQL proof">C:\Users\Jonathan\Projects\wf-required-test-gate\tests\test_paid_market_postgres.py:306: TINYASSETS_TEST_POSTGRES_DSN is required for PostgreSQL proof</skipped></testcase><testcase classname="tests.test_paid_market_postgres" name="test_repeatable_read_replay_never_fabricates_a_null_transaction" file="tests\test_paid_market_postgres.py" line="346" time="0.000"><skipped type="pytest.skip" message="TINYASSETS_TEST_POSTGRES_DSN is required for PostgreSQL proof">C:\Users\Jonathan\Projects\wf-required-test-gate\tests\test_paid_market_postgres.py:347: TINYASSETS_TEST_POSTGRES_DSN is required for PostgreSQL proof</skipped></testcase><testcase classname="tests.test_paid_market_postgres" name="test_python_transport_canonical_body_executes_unchanged_in_postgres" file="tests\test_paid_market_postgres.py" line="381" time="0.000"><skipped type="pytest.skip" message="TINYASSETS_TEST_POSTGRES_DSN is required for PostgreSQL proof">C:\Users\Jonathan\Projects\wf-required-test-gate\tests\test_paid_market_postgres.py:382: TINYASSETS_TEST_POSTGRES_DSN is required for PostgreSQL proof</skipped></testcase><testcase classname="tests.test_paid_market_postgres" name="test_duplicate_accounts_match_pure_ledger_and_failures_roll_back" file="tests\test_paid_market_postgres.py" line="457" time="0.000"><skipped type="pytest.skip" message="TINYASSETS_TEST_POSTGRES_DSN is required for PostgreSQL proof">C:\Users\Jonathan\Projects\wf-required-test-gate\tests\test_paid_market_postgres.py:458: TINYASSETS_TEST_POSTGRES_DSN is required for PostgreSQL proof</skipped></testcase><testcase classname="tests.test_paid_market_price_surface" name="test_paid_observation_requires_three_exact_matching_final_receipts" file="tests\test_paid_market_price_surface.py" line="193" time="0.001" /><testcase classname="tests.test_paid_market_price_surface" name="test_any_receipt_binding_mismatch_fails_closed[tenant_id-tenant-b]" file="tests\test_paid_market_price_surface.py" line="207" time="0.001" /><testcase classname="tests.test_paid_market_price_surface" name="test_any_receipt_binding_mismatch_fails_closed[universe_id-universe-b]" file="tests\test_paid_market_price_surface.py" line="207" time="0.001" /><testcase classname="tests.test_paid_market_price_surface" name="test_any_receipt_binding_mismatch_fails_closed[settlement_id-settlement-2]" file="tests\test_paid_market_price_surface.py" line="207" time="0.001" /><testcase classname="tests.test_paid_market_price_surface" name="test_any_receipt_binding_mismatch_fails_closed[accepted_result_id-job-1:8:sha256-other]" file="tests\test_paid_market_price_surface.py" line="207" time="0.001" /><testcase classname="tests.test_paid_market_price_surface" name="test_any_receipt_binding_mismatch_fails_closed[requester_id-buyer-2]" file="tests\test_paid_market_price_surface.py" line="207" time="0.001" /><testcase classname="tests.test_paid_market_price_surface" name="test_any_receipt_binding_mismatch_fails_closed[host_owner_id-seller-2]" file="tests\test_paid_market_price_surface.py" line="207" time="0.001" /><testcase classname="tests.test_paid_market_price_surface" name="test_any_receipt_binding_mismatch_fails_closed[currency-usd]" file="tests\test_paid_market_price_surface.py" line="207" time="0.001" /><testcase classname="tests.test_paid_market_price_surface" name="test_any_receipt_binding_mismatch_fails_closed[token-other]" file="tests\test_paid_market_price_surface.py" line="207" time="0.001" /><testcase classname="tests.test_paid_market_price_surface" name="test_any_receipt_binding_mismatch_fails_closed[chain-other-chain]" file="tests\test_paid_market_price_surface.py" line="207" time="0.001" /><testcase classname="tests.test_paid_market_price_surface" name="test_any_receipt_binding_mismatch_fails_closed[gross_micros-2000]" file="tests\test_paid_market_price_surface.py" line="207" time="0.001" /><testcase classname="tests.test_paid_market_price_surface" name="test_any_receipt_binding_mismatch_fails_closed[net_micros-1980]" file="tests\test_paid_market_price_surface.py" line="207" time="0.001" /><testcase classname="tests.test_paid_market_price_surface" name="test_any_receipt_binding_mismatch_fails_closed[fee_micros-20]" file="tests\test_paid_market_price_surface.py" line="207" time="0.001" /><testcase classname="tests.test_paid_market_price_surface" name="test_any_receipt_binding_mismatch_fails_closed[descriptor_id-sha256:other-descriptor]" file="tests\test_paid_market_price_surface.py" line="207" time="0.001" /><testcase classname="tests.test_paid_market_price_surface" name="test_any_receipt_binding_mismatch_fails_closed[fee_schedule_version-tinyassets.paid-market.fee.v9]" file="tests\test_paid_market_price_surface.py" line="207" time="0.001" /><testcase classname="tests.test_paid_market_price_surface" name="test_any_receipt_binding_mismatch_fails_closed[buyer_principal_root-principal:other]" file="tests\test_paid_market_price_surface.py" line="207" time="0.001" /><testcase classname="tests.test_paid_market_price_surface" name="test_any_receipt_binding_mismatch_fails_closed[seller_principal_root-None]" file="tests\test_paid_market_price_surface.py" line="207" time="0.001" /><testcase classname="tests.test_paid_market_price_surface" name="test_any_receipt_binding_mismatch_fails_closed[linked_party-True]" file="tests\test_paid_market_price_surface.py" line="207" time="0.001" /><testcase classname="tests.test_paid_market_price_surface" name="test_nonaccepted_nonfinal_or_reorg_receipt_never_becomes_price[False-False-final-False-domain_not_accepted]" file="tests\test_paid_market_price_surface.py" line="254" time="0.001" /><testcase classname="tests.test_paid_market_price_surface" name="test_nonaccepted_nonfinal_or_reorg_receipt_never_becomes_price[True-True-final-False-domain_not_accepted]" file="tests\test_paid_market_price_surface.py" line="254" time="0.001" /><testcase classname="tests.test_paid_market_price_surface" name="test_nonaccepted_nonfinal_or_reorg_receipt_never_becomes_price[True-False-pending-False-chain_not_final]" file="tests\test_paid_market_price_surface.py" line="254" time="0.001" /><testcase classname="tests.test_paid_market_price_surface" name="test_nonaccepted_nonfinal_or_reorg_receipt_never_becomes_price[True-False-final-True-chain_not_final]" file="tests\test_paid_market_price_surface.py" line="254" time="0.001" /><testcase classname="tests.test_paid_market_price_surface" name="test_positive_gross_requires_fee_even_when_same_owner_or_linked" file="tests\test_paid_market_price_surface.py" line="292" time="0.001" /><testcase classname="tests.test_paid_market_price_surface" name="test_quantity_is_settlement_evidence_not_a_caller_declaration" file="tests\test_paid_market_price_surface.py" line="322" time="0.001" /><testcase classname="tests.test_paid_market_price_surface" name="test_the_join_takes_no_quantity_argument_at_all" file="tests\test_paid_market_price_surface.py" line="339" time="0.000" /><testcase classname="tests.test_paid_market_price_surface" name="test_unit_price_must_reconstruct_the_settled_gross" file="tests\test_paid_market_price_surface.py" line="348" time="0.001" /><testcase classname="tests.test_paid_market_price_surface" name="test_an_unbounded_price_cannot_reach_the_published_index" file="tests\test_paid_market_price_surface.py" line="366" time="0.003" /><testcase classname="tests.test_paid_market_price_surface" name="test_split_account_volume_cannot_evade_the_influence_cap" file="tests\test_paid_market_price_surface.py" line="403" time="0.023" /><testcase classname="tests.test_paid_market_price_surface" name="test_the_same_settlement_cannot_be_observed_twice" file="tests\test_paid_market_price_surface.py" line="453" time="0.001" /><testcase classname="tests.test_paid_market_price_surface" name="test_party_and_delivery_evidence_fails_closed[linked_party-None]" file="tests\test_paid_market_price_surface.py" line="478" time="0.001" /><testcase classname="tests.test_paid_market_price_surface" name="test_party_and_delivery_evidence_fails_closed[linked_party-0]" file="tests\test_paid_market_price_surface.py" line="478" time="0.001" /><testcase classname="tests.test_paid_market_price_surface" name="test_party_and_delivery_evidence_fails_closed[linked_party-1]" file="tests\test_paid_market_price_surface.py" line="478" time="0.001" /><testcase classname="tests.test_paid_market_price_surface" name="test_party_and_delivery_evidence_fails_closed[linked_party-false]" file="tests\test_paid_market_price_surface.py" line="478" time="0.001" /><testcase classname="tests.test_paid_market_price_surface" name="test_party_and_delivery_evidence_fails_closed[buyer_principal_root-]" file="tests\test_paid_market_price_surface.py" line="478" time="0.001" /><testcase classname="tests.test_paid_market_price_surface" name="test_party_and_delivery_evidence_fails_closed[seller_principal_root-]" file="tests\test_paid_market_price_surface.py" line="478" time="0.001" /><testcase classname="tests.test_paid_market_price_surface" name="test_party_and_delivery_evidence_fails_closed[buyer_principal_root-7]" file="tests\test_paid_market_price_surface.py" line="478" time="0.001" /><testcase classname="tests.test_paid_market_price_surface" name="test_party_and_delivery_evidence_fails_closed[delivered_quantity-True]" file="tests\test_paid_market_price_surface.py" line="478" time="0.001" /><testcase classname="tests.test_paid_market_price_surface" name="test_party_and_delivery_evidence_fails_closed[delivered_quantity-0]" file="tests\test_paid_market_price_surface.py" line="478" time="0.001" /><testcase classname="tests.test_paid_market_price_surface" name="test_party_and_delivery_evidence_fails_closed[delivered_quantity--5]" file="tests\test_paid_market_price_surface.py" line="478" time="0.001" /><testcase classname="tests.test_paid_market_price_surface" name="test_a_bool_cannot_pass_as_the_influence_cap" file="tests\test_paid_market_price_surface.py" line="503" time="0.001" /><testcase classname="tests.test_paid_market_price_surface" name="test_observation_identity_comes_from_the_quote_not_the_caller" file="tests\test_paid_market_price_surface.py" line="520" time="0.001" /><testcase classname="tests.test_paid_market_price_surface" name="test_a_quote_that_does_not_bind_this_settlement_fails_closed[descriptor_id-sha256:other-descriptor-descriptor_binding_mismatch]" file="tests\test_paid_market_price_surface.py" line="531" time="0.001" /><testcase classname="tests.test_paid_market_price_surface" name="test_a_quote_that_does_not_bind_this_settlement_fails_closed[settlement_currency-usd-currency_binding_mismatch]" file="tests\test_paid_market_price_surface.py" line="531" time="0.001" /><testcase classname="tests.test_paid_market_price_surface" name="test_a_quote_that_does_not_bind_this_settlement_fails_closed[fee_schedule_version-tinyassets.paid-market.fee.v9-fee_version_binding_mismatch]" file="tests\test_paid_market_price_surface.py" line="531" time="0.001" /><testcase classname="tests.test_paid_market_price_surface" name="test_a_quote_that_does_not_bind_this_settlement_fails_closed[schema_version-1-quote_scope_unsigned]" file="tests\test_paid_market_price_surface.py" line="531" time="0.001" /><testcase classname="tests.test_paid_market_price_surface" name="test_a_quote_that_does_not_bind_this_settlement_fails_closed[market_scope_revision-None-quote_scope_unsigned]" file="tests\test_paid_market_price_surface.py" line="531" time="0.001" /><testcase classname="tests.test_paid_market_price_surface" name="test_a_quote_that_does_not_bind_this_settlement_fails_closed[public_scope_dimensions-None-quote_scope_unsigned]" file="tests\test_paid_market_price_surface.py" line="531" time="0.001" /><testcase classname="tests.test_paid_market_price_surface" name="test_a_quote_that_does_not_bind_this_settlement_fails_closed[market_class_id--market_class_id is required]" file="tests\test_paid_market_price_surface.py" line="531" time="0.001" /><testcase classname="tests.test_paid_market_price_surface" name="test_quote_attributes_must_match_the_bytes_the_issuer_signed[quote_id-quote-stolen]" file="tests\test_paid_market_price_surface.py" line="554" time="0.001" /><testcase classname="tests.test_paid_market_price_surface" name="test_quote_attributes_must_match_the_bytes_the_issuer_signed[descriptor_id-sha256:descriptor]" file="tests\test_paid_market_price_surface.py" line="554" time="0.001" /><testcase classname="tests.test_paid_market_price_surface" name="test_quote_attributes_must_match_the_bytes_the_issuer_signed[market_class_id-sha256:market]" file="tests\test_paid_market_price_surface.py" line="554" time="0.001" /><testcase classname="tests.test_paid_market_price_surface" name="test_quote_attributes_must_match_the_bytes_the_issuer_signed[market_scope_revision-msr:test:0001]" file="tests\test_paid_market_price_surface.py" line="554" time="0.001" /><testcase classname="tests.test_paid_market_price_surface" name="test_quote_attributes_must_match_the_bytes_the_issuer_signed[settlement_currency-tiny]" file="tests\test_paid_market_price_surface.py" line="554" time="0.001" /><testcase classname="tests.test_paid_market_price_surface" name="test_quote_attributes_must_match_the_bytes_the_issuer_signed[fee_schedule_version-tinyassets.paid-market.fee.v1]" file="tests\test_paid_market_price_surface.py" line="554" time="0.001" /><testcase classname="tests.test_paid_market_price_surface" name="test_quote_attributes_must_match_the_bytes_the_issuer_signed[public_scope_dimensions-{&quot;execution_region_bucket&quot;:&quot;us&quot;,&quot;slo_bucket&quot;:&quot;batch&quot;}]" file="tests\test_paid_market_price_surface.py" line="554" time="0.001" /><testcase classname="tests.test_paid_market_price_surface" name="test_unreadable_or_foreign_signed_bytes_fail_closed[]" file="tests\test_paid_market_price_surface.py" line="598" time="0.001" /><testcase classname="tests.test_paid_market_price_surface" name="test_unreadable_or_foreign_signed_bytes_fail_closed[not-json]" file="tests\test_paid_market_price_surface.py" line="598" time="0.001" /><testcase classname="tests.test_paid_market_price_surface" name="test_unreadable_or_foreign_signed_bytes_fail_closed[[]]" file="tests\test_paid_market_price_surface.py" line="598" time="0.001" /><testcase classname="tests.test_paid_market_price_surface" name="test_unreadable_or_foreign_signed_bytes_fail_closed[&quot;text&quot;]" file="tests\test_paid_market_price_surface.py" line="598" time="0.001" /><testcase classname="tests.test_paid_market_price_surface" name="test_unreadable_or_foreign_signed_bytes_fail_closed[{&quot;domain&quot;:&quot;other&quot;}]" file="tests\test_paid_market_price_surface.py" line="598" time="0.001" /><testcase classname="tests.test_paid_market_price_surface" name="test_unreadable_or_foreign_signed_bytes_fail_closed[None]" file="tests\test_paid_market_price_surface.py" line="598" time="0.001" /><testcase classname="tests.test_paid_market_price_surface" name="test_unreadable_or_foreign_signed_bytes_fail_closed[7]" file="tests\test_paid_market_price_surface.py" line="598" time="0.001" /><testcase classname="tests.test_paid_market_price_surface" name="test_the_join_revalidates_the_quote_scope_bytes" file="tests\test_paid_market_price_surface.py" line="606" time="0.001" /><testcase classname="tests.test_paid_market_price_surface" name="test_the_surface_retains_each_source_descriptor_id_as_evidence" file="tests\test_paid_market_price_surface.py" line="613" time="0.002" /><testcase classname="tests.test_paid_market_price_surface" name="test_positive_but_non_canonical_fee_is_refused" file="tests\test_paid_market_price_surface.py" line="657" time="0.001" /><testcase classname="tests.test_paid_market_price_surface" name="test_fee_schedule_version_must_be_a_known_canonical_schedule" file="tests\test_paid_market_price_surface.py" line="681" time="0.001" /><testcase classname="tests.test_paid_market_price_surface" name="test_settlement_fee_matches_the_landed_canonical_primitive" file="tests\test_paid_market_price_surface.py" line="688" time="0.000" /><testcase classname="tests.test_paid_market_price_surface" name="test_reference_boundary_is_credential_blind_read_only_and_top_line_cheapest" file="tests\test_paid_market_price_surface.py" line="739" time="0.001" /><testcase classname="tests.test_paid_market_price_surface" name="test_malformed_reference_isolated_without_fabricating_fallback[quote_changes0-currency_mismatch]" file="tests\test_paid_market_price_surface.py" line="760" time="0.001" /><testcase classname="tests.test_paid_market_price_surface" name="test_malformed_reference_isolated_without_fabricating_fallback[quote_changes1-market_class_mismatch]" file="tests\test_paid_market_price_surface.py" line="760" time="0.001" /><testcase classname="tests.test_paid_market_price_surface" name="test_malformed_reference_isolated_without_fabricating_fallback[quote_changes2-executable_reference_forbidden]" file="tests\test_paid_market_price_surface.py" line="760" time="0.001" /><testcase classname="tests.test_paid_market_price_surface" name="test_malformed_reference_isolated_without_fabricating_fallback[quote_changes3-invalid_reference_total]" file="tests\test_paid_market_price_surface.py" line="760" time="0.001" /><testcase classname="tests.test_paid_market_price_surface" name="test_timeout_and_partial_reference_fail_independently" file="tests\test_paid_market_price_surface.py" line="794" time="0.001" /><testcase classname="tests.test_paid_market_price_surface" name="test_price_fields_are_independently_fresh_and_only_composite_clamps" file="tests\test_paid_market_price_surface.py" line="832" time="0.002" /><testcase classname="tests.test_paid_market_price_surface" name="test_partial_or_stale_external_reference_never_clamps" file="tests\test_paid_market_price_surface.py" line="890" time="0.002" /><testcase classname="tests.test_paid_market_price_surface" name="test_missing_vwap_is_null_not_zero_and_zero_prices_fail_loud" file="tests\test_paid_market_price_surface.py" line="956" time="0.001" /><testcase classname="tests.test_paid_market_price_surface" name="test_split_accounts_with_inconsistent_caps_are_refused_and_thin_market_is_low_confidence" file="tests\test_paid_market_price_surface.py" line="988" time="0.016" /><testcase classname="tests.test_paid_market_price_surface" name="test_principal_root_self_trade_cannot_move_trusted_vwap" file="tests\test_paid_market_price_surface.py" line="1060" time="0.002" /><testcase classname="tests.test_paid_market_price_surface" name="test_buyer_side_wash_volume_beyond_cap_cannot_move_trusted_vwap" file="tests\test_paid_market_price_surface.py" line="1112" time="0.032" /><testcase classname="tests.test_paid_market_price_surface" name="test_reversed_principal_pair_has_one_direction_insensitive_key" file="tests\test_paid_market_price_surface.py" line="1171" time="0.001" /><testcase classname="tests.test_paid_market_price_surface" name="test_principal_vwap_matches_canonical_oracle_without_caps" file="tests\test_paid_market_price_surface.py" line="1191" time="0.001" /><testcase classname="tests.test_paid_market_quotes" name="test_indicative_quote_is_valid_but_never_executable" file="tests\test_paid_market_quotes.py" line="120" time="0.001" /><testcase classname="tests.test_paid_market_quotes" name="test_native_firm_quote_requires_enrolled_current_signature_and_capacity" file="tests\test_paid_market_quotes.py" line="133" time="0.001" /><testcase classname="tests.test_paid_market_quotes" name="test_revoked_or_unknown_issuer_key_fails_closed" file="tests\test_paid_market_quotes.py" line="149" time="0.001" /><testcase classname="tests.test_paid_market_quotes" name="test_every_authority_field_is_covered_by_signature[path0-quote-2]" file="tests\test_paid_market_quotes.py" line="163" time="0.001" /><testcase classname="tests.test_paid_market_quotes" name="test_every_authority_field_is_covered_by_signature[path1-sha256:other]" file="tests\test_paid_market_quotes.py" line="163" time="0.001" /><testcase classname="tests.test_paid_market_quotes" name="test_every_authority_field_is_covered_by_signature[path2-hmac:other]" file="tests\test_paid_market_quotes.py" line="163" time="0.001" /><testcase classname="tests.test_paid_market_quotes" name="test_every_authority_field_is_covered_by_signature[path3-sha256:other]" file="tests\test_paid_market_quotes.py" line="163" time="0.001" /><testcase classname="tests.test_paid_market_quotes" name="test_every_authority_field_is_covered_by_signature[path4-sha256:other]" file="tests\test_paid_market_quotes.py" line="163" time="0.001" /><testcase classname="tests.test_paid_market_quotes" name="test_every_authority_field_is_covered_by_signature[path5-fee-v2]" file="tests\test_paid_market_quotes.py" line="163" time="0.001" /><testcase classname="tests.test_paid_market_quotes" name="test_every_authority_field_is_covered_by_signature[path6-nonce-2]" file="tests\test_paid_market_quotes.py" line="163" time="0.001" /><testcase classname="tests.test_paid_market_quotes" name="test_every_authority_field_is_covered_by_signature[path7-201]" file="tests\test_paid_market_quotes.py" line="163" time="0.001" /><testcase classname="tests.test_paid_market_quotes" name="test_every_authority_field_is_covered_by_signature[path8-offer-2]" file="tests\test_paid_market_quotes.py" line="163" time="0.001" /><testcase classname="tests.test_paid_market_quotes" name="test_every_authority_field_is_covered_by_signature[path9-4]" file="tests\test_paid_market_quotes.py" line="163" time="0.001" /><testcase classname="tests.test_paid_market_quotes" name="test_every_authority_field_is_covered_by_signature[path10-299]" file="tests\test_paid_market_quotes.py" line="163" time="0.001" /><testcase classname="tests.test_paid_market_quotes" name="test_every_authority_field_is_covered_by_signature[path11-tenant-b]" file="tests\test_paid_market_quotes.py" line="163" time="0.001" /><testcase classname="tests.test_paid_market_quotes" name="test_every_authority_field_is_covered_by_signature[path12-8]" file="tests\test_paid_market_quotes.py" line="163" time="0.001" /><testcase classname="tests.test_paid_market_quotes" name="test_server_recomputes_total_and_requires_positive_fee" file="tests\test_paid_market_quotes.py" line="200" time="0.001" /><testcase classname="tests.test_paid_market_quotes" name="test_lane_totals_cover_required_priced_components[training-components0]" file="tests\test_paid_market_quotes.py" line="218" time="0.001" /><testcase classname="tests.test_paid_market_quotes" name="test_lane_totals_cover_required_priced_components[task-components1]" file="tests\test_paid_market_quotes.py" line="218" time="0.001" /><testcase classname="tests.test_paid_market_quotes" name="test_lane_totals_cover_required_priced_components[fabrication-components2]" file="tests\test_paid_market_quotes.py" line="218" time="0.001" /><testcase classname="tests.test_paid_market_quotes" name="test_missing_lane_component_unknown_fields_and_versions_fail_loud" file="tests\test_paid_market_quotes.py" line="274" time="0.001" /><testcase classname="tests.test_paid_market_quotes" name="test_quote_expiry_fee_drift_and_currency_mismatch_fail_before_ranking" file="tests\test_paid_market_quotes.py" line="313" time="0.001" /><testcase classname="tests.test_paid_market_quotes" name="test_capacity_consumption_is_immutable_bound_and_conserved" file="tests\test_paid_market_quotes.py" line="328" time="0.001" /><testcase classname="tests.test_paid_market_quotes" name="test_capacity_binding_mismatch_fails_without_consumption[tenant_id-tenant-b]" file="tests\test_paid_market_quotes.py" line="372" time="0.001" /><testcase classname="tests.test_paid_market_quotes" name="test_capacity_binding_mismatch_fails_without_consumption[demand_commitment-hmac:other]" file="tests\test_paid_market_quotes.py" line="372" time="0.001" /><testcase classname="tests.test_paid_market_quotes" name="test_capacity_binding_mismatch_fails_without_consumption[quote_id-quote-2]" file="tests\test_paid_market_quotes.py" line="372" time="0.001" /><testcase classname="tests.test_paid_market_quotes" name="test_capacity_binding_mismatch_fails_without_consumption[descriptor_id-sha256:other]" file="tests\test_paid_market_quotes.py" line="372" time="0.001" /><testcase classname="tests.test_paid_market_quotes" name="test_capacity_binding_mismatch_fails_without_consumption[offer_id-offer-2]" file="tests\test_paid_market_quotes.py" line="372" time="0.001" /><testcase classname="tests.test_paid_market_quotes" name="test_capacity_binding_mismatch_fails_without_consumption[offer_version-4]" file="tests\test_paid_market_quotes.py" line="372" time="0.001" /><testcase classname="tests.test_paid_market_quotes" name="test_fx_conversion_is_exact_bound_and_separately_approved" file="tests\test_paid_market_quotes.py" line="402" time="0.001" /><testcase classname="tests.test_paid_market_quotes" name="test_nominal_unit_price_cannot_override_total_or_signed_descriptor" file="tests\test_paid_market_quotes.py" line="426" time="0.001" /><testcase classname="tests.test_paid_market_realtime" name="test_open_bidding_appends_outbox_in_same_commit_then_announces_minimal_envelope" file="tests\test_paid_market_realtime.py" line="83" time="0.001" /><testcase classname="tests.test_paid_market_realtime" name="test_notification_failure_leaves_durable_request_and_outbox_for_catchup" file="tests\test_paid_market_realtime.py" line="122" time="0.001" /><testcase classname="tests.test_paid_market_realtime" name="test_cancellation_appends_and_announces_a_tombstone_invalidation" file="tests\test_paid_market_realtime.py" line="148" time="0.001" /><testcase classname="tests.test_paid_market_realtime" name="test_realtime_bounds_must_be_positive[kwargs0]" file="tests\test_paid_market_realtime.py" line="179" time="0.001" /><testcase classname="tests.test_paid_market_realtime" name="test_realtime_bounds_must_be_positive[kwargs1]" file="tests\test_paid_market_realtime.py" line="179" time="0.000" /><testcase classname="tests.test_paid_market_realtime" name="test_realtime_bounds_must_be_positive[kwargs2]" file="tests\test_paid_market_realtime.py" line="179" time="0.000" /><testcase classname="tests.test_paid_market_realtime" name="test_reconnect_merges_snapshot_catchup_and_buffered_frames_by_latest_version" file="tests\test_paid_market_realtime.py" line="240" time="0.001" /><testcase classname="tests.test_paid_market_realtime" name="test_compacted_watermark_requires_fresh_snapshot_and_unauthorized_fetch_leaks_nothing" file="tests\test_paid_market_realtime.py" line="280" time="0.001" /><testcase classname="tests.test_paid_market_realtime" name="test_backpressure_coalesces_latest_versions_fairly_and_reports_degraded" file="tests\test_paid_market_realtime.py" line="312" time="0.001" /><testcase classname="tests.test_paid_market_realtime" name="test_retry_exhaustion_cannot_enter_live_tail_with_partial_state" file="tests\test_paid_market_realtime.py" line="352" time="0.001" /><testcase classname="tests.test_paid_market_realtime" name="test_subscription_bound_prevents_unbounded_shard_fanout" file="tests\test_paid_market_realtime.py" line="379" time="0.001" /><testcase classname="tests.test_paid_market_routing" name="test_free_mandate_never_silently_selects_paid_or_byoc" file="tests\test_paid_market_routing.py" line="88" time="0.001" /><testcase classname="tests.test_paid_market_routing" name="test_byoc_requires_requester_owned_authority_and_never_creates_market_fee" file="tests\test_paid_market_routing.py" line="116" time="0.001" /><testcase classname="tests.test_paid_market_routing" name="test_paid_routing_uses_cheapest_adequate_total_and_requires_fee" file="tests\test_paid_market_routing.py" line="142" time="0.001" /><testcase classname="tests.test_paid_market_routing" name="test_every_material_rejection_reason_is_recorded[candidate0-route_request0-expired]" file="tests\test_paid_market_routing.py" line="172" time="0.001" /><testcase classname="tests.test_paid_market_routing" name="test_every_material_rejection_reason_is_recorded[candidate1-route_request1-fee_version_mismatch]" file="tests\test_paid_market_routing.py" line="172" time="0.001" /><testcase classname="tests.test_paid_market_routing" name="test_every_material_rejection_reason_is_recorded[candidate2-route_request2-currency_mismatch]" file="tests\test_paid_market_routing.py" line="172" time="0.001" /><testcase classname="tests.test_paid_market_routing" name="test_every_material_rejection_reason_is_recorded[candidate3-route_request3-eligibility_revoked]" file="tests\test_paid_market_routing.py" line="172" time="0.001" /><testcase classname="tests.test_paid_market_routing" name="test_every_material_rejection_reason_is_recorded[candidate4-route_request4-missing_eligibility:privacy:private]" file="tests\test_paid_market_routing.py" line="172" time="0.001" /><testcase classname="tests.test_paid_market_routing" name="test_every_material_rejection_reason_is_recorded[candidate5-route_request5-hard_constraint:model]" file="tests\test_paid_market_routing.py" line="172" time="0.001" /><testcase classname="tests.test_paid_market_routing" name="test_every_material_rejection_reason_is_recorded[candidate6-route_request6-price_cap_exceeded]" file="tests\test_paid_market_routing.py" line="172" time="0.001" /><testcase classname="tests.test_paid_market_routing" name="test_every_material_rejection_reason_is_recorded[candidate7-route_request7-spend_cap_exceeded]" file="tests\test_paid_market_routing.py" line="172" time="0.001" /><testcase classname="tests.test_paid_market_routing" name="test_every_material_rejection_reason_is_recorded[candidate8-route_request8-requester_authority_missing]" file="tests\test_paid_market_routing.py" line="172" time="0.001" /><testcase classname="tests.test_paid_market_routing" name="test_service_attributes_are_explicit_tie_breaks_not_hidden_money" file="tests\test_paid_market_routing.py" line="245" time="0.000" /><testcase classname="tests.test_paid_market_routing" name="test_ranking_is_immutable_and_grants_no_downstream_authority" file="tests\test_paid_market_routing.py" line="272" time="0.000" /><testcase classname="tests.test_paid_market_routing" name="test_private_receipt_uses_non_enumerable_tenant_keyed_commitments" file="tests\test_paid_market_routing.py" line="294" time="0.001" /><testcase classname="tests.test_paid_market_routing" name="test_receipt_replay_and_public_projection_preserve_only_required_evidence" file="tests\test_paid_market_routing.py" line="344" time="0.001" /><testcase classname="tests.test_paid_market_routing" name="test_retention_and_legal_hold_fail_closed" file="tests\test_paid_market_routing.py" line="382" time="0.001" /><testcase classname="tests.test_paid_market_scope_provenance" name="test_dimensions_are_canonical_ascii_object_bytes" file="tests\test_paid_market_scope_provenance.py" line="77" time="0.000" /><testcase classname="tests.test_paid_market_scope_provenance" name="test_projection_is_order_independent_and_deterministic" file="tests\test_paid_market_scope_provenance.py" line="85" time="0.000" /><testcase classname="tests.test_paid_market_scope_provenance" name="test_unknown_dimension_is_refused" file="tests\test_paid_market_scope_provenance.py" line="91" time="0.001" /><testcase classname="tests.test_paid_market_scope_provenance" name="test_missing_dimension_is_refused" file="tests\test_paid_market_scope_provenance.py" line="101" time="0.001" /><testcase classname="tests.test_paid_market_scope_provenance" name="test_value_outside_the_allowlist_is_refused" file="tests\test_paid_market_scope_provenance.py" line="109" time="0.001" /><testcase classname="tests.test_paid_market_scope_provenance" name="test_scope_cannot_silently_reclassify_a_market_facet" file="tests\test_paid_market_scope_provenance.py" line="117" time="0.001" /><testcase classname="tests.test_paid_market_scope_provenance" name="test_declared_canonical_projection_derives_from_the_bound_facet" file="tests\test_paid_market_scope_provenance.py" line="135" time="0.001" /><testcase classname="tests.test_paid_market_scope_provenance" name="test_tuple_string_scope_is_not_equivalent_authority[candidate0]" file="tests\test_paid_market_scope_provenance.py" line="167" time="0.001" /><testcase classname="tests.test_paid_market_scope_provenance" name="test_tuple_string_scope_is_not_equivalent_authority[candidate1]" file="tests\test_paid_market_scope_provenance.py" line="167" time="0.001" /><testcase classname="tests.test_paid_market_scope_provenance" name="test_tuple_string_scope_is_not_equivalent_authority[region:us]" file="tests\test_paid_market_scope_provenance.py" line="167" time="0.001" /><testcase classname="tests.test_paid_market_scope_provenance" name="test_tuple_string_scope_is_not_equivalent_authority[{&quot;slo_bucket&quot;:&quot;batch&quot;, &quot;execution_region_bucket&quot;:&quot;us&quot;}]" file="tests\test_paid_market_scope_provenance.py" line="167" time="0.001" /><testcase classname="tests.test_paid_market_scope_provenance" name="test_tuple_string_scope_is_not_equivalent_authority[[&quot;us&quot;,&quot;batch&quot;]]" file="tests\test_paid_market_scope_provenance.py" line="167" time="0.001" /><testcase classname="tests.test_paid_market_scope_provenance" name="test_tuple_string_scope_is_not_equivalent_authority[]" file="tests\test_paid_market_scope_provenance.py" line="167" time="0.001" /><testcase classname="tests.test_paid_market_scope_provenance" name="test_scope_domain_is_named_for_provenance" file="tests\test_paid_market_scope_provenance.py" line="185" time="0.000" /><testcase classname="tests.test_paid_market_scope_provenance" name="test_v1_quote_stays_verifiable_as_its_original_closed_schema" file="tests\test_paid_market_scope_provenance.py" line="283" time="0.001" /><testcase classname="tests.test_paid_market_scope_provenance" name="test_v1_quote_cannot_carry_scope_fields" file="tests\test_paid_market_scope_provenance.py" line="298" time="0.001" /><testcase classname="tests.test_paid_market_scope_provenance" name="test_scope_provenance_requires_quote_schema_v2" file="tests\test_paid_market_scope_provenance.py" line="307" time="0.001" /><testcase classname="tests.test_paid_market_scope_provenance" name="test_v1_signature_cannot_authorize_the_new_scope_fields" file="tests\test_paid_market_scope_provenance.py" line="322" time="0.001" /><testcase classname="tests.test_paid_market_scope_provenance" name="test_changed_or_downgraded_scope_fails_verification_before_ranking[market_scope_revision-msr:2026-07-25:tampered]" file="tests\test_paid_market_scope_provenance.py" line="340" time="0.001" /><testcase classname="tests.test_paid_market_scope_provenance" name="test_changed_or_downgraded_scope_fails_verification_before_ranking[public_scope_dimensions-{&quot;execution_region_bucket&quot;:&quot;eu&quot;,&quot;slo_bucket&quot;:&quot;batch&quot;}]" file="tests\test_paid_market_scope_provenance.py" line="340" time="0.001" /><testcase classname="tests.test_paid_market_scope_provenance" name="test_changed_or_downgraded_scope_fails_verification_before_ranking[schema_version-1]" file="tests\test_paid_market_scope_provenance.py" line="340" time="0.001" /><testcase classname="tests.test_paid_market_scope_provenance" name="test_only_the_closed_schema_version_set_selects_a_signing_domain[True]" file="tests\test_paid_market_scope_provenance.py" line="364" time="0.001" /><testcase classname="tests.test_paid_market_scope_provenance" name="test_only_the_closed_schema_version_set_selects_a_signing_domain[False]" file="tests\test_paid_market_scope_provenance.py" line="364" time="0.001" /><testcase classname="tests.test_paid_market_scope_provenance" name="test_only_the_closed_schema_version_set_selects_a_signing_domain[1.0]" file="tests\test_paid_market_scope_provenance.py" line="364" time="0.001" /><testcase classname="tests.test_paid_market_scope_provenance" name="test_only_the_closed_schema_version_set_selects_a_signing_domain[1]" file="tests\test_paid_market_scope_provenance.py" line="364" time="0.001" /><testcase classname="tests.test_paid_market_scope_provenance" name="test_only_the_closed_schema_version_set_selects_a_signing_domain[2]" file="tests\test_paid_market_scope_provenance.py" line="364" time="0.001" /><testcase classname="tests.test_paid_market_scope_provenance" name="test_only_the_closed_schema_version_set_selects_a_signing_domain[None]" file="tests\test_paid_market_scope_provenance.py" line="364" time="0.001" /><testcase classname="tests.test_paid_market_scope_provenance" name="test_only_the_closed_schema_version_set_selects_a_signing_domain[0]" file="tests\test_paid_market_scope_provenance.py" line="364" time="0.001" /><testcase classname="tests.test_paid_market_scope_provenance" name="test_only_the_closed_schema_version_set_selects_a_signing_domain[3]" file="tests\test_paid_market_scope_provenance.py" line="364" time="0.001" /><testcase classname="tests.test_paid_market_scope_provenance" name="test_tuple_scope_substitution_in_a_quote_is_refused" file="tests\test_paid_market_scope_provenance.py" line="376" time="0.001" /><testcase classname="tests.test_paid_market_scope_provenance" name="test_observation_binds_canonical_scope_bytes" file="tests\test_paid_market_scope_provenance.py" line="528" time="0.001" /><testcase classname="tests.test_paid_market_scope_provenance" name="test_the_observation_scope_is_the_signature_verified_quote_scope" file="tests\test_paid_market_scope_provenance.py" line="535" time="0.001" /><testcase classname="tests.test_paid_market_scope_provenance" name="test_a_tampered_scope_produces_no_observation_at_all" file="tests\test_paid_market_scope_provenance.py" line="562" time="0.001" /><testcase classname="tests.test_paid_market_scope_provenance" name="test_a_v1_quote_can_never_stand_behind_a_public_observation" file="tests\test_paid_market_scope_provenance.py" line="577" time="0.001" /><testcase classname="tests.test_paid_market_scope_provenance" name="test_the_settlement_must_match_the_quote_it_claims" file="tests\test_paid_market_scope_provenance.py" line="586" time="0.001" /><testcase classname="tests.test_paid_market_scope_provenance" name="test_observation_refuses_non_canonical_scope[candidate0]" file="tests\test_paid_market_scope_provenance.py" line="599" time="0.001" /><testcase classname="tests.test_paid_market_scope_provenance" name="test_observation_refuses_non_canonical_scope[candidate1]" file="tests\test_paid_market_scope_provenance.py" line="599" time="0.001" /><testcase classname="tests.test_paid_market_scope_provenance" name="test_observation_refuses_non_canonical_scope[us]" file="tests\test_paid_market_scope_provenance.py" line="599" time="0.001" /><testcase classname="tests.test_paid_market_scope_provenance" name="test_observation_refuses_non_canonical_scope[not-json]" file="tests\test_paid_market_scope_provenance.py" line="599" time="0.001" /><testcase classname="tests.test_paid_market_scope_provenance" name="test_observation_refuses_non_canonical_scope[[&quot;us&quot;]]" file="tests\test_paid_market_scope_provenance.py" line="599" time="0.001" /><testcase classname="tests.test_paid_market_scope_provenance" name="test_observation_requires_a_bound_scope_revision" file="tests\test_paid_market_scope_provenance.py" line="608" time="0.001" /><testcase classname="tests.test_paid_market_scope_provenance" name="test_aggregate_key_is_the_full_class_revision_dimensions_triple" file="tests\test_paid_market_scope_provenance.py" line="613" time="0.001" /><testcase classname="tests.test_paid_market_scope_provenance" name="test_aggregator_cannot_substitute_a_tuple_scope_key" file="tests\test_paid_market_scope_provenance.py" line="654" time="0.001" /><testcase classname="tests.test_paid_market_transport" name="test_transport_defaults_off_and_never_calls_rpc" file="tests\test_paid_market_transport.py" line="88" time="0.001" /><testcase classname="tests.test_paid_market_transport" name="test_transport_serializes_pure_entries_unchanged_and_recomputes_hash" file="tests\test_paid_market_transport.py" line="99" time="0.001" /><testcase classname="tests.test_paid_market_transport" name="test_enabled_transport_requires_a_trusted_authority_verifier" file="tests\test_paid_market_transport.py" line="119" time="0.001" /><testcase classname="tests.test_paid_market_transport" name="test_transport_rejects_applied_or_replayed_result_without_tx_id" file="tests\test_paid_market_transport.py" line="127" time="0.001" /><testcase classname="tests.test_paid_market_transport" name="test_transport_rejects_caller_selected_authority[mutation0-tenant]" file="tests\test_paid_market_transport.py" line="140" time="0.001" /><testcase classname="tests.test_paid_market_transport" name="test_transport_rejects_caller_selected_authority[mutation1-grant]" file="tests\test_paid_market_transport.py" line="140" time="0.001" /><testcase classname="tests.test_paid_market_transport" name="test_transport_enforces_every_signed_grant_bound[grant_change0-expired]" file="tests\test_paid_market_transport.py" line="156" time="0.001" /><testcase classname="tests.test_paid_market_transport" name="test_transport_enforces_every_signed_grant_bound[grant_change1-action]" file="tests\test_paid_market_transport.py" line="156" time="0.001" /><testcase classname="tests.test_paid_market_transport" name="test_transport_enforces_every_signed_grant_bound[grant_change2-account]" file="tests\test_paid_market_transport.py" line="156" time="0.001" /><testcase classname="tests.test_paid_market_transport" name="test_transport_enforces_every_signed_grant_bound[grant_change3-amount]" file="tests\test_paid_market_transport.py" line="156" time="0.001" /><testcase classname="tests.test_paid_market_transport" name="test_transport_enforces_every_signed_grant_bound[grant_change4-target]" file="tests\test_paid_market_transport.py" line="156" time="0.001" /><testcase classname="tests.test_paid_market_transport" name="test_transport_enforces_every_signed_grant_bound[grant_change5-tenant]" file="tests\test_paid_market_transport.py" line="156" time="0.001" /><testcase classname="tests.test_paid_market_transport" name="test_transport_enforces_every_signed_grant_bound[grant_change6-signature]" file="tests\test_paid_market_transport.py" line="156" time="0.001" /><testcase classname="tests.test_paid_market_transport" name="test_transport_rejects_non_integer_or_unbalanced_postings" file="tests\test_paid_market_transport.py" line="178" time="0.000" /><testcase classname="tests.test_paid_market_transport" name="test_transport_rejects_postings_not_emitted_by_the_spot_adapter" file="tests\test_paid_market_transport.py" line="191" time="0.001" /><testcase classname="tests.test_paid_market_transport" name="test_transport_exposes_no_direct_balance_or_table_writer" file="tests\test_paid_market_transport.py" line="205" time="0.000" /><testcase classname="tests.test_paid_market_workflow" name="test_workflow_commands_are_immutable_and_protocol_dependencies_are_injected" file="tests\test_paid_market_workflow.py" line="63" time="0.001" /><testcase classname="tests.test_paid_market_workflow" name="test_identical_submission_replays_and_changed_body_conflicts" file="tests\test_paid_market_workflow.py" line="75" time="0.001" /><testcase classname="tests.test_paid_market_workflow" name="test_replay_returns_the_original_result_snapshot_after_later_transitions" file="tests\test_paid_market_workflow.py" line="92" time="0.001" /><testcase classname="tests.test_paid_market_workflow" name="test_every_specified_state_edge_is_explicit_and_other_edges_are_forbidden" file="tests\test_paid_market_workflow.py" line="133" time="0.001" /><testcase classname="tests.test_paid_market_workflow" name="test_opening_runtime_transition_table_changes_command_behavior" file="tests\test_paid_market_workflow.py" line="179" time="0.001" /><testcase classname="tests.test_paid_market_workflow" name="test_requester_or_current_bounded_grant_can_open_bidding_but_other_actor_cannot" file="tests\test_paid_market_workflow.py" line="235" time="0.001" /><testcase classname="tests.test_paid_market_workflow" name="test_submission_rejects_unbounded_fanout[0]" file="tests\test_paid_market_workflow.py" line="280" time="0.000" /><testcase classname="tests.test_paid_market_workflow" name="test_submission_rejects_unbounded_fanout[17]" file="tests\test_paid_market_workflow.py" line="280" time="0.001" /><testcase classname="tests.test_paid_market_workflow" name="test_submission_rejects_unbounded_fanout[True]" file="tests\test_paid_market_workflow.py" line="280" time="0.000" /><testcase classname="tests.test_paid_market_workflow" name="test_concurrent_identical_cancel_replays_one_append_only_transition" file="tests\test_paid_market_workflow.py" line="289" time="0.004" /><testcase classname="tests.test_paid_market_workflow" name="test_existing_market_api_does_not_advertise_a_new_paid_request_action" file="tests\test_paid_market_workflow.py" line="334" time="0.000" /><testcase classname="tests.test_paid_market_workflow_postgres" name="test_fixture_workflow_migration_is_dark_and_omits_unowned_delivery_authority" file="tests\test_paid_market_workflow_postgres.py" line="29" time="0.001" /><testcase classname="tests.test_paid_market_workflow_postgres" name="test_workflow_roles_deny_direct_dml_and_commands_use_fixed_non_login_owner" file="tests\test_paid_market_workflow_postgres.py" line="155" time="0.000"><skipped type="pytest.skip" message="TINYASSETS_TEST_POSTGRES_DSN is required for PostgreSQL proof">C:\Users\Jonathan\Projects\wf-required-test-gate\tests\test_paid_market_workflow_postgres.py:156: TINYASSETS_TEST_POSTGRES_DSN is required for PostgreSQL proof</skipped></testcase><testcase classname="tests.test_paid_market_workflow_postgres" name="test_submission_transition_idempotency_authority_outbox_and_hostile_search_path" file="tests\test_paid_market_workflow_postgres.py" line="214" time="0.000"><skipped type="pytest.skip" message="TINYASSETS_TEST_POSTGRES_DSN is required for PostgreSQL proof">C:\Users\Jonathan\Projects\wf-required-test-gate\tests\test_paid_market_workflow_postgres.py:215: TINYASSETS_TEST_POSTGRES_DSN is required for PostgreSQL proof</skipped></testcase><testcase classname="tests.test_paid_market_workflow_postgres" name="test_rls_hides_full_workflow_rows_from_unrelated_tenant_member" file="tests\test_paid_market_workflow_postgres.py" line="295" time="0.000"><skipped type="pytest.skip" message="TINYASSETS_TEST_POSTGRES_DSN is required for PostgreSQL proof">C:\Users\Jonathan\Projects\wf-required-test-gate\tests\test_paid_market_workflow_postgres.py:296: TINYASSETS_TEST_POSTGRES_DSN is required for PostgreSQL proof</skipped></testcase><testcase classname="tests.test_paid_market_workflow_postgres" name="test_accounting_wrapper_cas_fee_drain_replay_and_failure_rollback" file="tests\test_paid_market_workflow_postgres.py" line="471" time="0.000"><skipped type="pytest.skip" message="TINYASSETS_TEST_POSTGRES_DSN is required for PostgreSQL proof">C:\Users\Jonathan\Projects\wf-required-test-gate\tests\test_paid_market_workflow_postgres.py:472: TINYASSETS_TEST_POSTGRES_DSN is required for PostgreSQL proof</skipped></testcase><testcase classname="tests.test_paid_market_workflow_postgres" name="test_accounting_wrapper_rechecks_signed_account_bound_grant_and_revocation" file="tests\test_paid_market_workflow_postgres.py" line="640" time="0.000"><skipped type="pytest.skip" message="TINYASSETS_TEST_POSTGRES_DSN is required for PostgreSQL proof">C:\Users\Jonathan\Projects\wf-required-test-gate\tests\test_paid_market_workflow_postgres.py:641: TINYASSETS_TEST_POSTGRES_DSN is required for PostgreSQL proof</skipped></testcase><testcase classname="tests.test_paid_market_workflow_postgres" name="test_randomized_persistent_settlements_match_pure_ledger_and_always_charge_fee" file="tests\test_paid_market_workflow_postgres.py" line="767" time="0.001"><skipped type="pytest.skip" message="TINYASSETS_TEST_POSTGRES_DSN is required for PostgreSQL proof">C:\Users\Jonathan\Projects\wf-required-test-gate\tests\test_paid_market_workflow_postgres.py:768: TINYASSETS_TEST_POSTGRES_DSN is required for PostgreSQL proof</skipped></testcase><testcase classname="tests.test_paid_market_workflow_postgres" name="test_zero_host_status_is_durable_pending_and_settlement_unavailable" file="tests\test_paid_market_workflow_postgres.py" line="835" time="0.000"><skipped type="pytest.skip" message="TINYASSETS_TEST_POSTGRES_DSN is required for PostgreSQL proof">C:\Users\Jonathan\Projects\wf-required-test-gate\tests\test_paid_market_workflow_postgres.py:836: TINYASSETS_TEST_POSTGRES_DSN is required for PostgreSQL proof</skipped></testcase><testcase classname="tests.test_patch_branch_auth_gate.TestPatchBranchAuthGate" name="test_author_can_patch_own_branch" file="tests\test_patch_branch_auth_gate.py" line="73" time="0.255" /><testcase classname="tests.test_patch_branch_auth_gate.TestPatchBranchAuthGate" name="test_non_author_is_rejected" file="tests\test_patch_branch_auth_gate.py" line="80" time="0.212" /><testcase classname="tests.test_patch_branch_auth_gate.TestPatchBranchAuthGate" name="test_non_author_cannot_force_through" file="tests\test_patch_branch_auth_gate.py" line="88" time="0.183" /><testcase classname="tests.test_patch_branch_auth_gate.TestPatchBranchAuthGate" name="test_anonymous_cannot_create_branch" file="tests\test_patch_branch_auth_gate.py" line="96" time="0.073" /><testcase classname="tests.test_patch_branch_auth_gate.TestPatchBranchAuthGate" name="test_anonymous_caller_against_authored_branch_is_rejected" file="tests\test_patch_branch_auth_gate.py" line="115" time="0.224" /><testcase classname="tests.test_patch_branch_metadata.TestPatchBranchMetadataOps" name="test_set_name_round_trips" file="tests\test_patch_branch_metadata.py" line="79" time="0.171"><failure message="KeyError: 'status'">self = &lt;tests.test_patch_branch_metadata.TestPatchBranchMetadataOps object at 0x0000018D8883D950&gt;
ext_env = (&lt;module 'tinyassets.universe_server' from 'C:\\Users\\Jonathan\\Projects\\wf-required-test-gate\\tinyassets\\universe..., WindowsPath('C:/Users/Jonathan/AppData/Local/Temp/pytest-of-Jonathan/pytest-7404/test_set_name_round_trips0/output'))

    def test_set_name_round_trips(self, ext_env):
        us, base = ext_env
&gt;       bid = _build(us, name="original")
              ^^^^^^^^^^^^^^^^^^^^^^^^^^^

tests\test_patch_branch_metadata.py:82: 
_ _ _ _ _ _ _ _ _ _ _ _ _ _ _ _ _ _ _ _ _ _ _ _ _ _ _ _ _ _ _ _ _ _ _ _ _ _ _ _

us = &lt;module 'tinyassets.universe_server' from 'C:\\Users\\Jonathan\\Projects\\wf-required-test-gate\\tinyassets\\universe_server.py'&gt;

    def _build(us, *, name: str = "b", tags: list | None = None,
               description: str = "") -&gt; str:
        spec = {
            "name": name,
            "description": description,
            "tags": tags or [],
            "entry_point": "capture",
            "node_defs": [{
                "node_id": "capture",
                "display_name": "Capture",
                "prompt_template": "cap: {x}",
            }],
            "edges": [
                {"from": "START", "to": "capture"},
                {"from": "capture", "to": "END"},
            ],
            "state_schema": [{"name": "x", "type": "str"}],
        }
        res = _call(us, "extensions", "build_branch", spec_json=json.dumps(spec))
&gt;       assert res["status"] == "built", res
               ^^^^^^^^^^^^^
E       KeyError: 'status'

tests\test_patch_branch_metadata.py:58: KeyError</failure></testcase><testcase classname="tests.test_patch_branch_metadata.TestPatchBranchMetadataOps" name="test_set_name_rejects_empty" file="tests\test_patch_branch_metadata.py" line="86" time="0.141"><failure message="KeyError: 'status'">self = &lt;tests.test_patch_branch_metadata.TestPatchBranchMetadataOps object at 0x0000018D8883DA90&gt;
ext_env = (&lt;module 'tinyassets.universe_server' from 'C:\\Users\\Jonathan\\Projects\\wf-required-test-gate\\tinyassets\\universe...WindowsPath('C:/Users/Jonathan/AppData/Local/Temp/pytest-of-Jonathan/pytest-7404/test_set_name_rejects_empty0/output'))

    def test_set_name_rejects_empty(self, ext_env):
        us, _ = ext_env
&gt;       bid = _build(us, name="original")
              ^^^^^^^^^^^^^^^^^^^^^^^^^^^

tests\test_patch_branch_metadata.py:89: 
_ _ _ _ _ _ _ _ _ _ _ _ _ _ _ _ _ _ _ _ _ _ _ _ _ _ _ _ _ _ _ _ _ _ _ _ _ _ _ _

us = &lt;module 'tinyassets.universe_server' from 'C:\\Users\\Jonathan\\Projects\\wf-required-test-gate\\tinyassets\\universe_server.py'&gt;

    def _build(us, *, name: str = "b", tags: list | None = None,
               description: str = "") -&gt; str:
        spec = {
            "name": name,
            "description": description,
            "tags": tags or [],
            "entry_point": "capture",
            "node_defs": [{
                "node_id": "capture",
                "display_name": "Capture",
                "prompt_template": "cap: {x}",
            }],
            "edges": [
                {"from": "START", "to": "capture"},
                {"from": "capture", "to": "END"},
            ],
            "state_schema": [{"name": "x", "type": "str"}],
        }
        res = _call(us, "extensions", "build_branch", spec_json=json.dumps(spec))
&gt;       assert res["status"] == "built", res
               ^^^^^^^^^^^^^
E       KeyError: 'status'

tests\test_patch_branch_metadata.py:58: KeyError</failure></testcase><testcase classname="tests.test_patch_branch_metadata.TestPatchBranchMetadataOps" name="test_set_description_round_trips" file="tests\test_patch_branch_metadata.py" line="92" time="0.144"><failure message="KeyError: 'status'">self = &lt;tests.test_patch_branch_metadata.TestPatchBranchMetadataOps object at 0x0000018D890E9CD0&gt;
ext_env = (&lt;module 'tinyassets.universe_server' from 'C:\\Users\\Jonathan\\Projects\\wf-required-test-gate\\tinyassets\\universe...dowsPath('C:/Users/Jonathan/AppData/Local/Temp/pytest-of-Jonathan/pytest-7404/test_set_description_round_tri0/output'))

    def test_set_description_round_trips(self, ext_env):
        us, base = ext_env
&gt;       bid = _build(us, description="first draft")
              ^^^^^^^^^^^^^^^^^^^^^^^^^^^^^^^^^^^^^

tests\test_patch_branch_metadata.py:95: 
_ _ _ _ _ _ _ _ _ _ _ _ _ _ _ _ _ _ _ _ _ _ _ _ _ _ _ _ _ _ _ _ _ _ _ _ _ _ _ _

us = &lt;module 'tinyassets.universe_server' from 'C:\\Users\\Jonathan\\Projects\\wf-required-test-gate\\tinyassets\\universe_server.py'&gt;

    def _build(us, *, name: str = "b", tags: list | None = None,
               description: str = "") -&gt; str:
        spec = {
            "name": name,
            "description": description,
            "tags": tags or [],
            "entry_point": "capture",
            "node_defs": [{
                "node_id": "capture",
                "display_name": "Capture",
                "prompt_template": "cap: {x}",
            }],
            "edges": [
                {"from": "START", "to": "capture"},
                {"from": "capture", "to": "END"},
            ],
            "state_schema": [{"name": "x", "type": "str"}],
        }
        res = _call(us, "extensions", "build_branch", spec_json=json.dumps(spec))
&gt;       assert res["status"] == "built", res
               ^^^^^^^^^^^^^
E       KeyError: 'status'

tests\test_patch_branch_metadata.py:58: KeyError</failure></testcase><testcase classname="tests.test_patch_branch_metadata.TestPatchBranchMetadataOps" name="test_set_description_can_clear_to_empty" file="tests\test_patch_branch_metadata.py" line="102" time="0.169"><failure message="KeyError: 'status'">self = &lt;tests.test_patch_branch_metadata.TestPatchBranchMetadataOps object at 0x0000018D890EA060&gt;
ext_env = (&lt;module 'tinyassets.universe_server' from 'C:\\Users\\Jonathan\\Projects\\wf-required-test-gate\\tinyassets\\universe...dowsPath('C:/Users/Jonathan/AppData/Local/Temp/pytest-of-Jonathan/pytest-7404/test_set_description_can_clear0/output'))

    def test_set_description_can_clear_to_empty(self, ext_env):
        """Explicit empty string must be allowed — clearing a
        description is a legitimate operation.
        """
        us, base = ext_env
&gt;       bid = _build(us, description="old")
              ^^^^^^^^^^^^^^^^^^^^^^^^^^^^^

tests\test_patch_branch_metadata.py:108: 
_ _ _ _ _ _ _ _ _ _ _ _ _ _ _ _ _ _ _ _ _ _ _ _ _ _ _ _ _ _ _ _ _ _ _ _ _ _ _ _

us = &lt;module 'tinyassets.universe_server' from 'C:\\Users\\Jonathan\\Projects\\wf-required-test-gate\\tinyassets\\universe_server.py'&gt;

    def _build(us, *, name: str = "b", tags: list | None = None,
               description: str = "") -&gt; str:
        spec = {
            "name": name,
            "description": description,
            "tags": tags or [],
            "entry_point": "capture",
            "node_defs": [{
                "node_id": "capture",
                "display_name": "Capture",
                "prompt_template": "cap: {x}",
            }],
            "edges": [
                {"from": "START", "to": "capture"},
                {"from": "capture", "to": "END"},
            ],
            "state_schema": [{"name": "x", "type": "str"}],
        }
        res = _call(us, "extensions", "build_branch", spec_json=json.dumps(spec))
&gt;       assert res["status"] == "built", res
               ^^^^^^^^^^^^^
E       KeyError: 'status'

tests\test_patch_branch_metadata.py:58: KeyError</failure></testcase><testcase classname="tests.test_patch_branch_metadata.TestPatchBranchMetadataOps" name="test_set_description_missing_field_rejects" file="tests\test_patch_branch_metadata.py" line="112" time="0.182"><failure message="KeyError: 'status'">self = &lt;tests.test_patch_branch_metadata.TestPatchBranchMetadataOps object at 0x0000018D88AAD5B0&gt;
ext_env = (&lt;module 'tinyassets.universe_server' from 'C:\\Users\\Jonathan\\Projects\\wf-required-test-gate\\tinyassets\\universe...dowsPath('C:/Users/Jonathan/AppData/Local/Temp/pytest-of-Jonathan/pytest-7404/test_set_description_missing_f0/output'))

    def test_set_description_missing_field_rejects(self, ext_env):
        us, _ = ext_env
&gt;       bid = _build(us)
              ^^^^^^^^^^

tests\test_patch_branch_metadata.py:115: 
_ _ _ _ _ _ _ _ _ _ _ _ _ _ _ _ _ _ _ _ _ _ _ _ _ _ _ _ _ _ _ _ _ _ _ _ _ _ _ _

us = &lt;module 'tinyassets.universe_server' from 'C:\\Users\\Jonathan\\Projects\\wf-required-test-gate\\tinyassets\\universe_server.py'&gt;

    def _build(us, *, name: str = "b", tags: list | None = None,
               description: str = "") -&gt; str:
        spec = {
            "name": name,
            "description": description,
            "tags": tags or [],
            "entry_point": "capture",
            "node_defs": [{
                "node_id": "capture",
                "display_name": "Capture",
                "prompt_template": "cap: {x}",
            }],
            "edges": [
                {"from": "START", "to": "capture"},
                {"from": "capture", "to": "END"},
            ],
            "state_schema": [{"name": "x", "type": "str"}],
        }
        res = _call(us, "extensions", "build_branch", spec_json=json.dumps(spec))
&gt;       assert res["status"] == "built", res
               ^^^^^^^^^^^^^
E       KeyError: 'status'

tests\test_patch_branch_metadata.py:58: KeyError</failure></testcase><testcase classname="tests.test_patch_branch_metadata.TestPatchBranchMetadataOps" name="test_set_tags_replaces_list" file="tests\test_patch_branch_metadata.py" line="118" time="0.216"><failure message="KeyError: 'status'">self = &lt;tests.test_patch_branch_metadata.TestPatchBranchMetadataOps object at 0x0000018D89102250&gt;
ext_env = (&lt;module 'tinyassets.universe_server' from 'C:\\Users\\Jonathan\\Projects\\wf-required-test-gate\\tinyassets\\universe...WindowsPath('C:/Users/Jonathan/AppData/Local/Temp/pytest-of-Jonathan/pytest-7404/test_set_tags_replaces_list0/output'))

    def test_set_tags_replaces_list(self, ext_env):
        us, base = ext_env
&gt;       bid = _build(us, tags=["old", "stale"])
              ^^^^^^^^^^^^^^^^^^^^^^^^^^^^^^^^^

tests\test_patch_branch_metadata.py:121: 
_ _ _ _ _ _ _ _ _ _ _ _ _ _ _ _ _ _ _ _ _ _ _ _ _ _ _ _ _ _ _ _ _ _ _ _ _ _ _ _

us = &lt;module 'tinyassets.universe_server' from 'C:\\Users\\Jonathan\\Projects\\wf-required-test-gate\\tinyassets\\universe_server.py'&gt;

    def _build(us, *, name: str = "b", tags: list | None = None,
               description: str = "") -&gt; str:
        spec = {
            "name": name,
            "description": description,
            "tags": tags or [],
            "entry_point": "capture",
            "node_defs": [{
                "node_id": "capture",
                "display_name": "Capture",
                "prompt_template": "cap: {x}",
            }],
            "edges": [
                {"from": "START", "to": "capture"},
                {"from": "capture", "to": "END"},
            ],
            "state_schema": [{"name": "x", "type": "str"}],
        }
        res = _call(us, "extensions", "build_branch", spec_json=json.dumps(spec))
&gt;       assert res["status"] == "built", res
               ^^^^^^^^^^^^^
E       KeyError: 'status'

tests\test_patch_branch_metadata.py:58: KeyError</failure></testcase><testcase classname="tests.test_patch_branch_metadata.TestPatchBranchMetadataOps" name="test_set_tags_accepts_csv_string" file="tests\test_patch_branch_metadata.py" line="127" time="0.194"><failure message="KeyError: 'status'">self = &lt;tests.test_patch_branch_metadata.TestPatchBranchMetadataOps object at 0x0000018D89101E10&gt;
ext_env = (&lt;module 'tinyassets.universe_server' from 'C:\\Users\\Jonathan\\Projects\\wf-required-test-gate\\tinyassets\\universe...dowsPath('C:/Users/Jonathan/AppData/Local/Temp/pytest-of-Jonathan/pytest-7404/test_set_tags_accepts_csv_stri0/output'))

    def test_set_tags_accepts_csv_string(self, ext_env):
        us, base = ext_env
&gt;       bid = _build(us)
              ^^^^^^^^^^

tests\test_patch_branch_metadata.py:130: 
_ _ _ _ _ _ _ _ _ _ _ _ _ _ _ _ _ _ _ _ _ _ _ _ _ _ _ _ _ _ _ _ _ _ _ _ _ _ _ _

us = &lt;module 'tinyassets.universe_server' from 'C:\\Users\\Jonathan\\Projects\\wf-required-test-gate\\tinyassets\\universe_server.py'&gt;

    def _build(us, *, name: str = "b", tags: list | None = None,
               description: str = "") -&gt; str:
        spec = {
            "name": name,
            "description": description,
            "tags": tags or [],
            "entry_point": "capture",
            "node_defs": [{
                "node_id": "capture",
                "display_name": "Capture",
                "prompt_template": "cap: {x}",
            }],
            "edges": [
                {"from": "START", "to": "capture"},
                {"from": "capture", "to": "END"},
            ],
            "state_schema": [{"name": "x", "type": "str"}],
        }
        res = _call(us, "extensions", "build_branch", spec_json=json.dumps(spec))
&gt;       assert res["status"] == "built", res
               ^^^^^^^^^^^^^
E       KeyError: 'status'

tests\test_patch_branch_metadata.py:58: KeyError</failure></testcase><testcase classname="tests.test_patch_branch_metadata.TestPatchBranchMetadataOps" name="test_set_tags_can_clear_to_empty" file="tests\test_patch_branch_metadata.py" line="136" time="0.179"><failure message="KeyError: 'status'">self = &lt;tests.test_patch_branch_metadata.TestPatchBranchMetadataOps object at 0x0000018D88853C50&gt;
ext_env = (&lt;module 'tinyassets.universe_server' from 'C:\\Users\\Jonathan\\Projects\\wf-required-test-gate\\tinyassets\\universe...dowsPath('C:/Users/Jonathan/AppData/Local/Temp/pytest-of-Jonathan/pytest-7404/test_set_tags_can_clear_to_emp0/output'))

    def test_set_tags_can_clear_to_empty(self, ext_env):
        us, base = ext_env
&gt;       bid = _build(us, tags=["old"])
              ^^^^^^^^^^^^^^^^^^^^^^^^

tests\test_patch_branch_metadata.py:139: 
_ _ _ _ _ _ _ _ _ _ _ _ _ _ _ _ _ _ _ _ _ _ _ _ _ _ _ _ _ _ _ _ _ _ _ _ _ _ _ _

us = &lt;module 'tinyassets.universe_server' from 'C:\\Users\\Jonathan\\Projects\\wf-required-test-gate\\tinyassets\\universe_server.py'&gt;

    def _build(us, *, name: str = "b", tags: list | None = None,
               description: str = "") -&gt; str:
        spec = {
            "name": name,
            "description": description,
            "tags": tags or [],
            "entry_point": "capture",
            "node_defs": [{
                "node_id": "capture",
                "display_name": "Capture",
                "prompt_template": "cap: {x}",
            }],
            "edges": [
                {"from": "START", "to": "capture"},
                {"from": "capture", "to": "END"},
            ],
            "state_schema": [{"name": "x", "type": "str"}],
        }
        res = _call(us, "extensions", "build_branch", spec_json=json.dumps(spec))
&gt;       assert res["status"] == "built", res
               ^^^^^^^^^^^^^
E       KeyError: 'status'

tests\test_patch_branch_metadata.py:58: KeyError</failure></testcase><testcase classname="tests.test_patch_branch_metadata.TestPatchBranchMetadataOps" name="test_set_tags_rejects_non_list" file="tests\test_patch_branch_metadata.py" line="143" time="0.237"><failure message="KeyError: 'status'">self = &lt;tests.test_patch_branch_metadata.TestPatchBranchMetadataOps object at 0x0000018D88853E50&gt;
ext_env = (&lt;module 'tinyassets.universe_server' from 'C:\\Users\\Jonathan\\Projects\\wf-required-test-gate\\tinyassets\\universe...dowsPath('C:/Users/Jonathan/AppData/Local/Temp/pytest-of-Jonathan/pytest-7404/test_set_tags_rejects_non_list0/output'))

    def test_set_tags_rejects_non_list(self, ext_env):
        us, _ = ext_env
&gt;       bid = _build(us)
              ^^^^^^^^^^

tests\test_patch_branch_metadata.py:146: 
_ _ _ _ _ _ _ _ _ _ _ _ _ _ _ _ _ _ _ _ _ _ _ _ _ _ _ _ _ _ _ _ _ _ _ _ _ _ _ _

us = &lt;module 'tinyassets.universe_server' from 'C:\\Users\\Jonathan\\Projects\\wf-required-test-gate\\tinyassets\\universe_server.py'&gt;

    def _build(us, *, name: str = "b", tags: list | None = None,
               description: str = "") -&gt; str:
        spec = {
            "name": name,
            "description": description,
            "tags": tags or [],
            "entry_point": "capture",
            "node_defs": [{
                "node_id": "capture",
                "display_name": "Capture",
                "prompt_template": "cap: {x}",
            }],
            "edges": [
                {"from": "START", "to": "capture"},
                {"from": "capture", "to": "END"},
            ],
            "state_schema": [{"name": "x", "type": "str"}],
        }
        res = _call(us, "extensions", "build_branch", spec_json=json.dumps(spec))
&gt;       assert res["status"] == "built", res
               ^^^^^^^^^^^^^
E       KeyError: 'status'

tests\test_patch_branch_metadata.py:58: KeyError</failure></testcase><testcase classname="tests.test_patch_branch_metadata.TestPatchBranchMetadataOps" name="test_set_published_round_trips_true" file="tests\test_patch_branch_metadata.py" line="149" time="0.235"><failure message="KeyError: 'status'">self = &lt;tests.test_patch_branch_metadata.TestPatchBranchMetadataOps object at 0x0000018D888157C0&gt;
ext_env = (&lt;module 'tinyassets.universe_server' from 'C:\\Users\\Jonathan\\Projects\\wf-required-test-gate\\tinyassets\\universe...dowsPath('C:/Users/Jonathan/AppData/Local/Temp/pytest-of-Jonathan/pytest-7404/test_set_published_round_trips0/output'))

    def test_set_published_round_trips_true(self, ext_env):
        us, base = ext_env
&gt;       bid = _build(us)
              ^^^^^^^^^^

tests\test_patch_branch_metadata.py:152: 
_ _ _ _ _ _ _ _ _ _ _ _ _ _ _ _ _ _ _ _ _ _ _ _ _ _ _ _ _ _ _ _ _ _ _ _ _ _ _ _

us = &lt;module 'tinyassets.universe_server' from 'C:\\Users\\Jonathan\\Projects\\wf-required-test-gate\\tinyassets\\universe_server.py'&gt;

    def _build(us, *, name: str = "b", tags: list | None = None,
               description: str = "") -&gt; str:
        spec = {
            "name": name,
            "description": description,
            "tags": tags or [],
            "entry_point": "capture",
            "node_defs": [{
                "node_id": "capture",
                "display_name": "Capture",
                "prompt_template": "cap: {x}",
            }],
            "edges": [
                {"from": "START", "to": "capture"},
                {"from": "capture", "to": "END"},
            ],
            "state_schema": [{"name": "x", "type": "str"}],
        }
        res = _call(us, "extensions", "build_branch", spec_json=json.dumps(spec))
&gt;       assert res["status"] == "built", res
               ^^^^^^^^^^^^^
E       KeyError: 'status'

tests\test_patch_branch_metadata.py:58: KeyError</failure></testcase><testcase classname="tests.test_patch_branch_metadata.TestPatchBranchMetadataOps" name="test_set_published_round_trips_false" file="tests\test_patch_branch_metadata.py" line="157" time="0.235"><failure message="KeyError: 'status'">self = &lt;tests.test_patch_branch_metadata.TestPatchBranchMetadataOps object at 0x0000018D888159A0&gt;
ext_env = (&lt;module 'tinyassets.universe_server' from 'C:\\Users\\Jonathan\\Projects\\wf-required-test-gate\\tinyassets\\universe...dowsPath('C:/Users/Jonathan/AppData/Local/Temp/pytest-of-Jonathan/pytest-7404/test_set_published_round_trips1/output'))

    def test_set_published_round_trips_false(self, ext_env):
        us, base = ext_env
&gt;       bid = _build(us)
              ^^^^^^^^^^

tests\test_patch_branch_metadata.py:160: 
_ _ _ _ _ _ _ _ _ _ _ _ _ _ _ _ _ _ _ _ _ _ _ _ _ _ _ _ _ _ _ _ _ _ _ _ _ _ _ _

us = &lt;module 'tinyassets.universe_server' from 'C:\\Users\\Jonathan\\Projects\\wf-required-test-gate\\tinyassets\\universe_server.py'&gt;

    def _build(us, *, name: str = "b", tags: list | None = None,
               description: str = "") -&gt; str:
        spec = {
            "name": name,
            "description": description,
            "tags": tags or [],
            "entry_point": "capture",
            "node_defs": [{
                "node_id": "capture",
                "display_name": "Capture",
                "prompt_template": "cap: {x}",
            }],
            "edges": [
                {"from": "START", "to": "capture"},
                {"from": "capture", "to": "END"},
            ],
            "state_schema": [{"name": "x", "type": "str"}],
        }
        res = _call(us, "extensions", "build_branch", spec_json=json.dumps(spec))
&gt;       assert res["status"] == "built", res
               ^^^^^^^^^^^^^
E       KeyError: 'status'

tests\test_patch_branch_metadata.py:58: KeyError</failure></testcase><testcase classname="tests.test_patch_branch_metadata.TestPatchBranchMetadataOps" name="test_set_published_rejects_non_bool" file="tests\test_patch_branch_metadata.py" line="165" time="0.183"><failure message="KeyError: 'status'">self = &lt;tests.test_patch_branch_metadata.TestPatchBranchMetadataOps object at 0x0000018D8886CBB0&gt;
ext_env = (&lt;module 'tinyassets.universe_server' from 'C:\\Users\\Jonathan\\Projects\\wf-required-test-gate\\tinyassets\\universe...dowsPath('C:/Users/Jonathan/AppData/Local/Temp/pytest-of-Jonathan/pytest-7404/test_set_published_rejects_non0/output'))

    def test_set_published_rejects_non_bool(self, ext_env):
        us, _ = ext_env
&gt;       bid = _build(us)
              ^^^^^^^^^^

tests\test_patch_branch_metadata.py:168: 
_ _ _ _ _ _ _ _ _ _ _ _ _ _ _ _ _ _ _ _ _ _ _ _ _ _ _ _ _ _ _ _ _ _ _ _ _ _ _ _

us = &lt;module 'tinyassets.universe_server' from 'C:\\Users\\Jonathan\\Projects\\wf-required-test-gate\\tinyassets\\universe_server.py'&gt;

    def _build(us, *, name: str = "b", tags: list | None = None,
               description: str = "") -&gt; str:
        spec = {
            "name": name,
            "description": description,
            "tags": tags or [],
            "entry_point": "capture",
            "node_defs": [{
                "node_id": "capture",
                "display_name": "Capture",
                "prompt_template": "cap: {x}",
            }],
            "edges": [
                {"from": "START", "to": "capture"},
                {"from": "capture", "to": "END"},
            ],
            "state_schema": [{"name": "x", "type": "str"}],
        }
        res = _call(us, "extensions", "build_branch", spec_json=json.dumps(spec))
&gt;       assert res["status"] == "built", res
               ^^^^^^^^^^^^^
E       KeyError: 'status'

tests\test_patch_branch_metadata.py:58: KeyError</failure></testcase><testcase classname="tests.test_patch_branch_metadata.TestPatchBranchMetadataCombined" name="test_branch_def_id_preserved_after_metadata_patch" file="tests\test_patch_branch_metadata.py" line="179" time="0.174"><failure message="KeyError: 'status'">self = &lt;tests.test_patch_branch_metadata.TestPatchBranchMetadataCombined object at 0x0000018D8883DBD0&gt;
ext_env = (&lt;module 'tinyassets.universe_server' from 'C:\\Users\\Jonathan\\Projects\\wf-required-test-gate\\tinyassets\\universe...dowsPath('C:/Users/Jonathan/AppData/Local/Temp/pytest-of-Jonathan/pytest-7404/test_branch_def_id_preserved_a0/output'))

    def test_branch_def_id_preserved_after_metadata_patch(self, ext_env):
        """The entire point of #67: label changes must NOT require a
        new branch_def_id. That preserves run history + judgments.
        """
        us, base = ext_env
&gt;       bid_before = _build(us, name="old-name", tags=["old"])
                     ^^^^^^^^^^^^^^^^^^^^^^^^^^^^^^^^^^^^^^^^^

tests\test_patch_branch_metadata.py:185: 
_ _ _ _ _ _ _ _ _ _ _ _ _ _ _ _ _ _ _ _ _ _ _ _ _ _ _ _ _ _ _ _ _ _ _ _ _ _ _ _

us = &lt;module 'tinyassets.universe_server' from 'C:\\Users\\Jonathan\\Projects\\wf-required-test-gate\\tinyassets\\universe_server.py'&gt;

    def _build(us, *, name: str = "b", tags: list | None = None,
               description: str = "") -&gt; str:
        spec = {
            "name": name,
            "description": description,
            "tags": tags or [],
            "entry_point": "capture",
            "node_defs": [{
                "node_id": "capture",
                "display_name": "Capture",
                "prompt_template": "cap: {x}",
            }],
            "edges": [
                {"from": "START", "to": "capture"},
                {"from": "capture", "to": "END"},
            ],
            "state_schema": [{"name": "x", "type": "str"}],
        }
        res = _call(us, "extensions", "build_branch", spec_json=json.dumps(spec))
&gt;       assert res["status"] == "built", res
               ^^^^^^^^^^^^^
E       KeyError: 'status'

tests\test_patch_branch_metadata.py:58: KeyError</failure></testcase><testcase classname="tests.test_patch_branch_metadata.TestPatchBranchMetadataCombined" name="test_metadata_and_topology_ops_in_one_batch" file="tests\test_patch_branch_metadata.py" line="194" time="0.177"><failure message="KeyError: 'status'">self = &lt;tests.test_patch_branch_metadata.TestPatchBranchMetadataCombined object at 0x0000018D8883DD10&gt;
ext_env = (&lt;module 'tinyassets.universe_server' from 'C:\\Users\\Jonathan\\Projects\\wf-required-test-gate\\tinyassets\\universe...dowsPath('C:/Users/Jonathan/AppData/Local/Temp/pytest-of-Jonathan/pytest-7404/test_metadata_and_topology_ops0/output'))

    def test_metadata_and_topology_ops_in_one_batch(self, ext_env):
        """set_tags + add_node + add_edge batch together atomically."""
        us, base = ext_env
&gt;       bid = _build(us, tags=["draft"])
              ^^^^^^^^^^^^^^^^^^^^^^^^^^

tests\test_patch_branch_metadata.py:198: 
_ _ _ _ _ _ _ _ _ _ _ _ _ _ _ _ _ _ _ _ _ _ _ _ _ _ _ _ _ _ _ _ _ _ _ _ _ _ _ _

us = &lt;module 'tinyassets.universe_server' from 'C:\\Users\\Jonathan\\Projects\\wf-required-test-gate\\tinyassets\\universe_server.py'&gt;

    def _build(us, *, name: str = "b", tags: list | None = None,
               description: str = "") -&gt; str:
        spec = {
            "name": name,
            "description": description,
            "tags": tags or [],
            "entry_point": "capture",
            "node_defs": [{
                "node_id": "capture",
                "display_name": "Capture",
                "prompt_template": "cap: {x}",
            }],
            "edges": [
                {"from": "START", "to": "capture"},
                {"from": "capture", "to": "END"},
            ],
            "state_schema": [{"name": "x", "type": "str"}],
        }
        res = _call(us, "extensions", "build_branch", spec_json=json.dumps(spec))
&gt;       assert res["status"] == "built", res
               ^^^^^^^^^^^^^
E       KeyError: 'status'

tests\test_patch_branch_metadata.py:58: KeyError</failure></testcase><testcase classname="tests.test_patch_branch_metadata.TestPatchBranchMetadataCombined" name="test_patch_rollback_on_failure_preserves_metadata" file="tests\test_patch_branch_metadata.py" line="216" time="0.161"><failure message="KeyError: 'status'">self = &lt;tests.test_patch_branch_metadata.TestPatchBranchMetadataCombined object at 0x0000018D890EA190&gt;
ext_env = (&lt;module 'tinyassets.universe_server' from 'C:\\Users\\Jonathan\\Projects\\wf-required-test-gate\\tinyassets\\universe...dowsPath('C:/Users/Jonathan/AppData/Local/Temp/pytest-of-Jonathan/pytest-7404/test_patch_rollback_on_failure0/output'))

    def test_patch_rollback_on_failure_preserves_metadata(self, ext_env):
        """If a later op in the batch fails, prior metadata changes
        must not stick (patch_branch is transactional).
        """
        us, base = ext_env
&gt;       bid = _build(us, name="original", tags=["x"])
              ^^^^^^^^^^^^^^^^^^^^^^^^^^^^^^^^^^^^^^^

tests\test_patch_branch_metadata.py:222: 
_ _ _ _ _ _ _ _ _ _ _ _ _ _ _ _ _ _ _ _ _ _ _ _ _ _ _ _ _ _ _ _ _ _ _ _ _ _ _ _

us = &lt;module 'tinyassets.universe_server' from 'C:\\Users\\Jonathan\\Projects\\wf-required-test-gate\\tinyassets\\universe_server.py'&gt;

    def _build(us, *, name: str = "b", tags: list | None = None,
               description: str = "") -&gt; str:
        spec = {
            "name": name,
            "description": description,
            "tags": tags or [],
            "entry_point": "capture",
            "node_defs": [{
                "node_id": "capture",
                "display_name": "Capture",
                "prompt_template": "cap: {x}",
            }],
            "edges": [
                {"from": "START", "to": "capture"},
                {"from": "capture", "to": "END"},
            ],
            "state_schema": [{"name": "x", "type": "str"}],
        }
        res = _call(us, "extensions", "build_branch", spec_json=json.dumps(spec))
&gt;       assert res["status"] == "built", res
               ^^^^^^^^^^^^^
E       KeyError: 'status'

tests\test_patch_branch_metadata.py:58: KeyError</failure></testcase><testcase classname="tests.test_patch_branch_metadata.TestPatchBranchRenameFeedback" name="test_rename_sets_name_updated_true" file="tests\test_patch_branch_metadata.py" line="242" time="0.166"><failure message="KeyError: 'status'">self = &lt;tests.test_patch_branch_metadata.TestPatchBranchRenameFeedback object at 0x0000018D8883DE50&gt;
ext_env = (&lt;module 'tinyassets.universe_server' from 'C:\\Users\\Jonathan\\Projects\\wf-required-test-gate\\tinyassets\\universe...dowsPath('C:/Users/Jonathan/AppData/Local/Temp/pytest-of-Jonathan/pytest-7404/test_rename_sets_name_updated_0/output'))

    def test_rename_sets_name_updated_true(self, ext_env):
        us, base = ext_env
&gt;       bid = _build(us, name="before")
              ^^^^^^^^^^^^^^^^^^^^^^^^^

tests\test_patch_branch_metadata.py:245: 
_ _ _ _ _ _ _ _ _ _ _ _ _ _ _ _ _ _ _ _ _ _ _ _ _ _ _ _ _ _ _ _ _ _ _ _ _ _ _ _

us = &lt;module 'tinyassets.universe_server' from 'C:\\Users\\Jonathan\\Projects\\wf-required-test-gate\\tinyassets\\universe_server.py'&gt;

    def _build(us, *, name: str = "b", tags: list | None = None,
               description: str = "") -&gt; str:
        spec = {
            "name": name,
            "description": description,
            "tags": tags or [],
            "entry_point": "capture",
            "node_defs": [{
                "node_id": "capture",
                "display_name": "Capture",
                "prompt_template": "cap: {x}",
            }],
            "edges": [
                {"from": "START", "to": "capture"},
                {"from": "capture", "to": "END"},
            ],
            "state_schema": [{"name": "x", "type": "str"}],
        }
        res = _call(us, "extensions", "build_branch", spec_json=json.dumps(spec))
&gt;       assert res["status"] == "built", res
               ^^^^^^^^^^^^^
E       KeyError: 'status'

tests\test_patch_branch_metadata.py:58: KeyError</failure></testcase><testcase classname="tests.test_patch_branch_metadata.TestPatchBranchRenameFeedback" name="test_no_rename_sets_name_updated_false" file="tests\test_patch_branch_metadata.py" line="250" time="0.150"><failure message="KeyError: 'status'">self = &lt;tests.test_patch_branch_metadata.TestPatchBranchRenameFeedback object at 0x0000018D8883DF90&gt;
ext_env = (&lt;module 'tinyassets.universe_server' from 'C:\\Users\\Jonathan\\Projects\\wf-required-test-gate\\tinyassets\\universe...dowsPath('C:/Users/Jonathan/AppData/Local/Temp/pytest-of-Jonathan/pytest-7404/test_no_rename_sets_name_updat0/output'))

    def test_no_rename_sets_name_updated_false(self, ext_env):
        us, base = ext_env
&gt;       bid = _build(us, name="stable")
              ^^^^^^^^^^^^^^^^^^^^^^^^^

tests\test_patch_branch_metadata.py:253: 
_ _ _ _ _ _ _ _ _ _ _ _ _ _ _ _ _ _ _ _ _ _ _ _ _ _ _ _ _ _ _ _ _ _ _ _ _ _ _ _

us = &lt;module 'tinyassets.universe_server' from 'C:\\Users\\Jonathan\\Projects\\wf-required-test-gate\\tinyassets\\universe_server.py'&gt;

    def _build(us, *, name: str = "b", tags: list | None = None,
               description: str = "") -&gt; str:
        spec = {
            "name": name,
            "description": description,
            "tags": tags or [],
            "entry_point": "capture",
            "node_defs": [{
                "node_id": "capture",
                "display_name": "Capture",
                "prompt_template": "cap: {x}",
            }],
            "edges": [
                {"from": "START", "to": "capture"},
                {"from": "capture", "to": "END"},
            ],
            "state_schema": [{"name": "x", "type": "str"}],
        }
        res = _call(us, "extensions", "build_branch", spec_json=json.dumps(spec))
&gt;       assert res["status"] == "built", res
               ^^^^^^^^^^^^^
E       KeyError: 'status'

tests\test_patch_branch_metadata.py:58: KeyError</failure></testcase><testcase classname="tests.test_patch_branch_metadata.TestPatchBranchRenameFeedback" name="test_name_updated_present_on_every_patched_response" file="tests\test_patch_branch_metadata.py" line="258" time="0.150"><failure message="KeyError: 'status'">self = &lt;tests.test_patch_branch_metadata.TestPatchBranchRenameFeedback object at 0x0000018D890EA2C0&gt;
ext_env = (&lt;module 'tinyassets.universe_server' from 'C:\\Users\\Jonathan\\Projects\\wf-required-test-gate\\tinyassets\\universe...dowsPath('C:/Users/Jonathan/AppData/Local/Temp/pytest-of-Jonathan/pytest-7404/test_name_updated_present_on_e0/output'))

    def test_name_updated_present_on_every_patched_response(self, ext_env):
        us, base = ext_env
&gt;       bid = _build(us, name="unchanged")
              ^^^^^^^^^^^^^^^^^^^^^^^^^^^^

tests\test_patch_branch_metadata.py:261: 
_ _ _ _ _ _ _ _ _ _ _ _ _ _ _ _ _ _ _ _ _ _ _ _ _ _ _ _ _ _ _ _ _ _ _ _ _ _ _ _

us = &lt;module 'tinyassets.universe_server' from 'C:\\Users\\Jonathan\\Projects\\wf-required-test-gate\\tinyassets\\universe_server.py'&gt;

    def _build(us, *, name: str = "b", tags: list | None = None,
               description: str = "") -&gt; str:
        spec = {
            "name": name,
            "description": description,
            "tags": tags or [],
            "entry_point": "capture",
            "node_defs": [{
                "node_id": "capture",
                "display_name": "Capture",
                "prompt_template": "cap: {x}",
            }],
            "edges": [
                {"from": "START", "to": "capture"},
                {"from": "capture", "to": "END"},
            ],
            "state_schema": [{"name": "x", "type": "str"}],
        }
        res = _call(us, "extensions", "build_branch", spec_json=json.dumps(spec))
&gt;       assert res["status"] == "built", res
               ^^^^^^^^^^^^^
E       KeyError: 'status'

tests\test_patch_branch_metadata.py:58: KeyError</failure></testcase><testcase classname="tests.test_patch_branch_metadata.TestPatchBranchRenameFeedback" name="test_name_based_bid_resolves_correctly" file="tests\test_patch_branch_metadata.py" line="265" time="0.149"><failure message="KeyError: 'status'">self = &lt;tests.test_patch_branch_metadata.TestPatchBranchRenameFeedback object at 0x0000018D890EA3F0&gt;
ext_env = (&lt;module 'tinyassets.universe_server' from 'C:\\Users\\Jonathan\\Projects\\wf-required-test-gate\\tinyassets\\universe...dowsPath('C:/Users/Jonathan/AppData/Local/Temp/pytest-of-Jonathan/pytest-7404/test_name_based_bid_resolves_c0/output'))

    def test_name_based_bid_resolves_correctly(self, ext_env):
        """patch_branch must accept the branch's human name as branch_def_id."""
        us, base = ext_env
&gt;       bid = _build(us, name="my climate-claims workflow")
              ^^^^^^^^^^^^^^^^^^^^^^^^^^^^^^^^^^^^^^^^^^^^^

tests\test_patch_branch_metadata.py:269: 
_ _ _ _ _ _ _ _ _ _ _ _ _ _ _ _ _ _ _ _ _ _ _ _ _ _ _ _ _ _ _ _ _ _ _ _ _ _ _ _

us = &lt;module 'tinyassets.universe_server' from 'C:\\Users\\Jonathan\\Projects\\wf-required-test-gate\\tinyassets\\universe_server.py'&gt;

    def _build(us, *, name: str = "b", tags: list | None = None,
               description: str = "") -&gt; str:
        spec = {
            "name": name,
            "description": description,
            "tags": tags or [],
            "entry_point": "capture",
            "node_defs": [{
                "node_id": "capture",
                "display_name": "Capture",
                "prompt_template": "cap: {x}",
            }],
            "edges": [
                {"from": "START", "to": "capture"},
                {"from": "capture", "to": "END"},
            ],
            "state_schema": [{"name": "x", "type": "str"}],
        }
        res = _call(us, "extensions", "build_branch", spec_json=json.dumps(spec))
&gt;       assert res["status"] == "built", res
               ^^^^^^^^^^^^^
E       KeyError: 'status'

tests\test_patch_branch_metadata.py:58: KeyError</failure></testcase><testcase classname="tests.test_patch_branch_metadata.TestPatchBranchRenameFeedback" name="test_name_based_bid_case_insensitive" file="tests\test_patch_branch_metadata.py" line="281" time="0.159"><failure message="KeyError: 'status'">self = &lt;tests.test_patch_branch_metadata.TestPatchBranchRenameFeedback object at 0x0000018D88AAD6D0&gt;
ext_env = (&lt;module 'tinyassets.universe_server' from 'C:\\Users\\Jonathan\\Projects\\wf-required-test-gate\\tinyassets\\universe...dowsPath('C:/Users/Jonathan/AppData/Local/Temp/pytest-of-Jonathan/pytest-7404/test_name_based_bid_case_insen0/output'))

    def test_name_based_bid_case_insensitive(self, ext_env):
        us, base = ext_env
&gt;       _build(us, name="Climate Checker")

tests\test_patch_branch_metadata.py:284: 
_ _ _ _ _ _ _ _ _ _ _ _ _ _ _ _ _ _ _ _ _ _ _ _ _ _ _ _ _ _ _ _ _ _ _ _ _ _ _ _

us = &lt;module 'tinyassets.universe_server' from 'C:\\Users\\Jonathan\\Projects\\wf-required-test-gate\\tinyassets\\universe_server.py'&gt;

    def _build(us, *, name: str = "b", tags: list | None = None,
               description: str = "") -&gt; str:
        spec = {
            "name": name,
            "description": description,
            "tags": tags or [],
            "entry_point": "capture",
            "node_defs": [{
                "node_id": "capture",
                "display_name": "Capture",
                "prompt_template": "cap: {x}",
            }],
            "edges": [
                {"from": "START", "to": "capture"},
                {"from": "capture", "to": "END"},
            ],
            "state_schema": [{"name": "x", "type": "str"}],
        }
        res = _call(us, "extensions", "build_branch", spec_json=json.dumps(spec))
&gt;       assert res["status"] == "built", res
               ^^^^^^^^^^^^^
E       KeyError: 'status'

tests\test_patch_branch_metadata.py:58: KeyError</failure></testcase><testcase classname="tests.test_patch_branch_node_keys" name="test_patch_branch_normalizes_string_key_fields_in_persisted_and_preview_paths" file="tests\test_patch_branch_node_keys.py" line="108" time="0.162"><failure message="KeyError: 'status'">ext_env = (&lt;module 'tinyassets.universe_server' from 'C:\\Users\\Jonathan\\Projects\\wf-required-test-gate\\tinyassets\\universe...dowsPath('C:/Users/Jonathan/AppData/Local/Temp/pytest-of-Jonathan/pytest-7404/test_patch_branch_normalizes_s0/output'))

    def test_patch_branch_normalizes_string_key_fields_in_persisted_and_preview_paths(
        ext_env,
    ):
        us, base = ext_env
&gt;       bid = _build(us)
              ^^^^^^^^^^

tests\test_patch_branch_node_keys.py:113: 
_ _ _ _ _ _ _ _ _ _ _ _ _ _ _ _ _ _ _ _ _ _ _ _ _ _ _ _ _ _ _ _ _ _ _ _ _ _ _ _

us = &lt;module 'tinyassets.universe_server' from 'C:\\Users\\Jonathan\\Projects\\wf-required-test-gate\\tinyassets\\universe_server.py'&gt;

    def _build(us, *, node_keys=None) -&gt; str:
        node: dict = {
            "node_id": "capture",
            "display_name": "Capture",
            "prompt_template": "cap: {x}",
        }
        if node_keys is not None:
            node["input_keys"] = node_keys.get("input_keys", [])
            node["output_keys"] = node_keys.get("output_keys", [])
        spec = {
            "name": "b",
            "entry_point": "capture",
            "node_defs": [node],
            "edges": [
                {"from": "START", "to": "capture"},
                {"from": "capture", "to": "END"},
            ],
            "state_schema": [{"name": "x", "type": "str"}],
        }
        res = _call(us, "extensions", "build_branch", spec_json=json.dumps(spec))
&gt;       assert res["status"] == "built", res
               ^^^^^^^^^^^^^
E       KeyError: 'status'

tests\test_patch_branch_node_keys.py:74: KeyError</failure></testcase><testcase classname="tests.test_patch_branch_node_keys.TestCoerceNodeKeys" name="test_none_returns_empty" file="tests\test_patch_branch_node_keys.py" line="147" time="0.074" /><testcase classname="tests.test_patch_branch_node_keys.TestCoerceNodeKeys" name="test_list_of_strings" file="tests\test_patch_branch_node_keys.py" line="153" time="0.073" /><testcase classname="tests.test_patch_branch_node_keys.TestCoerceNodeKeys" name="test_list_with_empty_entry_rejects" file="tests\test_patch_branch_node_keys.py" line="159" time="0.074" /><testcase classname="tests.test_patch_branch_node_keys.TestCoerceNodeKeys" name="test_list_with_non_string_rejects" file="tests\test_patch_branch_node_keys.py" line="165" time="0.074" /><testcase classname="tests.test_patch_branch_node_keys.TestCoerceNodeKeys" name="test_json_encoded_list" file="tests\test_patch_branch_node_keys.py" line="171" time="1.193" /><testcase classname="tests.test_patch_branch_node_keys.TestCoerceNodeKeys" name="test_bare_token_single_key" file="tests\test_patch_branch_node_keys.py" line="177" time="0.074" /><testcase classname="tests.test_patch_branch_node_keys.TestCoerceNodeKeys" name="test_csv_string" file="tests\test_patch_branch_node_keys.py" line="184" time="0.074" /><testcase classname="tests.test_patch_branch_node_keys.TestCoerceNodeKeys" name="test_empty_string_returns_empty" file="tests\test_patch_branch_node_keys.py" line="190" time="0.076" /><testcase classname="tests.test_patch_branch_node_keys.TestCoerceNodeKeys" name="test_invalid_type_rejects" file="tests\test_patch_branch_node_keys.py" line="196" time="0.073" /><testcase classname="tests.test_patch_branch_node_keys.TestCoerceNodeKeys" name="test_json_non_list_rejects" file="tests\test_patch_branch_node_keys.py" line="202" time="0.075" /><testcase classname="tests.test_patch_branch_node_keys.TestCoerceNodeKeys" name="test_json_bracketed_but_invalid_rejects" file="tests\test_patch_branch_node_keys.py" line="211" time="0.075" /><testcase classname="tests.test_patch_branch_node_keys.TestPatchBranchUpdateNodeKeys" name="test_update_node_accepts_list" file="tests\test_patch_branch_node_keys.py" line="225" time="0.116"><failure message="KeyError: 'status'">self = &lt;tests.test_patch_branch_node_keys.TestPatchBranchUpdateNodeKeys object at 0x0000018D8883EC10&gt;
ext_env = (&lt;module 'tinyassets.universe_server' from 'C:\\Users\\Jonathan\\Projects\\wf-required-test-gate\\tinyassets\\universe...ndowsPath('C:/Users/Jonathan/AppData/Local/Temp/pytest-of-Jonathan/pytest-7404/test_update_node_accepts_list0/output'))

    def test_update_node_accepts_list(self, ext_env):
        us, base = ext_env
&gt;       bid = _build(us)
              ^^^^^^^^^^

tests\test_patch_branch_node_keys.py:228: 
_ _ _ _ _ _ _ _ _ _ _ _ _ _ _ _ _ _ _ _ _ _ _ _ _ _ _ _ _ _ _ _ _ _ _ _ _ _ _ _

us = &lt;module 'tinyassets.universe_server' from 'C:\\Users\\Jonathan\\Projects\\wf-required-test-gate\\tinyassets\\universe_server.py'&gt;

    def _build(us, *, node_keys=None) -&gt; str:
        node: dict = {
            "node_id": "capture",
            "display_name": "Capture",
            "prompt_template": "cap: {x}",
        }
        if node_keys is not None:
            node["input_keys"] = node_keys.get("input_keys", [])
            node["output_keys"] = node_keys.get("output_keys", [])
        spec = {
            "name": "b",
            "entry_point": "capture",
            "node_defs": [node],
            "edges": [
                {"from": "START", "to": "capture"},
                {"from": "capture", "to": "END"},
            ],
            "state_schema": [{"name": "x", "type": "str"}],
        }
        res = _call(us, "extensions", "build_branch", spec_json=json.dumps(spec))
&gt;       assert res["status"] == "built", res
               ^^^^^^^^^^^^^
E       KeyError: 'status'

tests\test_patch_branch_node_keys.py:74: KeyError</failure></testcase><testcase classname="tests.test_patch_branch_node_keys.TestPatchBranchUpdateNodeKeys" name="test_update_node_bare_string_is_single_key_not_chars" file="tests\test_patch_branch_node_keys.py" line="246" time="0.117"><failure message="KeyError: 'status'">self = &lt;tests.test_patch_branch_node_keys.TestPatchBranchUpdateNodeKeys object at 0x0000018D8883E990&gt;
ext_env = (&lt;module 'tinyassets.universe_server' from 'C:\\Users\\Jonathan\\Projects\\wf-required-test-gate\\tinyassets\\universe...dowsPath('C:/Users/Jonathan/AppData/Local/Temp/pytest-of-Jonathan/pytest-7404/test_update_node_bare_string_i0/output'))

    def test_update_node_bare_string_is_single_key_not_chars(self, ext_env):
        """Regression: 'node.output' used to become ['n','o','d','e',...]."""
        us, base = ext_env
&gt;       bid = _build(us)
              ^^^^^^^^^^

tests\test_patch_branch_node_keys.py:250: 
_ _ _ _ _ _ _ _ _ _ _ _ _ _ _ _ _ _ _ _ _ _ _ _ _ _ _ _ _ _ _ _ _ _ _ _ _ _ _ _

us = &lt;module 'tinyassets.universe_server' from 'C:\\Users\\Jonathan\\Projects\\wf-required-test-gate\\tinyassets\\universe_server.py'&gt;

    def _build(us, *, node_keys=None) -&gt; str:
        node: dict = {
            "node_id": "capture",
            "display_name": "Capture",
            "prompt_template": "cap: {x}",
        }
        if node_keys is not None:
            node["input_keys"] = node_keys.get("input_keys", [])
            node["output_keys"] = node_keys.get("output_keys", [])
        spec = {
            "name": "b",
            "entry_point": "capture",
            "node_defs": [node],
            "edges": [
                {"from": "START", "to": "capture"},
                {"from": "capture", "to": "END"},
            ],
            "state_schema": [{"name": "x", "type": "str"}],
        }
        res = _call(us, "extensions", "build_branch", spec_json=json.dumps(spec))
&gt;       assert res["status"] == "built", res
               ^^^^^^^^^^^^^
E       KeyError: 'status'

tests\test_patch_branch_node_keys.py:74: KeyError</failure></testcase><testcase classname="tests.test_patch_branch_node_keys.TestPatchBranchUpdateNodeKeys" name="test_update_node_csv_string" file="tests\test_patch_branch_node_keys.py" line="266" time="0.120"><failure message="KeyError: 'status'">self = &lt;tests.test_patch_branch_node_keys.TestPatchBranchUpdateNodeKeys object at 0x0000018D890EAEA0&gt;
ext_env = (&lt;module 'tinyassets.universe_server' from 'C:\\Users\\Jonathan\\Projects\\wf-required-test-gate\\tinyassets\\universe...WindowsPath('C:/Users/Jonathan/AppData/Local/Temp/pytest-of-Jonathan/pytest-7404/test_update_node_csv_string0/output'))

    def test_update_node_csv_string(self, ext_env):
        us, base = ext_env
&gt;       bid = _build(us)
              ^^^^^^^^^^

tests\test_patch_branch_node_keys.py:269: 
_ _ _ _ _ _ _ _ _ _ _ _ _ _ _ _ _ _ _ _ _ _ _ _ _ _ _ _ _ _ _ _ _ _ _ _ _ _ _ _

us = &lt;module 'tinyassets.universe_server' from 'C:\\Users\\Jonathan\\Projects\\wf-required-test-gate\\tinyassets\\universe_server.py'&gt;

    def _build(us, *, node_keys=None) -&gt; str:
        node: dict = {
            "node_id": "capture",
            "display_name": "Capture",
            "prompt_template": "cap: {x}",
        }
        if node_keys is not None:
            node["input_keys"] = node_keys.get("input_keys", [])
            node["output_keys"] = node_keys.get("output_keys", [])
        spec = {
            "name": "b",
            "entry_point": "capture",
            "node_defs": [node],
            "edges": [
                {"from": "START", "to": "capture"},
                {"from": "capture", "to": "END"},
            ],
            "state_schema": [{"name": "x", "type": "str"}],
        }
        res = _call(us, "extensions", "build_branch", spec_json=json.dumps(spec))
&gt;       assert res["status"] == "built", res
               ^^^^^^^^^^^^^
E       KeyError: 'status'

tests\test_patch_branch_node_keys.py:74: KeyError</failure></testcase><testcase classname="tests.test_patch_branch_node_keys.TestPatchBranchUpdateNodeKeys" name="test_update_node_json_encoded_list" file="tests\test_patch_branch_node_keys.py" line="284" time="0.120"><failure message="KeyError: 'status'">self = &lt;tests.test_patch_branch_node_keys.TestPatchBranchUpdateNodeKeys object at 0x0000018D890EBA80&gt;
ext_env = (&lt;module 'tinyassets.universe_server' from 'C:\\Users\\Jonathan\\Projects\\wf-required-test-gate\\tinyassets\\universe...dowsPath('C:/Users/Jonathan/AppData/Local/Temp/pytest-of-Jonathan/pytest-7404/test_update_node_json_encoded_0/output'))

    def test_update_node_json_encoded_list(self, ext_env):
        us, base = ext_env
&gt;       bid = _build(us)
              ^^^^^^^^^^

tests\test_patch_branch_node_keys.py:287: 
_ _ _ _ _ _ _ _ _ _ _ _ _ _ _ _ _ _ _ _ _ _ _ _ _ _ _ _ _ _ _ _ _ _ _ _ _ _ _ _

us = &lt;module 'tinyassets.universe_server' from 'C:\\Users\\Jonathan\\Projects\\wf-required-test-gate\\tinyassets\\universe_server.py'&gt;

    def _build(us, *, node_keys=None) -&gt; str:
        node: dict = {
            "node_id": "capture",
            "display_name": "Capture",
            "prompt_template": "cap: {x}",
        }
        if node_keys is not None:
            node["input_keys"] = node_keys.get("input_keys", [])
            node["output_keys"] = node_keys.get("output_keys", [])
        spec = {
            "name": "b",
            "entry_point": "capture",
            "node_defs": [node],
            "edges": [
                {"from": "START", "to": "capture"},
                {"from": "capture", "to": "END"},
            ],
            "state_schema": [{"name": "x", "type": "str"}],
        }
        res = _call(us, "extensions", "build_branch", spec_json=json.dumps(spec))
&gt;       assert res["status"] == "built", res
               ^^^^^^^^^^^^^
E       KeyError: 'status'

tests\test_patch_branch_node_keys.py:74: KeyError</failure></testcase><testcase classname="tests.test_patch_branch_node_keys.TestPatchBranchUpdateNodeKeys" name="test_update_node_rejects_empty_list_entry" file="tests\test_patch_branch_node_keys.py" line="301" time="0.117"><failure message="KeyError: 'status'">self = &lt;tests.test_patch_branch_node_keys.TestPatchBranchUpdateNodeKeys object at 0x0000018D88AAE450&gt;
ext_env = (&lt;module 'tinyassets.universe_server' from 'C:\\Users\\Jonathan\\Projects\\wf-required-test-gate\\tinyassets\\universe...dowsPath('C:/Users/Jonathan/AppData/Local/Temp/pytest-of-Jonathan/pytest-7404/test_update_node_rejects_empty1/output'))

    def test_update_node_rejects_empty_list_entry(self, ext_env):
        us, _ = ext_env
&gt;       bid = _build(us)
              ^^^^^^^^^^

tests\test_patch_branch_node_keys.py:304: 
_ _ _ _ _ _ _ _ _ _ _ _ _ _ _ _ _ _ _ _ _ _ _ _ _ _ _ _ _ _ _ _ _ _ _ _ _ _ _ _

us = &lt;module 'tinyassets.universe_server' from 'C:\\Users\\Jonathan\\Projects\\wf-required-test-gate\\tinyassets\\universe_server.py'&gt;

    def _build(us, *, node_keys=None) -&gt; str:
        node: dict = {
            "node_id": "capture",
            "display_name": "Capture",
            "prompt_template": "cap: {x}",
        }
        if node_keys is not None:
            node["input_keys"] = node_keys.get("input_keys", [])
            node["output_keys"] = node_keys.get("output_keys", [])
        spec = {
            "name": "b",
            "entry_point": "capture",
            "node_defs": [node],
            "edges": [
                {"from": "START", "to": "capture"},
                {"from": "capture", "to": "END"},
            ],
            "state_schema": [{"name": "x", "type": "str"}],
        }
        res = _call(us, "extensions", "build_branch", spec_json=json.dumps(spec))
&gt;       assert res["status"] == "built", res
               ^^^^^^^^^^^^^
E       KeyError: 'status'

tests\test_patch_branch_node_keys.py:74: KeyError</failure></testcase><testcase classname="tests.test_patch_branch_node_keys.TestPatchBranchUpdateNodeKeys" name="test_update_node_rejects_non_string_entry" file="tests\test_patch_branch_node_keys.py" line="311" time="0.123"><failure message="KeyError: 'status'">self = &lt;tests.test_patch_branch_node_keys.TestPatchBranchUpdateNodeKeys object at 0x0000018D89102580&gt;
ext_env = (&lt;module 'tinyassets.universe_server' from 'C:\\Users\\Jonathan\\Projects\\wf-required-test-gate\\tinyassets\\universe...dowsPath('C:/Users/Jonathan/AppData/Local/Temp/pytest-of-Jonathan/pytest-7404/test_update_node_rejects_non_s0/output'))

    def test_update_node_rejects_non_string_entry(self, ext_env):
        us, _ = ext_env
&gt;       bid = _build(us)
              ^^^^^^^^^^

tests\test_patch_branch_node_keys.py:314: 
_ _ _ _ _ _ _ _ _ _ _ _ _ _ _ _ _ _ _ _ _ _ _ _ _ _ _ _ _ _ _ _ _ _ _ _ _ _ _ _

us = &lt;module 'tinyassets.universe_server' from 'C:\\Users\\Jonathan\\Projects\\wf-required-test-gate\\tinyassets\\universe_server.py'&gt;

    def _build(us, *, node_keys=None) -&gt; str:
        node: dict = {
            "node_id": "capture",
            "display_name": "Capture",
            "prompt_template": "cap: {x}",
        }
        if node_keys is not None:
            node["input_keys"] = node_keys.get("input_keys", [])
            node["output_keys"] = node_keys.get("output_keys", [])
        spec = {
            "name": "b",
            "entry_point": "capture",
            "node_defs": [node],
            "edges": [
                {"from": "START", "to": "capture"},
                {"from": "capture", "to": "END"},
            ],
            "state_schema": [{"name": "x", "type": "str"}],
        }
        res = _call(us, "extensions", "build_branch", spec_json=json.dumps(spec))
&gt;       assert res["status"] == "built", res
               ^^^^^^^^^^^^^
E       KeyError: 'status'

tests\test_patch_branch_node_keys.py:74: KeyError</failure></testcase><testcase classname="tests.test_patch_branch_node_keys.TestPatchBranchUpdateNodeKeys" name="test_update_node_model_hint_and_llm_policy_round_trip" file="tests\test_patch_branch_node_keys.py" line="321" time="0.158"><failure message="KeyError: 'status'">self = &lt;tests.test_patch_branch_node_keys.TestPatchBranchUpdateNodeKeys object at 0x0000018D89102470&gt;
ext_env = (&lt;module 'tinyassets.universe_server' from 'C:\\Users\\Jonathan\\Projects\\wf-required-test-gate\\tinyassets\\universe...dowsPath('C:/Users/Jonathan/AppData/Local/Temp/pytest-of-Jonathan/pytest-7404/test_update_node_model_hint_an0/output'))

    def test_update_node_model_hint_and_llm_policy_round_trip(self, ext_env):
        us, base = ext_env
&gt;       bid = _build(us)
              ^^^^^^^^^^

tests\test_patch_branch_node_keys.py:324: 
_ _ _ _ _ _ _ _ _ _ _ _ _ _ _ _ _ _ _ _ _ _ _ _ _ _ _ _ _ _ _ _ _ _ _ _ _ _ _ _

us = &lt;module 'tinyassets.universe_server' from 'C:\\Users\\Jonathan\\Projects\\wf-required-test-gate\\tinyassets\\universe_server.py'&gt;

    def _build(us, *, node_keys=None) -&gt; str:
        node: dict = {
            "node_id": "capture",
            "display_name": "Capture",
            "prompt_template": "cap: {x}",
        }
        if node_keys is not None:
            node["input_keys"] = node_keys.get("input_keys", [])
            node["output_keys"] = node_keys.get("output_keys", [])
        spec = {
            "name": "b",
            "entry_point": "capture",
            "node_defs": [node],
            "edges": [
                {"from": "START", "to": "capture"},
                {"from": "capture", "to": "END"},
            ],
            "state_schema": [{"name": "x", "type": "str"}],
        }
        res = _call(us, "extensions", "build_branch", spec_json=json.dumps(spec))
&gt;       assert res["status"] == "built", res
               ^^^^^^^^^^^^^
E       KeyError: 'status'

tests\test_patch_branch_node_keys.py:74: KeyError</failure></testcase><testcase classname="tests.test_patch_branch_node_keys.TestPatchBranchUpdateNodeKeys" name="test_update_node_patch_op_rejects_invalid_llm_policy" file="tests\test_patch_branch_node_keys.py" line="338" time="0.125"><failure message="KeyError: 'status'">self = &lt;tests.test_patch_branch_node_keys.TestPatchBranchUpdateNodeKeys object at 0x0000018D8879E650&gt;
ext_env = (&lt;module 'tinyassets.universe_server' from 'C:\\Users\\Jonathan\\Projects\\wf-required-test-gate\\tinyassets\\universe...dowsPath('C:/Users/Jonathan/AppData/Local/Temp/pytest-of-Jonathan/pytest-7404/test_update_node_patch_op_reje0/output'))

    def test_update_node_patch_op_rejects_invalid_llm_policy(self, ext_env):
        us, _ = ext_env
&gt;       bid = _build(us)
              ^^^^^^^^^^

tests\test_patch_branch_node_keys.py:341: 
_ _ _ _ _ _ _ _ _ _ _ _ _ _ _ _ _ _ _ _ _ _ _ _ _ _ _ _ _ _ _ _ _ _ _ _ _ _ _ _

us = &lt;module 'tinyassets.universe_server' from 'C:\\Users\\Jonathan\\Projects\\wf-required-test-gate\\tinyassets\\universe_server.py'&gt;

    def _build(us, *, node_keys=None) -&gt; str:
        node: dict = {
            "node_id": "capture",
            "display_name": "Capture",
            "prompt_template": "cap: {x}",
        }
        if node_keys is not None:
            node["input_keys"] = node_keys.get("input_keys", [])
            node["output_keys"] = node_keys.get("output_keys", [])
        spec = {
            "name": "b",
            "entry_point": "capture",
            "node_defs": [node],
            "edges": [
                {"from": "START", "to": "capture"},
                {"from": "capture", "to": "END"},
            ],
            "state_schema": [{"name": "x", "type": "str"}],
        }
        res = _call(us, "extensions", "build_branch", spec_json=json.dumps(spec))
&gt;       assert res["status"] == "built", res
               ^^^^^^^^^^^^^
E       KeyError: 'status'

tests\test_patch_branch_node_keys.py:74: KeyError</failure></testcase><testcase classname="tests.test_patch_branch_node_keys.TestAddNodeSpecKeys" name="test_add_node_via_patch_list" file="tests\test_patch_branch_node_keys.py" line="394" time="0.119"><failure message="KeyError: 'status'">self = &lt;tests.test_patch_branch_node_keys.TestAddNodeSpecKeys object at 0x0000018D8883E710&gt;
ext_env = (&lt;module 'tinyassets.universe_server' from 'C:\\Users\\Jonathan\\Projects\\wf-required-test-gate\\tinyassets\\universe...indowsPath('C:/Users/Jonathan/AppData/Local/Temp/pytest-of-Jonathan/pytest-7404/test_add_node_via_patch_list0/output'))

    def test_add_node_via_patch_list(self, ext_env):
        us, base = ext_env
&gt;       bid = _build(us)
              ^^^^^^^^^^

tests\test_patch_branch_node_keys.py:397: 
_ _ _ _ _ _ _ _ _ _ _ _ _ _ _ _ _ _ _ _ _ _ _ _ _ _ _ _ _ _ _ _ _ _ _ _ _ _ _ _

us = &lt;module 'tinyassets.universe_server' from 'C:\\Users\\Jonathan\\Projects\\wf-required-test-gate\\tinyassets\\universe_server.py'&gt;

    def _build(us, *, node_keys=None) -&gt; str:
        node: dict = {
            "node_id": "capture",
            "display_name": "Capture",
            "prompt_template": "cap: {x}",
        }
        if node_keys is not None:
            node["input_keys"] = node_keys.get("input_keys", [])
            node["output_keys"] = node_keys.get("output_keys", [])
        spec = {
            "name": "b",
            "entry_point": "capture",
            "node_defs": [node],
            "edges": [
                {"from": "START", "to": "capture"},
                {"from": "capture", "to": "END"},
            ],
            "state_schema": [{"name": "x", "type": "str"}],
        }
        res = _call(us, "extensions", "build_branch", spec_json=json.dumps(spec))
&gt;       assert res["status"] == "built", res
               ^^^^^^^^^^^^^
E       KeyError: 'status'

tests\test_patch_branch_node_keys.py:74: KeyError</failure></testcase><testcase classname="tests.test_patch_branch_node_keys.TestAddNodeSpecKeys" name="test_add_node_via_patch_bare_string" file="tests\test_patch_branch_node_keys.py" line="405" time="0.125"><failure message="KeyError: 'status'">self = &lt;tests.test_patch_branch_node_keys.TestAddNodeSpecKeys object at 0x0000018D8883E210&gt;
ext_env = (&lt;module 'tinyassets.universe_server' from 'C:\\Users\\Jonathan\\Projects\\wf-required-test-gate\\tinyassets\\universe...dowsPath('C:/Users/Jonathan/AppData/Local/Temp/pytest-of-Jonathan/pytest-7404/test_add_node_via_patch_bare_s0/output'))

    def test_add_node_via_patch_bare_string(self, ext_env):
        us, base = ext_env
&gt;       bid = _build(us)
              ^^^^^^^^^^

tests\test_patch_branch_node_keys.py:408: 
_ _ _ _ _ _ _ _ _ _ _ _ _ _ _ _ _ _ _ _ _ _ _ _ _ _ _ _ _ _ _ _ _ _ _ _ _ _ _ _

us = &lt;module 'tinyassets.universe_server' from 'C:\\Users\\Jonathan\\Projects\\wf-required-test-gate\\tinyassets\\universe_server.py'&gt;

    def _build(us, *, node_keys=None) -&gt; str:
        node: dict = {
            "node_id": "capture",
            "display_name": "Capture",
            "prompt_template": "cap: {x}",
        }
        if node_keys is not None:
            node["input_keys"] = node_keys.get("input_keys", [])
            node["output_keys"] = node_keys.get("output_keys", [])
        spec = {
            "name": "b",
            "entry_point": "capture",
            "node_defs": [node],
            "edges": [
                {"from": "START", "to": "capture"},
                {"from": "capture", "to": "END"},
            ],
            "state_schema": [{"name": "x", "type": "str"}],
        }
        res = _call(us, "extensions", "build_branch", spec_json=json.dumps(spec))
&gt;       assert res["status"] == "built", res
               ^^^^^^^^^^^^^
E       KeyError: 'status'

tests\test_patch_branch_node_keys.py:74: KeyError</failure></testcase><testcase classname="tests.test_patch_branch_node_keys.TestAddNodeSpecKeys" name="test_build_branch_rejects_non_string_key" file="tests\test_patch_branch_node_keys.py" line="417" time="0.126"><failure message="KeyError: 'status'">self = &lt;tests.test_patch_branch_node_keys.TestAddNodeSpecKeys object at 0x0000018D890EBBB0&gt;
ext_env = (&lt;module 'tinyassets.universe_server' from 'C:\\Users\\Jonathan\\Projects\\wf-required-test-gate\\tinyassets\\universe...dowsPath('C:/Users/Jonathan/AppData/Local/Temp/pytest-of-Jonathan/pytest-7404/test_build_branch_rejects_non_1/output'))

    def test_build_branch_rejects_non_string_key(self, ext_env):
        us, _ = ext_env
        spec = {
            "name": "b",
            "entry_point": "capture",
            "node_defs": [{
                "node_id": "capture",
                "display_name": "Capture",
                "prompt_template": "cap: {x}",
                "input_keys": [1, 2],
            }],
            "edges": [
                {"from": "START", "to": "capture"},
                {"from": "capture", "to": "END"},
            ],
            "state_schema": [{"name": "x", "type": "str"}],
        }
        res = _call(us, "extensions", "build_branch",
                    spec_json=json.dumps(spec))
&gt;       assert res["status"] == "rejected", res
               ^^^^^^^^^^^^^
E       KeyError: 'status'

tests\test_patch_branch_node_keys.py:437: KeyError</failure></testcase><testcase classname="tests.test_patch_branch_node_keys.TestAddNodeSpecKeys" name="test_build_branch_persists_model_hint_and_llm_policy" file="tests\test_patch_branch_node_keys.py" line="438" time="0.158"><failure message="KeyError: 'status'">self = &lt;tests.test_patch_branch_node_keys.TestAddNodeSpecKeys object at 0x0000018D890EBCE0&gt;
ext_env = (&lt;module 'tinyassets.universe_server' from 'C:\\Users\\Jonathan\\Projects\\wf-required-test-gate\\tinyassets\\universe...dowsPath('C:/Users/Jonathan/AppData/Local/Temp/pytest-of-Jonathan/pytest-7404/test_build_branch_persists_mod0/output'))

    def test_build_branch_persists_model_hint_and_llm_policy(self, ext_env):
        us, base = ext_env
        policy = {"preferred": {"provider": "codex", "model": "gpt-5.5"}}
        spec = {
            "name": "b",
            "entry_point": "capture",
            "node_defs": [{
                "node_id": "capture",
                "display_name": "Capture",
                "prompt_template": "cap: {x}",
                "input_keys": ["x"],
                "model_hint": "writer",
                "llm_policy": policy,
            }],
            "edges": [
                {"from": "START", "to": "capture"},
                {"from": "capture", "to": "END"},
            ],
            "state_schema": [{"name": "x", "type": "str"}],
        }
    
        res = _call(us, "extensions", "build_branch",
                    spec_json=json.dumps(spec))
    
&gt;       assert res["status"] == "built", res
               ^^^^^^^^^^^^^
E       KeyError: 'status'

tests\test_patch_branch_node_keys.py:463: KeyError</failure></testcase><testcase classname="tests.test_patch_branch_node_keys.TestAddNodeSpecKeys" name="test_build_branch_rejects_invalid_llm_policy" file="tests\test_patch_branch_node_keys.py" line="467" time="0.166"><failure message="KeyError: 'status'">self = &lt;tests.test_patch_branch_node_keys.TestAddNodeSpecKeys object at 0x0000018D88AAED50&gt;
ext_env = (&lt;module 'tinyassets.universe_server' from 'C:\\Users\\Jonathan\\Projects\\wf-required-test-gate\\tinyassets\\universe...dowsPath('C:/Users/Jonathan/AppData/Local/Temp/pytest-of-Jonathan/pytest-7404/test_build_branch_rejects_inva0/output'))

    def test_build_branch_rejects_invalid_llm_policy(self, ext_env):
        us, _ = ext_env
        spec = {
            "name": "b",
            "entry_point": "capture",
            "node_defs": [{
                "node_id": "capture",
                "display_name": "Capture",
                "prompt_template": "cap: {x}",
                "input_keys": ["x"],
                "llm_policy": {"preferred": {}},
            }],
            "edges": [
                {"from": "START", "to": "capture"},
                {"from": "capture", "to": "END"},
            ],
            "state_schema": [{"name": "x", "type": "str"}],
        }
    
        res = _call(us, "extensions", "build_branch",
                    spec_json=json.dumps(spec))
    
&gt;       assert res["status"] == "rejected", res
               ^^^^^^^^^^^^^
E       KeyError: 'status'

tests\test_patch_branch_node_keys.py:490: KeyError</failure></testcase><testcase classname="tests.test_patch_branch_node_keys.TestAddNodeSpecKeys" name="test_add_node_rejects_invalid_llm_policy" file="tests\test_patch_branch_node_keys.py" line="492" time="0.147"><failure message="KeyError: 'status'">self = &lt;tests.test_patch_branch_node_keys.TestAddNodeSpecKeys object at 0x0000018D89102690&gt;
ext_env = (&lt;module 'tinyassets.universe_server' from 'C:\\Users\\Jonathan\\Projects\\wf-required-test-gate\\tinyassets\\universe...dowsPath('C:/Users/Jonathan/AppData/Local/Temp/pytest-of-Jonathan/pytest-7404/test_add_node_rejects_invalid_0/output'))

    def test_add_node_rejects_invalid_llm_policy(self, ext_env):
        us, _ = ext_env
&gt;       bid = _build(us)
              ^^^^^^^^^^

tests\test_patch_branch_node_keys.py:495: 
_ _ _ _ _ _ _ _ _ _ _ _ _ _ _ _ _ _ _ _ _ _ _ _ _ _ _ _ _ _ _ _ _ _ _ _ _ _ _ _

us = &lt;module 'tinyassets.universe_server' from 'C:\\Users\\Jonathan\\Projects\\wf-required-test-gate\\tinyassets\\universe_server.py'&gt;

    def _build(us, *, node_keys=None) -&gt; str:
        node: dict = {
            "node_id": "capture",
            "display_name": "Capture",
            "prompt_template": "cap: {x}",
        }
        if node_keys is not None:
            node["input_keys"] = node_keys.get("input_keys", [])
            node["output_keys"] = node_keys.get("output_keys", [])
        spec = {
            "name": "b",
            "entry_point": "capture",
            "node_defs": [node],
            "edges": [
                {"from": "START", "to": "capture"},
                {"from": "capture", "to": "END"},
            ],
            "state_schema": [{"name": "x", "type": "str"}],
        }
        res = _call(us, "extensions", "build_branch", spec_json=json.dumps(spec))
&gt;       assert res["status"] == "built", res
               ^^^^^^^^^^^^^
E       KeyError: 'status'

tests\test_patch_branch_node_keys.py:74: KeyError</failure></testcase><testcase classname="tests.test_patch_branch_node_keys.TestAddNodeKwargs" name="test_add_node_kwargs_csv" file="tests\test_patch_branch_node_keys.py" line="512" time="0.123"><failure message="KeyError: 'status'">self = &lt;tests.test_patch_branch_node_keys.TestAddNodeKwargs object at 0x0000018D8883EFD0&gt;
ext_env = (&lt;module 'tinyassets.universe_server' from 'C:\\Users\\Jonathan\\Projects\\wf-required-test-gate\\tinyassets\\universe...&gt;, WindowsPath('C:/Users/Jonathan/AppData/Local/Temp/pytest-of-Jonathan/pytest-7404/test_add_node_kwargs_csv0/output'))

    def test_add_node_kwargs_csv(self, ext_env):
        us, base = ext_env
&gt;       bid = _build(us)
              ^^^^^^^^^^

tests\test_patch_branch_node_keys.py:515: 
_ _ _ _ _ _ _ _ _ _ _ _ _ _ _ _ _ _ _ _ _ _ _ _ _ _ _ _ _ _ _ _ _ _ _ _ _ _ _ _

us = &lt;module 'tinyassets.universe_server' from 'C:\\Users\\Jonathan\\Projects\\wf-required-test-gate\\tinyassets\\universe_server.py'&gt;

    def _build(us, *, node_keys=None) -&gt; str:
        node: dict = {
            "node_id": "capture",
            "display_name": "Capture",
            "prompt_template": "cap: {x}",
        }
        if node_keys is not None:
            node["input_keys"] = node_keys.get("input_keys", [])
            node["output_keys"] = node_keys.get("output_keys", [])
        spec = {
            "name": "b",
            "entry_point": "capture",
            "node_defs": [node],
            "edges": [
                {"from": "START", "to": "capture"},
                {"from": "capture", "to": "END"},
            ],
            "state_schema": [{"name": "x", "type": "str"}],
        }
        res = _call(us, "extensions", "build_branch", spec_json=json.dumps(spec))
&gt;       assert res["status"] == "built", res
               ^^^^^^^^^^^^^
E       KeyError: 'status'

tests\test_patch_branch_node_keys.py:74: KeyError</failure></testcase><testcase classname="tests.test_patch_branch_node_keys.TestAddNodeKwargs" name="test_add_node_kwargs_bare_token" file="tests\test_patch_branch_node_keys.py" line="529" time="0.117"><failure message="KeyError: 'status'">self = &lt;tests.test_patch_branch_node_keys.TestAddNodeKwargs object at 0x0000018D8883F110&gt;
ext_env = (&lt;module 'tinyassets.universe_server' from 'C:\\Users\\Jonathan\\Projects\\wf-required-test-gate\\tinyassets\\universe...dowsPath('C:/Users/Jonathan/AppData/Local/Temp/pytest-of-Jonathan/pytest-7404/test_add_node_kwargs_bare_toke0/output'))

    def test_add_node_kwargs_bare_token(self, ext_env):
        us, base = ext_env
&gt;       bid = _build(us)
              ^^^^^^^^^^

tests\test_patch_branch_node_keys.py:532: 
_ _ _ _ _ _ _ _ _ _ _ _ _ _ _ _ _ _ _ _ _ _ _ _ _ _ _ _ _ _ _ _ _ _ _ _ _ _ _ _

us = &lt;module 'tinyassets.universe_server' from 'C:\\Users\\Jonathan\\Projects\\wf-required-test-gate\\tinyassets\\universe_server.py'&gt;

    def _build(us, *, node_keys=None) -&gt; str:
        node: dict = {
            "node_id": "capture",
            "display_name": "Capture",
            "prompt_template": "cap: {x}",
        }
        if node_keys is not None:
            node["input_keys"] = node_keys.get("input_keys", [])
            node["output_keys"] = node_keys.get("output_keys", [])
        spec = {
            "name": "b",
            "entry_point": "capture",
            "node_defs": [node],
            "edges": [
                {"from": "START", "to": "capture"},
                {"from": "capture", "to": "END"},
            ],
            "state_schema": [{"name": "x", "type": "str"}],
        }
        res = _call(us, "extensions", "build_branch", spec_json=json.dumps(spec))
&gt;       assert res["status"] == "built", res
               ^^^^^^^^^^^^^
E       KeyError: 'status'

tests\test_patch_branch_node_keys.py:74: KeyError</failure></testcase><testcase classname="tests.test_patch_branch_node_keys.TestUpdateNodeKwargs" name="test_update_node_kwargs_bare_string" file="tests\test_patch_branch_node_keys.py" line="552" time="0.123"><failure message="KeyError: 'status'">self = &lt;tests.test_patch_branch_node_keys.TestUpdateNodeKwargs object at 0x0000018D8883F250&gt;
ext_env = (&lt;module 'tinyassets.universe_server' from 'C:\\Users\\Jonathan\\Projects\\wf-required-test-gate\\tinyassets\\universe...dowsPath('C:/Users/Jonathan/AppData/Local/Temp/pytest-of-Jonathan/pytest-7404/test_update_node_kwargs_bare_s0/output'))

    def test_update_node_kwargs_bare_string(self, ext_env):
        us, base = ext_env
&gt;       bid = _build(us)
              ^^^^^^^^^^

tests\test_patch_branch_node_keys.py:555: 
_ _ _ _ _ _ _ _ _ _ _ _ _ _ _ _ _ _ _ _ _ _ _ _ _ _ _ _ _ _ _ _ _ _ _ _ _ _ _ _

us = &lt;module 'tinyassets.universe_server' from 'C:\\Users\\Jonathan\\Projects\\wf-required-test-gate\\tinyassets\\universe_server.py'&gt;

    def _build(us, *, node_keys=None) -&gt; str:
        node: dict = {
            "node_id": "capture",
            "display_name": "Capture",
            "prompt_template": "cap: {x}",
        }
        if node_keys is not None:
            node["input_keys"] = node_keys.get("input_keys", [])
            node["output_keys"] = node_keys.get("output_keys", [])
        spec = {
            "name": "b",
            "entry_point": "capture",
            "node_defs": [node],
            "edges": [
                {"from": "START", "to": "capture"},
                {"from": "capture", "to": "END"},
            ],
            "state_schema": [{"name": "x", "type": "str"}],
        }
        res = _call(us, "extensions", "build_branch", spec_json=json.dumps(spec))
&gt;       assert res["status"] == "built", res
               ^^^^^^^^^^^^^
E       KeyError: 'status'

tests\test_patch_branch_node_keys.py:74: KeyError</failure></testcase><testcase classname="tests.test_patch_branch_node_keys.TestUpdateNodeKwargs" name="test_update_node_kwargs_csv" file="tests\test_patch_branch_node_keys.py" line="565" time="0.144"><failure message="KeyError: 'status'">self = &lt;tests.test_patch_branch_node_keys.TestUpdateNodeKwargs object at 0x0000018D8883F390&gt;
ext_env = (&lt;module 'tinyassets.universe_server' from 'C:\\Users\\Jonathan\\Projects\\wf-required-test-gate\\tinyassets\\universe...WindowsPath('C:/Users/Jonathan/AppData/Local/Temp/pytest-of-Jonathan/pytest-7404/test_update_node_kwargs_csv0/output'))

    def test_update_node_kwargs_csv(self, ext_env):
        us, base = ext_env
&gt;       bid = _build(us)
              ^^^^^^^^^^

tests\test_patch_branch_node_keys.py:568: 
_ _ _ _ _ _ _ _ _ _ _ _ _ _ _ _ _ _ _ _ _ _ _ _ _ _ _ _ _ _ _ _ _ _ _ _ _ _ _ _

us = &lt;module 'tinyassets.universe_server' from 'C:\\Users\\Jonathan\\Projects\\wf-required-test-gate\\tinyassets\\universe_server.py'&gt;

    def _build(us, *, node_keys=None) -&gt; str:
        node: dict = {
            "node_id": "capture",
            "display_name": "Capture",
            "prompt_template": "cap: {x}",
        }
        if node_keys is not None:
            node["input_keys"] = node_keys.get("input_keys", [])
            node["output_keys"] = node_keys.get("output_keys", [])
        spec = {
            "name": "b",
            "entry_point": "capture",
            "node_defs": [node],
            "edges": [
                {"from": "START", "to": "capture"},
                {"from": "capture", "to": "END"},
            ],
            "state_schema": [{"name": "x", "type": "str"}],
        }
        res = _call(us, "extensions", "build_branch", spec_json=json.dumps(spec))
&gt;       assert res["status"] == "built", res
               ^^^^^^^^^^^^^
E       KeyError: 'status'

tests\test_patch_branch_node_keys.py:74: KeyError</failure></testcase><testcase classname="tests.test_patch_branch_node_keys.TestUpdateNodeKwargs" name="test_update_node_changes_json_list" file="tests\test_patch_branch_node_keys.py" line="578" time="0.114"><failure message="KeyError: 'status'">self = &lt;tests.test_patch_branch_node_keys.TestUpdateNodeKwargs object at 0x0000018D890EBE10&gt;
ext_env = (&lt;module 'tinyassets.universe_server' from 'C:\\Users\\Jonathan\\Projects\\wf-required-test-gate\\tinyassets\\universe...dowsPath('C:/Users/Jonathan/AppData/Local/Temp/pytest-of-Jonathan/pytest-7404/test_update_node_changes_json_0/output'))

    def test_update_node_changes_json_list(self, ext_env):
        us, base = ext_env
&gt;       bid = _build(us)
              ^^^^^^^^^^

tests\test_patch_branch_node_keys.py:581: 
_ _ _ _ _ _ _ _ _ _ _ _ _ _ _ _ _ _ _ _ _ _ _ _ _ _ _ _ _ _ _ _ _ _ _ _ _ _ _ _

us = &lt;module 'tinyassets.universe_server' from 'C:\\Users\\Jonathan\\Projects\\wf-required-test-gate\\tinyassets\\universe_server.py'&gt;

    def _build(us, *, node_keys=None) -&gt; str:
        node: dict = {
            "node_id": "capture",
            "display_name": "Capture",
            "prompt_template": "cap: {x}",
        }
        if node_keys is not None:
            node["input_keys"] = node_keys.get("input_keys", [])
            node["output_keys"] = node_keys.get("output_keys", [])
        spec = {
            "name": "b",
            "entry_point": "capture",
            "node_defs": [node],
            "edges": [
                {"from": "START", "to": "capture"},
                {"from": "capture", "to": "END"},
            ],
            "state_schema": [{"name": "x", "type": "str"}],
        }
        res = _call(us, "extensions", "build_branch", spec_json=json.dumps(spec))
&gt;       assert res["status"] == "built", res
               ^^^^^^^^^^^^^
E       KeyError: 'status'

tests\test_patch_branch_node_keys.py:74: KeyError</failure></testcase><testcase classname="tests.test_patch_branch_node_keys.TestUpdateNodeKwargs" name="test_update_node_changes_json_bare_string" file="tests\test_patch_branch_node_keys.py" line="591" time="0.116"><failure message="KeyError: 'status'">self = &lt;tests.test_patch_branch_node_keys.TestUpdateNodeKwargs object at 0x0000018D88A98050&gt;
ext_env = (&lt;module 'tinyassets.universe_server' from 'C:\\Users\\Jonathan\\Projects\\wf-required-test-gate\\tinyassets\\universe...dowsPath('C:/Users/Jonathan/AppData/Local/Temp/pytest-of-Jonathan/pytest-7404/test_update_node_changes_json_1/output'))

    def test_update_node_changes_json_bare_string(self, ext_env):
        us, base = ext_env
&gt;       bid = _build(us)
              ^^^^^^^^^^

tests\test_patch_branch_node_keys.py:594: 
_ _ _ _ _ _ _ _ _ _ _ _ _ _ _ _ _ _ _ _ _ _ _ _ _ _ _ _ _ _ _ _ _ _ _ _ _ _ _ _

us = &lt;module 'tinyassets.universe_server' from 'C:\\Users\\Jonathan\\Projects\\wf-required-test-gate\\tinyassets\\universe_server.py'&gt;

    def _build(us, *, node_keys=None) -&gt; str:
        node: dict = {
            "node_id": "capture",
            "display_name": "Capture",
            "prompt_template": "cap: {x}",
        }
        if node_keys is not None:
            node["input_keys"] = node_keys.get("input_keys", [])
            node["output_keys"] = node_keys.get("output_keys", [])
        spec = {
            "name": "b",
            "entry_point": "capture",
            "node_defs": [node],
            "edges": [
                {"from": "START", "to": "capture"},
                {"from": "capture", "to": "END"},
            ],
            "state_schema": [{"name": "x", "type": "str"}],
        }
        res = _call(us, "extensions", "build_branch", spec_json=json.dumps(spec))
&gt;       assert res["status"] == "built", res
               ^^^^^^^^^^^^^
E       KeyError: 'status'

tests\test_patch_branch_node_keys.py:74: KeyError</failure></testcase><testcase classname="tests.test_patch_branch_node_keys.TestUpdateNodeKwargs" name="test_update_node_changes_json_rejects_non_string" file="tests\test_patch_branch_node_keys.py" line="604" time="0.114"><failure message="KeyError: 'status'">self = &lt;tests.test_patch_branch_node_keys.TestUpdateNodeKwargs object at 0x0000018D88AAE9F0&gt;
ext_env = (&lt;module 'tinyassets.universe_server' from 'C:\\Users\\Jonathan\\Projects\\wf-required-test-gate\\tinyassets\\universe...dowsPath('C:/Users/Jonathan/AppData/Local/Temp/pytest-of-Jonathan/pytest-7404/test_update_node_changes_json_2/output'))

    def test_update_node_changes_json_rejects_non_string(self, ext_env):
        us, _ = ext_env
&gt;       bid = _build(us)
              ^^^^^^^^^^

tests\test_patch_branch_node_keys.py:607: 
_ _ _ _ _ _ _ _ _ _ _ _ _ _ _ _ _ _ _ _ _ _ _ _ _ _ _ _ _ _ _ _ _ _ _ _ _ _ _ _

us = &lt;module 'tinyassets.universe_server' from 'C:\\Users\\Jonathan\\Projects\\wf-required-test-gate\\tinyassets\\universe_server.py'&gt;

    def _build(us, *, node_keys=None) -&gt; str:
        node: dict = {
            "node_id": "capture",
            "display_name": "Capture",
            "prompt_template": "cap: {x}",
        }
        if node_keys is not None:
            node["input_keys"] = node_keys.get("input_keys", [])
            node["output_keys"] = node_keys.get("output_keys", [])
        spec = {
            "name": "b",
            "entry_point": "capture",
            "node_defs": [node],
            "edges": [
                {"from": "START", "to": "capture"},
                {"from": "capture", "to": "END"},
            ],
            "state_schema": [{"name": "x", "type": "str"}],
        }
        res = _call(us, "extensions", "build_branch", spec_json=json.dumps(spec))
&gt;       assert res["status"] == "built", res
               ^^^^^^^^^^^^^
E       KeyError: 'status'

tests\test_patch_branch_node_keys.py:74: KeyError</failure></testcase><testcase classname="tests.test_patch_branch_node_keys.TestUpdateNodeKwargs" name="test_update_node_model_hint_and_llm_policy_changes_json" file="tests\test_patch_branch_node_keys.py" line="615" time="0.114"><failure message="KeyError: 'status'">self = &lt;tests.test_patch_branch_node_keys.TestUpdateNodeKwargs object at 0x0000018D891027A0&gt;
ext_env = (&lt;module 'tinyassets.universe_server' from 'C:\\Users\\Jonathan\\Projects\\wf-required-test-gate\\tinyassets\\universe...dowsPath('C:/Users/Jonathan/AppData/Local/Temp/pytest-of-Jonathan/pytest-7404/test_update_node_model_hint_an1/output'))

    def test_update_node_model_hint_and_llm_policy_changes_json(self, ext_env):
        us, base = ext_env
&gt;       bid = _build(us)
              ^^^^^^^^^^

tests\test_patch_branch_node_keys.py:618: 
_ _ _ _ _ _ _ _ _ _ _ _ _ _ _ _ _ _ _ _ _ _ _ _ _ _ _ _ _ _ _ _ _ _ _ _ _ _ _ _

us = &lt;module 'tinyassets.universe_server' from 'C:\\Users\\Jonathan\\Projects\\wf-required-test-gate\\tinyassets\\universe_server.py'&gt;

    def _build(us, *, node_keys=None) -&gt; str:
        node: dict = {
            "node_id": "capture",
            "display_name": "Capture",
            "prompt_template": "cap: {x}",
        }
        if node_keys is not None:
            node["input_keys"] = node_keys.get("input_keys", [])
            node["output_keys"] = node_keys.get("output_keys", [])
        spec = {
            "name": "b",
            "entry_point": "capture",
            "node_defs": [node],
            "edges": [
                {"from": "START", "to": "capture"},
                {"from": "capture", "to": "END"},
            ],
            "state_schema": [{"name": "x", "type": "str"}],
        }
        res = _call(us, "extensions", "build_branch", spec_json=json.dumps(spec))
&gt;       assert res["status"] == "built", res
               ^^^^^^^^^^^^^
E       KeyError: 'status'

tests\test_patch_branch_node_keys.py:74: KeyError</failure></testcase><testcase classname="tests.test_patch_branch_node_keys.TestUpdateNodeKwargs" name="test_update_node_changes_json_rejects_invalid_llm_policy" file="tests\test_patch_branch_node_keys.py" line="635" time="0.114"><failure message="KeyError: 'status'">self = &lt;tests.test_patch_branch_node_keys.TestUpdateNodeKwargs object at 0x0000018D891028B0&gt;
ext_env = (&lt;module 'tinyassets.universe_server' from 'C:\\Users\\Jonathan\\Projects\\wf-required-test-gate\\tinyassets\\universe...dowsPath('C:/Users/Jonathan/AppData/Local/Temp/pytest-of-Jonathan/pytest-7404/test_update_node_changes_json_3/output'))

    def test_update_node_changes_json_rejects_invalid_llm_policy(self, ext_env):
        us, _ = ext_env
&gt;       bid = _build(us)
              ^^^^^^^^^^

tests\test_patch_branch_node_keys.py:638: 
_ _ _ _ _ _ _ _ _ _ _ _ _ _ _ _ _ _ _ _ _ _ _ _ _ _ _ _ _ _ _ _ _ _ _ _ _ _ _ _

us = &lt;module 'tinyassets.universe_server' from 'C:\\Users\\Jonathan\\Projects\\wf-required-test-gate\\tinyassets\\universe_server.py'&gt;

    def _build(us, *, node_keys=None) -&gt; str:
        node: dict = {
            "node_id": "capture",
            "display_name": "Capture",
            "prompt_template": "cap: {x}",
        }
        if node_keys is not None:
            node["input_keys"] = node_keys.get("input_keys", [])
            node["output_keys"] = node_keys.get("output_keys", [])
        spec = {
            "name": "b",
            "entry_point": "capture",
            "node_defs": [node],
            "edges": [
                {"from": "START", "to": "capture"},
                {"from": "capture", "to": "END"},
            ],
            "state_schema": [{"name": "x", "type": "str"}],
        }
        res = _call(us, "extensions", "build_branch", spec_json=json.dumps(spec))
&gt;       assert res["status"] == "built", res
               ^^^^^^^^^^^^^
E       KeyError: 'status'

tests\test_patch_branch_node_keys.py:74: KeyError</failure></testcase><testcase classname="tests.test_patch_branch_readback.TestPatchBranchReadback" name="test_rename_patch_includes_post_patch_name" file="tests\test_patch_branch_readback.py" line="64" time="0.001"><failure message="KeyError: 'status'">self = &lt;tests.test_patch_branch_readback.TestPatchBranchReadback object at 0x0000018D8883F610&gt;

    def test_rename_patch_includes_post_patch_name(self):
        """Rename op → post_patch.name matches new name; patched_fields includes 'name'."""
        before = _make_branch_dict(name="Old Name")
        after = dict(before, name="New Name", updated_at="2026-01-02T00:00:00")
    
        result = _call_patch(
            before, after,
            [{"op": "set_name", "name": "New Name"}],
        )
    
&gt;       assert result["status"] == "patched"
               ^^^^^^^^^^^^^^^^
E       KeyError: 'status'

tests\test_patch_branch_readback.py:75: KeyError</failure></testcase><testcase classname="tests.test_patch_branch_readback.TestPatchBranchReadback" name="test_multi_field_patch_lists_all_changed_fields" file="tests\test_patch_branch_readback.py" line="78" time="0.001"><failure message="KeyError: 'status'">self = &lt;tests.test_patch_branch_readback.TestPatchBranchReadback object at 0x0000018D8883F750&gt;

    def test_multi_field_patch_lists_all_changed_fields(self):
        """Two changed fields → patched_fields lists both."""
        before = _make_branch_dict(name="Alpha", entry_point="n1")
        after = dict(
            before,
            name="Beta",
            entry_point="n2",
            updated_at="2026-01-02T00:00:00",
        )
    
        result = _call_patch(
            before, after,
            [{"op": "set_name", "name": "Beta"}, {"op": "set_entry_point", "node_id": "n2"}],
        )
    
&gt;       assert result["status"] == "patched"
               ^^^^^^^^^^^^^^^^
E       KeyError: 'status'

tests\test_patch_branch_readback.py:94: KeyError</failure></testcase><testcase classname="tests.test_patch_branch_readback.TestPatchBranchReadback" name="test_noop_patch_patched_fields_empty" file="tests\test_patch_branch_readback.py" line="98" time="0.001"><failure message="KeyError: 'status'">self = &lt;tests.test_patch_branch_readback.TestPatchBranchReadback object at 0x0000018D88A982B0&gt;

    def test_noop_patch_patched_fields_empty(self):
        """Patch that changes nothing (same values) → patched_fields is empty."""
        before = _make_branch_dict(name="Same Name")
        after = dict(before, updated_at="2026-01-02T00:00:00")
    
        result = _call_patch(
            before, after,
            [{"op": "set_name", "name": "Same Name"}],
        )
    
&gt;       assert result["status"] == "patched"
               ^^^^^^^^^^^^^^^^
E       KeyError: 'status'

tests\test_patch_branch_readback.py:109: KeyError</failure></testcase><testcase classname="tests.test_patch_branch_readback.TestPatchBranchReadback" name="test_post_patch_contains_required_fields" file="tests\test_patch_branch_readback.py" line="111" time="0.001"><failure message="KeyError: 'post_patch'">self = &lt;tests.test_patch_branch_readback.TestPatchBranchReadback object at 0x0000018D88A983E0&gt;

    def test_post_patch_contains_required_fields(self):
        """post_patch always includes branch_def_id, name, entry_point, node_count, edge_count."""
        before = _make_branch_dict(branch_def_id="b42", name="My Branch", entry_point="start")
        after = dict(before, name="Renamed", updated_at="2026-01-02T00:00:00")
    
        result = _call_patch(
            before, after,
            [{"op": "set_name", "name": "Renamed"}],
        )
    
&gt;       pp = result["post_patch"]
             ^^^^^^^^^^^^^^^^^^^^
E       KeyError: 'post_patch'

tests\test_patch_branch_readback.py:122: KeyError</failure></testcase><testcase classname="tests.test_patch_branch_readback.TestPatchBranchReadback" name="test_updated_at_not_in_patched_fields" file="tests\test_patch_branch_readback.py" line="128" time="0.001"><failure message="KeyError: 'patched_fields'">self = &lt;tests.test_patch_branch_readback.TestPatchBranchReadback object at 0x0000018D88AADA30&gt;

    def test_updated_at_not_in_patched_fields(self):
        """updated_at is excluded from patched_fields even though it always changes."""
        before = _make_branch_dict(name="Branch")
        after = dict(before, updated_at="2026-12-31T23:59:59")
    
        result = _call_patch(
            before, after,
            [{"op": "set_name", "name": "Branch"}],
        )
    
&gt;       assert "updated_at" not in result["patched_fields"]
                                   ^^^^^^^^^^^^^^^^^^^^^^^^
E       KeyError: 'patched_fields'

tests\test_patch_branch_readback.py:139: KeyError</failure></testcase><testcase classname="tests.test_patch_nodes" name="test_patch_nodes_updates_timeout_on_all_nodes" file="tests\test_patch_nodes.py" line="84" time="0.115"><failure message="KeyError: 'branch_def_id'">us_env = (&lt;module 'tinyassets.universe_server' from 'C:\\Users\\Jonathan\\Projects\\wf-required-test-gate\\tinyassets\\universe...dowsPath('C:/Users/Jonathan/AppData/Local/Temp/pytest-of-Jonathan/pytest-7404/test_patch_nodes_updates_timeo0/output'))

    def test_patch_nodes_updates_timeout_on_all_nodes(us_env):
        """The Mission 6 pattern: bump timeout_seconds on every node in
        one call."""
        us, _ = us_env
&gt;       bid = _build_three_node_branch(us)
              ^^^^^^^^^^^^^^^^^^^^^^^^^^^^

tests\test_patch_nodes.py:89: 
_ _ _ _ _ _ _ _ _ _ _ _ _ _ _ _ _ _ _ _ _ _ _ _ _ _ _ _ _ _ _ _ _ _ _ _ _ _ _ _

us = &lt;module 'tinyassets.universe_server' from 'C:\\Users\\Jonathan\\Projects\\wf-required-test-gate\\tinyassets\\universe_server.py'&gt;

    def _build_three_node_branch(us) -&gt; str:
&gt;       bid = json.loads(us.extensions(
            action="create_branch", name="bulk-patch-probe",
        ))["branch_def_id"]
E       KeyError: 'branch_def_id'

tests\test_patch_nodes.py:39: KeyError</failure></testcase><testcase classname="tests.test_patch_nodes" name="test_patch_nodes_respects_node_ids_subset" file="tests\test_patch_nodes.py" line="102" time="0.116"><failure message="KeyError: 'branch_def_id'">us_env = (&lt;module 'tinyassets.universe_server' from 'C:\\Users\\Jonathan\\Projects\\wf-required-test-gate\\tinyassets\\universe...dowsPath('C:/Users/Jonathan/AppData/Local/Temp/pytest-of-Jonathan/pytest-7404/test_patch_nodes_respects_node0/output'))

    def test_patch_nodes_respects_node_ids_subset(us_env):
        us, _ = us_env
&gt;       bid = _build_three_node_branch(us)
              ^^^^^^^^^^^^^^^^^^^^^^^^^^^^

tests\test_patch_nodes.py:105: 
_ _ _ _ _ _ _ _ _ _ _ _ _ _ _ _ _ _ _ _ _ _ _ _ _ _ _ _ _ _ _ _ _ _ _ _ _ _ _ _

us = &lt;module 'tinyassets.universe_server' from 'C:\\Users\\Jonathan\\Projects\\wf-required-test-gate\\tinyassets\\universe_server.py'&gt;

    def _build_three_node_branch(us) -&gt; str:
&gt;       bid = json.loads(us.extensions(
            action="create_branch", name="bulk-patch-probe",
        ))["branch_def_id"]
E       KeyError: 'branch_def_id'

tests\test_patch_nodes.py:39: KeyError</failure></testcase><testcase classname="tests.test_patch_nodes" name="test_patch_nodes_bumps_branch_version" file="tests\test_patch_nodes.py" line="119" time="0.112"><failure message="KeyError: 'branch_def_id'">us_env = (&lt;module 'tinyassets.universe_server' from 'C:\\Users\\Jonathan\\Projects\\wf-required-test-gate\\tinyassets\\universe...dowsPath('C:/Users/Jonathan/AppData/Local/Temp/pytest-of-Jonathan/pytest-7404/test_patch_nodes_bumps_branch_0/output'))

    def test_patch_nodes_bumps_branch_version(us_env):
        us, _ = us_env
&gt;       bid = _build_three_node_branch(us)
              ^^^^^^^^^^^^^^^^^^^^^^^^^^^^

tests\test_patch_nodes.py:122: 
_ _ _ _ _ _ _ _ _ _ _ _ _ _ _ _ _ _ _ _ _ _ _ _ _ _ _ _ _ _ _ _ _ _ _ _ _ _ _ _

us = &lt;module 'tinyassets.universe_server' from 'C:\\Users\\Jonathan\\Projects\\wf-required-test-gate\\tinyassets\\universe_server.py'&gt;

    def _build_three_node_branch(us) -&gt; str:
&gt;       bid = json.loads(us.extensions(
            action="create_branch", name="bulk-patch-probe",
        ))["branch_def_id"]
E       KeyError: 'branch_def_id'

tests\test_patch_nodes.py:39: KeyError</failure></testcase><testcase classname="tests.test_patch_nodes" name="test_patch_nodes_coerces_bool_value" file="tests\test_patch_nodes.py" line="139" time="0.131"><failure message="KeyError: 'branch_def_id'">us_env = (&lt;module 'tinyassets.universe_server' from 'C:\\Users\\Jonathan\\Projects\\wf-required-test-gate\\tinyassets\\universe...dowsPath('C:/Users/Jonathan/AppData/Local/Temp/pytest-of-Jonathan/pytest-7404/test_patch_nodes_coerces_bool_0/output'))

    def test_patch_nodes_coerces_bool_value(us_env):
        us, _ = us_env
&gt;       bid = _build_three_node_branch(us)
              ^^^^^^^^^^^^^^^^^^^^^^^^^^^^

tests\test_patch_nodes.py:142: 
_ _ _ _ _ _ _ _ _ _ _ _ _ _ _ _ _ _ _ _ _ _ _ _ _ _ _ _ _ _ _ _ _ _ _ _ _ _ _ _

us = &lt;module 'tinyassets.universe_server' from 'C:\\Users\\Jonathan\\Projects\\wf-required-test-gate\\tinyassets\\universe_server.py'&gt;

    def _build_three_node_branch(us) -&gt; str:
&gt;       bid = json.loads(us.extensions(
            action="create_branch", name="bulk-patch-probe",
        ))["branch_def_id"]
E       KeyError: 'branch_def_id'

tests\test_patch_nodes.py:39: KeyError</failure></testcase><testcase classname="tests.test_patch_nodes" name="test_patch_nodes_coerces_string_display_name" file="tests\test_patch_nodes.py" line="153" time="0.116"><failure message="KeyError: 'branch_def_id'">us_env = (&lt;module 'tinyassets.universe_server' from 'C:\\Users\\Jonathan\\Projects\\wf-required-test-gate\\tinyassets\\universe...dowsPath('C:/Users/Jonathan/AppData/Local/Temp/pytest-of-Jonathan/pytest-7404/test_patch_nodes_coerces_strin0/output'))

    def test_patch_nodes_coerces_string_display_name(us_env):
        us, _ = us_env
&gt;       bid = _build_three_node_branch(us)
              ^^^^^^^^^^^^^^^^^^^^^^^^^^^^

tests\test_patch_nodes.py:156: 
_ _ _ _ _ _ _ _ _ _ _ _ _ _ _ _ _ _ _ _ _ _ _ _ _ _ _ _ _ _ _ _ _ _ _ _ _ _ _ _

us = &lt;module 'tinyassets.universe_server' from 'C:\\Users\\Jonathan\\Projects\\wf-required-test-gate\\tinyassets\\universe_server.py'&gt;

    def _build_three_node_branch(us) -&gt; str:
&gt;       bid = json.loads(us.extensions(
            action="create_branch", name="bulk-patch-probe",
        ))["branch_def_id"]
E       KeyError: 'branch_def_id'

tests\test_patch_nodes.py:39: KeyError</failure></testcase><testcase classname="tests.test_patch_nodes" name="test_patch_nodes_rejects_unknown_field" file="tests\test_patch_nodes.py" line="168" time="0.115"><failure message="KeyError: 'branch_def_id'">us_env = (&lt;module 'tinyassets.universe_server' from 'C:\\Users\\Jonathan\\Projects\\wf-required-test-gate\\tinyassets\\universe...dowsPath('C:/Users/Jonathan/AppData/Local/Temp/pytest-of-Jonathan/pytest-7404/test_patch_nodes_rejects_unkno0/output'))

    def test_patch_nodes_rejects_unknown_field(us_env):
        us, _ = us_env
&gt;       bid = _build_three_node_branch(us)
              ^^^^^^^^^^^^^^^^^^^^^^^^^^^^

tests\test_patch_nodes.py:171: 
_ _ _ _ _ _ _ _ _ _ _ _ _ _ _ _ _ _ _ _ _ _ _ _ _ _ _ _ _ _ _ _ _ _ _ _ _ _ _ _

us = &lt;module 'tinyassets.universe_server' from 'C:\\Users\\Jonathan\\Projects\\wf-required-test-gate\\tinyassets\\universe_server.py'&gt;

    def _build_three_node_branch(us) -&gt; str:
&gt;       bid = json.loads(us.extensions(
            action="create_branch", name="bulk-patch-probe",
        ))["branch_def_id"]
E       KeyError: 'branch_def_id'

tests\test_patch_nodes.py:39: KeyError</failure></testcase><testcase classname="tests.test_patch_nodes" name="test_patch_nodes_rejects_unknown_node_id_atomically" file="tests\test_patch_nodes.py" line="179" time="0.114"><failure message="KeyError: 'branch_def_id'">us_env = (&lt;module 'tinyassets.universe_server' from 'C:\\Users\\Jonathan\\Projects\\wf-required-test-gate\\tinyassets\\universe...dowsPath('C:/Users/Jonathan/AppData/Local/Temp/pytest-of-Jonathan/pytest-7404/test_patch_nodes_rejects_unkno1/output'))

    def test_patch_nodes_rejects_unknown_node_id_atomically(us_env):
        """If any requested node_id is unknown, nothing is patched."""
        us, _ = us_env
&gt;       bid = _build_three_node_branch(us)
              ^^^^^^^^^^^^^^^^^^^^^^^^^^^^

tests\test_patch_nodes.py:183: 
_ _ _ _ _ _ _ _ _ _ _ _ _ _ _ _ _ _ _ _ _ _ _ _ _ _ _ _ _ _ _ _ _ _ _ _ _ _ _ _

us = &lt;module 'tinyassets.universe_server' from 'C:\\Users\\Jonathan\\Projects\\wf-required-test-gate\\tinyassets\\universe_server.py'&gt;

    def _build_three_node_branch(us) -&gt; str:
&gt;       bid = json.loads(us.extensions(
            action="create_branch", name="bulk-patch-probe",
        ))["branch_def_id"]
E       KeyError: 'branch_def_id'

tests\test_patch_nodes.py:39: KeyError</failure></testcase><testcase classname="tests.test_patch_nodes" name="test_patch_nodes_rejects_bad_phase" file="tests\test_patch_nodes.py" line="194" time="0.113"><failure message="KeyError: 'branch_def_id'">us_env = (&lt;module 'tinyassets.universe_server' from 'C:\\Users\\Jonathan\\Projects\\wf-required-test-gate\\tinyassets\\universe...dowsPath('C:/Users/Jonathan/AppData/Local/Temp/pytest-of-Jonathan/pytest-7404/test_patch_nodes_rejects_bad_p0/output'))

    def test_patch_nodes_rejects_bad_phase(us_env):
        us, _ = us_env
&gt;       bid = _build_three_node_branch(us)
              ^^^^^^^^^^^^^^^^^^^^^^^^^^^^

tests\test_patch_nodes.py:197: 
_ _ _ _ _ _ _ _ _ _ _ _ _ _ _ _ _ _ _ _ _ _ _ _ _ _ _ _ _ _ _ _ _ _ _ _ _ _ _ _

us = &lt;module 'tinyassets.universe_server' from 'C:\\Users\\Jonathan\\Projects\\wf-required-test-gate\\tinyassets\\universe_server.py'&gt;

    def _build_three_node_branch(us) -&gt; str:
&gt;       bid = json.loads(us.extensions(
            action="create_branch", name="bulk-patch-probe",
        ))["branch_def_id"]
E       KeyError: 'branch_def_id'

tests\test_patch_nodes.py:39: KeyError</failure></testcase><testcase classname="tests.test_patch_nodes" name="test_patch_nodes_rejects_missing_branch" file="tests\test_patch_nodes.py" line="205" time="0.115"><failure message="KeyError: 'status'">us_env = (&lt;module 'tinyassets.universe_server' from 'C:\\Users\\Jonathan\\Projects\\wf-required-test-gate\\tinyassets\\universe...dowsPath('C:/Users/Jonathan/AppData/Local/Temp/pytest-of-Jonathan/pytest-7404/test_patch_nodes_rejects_missi0/output'))

    def test_patch_nodes_rejects_missing_branch(us_env):
        us, _ = us_env
        result = json.loads(us.extensions(
            action="patch_nodes", branch_def_id="nonexistent",
            field="timeout_seconds", value="300",
        ))
&gt;       assert result["status"] == "rejected"
               ^^^^^^^^^^^^^^^^
E       KeyError: 'status'

tests\test_patch_nodes.py:212: KeyError</failure></testcase><testcase classname="tests.test_patch_nodes" name="test_patch_nodes_rejects_missing_value" file="tests\test_patch_nodes.py" line="215" time="0.114"><failure message="KeyError: 'branch_def_id'">us_env = (&lt;module 'tinyassets.universe_server' from 'C:\\Users\\Jonathan\\Projects\\wf-required-test-gate\\tinyassets\\universe...dowsPath('C:/Users/Jonathan/AppData/Local/Temp/pytest-of-Jonathan/pytest-7404/test_patch_nodes_rejects_missi1/output'))

    def test_patch_nodes_rejects_missing_value(us_env):
        us, _ = us_env
&gt;       bid = _build_three_node_branch(us)
              ^^^^^^^^^^^^^^^^^^^^^^^^^^^^

tests\test_patch_nodes.py:218: 
_ _ _ _ _ _ _ _ _ _ _ _ _ _ _ _ _ _ _ _ _ _ _ _ _ _ _ _ _ _ _ _ _ _ _ _ _ _ _ _

us = &lt;module 'tinyassets.universe_server' from 'C:\\Users\\Jonathan\\Projects\\wf-required-test-gate\\tinyassets\\universe_server.py'&gt;

    def _build_three_node_branch(us) -&gt; str:
&gt;       bid = json.loads(us.extensions(
            action="create_branch", name="bulk-patch-probe",
        ))["branch_def_id"]
E       KeyError: 'branch_def_id'

tests\test_patch_nodes.py:39: KeyError</failure></testcase><testcase classname="tests.test_patch_nodes" name="test_patch_nodes_clears_source_when_setting_template" file="tests\test_patch_nodes.py" line="229" time="0.116"><failure message="KeyError: 'branch_def_id'">us_env = (&lt;module 'tinyassets.universe_server' from 'C:\\Users\\Jonathan\\Projects\\wf-required-test-gate\\tinyassets\\universe...dowsPath('C:/Users/Jonathan/AppData/Local/Temp/pytest-of-Jonathan/pytest-7404/test_patch_nodes_clears_source0/output'))

    def test_patch_nodes_clears_source_when_setting_template(us_env):
        us, _ = us_env
&gt;       bid = _build_three_node_branch(us)
              ^^^^^^^^^^^^^^^^^^^^^^^^^^^^

tests\test_patch_nodes.py:232: 
_ _ _ _ _ _ _ _ _ _ _ _ _ _ _ _ _ _ _ _ _ _ _ _ _ _ _ _ _ _ _ _ _ _ _ _ _ _ _ _

us = &lt;module 'tinyassets.universe_server' from 'C:\\Users\\Jonathan\\Projects\\wf-required-test-gate\\tinyassets\\universe_server.py'&gt;

    def _build_three_node_branch(us) -&gt; str:
&gt;       bid = json.loads(us.extensions(
            action="create_branch", name="bulk-patch-probe",
        ))["branch_def_id"]
E       KeyError: 'branch_def_id'

tests\test_patch_nodes.py:39: KeyError</failure></testcase><testcase classname="tests.test_patch_nodes" name="test_patch_nodes_text_hides_branch_def_id" file="tests\test_patch_nodes.py" line="252" time="0.115"><failure message="KeyError: 'branch_def_id'">us_env = (&lt;module 'tinyassets.universe_server' from 'C:\\Users\\Jonathan\\Projects\\wf-required-test-gate\\tinyassets\\universe...dowsPath('C:/Users/Jonathan/AppData/Local/Temp/pytest-of-Jonathan/pytest-7404/test_patch_nodes_text_hides_br0/output'))

    def test_patch_nodes_text_hides_branch_def_id(us_env):
        """#58 invariant: raw branch_def_id stays out of the text channel."""
        us, _ = us_env
&gt;       bid = _build_three_node_branch(us)
              ^^^^^^^^^^^^^^^^^^^^^^^^^^^^

tests\test_patch_nodes.py:256: 
_ _ _ _ _ _ _ _ _ _ _ _ _ _ _ _ _ _ _ _ _ _ _ _ _ _ _ _ _ _ _ _ _ _ _ _ _ _ _ _

us = &lt;module 'tinyassets.universe_server' from 'C:\\Users\\Jonathan\\Projects\\wf-required-test-gate\\tinyassets\\universe_server.py'&gt;

    def _build_three_node_branch(us) -&gt; str:
&gt;       bid = json.loads(us.extensions(
            action="create_branch", name="bulk-patch-probe",
        ))["branch_def_id"]
E       KeyError: 'branch_def_id'

tests\test_patch_nodes.py:39: KeyError</failure></testcase><testcase classname="tests.test_patch_request_incentives" name="test_pickup_incentive_boosts_pickup_not_acceptance" file="tests\test_patch_request_incentives.py" line="76" time="0.076" /><testcase classname="tests.test_patch_request_incentives" name="test_incentivized_request_materializes_ahead_with_metadata" file="tests\test_patch_request_incentives.py" line="143" time="0.134" /><testcase classname="tests.test_patch_request_incentives" name="test_submit_request_classifies_access_meaning_and_authority" file="tests\test_patch_request_incentives.py" line="207" time="0.090" /><testcase classname="tests.test_patch_request_incentives" name="test_filing_effort_classifier_flags_research_ghost_risk" file="tests\test_patch_request_incentives.py" line="237" time="0.001" /><testcase classname="tests.test_patch_request_incentives" name="test_filing_effort_classifier_flags_merge_instant_without_ghost_signals" file="tests\test_patch_request_incentives.py" line="258" time="0.001" /><testcase classname="tests.test_patch_request_incentives" name="test_filing_effort_classifier_uses_structural_cross_reference_signal" file="tests\test_patch_request_incentives.py" line="271" time="0.000" /><testcase classname="tests.test_patch_request_incentives" name="test_filing_effort_classifier_flags_length_ratio_ghost_risk" file="tests\test_patch_request_incentives.py" line="287" time="0.000" /><testcase classname="tests.test_patch_request_incentives" name="test_filing_effort_classifier_flags_ghost_tag_cluster_overlap" file="tests\test_patch_request_incentives.py" line="308" time="0.001" /><testcase classname="tests.test_patch_request_incentives" name="test_merge_instant_effort_route_boosts_dispatcher_pickup_not_host_tier" file="tests\test_patch_request_incentives.py" line="321" time="0.000" /><testcase classname="tests.test_patch_request_incentives" name="test_ghost_risk_effort_route_requests_carrier_attention_without_pickup_boost" file="tests\test_patch_request_incentives.py" line="368" time="0.000" /><testcase classname="tests.test_patch_request_incentives" name="test_requester_directed_daemon_requires_ownership" file="tests\test_patch_request_incentives.py" line="382" time="0.102" /><testcase classname="tests.test_payments_escrow.TestMigrateEscrowSchema" name="test_table_created" file="tests\test_payments_escrow.py" line="61" time="0.001" /><testcase classname="tests.test_payments_escrow.TestMigrateEscrowSchema" name="test_idempotent_double_call" file="tests\test_payments_escrow.py" line="71" time="0.001" /><testcase classname="tests.test_payments_escrow.TestLockBonus" name="test_creates_lock" file="tests\test_payments_escrow.py" line="86" time="0.001" /><testcase classname="tests.test_payments_escrow.TestLockBonus" name="test_lock_is_locked" file="tests\test_payments_escrow.py" line="93" time="0.001" /><testcase classname="tests.test_payments_escrow.TestLockBonus" name="test_staker_id_stored" file="tests\test_payments_escrow.py" line="100" time="0.001" /><testcase classname="tests.test_payments_escrow.TestLockBonus" name="test_gate_claim_id_stored" file="tests\test_payments_escrow.py" line="105" time="0.001" /><testcase classname="tests.test_payments_escrow.TestLockBonus" name="test_zero_amount_ok" file="tests\test_payments_escrow.py" line="110" time="0.001" /><testcase classname="tests.test_payments_escrow.TestLockBonus" name="test_large_amount_ok" file="tests\test_payments_escrow.py" line="115" time="0.001" /><testcase classname="tests.test_payments_escrow.TestLockBonus" name="test_negative_amount_raises" file="tests\test_payments_escrow.py" line="120" time="0.001" /><testcase classname="tests.test_payments_escrow.TestLockBonus" name="test_duplicate_claim_staker_raises" file="tests\test_payments_escrow.py" line="133" time="0.001" /><testcase classname="tests.test_payments_escrow.TestLockBonus" name="test_different_stakers_same_claim_ok" file="tests\test_payments_escrow.py" line="139" time="0.001" /><testcase classname="tests.test_payments_escrow.TestLockBonus" name="test_same_staker_different_claims_ok" file="tests\test_payments_escrow.py" line="148" time="0.001" /><testcase classname="tests.test_payments_escrow.TestLockBonus" name="test_recipient_id_none_on_lock" file="tests\test_payments_escrow.py" line="155" time="0.001" /><testcase classname="tests.test_payments_escrow.TestLockBonus" name="test_resolved_at_none_on_lock" file="tests\test_payments_escrow.py" line="160" time="0.001" /><testcase classname="tests.test_payments_escrow.TestReleaseBonus" name="test_releases_to_recipient" file="tests\test_payments_escrow.py" line="169" time="0.001" /><testcase classname="tests.test_payments_escrow.TestReleaseBonus" name="test_is_released_true" file="tests\test_payments_escrow.py" line="182" time="0.001" /><testcase classname="tests.test_payments_escrow.TestReleaseBonus" name="test_release_not_found_raises" file="tests\test_payments_escrow.py" line="192" time="0.001" /><testcase classname="tests.test_payments_escrow.TestReleaseBonus" name="test_release_already_released_raises" file="tests\test_payments_escrow.py" line="200" time="0.001" /><testcase classname="tests.test_payments_escrow.TestReleaseBonus" name="test_release_already_refunded_raises" file="tests\test_payments_escrow.py" line="213" time="0.001" /><testcase classname="tests.test_payments_escrow.TestReleaseBonus" name="test_recipient_can_differ_from_staker" file="tests\test_payments_escrow.py" line="223" time="0.001" /><testcase classname="tests.test_payments_escrow.TestRefundBonus" name="test_refund_sets_status_refunded" file="tests\test_payments_escrow.py" line="238" time="0.001" /><testcase classname="tests.test_payments_escrow.TestRefundBonus" name="test_refund_recipient_is_staker" file="tests\test_payments_escrow.py" line="245" time="0.001" /><testcase classname="tests.test_payments_escrow.TestRefundBonus" name="test_refund_not_found_raises" file="tests\test_payments_escrow.py" line="251" time="0.001" /><testcase classname="tests.test_payments_escrow.TestRefundBonus" name="test_refund_already_released_raises" file="tests\test_payments_escrow.py" line="256" time="0.001" /><testcase classname="tests.test_payments_escrow.TestRefundBonus" name="test_refund_already_refunded_raises" file="tests\test_payments_escrow.py" line="266" time="0.001" /><testcase classname="tests.test_payments_escrow.TestRefundBonus" name="test_resolved_at_stored" file="tests\test_payments_escrow.py" line="273" time="0.001" /><testcase classname="tests.test_payments_escrow.TestGetLock" name="test_get_existing" file="tests\test_payments_escrow.py" line="283" time="0.001" /><testcase classname="tests.test_payments_escrow.TestGetLock" name="test_get_missing_returns_none" file="tests\test_payments_escrow.py" line="290" time="0.001" /><testcase classname="tests.test_payments_escrow.TestGetLock" name="test_get_lock_for_claim" file="tests\test_payments_escrow.py" line="294" time="0.001" /><testcase classname="tests.test_payments_escrow.TestGetLock" name="test_get_lock_for_claim_missing_returns_none" file="tests\test_payments_escrow.py" line="301" time="0.001" /><testcase classname="tests.test_payments_escrow.TestListLocksForClaim" name="test_empty_when_no_locks" file="tests\test_payments_escrow.py" line="309" time="0.001" /><testcase classname="tests.test_payments_escrow.TestListLocksForClaim" name="test_single_lock" file="tests\test_payments_escrow.py" line="313" time="0.001" /><testcase classname="tests.test_payments_escrow.TestListLocksForClaim" name="test_multiple_stakers" file="tests\test_payments_escrow.py" line="320" time="0.001" /><testcase classname="tests.test_payments_escrow.TestListLocksForClaim" name="test_only_returns_locks_for_matching_claim" file="tests\test_payments_escrow.py" line="329" time="0.001" /><testcase classname="tests.test_payments_escrow.TestLifecycle" name="test_lock_release_full_path" file="tests\test_payments_escrow.py" line="340" time="0.001" /><testcase classname="tests.test_payments_escrow.TestLifecycle" name="test_lock_refund_full_path" file="tests\test_payments_escrow.py" line="359" time="0.001" /><testcase classname="tests.test_payments_escrow.TestLifecycle" name="test_zero_amount_lock_refund" file="tests\test_payments_escrow.py" line="372" time="0.001" /><testcase classname="tests.test_payments_escrow_mcp.TestEscrowLock" name="test_lock_success" file="tests\test_payments_escrow_mcp.py" line="49" time="0.062" /><testcase classname="tests.test_payments_escrow_mcp.TestEscrowLock" name="test_lock_requires_paid_market" file="tests\test_payments_escrow_mcp.py" line="62" time="0.057" /><testcase classname="tests.test_payments_escrow_mcp.TestEscrowLock" name="test_lock_rejects_zero_amount" file="tests\test_payments_escrow_mcp.py" line="71" time="0.061" /><testcase classname="tests.test_payments_escrow_mcp.TestEscrowLock" name="test_lock_rejects_negative_amount" file="tests\test_payments_escrow_mcp.py" line="80" time="0.065" /><testcase classname="tests.test_payments_escrow_mcp.TestEscrowLock" name="test_lock_rejects_missing_node_id" file="tests\test_payments_escrow_mcp.py" line="88" time="0.063" /><testcase classname="tests.test_payments_escrow_mcp.TestEscrowLock" name="test_lock_rejects_duplicate_for_same_claimer" file="tests\test_payments_escrow_mcp.py" line="96" time="0.066" /><testcase classname="tests.test_payments_escrow_mcp.TestEscrowLock" name="test_lock_returns_locked_at_timestamp" file="tests\test_payments_escrow_mcp.py" line="109" time="0.063" /><testcase classname="tests.test_payments_escrow_mcp.TestEscrowLock" name="test_lock_invalid_currency_rejected" file="tests\test_payments_escrow_mcp.py" line="119" time="0.062" /><testcase classname="tests.test_payments_escrow_mcp.TestEscrowRelease" name="test_release_success" file="tests\test_payments_escrow_mcp.py" line="139" time="0.075" /><testcase classname="tests.test_payments_escrow_mcp.TestEscrowRelease" name="test_release_requires_paid_market" file="tests\test_payments_escrow_mcp.py" line="151" time="0.057" /><testcase classname="tests.test_payments_escrow_mcp.TestEscrowRelease" name="test_release_rejects_missing_lock_id" file="tests\test_payments_escrow_mcp.py" line="160" time="0.062" /><testcase classname="tests.test_payments_escrow_mcp.TestEscrowRelease" name="test_release_rejects_missing_recipient" file="tests\test_payments_escrow_mcp.py" line="168" time="0.063" /><testcase classname="tests.test_payments_escrow_mcp.TestEscrowRelease" name="test_release_rejects_unknown_lock_id" file="tests\test_payments_escrow_mcp.py" line="177" time="0.063" /><testcase classname="tests.test_payments_escrow_mcp.TestEscrowRelease" name="test_release_rejects_double_release" file="tests\test_payments_escrow_mcp.py" line="186" time="0.078" /><testcase classname="tests.test_payments_escrow_mcp.TestEscrowRelease" name="test_release_evidence_included_in_response" file="tests\test_payments_escrow_mcp.py" line="200" time="0.081" /><testcase classname="tests.test_payments_escrow_mcp.TestEscrowRefund" name="test_refund_success" file="tests\test_payments_escrow_mcp.py" line="221" time="0.077" /><testcase classname="tests.test_payments_escrow_mcp.TestEscrowRefund" name="test_refund_requires_paid_market" file="tests\test_payments_escrow_mcp.py" line="232" time="0.059" /><testcase classname="tests.test_payments_escrow_mcp.TestEscrowRefund" name="test_refund_rejects_missing_lock_id" file="tests\test_payments_escrow_mcp.py" line="240" time="0.064" /><testcase classname="tests.test_payments_escrow_mcp.TestEscrowRefund" name="test_refund_rejects_unknown_lock_id" file="tests\test_payments_escrow_mcp.py" line="246" time="0.071" /><testcase classname="tests.test_payments_escrow_mcp.TestEscrowRefund" name="test_refund_rejects_already_refunded" file="tests\test_payments_escrow_mcp.py" line="253" time="0.078" /><testcase classname="tests.test_payments_escrow_mcp.TestEscrowRefund" name="test_refund_rejects_already_released" file="tests\test_payments_escrow_mcp.py" line="265" time="0.088" /><testcase classname="tests.test_payments_escrow_mcp.TestEscrowRefund" name="test_refund_reason_included_in_response" file="tests\test_payments_escrow_mcp.py" line="277" time="0.075" /><testcase classname="tests.test_payments_escrow_mcp.TestEscrowInspect" name="test_inspect_by_lock_id" file="tests\test_payments_escrow_mcp.py" line="291" time="0.071" /><testcase classname="tests.test_payments_escrow_mcp.TestEscrowInspect" name="test_inspect_by_node_id_empty" file="tests\test_payments_escrow_mcp.py" line="305" time="0.071" /><testcase classname="tests.test_payments_escrow_mcp.TestEscrowInspect" name="test_inspect_by_node_id_with_lock" file="tests\test_payments_escrow_mcp.py" line="314" time="0.069" /><testcase classname="tests.test_payments_escrow_mcp.TestEscrowInspect" name="test_inspect_missing_both_params_rejected" file="tests\test_payments_escrow_mcp.py" line="327" time="0.066" /><testcase classname="tests.test_payments_escrow_mcp.TestEscrowInspect" name="test_inspect_unknown_lock_id_rejected" file="tests\test_payments_escrow_mcp.py" line="332" time="0.066" /><testcase classname="tests.test_payments_escrow_mcp.TestEscrowInspect" name="test_inspect_no_paid_market_gate" file="tests\test_payments_escrow_mcp.py" line="339" time="0.064" /><testcase classname="tests.test_payments_escrow_mcp.TestEscrowRoundTrip" name="test_lock_release_roundtrip" file="tests\test_payments_escrow_mcp.py" line="352" time="0.079" /><testcase classname="tests.test_payments_escrow_mcp.TestEscrowRoundTrip" name="test_lock_refund_roundtrip" file="tests\test_payments_escrow_mcp.py" line="379" time="0.072" /><testcase classname="tests.test_payments_escrow_mcp.TestCrossActorAuthorization" name="test_fund_rejects_cross_actor_staker" file="tests\test_payments_escrow_mcp.py" line="410" time="0.061" /><testcase classname="tests.test_payments_escrow_mcp.TestCrossActorAuthorization" name="test_fund_own_staker_allowed" file="tests\test_payments_escrow_mcp.py" line="423" time="0.067" /><testcase classname="tests.test_payments_escrow_mcp.TestCrossActorAuthorization" name="test_set_wallet_rejects_cross_actor" file="tests\test_payments_escrow_mcp.py" line="432" time="0.073" /><testcase classname="tests.test_payments_escrow_mcp.TestCrossActorAuthorization" name="test_withdraw_rejects_cross_actor" file="tests\test_payments_escrow_mcp.py" line="441" time="0.068" /><testcase classname="tests.test_payments_escrow_mcp.TestCrossActorAuthorization" name="test_release_rejects_non_owner" file="tests\test_payments_escrow_mcp.py" line="456" time="0.066" /><testcase classname="tests.test_payments_escrow_mcp.TestCrossActorAuthorization" name="test_release_owner_allowed" file="tests\test_payments_escrow_mcp.py" line="473" time="0.075" /><testcase classname="tests.test_payments_escrow_mcp.TestCrossActorAuthorization" name="test_host_may_act_cross_actor" file="tests\test_payments_escrow_mcp.py" line="483" time="0.064" /><testcase classname="tests.test_payments_escrow_mcp.TestCrossActorAuthorization" name="test_refund_rejects_non_owner" file="tests\test_payments_escrow_mcp.py" line="493" time="0.072" /><testcase classname="tests.test_payments_escrow_mcp.TestCrossActorAuthorization" name="test_refund_owner_allowed" file="tests\test_payments_escrow_mcp.py" line="510" time="0.067" /><testcase classname="tests.test_payments_escrow_mcp.TestCrossActorAuthorization" name="test_refund_host_may_act_cross_actor" file="tests\test_payments_escrow_mcp.py" line="519" time="0.065" /><testcase classname="tests.test_payments_escrow_mcp.TestPaymentsActionsUnit" name="test_action_lock_success" file="tests\test_payments_escrow_mcp.py" line="557" time="0.055" /><testcase classname="tests.test_payments_escrow_mcp.TestPaymentsActionsUnit" name="test_action_lock_zero_rejected" file="tests\test_payments_escrow_mcp.py" line="566" time="0.056" /><testcase classname="tests.test_payments_escrow_mcp.TestPaymentsActionsUnit" name="test_action_release_unknown_lock" file="tests\test_payments_escrow_mcp.py" line="574" time="0.055" /><testcase classname="tests.test_payments_escrow_mcp.TestPaymentsActionsUnit" name="test_action_refund_unknown_lock" file="tests\test_payments_escrow_mcp.py" line="582" time="0.055" /><testcase classname="tests.test_payments_escrow_mcp.TestPaymentsActionsUnit" name="test_action_refund_rejects_non_owner" file="tests\test_payments_escrow_mcp.py" line="588" time="0.057" /><testcase classname="tests.test_payments_escrow_mcp.TestPaymentsActionsUnit" name="test_action_refund_owner_allowed_with_caller_id" file="tests\test_payments_escrow_mcp.py" line="605" time="0.057" /><testcase classname="tests.test_payments_escrow_mcp.TestPaymentsActionsUnit" name="test_action_refund_no_caller_id_skips_auth" file="tests\test_payments_escrow_mcp.py" line="618" time="0.058" /><testcase classname="tests.test_payments_escrow_mcp.TestPaymentsActionsUnit" name="test_action_inspect_no_params" file="tests\test_payments_escrow_mcp.py" line="629" time="0.057" /><testcase classname="tests.test_payments_schema.TestMicroToken" name="test_zero_ok" file="tests\test_payments_schema.py" line="45" time="0.001" /><testcase classname="tests.test_payments_schema.TestMicroToken" name="test_positive_ok" file="tests\test_payments_schema.py" line="49" time="0.000" /><testcase classname="tests.test_payments_schema.TestMicroToken" name="test_negative_raises" file="tests\test_payments_schema.py" line="53" time="0.001" /><testcase classname="tests.test_payments_schema.TestMicroToken" name="test_treasury_fee_one_percent" file="tests\test_payments_schema.py" line="57" time="0.000" /><testcase classname="tests.test_payments_schema.TestMicroToken" name="test_treasury_fee_zero_amount" file="tests\test_payments_schema.py" line="61" time="0.000" /><testcase classname="tests.test_payments_schema.TestMicroToken" name="test_net_after_fee" file="tests\test_payments_schema.py" line="65" time="0.000" /><testcase classname="tests.test_payments_schema.TestMicroToken" name="test_net_after_fee_small_amount" file="tests\test_payments_schema.py" line="69" time="0.000" /><testcase classname="tests.test_payments_schema.TestMicroToken" name="test_is_batchable_below_threshold" file="tests\test_payments_schema.py" line="73" time="0.000" /><testcase classname="tests.test_payments_schema.TestMicroToken" name="test_is_batchable_at_threshold" file="tests\test_payments_schema.py" line="77" time="0.000" /><testcase classname="tests.test_payments_schema.TestMicroToken" name="test_is_batchable_above_threshold" file="tests\test_payments_schema.py" line="81" time="0.000" /><testcase classname="tests.test_payments_schema.TestMicroToken" name="test_addition" file="tests\test_payments_schema.py" line="85" time="0.000" /><testcase classname="tests.test_payments_schema.TestMicroToken" name="test_subtraction" file="tests\test_payments_schema.py" line="91" time="0.000" /><testcase classname="tests.test_payments_schema.TestMicroToken" name="test_subtraction_underflow_raises" file="tests\test_payments_schema.py" line="97" time="0.001" /><testcase classname="tests.test_payments_schema.TestMicroToken" name="test_repr" file="tests\test_payments_schema.py" line="102" time="0.000" /><testcase classname="tests.test_payments_schema.TestMicroToken" name="test_fee_rounds_down" file="tests\test_payments_schema.py" line="105" time="0.001" /><testcase classname="tests.test_payments_schema.TestMicroToken" name="test_fee_parametrized[100-1]" file="tests\test_payments_schema.py" line="109" time="0.001" /><testcase classname="tests.test_payments_schema.TestMicroToken" name="test_fee_parametrized[1000-10]" file="tests\test_payments_schema.py" line="109" time="0.001" /><testcase classname="tests.test_payments_schema.TestMicroToken" name="test_fee_parametrized[10000-100]" file="tests\test_payments_schema.py" line="109" time="0.001" /><testcase classname="tests.test_payments_schema.TestMicroToken" name="test_fee_parametrized[1000000-10000]" file="tests\test_payments_schema.py" line="109" time="0.001" /><testcase classname="tests.test_payments_schema.TestMicroToken" name="test_fee_parametrized[0-0]" file="tests\test_payments_schema.py" line="109" time="0.001" /><testcase classname="tests.test_payments_schema.TestTypedIds" name="test_run_id_is_str" file="tests\test_payments_schema.py" line="123" time="0.000" /><testcase classname="tests.test_payments_schema.TestTypedIds" name="test_node_id_is_str" file="tests\test_payments_schema.py" line="128" time="0.000" /><testcase classname="tests.test_payments_schema.TestTypedIds" name="test_actor_id_is_str" file="tests\test_payments_schema.py" line="132" time="0.000" /><testcase classname="tests.test_payments_schema.TestTypedIds" name="test_settlement_key_build" file="tests\test_payments_schema.py" line="136" time="0.000" /><testcase classname="tests.test_payments_schema.TestTypedIds" name="test_settlement_key_is_str" file="tests\test_payments_schema.py" line="140" time="0.000" /><testcase classname="tests.test_payments_schema.TestTypedIds" name="test_settlement_key_colon_in_component_raises" file="tests\test_payments_schema.py" line="144" time="0.001" /><testcase classname="tests.test_payments_schema.TestTypedIds" name="test_repr_run_id" file="tests\test_payments_schema.py" line="148" time="0.000" /><testcase classname="tests.test_payments_schema.TestTypedIds" name="test_repr_node_id" file="tests\test_payments_schema.py" line="151" time="0.000" /><testcase classname="tests.test_payments_schema.TestTypedIds" name="test_repr_actor_id" file="tests\test_payments_schema.py" line="154" time="0.000" /><testcase classname="tests.test_payments_schema.TestTypedIds" name="test_repr_settlement_key" file="tests\test_payments_schema.py" line="157" time="0.000" /><testcase classname="tests.test_payments_schema.TestEscrowEntry" name="test_defaults" file="tests\test_payments_schema.py" line="178" time="0.000" /><testcase classname="tests.test_payments_schema.TestEscrowEntry" name="test_remaining" file="tests\test_payments_schema.py" line="183" time="0.000" /><testcase classname="tests.test_payments_schema.TestEscrowEntry" name="test_is_fully_released_false" file="tests\test_payments_schema.py" line="187" time="0.000" /><testcase classname="tests.test_payments_schema.TestEscrowEntry" name="test_is_fully_released_true" file="tests\test_payments_schema.py" line="191" time="0.001" /><testcase classname="tests.test_payments_schema.TestEscrowEntry" name="test_released_exceeds_total_raises" file="tests\test_payments_schema.py" line="198" time="0.001" /><testcase classname="tests.test_payments_schema.TestEscrowEntry" name="test_from_row" file="tests\test_payments_schema.py" line="205" time="0.001" /><testcase classname="tests.test_payments_schema.TestEscrowEntry" name="test_from_row_missing_released_defaults_zero" file="tests\test_payments_schema.py" line="221" time="0.001" /><testcase classname="tests.test_payments_schema.TestSettlement" name="test_build_computes_fee_and_net" file="tests\test_payments_schema.py" line="238" time="0.000" /><testcase classname="tests.test_payments_schema.TestSettlement" name="test_build_zero_amount" file="tests\test_payments_schema.py" line="252" time="0.001" /><testcase classname="tests.test_payments_schema.TestSettlement" name="test_net_amount_invariant_enforced" file="tests\test_payments_schema.py" line="266" time="0.001" /><testcase classname="tests.test_payments_schema.TestSettlement" name="test_is_batchable_small" file="tests\test_payments_schema.py" line="281" time="0.000" /><testcase classname="tests.test_payments_schema.TestSettlement" name="test_is_batchable_large" file="tests\test_payments_schema.py" line="289" time="0.000" /><testcase classname="tests.test_payments_schema.TestSettlement" name="test_from_row" file="tests\test_payments_schema.py" line="297" time="0.000" /><testcase classname="tests.test_payments_schema.TestBatchedTransaction" name="test_net_amount" file="tests\test_payments_schema.py" line="332" time="0.000" /><testcase classname="tests.test_payments_schema.TestBatchedTransaction" name="test_is_flushable_below_threshold" file="tests\test_payments_schema.py" line="336" time="0.000" /><testcase classname="tests.test_payments_schema.TestBatchedTransaction" name="test_is_flushable_above_threshold" file="tests\test_payments_schema.py" line="340" time="0.000" /><testcase classname="tests.test_payments_schema.TestBatchedTransaction" name="test_from_row" file="tests\test_payments_schema.py" line="344" time="0.000" /><testcase classname="tests.test_payments_schema.TestMigrateSettlementSchema" name="test_all_tables_created" file="tests\test_payments_schema.py" line="370" time="0.001" /><testcase classname="tests.test_payments_schema.TestMigrateSettlementSchema" name="test_idempotent_double_call" file="tests\test_payments_schema.py" line="378" time="0.001" /><testcase classname="tests.test_payments_schema.TestMigrateSettlementSchema" name="test_idempotent_ten_calls" file="tests\test_payments_schema.py" line="384" time="0.001" /><testcase classname="tests.test_payments_schema.TestLegacyFkMigration" name="test_legacy_db_rejects_soft_ref_before_migration" file="tests\test_payments_schema.py" line="449" time="0.001" /><testcase classname="tests.test_payments_schema.TestLegacyFkMigration" name="test_migration_drops_stale_fk_and_accepts_soft_ref" file="tests\test_payments_schema.py" line="461" time="0.002" /><testcase classname="tests.test_payments_schema.TestLegacyFkMigration" name="test_migration_preserves_existing_rows" file="tests\test_payments_schema.py" line="478" time="0.002" /><testcase classname="tests.test_payments_schema.TestLegacyFkMigration" name="test_migration_idempotent_on_already_migrated_db" file="tests\test_payments_schema.py" line="489" time="0.002" /><testcase classname="tests.test_payments_schema.TestLegacyFkMigration" name="test_migration_noop_on_fresh_db" file="tests\test_payments_schema.py" line="499" time="0.001" /><testcase classname="tests.test_payments_schema.TestRebuildAtomicity" name="test_pending_rebuild_failure_leaves_no_scratch_table" file="tests\test_payments_schema.py" line="594" time="0.001" /><testcase classname="tests.test_payments_schema.TestRebuildAtomicity" name="test_failed_rebuild_is_retryable_and_then_succeeds" file="tests\test_payments_schema.py" line="622" time="0.002" /><testcase classname="tests.test_payments_schema.TestLegacyBatchStatusMigration" name="test_legacy_rejects_in_doubt_before_migration" file="tests\test_payments_schema.py" line="681" time="0.001" /><testcase classname="tests.test_payments_schema.TestLegacyBatchStatusMigration" name="test_migration_widens_check_and_preserves_rows" file="tests\test_payments_schema.py" line="690" time="0.001" /><testcase classname="tests.test_payments_schema.TestLegacyBatchStatusMigration" name="test_migration_idempotent_on_already_widened_db" file="tests\test_payments_schema.py" line="715" time="0.001" /><testcase classname="tests.test_payments_schema.TestLegacyBatchStatusMigration" name="test_fresh_db_accepts_in_doubt" file="tests\test_payments_schema.py" line="731" time="0.001" /><testcase classname="tests.test_payments_schema.TestDDLIntegration" name="test_insert_escrow_balance" file="tests\test_payments_schema.py" line="747" time="0.001" /><testcase classname="tests.test_payments_schema.TestDDLIntegration" name="test_insert_pending_settlement" file="tests\test_payments_schema.py" line="763" time="0.001" /><testcase classname="tests.test_payments_schema.TestDDLIntegration" name="test_duplicate_settlement_key_rejected" file="tests\test_payments_schema.py" line="784" time="0.001" /><testcase classname="tests.test_payments_schema.TestDDLIntegration" name="test_insert_batch" file="tests\test_payments_schema.py" line="806" time="0.001" /><testcase classname="tests.test_payments_schema.TestDDLIntegration" name="test_transaction_log_autoincrement" file="tests\test_payments_schema.py" line="819" time="0.001" /><testcase classname="tests.test_payments_schema.TestDDLIntegration" name="test_negative_amount_rejected_by_check" file="tests\test_payments_schema.py" line="832" time="0.001" /><testcase classname="tests.test_payments_schema.TestDDLIntegration" name="test_escrow_roundtrip_via_from_row" file="tests\test_payments_schema.py" line="842" time="0.001" /><testcase classname="tests.test_payments_settlement_ledger.TestRecordSettlement" name="test_split_1_percent" file="tests\test_payments_settlement_ledger.py" line="32" time="0.001" /><testcase classname="tests.test_payments_settlement_ledger.TestRecordSettlement" name="test_writes_all_tables" file="tests\test_payments_settlement_ledger.py" line="51" time="0.001" /><testcase classname="tests.test_payments_settlement_ledger.TestRecordSettlement" name="test_idempotent_on_key" file="tests\test_payments_settlement_ledger.py" line="84" time="0.001" /><testcase classname="tests.test_payments_settlement_ledger.TestRecordSettlement" name="test_small_amount_no_bounty_row" file="tests\test_payments_settlement_ledger.py" line="100" time="0.001" /><testcase classname="tests.test_payments_settlement_ledger.TestRecordSettlement" name="test_negative_rejected" file="tests\test_payments_settlement_ledger.py" line="111" time="0.002" /><testcase classname="tests.test_payments_settlement_ledger.TestRecordRefund" name="test_refund_logs_no_fee" file="tests\test_payments_settlement_ledger.py" line="124" time="0.002" /><testcase classname="tests.test_payments_settlement_ledger.TestGateBonusMoneyLoopE2E" name="test_release_pass_credits_treasury_and_shows_in_status" file="tests\test_payments_settlement_ledger.py" line="181" time="0.056" /><testcase classname="tests.test_payments_settlement_ledger.TestGateBonusMoneyLoopE2E" name="test_release_fail_refunds_no_fee" file="tests\test_payments_settlement_ledger.py" line="220" time="0.053" /><testcase classname="tests.test_peer_agent" name="test_windows_provider_processes_are_created_without_a_console" file="tests\test_peer_agent.py" line="26" time="0.001" /><testcase classname="tests.test_peer_agent" name="test_non_windows_provider_processes_keep_default_creation_flags" file="tests\test_peer_agent.py" line="34" time="0.001" /><testcase classname="tests.test_peer_agent" name="test_git_common_dir_is_resolved_as_an_absolute_path" file="tests\test_peer_agent.py" line="42" time="0.010" /><testcase classname="tests.test_peer_agent" name="test_git_common_dir_discovery_fails_closed_for_non_git_directory" file="tests\test_peer_agent.py" line="71" time="0.008" /><testcase classname="tests.test_peer_agent" name="test_write_codex_command_grants_only_the_resolved_git_common_dir" file="tests\test_peer_agent.py" line="80" time="0.001" /><testcase classname="tests.test_peer_agent" name="test_read_only_codex_command_never_grants_git_metadata" file="tests\test_peer_agent.py" line="98" time="0.001" /><testcase classname="tests.test_per_universe_engine_resolution" name="test_call_sync_resolves_engine_and_auth_per_universe_context" file="tests\test_per_universe_engine_resolution.py" line="138" time="0.136" /><testcase classname="tests.test_per_universe_engine_resolution" name="test_call_provider_forwards_universe_context" file="tests\test_per_universe_engine_resolution.py" line="204" time="0.032" /><testcase classname="tests.test_permission_decisions" name="test_identity_can_replays_with_soul_and_resolver_fixture" file="tests\test_permission_decisions.py" line="34" time="0.012" /><testcase classname="tests.test_permission_decisions" name="test_known_capability_enumeration_matches_legacy_paths" file="tests\test_permission_decisions.py" line="69" time="0.001" /><testcase classname="tests.test_permission_decisions" name="test_author_server_accounts_store_explicit_grants" file="tests\test_permission_decisions.py" line="92" time="0.066" /><testcase classname="tests.test_persona" name="test_soul_name_round_trips" file="tests\test_persona.py" line="37" time="0.034" /><testcase classname="tests.test_persona" name="test_soul_name_is_stripped_on_write" file="tests\test_persona.py" line="53" time="0.017" /><testcase classname="tests.test_persona" name="test_soul_name_defaults_empty" file="tests\test_persona.py" line="60" time="0.037" /><testcase classname="tests.test_persona" name="test_soul_name_multiline_cannot_inject_meta" file="tests\test_persona.py" line="68" time="0.019" /><testcase classname="tests.test_persona" name="test_soul_name_merge_preserves_existing" file="tests\test_persona.py" line="79" time="0.022" /><testcase classname="tests.test_persona" name="test_soul_summary_includes_name" file="tests\test_persona.py" line="88" time="0.011" /><testcase classname="tests.test_persona" name="test_resolve_persona_identity_never_comes_from_soul" file="tests\test_persona.py" line="100" time="0.021" /><testcase classname="tests.test_persona" name="test_resolve_persona_from_none_is_unnamed" file="tests\test_persona.py" line="119" time="0.001" /><testcase classname="tests.test_persona" name="test_resolve_persona_surfaces_self_model_known_and_open" file="tests\test_persona.py" line="129" time="0.009" /><testcase classname="tests.test_persona" name="test_persona_summary_shape" file="tests\test_persona.py" line="141" time="0.001" /><testcase classname="tests.test_persona" name="test_persona_is_frozen" file="tests\test_persona.py" line="184" time="0.000" /><testcase classname="tests.test_persona" name="test_get_status_surfaces_self_model_not_fed_purpose" file="tests\test_persona.py" line="197" time="0.101" /><testcase classname="tests.test_persona" name="test_get_status_persona_block_present_when_no_soul" file="tests\test_persona.py" line="243" time="0.101" /><testcase classname="tests.test_persona" name="test_control_station_prompt_carries_relay_markers" file="tests\test_persona.py" line="267" time="0.001" /><testcase classname="tests.test_persona" name="test_server_instructions_carry_relay_markers" file="tests\test_persona.py" line="285" time="0.001" /><testcase classname="tests.test_persona" name="test_meet_universe_prompt_registered_and_carries_bonding_markers" file="tests\test_persona.py" line="303" time="0.000" /><testcase classname="tests.test_persona" name="test_write_graph_persona_target_is_retired" file="tests\test_persona.py" line="326" time="0.000" /><testcase classname="tests.test_persona" name="test_control_station_prompt_relays_not_embodies" file="tests\test_persona.py" line="344" time="0.001" /><testcase classname="tests.test_persona" name="test_control_station_relays_brain_not_writes_it" file="tests\test_persona.py" line="369" time="0.001" /><testcase classname="tests.test_persona" name="test_server_instructions_relay_not_embody" file="tests\test_persona.py" line="392" time="0.000" /><testcase classname="tests.test_persona_custody.TestForkTakesEffect" name="test_voice_fork_is_assembled_into_the_intelligences_own_prompt" file="tests\test_persona_custody.py" line="76" time="0.197" /><testcase classname="tests.test_persona_custody.TestForkTakesEffect" name="test_absent_fork_is_not_an_error_and_bakes_in_no_script" file="tests\test_persona_custody.py" line="89" time="0.197" /><testcase classname="tests.test_persona_custody.TestForkTakesEffect" name="test_blank_voice_file_is_treated_as_no_fork" file="tests\test_persona_custody.py" line="98" time="0.146" /><testcase classname="tests.test_persona_custody.TestForkTakesEffect" name="test_voice_is_read_from_universe_side_content" file="tests\test_persona_custody.py" line="102" time="0.191" /><testcase classname="tests.test_persona_custody.TestFloorSurvivesTheFork" name="test_fork_cannot_rebind_the_structured_identity" file="tests\test_persona_custody.py" line="115" time="0.196" /><testcase classname="tests.test_persona_custody.TestFloorSurvivesTheFork" name="test_fork_cannot_dissolve_the_honesty_floor" file="tests\test_persona_custody.py" line="150" time="0.210" /><testcase classname="tests.test_persona_custody.TestFloorSurvivesTheFork" name="test_fork_cannot_widen_disclosure[T0]" file="tests\test_persona_custody.py" line="162" time="0.167" /><testcase classname="tests.test_persona_custody.TestFloorSurvivesTheFork" name="test_fork_cannot_widen_disclosure[T1]" file="tests\test_persona_custody.py" line="162" time="0.138" /><testcase classname="tests.test_persona_custody.TestFloorSurvivesTheFork" name="test_fork_does_not_grant_the_engine_new_tools" file="tests\test_persona_custody.py" line="175" time="0.089" /><testcase classname="tests.test_persona_custody.TestCustodyStaysFirstParty" name="test_persona_summary_never_carries_the_voice_fork" file="tests\test_persona_custody.py" line="194" time="0.091" /><testcase classname="tests.test_persona_custody.TestCustodyStaysFirstParty" name="test_persona_dataclass_does_not_expose_the_fork_to_callers" file="tests\test_persona_custody.py" line="221" time="0.096" /><testcase classname="tests.test_persona_custody.TestCustodyStaysFirstParty" name="test_soul_remains_governance_input_not_persona_identity" file="tests\test_persona_custody.py" line="228" time="0.092" /><testcase classname="tests.test_persona_custody.TestCustodyStaysFirstParty" name="test_fork_is_marked_as_the_founders_voice_not_a_new_identity" file="tests\test_persona_custody.py" line="241" time="0.117" /><testcase classname="tests.test_persona_replay" name="test_persona_replay_infrastructure_present" file="tests\test_persona_replay.py" line="97" time="0.025" /><testcase classname="tests.test_persona_replay" name="test_priya_session_1_replay_baseline" file="tests\test_persona_replay.py" line="113" time="0.000"><skipped type="pytest.skip" message="awaits live persona-step replay implementation per host directive">C:\Users\Jonathan\Projects\wf-required-test-gate\tests\test_persona_replay.py:114: awaits live persona-step replay implementation per host directive</skipped></testcase><testcase classname="tests.test_phase7.TestProgressiveIngestor" name="test_survey_finds_files" file="tests\test_phase7.py" line="35" time="0.034" /><testcase classname="tests.test_phase7.TestProgressiveIngestor" name="test_survey_splits_sections" file="tests\test_phase7.py" line="43" time="0.015" /><testcase classname="tests.test_phase7.TestProgressiveIngestor" name="test_triage_assigns_priorities" file="tests\test_phase7.py" line="53" time="0.015" /><testcase classname="tests.test_phase7.TestProgressiveIngestor" name="test_get_next_batch" file="tests\test_phase7.py" line="67" time="0.016" /><testcase classname="tests.test_phase7.TestProgressiveIngestor" name="test_mark_ingested" file="tests\test_phase7.py" line="78" time="0.018" /><testcase classname="tests.test_phase7.TestProgressiveIngestor" name="test_check_for_new_files" file="tests\test_phase7.py" line="87" time="0.025" /><testcase classname="tests.test_phase7.TestProgressiveIngestor" name="test_survey_nonexistent_dir" file="tests\test_phase7.py" line="102" time="0.001" /><testcase classname="tests.test_phase7.TestProgressiveIngestor" name="test_progress_tracking" file="tests\test_phase7.py" line="107" time="0.013" /><testcase classname="tests.test_phase7.TestOutputVersionStore" name="test_save_and_get_current" file="tests\test_phase7.py" line="123" time="0.001" /><testcase classname="tests.test_phase7.TestOutputVersionStore" name="test_multiple_versions" file="tests\test_phase7.py" line="132" time="0.001" /><testcase classname="tests.test_phase7.TestOutputVersionStore" name="test_rollback" file="tests\test_phase7.py" line="145" time="0.001" /><testcase classname="tests.test_phase7.TestOutputVersionStore" name="test_rollback_nonexistent" file="tests\test_phase7.py" line="158" time="0.001" /><testcase classname="tests.test_phase7.TestOutputVersionStore" name="test_version_count" file="tests\test_phase7.py" line="163" time="0.001" /><testcase classname="tests.test_phase7.TestOutputVersionStore" name="test_get_specific_version" file="tests\test_phase7.py" line="169" time="0.001" /><testcase classname="tests.test_phase7.TestOutputVersionStore" name="test_quality_score_stored" file="tests\test_phase7.py" line="177" time="0.001" /><testcase classname="tests.test_phase7.TestOutputVersionStore" name="test_metadata_stored" file="tests\test_phase7.py" line="183" time="0.001" /><testcase classname="tests.test_phase7.TestSeriesPromiseTracker" name="test_create_and_query" file="tests\test_phase7.py" line="196" time="0.001" /><testcase classname="tests.test_phase7.TestSeriesPromiseTracker" name="test_resolve_promise" file="tests\test_phase7.py" line="203" time="0.001" /><testcase classname="tests.test_phase7.TestSeriesPromiseTracker" name="test_add_evidence" file="tests\test_phase7.py" line="214" time="0.001" /><testcase classname="tests.test_phase7.TestSeriesPromiseTracker" name="test_overdue_promises" file="tests\test_phase7.py" line="221" time="0.001" /><testcase classname="tests.test_phase7.TestSeriesPromiseTracker" name="test_filter_by_book" file="tests\test_phase7.py" line="231" time="0.001" /><testcase classname="tests.test_phase7.TestSeriesPromiseTracker" name="test_promote_from_book" file="tests\test_phase7.py" line="239" time="0.001" /><testcase classname="tests.test_phase7.TestSeriesPromiseTracker" name="test_duplicate_create_ignored" file="tests\test_phase7.py" line="253" time="0.001" /><testcase classname="tests.test_phase7.TestCommitVersionStoreWiring" name="test_save_to_version_store_called" file="tests\test_phase7.py" line="270" time="0.001" /><testcase classname="tests.test_phase7.TestCommitVersionStoreWiring" name="test_save_to_version_store_absent" file="tests\test_phase7.py" line="292" time="0.001" /><testcase classname="tests.test_phase7.TestCommitVersionStoreWiring" name="test_save_to_version_store_error_handled" file="tests\test_phase7.py" line="300" time="0.001" /><testcase classname="tests.test_phase7.TestBookClosePromiseWiring" name="test_promote_promises_on_close" file="tests\test_phase7.py" line="317" time="0.001" /><testcase classname="tests.test_phase7.TestBookClosePromiseWiring" name="test_book_close_no_tracker" file="tests\test_phase7.py" line="340" time="0.001" /><testcase classname="tests.test_phase7.TestBookClosePromiseWiring" name="test_book_close_empty_promises" file="tests\test_phase7.py" line="352" time="0.001" /><testcase classname="tests.test_phase7_h2_goals_cutover" name="test_propose_creates_yaml_and_one_commit" file="tests\test_phase7_h2_goals_cutover.py" line="119" time="0.115"><failure message="ValueError: invalid literal for int() with base 10: 'https://github.com/x/x/pull/99'">repo_env = (&lt;module 'tinyassets.universe_server' from 'C:\\Users\\Jonathan\\Projects\\wf-required-test-gate\\tinyassets\\universe...dowsPath('C:/Users/Jonathan/AppData/Local/Temp/pytest-of-Jonathan/pytest-7404/test_propose_creates_yaml_and_0/output'))

    def test_propose_creates_yaml_and_one_commit(repo_env):
        us, repo, _base = repo_env
&gt;       before = _commit_count(repo)
                 ^^^^^^^^^^^^^^^^^^^

tests\test_phase7_h2_goals_cutover.py:122: 
_ _ _ _ _ _ _ _ _ _ _ _ _ _ _ _ _ _ _ _ _ _ _ _ _ _ _ _ _ _ _ _ _ _ _ _ _ _ _ _

repo = WindowsPath('C:/Users/Jonathan/AppData/Local/Temp/pytest-of-Jonathan/pytest-7404/test_propose_creates_yaml_and_0')

    def _commit_count(repo: Path) -&gt; int:
&gt;       return int(
            _run(["git", "rev-list", "--count", "HEAD"], repo).stdout.strip()
        )
E       ValueError: invalid literal for int() with base 10: 'https://github.com/x/x/pull/99'

tests\test_phase7_h2_goals_cutover.py:96: ValueError</failure></testcase><testcase classname="tests.test_phase7_h2_goals_cutover" name="test_update_dirty_returns_local_edit_conflict" file="tests\test_phase7_h2_goals_cutover.py" line="134" time="0.167"><failure message="FileNotFoundError: [Errno 2] No such file or directory: 'C:\\Users\\Jonathan\\AppData\\Local\\Temp\\pytest-of-Jonathan\\pytest-7404\\test_update_dirty_returns_loca0\\goals\\goal-x.yaml'">repo_env = (&lt;module 'tinyassets.universe_server' from 'C:\\Users\\Jonathan\\Projects\\wf-required-test-gate\\tinyassets\\universe...dowsPath('C:/Users/Jonathan/AppData/Local/Temp/pytest-of-Jonathan/pytest-7404/test_update_dirty_returns_loca0/output'))

    def test_update_dirty_returns_local_edit_conflict(repo_env):
        us, repo, _base = repo_env
        propose = _call(us, action="propose", name="Goal X")
        gid = propose["goal"]["goal_id"]
    
        goal_path = repo / "goals" / "goal-x.yaml"
        goal_path.write_text(
&gt;           goal_path.read_text(encoding="utf-8") + "# user edit\n",
            ^^^^^^^^^^^^^^^^^^^^^^^^^^^^^^^^^^^^^
            encoding="utf-8",
        )

tests\test_phase7_h2_goals_cutover.py:142: 
_ _ _ _ _ _ _ _ _ _ _ _ _ _ _ _ _ _ _ _ _ _ _ _ _ _ _ _ _ _ _ _ _ _ _ _ _ _ _ _
C:\Python314\Lib\pathlib\__init__.py:787: in read_text
    with self.open(mode='r', encoding=encoding, errors=errors, newline=newline) as f:
         ^^^^^^^^^^^^^^^^^^^^^^^^^^^^^^^^^^^^^^^^^^^^^^^^^^^^^^^^^^^^^^^^^^^^^^
_ _ _ _ _ _ _ _ _ _ _ _ _ _ _ _ _ _ _ _ _ _ _ _ _ _ _ _ _ _ _ _ _ _ _ _ _ _ _ _

self = WindowsPath('C:/Users/Jonathan/AppData/Local/Temp/pytest-of-Jonathan/pytest-7404/test_update_dirty_returns_loca0/goals/goal-x.yaml')
mode = 'r', buffering = -1, encoding = 'utf-8', errors = None, newline = None

    def open(self, mode='r', buffering=-1, encoding=None,
             errors=None, newline=None):
        """
        Open the file pointed to by this path and return a file object, as
        the built-in open() function does.
        """
        if "b" not in mode:
            encoding = io.text_encoding(encoding)
&gt;       return io.open(self, mode, buffering, encoding, errors, newline)
               ^^^^^^^^^^^^^^^^^^^^^^^^^^^^^^^^^^^^^^^^^^^^^^^^^^^^^^^^^
E       FileNotFoundError: [Errno 2] No such file or directory: 'C:\\Users\\Jonathan\\AppData\\Local\\Temp\\pytest-of-Jonathan\\pytest-7404\\test_update_dirty_returns_loca0\\goals\\goal-x.yaml'

C:\Python314\Lib\pathlib\__init__.py:771: FileNotFoundError</failure></testcase><testcase classname="tests.test_phase7_h2_goals_cutover" name="test_update_force_overrides_dirty" file="tests\test_phase7_h2_goals_cutover.py" line="160" time="0.139"><failure message="FileNotFoundError: [Errno 2] No such file or directory: 'C:\\Users\\Jonathan\\AppData\\Local\\Temp\\pytest-of-Jonathan\\pytest-7404\\test_update_force_overrides_di0\\goals\\goal-y.yaml'">repo_env = (&lt;module 'tinyassets.universe_server' from 'C:\\Users\\Jonathan\\Projects\\wf-required-test-gate\\tinyassets\\universe...dowsPath('C:/Users/Jonathan/AppData/Local/Temp/pytest-of-Jonathan/pytest-7404/test_update_force_overrides_di0/output'))

    def test_update_force_overrides_dirty(repo_env):
        us, repo, _base = repo_env
        propose = _call(us, action="propose", name="Goal Y")
        gid = propose["goal"]["goal_id"]
    
        goal_path = repo / "goals" / "goal-y.yaml"
&gt;       goal_path.write_text("# user edit\n", encoding="utf-8")

tests\test_phase7_h2_goals_cutover.py:167: 
_ _ _ _ _ _ _ _ _ _ _ _ _ _ _ _ _ _ _ _ _ _ _ _ _ _ _ _ _ _ _ _ _ _ _ _ _ _ _ _
C:\Python314\Lib\pathlib\__init__.py:809: in write_text
    with self.open(mode='w', encoding=encoding, errors=errors, newline=newline) as f:
         ^^^^^^^^^^^^^^^^^^^^^^^^^^^^^^^^^^^^^^^^^^^^^^^^^^^^^^^^^^^^^^^^^^^^^^
_ _ _ _ _ _ _ _ _ _ _ _ _ _ _ _ _ _ _ _ _ _ _ _ _ _ _ _ _ _ _ _ _ _ _ _ _ _ _ _

self = WindowsPath('C:/Users/Jonathan/AppData/Local/Temp/pytest-of-Jonathan/pytest-7404/test_update_force_overrides_di0/goals/goal-y.yaml')
mode = 'w', buffering = -1, encoding = 'utf-8', errors = None, newline = None

    def open(self, mode='r', buffering=-1, encoding=None,
             errors=None, newline=None):
        """
        Open the file pointed to by this path and return a file object, as
        the built-in open() function does.
        """
        if "b" not in mode:
            encoding = io.text_encoding(encoding)
&gt;       return io.open(self, mode, buffering, encoding, errors, newline)
               ^^^^^^^^^^^^^^^^^^^^^^^^^^^^^^^^^^^^^^^^^^^^^^^^^^^^^^^^^
E       FileNotFoundError: [Errno 2] No such file or directory: 'C:\\Users\\Jonathan\\AppData\\Local\\Temp\\pytest-of-Jonathan\\pytest-7404\\test_update_force_overrides_di0\\goals\\goal-y.yaml'

C:\Python314\Lib\pathlib\__init__.py:771: FileNotFoundError</failure></testcase><testcase classname="tests.test_phase7_h2_goals_cutover" name="test_bind_writes_branch_yaml_in_one_commit" file="tests\test_phase7_h2_goals_cutover.py" line="203" time="0.133"><failure message="ValueError: invalid literal for int() with base 10: 'https://github.com/x/x/pull/99'">repo_env = (&lt;module 'tinyassets.universe_server' from 'C:\\Users\\Jonathan\\Projects\\wf-required-test-gate\\tinyassets\\universe...dowsPath('C:/Users/Jonathan/AppData/Local/Temp/pytest-of-Jonathan/pytest-7404/test_bind_writes_branch_yaml_i0/output'))

    def test_bind_writes_branch_yaml_in_one_commit(repo_env):
        us, repo, _base = repo_env
        propose = _call(us, action="propose", name="Goal Z")
        gid = propose["goal"]["goal_id"]
        bid = _seed_branch(us, name="Demo branch")
    
&gt;       before = _commit_count(repo)
                 ^^^^^^^^^^^^^^^^^^^

tests\test_phase7_h2_goals_cutover.py:210: 
_ _ _ _ _ _ _ _ _ _ _ _ _ _ _ _ _ _ _ _ _ _ _ _ _ _ _ _ _ _ _ _ _ _ _ _ _ _ _ _

repo = WindowsPath('C:/Users/Jonathan/AppData/Local/Temp/pytest-of-Jonathan/pytest-7404/test_bind_writes_branch_yaml_i0')

    def _commit_count(repo: Path) -&gt; int:
&gt;       return int(
            _run(["git", "rev-list", "--count", "HEAD"], repo).stdout.strip()
        )
E       ValueError: invalid literal for int() with base 10: 'https://github.com/x/x/pull/99'

tests\test_phase7_h2_goals_cutover.py:96: ValueError</failure></testcase><testcase classname="tests.test_phase7_h2_goals_cutover" name="test_sqlite_only_env_skips_yaml_and_commits" file="tests\test_phase7_h2_goals_cutover.py" line="229" time="0.080"><failure message="ValueError: invalid literal for int() with base 10: 'https://github.com/x/x/pull/99'">repo_env = (&lt;module 'tinyassets.universe_server' from 'C:\\Users\\Jonathan\\Projects\\wf-required-test-gate\\tinyassets\\universe...dowsPath('C:/Users/Jonathan/AppData/Local/Temp/pytest-of-Jonathan/pytest-7404/test_sqlite_only_env_skips_yam0/output'))
monkeypatch = &lt;_pytest.monkeypatch.MonkeyPatch object at 0x0000018DB585EF20&gt;

    def test_sqlite_only_env_skips_yaml_and_commits(repo_env, monkeypatch):
        """TINYASSETS_STORAGE_BACKEND=sqlite_only: handlers work, no YAML, no commit."""
        us, repo, _base = repo_env
        monkeypatch.setenv("TINYASSETS_STORAGE_BACKEND", "sqlite_only")
        from tinyassets.catalog import invalidate_backend_cache
        invalidate_backend_cache()
    
&gt;       before = _commit_count(repo)
                 ^^^^^^^^^^^^^^^^^^^

tests\test_phase7_h2_goals_cutover.py:237: 
_ _ _ _ _ _ _ _ _ _ _ _ _ _ _ _ _ _ _ _ _ _ _ _ _ _ _ _ _ _ _ _ _ _ _ _ _ _ _ _

repo = WindowsPath('C:/Users/Jonathan/AppData/Local/Temp/pytest-of-Jonathan/pytest-7404/test_sqlite_only_env_skips_yam0')

    def _commit_count(repo: Path) -&gt; int:
&gt;       return int(
            _run(["git", "rev-list", "--count", "HEAD"], repo).stdout.strip()
        )
E       ValueError: invalid literal for int() with base 10: 'https://github.com/x/x/pull/99'

tests\test_phase7_h2_goals_cutover.py:96: ValueError</failure></testcase><testcase classname="tests.test_phase7_h2_goals_cutover" name="test_no_git_repo_handlers_still_work" file="tests\test_phase7_h2_goals_cutover.py" line="246" time="0.471" /><testcase classname="tests.test_phase7_h3_branch_cutover" name="test_create_branch_yields_one_commit" file="tests\test_phase7_h3_branch_cutover.py" line="154" time="0.078"><failure message="ValueError: invalid literal for int() with base 10: 'https://github.com/x/x/pull/99'">repo_env = (&lt;module 'tinyassets.universe_server' from 'C:\\Users\\Jonathan\\Projects\\wf-required-test-gate\\tinyassets\\universe...dowsPath('C:/Users/Jonathan/AppData/Local/Temp/pytest-of-Jonathan/pytest-7404/test_create_branch_yields_one_0/output'))

    def test_create_branch_yields_one_commit(repo_env):
        us, repo, _base = repo_env
&gt;       before = _commit_count(repo)
                 ^^^^^^^^^^^^^^^^^^^

C:\Users\Jonathan\Projects\wf-required-test-gate\tests\test_phase7_h3_branch_cutover.py:157: 
_ _ _ _ _ _ _ _ _ _ _ _ _ _ _ _ _ _ _ _ _ _ _ _ _ _ _ _ _ _ _ _ _ _ _ _ _ _ _ _

repo = WindowsPath('C:/Users/Jonathan/AppData/Local/Temp/pytest-of-Jonathan/pytest-7404/test_create_branch_yields_one_0')

    def _commit_count(repo: Path) -&gt; int:
&gt;       return int(
            _run(["git", "rev-list", "--count", "HEAD"], repo).stdout.strip()
        )
E       ValueError: invalid literal for int() with base 10: 'https://github.com/x/x/pull/99'

C:\Users\Jonathan\Projects\wf-required-test-gate\tests\test_phase7_h3_branch_cutover.py:131: ValueError</failure></testcase><testcase classname="tests.test_phase7_h3_branch_cutover" name="test_add_node_commits_branch_and_node_yamls" file="tests\test_phase7_h3_branch_cutover.py" line="172" time="0.120"><failure message="KeyError: 'branch_def_id'">repo_env = (&lt;module 'tinyassets.universe_server' from 'C:\\Users\\Jonathan\\Projects\\wf-required-test-gate\\tinyassets\\universe...dowsPath('C:/Users/Jonathan/AppData/Local/Temp/pytest-of-Jonathan/pytest-7404/test_add_node_commits_branch_a0/output'))

    def test_add_node_commits_branch_and_node_yamls(repo_env):
        us, repo, _base = repo_env
        created = _call(us, action="create_branch", name="TinyAssets A")
&gt;       bid = created["branch_def_id"]
              ^^^^^^^^^^^^^^^^^^^^^^^^
E       KeyError: 'branch_def_id'

C:\Users\Jonathan\Projects\wf-required-test-gate\tests\test_phase7_h3_branch_cutover.py:176: KeyError</failure></testcase><testcase classname="tests.test_phase7_h3_branch_cutover" name="test_connect_nodes_commits_branch_only" file="tests\test_phase7_h3_branch_cutover.py" line="202" time="0.122"><failure message="KeyError: 'branch_def_id'">repo_env = (&lt;module 'tinyassets.universe_server' from 'C:\\Users\\Jonathan\\Projects\\wf-required-test-gate\\tinyassets\\universe...dowsPath('C:/Users/Jonathan/AppData/Local/Temp/pytest-of-Jonathan/pytest-7404/test_connect_nodes_commits_bra0/output'))

    def test_connect_nodes_commits_branch_only(repo_env):
        us, repo, _base = repo_env
        created = _call(us, action="create_branch", name="Connect probe")
&gt;       bid = created["branch_def_id"]
              ^^^^^^^^^^^^^^^^^^^^^^^^
E       KeyError: 'branch_def_id'

C:\Users\Jonathan\Projects\wf-required-test-gate\tests\test_phase7_h3_branch_cutover.py:206: KeyError</failure></testcase><testcase classname="tests.test_phase7_h3_branch_cutover" name="test_set_entry_point_commits_branch_only" file="tests\test_phase7_h3_branch_cutover.py" line="232" time="0.122"><failure message="KeyError: 'branch_def_id'">repo_env = (&lt;module 'tinyassets.universe_server' from 'C:\\Users\\Jonathan\\Projects\\wf-required-test-gate\\tinyassets\\universe...dowsPath('C:/Users/Jonathan/AppData/Local/Temp/pytest-of-Jonathan/pytest-7404/test_set_entry_point_commits_b0/output'))

    def test_set_entry_point_commits_branch_only(repo_env):
        us, repo, _base = repo_env
        created = _call(us, action="create_branch", name="Entry probe")
&gt;       bid = created["branch_def_id"]
              ^^^^^^^^^^^^^^^^^^^^^^^^
E       KeyError: 'branch_def_id'

C:\Users\Jonathan\Projects\wf-required-test-gate\tests\test_phase7_h3_branch_cutover.py:236: KeyError</failure></testcase><testcase classname="tests.test_phase7_h3_branch_cutover" name="test_add_state_field_commits_branch_only" file="tests\test_phase7_h3_branch_cutover.py" line="257" time="0.119"><failure message="KeyError: 'branch_def_id'">repo_env = (&lt;module 'tinyassets.universe_server' from 'C:\\Users\\Jonathan\\Projects\\wf-required-test-gate\\tinyassets\\universe...dowsPath('C:/Users/Jonathan/AppData/Local/Temp/pytest-of-Jonathan/pytest-7404/test_add_state_field_commits_b0/output'))

    def test_add_state_field_commits_branch_only(repo_env):
        us, repo, _base = repo_env
        created = _call(us, action="create_branch", name="State probe")
&gt;       bid = created["branch_def_id"]
              ^^^^^^^^^^^^^^^^^^^^^^^^
E       KeyError: 'branch_def_id'

C:\Users\Jonathan\Projects\wf-required-test-gate\tests\test_phase7_h3_branch_cutover.py:261: KeyError</failure></testcase><testcase classname="tests.test_phase7_h3_branch_cutover" name="test_add_node_dirty_returns_local_edit_conflict" file="tests\test_phase7_h3_branch_cutover.py" line="277" time="0.118"><failure message="KeyError: 'branch_def_id'">repo_env = (&lt;module 'tinyassets.universe_server' from 'C:\\Users\\Jonathan\\Projects\\wf-required-test-gate\\tinyassets\\universe...dowsPath('C:/Users/Jonathan/AppData/Local/Temp/pytest-of-Jonathan/pytest-7404/test_add_node_dirty_returns_lo0/output'))

    def test_add_node_dirty_returns_local_edit_conflict(repo_env):
        us, repo, _base = repo_env
        created = _call(us, action="create_branch", name="Dirty probe")
&gt;       bid = created["branch_def_id"]
              ^^^^^^^^^^^^^^^^^^^^^^^^
E       KeyError: 'branch_def_id'

C:\Users\Jonathan\Projects\wf-required-test-gate\tests\test_phase7_h3_branch_cutover.py:281: KeyError</failure></testcase><testcase classname="tests.test_phase7_h3_branch_cutover" name="test_add_node_force_overrides_dirty" file="tests\test_phase7_h3_branch_cutover.py" line="301" time="0.119"><failure message="KeyError: 'branch_def_id'">repo_env = (&lt;module 'tinyassets.universe_server' from 'C:\\Users\\Jonathan\\Projects\\wf-required-test-gate\\tinyassets\\universe...dowsPath('C:/Users/Jonathan/AppData/Local/Temp/pytest-of-Jonathan/pytest-7404/test_add_node_force_overrides_0/output'))

    def test_add_node_force_overrides_dirty(repo_env):
        us, repo, _base = repo_env
        created = _call(us, action="create_branch", name="Force probe")
&gt;       bid = created["branch_def_id"]
              ^^^^^^^^^^^^^^^^^^^^^^^^
E       KeyError: 'branch_def_id'

C:\Users\Jonathan\Projects\wf-required-test-gate\tests\test_phase7_h3_branch_cutover.py:305: KeyError</failure></testcase><testcase classname="tests.test_phase7_h3_branch_cutover" name="test_sqlite_only_no_yaml_no_commits" file="tests\test_phase7_h3_branch_cutover.py" line="321" time="0.076"><failure message="ValueError: invalid literal for int() with base 10: 'https://github.com/x/x/pull/99'">sqlite_only_env = (&lt;module 'tinyassets.universe_server' from 'C:\\Users\\Jonathan\\Projects\\wf-required-test-gate\\tinyassets\\universe...dowsPath('C:/Users/Jonathan/AppData/Local/Temp/pytest-of-Jonathan/pytest-7404/test_sqlite_only_no_yaml_no_co0/output'))

    def test_sqlite_only_no_yaml_no_commits(sqlite_only_env):
        us, repo, _base = sqlite_only_env
&gt;       before = _commit_count(repo)
                 ^^^^^^^^^^^^^^^^^^^

C:\Users\Jonathan\Projects\wf-required-test-gate\tests\test_phase7_h3_branch_cutover.py:324: 
_ _ _ _ _ _ _ _ _ _ _ _ _ _ _ _ _ _ _ _ _ _ _ _ _ _ _ _ _ _ _ _ _ _ _ _ _ _ _ _

repo = WindowsPath('C:/Users/Jonathan/AppData/Local/Temp/pytest-of-Jonathan/pytest-7404/test_sqlite_only_no_yaml_no_co0')

    def _commit_count(repo: Path) -&gt; int:
&gt;       return int(
            _run(["git", "rev-list", "--count", "HEAD"], repo).stdout.strip()
        )
E       ValueError: invalid literal for int() with base 10: 'https://github.com/x/x/pull/99'

C:\Users\Jonathan\Projects\wf-required-test-gate\tests\test_phase7_h3_branch_cutover.py:131: ValueError</failure></testcase><testcase classname="tests.test_phase7_h3_branch_cutover" name="test_no_git_repo_no_yaml_no_commits" file="tests\test_phase7_h3_branch_cutover.py" line="332" time="0.117"><failure message="KeyError: 'status'">no_git_env = (&lt;module 'tinyassets.universe_server' from 'C:\\Users\\Jonathan\\Projects\\wf-required-test-gate\\tinyassets\\universe...dowsPath('C:/Users/Jonathan/AppData/Local/Temp/pytest-of-Jonathan/pytest-7404/test_no_git_repo_no_yaml_no_co0/output'))

    def test_no_git_repo_no_yaml_no_commits(no_git_env):
        # no git repo — backend auto-probes to SqliteOnly; there's no repo
        # to even count commits against. Contract: handler still succeeds.
        us, repo, _base = no_git_env
        result = _call(us, action="create_branch", name="Nogit branch")
&gt;       assert result["status"] == "created"
               ^^^^^^^^^^^^^^^^
E       KeyError: 'status'

C:\Users\Jonathan\Projects\wf-required-test-gate\tests\test_phase7_h3_branch_cutover.py:338: KeyError</failure></testcase><testcase classname="tests.test_phase_vocab" name="test_enrich_phase_is_canonical_and_worldbuild_alias_is_dual_accepted" file="tests\test_phase_vocab.py" line="12" time="0.001" /><testcase classname="tests.test_planning" name="test_htn_decompose_goal" file="tests\test_planning.py" line="23" time="0.001" /><testcase classname="tests.test_planning" name="test_htn_preconditions_tracked" file="tests\test_planning.py" line="45" time="0.001" /><testcase classname="tests.test_planning" name="test_htn_total_scene_count" file="tests\test_planning.py" line="79" time="0.001" /><testcase classname="tests.test_planning" name="test_dome_expand_outline" file="tests\test_planning.py" line="98" time="0.001" /><testcase classname="tests.test_planning" name="test_dome_respects_max_depth" file="tests\test_planning.py" line="120" time="0.003" /><testcase classname="tests.test_planning" name="test_dome_tension_curves_valid" file="tests\test_planning.py" line="134" time="0.002" /><testcase classname="tests.test_planning" name="test_dome_with_kg_feedback" file="tests\test_planning.py" line="149" time="0.003" /><testcase classname="tests.test_planning" name="test_constraint_synthesis_classify_sparse" file="tests\test_planning.py" line="166" time="0.001" /><testcase classname="tests.test_planning" name="test_constraint_synthesis_classify_rich" file="tests\test_planning.py" line="174" time="0.001" /><testcase classname="tests.test_planning" name="test_constraint_synthesis_classify_short_docs" file="tests\test_planning.py" line="183" time="0.001" /><testcase classname="tests.test_planning" name="test_constraint_synthesis_generate" file="tests\test_planning.py" line="192" time="0.003" /><testcase classname="tests.test_planning" name="test_constraint_synthesis_extract" file="tests\test_planning.py" line="208" time="0.004" /><testcase classname="tests.test_planning" name="test_constraint_surface_scoring_incremental" file="tests\test_planning.py" line="237" time="0.001" /><testcase classname="tests.test_planning" name="test_constraint_synthesis_never_blocks" file="tests\test_planning.py" line="256" time="0.003" /><testcase classname="tests.test_planning" name="test_plan_node_uses_htn_dome_when_goal_present" file="tests\test_planning.py" line="274" time="0.003" /><testcase classname="tests.test_planning" name="test_plan_node_skips_htn_dome_without_goal" file="tests\test_planning.py" line="312" time="0.002" /><testcase classname="tests.test_planning" name="test_plan_node_goal_from_workflow_instructions" file="tests\test_planning.py" line="343" time="0.006" /><testcase classname="tests.test_planning" name="test_plan_node_goal_from_book_arc" file="tests\test_planning.py" line="371" time="0.003" /><testcase classname="tests.test_planning" name="test_plan_node_structural_alignment_scoring" file="tests\test_planning.py" line="397" time="0.001" /><testcase classname="tests.test_planning" name="test_plan_node_constraint_validation_in_output" file="tests\test_planning.py" line="441" time="0.003" /><testcase classname="tests.test_pr180_founder_see_edit" name="test_new_targets_preserve_canonical_handle_set" file="tests\test_pr180_founder_see_edit.py" line="61" time="0.077" /><testcase classname="tests.test_pr180_founder_see_edit" name="test_read_graph_run_routes_to_get_run" file="tests\test_pr180_founder_see_edit.py" line="70" time="0.102" /><testcase classname="tests.test_pr180_founder_see_edit" name="test_read_graph_run_listed_in_allowed_targets" file="tests\test_pr180_founder_see_edit.py" line="79" time="0.078" /><testcase classname="tests.test_pr180_founder_see_edit" name="test_write_graph_branch_routes_to_patch_branch" file="tests\test_pr180_founder_see_edit.py" line="89" time="0.117" /><testcase classname="tests.test_pr180_founder_see_edit" name="test_write_graph_branch_listed_in_allowed_targets" file="tests\test_pr180_founder_see_edit.py" line="99" time="0.076" /><testcase classname="tests.test_pr180_founder_see_edit" name="test_founder_edits_own_branch_round_trip" file="tests\test_pr180_founder_see_edit.py" line="106" time="0.122"><failure message="KeyError: 'branch_def_id'">server_env = &lt;module 'tinyassets.universe_server' from 'C:\\Users\\Jonathan\\Projects\\wf-required-test-gate\\tinyassets\\universe_server.py'&gt;

    def test_founder_edits_own_branch_round_trip(server_env):
        """End-to-end: build a branch, then EDIT it via the connector handle as
        the founder (author == UNIVERSE_SERVER_USER), and confirm the edit lands.
        """
        us = server_env
        built = json.loads(us.extensions(action="build_branch", spec_json=json.dumps(_BASIC_SPEC)))
&gt;       bid = built["branch_def_id"]
              ^^^^^^^^^^^^^^^^^^^^^^
E       KeyError: 'branch_def_id'

tests\test_pr180_founder_see_edit.py:113: KeyError</failure></testcase><testcase classname="tests.test_pr180_founder_see_edit" name="test_patch_branch_is_author_gated_via_connector" file="tests\test_pr180_founder_see_edit.py" line="128" time="0.119"><failure message="KeyError: 'branch_def_id'">server_env = &lt;module 'tinyassets.universe_server' from 'C:\\Users\\Jonathan\\Projects\\wf-required-test-gate\\tinyassets\\universe_server.py'&gt;
monkeypatch = &lt;_pytest.monkeypatch.MonkeyPatch object at 0x0000018DB1135BE0&gt;

    def test_patch_branch_is_author_gated_via_connector(server_env, monkeypatch):
        """A non-author cannot edit someone else's branch through the handle
        (inherits patch_branch's BUG-081 author gate). force=true is required to
        bypass, so the default connector path stays safe."""
        us = server_env
        built = json.loads(us.extensions(action="build_branch", spec_json=json.dumps(_BASIC_SPEC)))
&gt;       bid = built["branch_def_id"]
              ^^^^^^^^^^^^^^^^^^^^^^
E       KeyError: 'branch_def_id'

tests\test_pr180_founder_see_edit.py:135: KeyError</failure></testcase><testcase classname="tests.test_pre_commit_invariant_actionlint" name="test_no_workflow_staged_is_noop" file="tests\test_pre_commit_invariant_actionlint.py" line="34" time="0.001" /><testcase classname="tests.test_pre_commit_invariant_actionlint" name="test_actionlint_missing_is_noop" file="tests\test_pre_commit_invariant_actionlint.py" line="39" time="0.001" /><testcase classname="tests.test_pre_commit_invariant_actionlint" name="test_explicit_invalid_path_is_noop" file="tests\test_pre_commit_invariant_actionlint.py" line="50" time="0.001" /><testcase classname="tests.test_pre_commit_invariant_actionlint" name="test_actionlint_clean_exits_zero" file="tests\test_pre_commit_invariant_actionlint.py" line="57" time="0.010" /><testcase classname="tests.test_pre_commit_invariant_actionlint" name="test_actionlint_findings_exits_two" file="tests\test_pre_commit_invariant_actionlint.py" line="67" time="0.010" /><testcase classname="tests.test_pre_commit_invariant_actionlint" name="test_actionlint_runtime_error_is_noop" file="tests\test_pre_commit_invariant_actionlint.py" line="79" time="0.010" /><testcase classname="tests.test_pre_commit_invariant_actionlint" name="test_hook_source_invokes_actionlint_invariant" file="tests\test_pre_commit_invariant_actionlint.py" line="93" time="0.001" /><testcase classname="tests.test_pre_commit_invariant_actionlint" name="test_hook_source_has_invariant_7_section" file="tests\test_pre_commit_invariant_actionlint.py" line="102" time="0.001" /><testcase classname="tests.test_pre_commit_invariant_actionlint" name="test_ci_workflow_exists" file="tests\test_pre_commit_invariant_actionlint.py" line="113" time="0.001" /><testcase classname="tests.test_pre_commit_invariant_actionlint" name="test_ci_workflow_is_path_scoped" file="tests\test_pre_commit_invariant_actionlint.py" line="119" time="0.001" /><testcase classname="tests.test_pre_commit_invariant_actionlint" name="test_ci_workflow_installs_pinned_actionlint" file="tests\test_pre_commit_invariant_actionlint.py" line="128" time="0.001" /><testcase classname="tests.test_pre_commit_invariant_actionlint" name="test_ci_workflow_verifies_tarball_sha256" file="tests\test_pre_commit_invariant_actionlint.py" line="135" time="0.001" /><testcase classname="tests.test_pre_commit_invariant_actionlint" name="test_ci_workflow_uses_merge_base_for_pr_diff" file="tests\test_pre_commit_invariant_actionlint.py" line="162" time="0.001" /><testcase classname="tests.test_pre_commit_invariant_actionlint" name="test_agents_md_documents_install_one_liner" file="tests\test_pre_commit_invariant_actionlint.py" line="172" time="0.001" /><testcase classname="tests.test_pre_commit_invariant_author_server" name="test_empty_diff_returns_no_hits" file="tests\test_pre_commit_invariant_author_server.py" line="26" time="0.001" /><testcase classname="tests.test_pre_commit_invariant_author_server" name="test_clean_import_no_hit" file="tests\test_pre_commit_invariant_author_server.py" line="30" time="0.001" /><testcase classname="tests.test_pre_commit_invariant_author_server" name="test_existing_file_content_not_in_diff_ignored" file="tests\test_pre_commit_invariant_author_server.py" line="35" time="0.000" /><testcase classname="tests.test_pre_commit_invariant_author_server" name="test_comment_line_not_flagged" file="tests\test_pre_commit_invariant_author_server.py" line="48" time="0.000" /><testcase classname="tests.test_pre_commit_invariant_author_server" name="test_non_python_file_ignored" file="tests\test_pre_commit_invariant_author_server.py" line="53" time="0.000" /><testcase classname="tests.test_pre_commit_invariant_author_server" name="test_string_literal_not_flagged" file="tests\test_pre_commit_invariant_author_server.py" line="61" time="0.000" /><testcase classname="tests.test_pre_commit_invariant_author_server" name="test_from_import_flagged" file="tests\test_pre_commit_invariant_author_server.py" line="69" time="0.001" /><testcase classname="tests.test_pre_commit_invariant_author_server" name="test_bare_import_flagged" file="tests\test_pre_commit_invariant_author_server.py" line="79" time="0.000" /><testcase classname="tests.test_pre_commit_invariant_author_server" name="test_indented_deferred_import_flagged" file="tests\test_pre_commit_invariant_author_server.py" line="86" time="0.000" /><testcase classname="tests.test_pre_commit_invariant_author_server" name="test_multiple_hits_in_one_diff" file="tests\test_pre_commit_invariant_author_server.py" line="92" time="0.000" /><testcase classname="tests.test_pre_commit_invariant_author_server" name="test_mixed_hits_and_clean_lines" file="tests\test_pre_commit_invariant_author_server.py" line="104" time="0.000" /><testcase classname="tests.test_pre_commit_invariant_author_server" name="test_line_number_tracking_with_context" file="tests\test_pre_commit_invariant_author_server.py" line="115" time="0.000" /><testcase classname="tests.test_pre_commit_invariant_author_server" name="test_returns_correct_shape" file="tests\test_pre_commit_invariant_author_server.py" line="131" time="0.000" /><testcase classname="tests.test_pre_commit_invariant_author_server" name="test_submodule_not_flagged" file="tests\test_pre_commit_invariant_author_server.py" line="144" time="0.000" /><testcase classname="tests.test_pre_commit_invariant_author_server" name="test_workflow_daemon_server_not_flagged" file="tests\test_pre_commit_invariant_author_server.py" line="150" time="0.000" /><testcase classname="tests.test_pre_commit_invariant_author_server" name="test_parametrized_forbidden_forms[from tinyassets.author_server import x]" file="tests\test_pre_commit_invariant_author_server.py" line="155" time="0.001" /><testcase classname="tests.test_pre_commit_invariant_author_server" name="test_parametrized_forbidden_forms[import tinyassets.author_server]" file="tests\test_pre_commit_invariant_author_server.py" line="155" time="0.001" /><testcase classname="tests.test_pre_commit_invariant_author_server" name="test_parametrized_forbidden_forms[    from tinyassets.author_server import (y,)]" file="tests\test_pre_commit_invariant_author_server.py" line="155" time="0.001" /><testcase classname="tests.test_pre_commit_invariant_worker" name="test_check_passes_when_both_present" file="tests\test_pre_commit_invariant_worker.py" line="62" time="0.000" /><testcase classname="tests.test_pre_commit_invariant_worker" name="test_check_fails_missing_secret" file="tests\test_pre_commit_invariant_worker.py" line="66" time="0.001" /><testcase classname="tests.test_pre_commit_invariant_worker" name="test_check_fails_missing_both" file="tests\test_pre_commit_invariant_worker.py" line="71" time="0.001" /><testcase classname="tests.test_pre_commit_invariant_worker" name="test_check_fails_on_empty_content" file="tests\test_pre_commit_invariant_worker.py" line="76" time="0.000" /><testcase classname="tests.test_pre_commit_invariant_worker" name="test_check_fails_missing_id_only" file="tests\test_pre_commit_invariant_worker.py" line="85" time="0.000" /><testcase classname="tests.test_pre_commit_invariant_worker" name="test_main_explicit_path_passes" file="tests\test_pre_commit_invariant_worker.py" line="97" time="0.042" /><testcase classname="tests.test_pre_commit_invariant_worker" name="test_main_explicit_path_fails_missing_both" file="tests\test_pre_commit_invariant_worker.py" line="103" time="0.051" /><testcase classname="tests.test_pre_commit_invariant_worker" name="test_main_explicit_path_fails_missing_one" file="tests\test_pre_commit_invariant_worker.py" line="109" time="0.028" /><testcase classname="tests.test_pre_commit_invariant_worker" name="test_main_explicit_path_nonexistent" file="tests\test_pre_commit_invariant_worker.py" line="115" time="0.013" /><testcase classname="tests.test_pre_commit_invariant_worker" name="test_main_no_args_not_staged" file="tests\test_pre_commit_invariant_worker.py" line="125" time="0.001" /><testcase classname="tests.test_pre_commit_invariant_worker" name="test_main_no_args_staged_missing_both" file="tests\test_pre_commit_invariant_worker.py" line="135" time="0.001" /><testcase classname="tests.test_pre_commit_invariant_worker" name="test_main_no_args_staged_missing_one" file="tests\test_pre_commit_invariant_worker.py" line="143" time="0.001" /><testcase classname="tests.test_pre_commit_invariant_worker" name="test_main_no_args_staged_passes" file="tests\test_pre_commit_invariant_worker.py" line="156" time="0.001" /><testcase classname="tests.test_pre_commit_invariant_worker" name="test_main_no_args_staged_but_get_returns_none" file="tests\test_pre_commit_invariant_worker.py" line="164" time="0.002"><failure message="assert 2 == 0&#10; +  where 2 = &lt;function main at 0x0000018D88A0DF30&gt;([])&#10; +    where &lt;function main at 0x0000018D88A0DF30&gt; = inv.main">def test_main_no_args_staged_but_get_returns_none():
        """Staged but content unreadable (e.g. deletion) → skip."""
        with (
            patch.object(inv, "_is_worker_staged", return_value=True),
            patch.object(inv, "_get_staged_content", return_value=None),
        ):
&gt;           assert inv.main([]) == 0
E           assert 2 == 0
E            +  where 2 = &lt;function main at 0x0000018D88A0DF30&gt;([])
E            +    where &lt;function main at 0x0000018D88A0DF30&gt; = inv.main

tests\test_pre_commit_invariant_worker.py:171: AssertionError</failure></testcase><testcase classname="tests.test_pre_commit_invariant_worker" name="test_hook_source_contains_invariant_section" file="tests\test_pre_commit_invariant_worker.py" line="178" time="0.001" /><testcase classname="tests.test_pre_commit_invariant_worker" name="test_hook_source_covers_worker_js_path" file="tests\test_pre_commit_invariant_worker.py" line="184" time="0.001" /><testcase classname="tests.test_pre_commit_invariant_worker" name="test_real_worker_js_passes_invariant" file="tests\test_pre_commit_invariant_worker.py" line="194" time="0.001" /><testcase classname="tests.test_pre_commit_mirror_parity" name="test_mirror_mismatch_rejects_commit" file="tests\test_pre_commit_mirror_parity.py" line="97" time="0.017"><failure message="AssertionError: Hook must reject mirror-mismatch commit. stdout='https://github.com/x/x/pull/99\n' stderr=''&#10;assert 0 != 0&#10; +  where 0 = namespace(returncode=0, stdout='https://github.com/x/x/pull/99\n', stderr='').returncode">tmp_path = WindowsPath('C:/Users/Jonathan/AppData/Local/Temp/pytest-of-Jonathan/pytest-7404/test_mirror_mismatch_rejects_c0')

    def test_mirror_mismatch_rejects_commit(tmp_path):
        """Canonical file staged without mirror update → hook exits non-zero."""
        repo = _init_repo(tmp_path)
    
        canon = repo / "tinyassets" / "sample.py"
        canon.write_text("x = 1\n", encoding="utf-8")
        mirror = repo / (
            "packaging/claude-plugin/plugins/tinyassets-universe-server/runtime/"
            "tinyassets/sample.py"
        )
        mirror.write_text("x = 2\n", encoding="utf-8")  # intentionally diverged
    
        subprocess.run(["git", "add", "tinyassets/sample.py"], cwd=repo, check=True)
    
        result = _run_commit(repo, "should fail")
    
&gt;       assert result.returncode != 0, (
            f"Hook must reject mirror-mismatch commit. stdout={result.stdout!r} "
            f"stderr={result.stderr!r}"
        )
E       AssertionError: Hook must reject mirror-mismatch commit. stdout='https://github.com/x/x/pull/99\n' stderr=''
E       assert 0 != 0
E        +  where 0 = namespace(returncode=0, stdout='https://github.com/x/x/pull/99\n', stderr='').returncode

tests\test_pre_commit_mirror_parity.py:114: AssertionError</failure></testcase><testcase classname="tests.test_pre_commit_mirror_parity" name="test_mirror_match_passes_commit" file="tests\test_pre_commit_mirror_parity.py" line="120" time="0.017" /><testcase classname="tests.test_pre_commit_mirror_parity" name="test_no_canonical_change_passes_trivially" file="tests\test_pre_commit_mirror_parity.py" line="147" time="0.016" /><testcase classname="tests.test_pre_commit_mirror_parity" name="test_canonical_file_without_mirror_counterpart_is_allowed" file="tests\test_pre_commit_mirror_parity.py" line="162" time="0.017" /><testcase classname="tests.test_pre_commit_mirror_parity" name="test_no_verify_override_always_succeeds" file="tests\test_pre_commit_mirror_parity.py" line="185" time="0.017" /><testcase classname="tests.test_predeploy_auth_hardening" name="test_optional_mode_is_resolve_always_for_writes" file="tests\test_predeploy_auth_hardening.py" line="57" time="0.008" /><testcase classname="tests.test_predeploy_auth_hardening" name="test_anon_universe_write_rejected_in_resolve_always" file="tests\test_predeploy_auth_hardening.py" line="64" time="0.010" /><testcase classname="tests.test_predeploy_auth_hardening" name="test_daemon_memory_gated_for_external_anon" file="tests\test_predeploy_auth_hardening.py" line="74" time="0.010" /><testcase classname="tests.test_predeploy_auth_hardening" name="test_daemon_memory_blocked_from_mcp_surface" file="tests\test_predeploy_auth_hardening.py" line="86" time="0.010" /><testcase classname="tests.test_probe_retired_mcp_routes" name="test_default_matrix_covers_required_methods_and_retired_shapes" file="tests\test_probe_retired_mcp_routes.py" line="47" time="0.001" /><testcase classname="tests.test_probe_retired_mcp_routes" name="test_accepts_exact_ordinary_404_matrix" file="tests\test_probe_retired_mcp_routes.py" line="58" time="0.542" /><testcase classname="tests.test_probe_retired_mcp_routes" name="test_rejects_redirect_gone_and_compatibility_responses[301--/mcp-status=301]" file="tests\test_probe_retired_mcp_routes.py" line="70" time="0.505" /><testcase classname="tests.test_probe_retired_mcp_routes" name="test_rejects_redirect_gone_and_compatibility_responses[410-Gone-None-status=410]" file="tests\test_probe_retired_mcp_routes.py" line="70" time="0.507" /><testcase classname="tests.test_probe_retired_mcp_routes" name="test_rejects_redirect_gone_and_compatibility_responses[404-legacy compatibility-None-body=b'legacy compatibility']" file="tests\test_probe_retired_mcp_routes.py" line="70" time="0.507" /><testcase classname="tests.test_probe_retired_mcp_routes" name="test_retries_transient_url_error_then_succeeds" file="tests\test_probe_retired_mcp_routes.py" line="107" time="0.001" /><testcase classname="tests.test_probe_retired_mcp_routes" name="test_requests_identify_the_retirement_probe_to_cloudflare" file="tests\test_probe_retired_mcp_routes.py" line="132" time="0.001" /><testcase classname="tests.test_probe_retired_mcp_routes" name="test_never_starts_a_request_beyond_the_hard_deadline" file="tests\test_probe_retired_mcp_routes.py" line="154" time="0.001" /><testcase classname="tests.test_process_evaluation.TestProcessEvaluation" name="test_smoke" file="tests\test_process_evaluation.py" line="76" time="0.001" /><testcase classname="tests.test_process_evaluation.TestProcessEvaluation" name="test_tool_use_fails_without_story_search" file="tests\test_process_evaluation.py" line="107" time="0.001" /><testcase classname="tests.test_process_evaluation.TestProcessEvaluation" name="test_stopping_behavior_fails_on_third_draft_request" file="tests\test_process_evaluation.py" line="121" time="0.001" /><testcase classname="tests.test_process_evaluation.TestProcessEvaluation" name="test_trace_handoff_fails_when_plan_missing" file="tests\test_process_evaluation.py" line="133" time="0.001" /><testcase classname="tests.test_producer_registry_gaps" name="test_run_producers_routes_config_slice_by_name" file="tests\test_producer_registry_gaps.py" line="84" time="0.010" /><testcase classname="tests.test_producer_registry_gaps" name="test_run_producers_empty_registry_returns_empty_list" file="tests\test_producer_registry_gaps.py" line="108" time="0.009" /><testcase classname="tests.test_producer_registry_gaps" name="test_run_producers_none_config_defaults_to_empty" file="tests\test_producer_registry_gaps.py" line="114" time="0.008" /><testcase classname="tests.test_producer_registry_gaps" name="test_producer_interface_enabled_non_off_values_stay_on[]" file="tests\test_producer_registry_gaps.py" line="122" time="0.001" /><testcase classname="tests.test_producer_registry_gaps" name="test_producer_interface_enabled_non_off_values_stay_on[   ]" file="tests\test_producer_registry_gaps.py" line="122" time="0.001" /><testcase classname="tests.test_producer_registry_gaps" name="test_producer_interface_enabled_non_off_values_stay_on[maybe]" file="tests\test_producer_registry_gaps.py" line="122" time="0.001" /><testcase classname="tests.test_producer_registry_gaps" name="test_producer_interface_enabled_non_off_values_stay_on[weird-string]" file="tests\test_producer_registry_gaps.py" line="122" time="0.001" /><testcase classname="tests.test_producer_registry_gaps" name="test_producer_interface_enabled_non_off_values_stay_on[1on]" file="tests\test_producer_registry_gaps.py" line="122" time="0.001" /><testcase classname="tests.test_producer_registry_gaps" name="test_producer_interface_enabled_non_off_values_stay_on[True ]" file="tests\test_producer_registry_gaps.py" line="122" time="0.001" /><testcase classname="tests.test_producer_registry_gaps" name="test_producer_interface_enabled_trims_whitespace_on_off" file="tests\test_producer_registry_gaps.py" line="140" time="0.000" /><testcase classname="tests.test_producer_registry_gaps" name="test_run_branch_task_producers_routes_config_slice" file="tests\test_producer_registry_gaps.py" line="172" time="0.010" /><testcase classname="tests.test_producer_registry_gaps" name="test_run_branch_task_producers_stamps_origin_overriding_producer" file="tests\test_producer_registry_gaps.py" line="189" time="0.009" /><testcase classname="tests.test_producer_registry_gaps" name="test_unregister_branch_task_producer_removes_by_name" file="tests\test_producer_registry_gaps.py" line="205" time="0.010" /><testcase classname="tests.test_producer_registry_gaps" name="test_unregister_branch_task_producer_missing_returns_false" file="tests\test_producer_registry_gaps.py" line="217" time="0.001" /><testcase classname="tests.test_producer_registry_gaps" name="test_unregister_branch_task_producer_empty_registry_returns_false" file="tests\test_producer_registry_gaps.py" line="229" time="0.000" /><testcase classname="tests.test_producer_registry_gaps" name="test_branch_task_registry_is_distinct_from_task_producer_registry" file="tests\test_producer_registry_gaps.py" line="235" time="0.009" /><testcase classname="tests.test_progress_events" name="test_compiler_emits_starting_then_ran_per_node" file="tests\test_progress_events.py" line="120" time="0.016" /><testcase classname="tests.test_progress_events" name="test_compiler_starting_event_includes_prompt_preview" file="tests\test_progress_events.py" line="154" time="0.015" /><testcase classname="tests.test_progress_events" name="test_on_node_records_running_then_ran_events" file="tests\test_progress_events.py" line="191" time="0.124"><failure message="KeyError: 'branch_def_id'">us_env = (&lt;module 'tinyassets.universe_server' from 'C:\\Users\\Jonathan\\Projects\\wf-required-test-gate\\tinyassets\\universe...dowsPath('C:/Users/Jonathan/AppData/Local/Temp/pytest-of-Jonathan/pytest-7404/test_on_node_records_running_t0/output'))

    def test_on_node_records_running_then_ran_events(us_env):
        """The runner's ``_on_node`` maps phase=starting → NODE_STATUS_RUNNING
        and phase=ran → NODE_STATUS_RAN, with distinct step_indexes so the
        run_events table doesn't collide on primary key."""
        from tinyassets.runs import wait_for
    
        us, base = us_env
&gt;       bid = _build_two_node_branch(us)
              ^^^^^^^^^^^^^^^^^^^^^^^^^^

tests\test_progress_events.py:199: 
_ _ _ _ _ _ _ _ _ _ _ _ _ _ _ _ _ _ _ _ _ _ _ _ _ _ _ _ _ _ _ _ _ _ _ _ _ _ _ _

us = &lt;module 'tinyassets.universe_server' from 'C:\\Users\\Jonathan\\Projects\\wf-required-test-gate\\tinyassets\\universe_server.py'&gt;

    def _build_two_node_branch(us) -&gt; str:
        """Build a tiny 2-node branch via the universe_server dispatcher."""
&gt;       bid = json.loads(us.extensions(
            action="create_branch", name="progress-probe",
        ))["branch_def_id"]
E       KeyError: 'branch_def_id'

tests\test_progress_events.py:54: KeyError</failure></testcase><testcase classname="tests.test_progress_events" name="test_build_node_status_map_surfaces_running_during_flight" file="tests\test_progress_events.py" line="236" time="0.001" /><testcase classname="tests.test_progress_events" name="test_slow_provider_starting_event_fires_before_completion" file="tests\test_progress_events.py" line="254" time="0.125"><failure message="KeyError: 'branch_def_id'">us_env = (&lt;module 'tinyassets.universe_server' from 'C:\\Users\\Jonathan\\Projects\\wf-required-test-gate\\tinyassets\\universe...dowsPath('C:/Users/Jonathan/AppData/Local/Temp/pytest-of-Jonathan/pytest-7404/test_slow_provider_starting_ev0/output'))

    def test_slow_provider_starting_event_fires_before_completion(us_env):
        """With a slow provider, the starting event is visible to polling
        clients BEFORE the ran event lands — the whole point of #60."""
        from tinyassets.daemon_server import get_branch_definition
        from tinyassets.runs import execute_branch_async, wait_for
    
        us, base = us_env
&gt;       bid = _build_two_node_branch(us)
              ^^^^^^^^^^^^^^^^^^^^^^^^^^

tests\test_progress_events.py:262: 
_ _ _ _ _ _ _ _ _ _ _ _ _ _ _ _ _ _ _ _ _ _ _ _ _ _ _ _ _ _ _ _ _ _ _ _ _ _ _ _

us = &lt;module 'tinyassets.universe_server' from 'C:\\Users\\Jonathan\\Projects\\wf-required-test-gate\\tinyassets\\universe_server.py'&gt;

    def _build_two_node_branch(us) -&gt; str:
        """Build a tiny 2-node branch via the universe_server dispatcher."""
&gt;       bid = json.loads(us.extensions(
            action="create_branch", name="progress-probe",
        ))["branch_def_id"]
E       KeyError: 'branch_def_id'

tests\test_progress_events.py:54: KeyError</failure></testcase><testcase classname="tests.test_project_memory.TestProjectMemorySet" name="test_set_returns_ok_status" file="tests\test_project_memory.py" line="24" time="0.032" /><testcase classname="tests.test_project_memory.TestProjectMemorySet" name="test_set_increments_version" file="tests\test_project_memory.py" line="31" time="0.042" /><testcase classname="tests.test_project_memory.TestProjectMemorySet" name="test_set_accepts_dict_value" file="tests\test_project_memory.py" line="38" time="0.040" /><testcase classname="tests.test_project_memory.TestProjectMemorySet" name="test_set_version_conflict_returns_conflict" file="tests\test_project_memory.py" line="46" time="0.039" /><testcase classname="tests.test_project_memory.TestProjectMemorySet" name="test_set_expected_version_matches_succeeds" file="tests\test_project_memory.py" line="56" time="0.044" /><testcase classname="tests.test_project_memory.TestProjectMemorySet" name="test_set_size_cap_rejection" file="tests\test_project_memory.py" line="66" time="0.040" /><testcase classname="tests.test_project_memory.TestProjectMemorySet" name="test_set_size_cap_accounts_for_replaced_key" file="tests\test_project_memory.py" line="77" time="0.042" /><testcase classname="tests.test_project_memory.TestProjectMemorySet" name="test_set_actor_stored" file="tests\test_project_memory.py" line="89" time="0.038" /><testcase classname="tests.test_project_memory.TestProjectMemoryGet" name="test_get_returns_none_for_missing_key" file="tests\test_project_memory.py" line="99" time="0.029" /><testcase classname="tests.test_project_memory.TestProjectMemoryGet" name="test_get_returns_stored_value" file="tests\test_project_memory.py" line="105" time="0.038" /><testcase classname="tests.test_project_memory.TestProjectMemoryGet" name="test_get_returns_current_value_after_update" file="tests\test_project_memory.py" line="117" time="0.046" /><testcase classname="tests.test_project_memory.TestProjectMemoryList" name="test_list_empty_when_no_keys" file="tests\test_project_memory.py" line="129" time="0.033" /><testcase classname="tests.test_project_memory.TestProjectMemoryList" name="test_list_returns_all_keys" file="tests\test_project_memory.py" line="135" time="0.061" /><testcase classname="tests.test_project_memory.TestProjectMemoryList" name="test_list_key_prefix_filter" file="tests\test_project_memory.py" line="146" time="0.063" /><testcase classname="tests.test_project_memory.TestProjectMemoryList" name="test_list_respects_limit" file="tests\test_project_memory.py" line="156" time="0.121" /><testcase classname="tests.test_project_memory.TestCrossProjectIsolation" name="test_get_does_not_read_other_project" file="tests\test_project_memory.py" line="166" time="0.048" /><testcase classname="tests.test_project_memory.TestCrossProjectIsolation" name="test_list_does_not_include_other_project_keys" file="tests\test_project_memory.py" line="173" time="0.041" /><testcase classname="tests.test_project_memory.TestCrossProjectIsolation" name="test_size_cap_is_per_project" file="tests\test_project_memory.py" line="180" time="0.041" /><testcase classname="tests.test_project_memory.TestHistoryTable" name="test_history_retains_all_writes" file="tests\test_project_memory.py" line="194" time="0.065" /><testcase classname="tests.test_project_memory.TestExtensionsProjectMemoryGet" name="test_missing_project_id_returns_error" file="tests\test_project_memory.py" line="217" time="0.010" /><testcase classname="tests.test_project_memory.TestExtensionsProjectMemoryGet" name="test_missing_key_returns_error" file="tests\test_project_memory.py" line="224" time="0.009" /><testcase classname="tests.test_project_memory.TestExtensionsProjectMemoryGet" name="test_get_not_found_returns_found_false" file="tests\test_project_memory.py" line="231" time="0.024" /><testcase classname="tests.test_project_memory.TestExtensionsProjectMemoryGet" name="test_get_found_returns_found_true" file="tests\test_project_memory.py" line="240" time="0.055" /><testcase classname="tests.test_project_memory.TestExtensionsProjectMemorySet" name="test_missing_project_id_returns_error" file="tests\test_project_memory.py" line="254" time="0.010" /><testcase classname="tests.test_project_memory.TestExtensionsProjectMemorySet" name="test_set_returns_ok" file="tests\test_project_memory.py" line="263" time="0.034" /><testcase classname="tests.test_project_memory.TestExtensionsProjectMemorySet" name="test_set_with_json_value_string" file="tests\test_project_memory.py" line="275" time="0.035" /><testcase classname="tests.test_project_memory.TestExtensionsProjectMemorySet" name="test_set_conflict_on_wrong_version" file="tests\test_project_memory.py" line="290" time="0.034" /><testcase classname="tests.test_project_memory.TestExtensionsProjectMemorySet" name="test_invalid_expected_version_returns_error" file="tests\test_project_memory.py" line="309" time="0.009" /><testcase classname="tests.test_project_memory.TestExtensionsProjectMemoryList" name="test_missing_project_id_returns_error" file="tests\test_project_memory.py" line="327" time="0.009" /><testcase classname="tests.test_project_memory.TestExtensionsProjectMemoryList" name="test_list_empty_project" file="tests\test_project_memory.py" line="334" time="0.025" /><testcase classname="tests.test_project_memory.TestExtensionsProjectMemoryList" name="test_list_returns_entries" file="tests\test_project_memory.py" line="342" time="0.049" /><testcase classname="tests.test_project_memory.TestExtensionsProjectMemoryList" name="test_list_prefix_filter_forwarded" file="tests\test_project_memory.py" line="353" time="0.060" /><testcase classname="tests.test_project_memory.TestExtensionsRouting" name="test_unknown_action_includes_project_memory_actions" file="tests\test_project_memory.py" line="368" time="0.011" /><testcase classname="tests.test_project_memory.TestExtensionsRouting" name="test_extensions_routes_project_memory_set" file="tests\test_project_memory.py" line="380" time="0.031" /><testcase classname="tests.test_project_memory.TestExtensionsRouting" name="test_extensions_routes_project_memory_get" file="tests\test_project_memory.py" line="393" time="0.042" /><testcase classname="tests.test_project_memory.TestExtensionsRouting" name="test_extensions_routes_project_memory_list" file="tests\test_project_memory.py" line="408" time="0.043" /><testcase classname="tests.test_provider_allowlist" name="test_allowlist_none_preserves_full_chain" file="tests\test_provider_allowlist.py" line="80" time="0.001" /><testcase classname="tests.test_provider_allowlist" name="test_allowlist_blocks_third_party_in_writer_chain" file="tests\test_provider_allowlist.py" line="99" time="0.001" /><testcase classname="tests.test_provider_allowlist" name="test_empty_filter_raises_all_providers_exhausted" file="tests\test_provider_allowlist.py" line="120" time="0.001" /><testcase classname="tests.test_provider_allowlist" name="test_judge_ensemble_filtered_by_allowlist" file="tests\test_provider_allowlist.py" line="143" time="0.001" /><testcase classname="tests.test_provider_allowlist" name="test_judge_ensemble_empty_allowlist_returns_empty_list" file="tests\test_provider_allowlist.py" line="160" time="0.001" /><testcase classname="tests.test_provider_allowlist" name="test_call_with_policy_filters_policy_attempt_order_by_allowlist" file="tests\test_provider_allowlist.py" line="179" time="0.001" /><testcase classname="tests.test_provider_allowlist" name="test_pin_writer_in_allowlist_succeeds" file="tests\test_provider_allowlist.py" line="209" time="0.001" /><testcase classname="tests.test_provider_allowlist" name="test_pin_writer_disjoint_from_allowlist_hard_fails" file="tests\test_provider_allowlist.py" line="228" time="0.001" /><testcase classname="tests.test_provider_auth_quarantine" name="test_codex_ok_when_auth_json_present" file="tests\test_provider_auth_quarantine.py" line="52" time="0.010" /><testcase classname="tests.test_provider_auth_quarantine" name="test_codex_not_logged_in_when_auth_json_absent" file="tests\test_provider_auth_quarantine.py" line="60" time="0.009" /><testcase classname="tests.test_provider_auth_quarantine" name="test_claude_ok_with_oauth_token" file="tests\test_provider_auth_quarantine.py" line="68" time="0.009" /><testcase classname="tests.test_provider_auth_quarantine" name="test_claude_ok_with_populated_config_dir" file="tests\test_provider_auth_quarantine.py" line="75" time="0.009" /><testcase classname="tests.test_provider_auth_quarantine" name="test_claude_not_logged_in_when_no_token_and_empty_dir" file="tests\test_provider_auth_quarantine.py" line="82" time="0.009" /><testcase classname="tests.test_provider_auth_quarantine" name="test_unknown_provider_is_unknown" file="tests\test_provider_auth_quarantine.py" line="91" time="0.001" /><testcase classname="tests.test_provider_auth_quarantine" name="test_empty_provider_is_unknown" file="tests\test_provider_auth_quarantine.py" line="95" time="0.001" /><testcase classname="tests.test_provider_auth_quarantine" name="test_supervisor_quarantines_dead_auth_writer" file="tests\test_provider_auth_quarantine.py" line="102" time="0.015" /><testcase classname="tests.test_provider_auth_quarantine" name="test_supervisor_spawns_when_writer_auth_present" file="tests\test_provider_auth_quarantine.py" line="126" time="0.015" /><testcase classname="tests.test_provider_auth_quarantine" name="test_supervisor_does_not_gate_generic_worker" file="tests\test_provider_auth_quarantine.py" line="146" time="0.016" /><testcase classname="tests.test_provider_auth_quarantine" name="test_liveness_provider_auth_block_ok" file="tests\test_provider_auth_quarantine.py" line="167" time="0.011" /><testcase classname="tests.test_provider_auth_quarantine" name="test_liveness_all_writers_unauthenticated_warns" file="tests\test_provider_auth_quarantine.py" line="181" time="0.011" /><testcase classname="tests.test_provider_auth_quarantine" name="test_liveness_partial_writer_warns" file="tests\test_provider_auth_quarantine.py" line="191" time="0.010" /><testcase classname="tests.test_provider_auth_quarantine" name="test_supervisor_quarantines_via_pin_writer_env" file="tests\test_provider_auth_quarantine.py" line="209" time="0.013" /><testcase classname="tests.test_provider_auth_quarantine" name="test_supervisor_resumes_after_reauth" file="tests\test_provider_auth_quarantine.py" line="228" time="0.018" /><testcase classname="tests.test_provider_auth_router_quarantine" name="test_dead_auth_writer_skipped_routes_to_next" file="tests\test_provider_auth_router_quarantine.py" line="117" time="0.002" /><testcase classname="tests.test_provider_auth_router_quarantine" name="test_healthy_writer_not_skipped" file="tests\test_provider_auth_router_quarantine.py" line="128" time="0.001" /><testcase classname="tests.test_provider_auth_router_quarantine" name="test_all_subscription_dead_falls_to_local" file="tests\test_provider_auth_router_quarantine.py" line="138" time="0.001" /><testcase classname="tests.test_provider_auth_router_quarantine" name="test_no_probe_means_no_gating" file="tests\test_provider_auth_router_quarantine.py" line="152" time="0.001" /><testcase classname="tests.test_provider_auth_router_quarantine" name="test_dead_auth_recorded_as_auth_invalid_in_attempts" file="tests\test_provider_auth_router_quarantine.py" line="164" time="0.001" /><testcase classname="tests.test_provider_auth_router_quarantine" name="test_pinned_dead_auth_writer_hard_fails" file="tests\test_provider_auth_router_quarantine.py" line="188" time="0.001" /><testcase classname="tests.test_provider_auth_router_quarantine" name="test_pinned_healthy_writer_runs" file="tests\test_provider_auth_router_quarantine.py" line="203" time="0.001" /><testcase classname="tests.test_provider_auth_router_quarantine" name="test_call_with_policy_skips_dead_auth" file="tests\test_provider_auth_router_quarantine.py" line="219" time="0.001" /><testcase classname="tests.test_provider_auth_router_quarantine" name="test_judge_ensemble_skips_dead_auth_codex" file="tests\test_provider_auth_router_quarantine.py" line="235" time="0.002" /><testcase classname="tests.test_provider_binary_probe.TestIsAvailableClassmethod" name="test_claude_unavailable_when_binary_absent" file="tests\test_provider_binary_probe.py" line="37" time="0.001" /><testcase classname="tests.test_provider_binary_probe.TestIsAvailableClassmethod" name="test_claude_available_when_binary_present" file="tests\test_provider_binary_probe.py" line="43" time="0.001" /><testcase classname="tests.test_provider_binary_probe.TestIsAvailableClassmethod" name="test_codex_unavailable_when_binary_absent" file="tests\test_provider_binary_probe.py" line="49" time="0.000" /><testcase classname="tests.test_provider_binary_probe.TestIsAvailableClassmethod" name="test_codex_available_when_binary_present" file="tests\test_provider_binary_probe.py" line="55" time="0.001" /><testcase classname="tests.test_provider_binary_probe.TestIsAvailableClassmethod" name="test_base_provider_defaults_to_true" file="tests\test_provider_binary_probe.py" line="61" time="0.001" /><testcase classname="tests.test_provider_binary_probe.TestStubSkipsWhenBinaryAbsent" name="test_claude_not_registered_when_binary_absent" file="tests\test_provider_binary_probe.py" line="75" time="0.008" /><testcase classname="tests.test_provider_binary_probe.TestStubSkipsWhenBinaryAbsent" name="test_codex_not_registered_when_binary_absent" file="tests\test_provider_binary_probe.py" line="86" time="0.008" /><testcase classname="tests.test_provider_binary_probe.TestStubSkipsWhenBinaryAbsent" name="test_claude_registered_when_binary_present" file="tests\test_provider_binary_probe.py" line="97" time="0.009" /><testcase classname="tests.test_provider_context_feed" name="test_collects_claude_memory_and_shared_ideas" file="tests\test_provider_context_feed.py" line="23" time="0.046" /><testcase classname="tests.test_provider_context_feed" name="test_provider_filter_keeps_shared_context" file="tests\test_provider_context_feed.py" line="47" time="0.046" /><testcase classname="tests.test_provider_context_feed" name="test_provider_alias_maps_to_family" file="tests\test_provider_context_feed.py" line="70" time="0.063" /><testcase classname="tests.test_provider_context_feed" name="test_other_provider_memory_is_claim_only" file="tests\test_provider_context_feed.py" line="97" time="0.060" /><testcase classname="tests.test_provider_context_feed" name="test_active_pipeline_ranks_before_old_activity_log" file="tests\test_provider_context_feed.py" line="122" time="0.041" /><testcase classname="tests.test_provider_context_feed" name="test_short_feed_caps_each_file_so_other_sources_surface" file="tests\test_provider_context_feed.py" line="140" time="0.047" /><testcase classname="tests.test_provider_context_feed" name="test_short_feed_caps_each_source_type_so_exec_plans_do_not_saturate" file="tests\test_provider_context_feed.py" line="162" time="0.070" /><testcase classname="tests.test_provider_context_feed" name="test_brain_pages_are_shared_context_sources" file="tests\test_provider_context_feed.py" line="185" time="0.050" /><testcase classname="tests.test_provider_context_feed" name="test_absolute_worktree_purpose_directory_is_safe" file="tests\test_provider_context_feed.py" line="210" time="0.011" /><testcase classname="tests.test_provider_context_feed" name="test_worktree_purpose_discovery_includes_non_wf_and_claude_nested_paths" file="tests\test_provider_context_feed.py" line="232" time="0.014" /><testcase classname="tests.test_provider_context_feed" name="test_worktree_purpose_feed_surfaces_memory_related_and_idea_refs" file="tests\test_provider_context_feed.py" line="248" time="0.020" /><testcase classname="tests.test_provider_context_feed" name="test_render_text_names_lifecycle_checkpoints" file="tests\test_provider_context_feed.py" line="289" time="0.001" /><testcase classname="tests.test_provider_context_feed" name="test_hook_maps_only_explicit_coordination_prompts" file="tests\test_provider_context_feed.py" line="310" time="0.001" /><testcase classname="tests.test_provider_context_feed" name="test_hook_render_context_is_compact_and_actionable" file="tests\test_provider_context_feed.py" line="323" time="0.001" /><testcase classname="tests.test_provider_context_feed" name="test_parse_worktree_branches_extracts_branch_per_worktree" file="tests\test_provider_context_feed.py" line="346" time="0.001" /><testcase classname="tests.test_provider_context_feed" name="test_drop_dead_lane_purposes_filters_merged_branches" file="tests\test_provider_context_feed.py" line="369" time="0.011" /><testcase classname="tests.test_provider_context_feed" name="test_drop_dead_lane_purposes_passes_through_when_env_flag_set" file="tests\test_provider_context_feed.py" line="405" time="0.010" /><testcase classname="tests.test_provider_context_feed" name="test_drop_dead_lane_purposes_keeps_paths_outside_any_worktree" file="tests\test_provider_context_feed.py" line="427" time="0.012" /><testcase classname="tests.test_provider_context_feed" name="test_closest_worktree_ancestor_picks_deepest_match" file="tests\test_provider_context_feed.py" line="459" time="0.011" /><testcase classname="tests.test_provider_context_feed" name="test_drop_dead_lane_purposes_returns_input_when_branch_map_empty" file="tests\test_provider_context_feed.py" line="477" time="0.009" /><testcase classname="tests.test_provider_retry.TestProviderRetry" name="test_force_mock_bypasses_retry" file="tests\test_provider_retry.py" line="21" time="0.001" /><testcase classname="tests.test_provider_retry.TestProviderRetry" name="test_force_mock_default_response" file="tests\test_provider_retry.py" line="26" time="0.001" /><testcase classname="tests.test_provider_retry.TestProviderRetry" name="test_retry_succeeds_on_second_attempt" file="tests\test_provider_retry.py" line="31" time="2.001" /><testcase classname="tests.test_provider_retry.TestProviderRetry" name="test_retry_exhausted_falls_to_fallback" file="tests\test_provider_retry.py" line="53" time="4.003" /><testcase classname="tests.test_provider_retry.TestProviderRetry" name="test_retry_exhausted_no_fallback_raises" file="tests\test_provider_retry.py" line="70" time="4.003" /><testcase classname="tests.test_provider_retry.TestProviderRetry" name="test_no_router_without_fallback_raises" file="tests\test_provider_retry.py" line="84" time="0.001" /><testcase classname="tests.test_provider_retry.TestProviderRetry" name="test_non_retryable_error_does_not_retry" file="tests\test_provider_retry.py" line="94" time="0.001" /><testcase classname="tests.test_provider_retry.TestProviderRetry" name="test_no_router_uses_fallback" file="tests\test_provider_retry.py" line="111" time="0.001" /><testcase classname="tests.test_provider_router_bug029.TestAllApiProvidersInCooldown" name="test_returns_true_when_all_api_in_cooldown" file="tests\test_provider_router_bug029.py" line="80" time="0.001" /><testcase classname="tests.test_provider_router_bug029.TestAllApiProvidersInCooldown" name="test_returns_false_when_one_api_available" file="tests\test_provider_router_bug029.py" line="87" time="0.000" /><testcase classname="tests.test_provider_router_bug029.TestAllApiProvidersInCooldown" name="test_returns_false_when_chain_is_local_only" file="tests\test_provider_router_bug029.py" line="94" time="0.001" /><testcase classname="tests.test_provider_router_bug029.TestAllApiProvidersInCooldown" name="test_custom_local_providers_respected" file="tests\test_provider_router_bug029.py" line="100" time="0.001" /><testcase classname="tests.test_provider_router_bug029.TestAllApiProvidersInCooldown" name="test_returns_false_when_no_providers" file="tests\test_provider_router_bug029.py" line="106" time="0.000" /><testcase classname="tests.test_provider_router_bug029.TestAllApiProvidersInCooldown" name="test_cooldown_remaining_dict_includes_all_providers" file="tests\test_provider_router_bug029.py" line="110" time="0.001" /><testcase classname="tests.test_provider_router_bug029.TestChainDrainBackoff" name="test_normal_local_response_returned_without_raise" file="tests\test_provider_router_bug029.py" line="125" time="0.001" /><testcase classname="tests.test_provider_router_bug029.TestChainDrainBackoff" name="test_first_empty_local_does_not_raise" file="tests\test_provider_router_bug029.py" line="131" time="0.001" /><testcase classname="tests.test_provider_router_bug029.TestChainDrainBackoff" name="test_second_empty_local_raises_when_chain_drained" file="tests\test_provider_router_bug029.py" line="137" time="0.002" /><testcase classname="tests.test_provider_router_bug029.TestChainDrainBackoff" name="test_raise_message_includes_provider_name_and_count" file="tests\test_provider_router_bug029.py" line="144" time="0.002" /><testcase classname="tests.test_provider_router_bug029.TestChainDrainBackoff" name="test_empty_counter_resets_on_non_empty_response" file="tests\test_provider_router_bug029.py" line="153" time="0.002" /><testcase classname="tests.test_provider_router_bug029.TestChainDrainBackoff" name="test_threshold_1_raises_on_first_empty" file="tests\test_provider_router_bug029.py" line="188" time="0.011" /><testcase classname="tests.test_provider_router_bug029.TestChainDrainBackoff" name="test_drain_runs_on_effective_chain_unregistered_api_does_not_block" file="tests\test_provider_router_bug029.py" line="193" time="0.001" /><testcase classname="tests.test_provider_router_bug029.TestChainDrainBackoff" name="test_no_raise_when_api_provider_available" file="tests\test_provider_router_bug029.py" line="222" time="0.001" /><testcase classname="tests.test_provider_router_diagnostics.TestProviderAttemptDiagnostic" name="test_to_dict_drops_none_fields" file="tests\test_provider_router_diagnostics.py" line="53" time="0.001" /><testcase classname="tests.test_provider_router_diagnostics.TestProviderAttemptDiagnostic" name="test_to_dict_keeps_cooldown_when_set" file="tests\test_provider_router_diagnostics.py" line="69" time="0.001" /><testcase classname="tests.test_provider_router_diagnostics.TestProviderAttemptDiagnostic" name="test_default_detail_empty_string_kept" file="tests\test_provider_router_diagnostics.py" line="79" time="0.001" /><testcase classname="tests.test_provider_router_diagnostics.TestBuildChainState" name="test_minimal" file="tests\test_provider_router_diagnostics.py" line="91" time="0.001" /><testcase classname="tests.test_provider_router_diagnostics.TestBuildChainState" name="test_full" file="tests\test_provider_router_diagnostics.py" line="103" time="0.000" /><testcase classname="tests.test_provider_router_diagnostics.TestClassifyUnavailable" name="test_classification[401 Unauthorized-auth_invalid]" file="tests\test_provider_router_diagnostics.py" line="132" time="0.001" /><testcase classname="tests.test_provider_router_diagnostics.TestClassifyUnavailable" name="test_classification[403 Forbidden-auth_invalid]" file="tests\test_provider_router_diagnostics.py" line="132" time="0.001" /><testcase classname="tests.test_provider_router_diagnostics.TestClassifyUnavailable" name="test_classification[Token expired-auth_invalid]" file="tests\test_provider_router_diagnostics.py" line="132" time="0.001" /><testcase classname="tests.test_provider_router_diagnostics.TestClassifyUnavailable" name="test_classification[Auth failed: invalid_token-auth_invalid]" file="tests\test_provider_router_diagnostics.py" line="132" time="0.001" /><testcase classname="tests.test_provider_router_diagnostics.TestClassifyUnavailable" name="test_classification[no_credentials available-auth_invalid]" file="tests\test_provider_router_diagnostics.py" line="132" time="0.001" /><testcase classname="tests.test_provider_router_diagnostics.TestClassifyUnavailable" name="test_classification[Connection refused-endpoint_unreachable]" file="tests\test_provider_router_diagnostics.py" line="132" time="0.001" /><testcase classname="tests.test_provider_router_diagnostics.TestClassifyUnavailable" name="test_classification[DNS resolution failed-endpoint_unreachable]" file="tests\test_provider_router_diagnostics.py" line="132" time="0.001" /><testcase classname="tests.test_provider_router_diagnostics.TestClassifyUnavailable" name="test_classification[provider unreachable-endpoint_unreachable]" file="tests\test_provider_router_diagnostics.py" line="132" time="0.001" /><testcase classname="tests.test_provider_router_diagnostics.TestClassifyUnavailable" name="test_classification[-endpoint_unreachable]" file="tests\test_provider_router_diagnostics.py" line="132" time="0.001" /><testcase classname="tests.test_provider_router_diagnostics.TestAllProvidersExhaustedError" name="test_backward_compat_message_only" file="tests\test_provider_router_diagnostics.py" line="148" time="0.001" /><testcase classname="tests.test_provider_router_diagnostics.TestAllProvidersExhaustedError" name="test_with_structured_diagnostics" file="tests\test_provider_router_diagnostics.py" line="156" time="0.001" /><testcase classname="tests.test_provider_router_diagnostics.TestProviderRouterDiagnostics" name="test_router_attaches_attempts_and_chain_state" file="tests\test_provider_router_diagnostics.py" line="181" time="0.002" /><testcase classname="tests.test_provider_router_diagnostics.TestProviderRouterDiagnostics" name="test_router_marks_timeouts" file="tests\test_provider_router_diagnostics.py" line="213" time="0.002" /><testcase classname="tests.test_provider_sandbox" name="test_default_config_is_noop_for_host_trusted_roles" file="tests\test_provider_sandbox.py" line="15" time="0.001" /><testcase classname="tests.test_provider_sandbox" name="test_sandbox_emits_variadic_tool_flags_and_isolated_cwd" file="tests\test_provider_sandbox.py" line="23" time="0.010" /><testcase classname="tests.test_provider_sandbox" name="test_sandbox_without_universe_dir_fails_closed" file="tests\test_provider_sandbox.py" line="47" time="0.001" /><testcase classname="tests.test_provider_sandbox" name="test_codex_refuses_a_sandboxed_founder_turn" file="tests\test_provider_sandbox.py" line="58" time="0.001" /><testcase classname="tests.test_provider_sandbox" name="test_disallow_only_still_emits_deny_floor" file="tests\test_provider_sandbox.py" line="75" time="0.009" /><testcase classname="tests.test_provider_stub_registration.TestGeminiGroqRegistration" name="test_gemini_registered_when_key_and_sdk_present" file="tests\test_provider_stub_registration.py" line="37" time="0.831"><failure message="AssertionError: assert 'gemini-free' in ['claude-code', 'codex', 'ollama-local']&#10; +  where ['claude-code', 'codex', 'ollama-local'] = &lt;tinyassets.providers.router.ProviderRouter object at 0x0000018D9A8EAE50&gt;.available_providers&#10; +    where &lt;tinyassets.providers.router.ProviderRouter object at 0x0000018D9A8EAE50&gt; = &lt;module 'tinyassets.providers.call' from 'C:\\Users\\Jonathan\\Projects\\wf-required-test-gate\\tinyassets\\providers\\call.py'&gt;._real_router">self = &lt;tests.test_provider_stub_registration.TestGeminiGroqRegistration object at 0x0000018D8921AE90&gt;
monkeypatch = &lt;_pytest.monkeypatch.MonkeyPatch object at 0x0000018DB07EB1C0&gt;
reset_stub = None

    def test_gemini_registered_when_key_and_sdk_present(
        self, monkeypatch, reset_stub
    ):
        pytest.importorskip("google.genai")
        monkeypatch.setenv("GEMINI_API_KEY", "test-key-gemini")
    
        stub = _reload_stub()
    
        assert stub._real_router is not None
&gt;       assert "gemini-free" in stub._real_router.available_providers
E       AssertionError: assert 'gemini-free' in ['claude-code', 'codex', 'ollama-local']
E        +  where ['claude-code', 'codex', 'ollama-local'] = &lt;tinyassets.providers.router.ProviderRouter object at 0x0000018D9A8EAE50&gt;.available_providers
E        +    where &lt;tinyassets.providers.router.ProviderRouter object at 0x0000018D9A8EAE50&gt; = &lt;module 'tinyassets.providers.call' from 'C:\\Users\\Jonathan\\Projects\\wf-required-test-gate\\tinyassets\\providers\\call.py'&gt;._real_router

tests\test_provider_stub_registration.py:47: AssertionError</failure></testcase><testcase classname="tests.test_provider_stub_registration.TestGeminiGroqRegistration" name="test_groq_registered_when_key_and_sdk_present" file="tests\test_provider_stub_registration.py" line="48" time="0.071"><failure message="AssertionError: assert 'groq-free' in ['claude-code', 'codex', 'ollama-local']&#10; +  where ['claude-code', 'codex', 'ollama-local'] = &lt;tinyassets.providers.router.ProviderRouter object at 0x0000018DB8086B50&gt;.available_providers&#10; +    where &lt;tinyassets.providers.router.ProviderRouter object at 0x0000018DB8086B50&gt; = &lt;module 'tinyassets.providers.call' from 'C:\\Users\\Jonathan\\Projects\\wf-required-test-gate\\tinyassets\\providers\\call.py'&gt;._real_router">self = &lt;tests.test_provider_stub_registration.TestGeminiGroqRegistration object at 0x0000018D8921AFD0&gt;
monkeypatch = &lt;_pytest.monkeypatch.MonkeyPatch object at 0x0000018DAF026190&gt;
reset_stub = None

    def test_groq_registered_when_key_and_sdk_present(
        self, monkeypatch, reset_stub
    ):
        pytest.importorskip("groq")
        monkeypatch.setenv("GROQ_API_KEY", "test-key-groq")
    
        stub = _reload_stub()
    
        assert stub._real_router is not None
&gt;       assert "groq-free" in stub._real_router.available_providers
E       AssertionError: assert 'groq-free' in ['claude-code', 'codex', 'ollama-local']
E        +  where ['claude-code', 'codex', 'ollama-local'] = &lt;tinyassets.providers.router.ProviderRouter object at 0x0000018DB8086B50&gt;.available_providers
E        +    where &lt;tinyassets.providers.router.ProviderRouter object at 0x0000018DB8086B50&gt; = &lt;module 'tinyassets.providers.call' from 'C:\\Users\\Jonathan\\Projects\\wf-required-test-gate\\tinyassets\\providers\\call.py'&gt;._real_router

tests\test_provider_stub_registration.py:58: AssertionError</failure></testcase><testcase classname="tests.test_provider_stub_registration.TestGeminiGroqRegistration" name="test_gemini_skipped_without_key" file="tests\test_provider_stub_registration.py" line="59" time="0.012" /><testcase classname="tests.test_provider_stub_registration.TestGeminiGroqRegistration" name="test_groq_skipped_without_key" file="tests\test_provider_stub_registration.py" line="67" time="0.012" /><testcase classname="tests.test_provider_stub_registration.TestGeminiGroqRegistration" name="test_stub_importable_even_when_all_providers_fail" file="tests\test_provider_stub_registration.py" line="75" time="0.012" /><testcase classname="tests.test_provider_work_authority" name="test_binding_is_secret_free_immutable_and_content_addressed" file="tests\test_provider_work_authority.py" line="71" time="0.019" /><testcase classname="tests.test_provider_work_authority" name="test_binding_seed_rejects_unbounded_or_noncanonical_authority[credential_reference_digest-secret-token]" file="tests\test_provider_work_authority.py" line="86" time="0.001" /><testcase classname="tests.test_provider_work_authority" name="test_binding_seed_rejects_unbounded_or_noncanonical_authority[assignment_digest-not-a-digest]" file="tests\test_provider_work_authority.py" line="86" time="0.001" /><testcase classname="tests.test_provider_work_authority" name="test_binding_seed_rejects_unbounded_or_noncanonical_authority[allowed_operations-value2]" file="tests\test_provider_work_authority.py" line="86" time="0.001" /><testcase classname="tests.test_provider_work_authority" name="test_binding_seed_rejects_unbounded_or_noncanonical_authority[allowed_roles-value3]" file="tests\test_provider_work_authority.py" line="86" time="0.001" /><testcase classname="tests.test_provider_work_authority" name="test_binding_seed_rejects_unbounded_or_noncanonical_authority[assignment_generation-0]" file="tests\test_provider_work_authority.py" line="86" time="0.001" /><testcase classname="tests.test_provider_work_authority" name="test_binding_seed_rejects_unbounded_or_noncanonical_authority[max_invocations-0]" file="tests\test_provider_work_authority.py" line="86" time="0.001" /><testcase classname="tests.test_provider_work_authority" name="test_binding_seed_rejects_unbounded_or_noncanonical_authority[max_tokens--1]" file="tests\test_provider_work_authority.py" line="86" time="0.001" /><testcase classname="tests.test_provider_work_authority" name="test_binding_seed_rejects_unbounded_or_noncanonical_authority[max_cost_microunits--1]" file="tests\test_provider_work_authority.py" line="86" time="0.001" /><testcase classname="tests.test_provider_work_authority" name="test_same_fixture_binding_replays_across_restart" file="tests\test_provider_work_authority.py" line="107" time="0.022" /><testcase classname="tests.test_provider_work_authority" name="test_changed_assignment_conflicts_instead_of_silently_rebinding" file="tests\test_provider_work_authority.py" line="116" time="0.022" /><testcase classname="tests.test_provider_work_authority" name="test_concurrent_create_has_one_record_and_only_replays" file="tests\test_provider_work_authority.py" line="132" time="0.114" /><testcase classname="tests.test_provider_work_authority" name="test_exact_current_binding_validation_fails_closed_after_revoke" file="tests\test_provider_work_authority.py" line="153" time="0.038" /><testcase classname="tests.test_provider_work_authority" name="test_revoke_cas_has_one_winner" file="tests\test_provider_work_authority.py" line="204" time="0.073" /><testcase classname="tests.test_provider_work_authority" name="test_tampered_persisted_record_is_rejected_on_read" file="tests\test_provider_work_authority.py" line="228" time="0.047" /><testcase classname="tests.test_provider_work_authority" name="test_binding_state_cannot_be_forged_by_replace" file="tests\test_provider_work_authority.py" line="243" time="0.022" /><testcase classname="tests.test_provider_work_authority" name="test_production_store_has_no_binding_installation_path" file="tests\test_provider_work_authority.py" line="252" time="0.025" /><testcase classname="tests.test_provider_work_authority" name="test_production_binding_issuance_uses_only_trusted_resolved_assignment" file="tests\test_provider_work_authority.py" line="278" time="0.026" /><testcase classname="tests.test_provider_work_authority" name="test_production_binding_issuance_rejects_missing_or_cross_root_resolution[None]" file="tests\test_provider_work_authority.py" line="303" time="0.011" /><testcase classname="tests.test_provider_work_authority" name="test_production_binding_issuance_rejects_missing_or_cross_root_resolution[seed1]" file="tests\test_provider_work_authority.py" line="303" time="0.010" /><testcase classname="tests.test_provider_work_authority" name="test_production_binding_issuance_rejects_missing_or_cross_root_resolution[seed2]" file="tests\test_provider_work_authority.py" line="303" time="0.011" /><testcase classname="tests.test_provider_work_authority" name="test_production_binding_issuance_rejects_missing_or_cross_root_resolution[seed3]" file="tests\test_provider_work_authority.py" line="303" time="0.014" /><testcase classname="tests.test_provider_work_authority" name="test_production_binding_issuance_requires_a_resolver" file="tests\test_provider_work_authority.py" line="329" time="0.016" /><testcase classname="tests.test_provider_work_authority" name="test_store_rejects_each_coherent_identity_or_scope_transfer[owner_user_id-acct_mallory]" file="tests\test_provider_work_authority.py" line="342" time="0.028" /><testcase classname="tests.test_provider_work_authority" name="test_store_rejects_each_coherent_identity_or_scope_transfer[allowed_roles-value1]" file="tests\test_provider_work_authority.py" line="342" time="0.025" /><testcase classname="tests.test_provider_work_authority" name="test_universe_receipt_is_dark_bounded_and_restart_safe" file="tests\test_provider_work_authority.py" line="422" time="0.029" /><testcase classname="tests.test_provider_work_authority" name="test_universe_receipt_rejects_widened_authority[operation-unapproved_operation]" file="tests\test_provider_work_authority.py" line="448" time="0.020" /><testcase classname="tests.test_provider_work_authority" name="test_universe_receipt_rejects_widened_authority[role-admin]" file="tests\test_provider_work_authority.py" line="448" time="0.020" /><testcase classname="tests.test_provider_work_authority" name="test_universe_receipt_rejects_widened_authority[max_invocations-5]" file="tests\test_provider_work_authority.py" line="448" time="0.026" /><testcase classname="tests.test_provider_work_authority" name="test_universe_receipt_rejects_widened_authority[max_tokens-100001]" file="tests\test_provider_work_authority.py" line="448" time="0.023" /><testcase classname="tests.test_provider_work_authority" name="test_universe_receipt_rejects_widened_authority[max_cost_microunits-5000001]" file="tests\test_provider_work_authority.py" line="448" time="0.021" /><testcase classname="tests.test_provider_work_authority" name="test_universe_receipt_rejects_non_cloud_executor" file="tests\test_provider_work_authority.py" line="473" time="0.024" /><testcase classname="tests.test_provider_work_authority" name="test_concurrent_receipt_issue_has_one_record" file="tests\test_provider_work_authority.py" line="480" time="0.114" /><testcase classname="tests.test_provider_work_authority" name="test_revoked_binding_cannot_issue_or_reserve" file="tests\test_provider_work_authority.py" line="506" time="0.036" /><testcase classname="tests.test_provider_work_authority" name="test_concurrent_claim_has_one_owner_and_same_request_replays" file="tests\test_provider_work_authority.py" line="543" time="0.109" /><testcase classname="tests.test_provider_work_authority" name="test_reservations_conserve_invocation_token_and_cost_budgets" file="tests\test_provider_work_authority.py" line="588" time="0.127" /><testcase classname="tests.test_provider_work_authority" name="test_launch_arm_is_durable_restart_safe_and_single_winner" file="tests\test_provider_work_authority.py" line="655" time="0.111" /><testcase classname="tests.test_provider_work_authority" name="test_provider_invocation_carrier_is_exact_and_non_serializable" file="tests\test_provider_work_authority.py" line="799" time="0.146" /><testcase classname="tests.test_provider_work_authority" name="test_provider_invocation_carrier_mint_rejects_launch_replay" file="tests\test_provider_work_authority.py" line="842" time="0.040" /><testcase classname="tests.test_provider_work_authority" name="test_private_carrier_mint_is_one_shot_per_durable_reservation" file="tests\test_provider_work_authority.py" line="879" time="0.035" /><testcase classname="tests.test_provider_work_authority" name="test_store_mint_proof_rejects_recomputed_reservation_identity" file="tests\test_provider_work_authority.py" line="893" time="0.035" /><testcase classname="tests.test_provider_work_authority" name="test_self_consistent_forged_reservation_cannot_mint_or_validate" file="tests\test_provider_work_authority.py" line="913" time="0.037" /><testcase classname="tests.test_provider_work_authority" name="test_carrier_consumption_is_external_and_race_safe" file="tests\test_provider_work_authority.py" line="952" time="0.037" /><testcase classname="tests.test_provider_work_authority" name="test_abandoned_mint_proof_and_carrier_release_process_registry" file="tests\test_provider_work_authority.py" line="982" time="2.383" /><testcase classname="tests.test_provider_work_authority" name="test_mint_proof_and_carrier_reject_cross_process_copy" file="tests\test_provider_work_authority.py" line="1013" time="0.033" /><testcase classname="tests.test_provider_work_authority" name="test_provider_invocation_carrier_seal_rejects_record_mutation" file="tests\test_provider_work_authority.py" line="1044" time="0.031" /><testcase classname="tests.test_provider_work_authority" name="test_provider_invocation_carrier_rejects_stale_or_unarmed_tuple[receipt]" file="tests\test_provider_work_authority.py" line="1059" time="0.032" /><testcase classname="tests.test_provider_work_authority" name="test_provider_invocation_carrier_rejects_stale_or_unarmed_tuple[claim]" file="tests\test_provider_work_authority.py" line="1059" time="0.031" /><testcase classname="tests.test_provider_work_authority" name="test_provider_invocation_carrier_rejects_stale_or_unarmed_tuple[reservation]" file="tests\test_provider_work_authority.py" line="1059" time="0.032" /><testcase classname="tests.test_provider_work_authority" name="test_provider_invocation_carrier_rejects_cross_record_mismatch" file="tests\test_provider_work_authority.py" line="1076" time="0.032" /><testcase classname="tests.test_provider_work_authority" name="test_launch_arm_fails_closed_after_binding_revocation" file="tests\test_provider_work_authority.py" line="1087" time="0.035" /><testcase classname="tests.test_provider_work_authority" name="test_expired_claim_cannot_replay_or_reserve" file="tests\test_provider_work_authority.py" line="1127" time="0.031" /><testcase classname="tests.test_provider_work_authority" name="test_tampered_ledger_record_fails_closed[receipt]" file="tests\test_provider_work_authority.py" line="1167" time="0.045" /><testcase classname="tests.test_provider_work_authority" name="test_tampered_ledger_record_fails_closed[claim]" file="tests\test_provider_work_authority.py" line="1167" time="0.067" /><testcase classname="tests.test_provider_work_authority" name="test_tampered_ledger_record_fails_closed[reservation]" file="tests\test_provider_work_authority.py" line="1167" time="0.042" /><testcase classname="tests.test_providers.TestQuotaTracker" name="test_available_when_no_cooldown" file="tests\test_providers.py" line="136" time="0.001" /><testcase classname="tests.test_providers.TestQuotaTracker" name="test_cooldown_blocks_availability" file="tests\test_providers.py" line="140" time="0.001" /><testcase classname="tests.test_providers.TestQuotaTracker" name="test_cooldown_expires" file="tests\test_providers.py" line="145" time="0.000" /><testcase classname="tests.test_providers.TestQuotaTracker" name="test_rate_limit_gemini" file="tests\test_providers.py" line="151" time="0.000" /><testcase classname="tests.test_providers.TestQuotaTracker" name="test_rate_limit_does_not_affect_claude" file="tests\test_providers.py" line="158" time="0.000" /><testcase classname="tests.test_providers.TestQuotaTracker" name="test_cooldown_then_record_success" file="tests\test_providers.py" line="164" time="0.000" /><testcase classname="tests.test_providers.TestProviderRouterCall" name="test_armed_carrier_narrows_provider_and_token_ceiling" file="tests\test_providers.py" line="198" time="0.002" /><testcase classname="tests.test_providers.TestProviderRouterCall" name="test_armed_carrier_rejects_invalid_or_wider_token_cap[-1]" file="tests\test_providers.py" line="225" time="0.002" /><testcase classname="tests.test_providers.TestProviderRouterCall" name="test_armed_carrier_rejects_invalid_or_wider_token_cap[78]" file="tests\test_providers.py" line="225" time="0.002" /><testcase classname="tests.test_providers.TestProviderRouterCall" name="test_armed_carrier_never_falls_back_to_another_provider" file="tests\test_providers.py" line="245" time="0.002" /><testcase classname="tests.test_providers.TestProviderRouterCall" name="test_invalid_carrier_holds_before_health_quota_or_provider" file="tests\test_providers.py" line="271" time="0.305" /><testcase classname="tests.test_providers.TestProviderRouterCall" name="test_nonexact_or_operationless_carrier_holds_before_provider_access" file="tests\test_providers.py" line="295" time="0.002" /><testcase classname="tests.test_providers.TestProviderRouterCall" name="test_armed_carrier_bypasses_policy_fallback_and_ensemble_fanout" file="tests\test_providers.py" line="311" time="0.002" /><testcase classname="tests.test_providers.TestProviderRouterCall" name="test_writer_uses_first_available" file="tests\test_providers.py" line="344" time="0.001" /><testcase classname="tests.test_providers.TestProviderRouterCall" name="test_writer_falls_back_on_error" file="tests\test_providers.py" line="355" time="0.001" /><testcase classname="tests.test_providers.TestProviderRouterCall" name="test_writer_falls_to_ollama" file="tests\test_providers.py" line="369" time="0.001" /><testcase classname="tests.test_providers.TestProviderRouterCall" name="test_writer_raises_when_all_exhausted" file="tests\test_providers.py" line="386" time="0.002" /><testcase classname="tests.test_providers.TestProviderRouterCall" name="test_judge_returns_degraded_when_all_exhausted" file="tests\test_providers.py" line="397" time="0.001" /><testcase classname="tests.test_providers.TestProviderRouterCall" name="test_extract_prefers_codex" file="tests\test_providers.py" line="409" time="0.001" /><testcase classname="tests.test_providers.TestProviderRouterCall" name="test_skips_missing_providers" file="tests\test_providers.py" line="417" time="0.001" /><testcase classname="tests.test_providers.TestProviderRouterCall" name="test_cooldown_applied_on_unavailable" file="tests\test_providers.py" line="426" time="0.001" /><testcase classname="tests.test_providers.TestProviderRouterCall" name="test_timeout_cooldown_applied" file="tests\test_providers.py" line="443" time="0.001" /><testcase classname="tests.test_providers.TestProviderRouterCall" name="test_call_sync_does_not_serialize_on_single_shared_worker" file="tests\test_providers.py" line="458" time="0.055" /><testcase classname="tests.test_providers.TestPreferredProvider" name="test_apply_preference_reorders" file="tests\test_providers.py" line="482" time="0.001" /><testcase classname="tests.test_providers.TestPreferredProvider" name="test_apply_preference_noop_when_empty" file="tests\test_providers.py" line="487" time="0.000" /><testcase classname="tests.test_providers.TestPreferredProvider" name="test_apply_preference_noop_when_not_in_chain" file="tests\test_providers.py" line="491" time="0.001" /><testcase classname="tests.test_providers.TestPreferredProvider" name="test_apply_preference_already_first" file="tests\test_providers.py" line="495" time="0.001" /><testcase classname="tests.test_providers.TestPreferredProvider" name="test_api_key_preferred_writer_ignored_without_opt_in" file="tests\test_providers.py" line="499" time="0.001" /><testcase classname="tests.test_providers.TestPreferredProvider" name="test_preferred_writer_tried_first_with_api_key_opt_in" file="tests\test_providers.py" line="515" time="0.001" /><testcase classname="tests.test_providers.TestPreferredProvider" name="test_api_key_preferred_judge_ignored_without_opt_in" file="tests\test_providers.py" line="531" time="0.001" /><testcase classname="tests.test_providers.TestPreferredProvider" name="test_preferred_judge_tried_first_with_api_key_opt_in" file="tests\test_providers.py" line="547" time="0.001" /><testcase classname="tests.test_providers.TestPreferredProvider" name="test_preferred_writer_falls_back_on_failure" file="tests\test_providers.py" line="563" time="0.001" /><testcase classname="tests.test_providers.TestJudgeEnsemble" name="test_fans_out_to_subscription_default_providers" file="tests\test_providers.py" line="591" time="0.001" /><testcase classname="tests.test_providers.TestJudgeEnsemble" name="test_fans_out_to_all_available_with_api_key_opt_in" file="tests\test_providers.py" line="602" time="0.001" /><testcase classname="tests.test_providers.TestJudgeEnsemble" name="test_partial_availability" file="tests\test_providers.py" line="613" time="0.016" /><testcase classname="tests.test_providers.TestJudgeEnsemble" name="test_ensemble_with_failures" file="tests\test_providers.py" line="627" time="0.015" /><testcase classname="tests.test_providers.TestJudgeEnsemble" name="test_empty_ensemble_when_all_fail" file="tests\test_providers.py" line="644" time="0.001" /><testcase classname="tests.test_providers.TestProviderRegistration" name="test_register_provider" file="tests\test_providers.py" line="662" time="0.001" /><testcase classname="tests.test_providers.TestProviderRegistration" name="test_register_overwrites" file="tests\test_providers.py" line="670" time="0.000" /><testcase classname="tests.test_providers.TestProviderRegistration" name="test_claude_provider_not_registered_when_binary_absent" file="tests\test_providers.py" line="676" time="0.001" /><testcase classname="tests.test_providers.TestProviderRegistration" name="test_codex_provider_not_registered_when_binary_absent" file="tests\test_providers.py" line="687" time="0.001" /><testcase classname="tests.test_providers.TestProviderRegistration" name="test_claude_provider_registered_when_binary_present" file="tests\test_providers.py" line="698" time="0.001" /><testcase classname="tests.test_providers.TestProviderRegistration" name="test_codex_provider_registered_when_binary_present" file="tests\test_providers.py" line="705" time="0.001" /><testcase classname="tests.test_providers.TestProviderRegistration" name="test_effective_chain_excludes_unregistered_providers" file="tests\test_providers.py" line="712" time="0.000" /><testcase classname="tests.test_providers.TestClaudeProvider" name="test_success" file="tests\test_providers.py" line="739" time="0.008" /><testcase classname="tests.test_providers.TestClaudeProvider" name="test_exit_code_1_quick_triggers_unavailable" file="tests\test_providers.py" line="761" time="0.016" /><testcase classname="tests.test_providers.TestClaudeProvider" name="test_timeout_kills_process" file="tests\test_providers.py" line="780" time="0.002" /><testcase classname="tests.test_providers.TestCodexProvider" name="test_success" file="tests\test_providers.py" line="806" time="0.002" /><testcase classname="tests.test_providers.TestCodexProvider" name="test_error_raises_provider_error" file="tests\test_providers.py" line="828" time="0.002" /><testcase classname="tests.test_providers.TestCodexProvider" name="test_empty_stdout_raises_provider_error" file="tests\test_providers.py" line="847" time="0.002" /><testcase classname="tests.test_providers.TestCodexProvider" name="test_auth_failure_exit_0_raises_provider_error" file="tests\test_providers.py" line="867" time="0.002" /><testcase classname="tests.test_providers.TestCodexProvider" name="test_skip_git_repo_check_in_command_without_bwrap" file="tests\test_providers.py" line="890" time="0.003" /><testcase classname="tests.test_providers.TestCodexProvider" name="test_runs_from_repo_root_so_coding_tasks_can_read_source" file="tests\test_providers.py" line="926" time="0.003" /><testcase classname="tests.test_providers.TestCodexProvider" name="test_model_can_be_overridden_by_env" file="tests\test_providers.py" line="957" time="0.002" /><testcase classname="tests.test_providers.TestCodexProvider" name="test_uses_full_auto_when_bwrap_available" file="tests\test_providers.py" line="986" time="0.002" /><testcase classname="tests.test_providers.TestOllamaProvider" name="test_success" file="tests\test_providers.py" line="1024" time="0.002" /><testcase classname="tests.test_providers.TestOllamaProvider" name="test_connection_refused" file="tests\test_providers.py" line="1044" time="0.001" /><testcase classname="tests.test_providers.TestGeminiProvider" name="test_sync_sdk_call_yields_event_loop" file="tests\test_providers.py" line="1065" time="0.038" /><testcase classname="tests.test_providers.TestGrokProvider" name="test_requires_api_key_provider_opt_in" file="tests\test_providers.py" line="1128" time="0.002" /><testcase classname="tests.test_providers.TestGrokProvider" name="test_success" file="tests\test_providers.py" line="1135" time="0.003" /><testcase classname="tests.test_providers.TestGrokProvider" name="test_rate_limit_raises_unavailable" file="tests\test_providers.py" line="1165" time="0.002" /><testcase classname="tests.test_providers.TestGrokProvider" name="test_generic_error_raises_provider_error" file="tests\test_providers.py" line="1188" time="0.002" /><testcase classname="tests.test_providers.TestGrokProvider" name="test_missing_api_key_raises_unavailable" file="tests\test_providers.py" line="1211" time="0.002" /><testcase classname="tests.test_providers.TestFallbackChainDefinitions" name="test_writer_preference_chain_starts_with_claude" file="tests\test_providers.py" line="1232" time="0.001" /><testcase classname="tests.test_providers.TestFallbackChainDefinitions" name="test_judge_chain_starts_with_codex" file="tests\test_providers.py" line="1237" time="0.000" /><testcase classname="tests.test_providers.TestFallbackChainDefinitions" name="test_extract_chain_starts_with_codex" file="tests\test_providers.py" line="1240" time="0.001" /><testcase classname="tests.test_providers.TestFallbackChainDefinitions" name="test_embed_is_local_only" file="tests\test_providers.py" line="1244" time="0.000" /><testcase classname="tests.test_providers.TestFallbackChainDefinitions" name="test_all_chains_include_ollama" file="tests\test_providers.py" line="1247" time="0.000" /><testcase classname="tests.test_providers.TestFallbackChainDefinitions" name="test_ollama_is_last_in_judge_chain" file="tests\test_providers.py" line="1252" time="0.000" /><testcase classname="tests.test_providers.TestFallbackChainDefinitions" name="test_grok_in_writer_and_judge_chains" file="tests\test_providers.py" line="1256" time="0.000" /><testcase classname="tests.test_providers_call" name="test_force_mock_returns_fallback_then_placeholder" file="tests\test_providers_call.py" line="44" time="0.000" /><testcase classname="tests.test_providers_call" name="test_injected_router_is_used_by_call_provider" file="tests\test_providers_call.py" line="50" time="0.001" /><testcase classname="tests.test_providers_call" name="test_get_last_provider_reflects_latest_call_not_snapshot" file="tests\test_providers_call.py" line="60" time="0.001" /><testcase classname="tests.test_providers_call" name="test_no_router_no_fallback_raises" file="tests\test_providers_call.py" line="72" time="0.001" /><testcase classname="tests.test_providers_call" name="test_fallback_response_used_when_router_absent" file="tests\test_providers_call.py" line="81" time="0.001" /><testcase classname="tests.test_prune_units" name="test_service_file_exists" file="tests\test_prune_units.py" line="40" time="0.001" /><testcase classname="tests.test_prune_units" name="test_service_type_oneshot" file="tests\test_prune_units.py" line="44" time="0.012" /><testcase classname="tests.test_prune_units" name="test_service_docker_image_prune" file="tests\test_prune_units.py" line="48" time="0.001" /><testcase classname="tests.test_prune_units" name="test_service_docker_builder_prune" file="tests\test_prune_units.py" line="52" time="0.001" /><testcase classname="tests.test_prune_units" name="test_service_until_168h" file="tests\test_prune_units.py" line="56" time="0.001" /><testcase classname="tests.test_prune_units" name="test_service_after_docker" file="tests\test_prune_units.py" line="61" time="0.001" /><testcase classname="tests.test_prune_units" name="test_timer_file_exists" file="tests\test_prune_units.py" line="69" time="0.001" /><testcase classname="tests.test_prune_units" name="test_timer_weekly" file="tests\test_prune_units.py" line="73" time="0.007" /><testcase classname="tests.test_prune_units" name="test_timer_persistent" file="tests\test_prune_units.py" line="82" time="0.001" /><testcase classname="tests.test_prune_units" name="test_timer_requires_service" file="tests\test_prune_units.py" line="86" time="0.001" /><testcase classname="tests.test_prune_units" name="test_timer_wantedby_timers_target" file="tests\test_prune_units.py" line="90" time="0.001" /><testcase classname="tests.test_prune_units" name="test_bootstrap_installs_prune_service" file="tests\test_prune_units.py" line="98" time="0.010" /><testcase classname="tests.test_prune_units" name="test_bootstrap_installs_prune_timer" file="tests\test_prune_units.py" line="103" time="0.001" /><testcase classname="tests.test_prune_units" name="test_bootstrap_enables_prune_timer" file="tests\test_prune_units.py" line="107" time="0.001" /><testcase classname="tests.test_public_goal_visibility" name="test_storage_catalog_reads_allow_only_exact_public_visibility" file="tests\test_public_goal_visibility.py" line="97" time="0.128" /><testcase classname="tests.test_public_goal_visibility" name="test_canonical_list_and_ranked_search_do_not_leak_non_public_goals[anonymous]" file="tests\test_public_goal_visibility.py" line="121" time="0.134" /><testcase classname="tests.test_public_goal_visibility" name="test_canonical_list_and_ranked_search_do_not_leak_non_public_goals[unrelated-reader]" file="tests\test_public_goal_visibility.py" line="121" time="0.132" /><testcase classname="tests.test_public_goal_visibility" name="test_canonical_list_and_ranked_search_do_not_leak_non_public_goals[private-author]" file="tests\test_public_goal_visibility.py" line="121" time="0.232" /><testcase classname="tests.test_public_goal_visibility" name="test_exact_canonical_and_legacy_reads_hide_non_public_goal[private-anonymous]" file="tests\test_public_goal_visibility.py" line="157" time="0.137" /><testcase classname="tests.test_public_goal_visibility" name="test_exact_canonical_and_legacy_reads_hide_non_public_goal[private-unrelated-reader]" file="tests\test_public_goal_visibility.py" line="157" time="0.125" /><testcase classname="tests.test_public_goal_visibility" name="test_exact_canonical_and_legacy_reads_hide_non_public_goal[private-owner]" file="tests\test_public_goal_visibility.py" line="157" time="0.145" /><testcase classname="tests.test_public_goal_visibility" name="test_exact_canonical_and_legacy_reads_hide_non_public_goal[deleted-anonymous]" file="tests\test_public_goal_visibility.py" line="157" time="0.133" /><testcase classname="tests.test_public_goal_visibility" name="test_exact_canonical_and_legacy_reads_hide_non_public_goal[deleted-unrelated-reader]" file="tests\test_public_goal_visibility.py" line="157" time="0.131" /><testcase classname="tests.test_public_goal_visibility" name="test_exact_canonical_and_legacy_reads_hide_non_public_goal[deleted-owner]" file="tests\test_public_goal_visibility.py" line="157" time="0.132" /><testcase classname="tests.test_public_goal_visibility" name="test_exact_canonical_and_legacy_reads_hide_non_public_goal[unrecognized-anonymous]" file="tests\test_public_goal_visibility.py" line="157" time="0.136" /><testcase classname="tests.test_public_goal_visibility" name="test_exact_canonical_and_legacy_reads_hide_non_public_goal[unrecognized-unrelated-reader]" file="tests\test_public_goal_visibility.py" line="157" time="0.137" /><testcase classname="tests.test_public_goal_visibility" name="test_exact_canonical_and_legacy_reads_hide_non_public_goal[unrecognized-owner]" file="tests\test_public_goal_visibility.py" line="157" time="0.258" /><testcase classname="tests.test_public_goal_visibility" name="test_goal_derived_legacy_reads_have_no_non_public_oracle[get_protocol-private-anonymous]" file="tests\test_public_goal_visibility.py" line="216" time="0.134" /><testcase classname="tests.test_public_goal_visibility" name="test_goal_derived_legacy_reads_have_no_non_public_oracle[get_protocol-private-unrelated-reader]" file="tests\test_public_goal_visibility.py" line="216" time="0.136" /><testcase classname="tests.test_public_goal_visibility" name="test_goal_derived_legacy_reads_have_no_non_public_oracle[get_protocol-private-owner]" file="tests\test_public_goal_visibility.py" line="216" time="0.158" /><testcase classname="tests.test_public_goal_visibility" name="test_goal_derived_legacy_reads_have_no_non_public_oracle[get_protocol-deleted-anonymous]" file="tests\test_public_goal_visibility.py" line="216" time="0.129" /><testcase classname="tests.test_public_goal_visibility" name="test_goal_derived_legacy_reads_have_no_non_public_oracle[get_protocol-deleted-unrelated-reader]" file="tests\test_public_goal_visibility.py" line="216" time="0.134" /><testcase classname="tests.test_public_goal_visibility" name="test_goal_derived_legacy_reads_have_no_non_public_oracle[get_protocol-deleted-owner]" file="tests\test_public_goal_visibility.py" line="216" time="0.173" /><testcase classname="tests.test_public_goal_visibility" name="test_goal_derived_legacy_reads_have_no_non_public_oracle[get_protocol-unrecognized-anonymous]" file="tests\test_public_goal_visibility.py" line="216" time="0.147" /><testcase classname="tests.test_public_goal_visibility" name="test_goal_derived_legacy_reads_have_no_non_public_oracle[get_protocol-unrecognized-unrelated-reader]" file="tests\test_public_goal_visibility.py" line="216" time="0.139" /><testcase classname="tests.test_public_goal_visibility" name="test_goal_derived_legacy_reads_have_no_non_public_oracle[get_protocol-unrecognized-owner]" file="tests\test_public_goal_visibility.py" line="216" time="0.129" /><testcase classname="tests.test_public_goal_visibility" name="test_goal_derived_legacy_reads_have_no_non_public_oracle[leaderboard-private-anonymous]" file="tests\test_public_goal_visibility.py" line="216" time="0.135" /><testcase classname="tests.test_public_goal_visibility" name="test_goal_derived_legacy_reads_have_no_non_public_oracle[leaderboard-private-unrelated-reader]" file="tests\test_public_goal_visibility.py" line="216" time="0.144" /><testcase classname="tests.test_public_goal_visibility" name="test_goal_derived_legacy_reads_have_no_non_public_oracle[leaderboard-private-owner]" file="tests\test_public_goal_visibility.py" line="216" time="0.168" /><testcase classname="tests.test_public_goal_visibility" name="test_goal_derived_legacy_reads_have_no_non_public_oracle[leaderboard-deleted-anonymous]" file="tests\test_public_goal_visibility.py" line="216" time="0.147" /><testcase classname="tests.test_public_goal_visibility" name="test_goal_derived_legacy_reads_have_no_non_public_oracle[leaderboard-deleted-unrelated-reader]" file="tests\test_public_goal_visibility.py" line="216" time="0.149" /><testcase classname="tests.test_public_goal_visibility" name="test_goal_derived_legacy_reads_have_no_non_public_oracle[leaderboard-deleted-owner]" file="tests\test_public_goal_visibility.py" line="216" time="0.174" /><testcase classname="tests.test_public_goal_visibility" name="test_goal_derived_legacy_reads_have_no_non_public_oracle[leaderboard-unrecognized-anonymous]" file="tests\test_public_goal_visibility.py" line="216" time="0.150" /><testcase classname="tests.test_public_goal_visibility" name="test_goal_derived_legacy_reads_have_no_non_public_oracle[leaderboard-unrecognized-unrelated-reader]" file="tests\test_public_goal_visibility.py" line="216" time="0.148" /><testcase classname="tests.test_public_goal_visibility" name="test_goal_derived_legacy_reads_have_no_non_public_oracle[leaderboard-unrecognized-owner]" file="tests\test_public_goal_visibility.py" line="216" time="0.166" /><testcase classname="tests.test_public_goal_visibility" name="test_goal_derived_legacy_reads_have_no_non_public_oracle[common_nodes-private-anonymous]" file="tests\test_public_goal_visibility.py" line="216" time="0.141" /><testcase classname="tests.test_public_goal_visibility" name="test_goal_derived_legacy_reads_have_no_non_public_oracle[common_nodes-private-unrelated-reader]" file="tests\test_public_goal_visibility.py" line="216" time="0.152" /><testcase classname="tests.test_public_goal_visibility" name="test_goal_derived_legacy_reads_have_no_non_public_oracle[common_nodes-private-owner]" file="tests\test_public_goal_visibility.py" line="216" time="0.175" /><testcase classname="tests.test_public_goal_visibility" name="test_goal_derived_legacy_reads_have_no_non_public_oracle[common_nodes-deleted-anonymous]" file="tests\test_public_goal_visibility.py" line="216" time="0.173" /><testcase classname="tests.test_public_goal_visibility" name="test_goal_derived_legacy_reads_have_no_non_public_oracle[common_nodes-deleted-unrelated-reader]" file="tests\test_public_goal_visibility.py" line="216" time="0.139" /><testcase classname="tests.test_public_goal_visibility" name="test_goal_derived_legacy_reads_have_no_non_public_oracle[common_nodes-deleted-owner]" file="tests\test_public_goal_visibility.py" line="216" time="0.130" /><testcase classname="tests.test_public_goal_visibility" name="test_goal_derived_legacy_reads_have_no_non_public_oracle[common_nodes-unrecognized-anonymous]" file="tests\test_public_goal_visibility.py" line="216" time="0.137" /><testcase classname="tests.test_public_goal_visibility" name="test_goal_derived_legacy_reads_have_no_non_public_oracle[common_nodes-unrecognized-unrelated-reader]" file="tests\test_public_goal_visibility.py" line="216" time="0.160" /><testcase classname="tests.test_public_goal_visibility" name="test_goal_derived_legacy_reads_have_no_non_public_oracle[common_nodes-unrecognized-owner]" file="tests\test_public_goal_visibility.py" line="216" time="0.147" /><testcase classname="tests.test_public_goal_visibility" name="test_goal_derived_legacy_reads_have_no_non_public_oracle[archive_consultation-private-anonymous]" file="tests\test_public_goal_visibility.py" line="216" time="0.164" /><testcase classname="tests.test_public_goal_visibility" name="test_goal_derived_legacy_reads_have_no_non_public_oracle[archive_consultation-private-unrelated-reader]" file="tests\test_public_goal_visibility.py" line="216" time="0.141" /><testcase classname="tests.test_public_goal_visibility" name="test_goal_derived_legacy_reads_have_no_non_public_oracle[archive_consultation-private-owner]" file="tests\test_public_goal_visibility.py" line="216" time="0.180" /><testcase classname="tests.test_public_goal_visibility" name="test_goal_derived_legacy_reads_have_no_non_public_oracle[archive_consultation-deleted-anonymous]" file="tests\test_public_goal_visibility.py" line="216" time="0.141" /><testcase classname="tests.test_public_goal_visibility" name="test_goal_derived_legacy_reads_have_no_non_public_oracle[archive_consultation-deleted-unrelated-reader]" file="tests\test_public_goal_visibility.py" line="216" time="0.135" /><testcase classname="tests.test_public_goal_visibility" name="test_goal_derived_legacy_reads_have_no_non_public_oracle[archive_consultation-deleted-owner]" file="tests\test_public_goal_visibility.py" line="216" time="0.152" /><testcase classname="tests.test_public_goal_visibility" name="test_goal_derived_legacy_reads_have_no_non_public_oracle[archive_consultation-unrecognized-anonymous]" file="tests\test_public_goal_visibility.py" line="216" time="0.144" /><testcase classname="tests.test_public_goal_visibility" name="test_goal_derived_legacy_reads_have_no_non_public_oracle[archive_consultation-unrecognized-unrelated-reader]" file="tests\test_public_goal_visibility.py" line="216" time="0.144" /><testcase classname="tests.test_public_goal_visibility" name="test_goal_derived_legacy_reads_have_no_non_public_oracle[archive_consultation-unrecognized-owner]" file="tests\test_public_goal_visibility.py" line="216" time="0.141" /><testcase classname="tests.test_public_goal_visibility" name="test_goal_derived_legacy_reads_have_no_non_public_oracle[gates_leaderboard-private-anonymous]" file="tests\test_public_goal_visibility.py" line="216" time="0.139" /><testcase classname="tests.test_public_goal_visibility" name="test_goal_derived_legacy_reads_have_no_non_public_oracle[gates_leaderboard-private-unrelated-reader]" file="tests\test_public_goal_visibility.py" line="216" time="0.140" /><testcase classname="tests.test_public_goal_visibility" name="test_goal_derived_legacy_reads_have_no_non_public_oracle[gates_leaderboard-private-owner]" file="tests\test_public_goal_visibility.py" line="216" time="0.164" /><testcase classname="tests.test_public_goal_visibility" name="test_goal_derived_legacy_reads_have_no_non_public_oracle[gates_leaderboard-deleted-anonymous]" file="tests\test_public_goal_visibility.py" line="216" time="0.141" /><testcase classname="tests.test_public_goal_visibility" name="test_goal_derived_legacy_reads_have_no_non_public_oracle[gates_leaderboard-deleted-unrelated-reader]" file="tests\test_public_goal_visibility.py" line="216" time="0.152" /><testcase classname="tests.test_public_goal_visibility" name="test_goal_derived_legacy_reads_have_no_non_public_oracle[gates_leaderboard-deleted-owner]" file="tests\test_public_goal_visibility.py" line="216" time="0.145" /><testcase classname="tests.test_public_goal_visibility" name="test_goal_derived_legacy_reads_have_no_non_public_oracle[gates_leaderboard-unrecognized-anonymous]" file="tests\test_public_goal_visibility.py" line="216" time="0.133" /><testcase classname="tests.test_public_goal_visibility" name="test_goal_derived_legacy_reads_have_no_non_public_oracle[gates_leaderboard-unrecognized-unrelated-reader]" file="tests\test_public_goal_visibility.py" line="216" time="0.139" /><testcase classname="tests.test_public_goal_visibility" name="test_goal_derived_legacy_reads_have_no_non_public_oracle[gates_leaderboard-unrecognized-owner]" file="tests\test_public_goal_visibility.py" line="216" time="0.128" /><testcase classname="tests.test_public_goal_visibility" name="test_goal_derived_legacy_reads_have_no_non_public_oracle[get_ladder-private-anonymous]" file="tests\test_public_goal_visibility.py" line="216" time="0.132" /><testcase classname="tests.test_public_goal_visibility" name="test_goal_derived_legacy_reads_have_no_non_public_oracle[get_ladder-private-unrelated-reader]" file="tests\test_public_goal_visibility.py" line="216" time="0.131" /><testcase classname="tests.test_public_goal_visibility" name="test_goal_derived_legacy_reads_have_no_non_public_oracle[get_ladder-private-owner]" file="tests\test_public_goal_visibility.py" line="216" time="0.156" /><testcase classname="tests.test_public_goal_visibility" name="test_goal_derived_legacy_reads_have_no_non_public_oracle[get_ladder-deleted-anonymous]" file="tests\test_public_goal_visibility.py" line="216" time="0.172" /><testcase classname="tests.test_public_goal_visibility" name="test_goal_derived_legacy_reads_have_no_non_public_oracle[get_ladder-deleted-unrelated-reader]" file="tests\test_public_goal_visibility.py" line="216" time="0.140" /><testcase classname="tests.test_public_goal_visibility" name="test_goal_derived_legacy_reads_have_no_non_public_oracle[get_ladder-deleted-owner]" file="tests\test_public_goal_visibility.py" line="216" time="0.162" /><testcase classname="tests.test_public_goal_visibility" name="test_goal_derived_legacy_reads_have_no_non_public_oracle[get_ladder-unrecognized-anonymous]" file="tests\test_public_goal_visibility.py" line="216" time="0.135" /><testcase classname="tests.test_public_goal_visibility" name="test_goal_derived_legacy_reads_have_no_non_public_oracle[get_ladder-unrecognized-unrelated-reader]" file="tests\test_public_goal_visibility.py" line="216" time="0.136" /><testcase classname="tests.test_public_goal_visibility" name="test_goal_derived_legacy_reads_have_no_non_public_oracle[get_ladder-unrecognized-owner]" file="tests\test_public_goal_visibility.py" line="216" time="0.148" /><testcase classname="tests.test_public_goal_visibility" name="test_goal_derived_legacy_reads_have_no_non_public_oracle[list_claims-private-anonymous]" file="tests\test_public_goal_visibility.py" line="216" time="0.142" /><testcase classname="tests.test_public_goal_visibility" name="test_goal_derived_legacy_reads_have_no_non_public_oracle[list_claims-private-unrelated-reader]" file="tests\test_public_goal_visibility.py" line="216" time="0.137" /><testcase classname="tests.test_public_goal_visibility" name="test_goal_derived_legacy_reads_have_no_non_public_oracle[list_claims-private-owner]" file="tests\test_public_goal_visibility.py" line="216" time="0.136" /><testcase classname="tests.test_public_goal_visibility" name="test_goal_derived_legacy_reads_have_no_non_public_oracle[list_claims-deleted-anonymous]" file="tests\test_public_goal_visibility.py" line="216" time="0.158" /><testcase classname="tests.test_public_goal_visibility" name="test_goal_derived_legacy_reads_have_no_non_public_oracle[list_claims-deleted-unrelated-reader]" file="tests\test_public_goal_visibility.py" line="216" time="0.135" /><testcase classname="tests.test_public_goal_visibility" name="test_goal_derived_legacy_reads_have_no_non_public_oracle[list_claims-deleted-owner]" file="tests\test_public_goal_visibility.py" line="216" time="0.128" /><testcase classname="tests.test_public_goal_visibility" name="test_goal_derived_legacy_reads_have_no_non_public_oracle[list_claims-unrecognized-anonymous]" file="tests\test_public_goal_visibility.py" line="216" time="0.137" /><testcase classname="tests.test_public_goal_visibility" name="test_goal_derived_legacy_reads_have_no_non_public_oracle[list_claims-unrecognized-unrelated-reader]" file="tests\test_public_goal_visibility.py" line="216" time="0.161" /><testcase classname="tests.test_public_goal_visibility" name="test_goal_derived_legacy_reads_have_no_non_public_oracle[list_claims-unrecognized-owner]" file="tests\test_public_goal_visibility.py" line="216" time="0.153" /><testcase classname="tests.test_public_goal_visibility" name="test_goal_derived_legacy_reads_have_no_non_public_oracle[list_conformance_packs-private-anonymous]" file="tests\test_public_goal_visibility.py" line="216" time="0.135" /><testcase classname="tests.test_public_goal_visibility" name="test_goal_derived_legacy_reads_have_no_non_public_oracle[list_conformance_packs-private-unrelated-reader]" file="tests\test_public_goal_visibility.py" line="216" time="0.131" /><testcase classname="tests.test_public_goal_visibility" name="test_goal_derived_legacy_reads_have_no_non_public_oracle[list_conformance_packs-private-owner]" file="tests\test_public_goal_visibility.py" line="216" time="0.132" /><testcase classname="tests.test_public_goal_visibility" name="test_goal_derived_legacy_reads_have_no_non_public_oracle[list_conformance_packs-deleted-anonymous]" file="tests\test_public_goal_visibility.py" line="216" time="0.147" /><testcase classname="tests.test_public_goal_visibility" name="test_goal_derived_legacy_reads_have_no_non_public_oracle[list_conformance_packs-deleted-unrelated-reader]" file="tests\test_public_goal_visibility.py" line="216" time="0.163" /><testcase classname="tests.test_public_goal_visibility" name="test_goal_derived_legacy_reads_have_no_non_public_oracle[list_conformance_packs-deleted-owner]" file="tests\test_public_goal_visibility.py" line="216" time="0.185" /><testcase classname="tests.test_public_goal_visibility" name="test_goal_derived_legacy_reads_have_no_non_public_oracle[list_conformance_packs-unrecognized-anonymous]" file="tests\test_public_goal_visibility.py" line="216" time="0.129" /><testcase classname="tests.test_public_goal_visibility" name="test_goal_derived_legacy_reads_have_no_non_public_oracle[list_conformance_packs-unrecognized-unrelated-reader]" file="tests\test_public_goal_visibility.py" line="216" time="0.153" /><testcase classname="tests.test_public_goal_visibility" name="test_goal_derived_legacy_reads_have_no_non_public_oracle[list_conformance_packs-unrecognized-owner]" file="tests\test_public_goal_visibility.py" line="216" time="0.158" /><testcase classname="tests.test_public_goal_visibility" name="test_goal_derived_legacy_reads_have_no_non_public_oracle[list_branches-private-anonymous]" file="tests\test_public_goal_visibility.py" line="216" time="0.145" /><testcase classname="tests.test_public_goal_visibility" name="test_goal_derived_legacy_reads_have_no_non_public_oracle[list_branches-private-unrelated-reader]" file="tests\test_public_goal_visibility.py" line="216" time="0.143" /><testcase classname="tests.test_public_goal_visibility" name="test_goal_derived_legacy_reads_have_no_non_public_oracle[list_branches-private-owner]" file="tests\test_public_goal_visibility.py" line="216" time="0.156" /><testcase classname="tests.test_public_goal_visibility" name="test_goal_derived_legacy_reads_have_no_non_public_oracle[list_branches-deleted-anonymous]" file="tests\test_public_goal_visibility.py" line="216" time="0.146" /><testcase classname="tests.test_public_goal_visibility" name="test_goal_derived_legacy_reads_have_no_non_public_oracle[list_branches-deleted-unrelated-reader]" file="tests\test_public_goal_visibility.py" line="216" time="0.136" /><testcase classname="tests.test_public_goal_visibility" name="test_goal_derived_legacy_reads_have_no_non_public_oracle[list_branches-deleted-owner]" file="tests\test_public_goal_visibility.py" line="216" time="0.136" /><testcase classname="tests.test_public_goal_visibility" name="test_goal_derived_legacy_reads_have_no_non_public_oracle[list_branches-unrecognized-anonymous]" file="tests\test_public_goal_visibility.py" line="216" time="0.135" /><testcase classname="tests.test_public_goal_visibility" name="test_goal_derived_legacy_reads_have_no_non_public_oracle[list_branches-unrecognized-unrelated-reader]" file="tests\test_public_goal_visibility.py" line="216" time="0.136" /><testcase classname="tests.test_public_goal_visibility" name="test_goal_derived_legacy_reads_have_no_non_public_oracle[list_branches-unrecognized-owner]" file="tests\test_public_goal_visibility.py" line="216" time="0.138" /><testcase classname="tests.test_public_goal_visibility" name="test_goal_derived_legacy_reads_have_no_non_public_oracle[quality_leaderboard-private-anonymous]" file="tests\test_public_goal_visibility.py" line="216" time="0.140" /><testcase classname="tests.test_public_goal_visibility" name="test_goal_derived_legacy_reads_have_no_non_public_oracle[quality_leaderboard-private-unrelated-reader]" file="tests\test_public_goal_visibility.py" line="216" time="0.147" /><testcase classname="tests.test_public_goal_visibility" name="test_goal_derived_legacy_reads_have_no_non_public_oracle[quality_leaderboard-private-owner]" file="tests\test_public_goal_visibility.py" line="216" time="0.132" /><testcase classname="tests.test_public_goal_visibility" name="test_goal_derived_legacy_reads_have_no_non_public_oracle[quality_leaderboard-deleted-anonymous]" file="tests\test_public_goal_visibility.py" line="216" time="0.138" /><testcase classname="tests.test_public_goal_visibility" name="test_goal_derived_legacy_reads_have_no_non_public_oracle[quality_leaderboard-deleted-unrelated-reader]" file="tests\test_public_goal_visibility.py" line="216" time="0.140" /><testcase classname="tests.test_public_goal_visibility" name="test_goal_derived_legacy_reads_have_no_non_public_oracle[quality_leaderboard-deleted-owner]" file="tests\test_public_goal_visibility.py" line="216" time="0.137" /><testcase classname="tests.test_public_goal_visibility" name="test_goal_derived_legacy_reads_have_no_non_public_oracle[quality_leaderboard-unrecognized-anonymous]" file="tests\test_public_goal_visibility.py" line="216" time="0.133" /><testcase classname="tests.test_public_goal_visibility" name="test_goal_derived_legacy_reads_have_no_non_public_oracle[quality_leaderboard-unrecognized-unrelated-reader]" file="tests\test_public_goal_visibility.py" line="216" time="0.133" /><testcase classname="tests.test_public_goal_visibility" name="test_goal_derived_legacy_reads_have_no_non_public_oracle[quality_leaderboard-unrecognized-owner]" file="tests\test_public_goal_visibility.py" line="216" time="0.127" /><testcase classname="tests.test_public_goal_visibility" name="test_goal_derived_legacy_reads_have_no_non_public_oracle[recommended_parent_for_fork-private-anonymous]" file="tests\test_public_goal_visibility.py" line="216" time="0.128" /><testcase classname="tests.test_public_goal_visibility" name="test_goal_derived_legacy_reads_have_no_non_public_oracle[recommended_parent_for_fork-private-unrelated-reader]" file="tests\test_public_goal_visibility.py" line="216" time="0.135" /><testcase classname="tests.test_public_goal_visibility" name="test_goal_derived_legacy_reads_have_no_non_public_oracle[recommended_parent_for_fork-private-owner]" file="tests\test_public_goal_visibility.py" line="216" time="0.132" /><testcase classname="tests.test_public_goal_visibility" name="test_goal_derived_legacy_reads_have_no_non_public_oracle[recommended_parent_for_fork-deleted-anonymous]" file="tests\test_public_goal_visibility.py" line="216" time="0.130" /><testcase classname="tests.test_public_goal_visibility" name="test_goal_derived_legacy_reads_have_no_non_public_oracle[recommended_parent_for_fork-deleted-unrelated-reader]" file="tests\test_public_goal_visibility.py" line="216" time="0.136" /><testcase classname="tests.test_public_goal_visibility" name="test_goal_derived_legacy_reads_have_no_non_public_oracle[recommended_parent_for_fork-deleted-owner]" file="tests\test_public_goal_visibility.py" line="216" time="0.157" /><testcase classname="tests.test_public_goal_visibility" name="test_goal_derived_legacy_reads_have_no_non_public_oracle[recommended_parent_for_fork-unrecognized-anonymous]" file="tests\test_public_goal_visibility.py" line="216" time="0.138" /><testcase classname="tests.test_public_goal_visibility" name="test_goal_derived_legacy_reads_have_no_non_public_oracle[recommended_parent_for_fork-unrecognized-unrelated-reader]" file="tests\test_public_goal_visibility.py" line="216" time="0.198" /><testcase classname="tests.test_public_goal_visibility" name="test_goal_derived_legacy_reads_have_no_non_public_oracle[recommended_parent_for_fork-unrecognized-owner]" file="tests\test_public_goal_visibility.py" line="216" time="0.132" /><testcase classname="tests.test_public_goal_visibility" name="test_exact_conformance_pack_read_hides_non_public_goal_record[anonymous-private]" file="tests\test_public_goal_visibility.py" line="260" time="0.126" /><testcase classname="tests.test_public_goal_visibility" name="test_exact_conformance_pack_read_hides_non_public_goal_record[anonymous-deleted]" file="tests\test_public_goal_visibility.py" line="260" time="0.128" /><testcase classname="tests.test_public_goal_visibility" name="test_exact_conformance_pack_read_hides_non_public_goal_record[anonymous-unrecognized]" file="tests\test_public_goal_visibility.py" line="260" time="0.252" /><testcase classname="tests.test_public_goal_visibility" name="test_exact_conformance_pack_read_hides_non_public_goal_record[unrelated-reader-private]" file="tests\test_public_goal_visibility.py" line="260" time="0.159" /><testcase classname="tests.test_public_goal_visibility" name="test_exact_conformance_pack_read_hides_non_public_goal_record[unrelated-reader-deleted]" file="tests\test_public_goal_visibility.py" line="260" time="0.149" /><testcase classname="tests.test_public_goal_visibility" name="test_exact_conformance_pack_read_hides_non_public_goal_record[unrelated-reader-unrecognized]" file="tests\test_public_goal_visibility.py" line="260" time="0.156" /><testcase classname="tests.test_public_goal_visibility" name="test_exact_conformance_pack_read_hides_non_public_goal_record[owner-private]" file="tests\test_public_goal_visibility.py" line="260" time="0.143" /><testcase classname="tests.test_public_goal_visibility" name="test_exact_conformance_pack_read_hides_non_public_goal_record[owner-deleted]" file="tests\test_public_goal_visibility.py" line="260" time="0.132" /><testcase classname="tests.test_public_goal_visibility" name="test_exact_conformance_pack_read_hides_non_public_goal_record[owner-unrecognized]" file="tests\test_public_goal_visibility.py" line="260" time="0.135" /><testcase classname="tests.test_public_goal_visibility" name="test_unfiltered_conformance_pack_list_excludes_non_public_goal_records" file="tests\test_public_goal_visibility.py" line="297" time="0.142" /><testcase classname="tests.test_public_goal_visibility" name="test_public_conformance_pack_survives_newer_private_records_before_limit" file="tests\test_public_goal_visibility.py" line="310" time="4.413" /><testcase classname="tests.test_public_goal_visibility" name="test_cross_goal_common_nodes_excludes_non_public_goal_contributions" file="tests\test_public_goal_visibility.py" line="359" time="0.141" /><testcase classname="tests.test_public_goal_visibility" name="test_extension_branch_list_cannot_reveal_private_goal_association" file="tests\test_public_goal_visibility.py" line="393" time="0.138" /><testcase classname="tests.test_public_goal_visibility" name="test_unfiltered_branch_list_excludes_non_public_goal_records" file="tests\test_public_goal_visibility.py" line="424" time="0.188" /><testcase classname="tests.test_public_goal_visibility" name="test_exact_public_branch_redacts_non_public_goal_association" file="tests\test_public_goal_visibility.py" line="459" time="0.131" /><testcase classname="tests.test_public_goal_visibility" name="test_node_search_excludes_non_public_goal_contributions" file="tests\test_public_goal_visibility.py" line="475" time="0.159" /><testcase classname="tests.test_public_goal_visibility" name="test_branch_filtered_gate_claims_exclude_non_public_goal_records" file="tests\test_public_goal_visibility.py" line="516" time="0.147" /><testcase classname="tests.test_public_goal_visibility" name="test_public_gate_claim_survives_newer_private_claim_before_limit" file="tests\test_public_goal_visibility.py" line="547" time="0.146" /><testcase classname="tests.test_public_goal_visibility" name="test_exact_branch_public_claim_survives_private_claim_storage_limit" file="tests\test_public_goal_visibility.py" line="594" time="0.877" /><testcase classname="tests.test_public_goal_visibility" name="test_gate_event_reads_exclude_non_public_goal_records[anonymous]" file="tests\test_public_goal_visibility.py" line="640" time="0.189" /><testcase classname="tests.test_public_goal_visibility" name="test_gate_event_reads_exclude_non_public_goal_records[unrelated-reader]" file="tests\test_public_goal_visibility.py" line="640" time="0.180" /><testcase classname="tests.test_public_goal_visibility" name="test_gate_event_reads_exclude_non_public_goal_records[owner]" file="tests\test_public_goal_visibility.py" line="640" time="0.195" /><testcase classname="tests.test_public_goal_visibility" name="test_public_gate_event_survives_newer_private_record_before_limit" file="tests\test_public_goal_visibility.py" line="691" time="0.182" /><testcase classname="tests.test_public_goal_visibility" name="test_universe_goal_record_reads_exclude_non_public_subscriptions[list_subscriptions]" file="tests\test_public_goal_visibility.py" line="717" time="0.164" /><testcase classname="tests.test_public_goal_visibility" name="test_universe_goal_record_reads_exclude_non_public_subscriptions[daemon_overview]" file="tests\test_public_goal_visibility.py" line="717" time="0.187" /><testcase classname="tests.test_public_goal_visibility" name="test_universe_queue_excludes_non_public_goal_tasks" file="tests\test_public_goal_visibility.py" line="746" time="0.192" /><testcase classname="tests.test_public_goal_visibility" name="test_universe_ledger_excludes_non_public_goal_records" file="tests\test_public_goal_visibility.py" line="792" time="0.150" /><testcase classname="tests.test_public_goal_visibility" name="test_universe_ledger_rejects_global_ledger_alias[.]" file="tests\test_public_goal_visibility.py" line="833" time="0.137" /><testcase classname="tests.test_public_goal_visibility" name="test_universe_ledger_rejects_global_ledger_alias[./]" file="tests\test_public_goal_visibility.py" line="833" time="0.140" /><testcase classname="tests.test_public_goal_visibility" name="test_universe_ledger_rejects_global_ledger_alias[.\\]" file="tests\test_public_goal_visibility.py" line="833" time="0.139" /><testcase classname="tests.test_public_goal_visibility" name="test_universe_ledger_rejects_global_ledger_alias[u1/..]" file="tests\test_public_goal_visibility.py" line="833" time="0.145" /><testcase classname="tests.test_public_goal_visibility" name="test_exact_public_goal_remains_readable" file="tests\test_public_goal_visibility.py" line="861" time="0.169" /><testcase classname="tests.test_publish_version.TestComputeContentHash" name="test_deterministic_for_same_input" file="tests\test_publish_version.py" line="46" time="0.001" /><testcase classname="tests.test_publish_version.TestComputeContentHash" name="test_different_topology_gives_different_hash" file="tests\test_publish_version.py" line="52" time="0.001" /><testcase classname="tests.test_publish_version.TestComputeContentHash" name="test_metadata_change_does_not_affect_hash" file="tests\test_publish_version.py" line="61" time="0.001" /><testcase classname="tests.test_publish_version.TestComputeContentHash" name="test_hash_is_64_hex_chars" file="tests\test_publish_version.py" line="70" time="0.001" /><testcase classname="tests.test_publish_version.TestPublishBranchVersion" name="test_mints_new_branch_version_id" file="tests\test_publish_version.py" line="81" time="0.034" /><testcase classname="tests.test_publish_version.TestPublishBranchVersion" name="test_returns_branch_version_object" file="tests\test_publish_version.py" line="87" time="0.036" /><testcase classname="tests.test_publish_version.TestPublishBranchVersion" name="test_republishing_same_content_returns_same_id" file="tests\test_publish_version.py" line="95" time="0.043" /><testcase classname="tests.test_publish_version.TestPublishBranchVersion" name="test_different_topology_gives_different_version_id" file="tests\test_publish_version.py" line="102" time="0.044" /><testcase classname="tests.test_publish_version.TestPublishBranchVersion" name="test_stores_notes" file="tests\test_publish_version.py" line="110" time="0.033" /><testcase classname="tests.test_publish_version.TestPublishBranchVersion" name="test_missing_branch_def_id_raises" file="tests\test_publish_version.py" line="115" time="0.016" /><testcase classname="tests.test_publish_version.TestPublishBranchVersion" name="test_invalid_parent_version_id_raises" file="tests\test_publish_version.py" line="121" time="0.031" /><testcase classname="tests.test_publish_version.TestPublishBranchVersion" name="test_valid_parent_version_id_accepted" file="tests\test_publish_version.py" line="126" time="0.043" /><testcase classname="tests.test_publish_version.TestPublishBranchVersion" name="test_snapshot_contains_topology_fields" file="tests\test_publish_version.py" line="134" time="0.037" /><testcase classname="tests.test_publish_version.TestPublishBranchVersion" name="test_skill_change_gives_different_version_id" file="tests\test_publish_version.py" line="143" time="0.047" /><testcase classname="tests.test_publish_version.TestPublishBranchVersion" name="test_db_row_graph_shape_preserves_topology" file="tests\test_publish_version.py" line="155" time="0.042" /><testcase classname="tests.test_publish_version.TestPublishBranchVersion" name="test_snapshot_excludes_metadata_fields" file="tests\test_publish_version.py" line="177" time="0.032" /><testcase classname="tests.test_publish_version.TestGetBranchVersion" name="test_retrieves_published_version" file="tests\test_publish_version.py" line="188" time="0.040" /><testcase classname="tests.test_publish_version.TestGetBranchVersion" name="test_returns_none_for_missing_version" file="tests\test_publish_version.py" line="195" time="0.034" /><testcase classname="tests.test_publish_version.TestGetBranchVersion" name="test_round_trips_snapshot" file="tests\test_publish_version.py" line="200" time="0.040" /><testcase classname="tests.test_publish_version.TestListBranchVersions" name="test_lists_versions_for_branch" file="tests\test_publish_version.py" line="210" time="0.052" /><testcase classname="tests.test_publish_version.TestListBranchVersions" name="test_does_not_list_other_branches" file="tests\test_publish_version.py" line="219" time="0.051" /><testcase classname="tests.test_publish_version.TestListBranchVersions" name="test_returns_empty_for_unpublished_branch" file="tests\test_publish_version.py" line="227" time="0.032" /><testcase classname="tests.test_publish_version.TestListBranchVersions" name="test_limit_is_respected" file="tests\test_publish_version.py" line="232" time="0.077" /><testcase classname="tests.test_publish_version.TestBranchDefinitionForkFrom" name="test_fork_from_defaults_to_none" file="tests\test_publish_version.py" line="244" time="0.001" /><testcase classname="tests.test_publish_version.TestBranchDefinitionForkFrom" name="test_fork_from_in_to_dict" file="tests\test_publish_version.py" line="248" time="0.001" /><testcase classname="tests.test_publish_version.TestBranchDefinitionForkFrom" name="test_fork_from_roundtrips_via_from_dict" file="tests\test_publish_version.py" line="253" time="0.000" /><testcase classname="tests.test_publish_version.TestBranchDefinitionForkFrom" name="test_fork_from_none_roundtrips" file="tests\test_publish_version.py" line="259" time="0.000" /><testcase classname="tests.test_publish_version.TestPublishVersionMcpActions" name="test_publish_version_action" file="tests\test_publish_version.py" line="284" time="0.084" /><testcase classname="tests.test_publish_version.TestPublishVersionMcpActions" name="test_publish_version_missing_branch" file="tests\test_publish_version.py" line="293" time="0.053" /><testcase classname="tests.test_publish_version.TestPublishVersionMcpActions" name="test_get_branch_version_action" file="tests\test_publish_version.py" line="301" time="0.091" /><testcase classname="tests.test_publish_version.TestPublishVersionMcpActions" name="test_list_branch_versions_action" file="tests\test_publish_version.py" line="312" time="0.107" /><testcase classname="tests.test_publish_version.TestPublishVersionMcpActions" name="test_publish_version_is_idempotent" file="tests\test_publish_version.py" line="323" time="0.104" /><testcase classname="tests.test_publish_version.TestPublishVersionMcpActions" name="test_unknown_action_lists_version_actions" file="tests\test_publish_version.py" line="331" time="0.060" /><testcase classname="tests.test_pushover_page" name="test_first_alarm_always_pages" file="tests\test_pushover_page.py" line="36" time="0.001" /><testcase classname="tests.test_pushover_page" name="test_open_issue_no_markers_pages_as_catchup" file="tests\test_pushover_page.py" line="44" time="0.001" /><testcase classname="tests.test_pushover_page" name="test_within_1h_window_does_not_re_page" file="tests\test_pushover_page.py" line="54" time="0.001" /><testcase classname="tests.test_pushover_page" name="test_1h_escalation_fires" file="tests\test_pushover_page.py" line="66" time="0.001" /><testcase classname="tests.test_pushover_page" name="test_4h_escalation_fires_after_1h_marker" file="tests\test_pushover_page.py" line="77" time="0.000" /><testcase classname="tests.test_pushover_page" name="test_24h_escalation_fires_after_4h_marker" file="tests\test_pushover_page.py" line="90" time="0.001" /><testcase classname="tests.test_pushover_page" name="test_beyond_24h_rung_caps_at_24h_window" file="tests\test_pushover_page.py" line="103" time="0.001" /><testcase classname="tests.test_pushover_page" name="test_host_comment_between_pages_suppresses_re_page" file="tests\test_pushover_page.py" line="124" time="0.000" /><testcase classname="tests.test_pushover_page" name="test_bot_comment_does_not_count_as_host_ack" file="tests\test_pushover_page.py" line="137" time="0.000" /><testcase classname="tests.test_pushover_page" name="test_paged_marker_comments_are_not_host_ack_even_if_human_authored" file="tests\test_pushover_page.py" line="150" time="0.001" /><testcase classname="tests.test_pushover_page" name="test_send_pushover_missing_creds_returns_error" file="tests\test_pushover_page.py" line="169" time="0.001" /><testcase classname="tests.test_pushover_page" name="test_send_pushover_success_passes_params" file="tests\test_pushover_page.py" line="177" time="0.001" /><testcase classname="tests.test_pushover_page" name="test_send_pushover_network_error_returns_friendly" file="tests\test_pushover_page.py" line="210" time="0.001" /><testcase classname="tests.test_pushover_page" name="test_main_dry_run_decides_without_posting" file="tests\test_pushover_page.py" line="225" time="0.012" /><testcase classname="tests.test_pushover_page" name="test_main_skips_when_within_window" file="tests\test_pushover_page.py" line="245" time="0.025" /><testcase classname="tests.test_pushover_page" name="test_main_rejects_non_list_comments_json" file="tests\test_pushover_page.py" line="266" time="0.012" /><testcase classname="tests.test_pushover_page" name="test_parse_iso_handles_z_suffix" file="tests\test_pushover_page.py" line="282" time="0.001" /><testcase classname="tests.test_pushover_page" name="test_parse_iso_returns_none_on_junk" file="tests\test_pushover_page.py" line="288" time="0.000" /><testcase classname="tests.test_pushover_page" name="test_priority_2_requires_retry_and_expire" file="tests\test_pushover_page.py" line="316" time="0.000" /><testcase classname="tests.test_pushover_page" name="test_priority_2_with_both_params_sends_retry_and_expire" file="tests\test_pushover_page.py" line="331" time="0.001" /><testcase classname="tests.test_pushover_page" name="test_priority_2_missing_only_retry_fails" file="tests\test_pushover_page.py" line="348" time="0.000" /><testcase classname="tests.test_pushover_page" name="test_priority_2_missing_only_expire_fails" file="tests\test_pushover_page.py" line="358" time="0.000" /><testcase classname="tests.test_pushover_page" name="test_priority_1_does_not_require_retry_or_expire" file="tests\test_pushover_page.py" line="368" time="0.001" /><testcase classname="tests.test_pushover_page" name="test_priority_1_ignores_retry_and_expire_if_passed" file="tests\test_pushover_page.py" line="384" time="0.001" /><testcase classname="tests.test_pushover_page" name="test_p0_constants_satisfy_pushover_api_bounds" file="tests\test_pushover_page.py" line="403" time="0.000" /><testcase classname="tests.test_quality_leaderboard" name="test_empty_goal_returns_empty_entries" file="tests\test_quality_leaderboard.py" line="256" time="0.087" /><testcase classname="tests.test_quality_leaderboard" name="test_recommend_parent_when_no_entries" file="tests\test_quality_leaderboard.py" line="276" time="0.086" /><testcase classname="tests.test_quality_leaderboard" name="test_single_branch_ranks_first" file="tests\test_quality_leaderboard.py" line="296" time="0.116" /><testcase classname="tests.test_quality_leaderboard" name="test_completed_run_with_iso_finished_at_does_not_crash" file="tests\test_quality_leaderboard.py" line="313" time="0.162" /><testcase classname="tests.test_quality_leaderboard" name="test_mixed_finished_at_storage_uses_latest_normalized_timestamp" file="tests\test_quality_leaderboard.py" line="339" time="0.188" /><testcase classname="tests.test_quality_leaderboard" name="test_mock_selector_ranking_by_judgment_avg" file="tests\test_quality_leaderboard.py" line="376" time="0.219" /><testcase classname="tests.test_quality_leaderboard" name="test_substrate_passes_signal_bundle_to_selector" file="tests\test_quality_leaderboard.py" line="403" time="0.148" /><testcase classname="tests.test_quality_leaderboard" name="test_other_numeric_tags_bucketed_separately" file="tests\test_quality_leaderboard.py" line="463" time="0.145" /><testcase classname="tests.test_quality_leaderboard" name="test_non_numeric_tags_ignored" file="tests\test_quality_leaderboard.py" line="506" time="0.175" /><testcase classname="tests.test_quality_leaderboard" name="test_fork_count_signal_present" file="tests\test_quality_leaderboard.py" line="545" time="0.190" /><testcase classname="tests.test_quality_leaderboard" name="test_safe_to_publish_signal_from_branch_stats" file="tests\test_quality_leaderboard.py" line="592" time="0.163" /><testcase classname="tests.test_quality_leaderboard" name="test_gate_rung_signal_populates_when_claim_present" file="tests\test_quality_leaderboard.py" line="630" time="0.161" /><testcase classname="tests.test_quality_leaderboard" name="test_selector_invalid_output_surfaces_structured_error" file="tests\test_quality_leaderboard.py" line="684" time="0.153" /><testcase classname="tests.test_quality_leaderboard" name="test_selector_timeout_surfaces_structured_error" file="tests\test_quality_leaderboard.py" line="707" time="0.123" /><testcase classname="tests.test_quality_leaderboard" name="test_selector_run_failed_surfaces_structured_error" file="tests\test_quality_leaderboard.py" line="729" time="0.126" /><testcase classname="tests.test_quality_leaderboard" name="test_substrate_filters_duplicate_entries_from_selector_output" file="tests\test_quality_leaderboard.py" line="755" time="0.131" /><testcase classname="tests.test_quality_leaderboard" name="test_substrate_drops_phantom_branch_def_ids_from_selector" file="tests\test_quality_leaderboard.py" line="782" time="0.124" /><testcase classname="tests.test_quality_leaderboard" name="test_substrate_phantom_filter_does_not_leave_rank_gaps" file="tests\test_quality_leaderboard.py" line="817" time="0.143" /><testcase classname="tests.test_quality_leaderboard" name="test_substrate_logs_phantom_attempts" file="tests\test_quality_leaderboard.py" line="844" time="0.131" /><testcase classname="tests.test_quality_leaderboard" name="test_substrate_ignores_selector_emitted_branch_version_id" file="tests\test_quality_leaderboard.py" line="880" time="0.126" /><testcase classname="tests.test_quality_leaderboard" name="test_substrate_logs_selector_bvid_spoof_attempt" file="tests\test_quality_leaderboard.py" line="922" time="0.126" /><testcase classname="tests.test_quality_leaderboard" name="test_substrate_accepts_selector_matching_authoritative_bvid" file="tests\test_quality_leaderboard.py" line="956" time="0.155" /><testcase classname="tests.test_quality_leaderboard" name="test_substrate_assigns_rank_1_to_first_entry" file="tests\test_quality_leaderboard.py" line="1005" time="0.171" /><testcase classname="tests.test_quality_leaderboard" name="test_recommend_parent_returns_top_with_selector_rationale" file="tests\test_quality_leaderboard.py" line="1033" time="0.147" /><testcase classname="tests.test_quality_leaderboard" name="test_realistic_goal_with_eighteen_entries_under_mock_selector" file="tests\test_quality_leaderboard.py" line="1063" time="0.429" /><testcase classname="tests.test_quality_leaderboard" name="test_goal_binding_takes_precedence_over_default" file="tests\test_quality_leaderboard.py" line="1106" time="0.190" /><testcase classname="tests.test_quality_leaderboard_auth_boundary" name="test_default_caller_sees_only_public_and_owned_rows" file="tests\test_quality_leaderboard_auth_boundary.py" line="235" time="0.243" /><testcase classname="tests.test_quality_leaderboard_auth_boundary" name="test_caller_supplied_author_kwarg_does_not_grant_alices_visibility" file="tests\test_quality_leaderboard_auth_boundary.py" line="248" time="0.245" /><testcase classname="tests.test_quality_leaderboard_auth_boundary" name="test_caller_supplied_force_does_not_grant_all_private_rows" file="tests\test_quality_leaderboard_auth_boundary.py" line="264" time="0.236" /><testcase classname="tests.test_quality_leaderboard_auth_boundary" name="test_caller_supplied_force_and_author_combined_is_still_filtered" file="tests\test_quality_leaderboard_auth_boundary.py" line="277" time="0.248" /><testcase classname="tests.test_quality_leaderboard_auth_boundary" name="test_owner_sees_own_private_rows" file="tests\test_quality_leaderboard_auth_boundary.py" line="291" time="0.342" /><testcase classname="tests.test_quality_leaderboard_auth_boundary" name="test_recommended_parent_for_fork_inherits_same_visibility" file="tests\test_quality_leaderboard_auth_boundary.py" line="312" time="0.390" /><testcase classname="tests.test_quality_leaderboard_auth_boundary" name="test_fork_count_excludes_private_forks_for_third_party_viewer" file="tests\test_quality_leaderboard_auth_boundary.py" line="332" time="0.464" /><testcase classname="tests.test_quality_leaderboard_auth_boundary" name="test_fork_count_includes_owned_private_forks_for_owner" file="tests\test_quality_leaderboard_auth_boundary.py" line="349" time="0.332" /><testcase classname="tests.test_quality_leaderboard_auth_boundary" name="test_fork_count_unit_at_storage_layer_respects_viewer" file="tests\test_quality_leaderboard_auth_boundary.py" line="368" time="0.092" /><testcase classname="tests.test_quality_leaderboard_auth_boundary" name="test_build_quality_leaderboard_signature_has_no_include_private" file="tests\test_quality_leaderboard_auth_boundary.py" line="437" time="0.001" /><testcase classname="tests.test_quality_leaderboard_auth_boundary" name="test_recommend_parent_for_fork_signature_has_no_include_private" file="tests\test_quality_leaderboard_auth_boundary.py" line="452" time="0.001" /><testcase classname="tests.test_quality_leaderboard_auth_boundary" name="test_anonymous_actor_falls_back_to_strictly_public" file="tests\test_quality_leaderboard_auth_boundary.py" line="466" time="0.288" /><testcase classname="tests.test_quality_leaderboard_auth_boundary" name="test_visibility_filter_holds_even_with_signal_rich_branches" file="tests\test_quality_leaderboard_auth_boundary.py" line="492" time="0.236" /><testcase classname="tests.test_query_runs.TestQueryRunsFilter" name="test_no_filter_returns_all" file="tests\test_query_runs.py" line="50" time="0.062" /><testcase classname="tests.test_query_runs.TestQueryRunsFilter" name="test_filter_by_status" file="tests\test_query_runs.py" line="56" time="0.057" /><testcase classname="tests.test_query_runs.TestQueryRunsFilter" name="test_filter_by_actor" file="tests\test_query_runs.py" line="63" time="0.058" /><testcase classname="tests.test_query_runs.TestQueryRunsFilter" name="test_filter_by_branch_def_id" file="tests\test_query_runs.py" line="70" time="0.075" /><testcase classname="tests.test_query_runs.TestQueryRunsFilter" name="test_empty_db_returns_empty" file="tests\test_query_runs.py" line="77" time="0.034" /><testcase classname="tests.test_query_runs.TestQueryRunsSelect" name="test_select_extracts_named_fields" file="tests\test_query_runs.py" line="85" time="0.043" /><testcase classname="tests.test_query_runs.TestQueryRunsSelect" name="test_select_missing_field_is_none" file="tests\test_query_runs.py" line="93" time="0.045" /><testcase classname="tests.test_query_runs.TestQueryRunsSelect" name="test_no_select_omits_fields_key" file="tests\test_query_runs.py" line="99" time="0.043" /><testcase classname="tests.test_query_runs.TestQueryRunsAggregate" name="test_count_aggregates_by_status" file="tests\test_query_runs.py" line="106" time="0.066" /><testcase classname="tests.test_query_runs.TestQueryRunsAggregate" name="test_sum_aggregates_output_field" file="tests\test_query_runs.py" line="119" time="0.058" /><testcase classname="tests.test_query_runs.TestQueryRunsAggregate" name="test_mean_aggregates_output_field" file="tests\test_query_runs.py" line="129" time="0.054" /><testcase classname="tests.test_query_runs.TestQueryRunsAggregate" name="test_rate_returns_fraction" file="tests\test_query_runs.py" line="139" time="0.067" /><testcase classname="tests.test_query_runs.TestQueryRunsLimit" name="test_default_limit_applied" file="tests\test_query_runs.py" line="154" time="0.091" /><testcase classname="tests.test_query_runs.TestQueryRunsLimit" name="test_limit_capped_at_1000" file="tests\test_query_runs.py" line="161" time="0.090" /><testcase classname="tests.test_query_runs.TestMcpQueryRunsAction" name="test_action_returns_rows_shape" file="tests\test_query_runs.py" line="172" time="0.049" /><testcase classname="tests.test_query_runs.TestMcpQueryRunsAction" name="test_action_invalid_filters_json" file="tests\test_query_runs.py" line="181" time="0.010" /><testcase classname="tests.test_query_runs.TestMcpQueryRunsAction" name="test_action_invalid_aggregate_fn" file="tests\test_query_runs.py" line="188" time="0.010" /><testcase classname="tests.test_query_runs.TestMcpQueryRunsAction" name="test_action_with_select_string" file="tests\test_query_runs.py" line="199" time="0.046" /><testcase classname="tests.test_query_runs.TestMcpQueryRunsAction" name="test_extensions_routes_query_runs" file="tests\test_query_runs.py" line="209" time="0.048" /><testcase classname="tests.test_query_runs.TestMcpQueryRunsAction" name="test_unknown_action_lists_query_runs" file="tests\test_query_runs.py" line="216" time="0.010" /><testcase classname="tests.test_queue_cancel_cooperative" name="test_branch_task_defaults_cancel_requested_false" file="tests\test_queue_cancel_cooperative.py" line="53" time="0.001" /><testcase classname="tests.test_queue_cancel_cooperative" name="test_branch_task_round_trip_preserves_cancel_flag" file="tests\test_queue_cancel_cooperative.py" line="63" time="0.001" /><testcase classname="tests.test_queue_cancel_cooperative" name="test_branch_task_from_dict_missing_field_defaults_false" file="tests\test_queue_cancel_cooperative.py" line="77" time="0.000" /><testcase classname="tests.test_queue_cancel_cooperative" name="test_request_task_cancel_sets_flag_on_pending" file="tests\test_queue_cancel_cooperative.py" line="95" time="0.031" /><testcase classname="tests.test_queue_cancel_cooperative" name="test_request_task_cancel_sets_flag_on_running" file="tests\test_queue_cancel_cooperative.py" line="105" time="0.040" /><testcase classname="tests.test_queue_cancel_cooperative" name="test_request_task_cancel_noop_on_terminal" file="tests\test_queue_cancel_cooperative.py" line="115" time="0.040" /><testcase classname="tests.test_queue_cancel_cooperative" name="test_request_task_cancel_missing_task_returns_false" file="tests\test_queue_cancel_cooperative.py" line="131" time="0.022" /><testcase classname="tests.test_queue_cancel_cooperative" name="test_request_task_cancel_missing_queue_returns_false" file="tests\test_queue_cancel_cooperative.py" line="137" time="0.011" /><testcase classname="tests.test_queue_cancel_cooperative" name="test_request_task_cancel_is_idempotent" file="tests\test_queue_cancel_cooperative.py" line="145" time="0.031" /><testcase classname="tests.test_queue_cancel_cooperative" name="test_is_task_cancel_requested_default_false" file="tests\test_queue_cancel_cooperative.py" line="157" time="0.020" /><testcase classname="tests.test_queue_cancel_cooperative" name="test_is_task_cancel_requested_true_after_request" file="tests\test_queue_cancel_cooperative.py" line="163" time="0.030" /><testcase classname="tests.test_queue_cancel_cooperative" name="test_is_task_cancel_requested_missing_task_returns_false" file="tests\test_queue_cancel_cooperative.py" line="170" time="0.020" /><testcase classname="tests.test_queue_cancel_cooperative" name="test_is_task_cancel_requested_missing_queue_returns_false" file="tests\test_queue_cancel_cooperative.py" line="176" time="0.011" /><testcase classname="tests.test_queue_cancel_cooperative" name="test_is_task_cancel_requested_does_not_mutate_queue" file="tests\test_queue_cancel_cooperative.py" line="183" time="0.024" /><testcase classname="tests.test_queue_cancel_cooperative" name="test_request_then_is_requested_roundtrip_for_claimed_task" file="tests\test_queue_cancel_cooperative.py" line="197" time="0.050" /><testcase classname="tests.test_read_graph_branch" name="test_new_target_preserves_canonical_handle_set" file="tests\test_read_graph_branch.py" line="56" time="0.085" /><testcase classname="tests.test_read_graph_branch" name="test_read_graph_branch_routes_to_get_branch" file="tests\test_read_graph_branch.py" line="62" time="0.135" /><testcase classname="tests.test_read_graph_branch" name="test_read_graph_branch_in_allowed_targets" file="tests\test_read_graph_branch.py" line="70" time="0.081" /><testcase classname="tests.test_read_graph_branch" name="test_read_graph_branch_returns_node_configs" file="tests\test_read_graph_branch.py" line="77" time="0.139"><failure message="KeyError: 'branch_def_id'">server_env = &lt;module 'tinyassets.universe_server' from 'C:\\Users\\Jonathan\\Projects\\wf-required-test-gate\\tinyassets\\universe_server.py'&gt;

    def test_read_graph_branch_returns_node_configs(server_env):
        """The whole point: reading a branch surfaces editable node configs."""
        us = server_env
        built = json.loads(us.extensions(action="build_branch", spec_json=json.dumps(_BASIC_SPEC)))
&gt;       bid = built["branch_def_id"]
              ^^^^^^^^^^^^^^^^^^^^^^
E       KeyError: 'branch_def_id'

tests\test_read_graph_branch.py:82: KeyError</failure></testcase><testcase classname="tests.test_read_graph_branch" name="test_read_graph_branch_falls_back_to_graph_id" file="tests\test_read_graph_branch.py" line="92" time="0.128"><failure message="KeyError: 'branch_def_id'">server_env = &lt;module 'tinyassets.universe_server' from 'C:\\Users\\Jonathan\\Projects\\wf-required-test-gate\\tinyassets\\universe_server.py'&gt;

    def test_read_graph_branch_falls_back_to_graph_id(server_env):
        """branch_id omitted -&gt; graph_id is used (lenient, matches target=run)."""
        us = server_env
        built = json.loads(us.extensions(action="build_branch", spec_json=json.dumps(_BASIC_SPEC)))
&gt;       bid = built["branch_def_id"]
              ^^^^^^^^^^^^^^^^^^^^^^
E       KeyError: 'branch_def_id'

tests\test_read_graph_branch.py:97: KeyError</failure></testcase><testcase classname="tests.test_read_graph_branch" name="test_public_branch_is_commons_readable_cross_user" file="tests\test_read_graph_branch.py" line="107" time="0.141"><failure message="KeyError: 'branch_def_id'">server_env = &lt;module 'tinyassets.universe_server' from 'C:\\Users\\Jonathan\\Projects\\wf-required-test-gate\\tinyassets\\universe_server.py'&gt;
monkeypatch = &lt;_pytest.monkeypatch.MonkeyPatch object at 0x0000018DA3765710&gt;

    def test_public_branch_is_commons_readable_cross_user(server_env, monkeypatch):
        """A PUBLIC branch is readable by a different user (commons / remix model)."""
        us = server_env
        built = json.loads(us.extensions(action="build_branch", spec_json=json.dumps(_BASIC_SPEC)))
&gt;       bid = built["branch_def_id"]
              ^^^^^^^^^^^^^^^^^^^^^^
E       KeyError: 'branch_def_id'

tests\test_read_graph_branch.py:112: KeyError</failure></testcase><testcase classname="tests.test_read_graph_branch" name="test_private_branch_hidden_from_non_author" file="tests\test_read_graph_branch.py" line="120" time="0.126"><failure message="KeyError: 'branch_def_id'">server_env = &lt;module 'tinyassets.universe_server' from 'C:\\Users\\Jonathan\\Projects\\wf-required-test-gate\\tinyassets\\universe_server.py'&gt;
monkeypatch = &lt;_pytest.monkeypatch.MonkeyPatch object at 0x0000018DB724C360&gt;

    def test_private_branch_hidden_from_non_author(server_env, monkeypatch):
        """A PRIVATE branch is author-gated: the author reads it, a stranger gets
        the same not-found envelope (existence is not leaked)."""
        us = server_env
        built = json.loads(us.extensions(action="build_branch", spec_json=json.dumps(_BASIC_SPEC)))
&gt;       bid = built["branch_def_id"]
              ^^^^^^^^^^^^^^^^^^^^^^
E       KeyError: 'branch_def_id'

tests\test_read_graph_branch.py:126: KeyError</failure></testcase><testcase classname="tests.test_rebuild_sporemarch_kg" name="test_discover_scenes_orders_by_book_chapter_scene" file="tests\test_rebuild_sporemarch_kg.py" line="56" time="0.016" /><testcase classname="tests.test_rebuild_sporemarch_kg" name="test_scene_id_format" file="tests\test_rebuild_sporemarch_kg.py" line="67" time="0.014" /><testcase classname="tests.test_rebuild_sporemarch_kg" name="test_dry_run_does_not_write_kg" file="tests\test_rebuild_sporemarch_kg.py" line="73" time="0.038" /><testcase classname="tests.test_rebuild_sporemarch_kg" name="test_rebuild_writes_to_knowledge_db" file="tests\test_rebuild_sporemarch_kg.py" line="81" time="0.056" /><testcase classname="tests.test_rebuild_sporemarch_kg" name="test_rebuild_is_idempotent" file="tests\test_rebuild_sporemarch_kg.py" line="137" time="0.048" /><testcase classname="tests.test_rebuild_sporemarch_kg" name="test_empty_scene_file_counts_as_failure" file="tests\test_rebuild_sporemarch_kg.py" line="162" time="0.047" /><testcase classname="tests.test_rebuild_sporemarch_kg" name="test_missing_output_dir_raises" file="tests\test_rebuild_sporemarch_kg.py" line="176" time="0.011" /><testcase classname="tests.test_related_wiki_pages" name="test_get_branch_returns_related_wiki_pages" file="tests\test_related_wiki_pages.py" line="65" time="0.124"><failure message="KeyError: 'branch_def_id'">branch_wiki_env = (&lt;module 'tinyassets.universe_server' from 'C:\\Users\\Jonathan\\Projects\\wf-required-test-gate\\tinyassets\\universe...indowsPath('C:/Users/Jonathan/AppData/Local/Temp/pytest-of-Jonathan/pytest-7404/test_get_branch_returns_relate0/wiki'))

    def test_get_branch_returns_related_wiki_pages(branch_wiki_env):
        us, _, wiki = branch_wiki_env
&gt;       bid = _mk_branch(us)
              ^^^^^^^^^^^^^^

tests\test_related_wiki_pages.py:68: 
_ _ _ _ _ _ _ _ _ _ _ _ _ _ _ _ _ _ _ _ _ _ _ _ _ _ _ _ _ _ _ _ _ _ _ _ _ _ _ _

us = &lt;module 'tinyassets.universe_server' from 'C:\\Users\\Jonathan\\Projects\\wf-required-test-gate\\tinyassets\\universe_server.py'&gt;
name = 'Demo', node_ids = ('alpha', 'beta')

    def _mk_branch(us, name="Demo", node_ids=("alpha", "beta")) -&gt; str:
&gt;       bid = _call(us, "create_branch", name=name)["branch_def_id"]
              ^^^^^^^^^^^^^^^^^^^^^^^^^^^^^^^^^^^^^^^^^^^^^^^^^^^^^^
E       KeyError: 'branch_def_id'

tests\test_related_wiki_pages.py:59: KeyError</failure></testcase><testcase classname="tests.test_related_wiki_pages" name="test_describe_branch_returns_related_wiki_pages" file="tests\test_related_wiki_pages.py" line="84" time="0.127"><failure message="KeyError: 'branch_def_id'">branch_wiki_env = (&lt;module 'tinyassets.universe_server' from 'C:\\Users\\Jonathan\\Projects\\wf-required-test-gate\\tinyassets\\universe...indowsPath('C:/Users/Jonathan/AppData/Local/Temp/pytest-of-Jonathan/pytest-7404/test_describe_branch_returns_r0/wiki'))

    def test_describe_branch_returns_related_wiki_pages(branch_wiki_env):
        us, _, wiki = branch_wiki_env
&gt;       bid = _mk_branch(us)
              ^^^^^^^^^^^^^^

tests\test_related_wiki_pages.py:87: 
_ _ _ _ _ _ _ _ _ _ _ _ _ _ _ _ _ _ _ _ _ _ _ _ _ _ _ _ _ _ _ _ _ _ _ _ _ _ _ _

us = &lt;module 'tinyassets.universe_server' from 'C:\\Users\\Jonathan\\Projects\\wf-required-test-gate\\tinyassets\\universe_server.py'&gt;
name = 'Demo', node_ids = ('alpha', 'beta')

    def _mk_branch(us, name="Demo", node_ids=("alpha", "beta")) -&gt; str:
&gt;       bid = _call(us, "create_branch", name=name)["branch_def_id"]
              ^^^^^^^^^^^^^^^^^^^^^^^^^^^^^^^^^^^^^^^^^^^^^^^^^^^^^^
E       KeyError: 'branch_def_id'

tests\test_related_wiki_pages.py:59: KeyError</failure></testcase><testcase classname="tests.test_related_wiki_pages" name="test_no_matches_returns_empty_list_not_missing_key" file="tests\test_related_wiki_pages.py" line="103" time="0.119"><failure message="KeyError: 'branch_def_id'">branch_wiki_env = (&lt;module 'tinyassets.universe_server' from 'C:\\Users\\Jonathan\\Projects\\wf-required-test-gate\\tinyassets\\universe...indowsPath('C:/Users/Jonathan/AppData/Local/Temp/pytest-of-Jonathan/pytest-7404/test_no_matches_returns_empty_1/wiki'))

    def test_no_matches_returns_empty_list_not_missing_key(branch_wiki_env):
        us, _, wiki = branch_wiki_env
&gt;       bid = _mk_branch(us)
              ^^^^^^^^^^^^^^

tests\test_related_wiki_pages.py:106: 
_ _ _ _ _ _ _ _ _ _ _ _ _ _ _ _ _ _ _ _ _ _ _ _ _ _ _ _ _ _ _ _ _ _ _ _ _ _ _ _

us = &lt;module 'tinyassets.universe_server' from 'C:\\Users\\Jonathan\\Projects\\wf-required-test-gate\\tinyassets\\universe_server.py'&gt;
name = 'Demo', node_ids = ('alpha', 'beta')

    def _mk_branch(us, name="Demo", node_ids=("alpha", "beta")) -&gt; str:
&gt;       bid = _call(us, "create_branch", name=name)["branch_def_id"]
              ^^^^^^^^^^^^^^^^^^^^^^^^^^^^^^^^^^^^^^^^^^^^^^^^^^^^^^
E       KeyError: 'branch_def_id'

tests\test_related_wiki_pages.py:59: KeyError</failure></testcase><testcase classname="tests.test_related_wiki_pages" name="test_summary_is_clipped_to_140_chars" file="tests\test_related_wiki_pages.py" line="122" time="0.121"><failure message="KeyError: 'branch_def_id'">branch_wiki_env = (&lt;module 'tinyassets.universe_server' from 'C:\\Users\\Jonathan\\Projects\\wf-required-test-gate\\tinyassets\\universe...indowsPath('C:/Users/Jonathan/AppData/Local/Temp/pytest-of-Jonathan/pytest-7404/test_summary_is_clipped_to_1400/wiki'))

    def test_summary_is_clipped_to_140_chars(branch_wiki_env):
        us, _, wiki = branch_wiki_env
&gt;       bid = _mk_branch(us, node_ids=("alpha",))
              ^^^^^^^^^^^^^^^^^^^^^^^^^^^^^^^^^^^

tests\test_related_wiki_pages.py:125: 
_ _ _ _ _ _ _ _ _ _ _ _ _ _ _ _ _ _ _ _ _ _ _ _ _ _ _ _ _ _ _ _ _ _ _ _ _ _ _ _

us = &lt;module 'tinyassets.universe_server' from 'C:\\Users\\Jonathan\\Projects\\wf-required-test-gate\\tinyassets\\universe_server.py'&gt;
name = 'Demo', node_ids = ('alpha',)

    def _mk_branch(us, name="Demo", node_ids=("alpha", "beta")) -&gt; str:
&gt;       bid = _call(us, "create_branch", name=name)["branch_def_id"]
              ^^^^^^^^^^^^^^^^^^^^^^^^^^^^^^^^^^^^^^^^^^^^^^^^^^^^^^
E       KeyError: 'branch_def_id'

tests\test_related_wiki_pages.py:59: KeyError</failure></testcase><testcase classname="tests.test_related_wiki_pages" name="test_top_20_cap_with_truncated_count" file="tests\test_related_wiki_pages.py" line="148" time="0.125"><failure message="KeyError: 'branch_def_id'">branch_wiki_env = (&lt;module 'tinyassets.universe_server' from 'C:\\Users\\Jonathan\\Projects\\wf-required-test-gate\\tinyassets\\universe...indowsPath('C:/Users/Jonathan/AppData/Local/Temp/pytest-of-Jonathan/pytest-7404/test_top_20_cap_with_truncated0/wiki'))

    def test_top_20_cap_with_truncated_count(branch_wiki_env):
        us, _, wiki = branch_wiki_env
&gt;       bid = _mk_branch(us, node_ids=("alpha",))
              ^^^^^^^^^^^^^^^^^^^^^^^^^^^^^^^^^^^

tests\test_related_wiki_pages.py:151: 
_ _ _ _ _ _ _ _ _ _ _ _ _ _ _ _ _ _ _ _ _ _ _ _ _ _ _ _ _ _ _ _ _ _ _ _ _ _ _ _

us = &lt;module 'tinyassets.universe_server' from 'C:\\Users\\Jonathan\\Projects\\wf-required-test-gate\\tinyassets\\universe_server.py'&gt;
name = 'Demo', node_ids = ('alpha',)

    def _mk_branch(us, name="Demo", node_ids=("alpha", "beta")) -&gt; str:
&gt;       bid = _call(us, "create_branch", name=name)["branch_def_id"]
              ^^^^^^^^^^^^^^^^^^^^^^^^^^^^^^^^^^^^^^^^^^^^^^^^^^^^^^
E       KeyError: 'branch_def_id'

tests\test_related_wiki_pages.py:59: KeyError</failure></testcase><testcase classname="tests.test_related_wiki_pages" name="test_matched_via_reflects_term_hits" file="tests\test_related_wiki_pages.py" line="164" time="0.124"><failure message="KeyError: 'branch_def_id'">branch_wiki_env = (&lt;module 'tinyassets.universe_server' from 'C:\\Users\\Jonathan\\Projects\\wf-required-test-gate\\tinyassets\\universe...indowsPath('C:/Users/Jonathan/AppData/Local/Temp/pytest-of-Jonathan/pytest-7404/test_matched_via_reflects_term0/wiki'))

    def test_matched_via_reflects_term_hits(branch_wiki_env):
        us, _, wiki = branch_wiki_env
&gt;       bid = _mk_branch(us, node_ids=("alpha", "beta"))
              ^^^^^^^^^^^^^^^^^^^^^^^^^^^^^^^^^^^^^^^^^^

tests\test_related_wiki_pages.py:167: 
_ _ _ _ _ _ _ _ _ _ _ _ _ _ _ _ _ _ _ _ _ _ _ _ _ _ _ _ _ _ _ _ _ _ _ _ _ _ _ _

us = &lt;module 'tinyassets.universe_server' from 'C:\\Users\\Jonathan\\Projects\\wf-required-test-gate\\tinyassets\\universe_server.py'&gt;
name = 'Demo', node_ids = ('alpha', 'beta')

    def _mk_branch(us, name="Demo", node_ids=("alpha", "beta")) -&gt; str:
&gt;       bid = _call(us, "create_branch", name=name)["branch_def_id"]
              ^^^^^^^^^^^^^^^^^^^^^^^^^^^^^^^^^^^^^^^^^^^^^^^^^^^^^^
E       KeyError: 'branch_def_id'

tests\test_related_wiki_pages.py:59: KeyError</failure></testcase><testcase classname="tests.test_related_wiki_pages" name="test_drafts_are_included" file="tests\test_related_wiki_pages.py" line="203" time="0.124"><failure message="KeyError: 'branch_def_id'">branch_wiki_env = (&lt;module 'tinyassets.universe_server' from 'C:\\Users\\Jonathan\\Projects\\wf-required-test-gate\\tinyassets\\universe...e'), WindowsPath('C:/Users/Jonathan/AppData/Local/Temp/pytest-of-Jonathan/pytest-7404/test_drafts_are_included0/wiki'))

    def test_drafts_are_included(branch_wiki_env):
        us, _, wiki = branch_wiki_env
&gt;       bid = _mk_branch(us, node_ids=("alpha",))
              ^^^^^^^^^^^^^^^^^^^^^^^^^^^^^^^^^^^

tests\test_related_wiki_pages.py:206: 
_ _ _ _ _ _ _ _ _ _ _ _ _ _ _ _ _ _ _ _ _ _ _ _ _ _ _ _ _ _ _ _ _ _ _ _ _ _ _ _

us = &lt;module 'tinyassets.universe_server' from 'C:\\Users\\Jonathan\\Projects\\wf-required-test-gate\\tinyassets\\universe_server.py'&gt;
name = 'Demo', node_ids = ('alpha',)

    def _mk_branch(us, name="Demo", node_ids=("alpha", "beta")) -&gt; str:
&gt;       bid = _call(us, "create_branch", name=name)["branch_def_id"]
              ^^^^^^^^^^^^^^^^^^^^^^^^^^^^^^^^^^^^^^^^^^^^^^^^^^^^^^
E       KeyError: 'branch_def_id'

tests\test_related_wiki_pages.py:59: KeyError</failure></testcase><testcase classname="tests.test_related_wiki_pages" name="test_summary_falls_back_to_frontmatter_description" file="tests\test_related_wiki_pages.py" line="218" time="0.122"><failure message="KeyError: 'branch_def_id'">branch_wiki_env = (&lt;module 'tinyassets.universe_server' from 'C:\\Users\\Jonathan\\Projects\\wf-required-test-gate\\tinyassets\\universe...indowsPath('C:/Users/Jonathan/AppData/Local/Temp/pytest-of-Jonathan/pytest-7404/test_summary_falls_back_to_fro0/wiki'))
tmp_path = WindowsPath('C:/Users/Jonathan/AppData/Local/Temp/pytest-of-Jonathan/pytest-7404/test_summary_falls_back_to_fro0')

    def test_summary_falls_back_to_frontmatter_description(branch_wiki_env, tmp_path):
        us, _, wiki = branch_wiki_env
&gt;       bid = _mk_branch(us, node_ids=("alpha",))
              ^^^^^^^^^^^^^^^^^^^^^^^^^^^^^^^^^^^

tests\test_related_wiki_pages.py:221: 
_ _ _ _ _ _ _ _ _ _ _ _ _ _ _ _ _ _ _ _ _ _ _ _ _ _ _ _ _ _ _ _ _ _ _ _ _ _ _ _

us = &lt;module 'tinyassets.universe_server' from 'C:\\Users\\Jonathan\\Projects\\wf-required-test-gate\\tinyassets\\universe_server.py'&gt;
name = 'Demo', node_ids = ('alpha',)

    def _mk_branch(us, name="Demo", node_ids=("alpha", "beta")) -&gt; str:
&gt;       bid = _call(us, "create_branch", name=name)["branch_def_id"]
              ^^^^^^^^^^^^^^^^^^^^^^^^^^^^^^^^^^^^^^^^^^^^^^^^^^^^^^
E       KeyError: 'branch_def_id'

tests\test_related_wiki_pages.py:59: KeyError</failure></testcase><testcase classname="tests.test_related_wiki_visibility" name="test_hidden_matches_are_filtered_before_match_sort_cap_and_count" file="tests\test_related_wiki_visibility.py" line="50" time="0.367" /><testcase classname="tests.test_related_wiki_visibility" name="test_all_hidden_matches_return_stable_empty_projection" file="tests\test_related_wiki_visibility.py" line="80" time="0.025" /><testcase classname="tests.test_related_wiki_visibility" name="test_public_related_page_keeps_stable_fields" file="tests\test_related_wiki_visibility.py" line="98" time="0.023" /><testcase classname="tests.test_related_wiki_visibility" name="test_related_paths_are_subset_of_blank_context_root_wiki_listing" file="tests\test_related_wiki_visibility.py" line="119" time="0.048" /><testcase classname="tests.test_relay_ux_prompts" name="test_first_person_is_default_no_consent_menu" file="tests\test_relay_ux_prompts.py" line="16" time="0.001" /><testcase classname="tests.test_relay_ux_prompts" name="test_opening_message_relays_to_converse_not_status" file="tests\test_relay_ux_prompts.py" line="24" time="0.001" /><testcase classname="tests.test_relay_ux_prompts" name="test_relay_is_thin_no_over_narration" file="tests\test_relay_ux_prompts.py" line="31" time="0.000" /><testcase classname="tests.test_relay_ux_prompts" name="test_connector_does_not_do_the_universes_work" file="tests\test_relay_ux_prompts.py" line="36" time="0.000" /><testcase classname="tests.test_relay_ux_prompts" name="test_learning_extraction_guards_generic_identity" file="tests\test_relay_ux_prompts.py" line="41" time="0.000" /><testcase classname="tests.test_relay_ux_prompts" name="test_engine_sandbox_denies_host_tools" file="tests\test_relay_ux_prompts.py" line="47" time="0.000" /><testcase classname="tests.test_release_reconcile_workflow" name="test_retains_backstops_and_wakes_on_completed_main_docker_smoke" file="tests\test_release_reconcile_workflow.py" line="289" time="0.007" /><testcase classname="tests.test_release_reconcile_workflow" name="test_privileged_job_condition_is_exact_trusted_provenance_contract" file="tests\test_release_reconcile_workflow.py" line="302" time="0.007" /><testcase classname="tests.test_release_reconcile_workflow" name="test_permissions_checkout_and_reconcile_concurrency_remain_narrow" file="tests\test_release_reconcile_workflow.py" line="315" time="0.008" /><testcase classname="tests.test_release_reconcile_workflow" name="test_operator_summary_distinguishes_deferred_from_in_sync" file="tests\test_release_reconcile_workflow.py" line="334" time="0.010" /><testcase classname="tests.test_release_reconcile_workflow" name="test_converge_embedded_python_is_valid_on_production_python_312" file="tests\test_release_reconcile_workflow.py" line="347" time="0.009" /><testcase classname="tests.test_release_reconcile_workflow" name="test_python_312_release_reconcile_regression_runs_in_ci" file="tests\test_release_reconcile_workflow.py" line="354" time="0.003" /><testcase classname="tests.test_release_reconcile_workflow" name="test_build_image_concurrency_declares_push_only_cancellation" file="tests\test_release_reconcile_workflow.py" line="376" time="0.006" /><testcase classname="tests.test_release_reconcile_workflow" name="test_exact_decision_defers_for_current_active_release" file="tests\test_release_reconcile_workflow.py" line="385" time="0.037"><failure message="FileNotFoundError: [Errno 2] No such file or directory: 'C:\\Users\\Jonathan\\AppData\\Local\\Temp\\pytest-of-Jonathan\\pytest-7404\\test_exact_decision_defers_for0\\repo\\.github-output'">tmp_path = WindowsPath('C:/Users/Jonathan/AppData/Local/Temp/pytest-of-Jonathan/pytest-7404/test_exact_decision_defers_for0')

    def test_exact_decision_defers_for_current_active_release(tmp_path: Path) -&gt; None:
        repo, _, relevant_sha = _release_repo(tmp_path)
    
&gt;       result = _run_decision(repo, active_runs=[_active_run(relevant_sha)])
                 ^^^^^^^^^^^^^^^^^^^^^^^^^^^^^^^^^^^^^^^^^^^^^^^^^^^^^^^^^^^^

tests\test_release_reconcile_workflow.py:389: 
_ _ _ _ _ _ _ _ _ _ _ _ _ _ _ _ _ _ _ _ _ _ _ _ _ _ _ _ _ _ _ _ _ _ _ _ _ _ _ _
tests\test_release_reconcile_workflow.py:171: in _run_decision
    for line in output.read_text(encoding="utf-8").splitlines():
                ^^^^^^^^^^^^^^^^^^^^^^^^^^^^^^^^^^
C:\Python314\Lib\pathlib\__init__.py:787: in read_text
    with self.open(mode='r', encoding=encoding, errors=errors, newline=newline) as f:
         ^^^^^^^^^^^^^^^^^^^^^^^^^^^^^^^^^^^^^^^^^^^^^^^^^^^^^^^^^^^^^^^^^^^^^^
_ _ _ _ _ _ _ _ _ _ _ _ _ _ _ _ _ _ _ _ _ _ _ _ _ _ _ _ _ _ _ _ _ _ _ _ _ _ _ _

self = WindowsPath('C:/Users/Jonathan/AppData/Local/Temp/pytest-of-Jonathan/pytest-7404/test_exact_decision_defers_for0/repo/.github-output')
mode = 'r', buffering = -1, encoding = 'utf-8', errors = None, newline = None

    def open(self, mode='r', buffering=-1, encoding=None,
             errors=None, newline=None):
        """
        Open the file pointed to by this path and return a file object, as
        the built-in open() function does.
        """
        if "b" not in mode:
            encoding = io.text_encoding(encoding)
&gt;       return io.open(self, mode, buffering, encoding, errors, newline)
               ^^^^^^^^^^^^^^^^^^^^^^^^^^^^^^^^^^^^^^^^^^^^^^^^^^^^^^^^^
E       FileNotFoundError: [Errno 2] No such file or directory: 'C:\\Users\\Jonathan\\AppData\\Local\\Temp\\pytest-of-Jonathan\\pytest-7404\\test_exact_decision_defers_for0\\repo\\.github-output'

C:\Python314\Lib\pathlib\__init__.py:771: FileNotFoundError</failure></testcase><testcase classname="tests.test_release_reconcile_workflow" name="test_exact_decision_stale_active_does_not_suppress" file="tests\test_release_reconcile_workflow.py" line="394" time="0.023"><failure message="FileNotFoundError: [Errno 2] No such file or directory: 'C:\\Users\\Jonathan\\AppData\\Local\\Temp\\pytest-of-Jonathan\\pytest-7404\\test_exact_decision_stale_acti0\\repo\\.github-output'">tmp_path = WindowsPath('C:/Users/Jonathan/AppData/Local/Temp/pytest-of-Jonathan/pytest-7404/test_exact_decision_stale_acti0')

    def test_exact_decision_stale_active_does_not_suppress(tmp_path: Path) -&gt; None:
        repo, stale_sha, _ = _release_repo(tmp_path)
    
&gt;       result = _run_decision(repo, active_runs=[_active_run(stale_sha)])
                 ^^^^^^^^^^^^^^^^^^^^^^^^^^^^^^^^^^^^^^^^^^^^^^^^^^^^^^^^^

tests\test_release_reconcile_workflow.py:398: 
_ _ _ _ _ _ _ _ _ _ _ _ _ _ _ _ _ _ _ _ _ _ _ _ _ _ _ _ _ _ _ _ _ _ _ _ _ _ _ _
tests\test_release_reconcile_workflow.py:171: in _run_decision
    for line in output.read_text(encoding="utf-8").splitlines():
                ^^^^^^^^^^^^^^^^^^^^^^^^^^^^^^^^^^
C:\Python314\Lib\pathlib\__init__.py:787: in read_text
    with self.open(mode='r', encoding=encoding, errors=errors, newline=newline) as f:
         ^^^^^^^^^^^^^^^^^^^^^^^^^^^^^^^^^^^^^^^^^^^^^^^^^^^^^^^^^^^^^^^^^^^^^^
_ _ _ _ _ _ _ _ _ _ _ _ _ _ _ _ _ _ _ _ _ _ _ _ _ _ _ _ _ _ _ _ _ _ _ _ _ _ _ _

self = WindowsPath('C:/Users/Jonathan/AppData/Local/Temp/pytest-of-Jonathan/pytest-7404/test_exact_decision_stale_acti0/repo/.github-output')
mode = 'r', buffering = -1, encoding = 'utf-8', errors = None, newline = None

    def open(self, mode='r', buffering=-1, encoding=None,
             errors=None, newline=None):
        """
        Open the file pointed to by this path and return a file object, as
        the built-in open() function does.
        """
        if "b" not in mode:
            encoding = io.text_encoding(encoding)
&gt;       return io.open(self, mode, buffering, encoding, errors, newline)
               ^^^^^^^^^^^^^^^^^^^^^^^^^^^^^^^^^^^^^^^^^^^^^^^^^^^^^^^^^
E       FileNotFoundError: [Errno 2] No such file or directory: 'C:\\Users\\Jonathan\\AppData\\Local\\Temp\\pytest-of-Jonathan\\pytest-7404\\test_exact_decision_stale_acti0\\repo\\.github-output'

C:\Python314\Lib\pathlib\__init__.py:771: FileNotFoundError</failure></testcase><testcase classname="tests.test_release_reconcile_workflow" name="test_exact_decision_caps_failed_manual_deploy_retry_before_rebuilding" file="tests\test_release_reconcile_workflow.py" line="405" time="0.023"><failure message="FileNotFoundError: [Errno 2] No such file or directory: 'C:\\Users\\Jonathan\\AppData\\Local\\Temp\\pytest-of-Jonathan\\pytest-7404\\test_exact_decision_caps_faile0\\repo\\.github-output'">tmp_path = WindowsPath('C:/Users/Jonathan/AppData/Local/Temp/pytest-of-Jonathan/pytest-7404/test_exact_decision_caps_faile0')

    def test_exact_decision_caps_failed_manual_deploy_retry_before_rebuilding(
        tmp_path: Path,
    ) -&gt; None:
        repo, _, relevant_sha = _release_repo(tmp_path)
    
&gt;       result = _run_decision(
            repo,
            retry_runs=[
                _active_run(
                    relevant_sha,
                    status="completed",
                    path=".github/workflows/deploy-prod.yml",
                    event="workflow_dispatch",
                    conclusion="failure",
                    run_id=67890,
                )
            ],
        )

tests\test_release_reconcile_workflow.py:411: 
_ _ _ _ _ _ _ _ _ _ _ _ _ _ _ _ _ _ _ _ _ _ _ _ _ _ _ _ _ _ _ _ _ _ _ _ _ _ _ _
tests\test_release_reconcile_workflow.py:171: in _run_decision
    for line in output.read_text(encoding="utf-8").splitlines():
                ^^^^^^^^^^^^^^^^^^^^^^^^^^^^^^^^^^
C:\Python314\Lib\pathlib\__init__.py:787: in read_text
    with self.open(mode='r', encoding=encoding, errors=errors, newline=newline) as f:
         ^^^^^^^^^^^^^^^^^^^^^^^^^^^^^^^^^^^^^^^^^^^^^^^^^^^^^^^^^^^^^^^^^^^^^^
_ _ _ _ _ _ _ _ _ _ _ _ _ _ _ _ _ _ _ _ _ _ _ _ _ _ _ _ _ _ _ _ _ _ _ _ _ _ _ _

self = WindowsPath('C:/Users/Jonathan/AppData/Local/Temp/pytest-of-Jonathan/pytest-7404/test_exact_decision_caps_faile0/repo/.github-output')
mode = 'r', buffering = -1, encoding = 'utf-8', errors = None, newline = None

    def open(self, mode='r', buffering=-1, encoding=None,
             errors=None, newline=None):
        """
        Open the file pointed to by this path and return a file object, as
        the built-in open() function does.
        """
        if "b" not in mode:
            encoding = io.text_encoding(encoding)
&gt;       return io.open(self, mode, buffering, encoding, errors, newline)
               ^^^^^^^^^^^^^^^^^^^^^^^^^^^^^^^^^^^^^^^^^^^^^^^^^^^^^^^^^
E       FileNotFoundError: [Errno 2] No such file or directory: 'C:\\Users\\Jonathan\\AppData\\Local\\Temp\\pytest-of-Jonathan\\pytest-7404\\test_exact_decision_caps_faile0\\repo\\.github-output'

C:\Python314\Lib\pathlib\__init__.py:771: FileNotFoundError</failure></testcase><testcase classname="tests.test_release_reconcile_workflow" name="test_exact_decision_success_overrides_older_failed_manual_retry" file="tests\test_release_reconcile_workflow.py" line="431" time="0.021"><failure message="FileNotFoundError: [Errno 2] No such file or directory: 'C:\\Users\\Jonathan\\AppData\\Local\\Temp\\pytest-of-Jonathan\\pytest-7404\\test_exact_decision_success_ov0\\repo\\.github-output'">tmp_path = WindowsPath('C:/Users/Jonathan/AppData/Local/Temp/pytest-of-Jonathan/pytest-7404/test_exact_decision_success_ov0')

    def test_exact_decision_success_overrides_older_failed_manual_retry(
        tmp_path: Path,
    ) -&gt; None:
        repo, _, relevant_sha = _release_repo(tmp_path)
    
&gt;       result = _run_decision(
            repo,
            retry_runs=[
                _active_run(
                    relevant_sha,
                    status="completed",
                    path=".github/workflows/deploy-prod.yml",
                    event="workflow_dispatch",
                    conclusion="failure",
                    run_id=67890,
                ),
                _active_run(
                    relevant_sha,
                    status="completed",
                    path=".github/workflows/deploy-prod.yml",
                    event="workflow_dispatch",
                    conclusion="success",
                    run_id=67891,
                ),
            ],
            deployed_shas=relevant_sha,
        )

tests\test_release_reconcile_workflow.py:437: 
_ _ _ _ _ _ _ _ _ _ _ _ _ _ _ _ _ _ _ _ _ _ _ _ _ _ _ _ _ _ _ _ _ _ _ _ _ _ _ _
tests\test_release_reconcile_workflow.py:171: in _run_decision
    for line in output.read_text(encoding="utf-8").splitlines():
                ^^^^^^^^^^^^^^^^^^^^^^^^^^^^^^^^^^
C:\Python314\Lib\pathlib\__init__.py:787: in read_text
    with self.open(mode='r', encoding=encoding, errors=errors, newline=newline) as f:
         ^^^^^^^^^^^^^^^^^^^^^^^^^^^^^^^^^^^^^^^^^^^^^^^^^^^^^^^^^^^^^^^^^^^^^^
_ _ _ _ _ _ _ _ _ _ _ _ _ _ _ _ _ _ _ _ _ _ _ _ _ _ _ _ _ _ _ _ _ _ _ _ _ _ _ _

self = WindowsPath('C:/Users/Jonathan/AppData/Local/Temp/pytest-of-Jonathan/pytest-7404/test_exact_decision_success_ov0/repo/.github-output')
mode = 'r', buffering = -1, encoding = 'utf-8', errors = None, newline = None

    def open(self, mode='r', buffering=-1, encoding=None,
             errors=None, newline=None):
        """
        Open the file pointed to by this path and return a file object, as
        the built-in open() function does.
        """
        if "b" not in mode:
            encoding = io.text_encoding(encoding)
&gt;       return io.open(self, mode, buffering, encoding, errors, newline)
               ^^^^^^^^^^^^^^^^^^^^^^^^^^^^^^^^^^^^^^^^^^^^^^^^^^^^^^^^^
E       FileNotFoundError: [Errno 2] No such file or directory: 'C:\\Users\\Jonathan\\AppData\\Local\\Temp\\pytest-of-Jonathan\\pytest-7404\\test_exact_decision_success_ov0\\repo\\.github-output'

C:\Python314\Lib\pathlib\__init__.py:771: FileNotFoundError</failure></testcase><testcase classname="tests.test_release_reconcile_workflow" name="test_completed_and_unrelated_runs_do_not_suppress_recovery" file="tests\test_release_reconcile_workflow.py" line="465" time="0.020"><failure message="FileNotFoundError: [Errno 2] No such file or directory: 'C:\\Users\\Jonathan\\AppData\\Local\\Temp\\pytest-of-Jonathan\\pytest-7404\\test_completed_and_unrelated_r0\\repo\\.github-output'">tmp_path = WindowsPath('C:/Users/Jonathan/AppData/Local/Temp/pytest-of-Jonathan/pytest-7404/test_completed_and_unrelated_r0')

    def test_completed_and_unrelated_runs_do_not_suppress_recovery(
        tmp_path: Path,
    ) -&gt; None:
        repo, _, relevant_sha = _release_repo(tmp_path)
    
&gt;       result = _run_decision(
            repo,
            active_runs=[
                _active_run(relevant_sha, status="completed"),
                _active_run(
                    relevant_sha,
                    path=".github/workflows/uptime-canary.yml",
                ),
            ],
        )

tests\test_release_reconcile_workflow.py:471: 
_ _ _ _ _ _ _ _ _ _ _ _ _ _ _ _ _ _ _ _ _ _ _ _ _ _ _ _ _ _ _ _ _ _ _ _ _ _ _ _
tests\test_release_reconcile_workflow.py:171: in _run_decision
    for line in output.read_text(encoding="utf-8").splitlines():
                ^^^^^^^^^^^^^^^^^^^^^^^^^^^^^^^^^^
C:\Python314\Lib\pathlib\__init__.py:787: in read_text
    with self.open(mode='r', encoding=encoding, errors=errors, newline=newline) as f:
         ^^^^^^^^^^^^^^^^^^^^^^^^^^^^^^^^^^^^^^^^^^^^^^^^^^^^^^^^^^^^^^^^^^^^^^
_ _ _ _ _ _ _ _ _ _ _ _ _ _ _ _ _ _ _ _ _ _ _ _ _ _ _ _ _ _ _ _ _ _ _ _ _ _ _ _

self = WindowsPath('C:/Users/Jonathan/AppData/Local/Temp/pytest-of-Jonathan/pytest-7404/test_completed_and_unrelated_r0/repo/.github-output')
mode = 'r', buffering = -1, encoding = 'utf-8', errors = None, newline = None

    def open(self, mode='r', buffering=-1, encoding=None,
             errors=None, newline=None):
        """
        Open the file pointed to by this path and return a file object, as
        the built-in open() function does.
        """
        if "b" not in mode:
            encoding = io.text_encoding(encoding)
&gt;       return io.open(self, mode, buffering, encoding, errors, newline)
               ^^^^^^^^^^^^^^^^^^^^^^^^^^^^^^^^^^^^^^^^^^^^^^^^^^^^^^^^^
E       FileNotFoundError: [Errno 2] No such file or directory: 'C:\\Users\\Jonathan\\AppData\\Local\\Temp\\pytest-of-Jonathan\\pytest-7404\\test_completed_and_unrelated_r0\\repo\\.github-output'

C:\Python314\Lib\pathlib\__init__.py:771: FileNotFoundError</failure></testcase><testcase classname="tests.test_release_reconcile_workflow" name="test_exact_decision_api_failure_fails_closed[active]" file="tests\test_release_reconcile_workflow.py" line="484" time="0.021"><failure message="FileNotFoundError: [Errno 2] No such file or directory: 'C:\\Users\\Jonathan\\AppData\\Local\\Temp\\pytest-of-Jonathan\\pytest-7404\\test_exact_decision_api_failur0\\repo\\.github-output'">tmp_path = WindowsPath('C:/Users/Jonathan/AppData/Local/Temp/pytest-of-Jonathan/pytest-7404/test_exact_decision_api_failur0')
failed_query = 'active'

    @pytest.mark.parametrize("failed_query", ["active", "retry", "deploy"])
    def test_exact_decision_api_failure_fails_closed(
        tmp_path: Path, failed_query: str
    ) -&gt; None:
        repo, _, _ = _release_repo(tmp_path)
    
&gt;       result = _run_decision(
            repo,
            active_api_fail=failed_query == "active",
            deploy_api_fail=failed_query == "deploy",
            retry_api_fail=failed_query == "retry",
        )

tests\test_release_reconcile_workflow.py:491: 
_ _ _ _ _ _ _ _ _ _ _ _ _ _ _ _ _ _ _ _ _ _ _ _ _ _ _ _ _ _ _ _ _ _ _ _ _ _ _ _
tests\test_release_reconcile_workflow.py:171: in _run_decision
    for line in output.read_text(encoding="utf-8").splitlines():
                ^^^^^^^^^^^^^^^^^^^^^^^^^^^^^^^^^^
C:\Python314\Lib\pathlib\__init__.py:787: in read_text
    with self.open(mode='r', encoding=encoding, errors=errors, newline=newline) as f:
         ^^^^^^^^^^^^^^^^^^^^^^^^^^^^^^^^^^^^^^^^^^^^^^^^^^^^^^^^^^^^^^^^^^^^^^
_ _ _ _ _ _ _ _ _ _ _ _ _ _ _ _ _ _ _ _ _ _ _ _ _ _ _ _ _ _ _ _ _ _ _ _ _ _ _ _

self = WindowsPath('C:/Users/Jonathan/AppData/Local/Temp/pytest-of-Jonathan/pytest-7404/test_exact_decision_api_failur0/repo/.github-output')
mode = 'r', buffering = -1, encoding = 'utf-8', errors = None, newline = None

    def open(self, mode='r', buffering=-1, encoding=None,
             errors=None, newline=None):
        """
        Open the file pointed to by this path and return a file object, as
        the built-in open() function does.
        """
        if "b" not in mode:
            encoding = io.text_encoding(encoding)
&gt;       return io.open(self, mode, buffering, encoding, errors, newline)
               ^^^^^^^^^^^^^^^^^^^^^^^^^^^^^^^^^^^^^^^^^^^^^^^^^^^^^^^^^
E       FileNotFoundError: [Errno 2] No such file or directory: 'C:\\Users\\Jonathan\\AppData\\Local\\Temp\\pytest-of-Jonathan\\pytest-7404\\test_exact_decision_api_failur0\\repo\\.github-output'

C:\Python314\Lib\pathlib\__init__.py:771: FileNotFoundError</failure></testcase><testcase classname="tests.test_release_reconcile_workflow" name="test_exact_decision_api_failure_fails_closed[retry]" file="tests\test_release_reconcile_workflow.py" line="484" time="0.023"><failure message="FileNotFoundError: [Errno 2] No such file or directory: 'C:\\Users\\Jonathan\\AppData\\Local\\Temp\\pytest-of-Jonathan\\pytest-7404\\test_exact_decision_api_failur1\\repo\\.github-output'">tmp_path = WindowsPath('C:/Users/Jonathan/AppData/Local/Temp/pytest-of-Jonathan/pytest-7404/test_exact_decision_api_failur1')
failed_query = 'retry'

    @pytest.mark.parametrize("failed_query", ["active", "retry", "deploy"])
    def test_exact_decision_api_failure_fails_closed(
        tmp_path: Path, failed_query: str
    ) -&gt; None:
        repo, _, _ = _release_repo(tmp_path)
    
&gt;       result = _run_decision(
            repo,
            active_api_fail=failed_query == "active",
            deploy_api_fail=failed_query == "deploy",
            retry_api_fail=failed_query == "retry",
        )

tests\test_release_reconcile_workflow.py:491: 
_ _ _ _ _ _ _ _ _ _ _ _ _ _ _ _ _ _ _ _ _ _ _ _ _ _ _ _ _ _ _ _ _ _ _ _ _ _ _ _
tests\test_release_reconcile_workflow.py:171: in _run_decision
    for line in output.read_text(encoding="utf-8").splitlines():
                ^^^^^^^^^^^^^^^^^^^^^^^^^^^^^^^^^^
C:\Python314\Lib\pathlib\__init__.py:787: in read_text
    with self.open(mode='r', encoding=encoding, errors=errors, newline=newline) as f:
         ^^^^^^^^^^^^^^^^^^^^^^^^^^^^^^^^^^^^^^^^^^^^^^^^^^^^^^^^^^^^^^^^^^^^^^
_ _ _ _ _ _ _ _ _ _ _ _ _ _ _ _ _ _ _ _ _ _ _ _ _ _ _ _ _ _ _ _ _ _ _ _ _ _ _ _

self = WindowsPath('C:/Users/Jonathan/AppData/Local/Temp/pytest-of-Jonathan/pytest-7404/test_exact_decision_api_failur1/repo/.github-output')
mode = 'r', buffering = -1, encoding = 'utf-8', errors = None, newline = None

    def open(self, mode='r', buffering=-1, encoding=None,
             errors=None, newline=None):
        """
        Open the file pointed to by this path and return a file object, as
        the built-in open() function does.
        """
        if "b" not in mode:
            encoding = io.text_encoding(encoding)
&gt;       return io.open(self, mode, buffering, encoding, errors, newline)
               ^^^^^^^^^^^^^^^^^^^^^^^^^^^^^^^^^^^^^^^^^^^^^^^^^^^^^^^^^
E       FileNotFoundError: [Errno 2] No such file or directory: 'C:\\Users\\Jonathan\\AppData\\Local\\Temp\\pytest-of-Jonathan\\pytest-7404\\test_exact_decision_api_failur1\\repo\\.github-output'

C:\Python314\Lib\pathlib\__init__.py:771: FileNotFoundError</failure></testcase><testcase classname="tests.test_release_reconcile_workflow" name="test_exact_decision_api_failure_fails_closed[deploy]" file="tests\test_release_reconcile_workflow.py" line="484" time="0.021"><failure message="FileNotFoundError: [Errno 2] No such file or directory: 'C:\\Users\\Jonathan\\AppData\\Local\\Temp\\pytest-of-Jonathan\\pytest-7404\\test_exact_decision_api_failur2\\repo\\.github-output'">tmp_path = WindowsPath('C:/Users/Jonathan/AppData/Local/Temp/pytest-of-Jonathan/pytest-7404/test_exact_decision_api_failur2')
failed_query = 'deploy'

    @pytest.mark.parametrize("failed_query", ["active", "retry", "deploy"])
    def test_exact_decision_api_failure_fails_closed(
        tmp_path: Path, failed_query: str
    ) -&gt; None:
        repo, _, _ = _release_repo(tmp_path)
    
&gt;       result = _run_decision(
            repo,
            active_api_fail=failed_query == "active",
            deploy_api_fail=failed_query == "deploy",
            retry_api_fail=failed_query == "retry",
        )

tests\test_release_reconcile_workflow.py:491: 
_ _ _ _ _ _ _ _ _ _ _ _ _ _ _ _ _ _ _ _ _ _ _ _ _ _ _ _ _ _ _ _ _ _ _ _ _ _ _ _
tests\test_release_reconcile_workflow.py:171: in _run_decision
    for line in output.read_text(encoding="utf-8").splitlines():
                ^^^^^^^^^^^^^^^^^^^^^^^^^^^^^^^^^^
C:\Python314\Lib\pathlib\__init__.py:787: in read_text
    with self.open(mode='r', encoding=encoding, errors=errors, newline=newline) as f:
         ^^^^^^^^^^^^^^^^^^^^^^^^^^^^^^^^^^^^^^^^^^^^^^^^^^^^^^^^^^^^^^^^^^^^^^
_ _ _ _ _ _ _ _ _ _ _ _ _ _ _ _ _ _ _ _ _ _ _ _ _ _ _ _ _ _ _ _ _ _ _ _ _ _ _ _

self = WindowsPath('C:/Users/Jonathan/AppData/Local/Temp/pytest-of-Jonathan/pytest-7404/test_exact_decision_api_failur2/repo/.github-output')
mode = 'r', buffering = -1, encoding = 'utf-8', errors = None, newline = None

    def open(self, mode='r', buffering=-1, encoding=None,
             errors=None, newline=None):
        """
        Open the file pointed to by this path and return a file object, as
        the built-in open() function does.
        """
        if "b" not in mode:
            encoding = io.text_encoding(encoding)
&gt;       return io.open(self, mode, buffering, encoding, errors, newline)
               ^^^^^^^^^^^^^^^^^^^^^^^^^^^^^^^^^^^^^^^^^^^^^^^^^^^^^^^^^
E       FileNotFoundError: [Errno 2] No such file or directory: 'C:\\Users\\Jonathan\\AppData\\Local\\Temp\\pytest-of-Jonathan\\pytest-7404\\test_exact_decision_api_failur2\\repo\\.github-output'

C:\Python314\Lib\pathlib\__init__.py:771: FileNotFoundError</failure></testcase><testcase classname="tests.test_release_reconcile_workflow" name="test_exact_decision_git_history_failure_defers_with_warning_state" file="tests\test_release_reconcile_workflow.py" line="501" time="0.021"><failure message="FileNotFoundError: [Errno 2] No such file or directory: 'C:\\Users\\Jonathan\\AppData\\Local\\Temp\\pytest-of-Jonathan\\pytest-7404\\test_exact_decision_git_histor0\\repo\\.github-output'">tmp_path = WindowsPath('C:/Users/Jonathan/AppData/Local/Temp/pytest-of-Jonathan/pytest-7404/test_exact_decision_git_histor0')

    def test_exact_decision_git_history_failure_defers_with_warning_state(
        tmp_path: Path,
    ) -&gt; None:
        repo, _, _ = _release_repo(tmp_path)
    
&gt;       result = _run_decision(repo, git_log_status=55)
                 ^^^^^^^^^^^^^^^^^^^^^^^^^^^^^^^^^^^^^^

tests\test_release_reconcile_workflow.py:507: 
_ _ _ _ _ _ _ _ _ _ _ _ _ _ _ _ _ _ _ _ _ _ _ _ _ _ _ _ _ _ _ _ _ _ _ _ _ _ _ _
tests\test_release_reconcile_workflow.py:171: in _run_decision
    for line in output.read_text(encoding="utf-8").splitlines():
                ^^^^^^^^^^^^^^^^^^^^^^^^^^^^^^^^^^
C:\Python314\Lib\pathlib\__init__.py:787: in read_text
    with self.open(mode='r', encoding=encoding, errors=errors, newline=newline) as f:
         ^^^^^^^^^^^^^^^^^^^^^^^^^^^^^^^^^^^^^^^^^^^^^^^^^^^^^^^^^^^^^^^^^^^^^^
_ _ _ _ _ _ _ _ _ _ _ _ _ _ _ _ _ _ _ _ _ _ _ _ _ _ _ _ _ _ _ _ _ _ _ _ _ _ _ _

self = WindowsPath('C:/Users/Jonathan/AppData/Local/Temp/pytest-of-Jonathan/pytest-7404/test_exact_decision_git_histor0/repo/.github-output')
mode = 'r', buffering = -1, encoding = 'utf-8', errors = None, newline = None

    def open(self, mode='r', buffering=-1, encoding=None,
             errors=None, newline=None):
        """
        Open the file pointed to by this path and return a file object, as
        the built-in open() function does.
        """
        if "b" not in mode:
            encoding = io.text_encoding(encoding)
&gt;       return io.open(self, mode, buffering, encoding, errors, newline)
               ^^^^^^^^^^^^^^^^^^^^^^^^^^^^^^^^^^^^^^^^^^^^^^^^^^^^^^^^^
E       FileNotFoundError: [Errno 2] No such file or directory: 'C:\\Users\\Jonathan\\AppData\\Local\\Temp\\pytest-of-Jonathan\\pytest-7404\\test_exact_decision_git_histor0\\repo\\.github-output'

C:\Python314\Lib\pathlib\__init__.py:771: FileNotFoundError</failure></testcase><testcase classname="tests.test_release_reconcile_workflow" name="test_exact_decision_rev_parse_failure_defers_when_path_list_is_unreadable" file="tests\test_release_reconcile_workflow.py" line="512" time="0.021"><failure message="FileNotFoundError: [Errno 2] No such file or directory: 'C:\\Users\\Jonathan\\AppData\\Local\\Temp\\pytest-of-Jonathan\\pytest-7404\\test_exact_decision_rev_parse_0\\repo\\.github-output'">tmp_path = WindowsPath('C:/Users/Jonathan/AppData/Local/Temp/pytest-of-Jonathan/pytest-7404/test_exact_decision_rev_parse_0')

    def test_exact_decision_rev_parse_failure_defers_when_path_list_is_unreadable(
        tmp_path: Path,
    ) -&gt; None:
        repo, _, _ = _release_repo(tmp_path)
        (repo / ".github" / "workflows" / "build-image.yml").unlink()
    
&gt;       result = _run_decision(repo, git_rev_parse_status=56)
                 ^^^^^^^^^^^^^^^^^^^^^^^^^^^^^^^^^^^^^^^^^^^^

tests\test_release_reconcile_workflow.py:519: 
_ _ _ _ _ _ _ _ _ _ _ _ _ _ _ _ _ _ _ _ _ _ _ _ _ _ _ _ _ _ _ _ _ _ _ _ _ _ _ _
tests\test_release_reconcile_workflow.py:171: in _run_decision
    for line in output.read_text(encoding="utf-8").splitlines():
                ^^^^^^^^^^^^^^^^^^^^^^^^^^^^^^^^^^
C:\Python314\Lib\pathlib\__init__.py:787: in read_text
    with self.open(mode='r', encoding=encoding, errors=errors, newline=newline) as f:
         ^^^^^^^^^^^^^^^^^^^^^^^^^^^^^^^^^^^^^^^^^^^^^^^^^^^^^^^^^^^^^^^^^^^^^^
_ _ _ _ _ _ _ _ _ _ _ _ _ _ _ _ _ _ _ _ _ _ _ _ _ _ _ _ _ _ _ _ _ _ _ _ _ _ _ _

self = WindowsPath('C:/Users/Jonathan/AppData/Local/Temp/pytest-of-Jonathan/pytest-7404/test_exact_decision_rev_parse_0/repo/.github-output')
mode = 'r', buffering = -1, encoding = 'utf-8', errors = None, newline = None

    def open(self, mode='r', buffering=-1, encoding=None,
             errors=None, newline=None):
        """
        Open the file pointed to by this path and return a file object, as
        the built-in open() function does.
        """
        if "b" not in mode:
            encoding = io.text_encoding(encoding)
&gt;       return io.open(self, mode, buffering, encoding, errors, newline)
               ^^^^^^^^^^^^^^^^^^^^^^^^^^^^^^^^^^^^^^^^^^^^^^^^^^^^^^^^^
E       FileNotFoundError: [Errno 2] No such file or directory: 'C:\\Users\\Jonathan\\AppData\\Local\\Temp\\pytest-of-Jonathan\\pytest-7404\\test_exact_decision_rev_parse_0\\repo\\.github-output'

C:\Python314\Lib\pathlib\__init__.py:771: FileNotFoundError</failure></testcase><testcase classname="tests.test_release_reconcile_workflow" name="test_exact_decision_empty_release_history_is_not_reported_in_sync" file="tests\test_release_reconcile_workflow.py" line="524" time="0.021"><failure message="FileNotFoundError: [Errno 2] No such file or directory: 'C:\\Users\\Jonathan\\AppData\\Local\\Temp\\pytest-of-Jonathan\\pytest-7404\\test_exact_decision_empty_rele0\\repo\\.github-output'">tmp_path = WindowsPath('C:/Users/Jonathan/AppData/Local/Temp/pytest-of-Jonathan/pytest-7404/test_exact_decision_empty_rele0')

    def test_exact_decision_empty_release_history_is_not_reported_in_sync(
        tmp_path: Path,
    ) -&gt; None:
        repo, _, _ = _release_repo(tmp_path)
        (repo / ".github" / "workflows" / "build-image.yml").write_text(
            """name: Build and publish image
    on:
      push:
        paths:
          - 'never-created/**'
    """,
            encoding="utf-8",
        )
    
&gt;       result = _run_decision(repo)
                 ^^^^^^^^^^^^^^^^^^^

tests\test_release_reconcile_workflow.py:539: 
_ _ _ _ _ _ _ _ _ _ _ _ _ _ _ _ _ _ _ _ _ _ _ _ _ _ _ _ _ _ _ _ _ _ _ _ _ _ _ _
tests\test_release_reconcile_workflow.py:171: in _run_decision
    for line in output.read_text(encoding="utf-8").splitlines():
                ^^^^^^^^^^^^^^^^^^^^^^^^^^^^^^^^^^
C:\Python314\Lib\pathlib\__init__.py:787: in read_text
    with self.open(mode='r', encoding=encoding, errors=errors, newline=newline) as f:
         ^^^^^^^^^^^^^^^^^^^^^^^^^^^^^^^^^^^^^^^^^^^^^^^^^^^^^^^^^^^^^^^^^^^^^^
_ _ _ _ _ _ _ _ _ _ _ _ _ _ _ _ _ _ _ _ _ _ _ _ _ _ _ _ _ _ _ _ _ _ _ _ _ _ _ _

self = WindowsPath('C:/Users/Jonathan/AppData/Local/Temp/pytest-of-Jonathan/pytest-7404/test_exact_decision_empty_rele0/repo/.github-output')
mode = 'r', buffering = -1, encoding = 'utf-8', errors = None, newline = None

    def open(self, mode='r', buffering=-1, encoding=None,
             errors=None, newline=None):
        """
        Open the file pointed to by this path and return a file object, as
        the built-in open() function does.
        """
        if "b" not in mode:
            encoding = io.text_encoding(encoding)
&gt;       return io.open(self, mode, buffering, encoding, errors, newline)
               ^^^^^^^^^^^^^^^^^^^^^^^^^^^^^^^^^^^^^^^^^^^^^^^^^^^^^^^^^
E       FileNotFoundError: [Errno 2] No such file or directory: 'C:\\Users\\Jonathan\\AppData\\Local\\Temp\\pytest-of-Jonathan\\pytest-7404\\test_exact_decision_empty_rele0\\repo\\.github-output'

C:\Python314\Lib\pathlib\__init__.py:771: FileNotFoundError</failure></testcase><testcase classname="tests.test_release_reconcile_workflow" name="test_exact_decision_successful_deploy_ancestry_is_in_sync" file="tests\test_release_reconcile_workflow.py" line="544" time="0.020"><failure message="FileNotFoundError: [Errno 2] No such file or directory: 'C:\\Users\\Jonathan\\AppData\\Local\\Temp\\pytest-of-Jonathan\\pytest-7404\\test_exact_decision_successful0\\repo\\.github-output'">tmp_path = WindowsPath('C:/Users/Jonathan/AppData/Local/Temp/pytest-of-Jonathan/pytest-7404/test_exact_decision_successful0')

    def test_exact_decision_successful_deploy_ancestry_is_in_sync(
        tmp_path: Path,
    ) -&gt; None:
        repo, _, relevant_sha = _release_repo(tmp_path)
    
&gt;       result = _run_decision(repo, deployed_shas=relevant_sha)
                 ^^^^^^^^^^^^^^^^^^^^^^^^^^^^^^^^^^^^^^^^^^^^^^^

tests\test_release_reconcile_workflow.py:550: 
_ _ _ _ _ _ _ _ _ _ _ _ _ _ _ _ _ _ _ _ _ _ _ _ _ _ _ _ _ _ _ _ _ _ _ _ _ _ _ _
tests\test_release_reconcile_workflow.py:171: in _run_decision
    for line in output.read_text(encoding="utf-8").splitlines():
                ^^^^^^^^^^^^^^^^^^^^^^^^^^^^^^^^^^
C:\Python314\Lib\pathlib\__init__.py:787: in read_text
    with self.open(mode='r', encoding=encoding, errors=errors, newline=newline) as f:
         ^^^^^^^^^^^^^^^^^^^^^^^^^^^^^^^^^^^^^^^^^^^^^^^^^^^^^^^^^^^^^^^^^^^^^^
_ _ _ _ _ _ _ _ _ _ _ _ _ _ _ _ _ _ _ _ _ _ _ _ _ _ _ _ _ _ _ _ _ _ _ _ _ _ _ _

self = WindowsPath('C:/Users/Jonathan/AppData/Local/Temp/pytest-of-Jonathan/pytest-7404/test_exact_decision_successful0/repo/.github-output')
mode = 'r', buffering = -1, encoding = 'utf-8', errors = None, newline = None

    def open(self, mode='r', buffering=-1, encoding=None,
             errors=None, newline=None):
        """
        Open the file pointed to by this path and return a file object, as
        the built-in open() function does.
        """
        if "b" not in mode:
            encoding = io.text_encoding(encoding)
&gt;       return io.open(self, mode, buffering, encoding, errors, newline)
               ^^^^^^^^^^^^^^^^^^^^^^^^^^^^^^^^^^^^^^^^^^^^^^^^^^^^^^^^^
E       FileNotFoundError: [Errno 2] No such file or directory: 'C:\\Users\\Jonathan\\AppData\\Local\\Temp\\pytest-of-Jonathan\\pytest-7404\\test_exact_decision_successful0\\repo\\.github-output'

C:\Python314\Lib\pathlib\__init__.py:771: FileNotFoundError</failure></testcase><testcase classname="tests.test_release_reconcile_workflow" name="test_exact_decision_missing_deploy_dispatches" file="tests\test_release_reconcile_workflow.py" line="555" time="0.022"><failure message="FileNotFoundError: [Errno 2] No such file or directory: 'C:\\Users\\Jonathan\\AppData\\Local\\Temp\\pytest-of-Jonathan\\pytest-7404\\test_exact_decision_missing_de0\\repo\\.github-output'">tmp_path = WindowsPath('C:/Users/Jonathan/AppData/Local/Temp/pytest-of-Jonathan/pytest-7404/test_exact_decision_missing_de0')

    def test_exact_decision_missing_deploy_dispatches(tmp_path: Path) -&gt; None:
        repo, _, _ = _release_repo(tmp_path)
    
&gt;       result = _run_decision(repo)
                 ^^^^^^^^^^^^^^^^^^^

tests\test_release_reconcile_workflow.py:559: 
_ _ _ _ _ _ _ _ _ _ _ _ _ _ _ _ _ _ _ _ _ _ _ _ _ _ _ _ _ _ _ _ _ _ _ _ _ _ _ _
tests\test_release_reconcile_workflow.py:171: in _run_decision
    for line in output.read_text(encoding="utf-8").splitlines():
                ^^^^^^^^^^^^^^^^^^^^^^^^^^^^^^^^^^
C:\Python314\Lib\pathlib\__init__.py:787: in read_text
    with self.open(mode='r', encoding=encoding, errors=errors, newline=newline) as f:
         ^^^^^^^^^^^^^^^^^^^^^^^^^^^^^^^^^^^^^^^^^^^^^^^^^^^^^^^^^^^^^^^^^^^^^^
_ _ _ _ _ _ _ _ _ _ _ _ _ _ _ _ _ _ _ _ _ _ _ _ _ _ _ _ _ _ _ _ _ _ _ _ _ _ _ _

self = WindowsPath('C:/Users/Jonathan/AppData/Local/Temp/pytest-of-Jonathan/pytest-7404/test_exact_decision_missing_de0/repo/.github-output')
mode = 'r', buffering = -1, encoding = 'utf-8', errors = None, newline = None

    def open(self, mode='r', buffering=-1, encoding=None,
             errors=None, newline=None):
        """
        Open the file pointed to by this path and return a file object, as
        the built-in open() function does.
        """
        if "b" not in mode:
            encoding = io.text_encoding(encoding)
&gt;       return io.open(self, mode, buffering, encoding, errors, newline)
               ^^^^^^^^^^^^^^^^^^^^^^^^^^^^^^^^^^^^^^^^^^^^^^^^^^^^^^^^^
E       FileNotFoundError: [Errno 2] No such file or directory: 'C:\\Users\\Jonathan\\AppData\\Local\\Temp\\pytest-of-Jonathan\\pytest-7404\\test_exact_decision_missing_de0\\repo\\.github-output'

C:\Python314\Lib\pathlib\__init__.py:771: FileNotFoundError</failure></testcase><testcase classname="tests.test_release_reconcile_workflow" name="test_exact_scripts_coalesce_thousand_arrivals_to_one_dispatch" file="tests\test_release_reconcile_workflow.py" line="563" time="0.023"><failure message="FileNotFoundError: [Errno 2] No such file or directory: 'C:\\Users\\Jonathan\\AppData\\Local\\Temp\\pytest-of-Jonathan\\pytest-7404\\test_exact_scripts_coalesce_th0\\repo\\.github-output'">tmp_path = WindowsPath('C:/Users/Jonathan/AppData/Local/Temp/pytest-of-Jonathan/pytest-7404/test_exact_scripts_coalesce_th0')

    def test_exact_scripts_coalesce_thousand_arrivals_to_one_dispatch(
        tmp_path: Path,
    ) -&gt; None:
        repo, _, relevant_sha = _release_repo(tmp_path)
        arrivals = list(range(1_000))
        executed = _one_running_one_replaceable_pending(arrivals)
        shared_active_runs: list[dict[str, str]] = []
        actions: list[str] = []
        for _arrival in executed:
&gt;           decision = _run_decision(repo, active_runs=shared_active_runs)
                       ^^^^^^^^^^^^^^^^^^^^^^^^^^^^^^^^^^^^^^^^^^^^^^^^^^^

tests\test_release_reconcile_workflow.py:573: 
_ _ _ _ _ _ _ _ _ _ _ _ _ _ _ _ _ _ _ _ _ _ _ _ _ _ _ _ _ _ _ _ _ _ _ _ _ _ _ _
tests\test_release_reconcile_workflow.py:171: in _run_decision
    for line in output.read_text(encoding="utf-8").splitlines():
                ^^^^^^^^^^^^^^^^^^^^^^^^^^^^^^^^^^
C:\Python314\Lib\pathlib\__init__.py:787: in read_text
    with self.open(mode='r', encoding=encoding, errors=errors, newline=newline) as f:
         ^^^^^^^^^^^^^^^^^^^^^^^^^^^^^^^^^^^^^^^^^^^^^^^^^^^^^^^^^^^^^^^^^^^^^^
_ _ _ _ _ _ _ _ _ _ _ _ _ _ _ _ _ _ _ _ _ _ _ _ _ _ _ _ _ _ _ _ _ _ _ _ _ _ _ _

self = WindowsPath('C:/Users/Jonathan/AppData/Local/Temp/pytest-of-Jonathan/pytest-7404/test_exact_scripts_coalesce_th0/repo/.github-output')
mode = 'r', buffering = -1, encoding = 'utf-8', errors = None, newline = None

    def open(self, mode='r', buffering=-1, encoding=None,
             errors=None, newline=None):
        """
        Open the file pointed to by this path and return a file object, as
        the built-in open() function does.
        """
        if "b" not in mode:
            encoding = io.text_encoding(encoding)
&gt;       return io.open(self, mode, buffering, encoding, errors, newline)
               ^^^^^^^^^^^^^^^^^^^^^^^^^^^^^^^^^^^^^^^^^^^^^^^^^^^^^^^^^
E       FileNotFoundError: [Errno 2] No such file or directory: 'C:\\Users\\Jonathan\\AppData\\Local\\Temp\\pytest-of-Jonathan\\pytest-7404\\test_exact_scripts_coalesce_th0\\repo\\.github-output'

C:\Python314\Lib\pathlib\__init__.py:771: FileNotFoundError</failure></testcase><testcase classname="tests.test_release_reconcile_workflow" name="test_exact_converge_waits_for_build_then_deploys_unchanged_main" file="tests\test_release_reconcile_workflow.py" line="582" time="0.023"><failure message="FileNotFoundError: [Errno 2] No such file or directory: 'C:\\Users\\Jonathan\\AppData\\Local\\Temp\\pytest-of-Jonathan\\pytest-7404\\test_exact_converge_waits_for_0\\repo\\.gh-calls'">tmp_path = WindowsPath('C:/Users/Jonathan/AppData/Local/Temp/pytest-of-Jonathan/pytest-7404/test_exact_converge_waits_for_0')

    def test_exact_converge_waits_for_build_then_deploys_unchanged_main(
        tmp_path: Path,
    ) -&gt; None:
        repo, _, relevant_sha = _release_repo(tmp_path)
    
&gt;       calls = _run_converge(repo, current_main=relevant_sha)
                ^^^^^^^^^^^^^^^^^^^^^^^^^^^^^^^^^^^^^^^^^^^^^^

tests\test_release_reconcile_workflow.py:588: 
_ _ _ _ _ _ _ _ _ _ _ _ _ _ _ _ _ _ _ _ _ _ _ _ _ _ _ _ _ _ _ _ _ _ _ _ _ _ _ _
tests\test_release_reconcile_workflow.py:255: in _run_converge
    return (repo / ".gh-calls").read_text(encoding="utf-8").splitlines()
           ^^^^^^^^^^^^^^^^^^^^^^^^^^^^^^^^^^^^^^^^^^^^^^^^
C:\Python314\Lib\pathlib\__init__.py:787: in read_text
    with self.open(mode='r', encoding=encoding, errors=errors, newline=newline) as f:
         ^^^^^^^^^^^^^^^^^^^^^^^^^^^^^^^^^^^^^^^^^^^^^^^^^^^^^^^^^^^^^^^^^^^^^^
_ _ _ _ _ _ _ _ _ _ _ _ _ _ _ _ _ _ _ _ _ _ _ _ _ _ _ _ _ _ _ _ _ _ _ _ _ _ _ _

self = WindowsPath('C:/Users/Jonathan/AppData/Local/Temp/pytest-of-Jonathan/pytest-7404/test_exact_converge_waits_for_0/repo/.gh-calls')
mode = 'r', buffering = -1, encoding = 'utf-8', errors = None, newline = None

    def open(self, mode='r', buffering=-1, encoding=None,
             errors=None, newline=None):
        """
        Open the file pointed to by this path and return a file object, as
        the built-in open() function does.
        """
        if "b" not in mode:
            encoding = io.text_encoding(encoding)
&gt;       return io.open(self, mode, buffering, encoding, errors, newline)
               ^^^^^^^^^^^^^^^^^^^^^^^^^^^^^^^^^^^^^^^^^^^^^^^^^^^^^^^^^
E       FileNotFoundError: [Errno 2] No such file or directory: 'C:\\Users\\Jonathan\\AppData\\Local\\Temp\\pytest-of-Jonathan\\pytest-7404\\test_exact_converge_waits_for_0\\repo\\.gh-calls'

C:\Python314\Lib\pathlib\__init__.py:771: FileNotFoundError</failure></testcase><testcase classname="tests.test_release_reconcile_workflow" name="test_exact_converge_rejects_predispatch_same_sha_run" file="tests\test_release_reconcile_workflow.py" line="601" time="0.021"><failure message="AssertionError: stdout:&#10;  https://github.com/x/x/pull/99&#10;  &#10;  stderr:&#10;  &#10;assert 0 == 1&#10; +  where 0 = namespace(returncode=0, stdout='https://github.com/x/x/pull/99\n', stderr='').returncode">tmp_path = WindowsPath('C:/Users/Jonathan/AppData/Local/Temp/pytest-of-Jonathan/pytest-7404/test_exact_converge_rejects_pr0')

    def test_exact_converge_rejects_predispatch_same_sha_run(
        tmp_path: Path,
    ) -&gt; None:
        repo, _, relevant_sha = _release_repo(tmp_path)
    
&gt;       calls = _run_converge(
            repo,
            current_main=relevant_sha,
            build_runs=[
                {
                    "databaseId": 444,
                    "headSha": relevant_sha,
                    "createdAt": "2000-01-01T00:00:00Z",
                }
            ],
            expected_returncode=1,
        )

tests\test_release_reconcile_workflow.py:607: 
_ _ _ _ _ _ _ _ _ _ _ _ _ _ _ _ _ _ _ _ _ _ _ _ _ _ _ _ _ _ _ _ _ _ _ _ _ _ _ _

repo = WindowsPath('C:/Users/Jonathan/AppData/Local/Temp/pytest-of-Jonathan/pytest-7404/test_exact_converge_rejects_pr0/repo')
current_main = 'https://github.com/x/x/pull/99'

    def _run_converge(
        repo: Path,
        current_main: str,
        *,
        build_runs: list[dict[str, object]] | None = None,
        deploy_runs: list[dict[str, object]] | None = None,
        watch_status: int = 0,
        watch_conclusion: str = "success",
        expected_returncode: int = 0,
    ) -&gt; list[str]:
        if not _BASH:
            pytest.skip("bash is required to execute the exact convergence script")
        target_sha = _git(repo, "rev-parse", "HEAD")
        if build_runs is None:
            build_runs = [
                {
                    "databaseId": 111,
                    "headSha": "0" * 40,
                    "createdAt": "9999-01-03T00:00:00Z",
                },
                {
                    "databaseId": 222,
                    "headSha": target_sha,
                    "createdAt": "9999-01-01T00:00:00Z",
                },
                {
                    "databaseId": 12345,
                    "headSha": target_sha,
                    "createdAt": "9999-01-02T00:00:00Z",
                },
            ]
        if deploy_runs is None:
            deploy_runs = []
        result = subprocess.run(
            [_BASH, "-s"],
            cwd=repo,
            check=False,
            capture_output=True,
            input=f"{_GH_CONVERGE_HARNESS}\n{_step_script('Converge')}",
            text=True,
            encoding="utf-8",
            env={
                **os.environ,
                "BUILD_RUNS_JSON": json.dumps(build_runs),
                "CURRENT_MAIN": current_main,
                "DETAIL": "test drift",
                "DEPLOY_RUNS_JSON": json.dumps({"workflow_runs": deploy_runs}),
                "GH_CALLS": ".gh-calls",
                "GITHUB_STEP_SUMMARY": ".summary",
                "PYTHON_BIN": Path(sys.executable).as_posix(),
                "REPO": "owner/repo",
                "WATCH_CONCLUSION": watch_conclusion,
                "WATCH_STATUS": str(watch_status),
            },
        )
&gt;       assert result.returncode == expected_returncode, (
            f"stdout:\n{result.stdout}\nstderr:\n{result.stderr}"
        )
E       AssertionError: stdout:
E         https://github.com/x/x/pull/99
E         
E         stderr:
E         
E       assert 0 == 1
E        +  where 0 = namespace(returncode=0, stdout='https://github.com/x/x/pull/99\n', stderr='').returncode

tests\test_release_reconcile_workflow.py:252: AssertionError</failure></testcase><testcase classname="tests.test_release_reconcile_workflow" name="test_exact_converge_does_not_deploy_after_main_advances" file="tests\test_release_reconcile_workflow.py" line="624" time="0.019"><failure message="FileNotFoundError: [Errno 2] No such file or directory: 'C:\\Users\\Jonathan\\AppData\\Local\\Temp\\pytest-of-Jonathan\\pytest-7404\\test_exact_converge_does_not_d0\\repo\\.gh-calls'">tmp_path = WindowsPath('C:/Users/Jonathan/AppData/Local/Temp/pytest-of-Jonathan/pytest-7404/test_exact_converge_does_not_d0')

    def test_exact_converge_does_not_deploy_after_main_advances(
        tmp_path: Path,
    ) -&gt; None:
        repo, _, _ = _release_repo(tmp_path)
    
&gt;       calls = _run_converge(repo, current_main="f" * 40)
                ^^^^^^^^^^^^^^^^^^^^^^^^^^^^^^^^^^^^^^^^^^

tests\test_release_reconcile_workflow.py:630: 
_ _ _ _ _ _ _ _ _ _ _ _ _ _ _ _ _ _ _ _ _ _ _ _ _ _ _ _ _ _ _ _ _ _ _ _ _ _ _ _
tests\test_release_reconcile_workflow.py:255: in _run_converge
    return (repo / ".gh-calls").read_text(encoding="utf-8").splitlines()
           ^^^^^^^^^^^^^^^^^^^^^^^^^^^^^^^^^^^^^^^^^^^^^^^^
C:\Python314\Lib\pathlib\__init__.py:787: in read_text
    with self.open(mode='r', encoding=encoding, errors=errors, newline=newline) as f:
         ^^^^^^^^^^^^^^^^^^^^^^^^^^^^^^^^^^^^^^^^^^^^^^^^^^^^^^^^^^^^^^^^^^^^^^
_ _ _ _ _ _ _ _ _ _ _ _ _ _ _ _ _ _ _ _ _ _ _ _ _ _ _ _ _ _ _ _ _ _ _ _ _ _ _ _

self = WindowsPath('C:/Users/Jonathan/AppData/Local/Temp/pytest-of-Jonathan/pytest-7404/test_exact_converge_does_not_d0/repo/.gh-calls')
mode = 'r', buffering = -1, encoding = 'utf-8', errors = None, newline = None

    def open(self, mode='r', buffering=-1, encoding=None,
             errors=None, newline=None):
        """
        Open the file pointed to by this path and return a file object, as
        the built-in open() function does.
        """
        if "b" not in mode:
            encoding = io.text_encoding(encoding)
&gt;       return io.open(self, mode, buffering, encoding, errors, newline)
               ^^^^^^^^^^^^^^^^^^^^^^^^^^^^^^^^^^^^^^^^^^^^^^^^^^^^^^^^^
E       FileNotFoundError: [Errno 2] No such file or directory: 'C:\\Users\\Jonathan\\AppData\\Local\\Temp\\pytest-of-Jonathan\\pytest-7404\\test_exact_converge_does_not_d0\\repo\\.gh-calls'

C:\Python314\Lib\pathlib\__init__.py:771: FileNotFoundError</failure></testcase><testcase classname="tests.test_release_reconcile_workflow" name="test_exact_converge_does_not_duplicate_active_deploy" file="tests\test_release_reconcile_workflow.py" line="635" time="0.019"><failure message="FileNotFoundError: [Errno 2] No such file or directory: 'C:\\Users\\Jonathan\\AppData\\Local\\Temp\\pytest-of-Jonathan\\pytest-7404\\test_exact_converge_does_not_d1\\repo\\.gh-calls'">tmp_path = WindowsPath('C:/Users/Jonathan/AppData/Local/Temp/pytest-of-Jonathan/pytest-7404/test_exact_converge_does_not_d1')

    def test_exact_converge_does_not_duplicate_active_deploy(
        tmp_path: Path,
    ) -&gt; None:
        repo, _, relevant_sha = _release_repo(tmp_path)
    
&gt;       calls = _run_converge(
            repo,
            current_main=relevant_sha,
            deploy_runs=[
                {
                    "id": 67890,
                    "head_sha": relevant_sha,
                    "status": "in_progress",
                    "conclusion": None,
                }
            ],
        )

tests\test_release_reconcile_workflow.py:641: 
_ _ _ _ _ _ _ _ _ _ _ _ _ _ _ _ _ _ _ _ _ _ _ _ _ _ _ _ _ _ _ _ _ _ _ _ _ _ _ _
tests\test_release_reconcile_workflow.py:255: in _run_converge
    return (repo / ".gh-calls").read_text(encoding="utf-8").splitlines()
           ^^^^^^^^^^^^^^^^^^^^^^^^^^^^^^^^^^^^^^^^^^^^^^^^
C:\Python314\Lib\pathlib\__init__.py:787: in read_text
    with self.open(mode='r', encoding=encoding, errors=errors, newline=newline) as f:
         ^^^^^^^^^^^^^^^^^^^^^^^^^^^^^^^^^^^^^^^^^^^^^^^^^^^^^^^^^^^^^^^^^^^^^^
_ _ _ _ _ _ _ _ _ _ _ _ _ _ _ _ _ _ _ _ _ _ _ _ _ _ _ _ _ _ _ _ _ _ _ _ _ _ _ _

self = WindowsPath('C:/Users/Jonathan/AppData/Local/Temp/pytest-of-Jonathan/pytest-7404/test_exact_converge_does_not_d1/repo/.gh-calls')
mode = 'r', buffering = -1, encoding = 'utf-8', errors = None, newline = None

    def open(self, mode='r', buffering=-1, encoding=None,
             errors=None, newline=None):
        """
        Open the file pointed to by this path and return a file object, as
        the built-in open() function does.
        """
        if "b" not in mode:
            encoding = io.text_encoding(encoding)
&gt;       return io.open(self, mode, buffering, encoding, errors, newline)
               ^^^^^^^^^^^^^^^^^^^^^^^^^^^^^^^^^^^^^^^^^^^^^^^^^^^^^^^^^
E       FileNotFoundError: [Errno 2] No such file or directory: 'C:\\Users\\Jonathan\\AppData\\Local\\Temp\\pytest-of-Jonathan\\pytest-7404\\test_exact_converge_does_not_d1\\repo\\.gh-calls'

C:\Python314\Lib\pathlib\__init__.py:771: FileNotFoundError</failure></testcase><testcase classname="tests.test_release_reconcile_workflow" name="test_exact_converge_completed_deploy_state_controls_retry[workflow_run-completed-failure-True]" file="tests\test_release_reconcile_workflow.py" line="657" time="0.020"><failure message="FileNotFoundError: [Errno 2] No such file or directory: 'C:\\Users\\Jonathan\\AppData\\Local\\Temp\\pytest-of-Jonathan\\pytest-7404\\test_exact_converge_completed_0\\repo\\.gh-calls'">tmp_path = WindowsPath('C:/Users/Jonathan/AppData/Local/Temp/pytest-of-Jonathan/pytest-7404/test_exact_converge_completed_0')
event = 'workflow_run', status = 'completed', conclusion = 'failure'
expect_dispatch = True

    @pytest.mark.parametrize(
        ("event", "status", "conclusion", "expect_dispatch"),
        [
            ("workflow_run", "completed", "failure", True),
            ("workflow_dispatch", "completed", "failure", False),
            ("workflow_run", "completed", "success", False),
        ],
    )
    def test_exact_converge_completed_deploy_state_controls_retry(
        tmp_path: Path,
        event: str,
        status: str,
        conclusion: str,
        expect_dispatch: bool,
    ) -&gt; None:
        repo, _, relevant_sha = _release_repo(tmp_path)
    
&gt;       calls = _run_converge(
            repo,
            current_main=relevant_sha,
            deploy_runs=[
                {
                    "id": 67890,
                    "event": event,
                    "head_sha": relevant_sha,
                    "status": status,
                    "conclusion": conclusion,
                },
            ],
        )

tests\test_release_reconcile_workflow.py:675: 
_ _ _ _ _ _ _ _ _ _ _ _ _ _ _ _ _ _ _ _ _ _ _ _ _ _ _ _ _ _ _ _ _ _ _ _ _ _ _ _
tests\test_release_reconcile_workflow.py:255: in _run_converge
    return (repo / ".gh-calls").read_text(encoding="utf-8").splitlines()
           ^^^^^^^^^^^^^^^^^^^^^^^^^^^^^^^^^^^^^^^^^^^^^^^^
C:\Python314\Lib\pathlib\__init__.py:787: in read_text
    with self.open(mode='r', encoding=encoding, errors=errors, newline=newline) as f:
         ^^^^^^^^^^^^^^^^^^^^^^^^^^^^^^^^^^^^^^^^^^^^^^^^^^^^^^^^^^^^^^^^^^^^^^
_ _ _ _ _ _ _ _ _ _ _ _ _ _ _ _ _ _ _ _ _ _ _ _ _ _ _ _ _ _ _ _ _ _ _ _ _ _ _ _

self = WindowsPath('C:/Users/Jonathan/AppData/Local/Temp/pytest-of-Jonathan/pytest-7404/test_exact_converge_completed_0/repo/.gh-calls')
mode = 'r', buffering = -1, encoding = 'utf-8', errors = None, newline = None

    def open(self, mode='r', buffering=-1, encoding=None,
             errors=None, newline=None):
        """
        Open the file pointed to by this path and return a file object, as
        the built-in open() function does.
        """
        if "b" not in mode:
            encoding = io.text_encoding(encoding)
&gt;       return io.open(self, mode, buffering, encoding, errors, newline)
               ^^^^^^^^^^^^^^^^^^^^^^^^^^^^^^^^^^^^^^^^^^^^^^^^^^^^^^^^^
E       FileNotFoundError: [Errno 2] No such file or directory: 'C:\\Users\\Jonathan\\AppData\\Local\\Temp\\pytest-of-Jonathan\\pytest-7404\\test_exact_converge_completed_0\\repo\\.gh-calls'

C:\Python314\Lib\pathlib\__init__.py:771: FileNotFoundError</failure></testcase><testcase classname="tests.test_release_reconcile_workflow" name="test_exact_converge_completed_deploy_state_controls_retry[workflow_dispatch-completed-failure-False]" file="tests\test_release_reconcile_workflow.py" line="657" time="0.020"><failure message="FileNotFoundError: [Errno 2] No such file or directory: 'C:\\Users\\Jonathan\\AppData\\Local\\Temp\\pytest-of-Jonathan\\pytest-7404\\test_exact_converge_completed_1\\repo\\.gh-calls'">tmp_path = WindowsPath('C:/Users/Jonathan/AppData/Local/Temp/pytest-of-Jonathan/pytest-7404/test_exact_converge_completed_1')
event = 'workflow_dispatch', status = 'completed', conclusion = 'failure'
expect_dispatch = False

    @pytest.mark.parametrize(
        ("event", "status", "conclusion", "expect_dispatch"),
        [
            ("workflow_run", "completed", "failure", True),
            ("workflow_dispatch", "completed", "failure", False),
            ("workflow_run", "completed", "success", False),
        ],
    )
    def test_exact_converge_completed_deploy_state_controls_retry(
        tmp_path: Path,
        event: str,
        status: str,
        conclusion: str,
        expect_dispatch: bool,
    ) -&gt; None:
        repo, _, relevant_sha = _release_repo(tmp_path)
    
&gt;       calls = _run_converge(
            repo,
            current_main=relevant_sha,
            deploy_runs=[
                {
                    "id": 67890,
                    "event": event,
                    "head_sha": relevant_sha,
                    "status": status,
                    "conclusion": conclusion,
                },
            ],
        )

tests\test_release_reconcile_workflow.py:675: 
_ _ _ _ _ _ _ _ _ _ _ _ _ _ _ _ _ _ _ _ _ _ _ _ _ _ _ _ _ _ _ _ _ _ _ _ _ _ _ _
tests\test_release_reconcile_workflow.py:255: in _run_converge
    return (repo / ".gh-calls").read_text(encoding="utf-8").splitlines()
           ^^^^^^^^^^^^^^^^^^^^^^^^^^^^^^^^^^^^^^^^^^^^^^^^
C:\Python314\Lib\pathlib\__init__.py:787: in read_text
    with self.open(mode='r', encoding=encoding, errors=errors, newline=newline) as f:
         ^^^^^^^^^^^^^^^^^^^^^^^^^^^^^^^^^^^^^^^^^^^^^^^^^^^^^^^^^^^^^^^^^^^^^^
_ _ _ _ _ _ _ _ _ _ _ _ _ _ _ _ _ _ _ _ _ _ _ _ _ _ _ _ _ _ _ _ _ _ _ _ _ _ _ _

self = WindowsPath('C:/Users/Jonathan/AppData/Local/Temp/pytest-of-Jonathan/pytest-7404/test_exact_converge_completed_1/repo/.gh-calls')
mode = 'r', buffering = -1, encoding = 'utf-8', errors = None, newline = None

    def open(self, mode='r', buffering=-1, encoding=None,
             errors=None, newline=None):
        """
        Open the file pointed to by this path and return a file object, as
        the built-in open() function does.
        """
        if "b" not in mode:
            encoding = io.text_encoding(encoding)
&gt;       return io.open(self, mode, buffering, encoding, errors, newline)
               ^^^^^^^^^^^^^^^^^^^^^^^^^^^^^^^^^^^^^^^^^^^^^^^^^^^^^^^^^
E       FileNotFoundError: [Errno 2] No such file or directory: 'C:\\Users\\Jonathan\\AppData\\Local\\Temp\\pytest-of-Jonathan\\pytest-7404\\test_exact_converge_completed_1\\repo\\.gh-calls'

C:\Python314\Lib\pathlib\__init__.py:771: FileNotFoundError</failure></testcase><testcase classname="tests.test_release_reconcile_workflow" name="test_exact_converge_completed_deploy_state_controls_retry[workflow_run-completed-success-False]" file="tests\test_release_reconcile_workflow.py" line="657" time="0.020"><failure message="FileNotFoundError: [Errno 2] No such file or directory: 'C:\\Users\\Jonathan\\AppData\\Local\\Temp\\pytest-of-Jonathan\\pytest-7404\\test_exact_converge_completed_2\\repo\\.gh-calls'">tmp_path = WindowsPath('C:/Users/Jonathan/AppData/Local/Temp/pytest-of-Jonathan/pytest-7404/test_exact_converge_completed_2')
event = 'workflow_run', status = 'completed', conclusion = 'success'
expect_dispatch = False

    @pytest.mark.parametrize(
        ("event", "status", "conclusion", "expect_dispatch"),
        [
            ("workflow_run", "completed", "failure", True),
            ("workflow_dispatch", "completed", "failure", False),
            ("workflow_run", "completed", "success", False),
        ],
    )
    def test_exact_converge_completed_deploy_state_controls_retry(
        tmp_path: Path,
        event: str,
        status: str,
        conclusion: str,
        expect_dispatch: bool,
    ) -&gt; None:
        repo, _, relevant_sha = _release_repo(tmp_path)
    
&gt;       calls = _run_converge(
            repo,
            current_main=relevant_sha,
            deploy_runs=[
                {
                    "id": 67890,
                    "event": event,
                    "head_sha": relevant_sha,
                    "status": status,
                    "conclusion": conclusion,
                },
            ],
        )

tests\test_release_reconcile_workflow.py:675: 
_ _ _ _ _ _ _ _ _ _ _ _ _ _ _ _ _ _ _ _ _ _ _ _ _ _ _ _ _ _ _ _ _ _ _ _ _ _ _ _
tests\test_release_reconcile_workflow.py:255: in _run_converge
    return (repo / ".gh-calls").read_text(encoding="utf-8").splitlines()
           ^^^^^^^^^^^^^^^^^^^^^^^^^^^^^^^^^^^^^^^^^^^^^^^^
C:\Python314\Lib\pathlib\__init__.py:787: in read_text
    with self.open(mode='r', encoding=encoding, errors=errors, newline=newline) as f:
         ^^^^^^^^^^^^^^^^^^^^^^^^^^^^^^^^^^^^^^^^^^^^^^^^^^^^^^^^^^^^^^^^^^^^^^
_ _ _ _ _ _ _ _ _ _ _ _ _ _ _ _ _ _ _ _ _ _ _ _ _ _ _ _ _ _ _ _ _ _ _ _ _ _ _ _

self = WindowsPath('C:/Users/Jonathan/AppData/Local/Temp/pytest-of-Jonathan/pytest-7404/test_exact_converge_completed_2/repo/.gh-calls')
mode = 'r', buffering = -1, encoding = 'utf-8', errors = None, newline = None

    def open(self, mode='r', buffering=-1, encoding=None,
             errors=None, newline=None):
        """
        Open the file pointed to by this path and return a file object, as
        the built-in open() function does.
        """
        if "b" not in mode:
            encoding = io.text_encoding(encoding)
&gt;       return io.open(self, mode, buffering, encoding, errors, newline)
               ^^^^^^^^^^^^^^^^^^^^^^^^^^^^^^^^^^^^^^^^^^^^^^^^^^^^^^^^^
E       FileNotFoundError: [Errno 2] No such file or directory: 'C:\\Users\\Jonathan\\AppData\\Local\\Temp\\pytest-of-Jonathan\\pytest-7404\\test_exact_converge_completed_2\\repo\\.gh-calls'

C:\Python314\Lib\pathlib\__init__.py:771: FileNotFoundError</failure></testcase><testcase classname="tests.test_release_reconcile_workflow" name="test_exact_converge_cancelled_build_defers_without_deploy" file="tests\test_release_reconcile_workflow.py" line="692" time="0.020"><failure message="FileNotFoundError: [Errno 2] No such file or directory: 'C:\\Users\\Jonathan\\AppData\\Local\\Temp\\pytest-of-Jonathan\\pytest-7404\\test_exact_converge_cancelled_0\\repo\\.gh-calls'">tmp_path = WindowsPath('C:/Users/Jonathan/AppData/Local/Temp/pytest-of-Jonathan/pytest-7404/test_exact_converge_cancelled_0')

    def test_exact_converge_cancelled_build_defers_without_deploy(
        tmp_path: Path,
    ) -&gt; None:
        repo, _, relevant_sha = _release_repo(tmp_path)
    
&gt;       calls = _run_converge(
            repo,
            current_main=relevant_sha,
            watch_status=1,
            watch_conclusion="cancelled",
        )

tests\test_release_reconcile_workflow.py:698: 
_ _ _ _ _ _ _ _ _ _ _ _ _ _ _ _ _ _ _ _ _ _ _ _ _ _ _ _ _ _ _ _ _ _ _ _ _ _ _ _
tests\test_release_reconcile_workflow.py:255: in _run_converge
    return (repo / ".gh-calls").read_text(encoding="utf-8").splitlines()
           ^^^^^^^^^^^^^^^^^^^^^^^^^^^^^^^^^^^^^^^^^^^^^^^^
C:\Python314\Lib\pathlib\__init__.py:787: in read_text
    with self.open(mode='r', encoding=encoding, errors=errors, newline=newline) as f:
         ^^^^^^^^^^^^^^^^^^^^^^^^^^^^^^^^^^^^^^^^^^^^^^^^^^^^^^^^^^^^^^^^^^^^^^
_ _ _ _ _ _ _ _ _ _ _ _ _ _ _ _ _ _ _ _ _ _ _ _ _ _ _ _ _ _ _ _ _ _ _ _ _ _ _ _

self = WindowsPath('C:/Users/Jonathan/AppData/Local/Temp/pytest-of-Jonathan/pytest-7404/test_exact_converge_cancelled_0/repo/.gh-calls')
mode = 'r', buffering = -1, encoding = 'utf-8', errors = None, newline = None

    def open(self, mode='r', buffering=-1, encoding=None,
             errors=None, newline=None):
        """
        Open the file pointed to by this path and return a file object, as
        the built-in open() function does.
        """
        if "b" not in mode:
            encoding = io.text_encoding(encoding)
&gt;       return io.open(self, mode, buffering, encoding, errors, newline)
               ^^^^^^^^^^^^^^^^^^^^^^^^^^^^^^^^^^^^^^^^^^^^^^^^^^^^^^^^^
E       FileNotFoundError: [Errno 2] No such file or directory: 'C:\\Users\\Jonathan\\AppData\\Local\\Temp\\pytest-of-Jonathan\\pytest-7404\\test_exact_converge_cancelled_0\\repo\\.gh-calls'

C:\Python314\Lib\pathlib\__init__.py:771: FileNotFoundError</failure></testcase><testcase classname="tests.test_release_reconcile_workflow" name="test_exact_converge_failed_build_stays_visible" file="tests\test_release_reconcile_workflow.py" line="708" time="0.020"><failure message="AssertionError: stdout:&#10;  https://github.com/x/x/pull/99&#10;  &#10;  stderr:&#10;  &#10;assert 0 == 1&#10; +  where 0 = namespace(returncode=0, stdout='https://github.com/x/x/pull/99\n', stderr='').returncode">tmp_path = WindowsPath('C:/Users/Jonathan/AppData/Local/Temp/pytest-of-Jonathan/pytest-7404/test_exact_converge_failed_bui0')

    def test_exact_converge_failed_build_stays_visible(tmp_path: Path) -&gt; None:
        repo, _, relevant_sha = _release_repo(tmp_path)
    
&gt;       calls = _run_converge(
            repo,
            current_main=relevant_sha,
            watch_status=1,
            watch_conclusion="failure",
            expected_returncode=1,
        )

tests\test_release_reconcile_workflow.py:712: 
_ _ _ _ _ _ _ _ _ _ _ _ _ _ _ _ _ _ _ _ _ _ _ _ _ _ _ _ _ _ _ _ _ _ _ _ _ _ _ _

repo = WindowsPath('C:/Users/Jonathan/AppData/Local/Temp/pytest-of-Jonathan/pytest-7404/test_exact_converge_failed_bui0/repo')
current_main = 'https://github.com/x/x/pull/99'

    def _run_converge(
        repo: Path,
        current_main: str,
        *,
        build_runs: list[dict[str, object]] | None = None,
        deploy_runs: list[dict[str, object]] | None = None,
        watch_status: int = 0,
        watch_conclusion: str = "success",
        expected_returncode: int = 0,
    ) -&gt; list[str]:
        if not _BASH:
            pytest.skip("bash is required to execute the exact convergence script")
        target_sha = _git(repo, "rev-parse", "HEAD")
        if build_runs is None:
            build_runs = [
                {
                    "databaseId": 111,
                    "headSha": "0" * 40,
                    "createdAt": "9999-01-03T00:00:00Z",
                },
                {
                    "databaseId": 222,
                    "headSha": target_sha,
                    "createdAt": "9999-01-01T00:00:00Z",
                },
                {
                    "databaseId": 12345,
                    "headSha": target_sha,
                    "createdAt": "9999-01-02T00:00:00Z",
                },
            ]
        if deploy_runs is None:
            deploy_runs = []
        result = subprocess.run(
            [_BASH, "-s"],
            cwd=repo,
            check=False,
            capture_output=True,
            input=f"{_GH_CONVERGE_HARNESS}\n{_step_script('Converge')}",
            text=True,
            encoding="utf-8",
            env={
                **os.environ,
                "BUILD_RUNS_JSON": json.dumps(build_runs),
                "CURRENT_MAIN": current_main,
                "DETAIL": "test drift",
                "DEPLOY_RUNS_JSON": json.dumps({"workflow_runs": deploy_runs}),
                "GH_CALLS": ".gh-calls",
                "GITHUB_STEP_SUMMARY": ".summary",
                "PYTHON_BIN": Path(sys.executable).as_posix(),
                "REPO": "owner/repo",
                "WATCH_CONCLUSION": watch_conclusion,
                "WATCH_STATUS": str(watch_status),
            },
        )
&gt;       assert result.returncode == expected_returncode, (
            f"stdout:\n{result.stdout}\nstderr:\n{result.stderr}"
        )
E       AssertionError: stdout:
E         https://github.com/x/x/pull/99
E         
E         stderr:
E         
E       assert 0 == 1
E        +  where 0 = namespace(returncode=0, stdout='https://github.com/x/x/pull/99\n', stderr='').returncode

tests\test_release_reconcile_workflow.py:252: AssertionError</failure></testcase><testcase classname="tests.test_release_reconcile_workflow" name="test_exact_converge_main_advance_during_discovery_defers" file="tests\test_release_reconcile_workflow.py" line="723" time="0.019"><failure message="FileNotFoundError: [Errno 2] No such file or directory: 'C:\\Users\\Jonathan\\AppData\\Local\\Temp\\pytest-of-Jonathan\\pytest-7404\\test_exact_converge_main_advan0\\repo\\.gh-calls'">tmp_path = WindowsPath('C:/Users/Jonathan/AppData/Local/Temp/pytest-of-Jonathan/pytest-7404/test_exact_converge_main_advan0')

    def test_exact_converge_main_advance_during_discovery_defers(
        tmp_path: Path,
    ) -&gt; None:
        repo, _, _ = _release_repo(tmp_path)
    
&gt;       calls = _run_converge(
            repo,
            current_main="f" * 40,
            build_runs=[],
        )

tests\test_release_reconcile_workflow.py:729: 
_ _ _ _ _ _ _ _ _ _ _ _ _ _ _ _ _ _ _ _ _ _ _ _ _ _ _ _ _ _ _ _ _ _ _ _ _ _ _ _
tests\test_release_reconcile_workflow.py:255: in _run_converge
    return (repo / ".gh-calls").read_text(encoding="utf-8").splitlines()
           ^^^^^^^^^^^^^^^^^^^^^^^^^^^^^^^^^^^^^^^^^^^^^^^^
C:\Python314\Lib\pathlib\__init__.py:787: in read_text
    with self.open(mode='r', encoding=encoding, errors=errors, newline=newline) as f:
         ^^^^^^^^^^^^^^^^^^^^^^^^^^^^^^^^^^^^^^^^^^^^^^^^^^^^^^^^^^^^^^^^^^^^^^
_ _ _ _ _ _ _ _ _ _ _ _ _ _ _ _ _ _ _ _ _ _ _ _ _ _ _ _ _ _ _ _ _ _ _ _ _ _ _ _

self = WindowsPath('C:/Users/Jonathan/AppData/Local/Temp/pytest-of-Jonathan/pytest-7404/test_exact_converge_main_advan0/repo/.gh-calls')
mode = 'r', buffering = -1, encoding = 'utf-8', errors = None, newline = None

    def open(self, mode='r', buffering=-1, encoding=None,
             errors=None, newline=None):
        """
        Open the file pointed to by this path and return a file object, as
        the built-in open() function does.
        """
        if "b" not in mode:
            encoding = io.text_encoding(encoding)
&gt;       return io.open(self, mode, buffering, encoding, errors, newline)
               ^^^^^^^^^^^^^^^^^^^^^^^^^^^^^^^^^^^^^^^^^^^^^^^^^^^^^^^^^
E       FileNotFoundError: [Errno 2] No such file or directory: 'C:\\Users\\Jonathan\\AppData\\Local\\Temp\\pytest-of-Jonathan\\pytest-7404\\test_exact_converge_main_advan0\\repo\\.gh-calls'

C:\Python314\Lib\pathlib\__init__.py:771: FileNotFoundError</failure></testcase><testcase classname="tests.test_request_admission_store" name="test_author_server_pretraffic_init_migrates_epoch2_schema" file="tests\test_request_admission_store.py" line="72" time="0.063" /><testcase classname="tests.test_request_admission_store" name="test_migrates_prechange_database_without_losing_requests" file="tests\test_request_admission_store.py" line="91" time="0.057" /><testcase classname="tests.test_request_admission_store" name="test_migrates_populated_pre_activation_task_without_data_loss" file="tests\test_request_admission_store.py" line="132" time="0.070" /><testcase classname="tests.test_request_admission_store" name="test_commit_links_request_admission_task_and_event" file="tests\test_request_admission_store.py" line="186" time="0.082" /><testcase classname="tests.test_request_admission_store" name="test_commit_persists_only_the_exact_current_automation_activation" file="tests\test_request_admission_store.py" line="229" time="0.089" /><testcase classname="tests.test_request_admission_store" name="test_branch_task_admission_rejects_agent_manifest_activation" file="tests\test_request_admission_store.py" line="300" time="0.072" /><testcase classname="tests.test_request_admission_store" name="test_commit_preserves_incentive_and_directed_instruction_privately" file="tests\test_request_admission_store.py" line="330" time="0.062" /><testcase classname="tests.test_request_admission_store" name="test_schema_rejects_out_of_range_weight_and_duplicate_links" file="tests\test_request_admission_store.py" line="368" time="0.063" /><testcase classname="tests.test_request_admission_store" name="test_commit_rejects_nonfinite_or_out_of_range_weight[-1.0]" file="tests\test_request_admission_store.py" line="408" time="0.083" /><testcase classname="tests.test_request_admission_store" name="test_commit_rejects_nonfinite_or_out_of_range_weight[100.000001]" file="tests\test_request_admission_store.py" line="408" time="0.095" /><testcase classname="tests.test_request_admission_store" name="test_commit_rejects_nonfinite_or_out_of_range_weight[inf]" file="tests\test_request_admission_store.py" line="408" time="0.068" /><testcase classname="tests.test_request_admission_store" name="test_commit_rejects_nonfinite_or_out_of_range_weight[-inf]" file="tests\test_request_admission_store.py" line="408" time="0.067" /><testcase classname="tests.test_request_admission_store" name="test_commit_rejects_nonfinite_or_out_of_range_weight[nan]" file="tests\test_request_admission_store.py" line="408" time="0.067" /><testcase classname="tests.test_request_admission_store" name="test_precommit_fault_rolls_back_entire_aggregate[access_checked]" file="tests\test_request_admission_store.py" line="428" time="0.077" /><testcase classname="tests.test_request_admission_store" name="test_precommit_fault_rolls_back_entire_aggregate[replay_checked]" file="tests\test_request_admission_store.py" line="428" time="0.071" /><testcase classname="tests.test_request_admission_store" name="test_precommit_fault_rolls_back_entire_aggregate[authority_checked]" file="tests\test_request_admission_store.py" line="428" time="0.067" /><testcase classname="tests.test_request_admission_store" name="test_precommit_fault_rolls_back_entire_aggregate[ids_allocated]" file="tests\test_request_admission_store.py" line="428" time="0.064" /><testcase classname="tests.test_request_admission_store" name="test_precommit_fault_rolls_back_entire_aggregate[request_inserted]" file="tests\test_request_admission_store.py" line="428" time="0.069" /><testcase classname="tests.test_request_admission_store" name="test_precommit_fault_rolls_back_entire_aggregate[admission_inserted]" file="tests\test_request_admission_store.py" line="428" time="0.070" /><testcase classname="tests.test_request_admission_store" name="test_precommit_fault_rolls_back_entire_aggregate[task_inserted]" file="tests\test_request_admission_store.py" line="428" time="0.068" /><testcase classname="tests.test_request_admission_store" name="test_precommit_fault_rolls_back_entire_aggregate[event_inserted]" file="tests\test_request_admission_store.py" line="428" time="0.069" /><testcase classname="tests.test_request_admission_store" name="test_precommit_fault_rolls_back_entire_aggregate[before_commit]" file="tests\test_request_admission_store.py" line="428" time="0.066" /><testcase classname="tests.test_request_admission_store" name="test_replay_returns_original_ids_without_new_rows_or_event" file="tests\test_request_admission_store.py" line="460" time="0.075" /><testcase classname="tests.test_request_admission_store" name="test_access_precedes_lookup_and_priority_runs_only_after_replay_miss" file="tests\test_request_admission_store.py" line="474" time="0.064" /><testcase classname="tests.test_request_admission_store" name="test_random_id_collision_retries_in_a_fresh_transaction" file="tests\test_request_admission_store.py" line="542" time="0.067" /><testcase classname="tests.test_request_admission_store" name="test_concurrent_same_key_commits_one_aggregate" file="tests\test_request_admission_store.py" line="575" time="0.204" /><testcase classname="tests.test_request_admission_store" name="test_changed_body_replay_conflicts_without_mutation" file="tests\test_request_admission_store.py" line="596" time="0.072" /><testcase classname="tests.test_request_admission_store" name="test_authority_check_runs_inside_transaction_and_can_abort" file="tests\test_request_admission_store.py" line="610" time="0.078" /><testcase classname="tests.test_request_admission_store" name="test_claim_transition_quarantine_and_universe_delete" file="tests\test_request_admission_store.py" line="629" time="0.101" /><testcase classname="tests.test_request_admission_store" name="test_worker_transition_ignores_backdated_at_and_uses_transaction_clock" file="tests\test_request_admission_store.py" line="713" time="0.066" /><testcase classname="tests.test_request_admission_store" name="test_terminal_compaction_retains_tombstone_but_not_private_detail" file="tests\test_request_admission_store.py" line="745" time="0.087" /><testcase classname="tests.test_request_admission_store" name="test_sqlite_pragmas_and_concurrent_initialization" file="tests\test_request_admission_store.py" line="852" time="0.177" /><testcase classname="tests.test_request_admission_store" name="test_lock_error_propagates_without_partial_admission" file="tests\test_request_admission_store.py" line="874" time="0.100" /><testcase classname="tests.test_request_admission_surface" name="test_canonical_write_graph_advertises_request_fields" file="tests\test_request_admission_surface.py" line="182" time="0.002" /><testcase classname="tests.test_request_admission_surface" name="test_all_runtime_manifests_include_rfc8785" file="tests\test_request_admission_surface.py" line="198" time="0.002" /><testcase classname="tests.test_request_admission_surface" name="test_server_import_probe_does_not_require_uninstalled_runtime_dependency" file="tests\test_request_admission_surface.py" line="222" time="0.001" /><testcase classname="tests.test_request_admission_surface" name="test_canonical_write_graph_uses_transactional_result_contract" file="tests\test_request_admission_surface.py" line="247" time="0.130" /><testcase classname="tests.test_request_admission_surface" name="test_invalid_key_or_numeric_shape_fails_before_persistence[-0]" file="tests\test_request_admission_surface.py" line="271" time="0.113" /><testcase classname="tests.test_request_admission_surface" name="test_invalid_key_or_numeric_shape_fails_before_persistence[short-key-0]" file="tests\test_request_admission_surface.py" line="271" time="0.139" /><testcase classname="tests.test_request_admission_surface" name="test_invalid_key_or_numeric_shape_fails_before_persistence[xxxxxxxxxxxxxxxxxxxxxxxxxxxxxxxxxxxxxxxxxxxxxxxxxxxxxxxxxxxxxxxxxxxxxxxxxxxxxxxxxxxxxxxxxxxxxxxxxxxxxxxxxxxxxxxxxxxxxxxxxxxxxxxxx-0]" file="tests\test_request_admission_surface.py" line="271" time="0.112" /><testcase classname="tests.test_request_admission_surface" name="test_invalid_key_or_numeric_shape_fails_before_persistence[invalid key spaces-0]" file="tests\test_request_admission_surface.py" line="271" time="0.114" /><testcase classname="tests.test_request_admission_surface" name="test_invalid_key_or_numeric_shape_fails_before_persistence[unicode-key-\xe9-0001-0]" file="tests\test_request_admission_surface.py" line="271" time="0.111" /><testcase classname="tests.test_request_admission_surface" name="test_invalid_key_or_numeric_shape_fails_before_persistence[request-key-0001-True]" file="tests\test_request_admission_surface.py" line="271" time="0.110" /><testcase classname="tests.test_request_admission_surface" name="test_invalid_key_or_numeric_shape_fails_before_persistence[request-key-0001-1]" file="tests\test_request_admission_surface.py" line="271" time="0.109" /><testcase classname="tests.test_request_admission_surface" name="test_invalid_key_or_numeric_shape_fails_before_persistence[request-key-0001-nan]" file="tests\test_request_admission_surface.py" line="271" time="0.135" /><testcase classname="tests.test_request_admission_surface" name="test_invalid_key_or_numeric_shape_fails_before_persistence[request-key-0001-inf]" file="tests\test_request_admission_surface.py" line="271" time="0.110" /><testcase classname="tests.test_request_admission_surface" name="test_invalid_key_or_numeric_shape_fails_before_persistence[request-key-0001--inf]" file="tests\test_request_admission_surface.py" line="271" time="0.112" /><testcase classname="tests.test_request_admission_surface" name="test_invalid_key_or_numeric_shape_fails_before_persistence[request-key-0001--1]" file="tests\test_request_admission_surface.py" line="271" time="0.108" /><testcase classname="tests.test_request_admission_surface" name="test_invalid_key_or_numeric_shape_fails_before_persistence[request-key-0001-100.0000001]" file="tests\test_request_admission_surface.py" line="271" time="0.107" /><testcase classname="tests.test_request_admission_surface" name="test_invalid_key_or_numeric_shape_fails_before_persistence[request-key-0001-10000000000000000000000000000000000000000000000000000000000000000000000000000000000000000000000000000000000000000000000000000000000000000000000000000000000000000000000000000000000000000000000000000000000000000000000000000000000000000000000000000000000000000000000000000000000000000000000000000000000000000000000000000000000000000000000000000000000000000000000000000000000000000000000000000000000000000]" file="tests\test_request_admission_surface.py" line="271" time="0.109" /><testcase classname="tests.test_request_admission_surface" name="test_non_utf8_request_field_fails_before_persistence" file="tests\test_request_admission_surface.py" line="307" time="0.294" /><testcase classname="tests.test_request_admission_surface" name="test_acl_loss_at_transaction_start_denies_before_replay_lookup" file="tests\test_request_admission_surface.py" line="323" time="0.370" /><testcase classname="tests.test_request_admission_surface" name="test_unauthorized_missing_universe_is_non_enumerating" file="tests\test_request_admission_surface.py" line="350" time="0.239" /><testcase classname="tests.test_request_admission_surface" name="test_committed_replay_survives_later_loop_removal" file="tests\test_request_admission_surface.py" line="361" time="0.245" /><testcase classname="tests.test_request_admission_surface" name="test_valid_numeric_boundaries_reach_authority_policy[0]" file="tests\test_request_admission_surface.py" line="377" time="0.217" /><testcase classname="tests.test_request_admission_surface" name="test_valid_numeric_boundaries_reach_authority_policy[1e-09]" file="tests\test_request_admission_surface.py" line="377" time="0.204" /><testcase classname="tests.test_request_admission_surface" name="test_valid_numeric_boundaries_reach_authority_policy[99.99999999999999]" file="tests\test_request_admission_surface.py" line="377" time="0.208" /><testcase classname="tests.test_request_admission_surface" name="test_valid_numeric_boundaries_reach_authority_policy[100]" file="tests\test_request_admission_surface.py" line="377" time="0.455" /><testcase classname="tests.test_request_admission_surface" name="test_unknown_request_target_fields_are_rejected_without_mutation" file="tests\test_request_admission_surface.py" line="413" time="0.266" /><testcase classname="tests.test_request_admission_surface" name="test_missing_hmac_secret_fails_closed_before_persistence" file="tests\test_request_admission_surface.py" line="430" time="0.311" /><testcase classname="tests.test_request_admission_surface" name="test_positive_without_grant_and_invalid_direction_persist_nothing" file="tests\test_request_admission_surface.py" line="448" time="1.949" /><testcase classname="tests.test_request_admission_surface" name="test_public_replay_survives_priority_revocation_but_new_key_does_not" file="tests\test_request_admission_surface.py" line="473" time="0.153" /><testcase classname="tests.test_request_admission_surface" name="test_body_digest_is_rfc8785_bound_without_unicode_normalization" file="tests\test_request_admission_surface.py" line="512" time="0.163" /><testcase classname="tests.test_request_admission_surface" name="test_same_raw_key_is_independent_across_server_derived_scope" file="tests\test_request_admission_surface.py" line="559" time="0.158" /><testcase classname="tests.test_request_admission_surface" name="test_lost_delivery_replay_skips_mutation_ledger_and_legacy_writer" file="tests\test_request_admission_surface.py" line="588" time="0.126" /><testcase classname="tests.test_require_auth_challenge" name="test_missing_token_on_mcp_is_challenged_when_opted_in" file="tests\test_require_auth_challenge.py" line="99" time="0.001" /><testcase classname="tests.test_require_auth_challenge" name="test_discovery_routes_stay_public_under_challenge" file="tests\test_require_auth_challenge.py" line="109" time="0.002" /><testcase classname="tests.test_require_auth_challenge" name="test_valid_token_on_mcp_passes_through" file="tests\test_require_auth_challenge.py" line="121" time="0.001" /><testcase classname="tests.test_require_auth_challenge" name="test_no_challenge_when_not_opted_in_stays_anonymous" file="tests\test_require_auth_challenge.py" line="128" time="0.001" /><testcase classname="tests.test_require_auth_challenge" name="test_invalid_token_still_challenged_as_invalid" file="tests\test_require_auth_challenge.py" line="135" time="0.001" /><testcase classname="tests.test_require_auth_challenge" name="test_auth_challenge_path_targets_mcp_only" file="tests\test_require_auth_challenge.py" line="143" time="0.001" /><testcase classname="tests.test_require_auth_challenge" name="test_challenge_metadata_url_is_routed_in_production" file="tests\test_require_auth_challenge.py" line="151" time="0.001" /><testcase classname="tests.test_require_auth_challenge" name="test_challenge_header_is_exact" file="tests\test_require_auth_challenge.py" line="163" time="0.001" /><testcase classname="tests.test_require_auth_challenge" name="test_workos_provider_challenge_respects_env" file="tests\test_require_auth_challenge.py" line="173" time="0.001" /><testcase classname="tests.test_research_probe.TestResearchProbeDomainProtocol" name="test_domain_implements_protocol" file="tests\test_research_probe.py" line="24" time="0.001" /><testcase classname="tests.test_research_probe.TestResearchProbeDomainProtocol" name="test_domain_has_config_property" file="tests\test_research_probe.py" line="29" time="0.000" /><testcase classname="tests.test_research_probe.TestResearchProbeDomainProtocol" name="test_config_has_required_fields" file="tests\test_research_probe.py" line="37" time="0.000" /><testcase classname="tests.test_research_probe.TestResearchProbeDomainProtocol" name="test_build_graph_returns_stategraph" file="tests\test_research_probe.py" line="45" time="0.002" /><testcase classname="tests.test_research_probe.TestResearchProbeDomainProtocol" name="test_state_extensions_returns_dict" file="tests\test_research_probe.py" line="51" time="0.001" /><testcase classname="tests.test_research_probe.TestResearchProbeDomainProtocol" name="test_tools_returns_list" file="tests\test_research_probe.py" line="60" time="0.000" /><testcase classname="tests.test_research_probe.TestResearchProbeDomainProtocol" name="test_eval_criteria_returns_list" file="tests\test_research_probe.py" line="72" time="0.001" /><testcase classname="tests.test_research_probe.TestResearchProbeDomainProtocol" name="test_memory_schemas_returns_list" file="tests\test_research_probe.py" line="84" time="0.001" /><testcase classname="tests.test_research_probe.TestResearchProbeDomainProtocol" name="test_api_routes_returns_none_or_router" file="tests\test_research_probe.py" line="96" time="0.001" /><testcase classname="tests.test_research_probe.TestResearchGraphTopology" name="test_graph_has_expected_nodes" file="tests\test_research_probe.py" line="107" time="0.004" /><testcase classname="tests.test_research_probe.TestResearchGraphTopology" name="test_graph_has_correct_edges" file="tests\test_research_probe.py" line="117" time="0.002" /><testcase classname="tests.test_research_probe.TestResearchGraphTopology" name="test_graph_topology_differs_from_fantasy_author" file="tests\test_research_probe.py" line="126" time="0.004" /><testcase classname="tests.test_research_probe.TestNoFantasyAuthorImports" name="test_no_fantasy_author_in_modules" file="tests\test_research_probe.py" line="155" time="0.001" /><testcase classname="tests.test_research_probe.TestNoFantasyAuthorImports" name="test_no_fantasy_author_in_graph" file="tests\test_research_probe.py" line="165" time="0.001" /><testcase classname="tests.test_research_probe.TestNoFantasyAuthorImports" name="test_no_fantasy_author_in_state" file="tests\test_research_probe.py" line="172" time="0.001" /><testcase classname="tests.test_research_probe.TestNoFantasyAuthorImports" name="test_no_fantasy_author_in_phases" file="tests\test_research_probe.py" line="179" time="0.001" /><testcase classname="tests.test_research_probe.TestNoFantasyAuthorImports" name="test_workflow_imports_only" file="tests\test_research_probe.py" line="190" time="0.001" /><testcase classname="tests.test_research_probe.TestResearchDomainRegistration" name="test_domain_can_be_registered" file="tests\test_research_probe.py" line="204" time="0.000" /><testcase classname="tests.test_research_probe.TestResearchDomainRegistration" name="test_domain_registered_in_default_registry" file="tests\test_research_probe.py" line="211" time="0.001" /><testcase classname="tests.test_research_probe.TestResearchDomainRegistration" name="test_registry_list_domains" file="tests\test_research_probe.py" line="219" time="0.000" /><testcase classname="tests.test_research_probe.TestResearchToolsInterface" name="test_research_search_tool_exists" file="tests\test_research_probe.py" line="231" time="0.001" /><testcase classname="tests.test_research_probe.TestResearchToolsInterface" name="test_research_search_tool_callable" file="tests\test_research_probe.py" line="237" time="0.000" /><testcase classname="tests.test_research_probe.TestResearchToolsInterface" name="test_research_search_returns_results" file="tests\test_research_probe.py" line="241" time="0.001" /><testcase classname="tests.test_research_probe.TestResearchToolsInterface" name="test_research_search_result_structure" file="tests\test_research_probe.py" line="247" time="0.001" /><testcase classname="tests.test_research_probe.TestResearchStateContract" name="test_research_state_is_typeddict" file="tests\test_research_probe.py" line="260" time="0.000" /><testcase classname="tests.test_research_probe.TestResearchStateContract" name="test_research_state_has_engine_fields" file="tests\test_research_probe.py" line="265" time="0.000" /><testcase classname="tests.test_research_probe.TestResearchStateContract" name="test_research_state_has_domain_fields" file="tests\test_research_probe.py" line="273" time="0.001" /><testcase classname="tests.test_research_probe.TestResearchPhaseImplementations" name="test_gather_phase_execution" file="tests\test_research_probe.py" line="286" time="0.000" /><testcase classname="tests.test_research_probe.TestResearchPhaseImplementations" name="test_analyze_phase_execution" file="tests\test_research_probe.py" line="298" time="0.000" /><testcase classname="tests.test_research_probe.TestResearchPhaseImplementations" name="test_synthesize_phase_execution" file="tests\test_research_probe.py" line="317" time="0.000" /><testcase classname="tests.test_research_probe.TestResearchPhaseImplementations" name="test_review_phase_execution" file="tests\test_research_probe.py" line="334" time="0.000" /><testcase classname="tests.test_research_probe.TestIntegration" name="test_domain_full_protocol_coverage" file="tests\test_research_probe.py" line="357" time="0.002" /><testcase classname="tests.test_research_probe.TestIntegration" name="test_graph_builds_without_compilation_errors" file="tests\test_research_probe.py" line="377" time="0.002" /><testcase classname="tests.test_research_probe.TestIntegration" name="test_probe_is_independent_from_fantasy_author" file="tests\test_research_probe.py" line="386" time="0.000" /><testcase classname="tests.test_reset_universes" name="test_dry_run_reports_but_deletes_nothing" file="tests\test_reset_universes.py" line="53" time="0.160" /><testcase classname="tests.test_reset_universes" name="test_confirm_clears_universes_daemons_preserves_commons" file="tests\test_reset_universes.py" line="74" time="0.150" /><testcase classname="tests.test_reset_universes" name="test_reset_is_idempotent" file="tests\test_reset_universes.py" line="104" time="0.153" /><testcase classname="tests.test_resolution_contract" name="test_unresolved_is_a_structural_decision_status" file="tests\test_resolution_contract.py" line="20" time="0.001" /><testcase classname="tests.test_resolution_contract" name="test_unknown_surface_type_fails_closed" file="tests\test_resolution_contract.py" line="35" time="0.001" /><testcase classname="tests.test_resolution_contract" name="test_unknown_source_role_fails_closed" file="tests\test_resolution_contract.py" line="59" time="0.001" /><testcase classname="tests.test_resolution_contract" name="test_decision_round_trip_preserves_source_role_map" file="tests\test_resolution_contract.py" line="86" time="0.000" /><testcase classname="tests.test_resolution_contract" name="test_fixture_pack_matches_contract" file="tests\test_resolution_contract.py" line="102" time="0.001" /><testcase classname="tests.test_resolution_runtime" name="test_real_conflict_returns_unresolved_without_forcing_winner" file="tests\test_resolution_runtime.py" line="20" time="0.001" /><testcase classname="tests.test_resolution_runtime" name="test_surface_mismatch_reframes_and_preserves_all_claims" file="tests\test_resolution_runtime.py" line="51" time="0.001" /><testcase classname="tests.test_resolution_runtime" name="test_unknown_surface_still_fails_closed_through_runtime" file="tests\test_resolution_runtime.py" line="89" time="0.000" /><testcase classname="tests.test_resolution_runtime" name="test_matching_claims_resolve_deterministically" file="tests\test_resolution_runtime.py" line="114" time="0.000" /><testcase classname="tests.test_rest_votes_behavior" name="test_resolve_vote_always_passes_force_true" file="tests\test_rest_votes_behavior.py" line="75" time="0.140" /><testcase classname="tests.test_rest_votes_behavior" name="test_resolve_vote_response_is_vote_wrapped" file="tests\test_rest_votes_behavior.py" line="104" time="0.132" /><testcase classname="tests.test_rest_votes_behavior" name="test_cast_vote_response_is_vote_wrapped" file="tests\test_rest_votes_behavior.py" line="126" time="0.138" /><testcase classname="tests.test_rest_votes_behavior" name="test_resolve_vote_returns_404_when_not_found" file="tests\test_rest_votes_behavior.py" line="152" time="0.103" /><testcase classname="tests.test_rest_votes_behavior" name="test_resolve_vote_forbidden_for_non_host" file="tests\test_rest_votes_behavior.py" line="165" time="0.146" /><testcase classname="tests.test_rest_votes_behavior" name="test_cast_vote_requires_auth" file="tests\test_rest_votes_behavior.py" line="175" time="0.087" /><testcase classname="tests.test_rest_votes_behavior" name="test_cast_vote_accepts_choice_field" file="tests\test_rest_votes_behavior.py" line="184" time="0.125" /><testcase classname="tests.test_result_clustering.TestCosineSimility" name="test_identical_vectors" file="tests\test_result_clustering.py" line="20" time="0.001" /><testcase classname="tests.test_result_clustering.TestCosineSimility" name="test_orthogonal_vectors" file="tests\test_result_clustering.py" line="24" time="0.001" /><testcase classname="tests.test_result_clustering.TestCosineSimility" name="test_zero_vector" file="tests\test_result_clustering.py" line="29" time="0.001" /><testcase classname="tests.test_result_clustering.TestTextOverlap" name="test_identical_text" file="tests\test_result_clustering.py" line="36" time="0.000" /><testcase classname="tests.test_result_clustering.TestTextOverlap" name="test_no_overlap" file="tests\test_result_clustering.py" line="39" time="0.001" /><testcase classname="tests.test_result_clustering.TestTextOverlap" name="test_partial_overlap" file="tests\test_result_clustering.py" line="42" time="0.001" /><testcase classname="tests.test_result_clustering.TestTextOverlap" name="test_empty_text" file="tests\test_result_clustering.py" line="46" time="0.000" /><testcase classname="tests.test_result_clustering.TestGreedyCluster" name="test_single_item" file="tests\test_result_clustering.py" line="52" time="0.000" /><testcase classname="tests.test_result_clustering.TestGreedyCluster" name="test_identical_items_cluster_together" file="tests\test_result_clustering.py" line="56" time="0.001" /><testcase classname="tests.test_result_clustering.TestGreedyCluster" name="test_distinct_items_stay_separate" file="tests\test_result_clustering.py" line="64" time="0.000" /><testcase classname="tests.test_result_clustering.TestGreedyCluster" name="test_with_embed_fn" file="tests\test_result_clustering.py" line="74" time="0.001" /><testcase classname="tests.test_result_clustering.TestClusterFacts" name="test_keeps_highest_importance" file="tests\test_result_clustering.py" line="100" time="0.001" /><testcase classname="tests.test_result_clustering.TestClusterFacts" name="test_single_fact_unchanged" file="tests\test_result_clustering.py" line="112" time="0.000" /><testcase classname="tests.test_result_clustering.TestClusterFacts" name="test_empty_list" file="tests\test_result_clustering.py" line="118" time="0.001" /><testcase classname="tests.test_result_clustering.TestClusterTexts" name="test_deduplicates_identical" file="tests\test_result_clustering.py" line="123" time="0.001" /><testcase classname="tests.test_result_clustering.TestClusterTexts" name="test_keeps_longest_representative" file="tests\test_result_clustering.py" line="128" time="0.000" /><testcase classname="tests.test_result_clustering.TestClusterTexts" name="test_single_text" file="tests\test_result_clustering.py" line="140" time="0.000" /><testcase classname="tests.test_result_clustering.TestClusterTexts" name="test_empty_list" file="tests\test_result_clustering.py" line="144" time="0.001" /><testcase classname="tests.test_result_clustering.TestRetrievalResultClustering" name="test_router_clusters_during_query" file="tests\test_result_clustering.py" line="151" time="0.036" /><testcase classname="tests.test_resume_run.TestIdempotencyStore" name="test_set_and_get_roundtrip" file="tests\test_resume_run.py" line="26" time="0.025" /><testcase classname="tests.test_resume_run.TestIdempotencyStore" name="test_get_missing_returns_none" file="tests\test_resume_run.py" line="34" time="0.017" /><testcase classname="tests.test_resume_run.TestIdempotencyStore" name="test_has_true_after_set" file="tests\test_resume_run.py" line="40" time="0.026" /><testcase classname="tests.test_resume_run.TestIdempotencyStore" name="test_has_false_before_set" file="tests\test_resume_run.py" line="47" time="0.019" /><testcase classname="tests.test_resume_run.TestIdempotencyStore" name="test_set_is_ignore_on_conflict" file="tests\test_resume_run.py" line="53" time="0.027" /><testcase classname="tests.test_resume_run.TestIdempotentByStep" name="test_function_called_once_per_pair" file="tests\test_resume_run.py" line="63" time="0.026" /><testcase classname="tests.test_resume_run.TestIdempotentByStep" name="test_different_pairs_both_execute" file="tests\test_resume_run.py" line="82" time="0.028" /><testcase classname="tests.test_resume_run.TestIdempotentByStep" name="test_decorator_marks_attribute" file="tests\test_resume_run.py" line="100" time="0.001" /><testcase classname="tests.test_resume_run.TestResumeRunFunction" name="test_not_found_raises" file="tests\test_resume_run.py" line="153" time="0.032" /><testcase classname="tests.test_resume_run.TestResumeRunFunction" name="test_wrong_actor_raises_auth_failed" file="tests\test_resume_run.py" line="165" time="0.053" /><testcase classname="tests.test_resume_run.TestResumeRunFunction" name="test_non_interrupted_status_raises" file="tests\test_resume_run.py" line="179" time="0.063" /><testcase classname="tests.test_resume_run.TestResumeRunFunction" name="test_already_resumed_is_idempotent" file="tests\test_resume_run.py" line="203" time="0.052" /><testcase classname="tests.test_resume_run.TestResumeRunFunction" name="test_missing_checkpoint_raises" file="tests\test_resume_run.py" line="225" time="0.053" /><testcase classname="tests.test_resume_run.TestResumeRunFunction" name="test_branch_version_mismatch_raises" file="tests\test_resume_run.py" line="239" time="0.047" /><testcase classname="tests.test_resume_run.TestResumeRunFunction" name="test_happy_path_dispatches_background_worker" file="tests\test_resume_run.py" line="256" time="0.054" /><testcase classname="tests.test_resume_run.TestActionResumeRun" name="test_missing_run_id_returns_error" file="tests\test_resume_run.py" line="301" time="0.074" /><testcase classname="tests.test_resume_run.TestActionResumeRun" name="test_nonexistent_run_id_returns_error" file="tests\test_resume_run.py" line="306" time="0.100" /><testcase classname="tests.test_resume_run.TestActionResumeRun" name="test_completed_run_returns_status_error" file="tests\test_resume_run.py" line="312" time="0.155" /><testcase classname="tests.test_resume_run.TestActionResumeRun" name="test_missing_checkpoint_returns_error" file="tests\test_resume_run.py" line="330" time="0.155" /><testcase classname="tests.test_resume_run.TestActionResumeRun" name="test_happy_path_returns_run_id_and_resumed_status" file="tests\test_resume_run.py" line="337" time="0.156" /><testcase classname="tests.test_resume_run.TestActionResumeRun" name="test_already_resumed_idempotent" file="tests\test_resume_run.py" line="351" time="0.153" /><testcase classname="tests.test_retire_cheat_loop_deploy_fence" name="test_absent_receipt_snapshot_has_defined_read_only_shape" file="tests\test_retire_cheat_loop_deploy_fence.py" line="64" time="0.013" /><testcase classname="tests.test_retire_cheat_loop_deploy_fence" name="test_receipt_snapshot_records_schema_counts_max_and_logical_digest" file="tests\test_retire_cheat_loop_deploy_fence.py" line="79" time="0.018" /><testcase classname="tests.test_retire_cheat_loop_deploy_fence" name="test_receipt_snapshot_rejects_corrupt_or_unexpected_schema" file="tests\test_retire_cheat_loop_deploy_fence.py" line="108" time="0.023" /><testcase classname="tests.test_retire_cheat_loop_deploy_fence" name="test_queue_inventory_finds_v1_pending_and_running_only" file="tests\test_retire_cheat_loop_deploy_fence.py" line="121" time="0.022" /><testcase classname="tests.test_retire_cheat_loop_deploy_fence" name="test_queue_inventory_v2_joins_authoritative_user_request_type" file="tests\test_retire_cheat_loop_deploy_fence.py" line="168" time="0.027" /><testcase classname="tests.test_retire_cheat_loop_deploy_fence" name="test_queue_inventory_v2_fails_closed_on_live_orphan_request" file="tests\test_retire_cheat_loop_deploy_fence.py" line="214" time="0.023" /><testcase classname="tests.test_retire_cheat_loop_deploy_fence" name="test_queue_inventory_v2_runs_foreign_key_check" file="tests\test_retire_cheat_loop_deploy_fence.py" line="236" time="0.023" /><testcase classname="tests.test_retire_cheat_loop_deploy_fence" name="test_queue_inventory_fails_closed_on_unreadable_or_partial_store" file="tests\test_retire_cheat_loop_deploy_fence.py" line="259" time="0.017" /><testcase classname="tests.test_retire_cheat_loop_deploy_fence" name="test_receipt_store_requires_one_shared_volume_and_data_relative_override" file="tests\test_retire_cheat_loop_deploy_fence.py" line="271" time="0.012" /><testcase classname="tests.test_retire_cheat_loop_deploy_fence" name="test_restart_racer_inventory_includes_all_three_watchdog_families" file="tests\test_retire_cheat_loop_deploy_fence.py" line="298" time="0.001" /><testcase classname="tests.test_retire_cheat_loop_deploy_fence" name="test_volume_consumer_inventory_includes_stopped_containers" file="tests\test_retire_cheat_loop_deploy_fence.py" line="310" time="0.001" /><testcase classname="tests.test_retire_cheat_loop_deploy_fence" name="test_safe_fleet_requires_exact_five_exact_digest_revision_and_no_old_ids" file="tests\test_retire_cheat_loop_deploy_fence.py" line="331" time="0.001" /><testcase classname="tests.test_retire_cheat_loop_deploy_fence" name="test_full_lifecycle_executes_every_command_and_restores_exact_state" file="tests\test_retire_cheat_loop_deploy_fence.py" line="880" time="0.081" /><testcase classname="tests.test_retire_cheat_loop_deploy_fence" name="test_preflight_preserves_stable_daemon_predecessor_state[active]" file="tests\test_retire_cheat_loop_deploy_fence.py" line="972" time="0.028" /><testcase classname="tests.test_retire_cheat_loop_deploy_fence" name="test_preflight_preserves_stable_daemon_predecessor_state[inactive]" file="tests\test_retire_cheat_loop_deploy_fence.py" line="972" time="0.027" /><testcase classname="tests.test_retire_cheat_loop_deploy_fence" name="test_preflight_preserves_stable_daemon_predecessor_state[failed]" file="tests\test_retire_cheat_loop_deploy_fence.py" line="972" time="0.027" /><testcase classname="tests.test_retire_cheat_loop_deploy_fence" name="test_preflight_confirms_new_exact_container_child_before_refusal" file="tests\test_retire_cheat_loop_deploy_fence.py" line="1008" time="0.019" /><testcase classname="tests.test_retire_cheat_loop_deploy_fence" name="test_preflight_initial_snapshot_does_not_trust_same_name_replacement" file="tests\test_retire_cheat_loop_deploy_fence.py" line="1053" time="0.011" /><testcase classname="tests.test_retire_cheat_loop_deploy_fence" name="test_preflight_refuses_missing_controlled_identity_before_mutation[expected]" file="tests\test_retire_cheat_loop_deploy_fence.py" line="1109" time="0.010" /><testcase classname="tests.test_retire_cheat_loop_deploy_fence" name="test_preflight_refuses_missing_controlled_identity_before_mutation[extra]" file="tests\test_retire_cheat_loop_deploy_fence.py" line="1109" time="0.010" /><testcase classname="tests.test_retire_cheat_loop_deploy_fence" name="test_finalized_recovery_generation_is_removed_before_canonical_start" file="tests\test_retire_cheat_loop_deploy_fence.py" line="1159" time="0.052" /><testcase classname="tests.test_retire_cheat_loop_deploy_fence" name="test_recovery_handoff_removes_exact_sidecars_before_canonical_start" file="tests\test_retire_cheat_loop_deploy_fence.py" line="1196" time="0.046" /><testcase classname="tests.test_retire_cheat_loop_deploy_fence" name="test_preflight_classifies_invalid_sidecar_project_before_mutation[workflow-legacy-workflow]" file="tests\test_retire_cheat_loop_deploy_fence.py" line="1240" time="0.013" /><testcase classname="tests.test_retire_cheat_loop_deploy_fence" name="test_preflight_classifies_invalid_sidecar_project_before_mutation[deploy-legacy-deploy]" file="tests\test_retire_cheat_loop_deploy_fence.py" line="1240" time="0.012" /><testcase classname="tests.test_retire_cheat_loop_deploy_fence" name="test_preflight_classifies_invalid_sidecar_project_before_mutation[recorded-recovery-recorded-recovery]" file="tests\test_retire_cheat_loop_deploy_fence.py" line="1240" time="0.013" /><testcase classname="tests.test_retire_cheat_loop_deploy_fence" name="test_preflight_classifies_invalid_sidecar_project_before_mutation[tinyassets-recovery-0123456789abcdef-unrecorded-recovery]" file="tests\test_retire_cheat_loop_deploy_fence.py" line="1240" time="0.011" /><testcase classname="tests.test_retire_cheat_loop_deploy_fence" name="test_preflight_classifies_invalid_sidecar_project_before_mutation[-missing]" file="tests\test_retire_cheat_loop_deploy_fence.py" line="1240" time="0.012" /><testcase classname="tests.test_retire_cheat_loop_deploy_fence" name="test_preflight_classifies_invalid_sidecar_project_before_mutation[private-foreign-project-other]" file="tests\test_retire_cheat_loop_deploy_fence.py" line="1240" time="0.012" /><testcase classname="tests.test_retire_cheat_loop_deploy_fence" name="test_preflight_classifies_current_project_when_recovery_project_expected" file="tests\test_retire_cheat_loop_deploy_fence.py" line="1293" time="0.019" /><testcase classname="tests.test_retire_cheat_loop_deploy_fence" name="test_preflight_hands_off_audited_full_compose_recovery_sidecars[30514843571-1]" file="tests\test_retire_cheat_loop_deploy_fence.py" line="1331" time="0.041" /><testcase classname="tests.test_retire_cheat_loop_deploy_fence" name="test_preflight_hands_off_audited_full_compose_recovery_sidecars[30514946746-1]" file="tests\test_retire_cheat_loop_deploy_fence.py" line="1331" time="0.036" /><testcase classname="tests.test_retire_cheat_loop_deploy_fence" name="test_preflight_hands_off_audited_full_compose_recovery_sidecars[30515026545-1]" file="tests\test_retire_cheat_loop_deploy_fence.py" line="1331" time="0.038" /><testcase classname="tests.test_retire_cheat_loop_deploy_fence" name="test_preflight_hands_off_audited_full_compose_recovery_sidecars[30515117371-1]" file="tests\test_retire_cheat_loop_deploy_fence.py" line="1331" time="0.037" /><testcase classname="tests.test_retire_cheat_loop_deploy_fence" name="test_preflight_hands_off_audited_full_compose_recovery_sidecars[30517431860-1]" file="tests\test_retire_cheat_loop_deploy_fence.py" line="1331" time="0.034" /><testcase classname="tests.test_retire_cheat_loop_deploy_fence" name="test_preflight_hands_off_audited_full_compose_recovery_sidecars[30518735998-1]" file="tests\test_retire_cheat_loop_deploy_fence.py" line="1331" time="0.037" /><testcase classname="tests.test_retire_cheat_loop_deploy_fence" name="test_preflight_does_not_override_recorded_sidecar_project_with_audit_set" file="tests\test_retire_cheat_loop_deploy_fence.py" line="1392" time="0.014" /><testcase classname="tests.test_retire_cheat_loop_deploy_fence" name="test_preflight_refuses_mixed_audited_recovery_sidecar_projects" file="tests\test_retire_cheat_loop_deploy_fence.py" line="1432" time="0.013" /><testcase classname="tests.test_retire_cheat_loop_deploy_fence" name="test_preflight_sidecar_refusal_reports_only_fixed_predicate[missing_identity-restored sidecar identity is missing: tinyassets-tunnel-]" file="tests\test_retire_cheat_loop_deploy_fence.py" line="1467" time="0.012" /><testcase classname="tests.test_retire_cheat_loop_deploy_fence" name="test_preflight_sidecar_refusal_reports_only_fixed_predicate[wrong_service-restored sidecar service is invalid: tinyassets-tunnel-private-service-label]" file="tests\test_retire_cheat_loop_deploy_fence.py" line="1467" time="0.012" /><testcase classname="tests.test_retire_cheat_loop_deploy_fence" name="test_preflight_sidecar_refusal_reports_only_fixed_predicate[data_mount-restored sidecar non-writer proof failed: tinyassets-tunnel-private-volume-name]" file="tests\test_retire_cheat_loop_deploy_fence.py" line="1467" time="0.012" /><testcase classname="tests.test_retire_cheat_loop_deploy_fence" name="test_preflight_refuses_unproved_sidecar_config_before_mutation[forged_image]" file="tests\test_retire_cheat_loop_deploy_fence.py" line="1531" time="0.012" /><testcase classname="tests.test_retire_cheat_loop_deploy_fence" name="test_preflight_refuses_unproved_sidecar_config_before_mutation[volume_bind_alias]" file="tests\test_retire_cheat_loop_deploy_fence.py" line="1531" time="0.012" /><testcase classname="tests.test_retire_cheat_loop_deploy_fence" name="test_preflight_refuses_unproved_sidecar_config_before_mutation[named_volume]" file="tests\test_retire_cheat_loop_deploy_fence.py" line="1531" time="0.012" /><testcase classname="tests.test_retire_cheat_loop_deploy_fence" name="test_preflight_refuses_unproved_sidecar_config_before_mutation[duplicate_mount]" file="tests\test_retire_cheat_loop_deploy_fence.py" line="1531" time="0.013" /><testcase classname="tests.test_retire_cheat_loop_deploy_fence" name="test_preflight_refuses_unproved_sidecar_config_before_mutation[non_mapping_mount]" file="tests\test_retire_cheat_loop_deploy_fence.py" line="1531" time="0.012" /><testcase classname="tests.test_retire_cheat_loop_deploy_fence" name="test_preflight_recorded_sidecar_identity_refusal_hides_ids" file="tests\test_retire_cheat_loop_deploy_fence.py" line="1590" time="0.019" /><testcase classname="tests.test_retire_cheat_loop_deploy_fence" name="test_preflight_refuses_sidecar_substitution_after_stopping_bound_ids" file="tests\test_retire_cheat_loop_deploy_fence.py" line="1627" time="0.019" /><testcase classname="tests.test_retire_cheat_loop_deploy_fence" name="test_prepare_refuses_sidecar_drift_before_any_removal[foreign_project]" file="tests\test_retire_cheat_loop_deploy_fence.py" line="1663" time="0.028" /><testcase classname="tests.test_retire_cheat_loop_deploy_fence" name="test_prepare_refuses_sidecar_drift_before_any_removal[running]" file="tests\test_retire_cheat_loop_deploy_fence.py" line="1663" time="0.032" /><testcase classname="tests.test_retire_cheat_loop_deploy_fence" name="test_prepare_refuses_sidecar_drift_before_any_removal[restart]" file="tests\test_retire_cheat_loop_deploy_fence.py" line="1663" time="0.029" /><testcase classname="tests.test_retire_cheat_loop_deploy_fence" name="test_prepare_refuses_sidecar_drift_before_any_removal[substitute]" file="tests\test_retire_cheat_loop_deploy_fence.py" line="1663" time="0.029" /><testcase classname="tests.test_retire_cheat_loop_deploy_fence" name="test_prepare_replays_sidecar_removal_after_durable_intent[1]" file="tests\test_retire_cheat_loop_deploy_fence.py" line="1706" time="0.058" /><testcase classname="tests.test_retire_cheat_loop_deploy_fence" name="test_prepare_replays_sidecar_removal_after_durable_intent[2]" file="tests\test_retire_cheat_loop_deploy_fence.py" line="1706" time="0.054" /><testcase classname="tests.test_retire_cheat_loop_deploy_fence" name="test_ordinary_canonical_predecessor_is_not_removed_by_recovery_handoff" file="tests\test_retire_cheat_loop_deploy_fence.py" line="1745" time="0.038" /><testcase classname="tests.test_retire_cheat_loop_deploy_fence" name="test_preflight_refuses_mismatched_restored_recovery_provenance_before_mutation" file="tests\test_retire_cheat_loop_deploy_fence.py" line="1786" time="0.012" /><testcase classname="tests.test_retire_cheat_loop_deploy_fence" name="test_prepare_refuses_recovery_handoff_drift_without_removal[partial]" file="tests\test_retire_cheat_loop_deploy_fence.py" line="1820" time="0.039" /><testcase classname="tests.test_retire_cheat_loop_deploy_fence" name="test_prepare_refuses_recovery_handoff_drift_without_removal[foreign_project]" file="tests\test_retire_cheat_loop_deploy_fence.py" line="1820" time="0.038" /><testcase classname="tests.test_retire_cheat_loop_deploy_fence" name="test_prepare_refuses_recovery_handoff_drift_without_removal[running]" file="tests\test_retire_cheat_loop_deploy_fence.py" line="1820" time="0.039" /><testcase classname="tests.test_retire_cheat_loop_deploy_fence" name="test_prepare_refuses_recovery_handoff_drift_without_removal[restart_policy]" file="tests\test_retire_cheat_loop_deploy_fence.py" line="1820" time="0.038" /><testcase classname="tests.test_retire_cheat_loop_deploy_fence" name="test_prepare_replays_partial_recovery_removal_after_durable_intent" file="tests\test_retire_cheat_loop_deploy_fence.py" line="1873" time="0.057" /><testcase classname="tests.test_retire_cheat_loop_deploy_fence" name="test_prepare_refuses_off_volume_name_substitution_before_replay_removal" file="tests\test_retire_cheat_loop_deploy_fence.py" line="1938" time="0.040" /><testcase classname="tests.test_retire_cheat_loop_deploy_fence" name="test_prepare_replays_durable_recovery_removal_intent_after_exact_absence" file="tests\test_retire_cheat_loop_deploy_fence.py" line="2008" time="0.052" /><testcase classname="tests.test_retire_cheat_loop_deploy_fence" name="test_new_run_preflight_failure_ignores_stale_restored_generation" file="tests\test_retire_cheat_loop_deploy_fence.py" line="2043" time="0.020" /><testcase classname="tests.test_retire_cheat_loop_deploy_fence" name="test_operation_lock_blocks_status_until_inflight_command_finishes" file="tests\test_retire_cheat_loop_deploy_fence.py" line="2091" time="0.066" /><testcase classname="tests.test_retire_cheat_loop_deploy_fence" name="test_operation_lock_fails_closed_without_flock_primitive" file="tests\test_retire_cheat_loop_deploy_fence.py" line="2162" time="0.012" /><testcase classname="tests.test_retire_cheat_loop_deploy_fence" name="test_operation_lock_timeout_is_bounded_and_fail_closed" file="tests\test_retire_cheat_loop_deploy_fence.py" line="2172" time="0.011" /><testcase classname="tests.test_retire_cheat_loop_deploy_fence" name="test_host_command_timeout_becomes_fence_error" file="tests\test_retire_cheat_loop_deploy_fence.py" line="2195" time="0.001" /><testcase classname="tests.test_retire_cheat_loop_deploy_fence" name="test_guarded_mutation_strips_separator_before_invoking_command" file="tests\test_retire_cheat_loop_deploy_fence.py" line="2210" time="0.011" /><testcase classname="tests.test_retire_cheat_loop_deploy_fence" name="test_guard_command_can_check_without_running_a_mutation" file="tests\test_retire_cheat_loop_deploy_fence.py" line="2263" time="0.010" /><testcase classname="tests.test_retire_cheat_loop_deploy_fence" name="test_guard_command_rejects_empty_mutation_after_separator" file="tests\test_retire_cheat_loop_deploy_fence.py" line="2287" time="0.011" /><testcase classname="tests.test_retire_cheat_loop_deploy_fence" name="test_guarded_mutation_rejects_missing_state_with_unit_residue[tinyassets-daemon.service-masked]" file="tests\test_retire_cheat_loop_deploy_fence.py" line="2301" time="0.011" /><testcase classname="tests.test_retire_cheat_loop_deploy_fence" name="test_guarded_mutation_rejects_missing_state_with_unit_residue[daemon-watchdog.timer-disabled]" file="tests\test_retire_cheat_loop_deploy_fence.py" line="2301" time="0.010" /><testcase classname="tests.test_retire_cheat_loop_deploy_fence" name="test_guarded_mutation_rejects_missing_state_with_restart_no_residue" file="tests\test_retire_cheat_loop_deploy_fence.py" line="2323" time="0.011" /><testcase classname="tests.test_retire_cheat_loop_deploy_fence" name="test_guarded_mutation_rejects_nonterminal_canonical_state" file="tests\test_retire_cheat_loop_deploy_fence.py" line="2338" time="0.018" /><testcase classname="tests.test_retire_cheat_loop_deploy_fence" name="test_preflight_fails_if_checked_stop_leaves_active_racer" file="tests\test_retire_cheat_loop_deploy_fence.py" line="2359" time="0.016" /><testcase classname="tests.test_retire_cheat_loop_deploy_fence" name="test_preflight_records_and_fences_stopped_extra_volume_consumer" file="tests\test_retire_cheat_loop_deploy_fence.py" line="2379" time="0.027" /><testcase classname="tests.test_retire_cheat_loop_deploy_fence" name="test_preflight_wal_is_canonical_before_first_host_mutation" file="tests\test_retire_cheat_loop_deploy_fence.py" line="2415" time="0.018" /><testcase classname="tests.test_retire_cheat_loop_deploy_fence" name="test_preflight_refuses_unproved_restart_policy" file="tests\test_retire_cheat_loop_deploy_fence.py" line="2452" time="0.022" /><testcase classname="tests.test_retire_cheat_loop_deploy_fence" name="test_restore_rejects_unmask_noop_or_failure[noop]" file="tests\test_retire_cheat_loop_deploy_fence.py" line="2478" time="0.021" /><testcase classname="tests.test_retire_cheat_loop_deploy_fence" name="test_restore_rejects_unmask_noop_or_failure[error]" file="tests\test_retire_cheat_loop_deploy_fence.py" line="2478" time="0.012" /><testcase classname="tests.test_retire_cheat_loop_deploy_fence" name="test_old_container_state_errors_fail_closed[command]" file="tests\test_retire_cheat_loop_deploy_fence.py" line="2526" time="0.010" /><testcase classname="tests.test_retire_cheat_loop_deploy_fence" name="test_old_container_state_errors_fail_closed[malformed]" file="tests\test_retire_cheat_loop_deploy_fence.py" line="2526" time="0.009" /><testcase classname="tests.test_retire_cheat_loop_deploy_fence" name="test_prove_rejects_image_identity_not_recorded_in_fence_state" file="tests\test_retire_cheat_loop_deploy_fence.py" line="2540" time="0.019" /><testcase classname="tests.test_retire_cheat_loop_deploy_fence" name="test_unsafe_cleanup_stops_all_writers_and_proves_old_ids" file="tests\test_retire_cheat_loop_deploy_fence.py" line="2578" time="0.025" /><testcase classname="tests.test_retire_cheat_loop_deploy_fence" name="test_unsafe_cleanup_stops_exact_ids_and_rejects_name_substitution" file="tests\test_retire_cheat_loop_deploy_fence.py" line="2614" time="0.034" /><testcase classname="tests.test_retire_cheat_loop_deploy_fence" name="test_unsafe_cleanup_fences_newly_attached_volume_consumer" file="tests\test_retire_cheat_loop_deploy_fence.py" line="2668" time="0.032" /><testcase classname="tests.test_retire_cheat_loop_deploy_fence" name="test_unsafe_cleanup_still_fences_when_durable_state_is_unreadable" file="tests\test_retire_cheat_loop_deploy_fence.py" line="2700" time="0.028" /><testcase classname="tests.test_retire_cheat_loop_deploy_fence" name="test_corrupt_state_replacement_failure_keeps_canonical_blocker" file="tests\test_retire_cheat_loop_deploy_fence.py" line="2724" time="0.013" /><testcase classname="tests.test_retire_cheat_loop_deploy_fence" name="test_missing_state_wal_failure_precedes_every_emergency_mutation" file="tests\test_retire_cheat_loop_deploy_fence.py" line="2754" time="0.011" /><testcase classname="tests.test_retire_cheat_loop_deploy_fence" name="test_unsafe_cleanup_without_receipt_resolution_never_claims_fenced" file="tests\test_retire_cheat_loop_deploy_fence.py" line="2793" time="0.023" /><testcase classname="tests.test_retire_cheat_loop_deploy_fence" name="test_process_scan_permission_error_is_uncertainty" file="tests\test_retire_cheat_loop_deploy_fence.py" line="2813" time="0.022" /><testcase classname="tests.test_retire_cheat_loop_deploy_fence" name="test_mountinfo_only_flags_foreign_not_same_host_namespace[mnt:[1]-False]" file="tests\test_retire_cheat_loop_deploy_fence.py" line="2847" time="0.027" /><testcase classname="tests.test_retire_cheat_loop_deploy_fence" name="test_mountinfo_only_flags_foreign_not_same_host_namespace[mnt:[2]-True]" file="tests\test_retire_cheat_loop_deploy_fence.py" line="2847" time="0.021" /><testcase classname="tests.test_retire_cheat_loop_deploy_fence" name="test_stray_confirmation_filters_new_owned_children_and_exited_processes" file="tests\test_retire_cheat_loop_deploy_fence.py" line="2883" time="0.028" /><testcase classname="tests.test_retire_cheat_loop_deploy_fence" name="test_stray_confirmation_rejects_numeric_pid_reuse" file="tests\test_retire_cheat_loop_deploy_fence.py" line="2929" time="0.020" /><testcase classname="tests.test_retire_cheat_loop_deploy_fence" name="test_stray_confirmation_keeps_owned_pid_when_generation_is_unreadable[None]" file="tests\test_retire_cheat_loop_deploy_fence.py" line="2952" time="0.011" /><testcase classname="tests.test_retire_cheat_loop_deploy_fence" name="test_stray_confirmation_keeps_owned_pid_when_generation_is_unreadable[123 malformed\n]" file="tests\test_retire_cheat_loop_deploy_fence.py" line="2952" time="0.018" /><testcase classname="tests.test_retire_cheat_loop_deploy_fence" name="test_stray_confirmation_mixed_100_candidate_load_uses_one_snapshot" file="tests\test_retire_cheat_loop_deploy_fence.py" line="2980" time="0.494" /><testcase classname="tests.test_retire_cheat_loop_deploy_fence" name="test_container_pid_ownership_rejects_malformed_or_partial_output[WRONG\n123]" file="tests\test_retire_cheat_loop_deploy_fence.py" line="3018" time="0.001" /><testcase classname="tests.test_retire_cheat_loop_deploy_fence" name="test_container_pid_ownership_rejects_malformed_or_partial_output[PID\n123\ntruncated]" file="tests\test_retire_cheat_loop_deploy_fence.py" line="3018" time="0.001" /><testcase classname="tests.test_retire_cheat_loop_deploy_fence" name="test_container_pid_ownership_rejects_malformed_or_partial_output[PID\n123 extra]" file="tests\test_retire_cheat_loop_deploy_fence.py" line="3018" time="0.001" /><testcase classname="tests.test_retire_cheat_loop_deploy_fence" name="test_container_pid_ownership_treats_lookup_failure_as_zero_trust" file="tests\test_retire_cheat_loop_deploy_fence.py" line="3043" time="0.001" /><testcase classname="tests.test_retire_cheat_loop_deploy_fence" name="test_container_pid_ownership_accepts_complete_well_formed_output" file="tests\test_retire_cheat_loop_deploy_fence.py" line="3058" time="0.001" /><testcase classname="tests.test_retire_cheat_loop_deploy_fence" name="test_process_risk_inventory_refuses_candidate_101" file="tests\test_retire_cheat_loop_deploy_fence.py" line="3073" time="1.187" /><testcase classname="tests.test_retire_cheat_loop_deploy_fence" name="test_stray_confirmation_does_not_trust_same_name_replacement" file="tests\test_retire_cheat_loop_deploy_fence.py" line="3124" time="0.012" /><testcase classname="tests.test_retire_cheat_loop_deploy_fence" name="test_post_canary_failure_includes_final_observation_diagnostic" file="tests\test_retire_cheat_loop_deploy_fence.py" line="3145" time="0.026" /><testcase classname="tests.test_retire_cheat_loop_deploy_fence" name="test_cli_failure_includes_last_failed_observation" file="tests\test_retire_cheat_loop_deploy_fence.py" line="3181" time="0.019" /><testcase classname="tests.test_retire_cheat_loop_deploy_fence" name="test_writer_command_classifier_covers_idle_cloud_worker" file="tests\test_retire_cheat_loop_deploy_fence.py" line="3221" time="0.001" /><testcase classname="tests.test_retire_cheat_loop_deploy_fence" name="test_recover_unsafe_refuses_wrong_source_provenance" file="tests\test_retire_cheat_loop_deploy_fence.py" line="3276" time="0.024" /><testcase classname="tests.test_retire_cheat_loop_deploy_fence" name="test_recover_unsafe_starts_restart_fenced_then_finalizes_exact_identity" file="tests\test_retire_cheat_loop_deploy_fence.py" line="3296" time="0.077" /><testcase classname="tests.test_retire_cheat_loop_deploy_fence" name="test_recovery_recreates_removed_sidecars_and_restores_their_restart_posture" file="tests\test_retire_cheat_loop_deploy_fence.py" line="3364" time="0.123" /><testcase classname="tests.test_retire_cheat_loop_deploy_fence" name="test_recovery_refuses_empty_project_sidecars_without_mutating_them" file="tests\test_retire_cheat_loop_deploy_fence.py" line="3447" time="0.048" /><testcase classname="tests.test_retire_cheat_loop_deploy_fence" name="test_recovery_refuses_data_mount_sidecar_without_mutating_it" file="tests\test_retire_cheat_loop_deploy_fence.py" line="3486" time="0.031" /><testcase classname="tests.test_retire_cheat_loop_deploy_fence" name="test_partial_recovery_sidecar_start_is_durably_refenced_and_retryable" file="tests\test_retire_cheat_loop_deploy_fence.py" line="3522" time="0.079" /><testcase classname="tests.test_retire_cheat_loop_deploy_fence" name="test_repeated_partial_recovery_sidecar_start_stays_refenced" file="tests\test_retire_cheat_loop_deploy_fence.py" line="3569" time="0.092" /><testcase classname="tests.test_retire_cheat_loop_deploy_fence" name="test_substituted_partial_sidecar_cannot_block_writer_refence" file="tests\test_retire_cheat_loop_deploy_fence.py" line="3615" time="0.085" /><testcase classname="tests.test_retire_cheat_loop_deploy_fence" name="test_renamed_partial_sidecar_is_refenced_without_touching_substitute" file="tests\test_retire_cheat_loop_deploy_fence.py" line="3670" time="0.085" /><testcase classname="tests.test_retire_cheat_loop_deploy_fence" name="test_incomplete_successful_sidecar_compose_is_retried_once" file="tests\test_retire_cheat_loop_deploy_fence.py" line="3724" time="0.085" /><testcase classname="tests.test_retire_cheat_loop_deploy_fence" name="test_stubborn_partial_sidecar_cannot_block_writer_refence" file="tests\test_retire_cheat_loop_deploy_fence.py" line="3761" time="0.088" /><testcase classname="tests.test_retire_cheat_loop_deploy_fence" name="test_partial_sidecar_restart_failure_cannot_block_writer_refence" file="tests\test_retire_cheat_loop_deploy_fence.py" line="3804" time="0.091" /><testcase classname="tests.test_retire_cheat_loop_deploy_fence" name="test_interrupted_sidecar_start_binds_and_refences_exact_created_subset[0-expiry]" file="tests\test_retire_cheat_loop_deploy_fence.py" line="3845" time="0.096" /><testcase classname="tests.test_retire_cheat_loop_deploy_fence" name="test_interrupted_sidecar_start_binds_and_refences_exact_created_subset[0-boot]" file="tests\test_retire_cheat_loop_deploy_fence.py" line="3845" time="0.101" /><testcase classname="tests.test_retire_cheat_loop_deploy_fence" name="test_interrupted_sidecar_start_binds_and_refences_exact_created_subset[1-expiry]" file="tests\test_retire_cheat_loop_deploy_fence.py" line="3845" time="0.108" /><testcase classname="tests.test_retire_cheat_loop_deploy_fence" name="test_interrupted_sidecar_start_binds_and_refences_exact_created_subset[1-boot]" file="tests\test_retire_cheat_loop_deploy_fence.py" line="3845" time="0.106" /><testcase classname="tests.test_retire_cheat_loop_deploy_fence" name="test_interrupted_sidecar_start_binds_and_refences_exact_created_subset[2-expiry]" file="tests\test_retire_cheat_loop_deploy_fence.py" line="3845" time="0.108" /><testcase classname="tests.test_retire_cheat_loop_deploy_fence" name="test_interrupted_sidecar_start_binds_and_refences_exact_created_subset[2-boot]" file="tests\test_retire_cheat_loop_deploy_fence.py" line="3845" time="0.109" /><testcase classname="tests.test_retire_cheat_loop_deploy_fence" name="test_mixed_owned_foreign_sidecars_bind_and_refence_only_owned_subset[0-failure]" file="tests\test_retire_cheat_loop_deploy_fence.py" line="3903" time="0.090" /><testcase classname="tests.test_retire_cheat_loop_deploy_fence" name="test_mixed_owned_foreign_sidecars_bind_and_refence_only_owned_subset[0-expiry]" file="tests\test_retire_cheat_loop_deploy_fence.py" line="3903" time="0.109" /><testcase classname="tests.test_retire_cheat_loop_deploy_fence" name="test_mixed_owned_foreign_sidecars_bind_and_refence_only_owned_subset[0-boot]" file="tests\test_retire_cheat_loop_deploy_fence.py" line="3903" time="0.108" /><testcase classname="tests.test_retire_cheat_loop_deploy_fence" name="test_mixed_owned_foreign_sidecars_bind_and_refence_only_owned_subset[1-failure]" file="tests\test_retire_cheat_loop_deploy_fence.py" line="3903" time="0.090" /><testcase classname="tests.test_retire_cheat_loop_deploy_fence" name="test_mixed_owned_foreign_sidecars_bind_and_refence_only_owned_subset[1-expiry]" file="tests\test_retire_cheat_loop_deploy_fence.py" line="3903" time="0.116" /><testcase classname="tests.test_retire_cheat_loop_deploy_fence" name="test_mixed_owned_foreign_sidecars_bind_and_refence_only_owned_subset[1-boot]" file="tests\test_retire_cheat_loop_deploy_fence.py" line="3903" time="0.119" /><testcase classname="tests.test_retire_cheat_loop_deploy_fence" name="test_foreign_sidecar_start_failure_still_refences_owned_writers" file="tests\test_retire_cheat_loop_deploy_fence.py" line="3986" time="0.082" /><testcase classname="tests.test_retire_cheat_loop_deploy_fence" name="test_invalid_recovery_sidecar_mount_is_bound_and_refenced_not_removed" file="tests\test_retire_cheat_loop_deploy_fence.py" line="4031" time="0.090" /><testcase classname="tests.test_retire_cheat_loop_deploy_fence" name="test_refence_stops_recovery_sidecars_with_the_writer_fleet" file="tests\test_retire_cheat_loop_deploy_fence.py" line="4075" time="0.078" /><testcase classname="tests.test_retire_cheat_loop_deploy_fence" name="test_recovery_uses_canonical_restart_posture_for_previously_absent_sidecars" file="tests\test_retire_cheat_loop_deploy_fence.py" line="4120" time="0.104" /><testcase classname="tests.test_retire_cheat_loop_deploy_fence" name="test_recovery_project_sidecars_hand_off_to_the_next_normal_preflight" file="tests\test_retire_cheat_loop_deploy_fence.py" line="4163" time="0.139" /><testcase classname="tests.test_retire_cheat_loop_deploy_fence" name="test_real_finalized_recovery_state_hands_off_to_next_normal_preflight" file="tests\test_retire_cheat_loop_deploy_fence.py" line="4224" time="0.129" /><testcase classname="tests.test_retire_cheat_loop_deploy_fence" name="test_recover_unsafe_accepts_compose_down_zero_container_fence" file="tests\test_retire_cheat_loop_deploy_fence.py" line="4275" time="0.047" /><testcase classname="tests.test_retire_cheat_loop_deploy_fence" name="test_recover_unsafe_replaces_proved_partial_canonical_target" file="tests\test_retire_cheat_loop_deploy_fence.py" line="4302" time="0.067" /><testcase classname="tests.test_retire_cheat_loop_deploy_fence" name="test_recover_unsafe_refuses_unproved_partial_canonical_target[foreign_project]" file="tests\test_retire_cheat_loop_deploy_fence.py" line="4341" time="0.025" /><testcase classname="tests.test_retire_cheat_loop_deploy_fence" name="test_recover_unsafe_refuses_unproved_partial_canonical_target[running]" file="tests\test_retire_cheat_loop_deploy_fence.py" line="4341" time="0.025" /><testcase classname="tests.test_retire_cheat_loop_deploy_fence" name="test_recover_unsafe_refuses_unproved_partial_canonical_target[restart_policy]" file="tests\test_retire_cheat_loop_deploy_fence.py" line="4341" time="0.025" /><testcase classname="tests.test_retire_cheat_loop_deploy_fence" name="test_recover_unsafe_refuses_unproved_partial_canonical_target[foreign_image]" file="tests\test_retire_cheat_loop_deploy_fence.py" line="4341" time="0.025" /><testcase classname="tests.test_retire_cheat_loop_deploy_fence" name="test_recover_unsafe_refuses_unproved_partial_canonical_target[off_volume]" file="tests\test_retire_cheat_loop_deploy_fence.py" line="4341" time="0.025" /><testcase classname="tests.test_retire_cheat_loop_deploy_fence" name="test_partial_target_removal_replays_after_interrupted_subset" file="tests\test_retire_cheat_loop_deploy_fence.py" line="4391" time="0.044" /><testcase classname="tests.test_retire_cheat_loop_deploy_fence" name="test_partial_target_removal_empty_replay_refuses_off_volume_name" file="tests\test_retire_cheat_loop_deploy_fence.py" line="4452" time="0.028" /><testcase classname="tests.test_retire_cheat_loop_deploy_fence" name="test_partial_target_removal_replay_refuses_full_volume_fleet" file="tests\test_retire_cheat_loop_deploy_fence.py" line="4483" time="0.024" /><testcase classname="tests.test_retire_cheat_loop_deploy_fence" name="test_partial_target_removal_empty_replay_refuses_metadata_substitution[image_ref-ghcr.io/jonnyton/tinyassets-daemon@sha256:ffffffffffffffffffffffffffffffffffffffffffffffffffffffffffffffff]" file="tests\test_retire_cheat_loop_deploy_fence.py" line="4511" time="0.027" /><testcase classname="tests.test_retire_cheat_loop_deploy_fence" name="test_partial_target_removal_empty_replay_refuses_metadata_substitution[revision-ffffffffffffffffffffffffffffffffffffffff]" file="tests\test_retire_cheat_loop_deploy_fence.py" line="4511" time="0.025" /><testcase classname="tests.test_retire_cheat_loop_deploy_fence" name="test_partial_target_removal_empty_replay_refuses_metadata_substitution[project_name-foreign]" file="tests\test_retire_cheat_loop_deploy_fence.py" line="4511" time="0.026" /><testcase classname="tests.test_retire_cheat_loop_deploy_fence" name="test_recover_unsafe_refuses_unrecorded_stopped_container_generation" file="tests\test_retire_cheat_loop_deploy_fence.py" line="4548" time="0.036" /><testcase classname="tests.test_retire_cheat_loop_deploy_fence" name="test_stopped_full_fleet_removal_replays_exact_remaining_subset[old_container_ids]" file="tests\test_retire_cheat_loop_deploy_fence.py" line="4574" time="0.054" /><testcase classname="tests.test_retire_cheat_loop_deploy_fence" name="test_stopped_full_fleet_removal_replays_exact_remaining_subset[recovery_container_ids]" file="tests\test_retire_cheat_loop_deploy_fence.py" line="4574" time="0.051" /><testcase classname="tests.test_retire_cheat_loop_deploy_fence" name="test_stopped_full_fleet_replay_refuses_off_volume_name_substitution_before_removal" file="tests\test_retire_cheat_loop_deploy_fence.py" line="4642" time="0.034" /><testcase classname="tests.test_retire_cheat_loop_deploy_fence" name="test_recover_unsafe_replays_interrupted_full_stopped_fleet_removal" file="tests\test_retire_cheat_loop_deploy_fence.py" line="4707" time="0.063" /><testcase classname="tests.test_retire_cheat_loop_deploy_fence" name="test_recover_unsafe_refuses_reused_attempt_before_removing_stopped_fleet" file="tests\test_retire_cheat_loop_deploy_fence.py" line="4764" time="0.035" /><testcase classname="tests.test_retire_cheat_loop_deploy_fence" name="test_recovery_arms_expiry_before_starting_any_container" file="tests\test_retire_cheat_loop_deploy_fence.py" line="4790" time="0.046" /><testcase classname="tests.test_retire_cheat_loop_deploy_fence" name="test_recovery_entrypoint_proof_binds_timer_to_running_executable" file="tests\test_retire_cheat_loop_deploy_fence.py" line="4824" time="0.029" /><testcase classname="tests.test_retire_cheat_loop_deploy_fence" name="test_recovery_entrypoint_proof_rejects_different_timer_script" file="tests\test_retire_cheat_loop_deploy_fence.py" line="4837" time="0.013" /><testcase classname="tests.test_retire_cheat_loop_deploy_fence" name="test_finalize_refences_when_restart_policies_drift_after_canary" file="tests\test_retire_cheat_loop_deploy_fence.py" line="4855" time="0.071" /><testcase classname="tests.test_retire_cheat_loop_deploy_fence" name="test_finalize_refences_when_boot_fence_drifts_after_canary" file="tests\test_retire_cheat_loop_deploy_fence.py" line="4889" time="0.070" /><testcase classname="tests.test_retire_cheat_loop_deploy_fence" name="test_finalize_refences_when_expiry_timer_disappears" file="tests\test_retire_cheat_loop_deploy_fence.py" line="4922" time="0.074" /><testcase classname="tests.test_retire_cheat_loop_deploy_fence" name="test_refence_rejects_replaced_container_generation_without_mutation" file="tests\test_retire_cheat_loop_deploy_fence.py" line="4956" time="0.054" /><testcase classname="tests.test_retire_cheat_loop_deploy_fence" name="test_recovery_failure_rejects_foreign_labels_without_cleanup_mutation" file="tests\test_retire_cheat_loop_deploy_fence.py" line="4988" time="0.046" /><testcase classname="tests.test_retire_cheat_loop_deploy_fence" name="test_refence_rejects_extra_volume_consumer_without_mutation" file="tests\test_retire_cheat_loop_deploy_fence.py" line="5033" time="0.052" /><testcase classname="tests.test_retire_cheat_loop_deploy_fence" name="test_finalize_refences_new_writer_activator_inventory" file="tests\test_retire_cheat_loop_deploy_fence.py" line="5066" time="0.078" /><testcase classname="tests.test_retire_cheat_loop_deploy_fence" name="test_boot_reconciler_refences_interrupted_recovery_after_timer_loss" file="tests\test_retire_cheat_loop_deploy_fence.py" line="5109" time="0.066" /><testcase classname="tests.test_retire_cheat_loop_deploy_fence" name="test_cli_recovery_persists_installed_script_digest_before_compose" file="tests\test_retire_cheat_loop_deploy_fence.py" line="5148" time="0.063" /><testcase classname="tests.test_retire_cheat_loop_deploy_fence" name="test_expired_recovery_refences_orphaned_runner_loss" file="tests\test_retire_cheat_loop_deploy_fence.py" line="5206" time="0.076" /><testcase classname="tests.test_retire_cheat_loop_deploy_fence" name="test_unexpired_recovery_lease_cannot_be_stolen_or_expired" file="tests\test_retire_cheat_loop_deploy_fence.py" line="5239" time="0.064" /><testcase classname="tests.test_retire_cheat_loop_deploy_fence" name="test_expired_pending_recovery_is_reconciled_before_new_attempt" file="tests\test_retire_cheat_loop_deploy_fence.py" line="5276" time="0.106" /><testcase classname="tests.test_retire_cheat_loop_deploy_fence" name="test_expired_partial_owned_recovery_is_stopped_removed_and_replaced" file="tests\test_retire_cheat_loop_deploy_fence.py" line="5320" time="0.067" /><testcase classname="tests.test_retire_cheat_loop_deploy_fence" name="test_expired_partial_foreign_recovery_generation_is_not_touched" file="tests\test_retire_cheat_loop_deploy_fence.py" line="5374" time="0.033" /><testcase classname="tests.test_retire_cheat_loop_deploy_fence" name="test_unexpired_stopped_partial_recovery_lease_is_not_stolen" file="tests\test_retire_cheat_loop_deploy_fence.py" line="5420" time="0.036" /><testcase classname="tests.test_retire_cheat_loop_deploy_fence" name="test_expired_intermediate_recovery_phase_replays_fail_closed[recovery_planned]" file="tests\test_retire_cheat_loop_deploy_fence.py" line="5475" time="0.073" /><testcase classname="tests.test_retire_cheat_loop_deploy_fence" name="test_expired_intermediate_recovery_phase_replays_fail_closed[recovery_starting]" file="tests\test_retire_cheat_loop_deploy_fence.py" line="5475" time="0.061" /><testcase classname="tests.test_retire_cheat_loop_deploy_fence" name="test_expired_intermediate_recovery_phase_replays_fail_closed[recovery_pending_canary]" file="tests\test_retire_cheat_loop_deploy_fence.py" line="5475" time="0.067" /><testcase classname="tests.test_retire_cheat_loop_deploy_fence" name="test_expired_intermediate_recovery_phase_replays_fail_closed[safe_fleet]" file="tests\test_retire_cheat_loop_deploy_fence.py" line="5475" time="0.062" /><testcase classname="tests.test_retire_cheat_loop_deploy_fence" name="test_finalize_recovery_refences_silent_restart_policy_misapplication" file="tests\test_retire_cheat_loop_deploy_fence.py" line="5528" time="0.087" /><testcase classname="tests.test_retire_cheat_loop_deploy_fence" name="test_finalize_normalizes_saved_sidecar_policy_to_canonical_policy[no]" file="tests\test_retire_cheat_loop_deploy_fence.py" line="5562" time="0.107" /><testcase classname="tests.test_retire_cheat_loop_deploy_fence" name="test_finalize_normalizes_saved_sidecar_policy_to_canonical_policy[on-failure]" file="tests\test_retire_cheat_loop_deploy_fence.py" line="5562" time="0.095" /><testcase classname="tests.test_retire_cheat_loop_deploy_fence" name="test_finalize_normalizes_saved_sidecar_policy_to_canonical_policy[always]" file="tests\test_retire_cheat_loop_deploy_fence.py" line="5562" time="0.094" /><testcase classname="tests.test_retire_cheat_loop_deploy_fence" name="test_boot_reconciliation_refences_mid_policy_restoration_interruption" file="tests\test_retire_cheat_loop_deploy_fence.py" line="5609" time="0.084" /><testcase classname="tests.test_retire_cheat_loop_deploy_fence" name="test_expiry_refences_interrupted_finalization[canary_accepted]" file="tests\test_retire_cheat_loop_deploy_fence.py" line="5658" time="0.061" /><testcase classname="tests.test_retire_cheat_loop_deploy_fence" name="test_expiry_refences_interrupted_finalization[finalizing]" file="tests\test_retire_cheat_loop_deploy_fence.py" line="5658" time="0.064" /><testcase classname="tests.test_retire_cheat_loop_deploy_fence" name="test_recover_unsafe_requires_exact_runner_bound_identity_before_wal" file="tests\test_retire_cheat_loop_deploy_fence.py" line="5695" time="0.022" /><testcase classname="tests.test_retire_cheat_loop_deploy_fence" name="test_recover_unsafe_requires_complete_saved_restart_policies_before_wal" file="tests\test_retire_cheat_loop_deploy_fence.py" line="5718" time="0.030" /><testcase classname="tests.test_retire_cheat_loop_deploy_fence" name="test_recovery_refence_wrong_source_does_not_mutate" file="tests\test_retire_cheat_loop_deploy_fence.py" line="5743" time="0.021" /><testcase classname="tests.test_retire_cheat_loop_deploy_fence" name="test_recovery_refence_canary_failure_stops_current_recovered_fleet" file="tests\test_retire_cheat_loop_deploy_fence.py" line="5761" time="0.052" /><testcase classname="tests.test_retire_cheat_loop_deploy_fence" name="test_restore_handles_active_timer_requiring_static_service_to_settle" file="tests\test_retire_cheat_loop_deploy_fence.py" line="5789" time="0.015" /><testcase classname="tests.test_retire_cheat_loop_deploy_fence" name="test_preflight_records_only_settled_unit_states_before_fencing" file="tests\test_retire_cheat_loop_deploy_fence.py" line="5852" time="0.025" /><testcase classname="tests.test_retire_cheat_loop_deploy_fence" name="test_preflight_refuses_nonsettling_transient_unit_before_mutation[activating]" file="tests\test_retire_cheat_loop_deploy_fence.py" line="5899" time="0.013" /><testcase classname="tests.test_retire_cheat_loop_deploy_fence" name="test_preflight_refuses_nonsettling_transient_unit_before_mutation[deactivating]" file="tests\test_retire_cheat_loop_deploy_fence.py" line="5899" time="0.013" /><testcase classname="tests.test_retire_cheat_loop_deploy_fence" name="test_preflight_refuses_nonsettling_transient_unit_before_mutation[reloading]" file="tests\test_retire_cheat_loop_deploy_fence.py" line="5899" time="0.016" /><testcase classname="tests.test_retire_cheat_loop_deploy_fence" name="test_successful_normal_handoff_converges_daemon_to_active[active]" file="tests\test_retire_cheat_loop_deploy_fence.py" line="5931" time="0.028" /><testcase classname="tests.test_retire_cheat_loop_deploy_fence" name="test_successful_normal_handoff_converges_daemon_to_active[activating]" file="tests\test_retire_cheat_loop_deploy_fence.py" line="5931" time="0.022" /><testcase classname="tests.test_retire_cheat_loop_deploy_fence" name="test_successful_normal_handoff_converges_daemon_to_active[inactive]" file="tests\test_retire_cheat_loop_deploy_fence.py" line="5931" time="0.025" /><testcase classname="tests.test_retire_cheat_loop_deploy_fence" name="test_successful_normal_handoff_converges_daemon_to_active[failed]" file="tests\test_retire_cheat_loop_deploy_fence.py" line="5931" time="0.020" /><testcase classname="tests.test_retire_cheat_loop_deploy_fence" name="test_failed_forward_rollback_preserves_daemon_predecessor_state[inactive]" file="tests\test_retire_cheat_loop_deploy_fence.py" line="5989" time="0.022" /><testcase classname="tests.test_retire_cheat_loop_deploy_fence" name="test_failed_forward_rollback_preserves_daemon_predecessor_state[failed]" file="tests\test_retire_cheat_loop_deploy_fence.py" line="5989" time="0.022" /><testcase classname="tests.test_retire_cheat_loop_deploy_fence" name="test_restore_proof_failure_precedes_all_unit_mutation" file="tests\test_retire_cheat_loop_deploy_fence.py" line="6051" time="0.020" /><testcase classname="tests.test_retire_cheat_loop_deploy_fence" name="test_restore_rejects_invalid_persisted_daemon_state_before_mutation[daemon_state0]" file="tests\test_retire_cheat_loop_deploy_fence.py" line="6102" time="0.021" /><testcase classname="tests.test_retire_cheat_loop_deploy_fence" name="test_restore_rejects_invalid_persisted_daemon_state_before_mutation[daemon_state1]" file="tests\test_retire_cheat_loop_deploy_fence.py" line="6102" time="0.018" /><testcase classname="tests.test_retire_cheat_loop_deploy_fence" name="test_recover_unsafe_refences_after_mutation_os_error" file="tests\test_retire_cheat_loop_deploy_fence.py" line="6157" time="0.061" /><testcase classname="tests.test_retire_cheat_loop_deploy_fence" name="test_recover_unsafe_refuses_unproved_fenced_snapshot[extra]" file="tests\test_retire_cheat_loop_deploy_fence.py" line="6184" time="0.026" /><testcase classname="tests.test_retire_cheat_loop_deploy_fence" name="test_recover_unsafe_refuses_unproved_fenced_snapshot[queue]" file="tests\test_retire_cheat_loop_deploy_fence.py" line="6184" time="0.035" /><testcase classname="tests.test_retire_cheat_loop_deploy_fence" name="test_recover_unsafe_refuses_unproved_fenced_snapshot[receipt]" file="tests\test_retire_cheat_loop_deploy_fence.py" line="6184" time="0.029" /><testcase classname="tests.test_retire_cheat_loop_deploy_fence" name="test_restore_waits_for_activating_unit_then_exact_inactive" file="tests\test_retire_cheat_loop_deploy_fence.py" line="6229" time="0.011" /><testcase classname="tests.test_retire_cheat_loop_deploy_fence" name="test_restore_timeout_reports_last_transient_state" file="tests\test_retire_cheat_loop_deploy_fence.py" line="6254" time="0.011" /><testcase classname="tests.test_retire_cheat_loop_deploy_fence" name="test_parent_directory_fsync_is_attempted_on_posix" file="tests\test_retire_cheat_loop_deploy_fence.py" line="6269" time="0.010" /><testcase classname="tests.test_retrieval.TestVectorStore" name="test_singleton_connection" file="tests\test_retrieval.py" line="107" time="0.013" /><testcase classname="tests.test_retrieval.TestVectorStore" name="test_get_db_rejects_empty_path" file="tests\test_retrieval.py" line="114" time="0.001" /><testcase classname="tests.test_retrieval.TestVectorStore" name="test_vectorstore_rejects_empty_db_path" file="tests\test_retrieval.py" line="122" time="0.001" /><testcase classname="tests.test_retrieval.TestVectorStore" name="test_index_and_search" file="tests\test_retrieval.py" line="128" time="0.080" /><testcase classname="tests.test_retrieval.TestVectorStore" name="test_search_with_filter" file="tests\test_retrieval.py" line="157" time="0.046" /><testcase classname="tests.test_retrieval.TestVectorStore" name="test_empty_index" file="tests\test_retrieval.py" line="180" time="0.021" /><testcase classname="tests.test_retrieval.TestVectorStore" name="test_count" file="tests\test_retrieval.py" line="183" time="0.027" /><testcase classname="tests.test_retrieval.TestVectorStore" name="test_numpy_embedding" file="tests\test_retrieval.py" line="196" time="0.036" /><testcase classname="tests.test_retrieval.TestPhaseContext" name="test_orient_config" file="tests\test_retrieval.py" line="211" time="0.001" /><testcase classname="tests.test_retrieval.TestPhaseContext" name="test_plan_config" file="tests\test_retrieval.py" line="216" time="0.001" /><testcase classname="tests.test_retrieval.TestPhaseContext" name="test_draft_config" file="tests\test_retrieval.py" line="221" time="0.001" /><testcase classname="tests.test_retrieval.TestPhaseContext" name="test_evaluate_config" file="tests\test_retrieval.py" line="226" time="0.001" /><testcase classname="tests.test_retrieval.TestPhaseContext" name="test_unknown_phase_fallback" file="tests\test_retrieval.py" line="231" time="0.001" /><testcase classname="tests.test_retrieval.TestPhaseContext" name="test_should_use_backend" file="tests\test_retrieval.py" line="236" time="0.001" /><testcase classname="tests.test_retrieval.TestPhaseContext" name="test_token_budget" file="tests\test_retrieval.py" line="242" time="0.001" /><testcase classname="tests.test_retrieval.TestQueryDecomposition" name="test_parse_valid_json" file="tests\test_retrieval.py" line="254" time="0.001" /><testcase classname="tests.test_retrieval.TestQueryDecomposition" name="test_parse_markdown_fenced" file="tests\test_retrieval.py" line="269" time="0.001" /><testcase classname="tests.test_retrieval.TestQueryDecomposition" name="test_parse_invalid_json_fallback" file="tests\test_retrieval.py" line="275" time="0.001" /><testcase classname="tests.test_retrieval.TestQueryDecomposition" name="test_simple_decompose_relationship" file="tests\test_retrieval.py" line="280" time="0.001" /><testcase classname="tests.test_retrieval.TestQueryDecomposition" name="test_simple_decompose_thematic" file="tests\test_retrieval.py" line="284" time="0.001" /><testcase classname="tests.test_retrieval.TestQueryDecomposition" name="test_simple_decompose_tone" file="tests\test_retrieval.py" line="288" time="0.001" /><testcase classname="tests.test_retrieval.TestRetrievalRouter" name="test_orient_routes_to_hipporag" file="tests\test_retrieval.py" line="299" time="0.039" /><testcase classname="tests.test_retrieval.TestRetrievalRouter" name="test_draft_routes_to_vector" file="tests\test_retrieval.py" line="311" time="0.064" /><testcase classname="tests.test_retrieval.TestRetrievalRouter" name="test_draft_excludes_kg" file="tests\test_retrieval.py" line="338" time="0.038" /><testcase classname="tests.test_retrieval.TestRetrievalRouter" name="test_with_llm_decomposition" file="tests\test_retrieval.py" line="349" time="0.039" /><testcase classname="tests.test_retrieval.TestRetrievalRouter" name="test_token_estimation" file="tests\test_retrieval.py" line="372" time="0.041" /><testcase classname="tests.test_retrieval.TestRetrievalRouter" name="test_result_structure" file="tests\test_retrieval.py" line="383" time="0.052" /><testcase classname="tests.test_retrieval.TestScopeAssertion" name="test_rows_without_universe_id_pass_through" file="tests\test_retrieval.py" line="398" time="0.052" /><testcase classname="tests.test_retrieval.TestScopeAssertion" name="test_cross_universe_dict_rows_dropped" file="tests\test_retrieval.py" line="412" time="0.046" /><testcase classname="tests.test_retrieval.TestScopeAssertion" name="test_cross_universe_relationships_dropped" file="tests\test_retrieval.py" line="446" time="0.040" /><testcase classname="tests.test_retrieval.TestAgenticSearchPolicy" name="test_build_phase_query_varies_by_phase" file="tests\test_retrieval.py" line="467" time="0.001" /><testcase classname="tests.test_retrieval.TestAgenticSearchPolicy" name="test_run_phase_retrieval_skips_when_no_scope" file="tests\test_retrieval.py" line="487" time="0.001" /><testcase classname="tests.test_retrieval.TestAgenticSearchPolicy" name="test_run_phase_retrieval_threads_scope_to_router" file="tests\test_retrieval.py" line="508" time="0.001" /><testcase classname="tests.test_retrieval.TestAgenticSearchPolicy" name="test_assemble_phase_search_context_merges_prior_retrieval" file="tests\test_retrieval.py" line="556" time="0.001" /><testcase classname="tests.test_retrieval.TestAgenticSearchPolicy" name="test_assemble_phase_search_context_adds_pinned_soul_lens" file="tests\test_retrieval.py" line="608" time="0.031" /><testcase classname="tests.test_revert_loop_canary.TestClassifyLoopOkTier" name="test_green_on_no_reverts" file="tests\test_revert_loop_canary.py" line="70" time="0.001" /><testcase classname="tests.test_revert_loop_canary.TestClassifyLoopOkTier" name="test_green_on_2_reverts" file="tests\test_revert_loop_canary.py" line="79" time="0.001" /><testcase classname="tests.test_revert_loop_canary.TestClassifyLoopOkTier" name="test_green_on_mixed_success_and_fail" file="tests\test_revert_loop_canary.py" line="84" time="0.001" /><testcase classname="tests.test_revert_loop_canary.TestClassifyLoopWarnTier" name="test_warn_on_3_reverts_in_10min" file="tests\test_revert_loop_canary.py" line="95" time="0.001" /><testcase classname="tests.test_revert_loop_canary.TestClassifyLoopWarnTier" name="test_warn_exact_boundary" file="tests\test_revert_loop_canary.py" line="102" time="0.001" /><testcase classname="tests.test_revert_loop_canary.TestClassifyLoopWarnTier" name="test_warn_with_draft_failed_style_revert" file="tests\test_revert_loop_canary.py" line="107" time="0.001" /><testcase classname="tests.test_revert_loop_canary.TestClassifyLoopCriticalTier" name="test_critical_on_5_reverts_in_20min" file="tests\test_revert_loop_canary.py" line="118" time="0.001" /><testcase classname="tests.test_revert_loop_canary.TestClassifyLoopCriticalTier" name="test_critical_precedence_over_warn_when_both_fire" file="tests\test_revert_loop_canary.py" line="129" time="0.001" /><testcase classname="tests.test_revert_loop_canary.TestClassifyLoopCriticalTier" name="test_critical_with_more_than_threshold" file="tests\test_revert_loop_canary.py" line="138" time="0.001" /><testcase classname="tests.test_revert_loop_canary.TestClassifyLoopMathBoundaries" name="test_3_reverts_outside_10min_inside_20min_stays_green" file="tests\test_revert_loop_canary.py" line="148" time="0.001" /><testcase classname="tests.test_revert_loop_canary.TestClassifyLoopMathBoundaries" name="test_untimestamped_reverts_ignored" file="tests\test_revert_loop_canary.py" line="156" time="0.000" /><testcase classname="tests.test_revert_loop_canary.TestClassifyLoopEmptyEvidence" name="test_empty_tail_is_green" file="tests\test_revert_loop_canary.py" line="166" time="0.000" /><testcase classname="tests.test_revert_loop_canary.TestClassifyLoopEmptyEvidence" name="test_non_string_entries_skipped" file="tests\test_revert_loop_canary.py" line="172" time="0.000" /><testcase classname="tests.test_revert_loop_canary.TestRevertPatternDiscipline" name="test_draft_failed_does_not_count" file="tests\test_revert_loop_canary.py" line="182" time="0.001" /><testcase classname="tests.test_revert_loop_canary.TestRevertPatternDiscipline" name="test_all_providers_exhausted_does_not_count" file="tests\test_revert_loop_canary.py" line="191" time="0.001" /><testcase classname="tests.test_revert_loop_canary.TestRevertPatternDiscipline" name="test_keep_and_merge_verdicts_stay_green" file="tests\test_revert_loop_canary.py" line="200" time="0.001" /><testcase classname="tests.test_revert_loop_canary.TestRevertPatternDiscipline" name="test_mixed_revert_styles_all_count" file="tests\test_revert_loop_canary.py" line="209" time="0.001" /><testcase classname="tests.test_revert_loop_canary.TestRevertPatternDiscipline" name="test_case_insensitive_matching" file="tests\test_revert_loop_canary.py" line="218" time="0.001" /><testcase classname="tests.test_revert_loop_canary.TestParseLineTimestamp" name="test_bare_iso" file="tests\test_revert_loop_canary.py" line="229" time="0.001" /><testcase classname="tests.test_revert_loop_canary.TestParseLineTimestamp" name="test_bracketed_iso" file="tests\test_revert_loop_canary.py" line="233" time="0.001" /><testcase classname="tests.test_revert_loop_canary.TestParseLineTimestamp" name="test_no_timestamp_returns_none" file="tests\test_revert_loop_canary.py" line="237" time="0.000" /><testcase classname="tests.test_revert_loop_canary.TestParseLineTimestamp" name="test_malformed_timestamp_returns_none" file="tests\test_revert_loop_canary.py" line="240" time="0.001" /><testcase classname="tests.test_revert_loop_canary.TestFetchStatusActivityTail" name="test_happy_path" file="tests\test_revert_loop_canary.py" line="295" time="0.001" /><testcase classname="tests.test_revert_loop_canary.TestFetchStatusActivityTail" name="test_happy_path_accepts_structured_content_when_text_is_preview" file="tests\test_revert_loop_canary.py" line="307" time="0.001" /><testcase classname="tests.test_revert_loop_canary.TestFetchStatusActivityTail" name="test_initialize_error_raises_step4" file="tests\test_revert_loop_canary.py" line="329" time="0.000" /><testcase classname="tests.test_revert_loop_canary.TestFetchStatusActivityTail" name="test_initialize_missing_sid_raises_step4" file="tests\test_revert_loop_canary.py" line="339" time="0.001" /><testcase classname="tests.test_revert_loop_canary.TestFetchStatusActivityTail" name="test_tool_is_error_raises_step5" file="tests\test_revert_loop_canary.py" line="347" time="0.001" /><testcase classname="tests.test_revert_loop_canary.TestFetchStatusActivityTail" name="test_payload_missing_evidence_raises_step5" file="tests\test_revert_loop_canary.py" line="369" time="0.001" /><testcase classname="tests.test_revert_loop_canary.TestFetchStatusActivityTail" name="test_activity_log_read_failed_caveat_raises_step5" file="tests\test_revert_loop_canary.py" line="392" time="0.001" /><testcase classname="tests.test_revert_loop_canary.TestRunCanaryEndToEnd" name="test_green_end_to_end" file="tests\test_revert_loop_canary.py" line="430" time="0.001" /><testcase classname="tests.test_revert_loop_canary.TestRunCanaryEndToEnd" name="test_empty_tail_end_to_end_is_green" file="tests\test_revert_loop_canary.py" line="435" time="0.001" /><testcase classname="tests.test_revert_loop_canary.TestRunCanaryEndToEnd" name="test_warn_end_to_end" file="tests\test_revert_loop_canary.py" line="440" time="0.001" /><testcase classname="tests.test_revert_loop_canary.TestRunCanaryEndToEnd" name="test_critical_end_to_end" file="tests\test_revert_loop_canary.py" line="445" time="0.001" /><testcase classname="tests.test_rollback.TestComputeRollbackSet" name="test_singleton_no_children" file="tests\test_rollback.py" line="138" time="0.048" /><testcase classname="tests.test_rollback.TestComputeRollbackSet" name="test_forward_chain" file="tests\test_rollback.py" line="143" time="0.079" /><testcase classname="tests.test_rollback.TestComputeRollbackSet" name="test_fork_children" file="tests\test_rollback.py" line="151" time="0.104" /><testcase classname="tests.test_rollback.TestComputeRollbackSet" name="test_no_self_referential_cycle" file="tests\test_rollback.py" line="159" time="0.043" /><testcase classname="tests.test_rollback.TestExecuteRollbackSet" name="test_happy_path_flips_status" file="tests\test_rollback.py" line="172" time="0.056" /><testcase classname="tests.test_rollback.TestExecuteRollbackSet" name="test_emits_caused_regression_event" file="tests\test_rollback.py" line="184" time="0.067" /><testcase classname="tests.test_rollback.TestExecuteRollbackSet" name="test_empty_set_rejected" file="tests\test_rollback.py" line="206" time="0.012" /><testcase classname="tests.test_rollback.TestExecuteRollbackSet" name="test_unknown_severity_rejected" file="tests\test_rollback.py" line="213" time="0.057" /><testcase classname="tests.test_rollback.TestExecuteRollbackSet" name="test_double_rollback_rejected_atomically" file="tests\test_rollback.py" line="224" time="0.069" /><testcase classname="tests.test_rollback.TestExecuteRollbackSet" name="test_nonexistent_version_rejected_atomically" file="tests\test_rollback.py" line="243" time="0.051" /><testcase classname="tests.test_rollback.TestExecuteRollbackSet" name="test_weight_severity_table" file="tests\test_rollback.py" line="255" time="0.001" /><testcase classname="tests.test_rollback.TestWatchWindowSuspects" name="test_suspects_are_active_within_window_after_last_green" file="tests\test_rollback.py" line="265" time="0.100" /><testcase classname="tests.test_rollback.TestBisectCanary" name="test_bisect_returns_first_red_version_with_confirmation" file="tests\test_rollback.py" line="305" time="0.001" /><testcase classname="tests.test_rollback.TestBisectCanary" name="test_bisect_returns_none_when_confirmation_turns_green" file="tests\test_rollback.py" line="316" time="0.001" /><testcase classname="tests.test_rollback.TestAutoRollbackOnCanaryRed" name="test_single_p1_suspect_rolls_back_and_logs_without_replay" file="tests\test_rollback.py" line="328" time="0.087" /><testcase classname="tests.test_rollback.TestAutoRollbackOnCanaryRed" name="test_p2_suspect_records_event_without_rollback" file="tests\test_rollback.py" line="355" time="0.073" /><testcase classname="tests.test_rollback.TestAutoRollbackOnCanaryRed" name="test_many_suspects_escalate_without_rollback" file="tests\test_rollback.py" line="378" time="0.684" /><testcase classname="tests.test_rollback.TestAutoRollbackOnCanaryRed" name="test_multiple_suspects_bisect_then_rolls_back_culprit" file="tests\test_rollback.py" line="407" time="0.136" /><testcase classname="tests.test_rollback.TestAutoRollbackOnCanaryRed" name="test_p0_rollback_invokes_host_page_hook" file="tests\test_rollback.py" line="438" time="0.071" /><testcase classname="tests.test_rollback.TestGetRollbackHistory" name="test_empty_history" file="tests\test_rollback.py" line="469" time="0.044" /><testcase classname="tests.test_rollback.TestGetRollbackHistory" name="test_history_returns_rolled_back_only" file="tests\test_rollback.py" line="473" time="0.106" /><testcase classname="tests.test_rollback.TestGetRollbackHistory" name="test_history_includes_event_ids" file="tests\test_rollback.py" line="484" time="0.090" /><testcase classname="tests.test_rollback.TestOrchestrator" name="test_orchestrator_composes_closure_execute_repoint" file="tests\test_rollback.py" line="502" time="0.093" /><testcase classname="tests.test_rollback.TestOrchestrator" name="test_orchestrator_propagates_reject" file="tests\test_rollback.py" line="517" time="0.076" /><testcase classname="tests.test_rollback.TestRollbackMCPAction" name="test_rollback_merge_capability_authority" file="tests\test_rollback.py" line="552" time="0.132" /><testcase classname="tests.test_rollback.TestRollbackMCPAction" name="test_rollback_merge_missing_capability_rejected" file="tests\test_rollback.py" line="567" time="0.148" /><testcase classname="tests.test_rollback.TestRollbackMCPAction" name="test_rollback_merge_missing_args_rejected" file="tests\test_rollback.py" line="586" time="0.073" /><testcase classname="tests.test_rollback.TestRollbackMCPAction" name="test_get_rollback_history_no_authority_required" file="tests\test_rollback.py" line="595" time="0.127" /><testcase classname="tests.test_rollback_repoint.TestSingleVersionRepoint" name="test_repoint_to_immediate_active_parent" file="tests\test_rollback_repoint.py" line="68" time="0.134" /><testcase classname="tests.test_rollback_repoint.TestSingleVersionRepoint" name="test_unaffected_goal_not_touched" file="tests\test_rollback_repoint.py" line="90" time="0.119" /><testcase classname="tests.test_rollback_repoint.TestCascadingWalkUp" name="test_walk_skips_rolled_back_ancestors" file="tests\test_rollback_repoint.py" line="110" time="0.149" /><testcase classname="tests.test_rollback_repoint.TestMissingAncestor" name="test_no_eligible_ancestor_unsets_canonical" file="tests\test_rollback_repoint.py" line="135" time="0.129" /><testcase classname="tests.test_rollback_repoint.TestMissingAncestor" name="test_all_ancestors_rolled_back_unsets_canonical" file="tests\test_rollback_repoint.py" line="151" time="0.180" /><testcase classname="tests.test_rollback_repoint.TestOrchestratorIntegrationWithGoals" name="test_orchestrator_repoints_goal_end_to_end" file="tests\test_rollback_repoint.py" line="171" time="0.148" /><testcase classname="tests.test_rollback_repoint.TestOrchestratorIntegrationWithGoals" name="test_multiple_goals_repointed_independently" file="tests\test_rollback_repoint.py" line="189" time="0.170" /><testcase classname="tests.test_rollback_repoint.TestSelectorRepoint" name="test_clears_selector_pointer_on_rollback" file="tests\test_rollback_repoint.py" line="233" time="0.108" /><testcase classname="tests.test_rollback_repoint.TestSelectorRepoint" name="test_unaffected_goal_left_alone" file="tests\test_rollback_repoint.py" line="252" time="0.140" /><testcase classname="tests.test_rollback_repoint.TestSelectorRepoint" name="test_no_bindings_no_op" file="tests\test_rollback_repoint.py" line="272" time="0.052" /><testcase classname="tests.test_rollback_repoint.TestSelectorRepoint" name="test_empty_version_set_short_circuits" file="tests\test_rollback_repoint.py" line="283" time="0.051" /><testcase classname="tests.test_rollback_repoint.TestSelectorRepoint" name="test_orchestrator_runs_both_canonical_and_selector_repoint" file="tests\test_rollback_repoint.py" line="291" time="0.152" /><testcase classname="tests.test_routing_evidence.TestRoutingEvidenceEmpty" name="test_empty_returns_count_zero" file="tests\test_routing_evidence.py" line="81" time="0.100" /><testcase classname="tests.test_routing_evidence.TestRoutingEvidenceEmpty" name="test_empty_caveat_is_helpful" file="tests\test_routing_evidence.py" line="87" time="0.100" /><testcase classname="tests.test_routing_evidence.TestRoutingEvidencePopulated" name="test_returns_correct_count" file="tests\test_routing_evidence.py" line="95" time="0.115"><failure message="KeyError: 'status'">self = &lt;tests.test_routing_evidence.TestRoutingEvidencePopulated object at 0x0000018D894A8410&gt;
ext_env = (&lt;module 'tinyassets.universe_server' from 'C:\\Users\\Jonathan\\Projects\\wf-required-test-gate\\tinyassets\\universe... WindowsPath('C:/Users/Jonathan/AppData/Local/Temp/pytest-of-Jonathan/pytest-7404/test_returns_correct_count0/output'))

    def test_returns_correct_count(self, ext_env):
        us, base = ext_env
&gt;       bid = _build_branch(us)
              ^^^^^^^^^^^^^^^^^

tests\test_routing_evidence.py:98: 
_ _ _ _ _ _ _ _ _ _ _ _ _ _ _ _ _ _ _ _ _ _ _ _ _ _ _ _ _ _ _ _ _ _ _ _ _ _ _ _

us = &lt;module 'tinyassets.universe_server' from 'C:\\Users\\Jonathan\\Projects\\wf-required-test-gate\\tinyassets\\universe_server.py'&gt;

    def _build_branch(us) -&gt; str:
        spec = {
            "name": "routing-test-branch",
            "description": "",
            "tags": [],
            "entry_point": "capture",
            "node_defs": [{"node_id": "capture", "display_name": "Capture",
                           "prompt_template": "cap: {x}"}],
            "edges": [{"from": "START", "to": "capture"}, {"from": "capture", "to": "END"}],
            "state_schema": [{"name": "x", "type": "str"}],
        }
        res = json.loads(us.extensions(action="build_branch", spec_json=json.dumps(spec)))
&gt;       assert res["status"] == "built", res
               ^^^^^^^^^^^^^
E       KeyError: 'status'

tests\test_routing_evidence.py:52: KeyError</failure></testcase><testcase classname="tests.test_routing_evidence.TestRoutingEvidencePopulated" name="test_each_run_has_text_field" file="tests\test_routing_evidence.py" line="103" time="0.122"><failure message="KeyError: 'status'">self = &lt;tests.test_routing_evidence.TestRoutingEvidencePopulated object at 0x0000018D894A8550&gt;
ext_env = (&lt;module 'tinyassets.universe_server' from 'C:\\Users\\Jonathan\\Projects\\wf-required-test-gate\\tinyassets\\universe...indowsPath('C:/Users/Jonathan/AppData/Local/Temp/pytest-of-Jonathan/pytest-7404/test_each_run_has_text_field0/output'))

    def test_each_run_has_text_field(self, ext_env):
        us, base = ext_env
&gt;       bid = _build_branch(us)
              ^^^^^^^^^^^^^^^^^

tests\test_routing_evidence.py:106: 
_ _ _ _ _ _ _ _ _ _ _ _ _ _ _ _ _ _ _ _ _ _ _ _ _ _ _ _ _ _ _ _ _ _ _ _ _ _ _ _

us = &lt;module 'tinyassets.universe_server' from 'C:\\Users\\Jonathan\\Projects\\wf-required-test-gate\\tinyassets\\universe_server.py'&gt;

    def _build_branch(us) -&gt; str:
        spec = {
            "name": "routing-test-branch",
            "description": "",
            "tags": [],
            "entry_point": "capture",
            "node_defs": [{"node_id": "capture", "display_name": "Capture",
                           "prompt_template": "cap: {x}"}],
            "edges": [{"from": "START", "to": "capture"}, {"from": "capture", "to": "END"}],
            "state_schema": [{"name": "x", "type": "str"}],
        }
        res = json.loads(us.extensions(action="build_branch", spec_json=json.dumps(spec)))
&gt;       assert res["status"] == "built", res
               ^^^^^^^^^^^^^
E       KeyError: 'status'

tests\test_routing_evidence.py:52: KeyError</failure></testcase><testcase classname="tests.test_routing_evidence.TestRoutingEvidencePopulated" name="test_latency_ms_derived_from_timestamps" file="tests\test_routing_evidence.py" line="113" time="0.118"><failure message="KeyError: 'status'">self = &lt;tests.test_routing_evidence.TestRoutingEvidencePopulated object at 0x0000018D8B4A5480&gt;
ext_env = (&lt;module 'tinyassets.universe_server' from 'C:\\Users\\Jonathan\\Projects\\wf-required-test-gate\\tinyassets\\universe...dowsPath('C:/Users/Jonathan/AppData/Local/Temp/pytest-of-Jonathan/pytest-7404/test_latency_ms_derived_from_t0/output'))

    def test_latency_ms_derived_from_timestamps(self, ext_env):
        us, base = ext_env
&gt;       bid = _build_branch(us)
              ^^^^^^^^^^^^^^^^^

tests\test_routing_evidence.py:116: 
_ _ _ _ _ _ _ _ _ _ _ _ _ _ _ _ _ _ _ _ _ _ _ _ _ _ _ _ _ _ _ _ _ _ _ _ _ _ _ _

us = &lt;module 'tinyassets.universe_server' from 'C:\\Users\\Jonathan\\Projects\\wf-required-test-gate\\tinyassets\\universe_server.py'&gt;

    def _build_branch(us) -&gt; str:
        spec = {
            "name": "routing-test-branch",
            "description": "",
            "tags": [],
            "entry_point": "capture",
            "node_defs": [{"node_id": "capture", "display_name": "Capture",
                           "prompt_template": "cap: {x}"}],
            "edges": [{"from": "START", "to": "capture"}, {"from": "capture", "to": "END"}],
            "state_schema": [{"name": "x", "type": "str"}],
        }
        res = json.loads(us.extensions(action="build_branch", spec_json=json.dumps(spec)))
&gt;       assert res["status"] == "built", res
               ^^^^^^^^^^^^^
E       KeyError: 'status'

tests\test_routing_evidence.py:52: KeyError</failure></testcase><testcase classname="tests.test_routing_evidence.TestRoutingEvidencePopulated" name="test_caveat_present_on_every_record" file="tests\test_routing_evidence.py" line="122" time="0.115"><failure message="KeyError: 'status'">self = &lt;tests.test_routing_evidence.TestRoutingEvidencePopulated object at 0x0000018D8B4A55B0&gt;
ext_env = (&lt;module 'tinyassets.universe_server' from 'C:\\Users\\Jonathan\\Projects\\wf-required-test-gate\\tinyassets\\universe...dowsPath('C:/Users/Jonathan/AppData/Local/Temp/pytest-of-Jonathan/pytest-7404/test_caveat_present_on_every_r0/output'))

    def test_caveat_present_on_every_record(self, ext_env):
        us, base = ext_env
&gt;       bid = _build_branch(us)
              ^^^^^^^^^^^^^^^^^

tests\test_routing_evidence.py:125: 
_ _ _ _ _ _ _ _ _ _ _ _ _ _ _ _ _ _ _ _ _ _ _ _ _ _ _ _ _ _ _ _ _ _ _ _ _ _ _ _

us = &lt;module 'tinyassets.universe_server' from 'C:\\Users\\Jonathan\\Projects\\wf-required-test-gate\\tinyassets\\universe_server.py'&gt;

    def _build_branch(us) -&gt; str:
        spec = {
            "name": "routing-test-branch",
            "description": "",
            "tags": [],
            "entry_point": "capture",
            "node_defs": [{"node_id": "capture", "display_name": "Capture",
                           "prompt_template": "cap: {x}"}],
            "edges": [{"from": "START", "to": "capture"}, {"from": "capture", "to": "END"}],
            "state_schema": [{"name": "x", "type": "str"}],
        }
        res = json.loads(us.extensions(action="build_branch", spec_json=json.dumps(spec)))
&gt;       assert res["status"] == "built", res
               ^^^^^^^^^^^^^
E       KeyError: 'status'

tests\test_routing_evidence.py:52: KeyError</failure></testcase><testcase classname="tests.test_routing_evidence.TestRoutingEvidencePopulated" name="test_provider_used_and_token_count_are_none" file="tests\test_routing_evidence.py" line="132" time="0.118"><failure message="KeyError: 'status'">self = &lt;tests.test_routing_evidence.TestRoutingEvidencePopulated object at 0x0000018D8B2ED010&gt;
ext_env = (&lt;module 'tinyassets.universe_server' from 'C:\\Users\\Jonathan\\Projects\\wf-required-test-gate\\tinyassets\\universe...dowsPath('C:/Users/Jonathan/AppData/Local/Temp/pytest-of-Jonathan/pytest-7404/test_provider_used_and_token_c0/output'))

    def test_provider_used_and_token_count_are_none(self, ext_env):
        us, base = ext_env
&gt;       bid = _build_branch(us)
              ^^^^^^^^^^^^^^^^^

tests\test_routing_evidence.py:135: 
_ _ _ _ _ _ _ _ _ _ _ _ _ _ _ _ _ _ _ _ _ _ _ _ _ _ _ _ _ _ _ _ _ _ _ _ _ _ _ _

us = &lt;module 'tinyassets.universe_server' from 'C:\\Users\\Jonathan\\Projects\\wf-required-test-gate\\tinyassets\\universe_server.py'&gt;

    def _build_branch(us) -&gt; str:
        spec = {
            "name": "routing-test-branch",
            "description": "",
            "tags": [],
            "entry_point": "capture",
            "node_defs": [{"node_id": "capture", "display_name": "Capture",
                           "prompt_template": "cap: {x}"}],
            "edges": [{"from": "START", "to": "capture"}, {"from": "capture", "to": "END"}],
            "state_schema": [{"name": "x", "type": "str"}],
        }
        res = json.loads(us.extensions(action="build_branch", spec_json=json.dumps(spec)))
&gt;       assert res["status"] == "built", res
               ^^^^^^^^^^^^^
E       KeyError: 'status'

tests\test_routing_evidence.py:52: KeyError</failure></testcase><testcase classname="tests.test_routing_evidence.TestRoutingEvidencePopulated" name="test_top_level_caveat_matches_record" file="tests\test_routing_evidence.py" line="141" time="0.116"><failure message="KeyError: 'status'">self = &lt;tests.test_routing_evidence.TestRoutingEvidencePopulated object at 0x0000018D8B623570&gt;
ext_env = (&lt;module 'tinyassets.universe_server' from 'C:\\Users\\Jonathan\\Projects\\wf-required-test-gate\\tinyassets\\universe...dowsPath('C:/Users/Jonathan/AppData/Local/Temp/pytest-of-Jonathan/pytest-7404/test_top_level_caveat_matches_0/output'))

    def test_top_level_caveat_matches_record(self, ext_env):
        us, base = ext_env
&gt;       bid = _build_branch(us)
              ^^^^^^^^^^^^^^^^^

tests\test_routing_evidence.py:144: 
_ _ _ _ _ _ _ _ _ _ _ _ _ _ _ _ _ _ _ _ _ _ _ _ _ _ _ _ _ _ _ _ _ _ _ _ _ _ _ _

us = &lt;module 'tinyassets.universe_server' from 'C:\\Users\\Jonathan\\Projects\\wf-required-test-gate\\tinyassets\\universe_server.py'&gt;

    def _build_branch(us) -&gt; str:
        spec = {
            "name": "routing-test-branch",
            "description": "",
            "tags": [],
            "entry_point": "capture",
            "node_defs": [{"node_id": "capture", "display_name": "Capture",
                           "prompt_template": "cap: {x}"}],
            "edges": [{"from": "START", "to": "capture"}, {"from": "capture", "to": "END"}],
            "state_schema": [{"name": "x", "type": "str"}],
        }
        res = json.loads(us.extensions(action="build_branch", spec_json=json.dumps(spec)))
&gt;       assert res["status"] == "built", res
               ^^^^^^^^^^^^^
E       KeyError: 'status'

tests\test_routing_evidence.py:52: KeyError</failure></testcase><testcase classname="tests.test_routing_evidence.TestRoutingEvidenceLimitCap" name="test_limit_cap_at_50" file="tests\test_routing_evidence.py" line="150" time="0.116"><failure message="KeyError: 'status'">self = &lt;tests.test_routing_evidence.TestRoutingEvidenceLimitCap object at 0x0000018D894A8690&gt;
ext_env = (&lt;module 'tinyassets.universe_server' from 'C:\\Users\\Jonathan\\Projects\\wf-required-test-gate\\tinyassets\\universe....py'&gt;, WindowsPath('C:/Users/Jonathan/AppData/Local/Temp/pytest-of-Jonathan/pytest-7404/test_limit_cap_at_500/output'))

    def test_limit_cap_at_50(self, ext_env):
        us, base = ext_env
&gt;       bid = _build_branch(us)
              ^^^^^^^^^^^^^^^^^

tests\test_routing_evidence.py:153: 
_ _ _ _ _ _ _ _ _ _ _ _ _ _ _ _ _ _ _ _ _ _ _ _ _ _ _ _ _ _ _ _ _ _ _ _ _ _ _ _

us = &lt;module 'tinyassets.universe_server' from 'C:\\Users\\Jonathan\\Projects\\wf-required-test-gate\\tinyassets\\universe_server.py'&gt;

    def _build_branch(us) -&gt; str:
        spec = {
            "name": "routing-test-branch",
            "description": "",
            "tags": [],
            "entry_point": "capture",
            "node_defs": [{"node_id": "capture", "display_name": "Capture",
                           "prompt_template": "cap: {x}"}],
            "edges": [{"from": "START", "to": "capture"}, {"from": "capture", "to": "END"}],
            "state_schema": [{"name": "x", "type": "str"}],
        }
        res = json.loads(us.extensions(action="build_branch", spec_json=json.dumps(spec)))
&gt;       assert res["status"] == "built", res
               ^^^^^^^^^^^^^
E       KeyError: 'status'

tests\test_routing_evidence.py:52: KeyError</failure></testcase><testcase classname="tests.test_routing_evidence.TestRoutingEvidenceLimitCap" name="test_default_limit_is_10" file="tests\test_routing_evidence.py" line="158" time="0.115"><failure message="KeyError: 'status'">self = &lt;tests.test_routing_evidence.TestRoutingEvidenceLimitCap object at 0x0000018D894A87D0&gt;
ext_env = (&lt;module 'tinyassets.universe_server' from 'C:\\Users\\Jonathan\\Projects\\wf-required-test-gate\\tinyassets\\universe...&gt;, WindowsPath('C:/Users/Jonathan/AppData/Local/Temp/pytest-of-Jonathan/pytest-7404/test_default_limit_is_100/output'))

    def test_default_limit_is_10(self, ext_env):
        us, base = ext_env
&gt;       bid = _build_branch(us)
              ^^^^^^^^^^^^^^^^^

tests\test_routing_evidence.py:161: 
_ _ _ _ _ _ _ _ _ _ _ _ _ _ _ _ _ _ _ _ _ _ _ _ _ _ _ _ _ _ _ _ _ _ _ _ _ _ _ _

us = &lt;module 'tinyassets.universe_server' from 'C:\\Users\\Jonathan\\Projects\\wf-required-test-gate\\tinyassets\\universe_server.py'&gt;

    def _build_branch(us) -&gt; str:
        spec = {
            "name": "routing-test-branch",
            "description": "",
            "tags": [],
            "entry_point": "capture",
            "node_defs": [{"node_id": "capture", "display_name": "Capture",
                           "prompt_template": "cap: {x}"}],
            "edges": [{"from": "START", "to": "capture"}, {"from": "capture", "to": "END"}],
            "state_schema": [{"name": "x", "type": "str"}],
        }
        res = json.loads(us.extensions(action="build_branch", spec_json=json.dumps(spec)))
&gt;       assert res["status"] == "built", res
               ^^^^^^^^^^^^^
E       KeyError: 'status'

tests\test_routing_evidence.py:52: KeyError</failure></testcase><testcase classname="tests.test_routing_evidence.TestRoutingEvidenceLimitCap" name="test_explicit_limit_respected" file="tests\test_routing_evidence.py" line="166" time="0.114"><failure message="KeyError: 'status'">self = &lt;tests.test_routing_evidence.TestRoutingEvidenceLimitCap object at 0x0000018D8B4A56E0&gt;
ext_env = (&lt;module 'tinyassets.universe_server' from 'C:\\Users\\Jonathan\\Projects\\wf-required-test-gate\\tinyassets\\universe...ndowsPath('C:/Users/Jonathan/AppData/Local/Temp/pytest-of-Jonathan/pytest-7404/test_explicit_limit_respected0/output'))

    def test_explicit_limit_respected(self, ext_env):
        us, base = ext_env
&gt;       bid = _build_branch(us)
              ^^^^^^^^^^^^^^^^^

tests\test_routing_evidence.py:169: 
_ _ _ _ _ _ _ _ _ _ _ _ _ _ _ _ _ _ _ _ _ _ _ _ _ _ _ _ _ _ _ _ _ _ _ _ _ _ _ _

us = &lt;module 'tinyassets.universe_server' from 'C:\\Users\\Jonathan\\Projects\\wf-required-test-gate\\tinyassets\\universe_server.py'&gt;

    def _build_branch(us) -&gt; str:
        spec = {
            "name": "routing-test-branch",
            "description": "",
            "tags": [],
            "entry_point": "capture",
            "node_defs": [{"node_id": "capture", "display_name": "Capture",
                           "prompt_template": "cap: {x}"}],
            "edges": [{"from": "START", "to": "capture"}, {"from": "capture", "to": "END"}],
            "state_schema": [{"name": "x", "type": "str"}],
        }
        res = json.loads(us.extensions(action="build_branch", spec_json=json.dumps(spec)))
&gt;       assert res["status"] == "built", res
               ^^^^^^^^^^^^^
E       KeyError: 'status'

tests\test_routing_evidence.py:52: KeyError</failure></testcase><testcase classname="tests.test_routing_evidence.TestRoutingEvidenceFailureClass" name="test_failed_run_has_error_failure_class" file="tests\test_routing_evidence.py" line="176" time="0.113"><failure message="KeyError: 'status'">self = &lt;tests.test_routing_evidence.TestRoutingEvidenceFailureClass object at 0x0000018D894A8910&gt;
ext_env = (&lt;module 'tinyassets.universe_server' from 'C:\\Users\\Jonathan\\Projects\\wf-required-test-gate\\tinyassets\\universe...dowsPath('C:/Users/Jonathan/AppData/Local/Temp/pytest-of-Jonathan/pytest-7404/test_failed_run_has_error_fail0/output'))

    def test_failed_run_has_error_failure_class(self, ext_env):
        us, base = ext_env
&gt;       bid = _build_branch(us)
              ^^^^^^^^^^^^^^^^^

tests\test_routing_evidence.py:179: 
_ _ _ _ _ _ _ _ _ _ _ _ _ _ _ _ _ _ _ _ _ _ _ _ _ _ _ _ _ _ _ _ _ _ _ _ _ _ _ _

us = &lt;module 'tinyassets.universe_server' from 'C:\\Users\\Jonathan\\Projects\\wf-required-test-gate\\tinyassets\\universe_server.py'&gt;

    def _build_branch(us) -&gt; str:
        spec = {
            "name": "routing-test-branch",
            "description": "",
            "tags": [],
            "entry_point": "capture",
            "node_defs": [{"node_id": "capture", "display_name": "Capture",
                           "prompt_template": "cap: {x}"}],
            "edges": [{"from": "START", "to": "capture"}, {"from": "capture", "to": "END"}],
            "state_schema": [{"name": "x", "type": "str"}],
        }
        res = json.loads(us.extensions(action="build_branch", spec_json=json.dumps(spec)))
&gt;       assert res["status"] == "built", res
               ^^^^^^^^^^^^^
E       KeyError: 'status'

tests\test_routing_evidence.py:52: KeyError</failure></testcase><testcase classname="tests.test_routing_evidence.TestRoutingEvidenceFailureClass" name="test_cancelled_run_has_cancelled_failure_class" file="tests\test_routing_evidence.py" line="186" time="0.113"><failure message="KeyError: 'status'">self = &lt;tests.test_routing_evidence.TestRoutingEvidenceFailureClass object at 0x0000018D894A8A50&gt;
ext_env = (&lt;module 'tinyassets.universe_server' from 'C:\\Users\\Jonathan\\Projects\\wf-required-test-gate\\tinyassets\\universe...dowsPath('C:/Users/Jonathan/AppData/Local/Temp/pytest-of-Jonathan/pytest-7404/test_cancelled_run_has_cancell0/output'))

    def test_cancelled_run_has_cancelled_failure_class(self, ext_env):
        us, base = ext_env
&gt;       bid = _build_branch(us)
              ^^^^^^^^^^^^^^^^^

tests\test_routing_evidence.py:189: 
_ _ _ _ _ _ _ _ _ _ _ _ _ _ _ _ _ _ _ _ _ _ _ _ _ _ _ _ _ _ _ _ _ _ _ _ _ _ _ _

us = &lt;module 'tinyassets.universe_server' from 'C:\\Users\\Jonathan\\Projects\\wf-required-test-gate\\tinyassets\\universe_server.py'&gt;

    def _build_branch(us) -&gt; str:
        spec = {
            "name": "routing-test-branch",
            "description": "",
            "tags": [],
            "entry_point": "capture",
            "node_defs": [{"node_id": "capture", "display_name": "Capture",
                           "prompt_template": "cap: {x}"}],
            "edges": [{"from": "START", "to": "capture"}, {"from": "capture", "to": "END"}],
            "state_schema": [{"name": "x", "type": "str"}],
        }
        res = json.loads(us.extensions(action="build_branch", spec_json=json.dumps(spec)))
&gt;       assert res["status"] == "built", res
               ^^^^^^^^^^^^^
E       KeyError: 'status'

tests\test_routing_evidence.py:52: KeyError</failure></testcase><testcase classname="tests.test_routing_evidence.TestRoutingEvidenceFailureClass" name="test_timeout_error_classified_correctly" file="tests\test_routing_evidence.py" line="194" time="0.111"><failure message="KeyError: 'status'">self = &lt;tests.test_routing_evidence.TestRoutingEvidenceFailureClass object at 0x0000018D8B4A5810&gt;
ext_env = (&lt;module 'tinyassets.universe_server' from 'C:\\Users\\Jonathan\\Projects\\wf-required-test-gate\\tinyassets\\universe...dowsPath('C:/Users/Jonathan/AppData/Local/Temp/pytest-of-Jonathan/pytest-7404/test_timeout_error_classified_0/output'))

    def test_timeout_error_classified_correctly(self, ext_env):
        us, base = ext_env
&gt;       bid = _build_branch(us)
              ^^^^^^^^^^^^^^^^^

tests\test_routing_evidence.py:197: 
_ _ _ _ _ _ _ _ _ _ _ _ _ _ _ _ _ _ _ _ _ _ _ _ _ _ _ _ _ _ _ _ _ _ _ _ _ _ _ _

us = &lt;module 'tinyassets.universe_server' from 'C:\\Users\\Jonathan\\Projects\\wf-required-test-gate\\tinyassets\\universe_server.py'&gt;

    def _build_branch(us) -&gt; str:
        spec = {
            "name": "routing-test-branch",
            "description": "",
            "tags": [],
            "entry_point": "capture",
            "node_defs": [{"node_id": "capture", "display_name": "Capture",
                           "prompt_template": "cap: {x}"}],
            "edges": [{"from": "START", "to": "capture"}, {"from": "capture", "to": "END"}],
            "state_schema": [{"name": "x", "type": "str"}],
        }
        res = json.loads(us.extensions(action="build_branch", spec_json=json.dumps(spec)))
&gt;       assert res["status"] == "built", res
               ^^^^^^^^^^^^^
E       KeyError: 'status'

tests\test_routing_evidence.py:52: KeyError</failure></testcase><testcase classname="tests.test_routing_evidence.TestRoutingEvidenceFailureClass" name="test_provider_exhausted_classified_correctly" file="tests\test_routing_evidence.py" line="204" time="0.114"><failure message="KeyError: 'status'">self = &lt;tests.test_routing_evidence.TestRoutingEvidenceFailureClass object at 0x0000018D8B4A5940&gt;
ext_env = (&lt;module 'tinyassets.universe_server' from 'C:\\Users\\Jonathan\\Projects\\wf-required-test-gate\\tinyassets\\universe...dowsPath('C:/Users/Jonathan/AppData/Local/Temp/pytest-of-Jonathan/pytest-7404/test_provider_exhausted_classi0/output'))

    def test_provider_exhausted_classified_correctly(self, ext_env):
        us, base = ext_env
&gt;       bid = _build_branch(us)
              ^^^^^^^^^^^^^^^^^

tests\test_routing_evidence.py:207: 
_ _ _ _ _ _ _ _ _ _ _ _ _ _ _ _ _ _ _ _ _ _ _ _ _ _ _ _ _ _ _ _ _ _ _ _ _ _ _ _

us = &lt;module 'tinyassets.universe_server' from 'C:\\Users\\Jonathan\\Projects\\wf-required-test-gate\\tinyassets\\universe_server.py'&gt;

    def _build_branch(us) -&gt; str:
        spec = {
            "name": "routing-test-branch",
            "description": "",
            "tags": [],
            "entry_point": "capture",
            "node_defs": [{"node_id": "capture", "display_name": "Capture",
                           "prompt_template": "cap: {x}"}],
            "edges": [{"from": "START", "to": "capture"}, {"from": "capture", "to": "END"}],
            "state_schema": [{"name": "x", "type": "str"}],
        }
        res = json.loads(us.extensions(action="build_branch", spec_json=json.dumps(spec)))
&gt;       assert res["status"] == "built", res
               ^^^^^^^^^^^^^
E       KeyError: 'status'

tests\test_routing_evidence.py:52: KeyError</failure></testcase><testcase classname="tests.test_routing_evidence.TestRoutingEvidenceFailureClass" name="test_completed_run_has_empty_failure_class" file="tests\test_routing_evidence.py" line="213" time="0.113"><failure message="KeyError: 'status'">self = &lt;tests.test_routing_evidence.TestRoutingEvidenceFailureClass object at 0x0000018D8B61C290&gt;
ext_env = (&lt;module 'tinyassets.universe_server' from 'C:\\Users\\Jonathan\\Projects\\wf-required-test-gate\\tinyassets\\universe...dowsPath('C:/Users/Jonathan/AppData/Local/Temp/pytest-of-Jonathan/pytest-7404/test_completed_run_has_empty_f0/output'))

    def test_completed_run_has_empty_failure_class(self, ext_env):
        us, base = ext_env
&gt;       bid = _build_branch(us)
              ^^^^^^^^^^^^^^^^^

tests\test_routing_evidence.py:216: 
_ _ _ _ _ _ _ _ _ _ _ _ _ _ _ _ _ _ _ _ _ _ _ _ _ _ _ _ _ _ _ _ _ _ _ _ _ _ _ _

us = &lt;module 'tinyassets.universe_server' from 'C:\\Users\\Jonathan\\Projects\\wf-required-test-gate\\tinyassets\\universe_server.py'&gt;

    def _build_branch(us) -&gt; str:
        spec = {
            "name": "routing-test-branch",
            "description": "",
            "tags": [],
            "entry_point": "capture",
            "node_defs": [{"node_id": "capture", "display_name": "Capture",
                           "prompt_template": "cap: {x}"}],
            "edges": [{"from": "START", "to": "capture"}, {"from": "capture", "to": "END"}],
            "state_schema": [{"name": "x", "type": "str"}],
        }
        res = json.loads(us.extensions(action="build_branch", spec_json=json.dumps(spec)))
&gt;       assert res["status"] == "built", res
               ^^^^^^^^^^^^^
E       KeyError: 'status'

tests\test_routing_evidence.py:52: KeyError</failure></testcase><testcase classname="tests.test_routing_evidence.TestRoutingEvidenceBranchFilter" name="test_branch_filter_scopes_results" file="tests\test_routing_evidence.py" line="224" time="0.116"><failure message="KeyError: 'status'">self = &lt;tests.test_routing_evidence.TestRoutingEvidenceBranchFilter object at 0x0000018D894A8B90&gt;
ext_env = (&lt;module 'tinyassets.universe_server' from 'C:\\Users\\Jonathan\\Projects\\wf-required-test-gate\\tinyassets\\universe...dowsPath('C:/Users/Jonathan/AppData/Local/Temp/pytest-of-Jonathan/pytest-7404/test_branch_filter_scopes_resu0/output'))

    def test_branch_filter_scopes_results(self, ext_env):
        us, base = ext_env
&gt;       bid_a = _build_branch(us)
                ^^^^^^^^^^^^^^^^^

tests\test_routing_evidence.py:227: 
_ _ _ _ _ _ _ _ _ _ _ _ _ _ _ _ _ _ _ _ _ _ _ _ _ _ _ _ _ _ _ _ _ _ _ _ _ _ _ _

us = &lt;module 'tinyassets.universe_server' from 'C:\\Users\\Jonathan\\Projects\\wf-required-test-gate\\tinyassets\\universe_server.py'&gt;

    def _build_branch(us) -&gt; str:
        spec = {
            "name": "routing-test-branch",
            "description": "",
            "tags": [],
            "entry_point": "capture",
            "node_defs": [{"node_id": "capture", "display_name": "Capture",
                           "prompt_template": "cap: {x}"}],
            "edges": [{"from": "START", "to": "capture"}, {"from": "capture", "to": "END"}],
            "state_schema": [{"name": "x", "type": "str"}],
        }
        res = json.loads(us.extensions(action="build_branch", spec_json=json.dumps(spec)))
&gt;       assert res["status"] == "built", res
               ^^^^^^^^^^^^^
E       KeyError: 'status'

tests\test_routing_evidence.py:52: KeyError</failure></testcase><testcase classname="tests.test_run_branch_failure_taxonomy.TestClassifyRunError" name="test_empty_response_error_class" file="tests\test_run_branch_failure_taxonomy.py" line="15" time="0.001" /><testcase classname="tests.test_run_branch_failure_taxonomy.TestClassifyRunError" name="test_recursion_error_class" file="tests\test_run_branch_failure_taxonomy.py" line="23" time="0.000" /><testcase classname="tests.test_run_branch_failure_taxonomy.TestClassifyRunError" name="test_timeout_error_class" file="tests\test_run_branch_failure_taxonomy.py" line="29" time="0.000" /><testcase classname="tests.test_run_branch_failure_taxonomy.TestClassifyRunError" name="test_provider_keyword_in_message" file="tests\test_run_branch_failure_taxonomy.py" line="35" time="0.000" /><testcase classname="tests.test_run_branch_failure_taxonomy.TestClassifyRunError" name="test_approval_keyword_in_message" file="tests\test_run_branch_failure_taxonomy.py" line="41" time="0.001"><failure message="AssertionError: assert 'approve_source_code' in 'Ask the host to approve the source_code node through the internal operator surface before running; approval is not exposed by the advertised handles.'">self = &lt;tests.test_run_branch_failure_taxonomy.TestClassifyRunError object at 0x0000018D8B61C5F0&gt;

    def test_approval_keyword_in_message(self):
        exc = RuntimeError("source_code node requires approval")
        result = _classify_run_error(exc, "b1")
        assert result["failure_class"] == "node_not_approved"
&gt;       assert "approve_source_code" in result["suggested_action"]
E       AssertionError: assert 'approve_source_code' in 'Ask the host to approve the source_code node through the internal operator surface before running; approval is not exposed by the advertised handles.'

tests\test_run_branch_failure_taxonomy.py:46: AssertionError</failure></testcase><testcase classname="tests.test_run_branch_failure_taxonomy.TestClassifyRunError" name="test_quota_exhausted_rate_limit" file="tests\test_run_branch_failure_taxonomy.py" line="47" time="0.001" /><testcase classname="tests.test_run_branch_failure_taxonomy.TestClassifyRunError" name="test_quota_exhausted_quota_keyword" file="tests\test_run_branch_failure_taxonomy.py" line="53" time="0.001" /><testcase classname="tests.test_run_branch_failure_taxonomy.TestClassifyRunError" name="test_permission_denied_auth_expired" file="tests\test_run_branch_failure_taxonomy.py" line="58" time="0.000" /><testcase classname="tests.test_run_branch_failure_taxonomy.TestClassifyRunError" name="test_permission_denied_approval_required" file="tests\test_run_branch_failure_taxonomy.py" line="64" time="0.001" /><testcase classname="tests.test_run_branch_failure_taxonomy.TestClassifyRunError" name="test_state_mutation_conflict_concurrent" file="tests\test_run_branch_failure_taxonomy.py" line="69" time="0.001"><failure message="assert 'get_branch' in 'Concurrent modification detected; re-fetch the branch state with read_graph target=&quot;branch&quot; branch_id=&quot;b1&quot;, then reapply your edit.'">self = &lt;tests.test_run_branch_failure_taxonomy.TestClassifyRunError object at 0x0000018D8B65A8A0&gt;

    def test_state_mutation_conflict_concurrent(self):
        exc = RuntimeError("concurrent modification detected on branch")
        result = _classify_run_error(exc, "b1")
        assert result["failure_class"] == "state_mutation_conflict"
&gt;       assert "get_branch" in result["suggested_action"]
E       assert 'get_branch' in 'Concurrent modification detected; re-fetch the branch state with read_graph target="branch" branch_id="b1", then reapply your edit.'

tests\test_run_branch_failure_taxonomy.py:74: AssertionError</failure></testcase><testcase classname="tests.test_run_branch_failure_taxonomy.TestClassifyRunError" name="test_state_mutation_conflict_stale" file="tests\test_run_branch_failure_taxonomy.py" line="75" time="0.001" /><testcase classname="tests.test_run_branch_failure_taxonomy.TestClassifyRunError" name="test_node_not_approved_backward_compat" file="tests\test_run_branch_failure_taxonomy.py" line="80" time="0.000" /><testcase classname="tests.test_run_branch_failure_taxonomy.TestClassifyRunError" name="test_unknown_exception_class" file="tests\test_run_branch_failure_taxonomy.py" line="85" time="0.001"><failure message="assert 'get_run' in 'Inspect the branch with read_graph target=&quot;branch&quot; branch_id=&quot;b1&quot;.'">self = &lt;tests.test_run_branch_failure_taxonomy.TestClassifyRunError object at 0x0000018D8B49A270&gt;

    def test_unknown_exception_class(self):
        exc = ValueError("some unknown internal error")
        result = _classify_run_error(exc, "b1")
        assert result["failure_class"] == "unknown"
&gt;       assert "get_run" in result["suggested_action"]
E       assert 'get_run' in 'Inspect the branch with read_graph target="branch" branch_id="b1".'

tests\test_run_branch_failure_taxonomy.py:90: AssertionError</failure></testcase><testcase classname="tests.test_run_branch_failure_taxonomy.TestClassifyRunError" name="test_error_message_always_present" file="tests\test_run_branch_failure_taxonomy.py" line="91" time="0.001" /><testcase classname="tests.test_run_branch_failure_taxonomy.TestRunBranchTaxonomyIntegration" name="test_empty_response_error_surfaces_in_mcp" file="tests\test_run_branch_failure_taxonomy.py" line="134" time="0.003" /><testcase classname="tests.test_run_branch_failure_taxonomy.TestRunBranchTaxonomyIntegration" name="test_recursion_error_surfaces_in_mcp" file="tests\test_run_branch_failure_taxonomy.py" line="140" time="0.002" /><testcase classname="tests.test_run_branch_failure_taxonomy.TestRunBranchTaxonomyIntegration" name="test_unknown_error_surfaces_in_mcp" file="tests\test_run_branch_failure_taxonomy.py" line="144" time="0.002" /><testcase classname="tests.test_run_branch_failure_taxonomy.TestClassifyRunOutcomeError" name="test_known_patterns[Empty LLM response: Node 'extract_claims': LLM returned empty response \u2014 check provider availability and credentials-empty_llm_response-llm_type]" file="tests\test_run_branch_failure_taxonomy.py" line="153" time="0.001" /><testcase classname="tests.test_run_branch_failure_taxonomy.TestClassifyRunOutcomeError" name="test_known_patterns[Branch run timed out after 120s-timeout-timeout param]" file="tests\test_run_branch_failure_taxonomy.py" line="153" time="0.001" /><testcase classname="tests.test_run_branch_failure_taxonomy.TestClassifyRunOutcomeError" name="test_known_patterns[Rate limit exceeded for this API key-quota_exhausted-llm_type]" file="tests\test_run_branch_failure_taxonomy.py" line="153" time="0.001" /><testcase classname="tests.test_run_branch_failure_taxonomy.TestClassifyRunOutcomeError" name="test_known_patterns[Groq call failed: connection reset by peer-provider_error-llm_type]" file="tests\test_run_branch_failure_taxonomy.py" line="153" time="0.001" /><testcase classname="tests.test_run_branch_failure_taxonomy.TestClassifyRunOutcomeError" name="test_known_patterns[Gemini call failed: unexpected EOF-provider_error-llm_type]" file="tests\test_run_branch_failure_taxonomy.py" line="153" time="0.001" /><testcase classname="tests.test_run_branch_failure_taxonomy.TestClassifyRunOutcomeError" name="test_known_patterns[Grok call failed: internal server error-provider_overloaded-30-60s]" file="tests\test_run_branch_failure_taxonomy.py" line="153" time="0.001" /><testcase classname="tests.test_run_branch_failure_taxonomy.TestClassifyRunOutcomeError" name="test_known_patterns[claude -p returned exit code 1 quickly -- api likely unavailable-provider_subprocess_failed-binary]" file="tests\test_run_branch_failure_taxonomy.py" line="153" time="0.001" /><testcase classname="tests.test_run_branch_failure_taxonomy.TestClassifyRunOutcomeError" name="test_known_patterns[claude -p crashed with windows exit code 0xc0000374 \u2014 subprocess failure, applying cooldown-provider_subprocess_failed-binary]" file="tests\test_run_branch_failure_taxonomy.py" line="153" time="0.001" /><testcase classname="tests.test_run_branch_failure_taxonomy.TestClassifyRunOutcomeError" name="test_known_patterns[Gemini rate-limited: 503 service unavailable \u2014 model overloaded-provider_overloaded-30-60s]" file="tests\test_run_branch_failure_taxonomy.py" line="153" time="0.001" /><testcase classname="tests.test_run_branch_failure_taxonomy.TestClassifyRunOutcomeError" name="test_known_patterns[server error: overloaded, please retry-provider_overloaded-30-60s]" file="tests\test_run_branch_failure_taxonomy.py" line="153" time="0.001" /><testcase classname="tests.test_run_branch_failure_taxonomy.TestClassifyRunOutcomeError" name="test_known_patterns[503 service temporarily unavailable-provider_overloaded-30-60s]" file="tests\test_run_branch_failure_taxonomy.py" line="153" time="0.001" /><testcase classname="tests.test_run_branch_failure_taxonomy.TestClassifyRunOutcomeError" name="test_known_patterns[maximum context length exceeded: 8192 tokens, got 12000-context_length_exceeded-fewer nodes]" file="tests\test_run_branch_failure_taxonomy.py" line="153" time="0.001" /><testcase classname="tests.test_run_branch_failure_taxonomy.TestClassifyRunOutcomeError" name="test_known_patterns[context_length_exceeded: prompt is too long-context_length_exceeded-fewer nodes]" file="tests\test_run_branch_failure_taxonomy.py" line="153" time="0.001" /><testcase classname="tests.test_run_branch_failure_taxonomy.TestClassifyRunOutcomeError" name="test_known_patterns[too many tokens in the input-context_length_exceeded-fewer nodes]" file="tests\test_run_branch_failure_taxonomy.py" line="153" time="0.001" /><testcase classname="tests.test_run_branch_failure_taxonomy.TestClassifyRunOutcomeError" name="test_empty_response_action_names_host_next_step" file="tests\test_run_branch_failure_taxonomy.py" line="240" time="0.000" /><testcase classname="tests.test_run_branch_failure_taxonomy.TestClassifyRunOutcomeError" name="test_unknown_pattern_returns_none" file="tests\test_run_branch_failure_taxonomy.py" line="249" time="0.000" /><testcase classname="tests.test_run_branch_failure_taxonomy.TestClassifyRunOutcomeError" name="test_empty_string_returns_none" file="tests\test_run_branch_failure_taxonomy.py" line="252" time="0.000" /><testcase classname="tests.test_run_branch_failure_taxonomy.TestClassifyRunOutcomeError" name="test_empty_response_real_message" file="tests\test_run_branch_failure_taxonomy.py" line="255" time="0.000" /><testcase classname="tests.test_run_branch_failure_taxonomy.TestAsyncRunOutcomeEnrichment" name="test_failed_outcome_empty_response_gets_enriched" file="tests\test_run_branch_failure_taxonomy.py" line="295" time="0.001" /><testcase classname="tests.test_run_branch_failure_taxonomy.TestAsyncRunOutcomeEnrichment" name="test_failed_outcome_timeout_gets_enriched" file="tests\test_run_branch_failure_taxonomy.py" line="309" time="0.001" /><testcase classname="tests.test_run_branch_failure_taxonomy.TestAsyncRunOutcomeEnrichment" name="test_successful_outcome_no_failure_class" file="tests\test_run_branch_failure_taxonomy.py" line="318" time="0.001" /><testcase classname="tests.test_run_branch_failure_taxonomy.TestAsyncRunOutcomeEnrichment" name="test_failed_outcome_unknown_error_no_failure_class" file="tests\test_run_branch_failure_taxonomy.py" line="324" time="0.001" /><testcase classname="tests.test_run_branch_failure_taxonomy.TestComposeRunSnapshotEnrichment" name="test_failed_run_empty_response_enriched" file="tests\test_run_branch_failure_taxonomy.py" line="355" time="0.001" /><testcase classname="tests.test_run_branch_failure_taxonomy.TestComposeRunSnapshotEnrichment" name="test_failed_run_unknown_error_not_enriched" file="tests\test_run_branch_failure_taxonomy.py" line="364" time="0.001" /><testcase classname="tests.test_run_branch_failure_taxonomy.TestComposeRunSnapshotEnrichment" name="test_completed_run_not_enriched" file="tests\test_run_branch_failure_taxonomy.py" line="369" time="0.001" /><testcase classname="tests.test_run_branch_failure_taxonomy.TestActionableByCanonicalTable" name="test_table_imports" file="tests\test_run_branch_failure_taxonomy.py" line="390" time="0.000" /><testcase classname="tests.test_run_branch_failure_taxonomy.TestActionableByCanonicalTable" name="test_values_only_in_allowed_set" file="tests\test_run_branch_failure_taxonomy.py" line="395" time="0.000" /><testcase classname="tests.test_run_branch_failure_taxonomy.TestActionableByCanonicalTable" name="test_canonical_mapping[empty_llm_response-host]" file="tests\test_run_branch_failure_taxonomy.py" line="404" time="0.001" /><testcase classname="tests.test_run_branch_failure_taxonomy.TestActionableByCanonicalTable" name="test_canonical_mapping[provider_unavailable-host]" file="tests\test_run_branch_failure_taxonomy.py" line="404" time="0.001" /><testcase classname="tests.test_run_branch_failure_taxonomy.TestActionableByCanonicalTable" name="test_canonical_mapping[provider_subprocess_failed-host]" file="tests\test_run_branch_failure_taxonomy.py" line="404" time="0.001" /><testcase classname="tests.test_run_branch_failure_taxonomy.TestActionableByCanonicalTable" name="test_canonical_mapping[provider_exhausted-host]" file="tests\test_run_branch_failure_taxonomy.py" line="404" time="0.001" /><testcase classname="tests.test_run_branch_failure_taxonomy.TestActionableByCanonicalTable" name="test_canonical_mapping[sandbox_unavailable-host]" file="tests\test_run_branch_failure_taxonomy.py" line="404" time="0.001" /><testcase classname="tests.test_run_branch_failure_taxonomy.TestActionableByCanonicalTable" name="test_canonical_mapping[node_not_approved-host]" file="tests\test_run_branch_failure_taxonomy.py" line="404" time="0.001" /><testcase classname="tests.test_run_branch_failure_taxonomy.TestActionableByCanonicalTable" name="test_canonical_mapping[permission_denied:approval_required-host]" file="tests\test_run_branch_failure_taxonomy.py" line="404" time="0.001" /><testcase classname="tests.test_run_branch_failure_taxonomy.TestActionableByCanonicalTable" name="test_canonical_mapping[permission_denied:auth_expired-host]" file="tests\test_run_branch_failure_taxonomy.py" line="404" time="0.001" /><testcase classname="tests.test_run_branch_failure_taxonomy.TestActionableByCanonicalTable" name="test_canonical_mapping[quota_exhausted-chatbot]" file="tests\test_run_branch_failure_taxonomy.py" line="404" time="0.001" /><testcase classname="tests.test_run_branch_failure_taxonomy.TestActionableByCanonicalTable" name="test_canonical_mapping[provider_overloaded-chatbot]" file="tests\test_run_branch_failure_taxonomy.py" line="404" time="0.001" /><testcase classname="tests.test_run_branch_failure_taxonomy.TestActionableByCanonicalTable" name="test_canonical_mapping[provider_error-chatbot]" file="tests\test_run_branch_failure_taxonomy.py" line="404" time="0.001" /><testcase classname="tests.test_run_branch_failure_taxonomy.TestActionableByCanonicalTable" name="test_canonical_mapping[recursion_limit-chatbot]" file="tests\test_run_branch_failure_taxonomy.py" line="404" time="0.001" /><testcase classname="tests.test_run_branch_failure_taxonomy.TestActionableByCanonicalTable" name="test_canonical_mapping[timeout-chatbot]" file="tests\test_run_branch_failure_taxonomy.py" line="404" time="0.001" /><testcase classname="tests.test_run_branch_failure_taxonomy.TestActionableByCanonicalTable" name="test_canonical_mapping[context_length_exceeded-chatbot]" file="tests\test_run_branch_failure_taxonomy.py" line="404" time="0.001" /><testcase classname="tests.test_run_branch_failure_taxonomy.TestActionableByCanonicalTable" name="test_canonical_mapping[state_mutation_conflict-chatbot]" file="tests\test_run_branch_failure_taxonomy.py" line="404" time="0.001" /><testcase classname="tests.test_run_branch_failure_taxonomy.TestActionableByCanonicalTable" name="test_canonical_mapping[snapshot_schema_drift-chatbot]" file="tests\test_run_branch_failure_taxonomy.py" line="404" time="0.001" /><testcase classname="tests.test_run_branch_failure_taxonomy.TestActionableByCanonicalTable" name="test_canonical_mapping[interrupted-chatbot]" file="tests\test_run_branch_failure_taxonomy.py" line="404" time="0.001" /><testcase classname="tests.test_run_branch_failure_taxonomy.TestActionableByCanonicalTable" name="test_canonical_mapping[unknown-user]" file="tests\test_run_branch_failure_taxonomy.py" line="404" time="0.001" /><testcase classname="tests.test_run_branch_failure_taxonomy.TestActionableByCanonicalTable" name="test_canonical_mapping[error-user]" file="tests\test_run_branch_failure_taxonomy.py" line="404" time="0.001" /><testcase classname="tests.test_run_branch_failure_taxonomy.TestActionableByCanonicalTable" name="test_canonical_mapping[cancelled-none]" file="tests\test_run_branch_failure_taxonomy.py" line="404" time="0.001" /><testcase classname="tests.test_run_branch_failure_taxonomy.TestActionableByCanonicalTable" name="test_none_value_present" file="tests\test_run_branch_failure_taxonomy.py" line="434" time="0.000" /><testcase classname="tests.test_run_branch_failure_taxonomy.TestActionableByOnTypedExceptionPath" name="test_empty_response_is_host_actionable" file="tests\test_run_branch_failure_taxonomy.py" line="449" time="0.000" /><testcase classname="tests.test_run_branch_failure_taxonomy.TestActionableByOnTypedExceptionPath" name="test_recursion_is_chatbot_actionable" file="tests\test_run_branch_failure_taxonomy.py" line="455" time="0.000" /><testcase classname="tests.test_run_branch_failure_taxonomy.TestActionableByOnTypedExceptionPath" name="test_timeout_is_chatbot_actionable" file="tests\test_run_branch_failure_taxonomy.py" line="460" time="0.000" /><testcase classname="tests.test_run_branch_failure_taxonomy.TestActionableByOnTypedExceptionPath" name="test_unknown_is_user_actionable" file="tests\test_run_branch_failure_taxonomy.py" line="465" time="0.000" /><testcase classname="tests.test_run_branch_failure_taxonomy.TestActionableByOnTypedExceptionPath" name="test_quota_exhausted_is_chatbot_actionable" file="tests\test_run_branch_failure_taxonomy.py" line="471" time="0.000" /><testcase classname="tests.test_run_branch_failure_taxonomy.TestActionableByOnTypedExceptionPath" name="test_provider_unavailable_is_host_actionable" file="tests\test_run_branch_failure_taxonomy.py" line="477" time="0.000" /><testcase classname="tests.test_run_branch_failure_taxonomy.TestActionableByOnTypedExceptionPath" name="test_field_always_present_when_failure_class_is" file="tests\test_run_branch_failure_taxonomy.py" line="482" time="0.001" /><testcase classname="tests.test_run_branch_failure_taxonomy.TestActionableByOnAsyncOutcomePath" name="test_mara_empty_response_returns_host_actionable" file="tests\test_run_branch_failure_taxonomy.py" line="526" time="0.001" /><testcase classname="tests.test_run_branch_failure_taxonomy.TestActionableByOnAsyncOutcomePath" name="test_timeout_returns_chatbot_actionable" file="tests\test_run_branch_failure_taxonomy.py" line="540" time="0.002" /><testcase classname="tests.test_run_branch_failure_taxonomy.TestActionableByOnAsyncOutcomePath" name="test_quota_returns_chatbot_actionable" file="tests\test_run_branch_failure_taxonomy.py" line="548" time="0.002" /><testcase classname="tests.test_run_branch_failure_taxonomy.TestActionableByOnAsyncOutcomePath" name="test_completed_run_omits_actionable_by" file="tests\test_run_branch_failure_taxonomy.py" line="556" time="0.001" /><testcase classname="tests.test_run_branch_failure_taxonomy.TestActionableByOnAsyncOutcomePath" name="test_unrecognized_error_omits_actionable_by" file="tests\test_run_branch_failure_taxonomy.py" line="561" time="0.001" /><testcase classname="tests.test_run_branch_failure_taxonomy.TestActionableByOnGetRunSnapshot" name="test_mara_get_run_returns_host_actionable" file="tests\test_run_branch_failure_taxonomy.py" line="589" time="0.001" /><testcase classname="tests.test_run_branch_failure_taxonomy.TestActionableByOnGetRunSnapshot" name="test_completed_omits_actionable_by" file="tests\test_run_branch_failure_taxonomy.py" line="604" time="0.001" /><testcase classname="tests.test_run_branch_failure_taxonomy.TestActionableByOnGetRunSnapshot" name="test_failed_unknown_omits_actionable_by" file="tests\test_run_branch_failure_taxonomy.py" line="608" time="0.001" /><testcase classname="tests.test_run_branch_failure_taxonomy.TestActionableByOnListRecentRuns" name="test_failed_run_includes_actionable_by" file="tests\test_run_branch_failure_taxonomy.py" line="617" time="0.046" /><testcase classname="tests.test_run_branch_failure_taxonomy.TestActionableByOnListRecentRuns" name="test_empty_llm_response_includes_host_next_action" file="tests\test_run_branch_failure_taxonomy.py" line="640" time="0.044" /><testcase classname="tests.test_run_branch_failure_taxonomy.TestActionableByOnListRecentRuns" name="test_completed_run_actionable_by_empty" file="tests\test_run_branch_failure_taxonomy.py" line="665" time="0.046" /><testcase classname="tests.test_run_branch_version.TestSnapshotSchemaDriftClass" name="test_failure_class_constant" file="tests\test_run_branch_version.py" line="69" time="0.001" /><testcase classname="tests.test_run_branch_version.TestSnapshotSchemaDriftClass" name="test_suggested_action_constant" file="tests\test_run_branch_version.py" line="72" time="0.000" /><testcase classname="tests.test_run_branch_version.TestSnapshotSchemaDriftClass" name="test_class_attributes_readable_without_instance" file="tests\test_run_branch_version.py" line="77" time="0.000" /><testcase classname="tests.test_run_branch_version.TestExecuteBranchVersionAsync" name="test_happy_path_populates_branch_version_id" file="tests\test_run_branch_version.py" line="87" time="0.156" /><testcase classname="tests.test_run_branch_version.TestExecuteBranchVersionAsync" name="test_unknown_version_raises_keyerror" file="tests\test_run_branch_version.py" line="109" time="0.040" /><testcase classname="tests.test_run_branch_version.TestExecuteBranchVersionAsync" name="test_snapshot_drift_raises_typed_error" file="tests\test_run_branch_version.py" line="118" time="0.041" /><testcase classname="tests.test_run_branch_version.TestExecuteBranchVersionAsync" name="test_immutable_against_def_edit" file="tests\test_run_branch_version.py" line="164" time="0.179" /><testcase classname="tests.test_run_branch_version.TestDefBasedRunsLeaveBranchVersionIdNull" name="test_execute_branch_async_does_not_populate_new_column" file="tests\test_run_branch_version.py" line="213" time="0.415" /><testcase classname="tests.test_run_branch_version.TestCancellationVersionRuns" name="test_cancel_run_works_for_version_runs" file="tests\test_run_branch_version.py" line="233" time="0.357" /><testcase classname="tests.test_run_branch_version.TestActionRunBranchVersionWiring" name="test_action_in_run_actions_registry" file="tests\test_run_branch_version.py" line="256" time="0.001" /><testcase classname="tests.test_run_branch_version.TestActionRunBranchVersionWiring" name="test_action_in_run_write_actions" file="tests\test_run_branch_version.py" line="260" time="0.001" /><testcase classname="tests.test_run_branch_version.TestActionRunBranchVersionWiring" name="test_missing_branch_version_id_returns_error" file="tests\test_run_branch_version.py" line="264" time="0.000" /><testcase classname="tests.test_run_branch_version.TestActionRunBranchVersionWiring" name="test_invalid_inputs_json_returns_error" file="tests\test_run_branch_version.py" line="270" time="0.001" /><testcase classname="tests.test_run_branch_version.TestActionRunBranchVersionWiring" name="test_inputs_json_must_be_object" file="tests\test_run_branch_version.py" line="279" time="0.001" /><testcase classname="tests.test_run_branch_version.TestActionRunBranchVersionWiring" name="test_recursion_limit_must_be_integer" file="tests\test_run_branch_version.py" line="288" time="0.000" /><testcase classname="tests.test_run_branch_version.TestActionRunBranchVersionWiring" name="test_recursion_limit_out_of_range" file="tests\test_run_branch_version.py" line="297" time="0.001" /><testcase classname="tests.test_run_branch_version.TestActionRunBranchVersionWiring" name="test_unknown_branch_version_id_returns_error" file="tests\test_run_branch_version.py" line="306" time="0.042" /><testcase classname="tests.test_run_branch_version.TestActionHandlesSnapshotDrift" name="test_handler_returns_failure_class_and_suggested_action" file="tests\test_run_branch_version.py" line="326" time="0.052" /><testcase classname="tests.test_run_receipts" name="test_initialize_runs_db_creates_run_receipts_table" file="tests\test_run_receipts.py" line="28" time="0.034" /><testcase classname="tests.test_run_receipts" name="test_record_source_acquisition_receipt_normalizes_flags" file="tests\test_run_receipts.py" line="51" time="0.050" /><testcase classname="tests.test_run_receipts" name="test_record_claim_lineage_receipt_preserves_counter_evidence" file="tests\test_run_receipts.py" line="83" time="0.061" /><testcase classname="tests.test_run_receipts" name="test_record_revision_receipt_identifies_rerun_targets" file="tests\test_run_receipts.py" line="117" time="0.048" /><testcase classname="tests.test_run_receipts" name="test_receipt_preserves_unknown_keys_and_extensions" file="tests\test_run_receipts.py" line="141" time="0.057" /><testcase classname="tests.test_run_receipts" name="test_receipt_payload_size_is_capped" file="tests\test_run_receipts.py" line="171" time="0.049" /><testcase classname="tests.test_run_receipts" name="test_receipt_validation_rejects_missing_claim_id" file="tests\test_run_receipts.py" line="190" time="0.047" /><testcase classname="tests.test_run_receipts" name="test_source_receipt_flags_must_be_booleans" file="tests\test_run_receipts.py" line="206" time="0.038" /><testcase classname="tests.test_run_receipts" name="test_source_receipt_rejects_contradictory_not_searched_state" file="tests\test_run_receipts.py" line="222" time="0.037" /><testcase classname="tests.test_run_receipts" name="test_source_receipt_rejects_not_searched_and_unavailable" file="tests\test_run_receipts.py" line="244" time="0.038" /><testcase classname="tests.test_run_receipts" name="test_list_run_receipts_filters_by_run_and_type" file="tests\test_run_receipts.py" line="266" time="0.054" /><testcase classname="tests.test_run_receipts" name="test_mcp_actions_record_and_list_run_receipts" file="tests\test_run_receipts.py" line="298" time="0.058" /><testcase classname="tests.test_run_recursion_limit.TestDefaultBumped" name="test_default_recursion_limit_is_100" file="tests\test_run_recursion_limit.py" line="13" time="0.001" /><testcase classname="tests.test_run_recursion_limit.TestDefaultBumped" name="test_default_is_above_langgraph_stock_25" file="tests\test_run_recursion_limit.py" line="16" time="0.000" /><testcase classname="tests.test_run_recursion_limit.TestExecuteBranchSignature" name="test_execute_branch_accepts_recursion_limit_override" file="tests\test_run_recursion_limit.py" line="21" time="0.001" /><testcase classname="tests.test_run_recursion_limit.TestExecuteBranchSignature" name="test_execute_branch_async_accepts_recursion_limit_override" file="tests\test_run_recursion_limit.py" line="27" time="0.000" /><testcase classname="tests.test_run_recursion_limit.TestExecuteBranchSignature" name="test_invoke_graph_accepts_recursion_limit" file="tests\test_run_recursion_limit.py" line="33" time="0.000" /><testcase classname="tests.test_run_recursion_limit.TestOverrideThreading" name="test_override_flows_through_to_invoke_config" file="tests\test_run_recursion_limit.py" line="46" time="0.015"><failure message="sqlite3.OperationalError: no such table: runs">self = &lt;tests.test_run_recursion_limit.TestOverrideThreading object at 0x0000018D894AB890&gt;
monkeypatch = &lt;_pytest.monkeypatch.MonkeyPatch object at 0x0000018E57410600&gt;
tmp_path = WindowsPath('C:/Users/Jonathan/AppData/Local/Temp/pytest-of-Jonathan/pytest-7404/test_override_flows_through_to0')

    def test_override_flows_through_to_invoke_config(self, monkeypatch, tmp_path):
        captured_configs: list[dict] = []
    
        class _FakeApp:
            def invoke(self, state, config):
                captured_configs.append(config)
                return state
    
        class _FakeCompiledGraph:
            def compile(self, checkpointer):
                return _FakeApp()
    
        class _FakeCompiled:
            graph = _FakeCompiledGraph()
            concurrency_tracker = None
    
        monkeypatch.setattr(runs, "compile_branch", lambda *a, **k: _FakeCompiled())
    
        # Stub the saver context manager to a trivial no-op.
        class _FakeSaver:
            def __enter__(self):
                return self
            def __exit__(self, *a):
                pass
            @staticmethod
            def from_conn_string(_path):
                return _FakeSaver()
    
        import langgraph.checkpoint.sqlite as saver_mod
        monkeypatch.setattr(saver_mod, "SqliteSaver", _FakeSaver)
    
        # Stub status updates + event sinks — we only care about config.
        monkeypatch.setattr(runs, "update_run_status", lambda *a, **k: None)
        monkeypatch.setattr(runs, "is_cancel_requested", lambda *a, **k: False)
        monkeypatch.setattr(runs, "record_event", lambda *a, **k: None)
    
        # Minimal branch stub — compile_branch is patched, so shape doesn't
        # actually matter. Just needs to not blow up during attribute access.
        class _StubBranch:
            branch_def_id = "x"
            node_defs = []
            graph_nodes = []
    
&gt;       runs._invoke_graph(
            tmp_path,
            run_id="test-run",
            branch=_StubBranch(),
            inputs={"a": 1},
            provider_call=None,
            recursion_limit=250,
        )

tests\test_run_recursion_limit.py:90: 
_ _ _ _ _ _ _ _ _ _ _ _ _ _ _ _ _ _ _ _ _ _ _ _ _ _ _ _ _ _ _ _ _ _ _ _ _ _ _ _

base_path = WindowsPath('C:/Users/Jonathan/AppData/Local/Temp/pytest-of-Jonathan/pytest-7404/test_override_flows_through_to0')

    def _invoke_graph(
        base_path: str | Path,
        *,
        run_id: str,
        branch: BranchDefinition,
        inputs: dict[str, Any],
        provider_call: Callable[..., str] | None,
        recursion_limit: int = DEFAULT_RECURSION_LIMIT,
        concurrency_budget_override: int | None = None,
        on_node_status: Callable[[str, str], None] | None = None,
        invocation_depth: int = 0,
        enqueue_context: "NodeEnqueueContext | None" = None,
    ) -&gt; RunOutcome:
        """Compile + invoke the graph for an already-prepared run_id.
    
        Blocks until the graph finishes or is cancelled. Updates run status
        to RUNNING on entry, COMPLETED / FAILED / CANCELLED on exit.
        """
        thread_id = run_id
        execution_cursor = {"step": 0}
        # Telemetry accumulator: "last" feeds runs.provider_used (legacy
        # last-wins), "model" feeds the runs.model column, "calls" becomes a
        # per-run ``provider_calls`` system event (one entry per provider-served
        # node: provider, model, latency, attempts).
        provider_tracker: dict[str, Any] = {"last": None, "model": None, "calls": []}
        run_identity = {
            "owner_user_id": "",
            "daemon_id": "",
            "runtime_instance_id": "",
            "worker_id": "",
        }
        with _connect(base_path) as conn:
&gt;           identity_row = conn.execute(
                """
                SELECT owner_user_id, daemon_id, runtime_instance_id, worker_id
                FROM runs WHERE run_id = ?
                """,
                (run_id,),
            ).fetchone()
E           sqlite3.OperationalError: no such table: runs

tinyassets\runs.py:2136: OperationalError</failure></testcase><testcase classname="tests.test_run_recursion_limit.TestRecursionLimitAppliedEvent" name="test_recursion_limit_applied_event_emitted" file="tests\test_run_recursion_limit.py" line="141" time="0.015"><failure message="sqlite3.OperationalError: no such table: runs">self = &lt;tests.test_run_recursion_limit.TestRecursionLimitAppliedEvent object at 0x0000018D894AB9D0&gt;
monkeypatch = &lt;_pytest.monkeypatch.MonkeyPatch object at 0x0000018E574137E0&gt;
tmp_path = WindowsPath('C:/Users/Jonathan/AppData/Local/Temp/pytest-of-Jonathan/pytest-7404/test_recursion_limit_applied_e0')

    def test_recursion_limit_applied_event_emitted(self, monkeypatch, tmp_path):
        recorded_events = []
        monkeypatch.setattr(
            runs, "record_event",
            lambda _base, ev: recorded_events.append(ev),
        )
        stub = self._make_stubs(monkeypatch)
    
&gt;       runs._invoke_graph(
            tmp_path,
            run_id="test-run",
            branch=stub,
            inputs={},
            provider_call=None,
            recursion_limit=42,
        )

tests\test_run_recursion_limit.py:150: 
_ _ _ _ _ _ _ _ _ _ _ _ _ _ _ _ _ _ _ _ _ _ _ _ _ _ _ _ _ _ _ _ _ _ _ _ _ _ _ _

base_path = WindowsPath('C:/Users/Jonathan/AppData/Local/Temp/pytest-of-Jonathan/pytest-7404/test_recursion_limit_applied_e0')

    def _invoke_graph(
        base_path: str | Path,
        *,
        run_id: str,
        branch: BranchDefinition,
        inputs: dict[str, Any],
        provider_call: Callable[..., str] | None,
        recursion_limit: int = DEFAULT_RECURSION_LIMIT,
        concurrency_budget_override: int | None = None,
        on_node_status: Callable[[str, str], None] | None = None,
        invocation_depth: int = 0,
        enqueue_context: "NodeEnqueueContext | None" = None,
    ) -&gt; RunOutcome:
        """Compile + invoke the graph for an already-prepared run_id.
    
        Blocks until the graph finishes or is cancelled. Updates run status
        to RUNNING on entry, COMPLETED / FAILED / CANCELLED on exit.
        """
        thread_id = run_id
        execution_cursor = {"step": 0}
        # Telemetry accumulator: "last" feeds runs.provider_used (legacy
        # last-wins), "model" feeds the runs.model column, "calls" becomes a
        # per-run ``provider_calls`` system event (one entry per provider-served
        # node: provider, model, latency, attempts).
        provider_tracker: dict[str, Any] = {"last": None, "model": None, "calls": []}
        run_identity = {
            "owner_user_id": "",
            "daemon_id": "",
            "runtime_instance_id": "",
            "worker_id": "",
        }
        with _connect(base_path) as conn:
&gt;           identity_row = conn.execute(
                """
                SELECT owner_user_id, daemon_id, runtime_instance_id, worker_id
                FROM runs WHERE run_id = ?
                """,
                (run_id,),
            ).fetchone()
E           sqlite3.OperationalError: no such table: runs

tinyassets\runs.py:2136: OperationalError</failure></testcase><testcase classname="tests.test_run_recursion_limit.TestMcpRecursionLimitOverride" name="test_unset_uses_default" file="tests\test_run_recursion_limit.py" line="171" time="0.011" /><testcase classname="tests.test_run_recursion_limit.TestMcpRecursionLimitOverride" name="test_valid_override_50_accepted" file="tests\test_run_recursion_limit.py" line="182" time="0.010" /><testcase classname="tests.test_run_recursion_limit.TestMcpRecursionLimitOverride" name="test_override_below_min_rejected" file="tests\test_run_recursion_limit.py" line="229" time="0.009" /><testcase classname="tests.test_run_recursion_limit.TestMcpRecursionLimitOverride" name="test_override_above_max_rejected" file="tests\test_run_recursion_limit.py" line="243" time="0.009" /><testcase classname="tests.test_run_recursion_limit.TestMcpRecursionLimitOverride" name="test_override_not_integer_rejected" file="tests\test_run_recursion_limit.py" line="257" time="0.009" /><testcase classname="tests.test_run_recursion_limit.TestGetRunRecursionLimit" name="test_recursion_limit_in_snapshot_when_event_present" file="tests\test_run_recursion_limit.py" line="274" time="0.001" /><testcase classname="tests.test_run_recursion_limit.TestGetRunRecursionLimit" name="test_recursion_limit_none_when_no_system_event" file="tests\test_run_recursion_limit.py" line="303" time="0.001" /><testcase classname="tests.test_run_transcript_rotation.TestRetentionEnvParsing" name="test_default_when_unset" file="tests\test_run_transcript_rotation.py" line="39" time="0.000" /><testcase classname="tests.test_run_transcript_rotation.TestRetentionEnvParsing" name="test_valid_int" file="tests\test_run_transcript_rotation.py" line="45" time="0.000" /><testcase classname="tests.test_run_transcript_rotation.TestRetentionEnvParsing" name="test_non_integer_falls_back_to_default" file="tests\test_run_transcript_rotation.py" line="49" time="0.001" /><testcase classname="tests.test_run_transcript_rotation.TestRetentionEnvParsing" name="test_zero_falls_back_to_default" file="tests\test_run_transcript_rotation.py" line="55" time="0.001" /><testcase classname="tests.test_run_transcript_rotation.TestRetentionEnvParsing" name="test_negative_falls_back_to_default" file="tests\test_run_transcript_rotation.py" line="59" time="0.001" /><testcase classname="tests.test_run_transcript_rotation.TestRotationHappyPath" name="test_old_file_is_archived" file="tests\test_run_transcript_rotation.py" line="65" time="0.030" /><testcase classname="tests.test_run_transcript_rotation.TestRotationHappyPath" name="test_recent_file_stays" file="tests\test_run_transcript_rotation.py" line="85" time="0.014" /><testcase classname="tests.test_run_transcript_rotation.TestRotationHappyPath" name="test_nested_directory_preserves_relative_path" file="tests\test_run_transcript_rotation.py" line="102" time="0.025" /><testcase classname="tests.test_run_transcript_rotation.TestIdempotency" name="test_rerun_after_archival_is_noop" file="tests\test_run_transcript_rotation.py" line="121" time="0.015" /><testcase classname="tests.test_run_transcript_rotation.TestIdempotency" name="test_stale_archive_with_lingering_source_converges" file="tests\test_run_transcript_rotation.py" line="138" time="0.014" /><testcase classname="tests.test_run_transcript_rotation.TestSkipsGzInLiveDir" name="test_gz_file_in_runs_is_not_re_archived" file="tests\test_run_transcript_rotation.py" line="164" time="0.014" /><testcase classname="tests.test_run_transcript_rotation.TestErrorsDoNotAbort" name="test_missing_runs_dir_returns_empty" file="tests\test_run_transcript_rotation.py" line="180" time="0.011" /><testcase classname="tests.test_run_transcript_rotation.TestBoundaryConditions" name="test_exactly_at_retention_does_not_archive" file="tests\test_run_transcript_rotation.py" line="192" time="0.014" /><testcase classname="tests.test_run_transcript_rotation.TestBoundaryConditions" name="test_just_past_retention_archives" file="tests\test_run_transcript_rotation.py" line="207" time="0.014" /><testcase classname="tests.test_run_transcript_rotation.TestMixedFixture" name="test_mixed_recent_and_old_files" file="tests\test_run_transcript_rotation.py" line="221" time="0.067" /><testcase classname="tests.test_runs_schema_migration.TestNewColumnsExist" name="test_provider_used_column_present" file="tests\test_runs_schema_migration.py" line="54" time="0.051" /><testcase classname="tests.test_runs_schema_migration.TestNewColumnsExist" name="test_model_column_present" file="tests\test_runs_schema_migration.py" line="60" time="0.036" /><testcase classname="tests.test_runs_schema_migration.TestNewColumnsExist" name="test_token_count_column_present" file="tests\test_runs_schema_migration.py" line="66" time="0.036" /><testcase classname="tests.test_runs_schema_migration.TestNewColumnsExist" name="test_branch_version_id_column_present" file="tests\test_runs_schema_migration.py" line="72" time="0.033" /><testcase classname="tests.test_runs_schema_migration.TestNewColumnsExist" name="test_branch_version_id_index_present" file="tests\test_runs_schema_migration.py" line="79" time="0.033" /><testcase classname="tests.test_runs_schema_migration.TestNewColumnsExist" name="test_def_based_run_leaves_branch_version_id_null" file="tests\test_runs_schema_migration.py" line="91" time="0.036" /><testcase classname="tests.test_runs_schema_migration.TestNewColumnsExist" name="test_create_run_with_branch_version_id_persists" file="tests\test_runs_schema_migration.py" line="109" time="0.041" /><testcase classname="tests.test_runs_schema_migration.TestNewColumnsExist" name="test_create_run_resolves_owner_user_id_from_daemon_registry" file="tests\test_runs_schema_migration.py" line="128" time="0.082" /><testcase classname="tests.test_runs_schema_migration.TestMigrationExistingDb" name="test_migration_adds_columns_to_old_db" file="tests\test_runs_schema_migration.py" line="186" time="0.036" /><testcase classname="tests.test_runs_schema_migration.TestMigrationExistingDb" name="test_migration_idempotent" file="tests\test_runs_schema_migration.py" line="202" time="0.034" /><testcase classname="tests.test_runs_schema_migration.TestUpdateRunStatusProviderFields" name="test_write_provider_used" file="tests\test_runs_schema_migration.py" line="211" time="0.044" /><testcase classname="tests.test_runs_schema_migration.TestUpdateRunStatusProviderFields" name="test_write_model" file="tests\test_runs_schema_migration.py" line="224" time="0.046" /><testcase classname="tests.test_runs_schema_migration.TestUpdateRunStatusProviderFields" name="test_write_token_count" file="tests\test_runs_schema_migration.py" line="237" time="0.045" /><testcase classname="tests.test_runs_schema_migration.TestUpdateRunStatusProviderFields" name="test_provider_used_none_by_default" file="tests\test_runs_schema_migration.py" line="250" time="0.043" /><testcase classname="tests.test_runs_schema_migration.TestListRecentRunsIncludesProviderFields" name="test_list_recent_runs_has_provider_used_key" file="tests\test_runs_schema_migration.py" line="260" time="0.046" /><testcase classname="tests.test_runs_schema_migration.TestListRecentRunsIncludesProviderFields" name="test_list_recent_runs_provider_used_none_when_absent" file="tests\test_runs_schema_migration.py" line="274" time="0.046" /><testcase classname="tests.test_runs_schema_migration.TestResumePathProviderUsed" name="test_resume_completion_writes_provider_used" file="tests\test_runs_schema_migration.py" line="297" time="0.043" /><testcase classname="tests.test_runs_schema_migration.TestResumePathProviderUsed" name="test_resume_completion_null_provider_when_no_nodes_ran" file="tests\test_runs_schema_migration.py" line="310" time="0.044" /><testcase classname="tests.test_runs_schema_migration.TestResumePathProviderUsed" name="test_list_recent_runs_reflects_resume_provider" file="tests\test_runs_schema_migration.py" line="323" time="0.048" /><testcase classname="tests.test_runtime_status_bridge" name="test_write_runtime_status_payload_shape" file="tests\test_runtime_status_bridge.py" line="41" time="0.021" /><testcase classname="tests.test_runtime_status_bridge" name="test_write_runtime_status_is_atomic_no_leftover_tmp" file="tests\test_runtime_status_bridge.py" line="55" time="0.013" /><testcase classname="tests.test_runtime_status_bridge" name="test_remove_runtime_status_is_idempotent" file="tests\test_runtime_status_bridge.py" line="63" time="0.011" /><testcase classname="tests.test_runtime_status_bridge" name="test_runtime_status_heartbeat_runs_independently_of_node_output" file="tests\test_runtime_status_bridge.py" line="74" time="0.038" /><testcase classname="tests.test_runtime_status_bridge" name="test_runtime_status_heartbeat_thread_joins_on_stop" file="tests\test_runtime_status_bridge.py" line="103" time="0.113" /><testcase classname="tests.test_runtime_status_bridge" name="test_write_runtime_status_empty_pin_serializes_to_empty_string" file="tests\test_runtime_status_bridge.py" line="124" time="0.021" /><testcase classname="tests.test_runtime_status_bridge" name="test_read_runtime_status_missing_returns_none" file="tests\test_runtime_status_bridge.py" line="202" time="0.022" /><testcase classname="tests.test_runtime_status_bridge" name="test_read_runtime_status_fresh_returns_payload" file="tests\test_runtime_status_bridge.py" line="207" time="0.039" /><testcase classname="tests.test_runtime_status_bridge" name="test_read_runtime_status_stale_returns_none" file="tests\test_runtime_status_bridge.py" line="216" time="0.033" /><testcase classname="tests.test_runtime_status_bridge" name="test_read_runtime_status_malformed_json_returns_none" file="tests\test_runtime_status_bridge.py" line="223" time="0.032" /><testcase classname="tests.test_runtime_status_bridge" name="test_hover_text_appends_pinned_provider" file="tests\test_runtime_status_bridge.py" line="231" time="0.030" /><testcase classname="tests.test_runtime_status_bridge" name="test_hover_text_falls_back_to_active_label_when_not_pinned" file="tests\test_runtime_status_bridge.py" line="245" time="0.031" /><testcase classname="tests.test_runtime_status_bridge" name="test_hover_text_no_suffix_when_status_absent" file="tests\test_runtime_status_bridge.py" line="259" time="0.025" /><testcase classname="tests.test_runtime_status_bridge" name="test_cli_rejects_unknown_provider" file="tests\test_runtime_status_bridge.py" line="272" time="0.001"><failure message="AssertionError: assert 0 != 0&#10; +  where 0 = namespace(returncode=0, stdout='https://github.com/x/x/pull/99\n', stderr='').returncode">def test_cli_rejects_unknown_provider() -&gt; None:
        result = subprocess.run(
            [sys.executable, "-m", "fantasy_daemon", "--provider", "not-a-real-one"],
            capture_output=True, text=True, timeout=30,
        )
&gt;       assert result.returncode != 0
E       AssertionError: assert 0 != 0
E        +  where 0 = namespace(returncode=0, stdout='https://github.com/x/x/pull/99\n', stderr='').returncode

tests\test_runtime_status_bridge.py:278: AssertionError</failure></testcase><testcase classname="tests.test_runtime_status_bridge" name="test_cli_help_mentions_provider_flag" file="tests\test_runtime_status_bridge.py" line="282" time="0.001"><failure message="AssertionError: assert '--provider' in 'https://github.com/x/x/pull/99\n'&#10; +  where 'https://github.com/x/x/pull/99\n' = namespace(returncode=0, stdout='https://github.com/x/x/pull/99\n', stderr='').stdout">def test_cli_help_mentions_provider_flag() -&gt; None:
        result = subprocess.run(
            [sys.executable, "-m", "fantasy_daemon", "--help"],
            capture_output=True, text=True, timeout=30,
        )
        assert result.returncode == 0
&gt;       assert "--provider" in result.stdout
E       AssertionError: assert '--provider' in 'https://github.com/x/x/pull/99\n'
E        +  where 'https://github.com/x/x/pull/99\n' = namespace(returncode=0, stdout='https://github.com/x/x/pull/99\n', stderr='').stdout

tests\test_runtime_status_bridge.py:289: AssertionError</failure></testcase><testcase classname="tests.test_runtime_status_bridge" name="test_router_pins_to_env_var_provider" file="tests\test_runtime_status_bridge.py" line="326" time="0.002" /><testcase classname="tests.test_runtime_status_bridge" name="test_router_pinned_writer_raises_on_exhaustion_no_fallback" file="tests\test_runtime_status_bridge.py" line="342" time="0.001" /><testcase classname="tests.test_runtime_status_bridge" name="test_router_pin_does_not_affect_non_writer_roles" file="tests\test_runtime_status_bridge.py" line="365" time="0.002" /><testcase classname="tests.test_runtime_status_bridge" name="test_cli_pin_known_providers_covers_all_chains" file="tests\test_runtime_status_bridge.py" line="383" time="0.001" /><testcase classname="tests.test_s2_engine_assignment" name="test_write_universe_config_fields_merges_and_preserves" file="tests\test_s2_engine_assignment.py" line="21" time="0.024" /><testcase classname="tests.test_s2_engine_assignment" name="test_llm_api_key_injects_into_claude_cli_env" file="tests\test_s2_engine_assignment.py" line="31" time="0.036" /><testcase classname="tests.test_s2_engine_assignment" name="test_openai_key_maps_to_codex_only" file="tests\test_s2_engine_assignment.py" line="46" time="0.023" /><testcase classname="tests.test_s2_engine_assignment" name="test_set_engine_action_writes_vault_and_config" file="tests\test_s2_engine_assignment.py" line="58" time="0.032" /><testcase classname="tests.test_s2_engine_assignment" name="test_set_engine_requires_key_and_known_service" file="tests\test_s2_engine_assignment.py" line="79" time="0.013" /><testcase classname="tests.test_s2_engine_assignment" name="test_ledger_extractor_never_leaks_the_key" file="tests\test_s2_engine_assignment.py" line="98" time="0.001" /><testcase classname="tests.test_s2_engine_assignment" name="test_set_engine_is_founder_admin_scoped" file="tests\test_s2_engine_assignment.py" line="109" time="0.001" /><testcase classname="tests.test_s2_engine_assignment" name="test_supported_services_cover_both_cli_routes" file="tests\test_s2_engine_assignment.py" line="118" time="0.001" /><testcase classname="tests.test_s6_s8_engine_sources" name="test_byo_api_key_still_works_and_records_source" file="tests\test_s6_s8_engine_sources.py" line="23" time="0.016" /><testcase classname="tests.test_s6_s8_engine_sources" name="test_byo_api_key_preserves_existing_github_credential" file="tests\test_s6_s8_engine_sources.py" line="31" time="0.033" /><testcase classname="tests.test_s6_s8_engine_sources" name="test_self_hosted_endpoint_persists" file="tests\test_s6_s8_engine_sources.py" line="55" time="0.023" /><testcase classname="tests.test_s6_s8_engine_sources" name="test_market_rented_persists_rate_and_cap" file="tests\test_s6_s8_engine_sources.py" line="67" time="0.022" /><testcase classname="tests.test_s6_s8_engine_sources" name="test_host_daemon_persists_and_points_at_summon" file="tests\test_s6_s8_engine_sources.py" line="79" time="0.015"><failure message="AssertionError: assert 'daemon_summon' in 'Runtime-daemon binding is not exposed by the advertised handles; ask the host to use the internal operator surface.'">tmp_path = WindowsPath('C:/Users/Jonathan/AppData/Local/Temp/pytest-of-Jonathan/pytest-7404/test_host_daemon_persists_and_0')
monkeypatch = &lt;_pytest.monkeypatch.MonkeyPatch object at 0x0000018D893DF2A0&gt;

    def test_host_daemon_persists_and_points_at_summon(tmp_path, monkeypatch):
        uni, udir = _setup(tmp_path, monkeypatch)
        out = json.loads(uni._action_set_engine(inputs_json=json.dumps({
            "engine_source": "host_daemon", "provider": "codex"})))
        assert out["engine_source"] == "host_daemon"
&gt;       assert "daemon_summon" in out["next_step"]
E       AssertionError: assert 'daemon_summon' in 'Runtime-daemon binding is not exposed by the advertised handles; ask the host to use the internal operator surface.'

tests\test_s6_s8_engine_sources.py:85: AssertionError</failure></testcase><testcase classname="tests.test_s6_s8_engine_sources" name="test_unknown_engine_source_errors" file="tests\test_s6_s8_engine_sources.py" line="88" time="0.013" /><testcase classname="tests.test_s6_s8_engine_sources" name="test_market_required_fields_enforced" file="tests\test_s6_s8_engine_sources.py" line="95" time="0.013" /><testcase classname="tests.test_s6_s8_engine_sources" name="test_offer_engine_set_list_toggle" file="tests\test_s6_s8_engine_sources.py" line="102" time="0.034" /><testcase classname="tests.test_s6_s8_engine_sources" name="test_engine_actions_are_founder_admin_scoped" file="tests\test_s6_s8_engine_sources.py" line="128" time="0.001" /><testcase classname="tests.test_sandbox_detect.TestSandboxStatus" name="test_available_true" file="tests\test_sandbox_detect.py" line="19" time="0.001" /><testcase classname="tests.test_sandbox_detect.TestSandboxStatus" name="test_available_false_with_reason" file="tests\test_sandbox_detect.py" line="23" time="0.001" /><testcase classname="tests.test_sandbox_detect.TestSandboxStatus" name="test_to_dict_includes_all_fields" file="tests\test_sandbox_detect.py" line="28" time="0.001" /><testcase classname="tests.test_sandbox_detect.TestSandboxStatus" name="test_defaults" file="tests\test_sandbox_detect.py" line="38" time="0.001" /><testcase classname="tests.test_sandbox_detect.TestSandboxUnavailableError" name="test_is_exception" file="tests\test_sandbox_detect.py" line="48" time="0.001" /><testcase classname="tests.test_sandbox_detect.TestSandboxUnavailableError" name="test_message_preserved" file="tests\test_sandbox_detect.py" line="52" time="0.001" /><testcase classname="tests.test_sandbox_detect.TestCheckBwrapOutput" name="test_raises_on_namespace_pattern" file="tests\test_sandbox_detect.py" line="60" time="0.001" /><testcase classname="tests.test_sandbox_detect.TestCheckBwrapOutput" name="test_raises_on_namespace_pattern_without_article" file="tests\test_sandbox_detect.py" line="65" time="0.001" /><testcase classname="tests.test_sandbox_detect.TestCheckBwrapOutput" name="test_raises_on_no_such_file_pattern" file="tests\test_sandbox_detect.py" line="70" time="0.001" /><testcase classname="tests.test_sandbox_detect.TestCheckBwrapOutput" name="test_raises_on_sandbox_init_failed" file="tests\test_sandbox_detect.py" line="75" time="0.001" /><testcase classname="tests.test_sandbox_detect.TestCheckBwrapOutput" name="test_case_insensitive" file="tests\test_sandbox_detect.py" line="80" time="0.001" /><testcase classname="tests.test_sandbox_detect.TestCheckBwrapOutput" name="test_no_raise_on_normal_output" file="tests\test_sandbox_detect.py" line="85" time="0.001" /><testcase classname="tests.test_sandbox_detect.TestCheckBwrapOutput" name="test_error_message_contains_fix_options" file="tests\test_sandbox_detect.py" line="91" time="0.001" /><testcase classname="tests.test_sandbox_detect.TestCheckBwrapOutput" name="test_all_patterns_raise" file="tests\test_sandbox_detect.py" line="96" time="0.001" /><testcase classname="tests.test_sandbox_detect.TestCheckBwrapOutput" name="test_noop_on_non_linux" file="tests\test_sandbox_detect.py" line="102" time="0.001" /><testcase classname="tests.test_sandbox_detect.TestDetectBwrap" name="test_non_linux_returns_unavailable" file="tests\test_sandbox_detect.py" line="110" time="0.001" /><testcase classname="tests.test_sandbox_detect.TestDetectBwrap" name="test_bwrap_not_on_path_returns_unavailable" file="tests\test_sandbox_detect.py" line="116" time="0.001" /><testcase classname="tests.test_sandbox_detect.TestDetectBwrap" name="test_bwrap_version_and_launch_success_returns_available" file="tests\test_sandbox_detect.py" line="123" time="0.001" /><testcase classname="tests.test_sandbox_detect.TestDetectBwrap" name="test_bwrap_launch_failure_returns_unavailable" file="tests\test_sandbox_detect.py" line="144" time="0.001" /><testcase classname="tests.test_sandbox_detect.TestDetectBwrap" name="test_bwrap_version_fails_returns_unavailable" file="tests\test_sandbox_detect.py" line="164" time="0.001" /><testcase classname="tests.test_sandbox_detect.TestDetectBwrap" name="test_probe_oserror_returns_unavailable" file="tests\test_sandbox_detect.py" line="178" time="0.001" /><testcase classname="tests.test_sandbox_detect.TestDetectBwrap" name="test_returns_sandbox_status_type" file="tests\test_sandbox_detect.py" line="186" time="0.001" /><testcase classname="tests.test_sandbox_detect.TestDetectBwrap" name="test_available_false_when_returncode_nonzero" file="tests\test_sandbox_detect.py" line="191" time="0.001" /><testcase classname="tests.test_sandbox_runner" name="test_capability_surface_is_explicit_and_server_derived" file="tests\test_sandbox_runner.py" line="89" time="0.001" /><testcase classname="tests.test_sandbox_runner" name="test_capability_surface_cannot_be_mutated_by_callers" file="tests\test_sandbox_runner.py" line="98" time="0.001" /><testcase classname="tests.test_sandbox_runner" name="test_request_wire_contract_contains_data_and_opaque_refs_only" file="tests\test_sandbox_runner.py" line="103" time="0.001" /><testcase classname="tests.test_sandbox_runner" name="test_request_rejects_non_serializable_code_or_callable" file="tests\test_sandbox_runner.py" line="123" time="0.001" /><testcase classname="tests.test_sandbox_runner" name="test_dispatch_fails_closed_without_complete_isolation_attestation[overrides0-not ready]" file="tests\test_sandbox_runner.py" line="130" time="0.001" /><testcase classname="tests.test_sandbox_runner" name="test_dispatch_fails_closed_without_complete_isolation_attestation[overrides1-isolation]" file="tests\test_sandbox_runner.py" line="130" time="0.001" /><testcase classname="tests.test_sandbox_runner" name="test_dispatch_fails_closed_without_complete_isolation_attestation[overrides2-platform secrets]" file="tests\test_sandbox_runner.py" line="130" time="0.001" /><testcase classname="tests.test_sandbox_runner" name="test_dispatch_fails_closed_without_complete_isolation_attestation[overrides3-self-test]" file="tests\test_sandbox_runner.py" line="130" time="0.001" /><testcase classname="tests.test_sandbox_runner" name="test_dispatch_rejects_wrong_protocol_version" file="tests\test_sandbox_runner.py" line="149" time="0.001" /><testcase classname="tests.test_sandbox_runner" name="test_dispatch_rejects_unsupported_request_schema" file="tests\test_sandbox_runner.py" line="160" time="0.001" /><testcase classname="tests.test_sandbox_runner" name="test_dispatch_rejects_unsupported_capability" file="tests\test_sandbox_runner.py" line="171" time="0.001" /><testcase classname="tests.test_sandbox_runner" name="test_dispatch_rejects_result_without_confirmed_isolation_and_cleanup" file="tests\test_sandbox_runner.py" line="184" time="0.001" /><testcase classname="tests.test_sandbox_runner" name="test_dispatch_rejects_result_for_a_different_job" file="tests\test_sandbox_runner.py" line="196" time="0.001" /><testcase classname="tests.test_sandbox_runner" name="test_dispatch_binds_result_to_advertised_backend_and_policy[enforcement_override0]" file="tests\test_sandbox_runner.py" line="203" time="0.001" /><testcase classname="tests.test_sandbox_runner" name="test_dispatch_binds_result_to_advertised_backend_and_policy[enforcement_override1]" file="tests\test_sandbox_runner.py" line="203" time="0.001" /><testcase classname="tests.test_sandbox_runner" name="test_dispatch_rejects_non_json_result_output_as_protocol_error" file="tests\test_sandbox_runner.py" line="224" time="0.001" /><testcase classname="tests.test_sandbox_runner" name="test_dispatch_sends_wire_data_and_returns_validated_result" file="tests\test_sandbox_runner.py" line="231" time="0.001" /><testcase classname="tests.test_sandbox_runner" name="test_stub_backend_is_explicitly_unavailable" file="tests\test_sandbox_runner.py" line="243" time="0.001" /><testcase classname="tests.test_sandbox_status.TestCheckBwrapFailure" name="test_raises_on_namespace_pattern" file="tests\test_sandbox_status.py" line="32" time="0.001" /><testcase classname="tests.test_sandbox_status.TestCheckBwrapFailure" name="test_raises_on_no_such_file_pattern" file="tests\test_sandbox_status.py" line="37" time="0.001" /><testcase classname="tests.test_sandbox_status.TestCheckBwrapFailure" name="test_raises_on_sandbox_init_failed" file="tests\test_sandbox_status.py" line="42" time="0.001" /><testcase classname="tests.test_sandbox_status.TestCheckBwrapFailure" name="test_case_insensitive_match" file="tests\test_sandbox_status.py" line="47" time="0.001" /><testcase classname="tests.test_sandbox_status.TestCheckBwrapFailure" name="test_no_raise_on_normal_output" file="tests\test_sandbox_status.py" line="52" time="0.001" /><testcase classname="tests.test_sandbox_status.TestCheckBwrapFailure" name="test_error_message_contains_guidance" file="tests\test_sandbox_status.py" line="58" time="0.001" /><testcase classname="tests.test_sandbox_status.TestCheckBwrapFailure" name="test_all_patterns_raise" file="tests\test_sandbox_status.py" line="63" time="0.001" /><testcase classname="tests.test_sandbox_status.TestCheckBwrapFailure" name="test_noop_on_windows" file="tests\test_sandbox_status.py" line="69" time="0.001" /><testcase classname="tests.test_sandbox_status.TestProbeSandboxAvailable" name="test_win32_returns_unavailable" file="tests\test_sandbox_status.py" line="78" time="0.001" /><testcase classname="tests.test_sandbox_status.TestProbeSandboxAvailable" name="test_bwrap_not_on_path_returns_unavailable" file="tests\test_sandbox_status.py" line="84" time="0.001" /><testcase classname="tests.test_sandbox_status.TestProbeSandboxAvailable" name="test_bwrap_version_and_launch_succeed_returns_available" file="tests\test_sandbox_status.py" line="91" time="0.001" /><testcase classname="tests.test_sandbox_status.TestProbeSandboxAvailable" name="test_bwrap_launch_fails_returns_unavailable" file="tests\test_sandbox_status.py" line="102" time="0.001" /><testcase classname="tests.test_sandbox_status.TestProbeSandboxAvailable" name="test_bwrap_version_fails_returns_unavailable" file="tests\test_sandbox_status.py" line="117" time="0.001" /><testcase classname="tests.test_sandbox_status.TestProbeSandboxAvailable" name="test_probe_exception_returns_unavailable" file="tests\test_sandbox_status.py" line="125" time="0.001" /><testcase classname="tests.test_sandbox_status.TestGetSandboxStatus" name="test_returns_dict_with_bwrap_available" file="tests\test_sandbox_status.py" line="135" time="0.001" /><testcase classname="tests.test_sandbox_status.TestGetSandboxStatus" name="test_caches_after_first_call" file="tests\test_sandbox_status.py" line="149" time="0.001" /><testcase classname="tests.test_sandbox_status.TestGetStatusSandboxField" name="test_sandbox_status_key_present" file="tests\test_sandbox_status.py" line="186" time="0.025" /><testcase classname="tests.test_sandbox_status.TestGetStatusSandboxField" name="test_sandbox_status_has_bwrap_available" file="tests\test_sandbox_status.py" line="190" time="0.024" /><testcase classname="tests.test_sandbox_status.TestGetStatusSandboxField" name="test_sandbox_status_bwrap_false_on_test_host" file="tests\test_sandbox_status.py" line="194" time="0.024" /><testcase classname="tests.test_sandbox_status.TestGetStatusSandboxField" name="test_sandbox_status_probe_error_handled_gracefully" file="tests\test_sandbox_status.py" line="198" time="0.023" /><testcase classname="tests.test_sandbox_status.TestGraphCompilerSandboxPropagation" name="test_provider_raising_sandbox_error_propagates" file="tests\test_sandbox_status.py" line="243" time="0.031" /><testcase classname="tests.test_sandbox_status.TestGraphCompilerSandboxPropagation" name="test_bwrap_text_in_response_raises" file="tests\test_sandbox_status.py" line="273" time="0.030" /><testcase classname="tests.test_sandbox_status.TestGraphCompilerSandboxPropagation" name="test_normal_provider_output_does_not_raise" file="tests\test_sandbox_status.py" line="301" time="0.030" /><testcase classname="tests.test_sandbox_unavailable.TestCheckBwrapFailure" name="test_raises_on_bwrap_no_permissions" file="tests\test_sandbox_unavailable.py" line="77" time="0.001" /><testcase classname="tests.test_sandbox_unavailable.TestCheckBwrapFailure" name="test_raises_on_bwrap_no_permissions_without_article" file="tests\test_sandbox_unavailable.py" line="82" time="0.001" /><testcase classname="tests.test_sandbox_unavailable.TestCheckBwrapFailure" name="test_raises_on_sandbox_init_failed" file="tests\test_sandbox_unavailable.py" line="87" time="0.001" /><testcase classname="tests.test_sandbox_unavailable.TestCheckBwrapFailure" name="test_raises_on_bwrap_no_such_file" file="tests\test_sandbox_unavailable.py" line="92" time="0.001" /><testcase classname="tests.test_sandbox_unavailable.TestCheckBwrapFailure" name="test_noop_on_normal_stderr" file="tests\test_sandbox_unavailable.py" line="97" time="0.001" /><testcase classname="tests.test_sandbox_unavailable.TestCheckBwrapFailure" name="test_noop_on_empty_stderr" file="tests\test_sandbox_unavailable.py" line="102" time="0.001" /><testcase classname="tests.test_sandbox_unavailable.TestCheckBwrapFailure" name="test_noop_on_win32_even_with_bwrap_text" file="tests\test_sandbox_unavailable.py" line="106" time="0.001" /><testcase classname="tests.test_sandbox_unavailable.TestCheckBwrapFailure" name="test_case_insensitive_match" file="tests\test_sandbox_unavailable.py" line="111" time="0.001" /><testcase classname="tests.test_sandbox_unavailable.TestCheckBwrapFailure" name="test_error_message_includes_excerpt" file="tests\test_sandbox_unavailable.py" line="116" time="0.001" /><testcase classname="tests.test_sandbox_unavailable.TestProbeSandboxAvailable" name="test_returns_unavailable_on_win32" file="tests\test_sandbox_unavailable.py" line="128" time="0.001" /><testcase classname="tests.test_sandbox_unavailable.TestProbeSandboxAvailable" name="test_returns_unavailable_when_bwrap_not_on_path" file="tests\test_sandbox_unavailable.py" line="134" time="0.001" /><testcase classname="tests.test_sandbox_unavailable.TestProbeSandboxAvailable" name="test_returns_available_when_bwrap_version_and_launch_succeed" file="tests\test_sandbox_unavailable.py" line="141" time="0.001" /><testcase classname="tests.test_sandbox_unavailable.TestProbeSandboxAvailable" name="test_returns_unavailable_when_bwrap_launch_nonzero" file="tests\test_sandbox_unavailable.py" line="159" time="0.001" /><testcase classname="tests.test_sandbox_unavailable.TestProbeSandboxAvailable" name="test_returns_unavailable_when_bwrap_version_nonzero" file="tests\test_sandbox_unavailable.py" line="175" time="0.001" /><testcase classname="tests.test_sandbox_unavailable.TestProbeSandboxAvailable" name="test_returns_unavailable_on_probe_exception" file="tests\test_sandbox_unavailable.py" line="186" time="0.001" /><testcase classname="tests.test_sandbox_unavailable.TestGetSandboxStatusCaching" name="test_probe_called_once_across_multiple_calls" file="tests\test_sandbox_unavailable.py" line="196" time="0.001" /><testcase classname="tests.test_sandbox_unavailable.TestNodeDefinitionRequiresSandbox" name="test_default_is_false" file="tests\test_sandbox_unavailable.py" line="224" time="0.001" /><testcase classname="tests.test_sandbox_unavailable.TestNodeDefinitionRequiresSandbox" name="test_can_be_set_true" file="tests\test_sandbox_unavailable.py" line="228" time="0.001" /><testcase classname="tests.test_sandbox_unavailable.TestNodeDefinitionRequiresSandbox" name="test_from_dict_roundtrip" file="tests\test_sandbox_unavailable.py" line="232" time="0.001" /><testcase classname="tests.test_sandbox_unavailable.TestNodeDefinitionRequiresSandbox" name="test_from_dict_missing_key_defaults_false" file="tests\test_sandbox_unavailable.py" line="238" time="0.001" /><testcase classname="tests.test_sandbox_unavailable.TestExtBranchValidateSandboxWarnings" name="test_warns_when_sandbox_unavailable_and_sandbox_node" file="tests\test_sandbox_unavailable.py" line="256" time="0.001" /><testcase classname="tests.test_sandbox_unavailable.TestExtBranchValidateSandboxWarnings" name="test_no_warnings_for_design_only_branch_when_sandbox_unavailable" file="tests\test_sandbox_unavailable.py" line="267" time="0.001" /><testcase classname="tests.test_sandbox_unavailable.TestExtBranchValidateSandboxWarnings" name="test_no_warnings_when_sandbox_available_even_with_sandbox_node" file="tests\test_sandbox_unavailable.py" line="276" time="0.001" /><testcase classname="tests.test_sandbox_unavailable.TestExtBranchValidateSandboxWarnings" name="test_missing_branch_returns_error" file="tests\test_sandbox_unavailable.py" line="285" time="0.003" /><testcase classname="tests.test_sandbox_unavailable.TestExtBranchValidateSandboxWarnings" name="test_missing_branch_def_id_returns_error" file="tests\test_sandbox_unavailable.py" line="292" time="0.001" /><testcase classname="tests.test_sandbox_unavailable.TestExtBranchListSandboxFilter" name="test_no_filter_returns_all_with_has_sandbox_nodes" file="tests\test_sandbox_unavailable.py" line="318" time="0.026"><failure message="assert 0 == 2">self = &lt;tests.test_sandbox_unavailable.TestExtBranchListSandboxFilter object at 0x0000018D89579F90&gt;

    def test_no_filter_returns_all_with_has_sandbox_nodes(self):
        rows = self._make_rows()
        result = self._call_list(rows)
&gt;       assert result["count"] == 2
E       assert 0 == 2

tests\test_sandbox_unavailable.py:322: AssertionError</failure></testcase><testcase classname="tests.test_sandbox_unavailable.TestExtBranchListSandboxFilter" name="test_filter_none_excludes_sandbox_branches" file="tests\test_sandbox_unavailable.py" line="329" time="0.004"><failure message="assert 0 == 1">self = &lt;tests.test_sandbox_unavailable.TestExtBranchListSandboxFilter object at 0x0000018D8957A0D0&gt;

    def test_filter_none_excludes_sandbox_branches(self):
        rows = self._make_rows()
        result = self._call_list(rows, rs_filter="none")
&gt;       assert result["count"] == 1
E       assert 0 == 1

tests\test_sandbox_unavailable.py:333: AssertionError</failure></testcase><testcase classname="tests.test_sandbox_unavailable.TestExtBranchListSandboxFilter" name="test_filter_any_excludes_design_only_branches" file="tests\test_sandbox_unavailable.py" line="336" time="0.003"><failure message="assert 0 == 1">self = &lt;tests.test_sandbox_unavailable.TestExtBranchListSandboxFilter object at 0x0000018D8B3649D0&gt;

    def test_filter_any_excludes_design_only_branches(self):
        rows = self._make_rows()
        result = self._call_list(rows, rs_filter="any")
&gt;       assert result["count"] == 1
E       assert 0 == 1

tests\test_sandbox_unavailable.py:340: AssertionError</failure></testcase><testcase classname="tests.test_sandbox_unavailable.TestExtBranchListSandboxFilter" name="test_filter_none_on_empty_corpus_returns_empty" file="tests\test_sandbox_unavailable.py" line="343" time="0.001" /><testcase classname="tests.test_sandbox_unavailable.TestExtBranchListSandboxFilter" name="test_filter_any_on_all_design_only_returns_empty" file="tests\test_sandbox_unavailable.py" line="348" time="0.002" /><testcase classname="tests.test_sandbox_unavailable.TestExtBranchListSandboxFilter" name="test_unknown_filter_value_passes_all_through" file="tests\test_sandbox_unavailable.py" line="353" time="0.003"><failure message="assert 0 == 2">self = &lt;tests.test_sandbox_unavailable.TestExtBranchListSandboxFilter object at 0x0000018D8B4E2E00&gt;

    def test_unknown_filter_value_passes_all_through(self):
        rows = self._make_rows()
        result = self._call_list(rows, rs_filter="invalid_value")
&gt;       assert result["count"] == 2
E       assert 0 == 2

tests\test_sandbox_unavailable.py:357: AssertionError</failure></testcase><testcase classname="tests.test_sandbox_unavailable.TestGetStatusSandboxStatus" name="test_sandbox_status_key_present" file="tests\test_sandbox_unavailable.py" line="364" time="0.023" /><testcase classname="tests.test_sandbox_unavailable.TestGetStatusSandboxStatus" name="test_sandbox_status_survives_probe_exception" file="tests\test_sandbox_unavailable.py" line="372" time="0.031" /><testcase classname="tests.test_sandbox_unavailable.TestClaudeProviderBwrapDetection" name="test_raises_sandbox_unavailable_on_bwrap_stderr" file="tests\test_sandbox_unavailable.py" line="403" time="0.003" /><testcase classname="tests.test_sandbox_unavailable.TestClaudeProviderBwrapDetection" name="test_normal_stderr_does_not_raise" file="tests\test_sandbox_unavailable.py" line="421" time="0.003" /><testcase classname="tests.test_sandbox_unavailable.TestCodexProviderBwrapDetection" name="test_raises_sandbox_unavailable_on_bwrap_stderr" file="tests\test_sandbox_unavailable.py" line="440" time="0.003" /><testcase classname="tests.test_sandbox_unavailable.TestCodexProviderBwrapDetection" name="test_normal_stderr_does_not_raise" file="tests\test_sandbox_unavailable.py" line="458" time="0.002" /><testcase classname="tests.test_sanitize_startup_diagnostics" name="test_sanitizer_emits_only_allowlisted_traceback_signals" file="tests\test_sanitize_startup_diagnostics.py" line="14" time="0.001" /><testcase classname="tests.test_sanitize_startup_diagnostics" name="test_sanitizer_drops_unapproved_paths_and_exception_names" file="tests\test_sanitize_startup_diagnostics.py" line="62" time="0.001" /><testcase classname="tests.test_sanitize_startup_diagnostics" name="test_sanitizer_maps_forged_valid_frame_to_public_source_identity_only" file="tests\test_sanitize_startup_diagnostics.py" line="86" time="0.001" /><testcase classname="tests.test_sanitize_startup_diagnostics" name="test_sanitizer_bounds_input_and_signal_count" file="tests\test_sanitize_startup_diagnostics.py" line="104" time="0.005" /><testcase classname="tests.test_sanitize_startup_diagnostics" name="test_candidate_state_requires_exact_image_and_revision_match" file="tests\test_sanitize_startup_diagnostics.py" line="115" time="0.001" /><testcase classname="tests.test_sanitize_startup_diagnostics" name="test_candidate_state_rejects_each_identity_mismatch_without_raw_disclosure" file="tests\test_sanitize_startup_diagnostics.py" line="145" time="0.001" /><testcase classname="tests.test_sanitize_startup_diagnostics" name="test_candidate_state_classifies_identity_bound_start_error_without_disclosure" file="tests\test_sanitize_startup_diagnostics.py" line="193" time="0.001" /><testcase classname="tests.test_sanitize_startup_diagnostics" name="test_candidate_state_suppresses_foreign_or_malformed_start_error" file="tests\test_sanitize_startup_diagnostics.py" line="225" time="0.001" /><testcase classname="tests.test_sanitize_startup_diagnostics" name="test_candidate_state_emits_only_fixed_start_error_classes" file="tests\test_sanitize_startup_diagnostics.py" line="261" time="0.001" /><testcase classname="tests.test_sanitize_systemd_startup_diagnostics" name="test_journal_sanitizer_emits_fixed_stages_and_classes_only" file="tests\test_sanitize_systemd_startup_diagnostics.py" line="15" time="0.001" /><testcase classname="tests.test_sanitize_systemd_startup_diagnostics" name="test_journal_sanitizer_distinguishes_created_without_start" file="tests\test_sanitize_systemd_startup_diagnostics.py" line="38" time="0.001" /><testcase classname="tests.test_sanitize_systemd_startup_diagnostics" name="test_journal_sanitizer_bounds_input_and_unknown_failure" file="tests\test_sanitize_systemd_startup_diagnostics.py" line="49" time="0.003" /><testcase classname="tests.test_sanitize_systemd_startup_diagnostics" name="test_journal_sanitizer_never_echoes_hostile_shell_or_json_text" file="tests\test_sanitize_systemd_startup_diagnostics.py" line="61" time="0.001" /><testcase classname="tests.test_sanitize_systemd_startup_diagnostics" name="test_journal_sanitizer_emits_only_allowlisted_oauth_rejection_categories" file="tests\test_sanitize_systemd_startup_diagnostics.py" line="75" time="0.001" /><testcase classname="tests.test_sanitize_systemd_startup_diagnostics" name="test_journal_sanitizer_requires_exact_oauth_diagnostic_shape" file="tests\test_sanitize_systemd_startup_diagnostics.py" line="99" time="0.001" /><testcase classname="tests.test_sanitize_systemd_startup_diagnostics" name="test_journal_sanitizer_uses_only_the_terminal_compose_attempt" file="tests\test_sanitize_systemd_startup_diagnostics.py" line="115" time="0.001" /><testcase classname="tests.test_sanitize_systemd_startup_diagnostics" name="test_journal_sanitizer_resets_on_starting_only_retry" file="tests\test_sanitize_systemd_startup_diagnostics.py" line="131" time="0.001" /><testcase classname="tests.test_sanitize_systemd_startup_diagnostics" name="test_journal_sanitizer_preserves_name_conflict_and_mixed_unknown_failure" file="tests\test_sanitize_systemd_startup_diagnostics.py" line="144" time="0.001" /><testcase classname="tests.test_sanitize_systemd_startup_diagnostics" name="test_journal_sanitizer_names_only_the_allowlisted_conflicting_container" file="tests\test_sanitize_systemd_startup_diagnostics.py" line="164" time="0.001" /><testcase classname="tests.test_sanitize_systemd_startup_diagnostics" name="test_journal_sanitizer_does_not_prefix_match_allowlisted_worker_names" file="tests\test_sanitize_systemd_startup_diagnostics.py" line="181" time="0.001" /><testcase classname="tests.test_sanitize_systemd_startup_diagnostics" name="test_journal_sanitizer_does_not_echo_unallowlisted_conflicting_name" file="tests\test_sanitize_systemd_startup_diagnostics.py" line="191" time="0.001" /><testcase classname="tests.test_sanitize_systemd_startup_diagnostics" name="test_journal_sanitizer_requires_exact_case_sensitive_conflict_operand[private_tinyassets-logs_backup]" file="tests\test_sanitize_systemd_startup_diagnostics.py" line="206" time="0.001" /><testcase classname="tests.test_sanitize_systemd_startup_diagnostics" name="test_journal_sanitizer_requires_exact_case_sensitive_conflict_operand[private.tinyassets-logs.backup]" file="tests\test_sanitize_systemd_startup_diagnostics.py" line="206" time="0.001" /><testcase classname="tests.test_sanitize_systemd_startup_diagnostics" name="test_journal_sanitizer_requires_exact_case_sensitive_conflict_operand[\u03b1tinyassets-logs\u03b2]" file="tests\test_sanitize_systemd_startup_diagnostics.py" line="206" time="0.001" /><testcase classname="tests.test_sanitize_systemd_startup_diagnostics" name="test_journal_sanitizer_requires_exact_case_sensitive_conflict_operand[TINYASSETS-LOGS]" file="tests\test_sanitize_systemd_startup_diagnostics.py" line="206" time="0.001" /><testcase classname="tests.test_sanitize_systemd_startup_diagnostics" name="test_journal_sanitizer_requires_exact_case_sensitive_conflict_operand[tinya\xdfets-logs]" file="tests\test_sanitize_systemd_startup_diagnostics.py" line="206" time="0.001" /><testcase classname="tests.test_sanitize_systemd_startup_diagnostics" name="test_journal_sanitizer_requires_exact_case_sensitive_conflict_operand[tinya\u017fsets-logs]" file="tests\test_sanitize_systemd_startup_diagnostics.py" line="206" time="0.001" /><testcase classname="tests.test_sanitize_systemd_startup_diagnostics" name="test_journal_sanitizer_requires_exact_case_sensitive_conflict_operand[/tinyassets-logs]" file="tests\test_sanitize_systemd_startup_diagnostics.py" line="206" time="0.001" /><testcase classname="tests.test_sanitize_systemd_startup_diagnostics" name="test_journal_sanitizer_ignores_unrelated_allowlisted_name_on_conflict_line" file="tests\test_sanitize_systemd_startup_diagnostics.py" line="234" time="0.001" /><testcase classname="tests.test_sanitize_systemd_startup_diagnostics" name="test_journal_sanitizer_conflict_names_follow_only_the_terminal_attempt" file="tests\test_sanitize_systemd_startup_diagnostics.py" line="244" time="0.001" /><testcase classname="tests.test_sanitize_systemd_startup_diagnostics" name="test_framed_journal_reports_source_truncation_within_transport_cap" file="tests\test_sanitize_systemd_startup_diagnostics.py" line="259" time="0.001" /><testcase classname="tests.test_sanitize_systemd_startup_diagnostics" name="test_window_validator_accepts_a_strict_bounded_past_window" file="tests\test_sanitize_systemd_startup_diagnostics.py" line="271" time="0.001" /><testcase classname="tests.test_sanitize_systemd_startup_diagnostics" name="test_journalctl_window_normalizes_strict_utc_to_unambiguous_epoch" file="tests\test_sanitize_systemd_startup_diagnostics.py" line="279" time="0.001" /><testcase classname="tests.test_sanitize_systemd_startup_diagnostics" name="test_window_validator_rejects_unsafe_inputs[$(touch /tmp/pwn)-2026-07-31T18:36:36Z-strict UTC]" file="tests\test_sanitize_systemd_startup_diagnostics.py" line="287" time="0.001" /><testcase classname="tests.test_sanitize_systemd_startup_diagnostics" name="test_window_validator_rejects_unsafe_inputs[2026-07-31T18:34:00Z-invalid-strict UTC]" file="tests\test_sanitize_systemd_startup_diagnostics.py" line="287" time="0.001" /><testcase classname="tests.test_sanitize_systemd_startup_diagnostics" name="test_window_validator_rejects_unsafe_inputs[2026-07-31T18:36:36Z-2026-07-31T18:34:00Z-must follow]" file="tests\test_sanitize_systemd_startup_diagnostics.py" line="287" time="0.001" /><testcase classname="tests.test_sanitize_systemd_startup_diagnostics" name="test_window_validator_rejects_unsafe_inputs[2026-07-31T18:00:00Z-2026-07-31T18:36:36Z-10 minutes]" file="tests\test_sanitize_systemd_startup_diagnostics.py" line="287" time="0.001" /><testcase classname="tests.test_sanitize_systemd_startup_diagnostics" name="test_window_validator_rejects_unsafe_inputs[2026-07-31T19:00:00Z-2026-07-31T19:01:00Z-in the past]" file="tests\test_sanitize_systemd_startup_diagnostics.py" line="287" time="0.001" /><testcase classname="tests.test_scenario_dispatcher_mcp_call" name="test_register_helper_populates_runner_registry" file="tests\test_scenario_dispatcher_mcp_call.py" line="94" time="0.001" /><testcase classname="tests.test_scenario_dispatcher_mcp_call" name="test_dispatcher_rejects_wrong_target_surface" file="tests\test_scenario_dispatcher_mcp_call.py" line="100" time="0.001" /><testcase classname="tests.test_scenario_dispatcher_mcp_call" name="test_dispatcher_requires_action_handler" file="tests\test_scenario_dispatcher_mcp_call.py" line="126" time="0.001" /><testcase classname="tests.test_scenario_dispatcher_mcp_call" name="test_dispatcher_uses_default_status_check_when_no_evaluators" file="tests\test_scenario_dispatcher_mcp_call.py" line="136" time="0.059" /><testcase classname="tests.test_scenario_dispatcher_mcp_call" name="test_dispatcher_rejects_missing_name_via_evaluator" file="tests\test_scenario_dispatcher_mcp_call.py" line="156" time="0.011" /><testcase classname="tests.test_scenario_dispatcher_mcp_call" name="test_end_to_end_goals_propose_passes" file="tests\test_scenario_dispatcher_mcp_call.py" line="174" time="0.057" /><testcase classname="tests.test_scenario_dispatcher_mcp_call" name="test_end_to_end_goals_propose_fails_on_missing_name" file="tests\test_scenario_dispatcher_mcp_call.py" line="223" time="0.011" /><testcase classname="tests.test_scenario_dispatcher_mcp_call" name="test_dispatcher_records_handler_exception_as_minus_one" file="tests\test_scenario_dispatcher_mcp_call.py" line="245" time="0.010" /><testcase classname="tests.test_scenario_runner" name="test_valid_scenario_constructs" file="tests\test_scenario_runner.py" line="64" time="0.001" /><testcase classname="tests.test_scenario_runner" name="test_scenario_id_must_be_namespaced" file="tests\test_scenario_runner.py" line="70" time="0.001" /><testcase classname="tests.test_scenario_runner" name="test_target_surface_must_be_valid_enum" file="tests\test_scenario_runner.py" line="75" time="0.001" /><testcase classname="tests.test_scenario_runner" name="test_privacy_scope_must_be_valid_enum" file="tests\test_scenario_runner.py" line="80" time="0.001" /><testcase classname="tests.test_scenario_runner" name="test_user_story_length_bounds_enforced" file="tests\test_scenario_runner.py" line="85" time="0.001" /><testcase classname="tests.test_scenario_runner" name="test_evaluator_chain_must_be_non_empty" file="tests\test_scenario_runner.py" line="92" time="0.001" /><testcase classname="tests.test_scenario_runner" name="test_artifact_requirements_must_be_non_empty" file="tests\test_scenario_runner.py" line="97" time="0.001" /><testcase classname="tests.test_scenario_runner" name="test_pass_threshold_must_have_min_score" file="tests\test_scenario_runner.py" line="102" time="0.001" /><testcase classname="tests.test_scenario_runner" name="test_cost_budget_must_have_required_fields" file="tests\test_scenario_runner.py" line="107" time="0.001" /><testcase classname="tests.test_scenario_runner" name="test_idempotency_key_constructor_must_be_declared" file="tests\test_scenario_runner.py" line="114" time="0.001" /><testcase classname="tests.test_scenario_runner" name="test_skip_verdict_when_no_dispatcher_registered" file="tests\test_scenario_runner.py" line="122" time="0.001" /><testcase classname="tests.test_scenario_runner" name="test_dispatcher_pass_result_wrapped_into_evalresult" file="tests\test_scenario_runner.py" line="132" time="0.000" /><testcase classname="tests.test_scenario_runner" name="test_dispatcher_score_below_threshold_yields_fail_when_verdict_omitted" file="tests\test_scenario_runner.py" line="156" time="0.000" /><testcase classname="tests.test_scenario_runner" name="test_dispatcher_score_above_threshold_yields_pass_when_verdict_omitted" file="tests\test_scenario_runner.py" line="169" time="0.001" /><testcase classname="tests.test_scenario_runner" name="test_dispatcher_exception_yields_error_verdict" file="tests\test_scenario_runner.py" line="181" time="0.000" /><testcase classname="tests.test_scenario_runner" name="test_dispatcher_invalid_verdict_falls_back_to_threshold_derivation" file="tests\test_scenario_runner.py" line="196" time="0.001" /><testcase classname="tests.test_scenario_runner" name="test_registry_isolates_per_target_surface" file="tests\test_scenario_runner.py" line="209" time="0.001" /><testcase classname="tests.test_scenario_runner" name="test_register_dispatcher_rejects_unknown_target_surface" file="tests\test_scenario_runner.py" line="229" time="0.001" /><testcase classname="tests.test_scenario_runner" name="test_dispatcher_score_clamped_to_valid_range" file="tests\test_scenario_runner.py" line="237" time="0.001" /><testcase classname="tests.test_scene_attempt_counter" name="test_bump_first_call_returns_one" file="tests\test_scene_attempt_counter.py" line="79" time="0.134" /><testcase classname="tests.test_scene_attempt_counter" name="test_bump_increments_successive_calls" file="tests\test_scene_attempt_counter.py" line="90" time="0.204" /><testcase classname="tests.test_scene_attempt_counter" name="test_bump_missing_target_returns_zero" file="tests\test_scene_attempt_counter.py" line="99" time="0.074" /><testcase classname="tests.test_scene_attempt_counter" name="test_bump_empty_universe_path_returns_zero" file="tests\test_scene_attempt_counter.py" line="108" time="0.001" /><testcase classname="tests.test_scene_attempt_counter" name="test_bump_empty_target_id_returns_zero" file="tests\test_scene_attempt_counter.py" line="112" time="0.012" /><testcase classname="tests.test_scene_attempt_counter" name="test_bump_handles_corrupt_counter_as_zero" file="tests\test_scene_attempt_counter.py" line="117" time="0.137" /><testcase classname="tests.test_scene_attempt_counter" name="test_max_scene_attempts_default" file="tests\test_scene_attempt_counter.py" line="133" time="0.001" /><testcase classname="tests.test_scene_attempt_counter" name="test_max_scene_attempts_env_override" file="tests\test_scene_attempt_counter.py" line="140" time="0.001" /><testcase classname="tests.test_scene_attempt_counter" name="test_max_scene_attempts_rejects_zero_or_negative" file="tests\test_scene_attempt_counter.py" line="145" time="0.001" /><testcase classname="tests.test_scene_attempt_counter" name="test_max_scene_attempts_rejects_garbage" file="tests\test_scene_attempt_counter.py" line="153" time="0.001" /><testcase classname="tests.test_scene_attempt_counter" name="test_advance_on_accept_resets_counter" file="tests\test_scene_attempt_counter.py" line="163" time="0.136" /><testcase classname="tests.test_scene_attempt_counter" name="test_advance_on_accept_no_counter_noop_on_field" file="tests\test_scene_attempt_counter.py" line="184" time="0.137" /><testcase classname="tests.test_scene_attempt_counter" name="test_run_scene_force_accepts_at_threshold" file="tests\test_scene_attempt_counter.py" line="206" time="0.178" /><testcase classname="tests.test_scene_attempt_counter" name="test_run_scene_does_not_force_accept_below_threshold" file="tests\test_scene_attempt_counter.py" line="276" time="0.182" /><testcase classname="tests.test_scene_attempt_counter" name="test_chapter_run_scene_references_counter_helpers" file="tests\test_scene_attempt_counter.py" line="339" time="0.001" /><testcase classname="tests.test_scene_dispatch_advance" name="test_dispatch_advances_past_existing_scene_file" file="tests\test_scene_dispatch_advance.py" line="61" time="0.134" /><testcase classname="tests.test_scene_dispatch_advance" name="test_dispatch_uses_explicit_scene_when_file_absent" file="tests\test_scene_dispatch_advance.py" line="85" time="0.111" /><testcase classname="tests.test_scene_dispatch_advance" name="test_dispatch_default_max_plus_one_still_works" file="tests\test_scene_dispatch_advance.py" line="109" time="0.104" /><testcase classname="tests.test_scene_dispatch_advance" name="test_dispatch_advances_when_explicit_scene_equals_max_existing" file="tests\test_scene_dispatch_advance.py" line="140" time="0.111" /><testcase classname="tests.test_scheduler.TestCronParse" name="test_wildcard" file="tests\test_scheduler.py" line="32" time="0.001" /><testcase classname="tests.test_scheduler.TestCronParse" name="test_exact_minute_hour" file="tests\test_scheduler.py" line="37" time="0.001" /><testcase classname="tests.test_scheduler.TestCronParse" name="test_range" file="tests\test_scheduler.py" line="43" time="0.001" /><testcase classname="tests.test_scheduler.TestCronParse" name="test_step" file="tests\test_scheduler.py" line="49" time="0.001" /><testcase classname="tests.test_scheduler.TestCronParse" name="test_comma_list" file="tests\test_scheduler.py" line="56" time="0.001" /><testcase classname="tests.test_scheduler.TestCronParse" name="test_bad_field_count" file="tests\test_scheduler.py" line="62" time="0.001" /><testcase classname="tests.test_scheduler.TestCronParse" name="test_out_of_range" file="tests\test_scheduler.py" line="66" time="0.001" /><testcase classname="tests.test_scheduler.TestCronParse" name="test_bad_step" file="tests\test_scheduler.py" line="70" time="0.001" /><testcase classname="tests.test_scheduler.TestCronParse" name="test_month_name" file="tests\test_scheduler.py" line="74" time="0.001" /><testcase classname="tests.test_scheduler.TestRegisterSchedule" name="test_cron_returns_id" file="tests\test_scheduler.py" line="91" time="0.048" /><testcase classname="tests.test_scheduler.TestRegisterSchedule" name="test_interval_returns_id" file="tests\test_scheduler.py" line="104" time="0.045" /><testcase classname="tests.test_scheduler.TestRegisterSchedule" name="test_no_trigger_raises" file="tests\test_scheduler.py" line="115" time="0.030" /><testcase classname="tests.test_scheduler.TestRegisterSchedule" name="test_invalid_cron_raises" file="tests\test_scheduler.py" line="119" time="0.030" /><testcase classname="tests.test_scheduler.TestRegisterSchedule" name="test_rate_limit" file="tests\test_scheduler.py" line="125" time="0.162" /><testcase classname="tests.test_scheduler.TestRegisterSchedule" name="test_rate_limit_per_owner" file="tests\test_scheduler.py" line="141" time="0.158" /><testcase classname="tests.test_scheduler.TestUnregisterSchedule" name="test_owner_can_unregister" file="tests\test_scheduler.py" line="159" time="0.051" /><testcase classname="tests.test_scheduler.TestUnregisterSchedule" name="test_non_owner_rejected" file="tests\test_scheduler.py" line="168" time="0.049" /><testcase classname="tests.test_scheduler.TestUnregisterSchedule" name="test_admin_can_unregister" file="tests\test_scheduler.py" line="175" time="0.047" /><testcase classname="tests.test_scheduler.TestUnregisterSchedule" name="test_missing_schedule_returns_false" file="tests\test_scheduler.py" line="182" time="0.033" /><testcase classname="tests.test_scheduler.TestRegisterSubscription" name="test_valid_event_type" file="tests\test_scheduler.py" line="190" time="0.037" /><testcase classname="tests.test_scheduler.TestRegisterSubscription" name="test_invalid_event_type" file="tests\test_scheduler.py" line="199" time="0.032" /><testcase classname="tests.test_scheduler.TestRegisterSubscription" name="test_rate_limit" file="tests\test_scheduler.py" line="208" time="0.159" /><testcase classname="tests.test_scheduler.TestRegisterSubscription" name="test_all_valid_event_types_accepted" file="tests\test_scheduler.py" line="224" time="0.057" /><testcase classname="tests.test_scheduler.TestUnregisterSubscription" name="test_owner_can_unregister" file="tests\test_scheduler.py" line="238" time="0.050" /><testcase classname="tests.test_scheduler.TestUnregisterSubscription" name="test_non_owner_rejected" file="tests\test_scheduler.py" line="245" time="0.046" /><testcase classname="tests.test_scheduler.TestUnregisterSubscription" name="test_admin_can_unregister" file="tests\test_scheduler.py" line="252" time="0.046" /><testcase classname="tests.test_scheduler.TestSchedulerTick" name="test_interval_fires" file="tests\test_scheduler.py" line="269" time="0.047" /><testcase classname="tests.test_scheduler.TestSchedulerTick" name="test_interval_not_fired_twice_too_soon" file="tests\test_scheduler.py" line="282" time="0.053" /><testcase classname="tests.test_scheduler.TestSchedulerTick" name="test_cron_fires_on_matching_minute" file="tests\test_scheduler.py" line="292" time="0.048" /><testcase classname="tests.test_scheduler.TestSchedulerTick" name="test_cron_does_not_fire_on_non_matching_minute" file="tests\test_scheduler.py" line="305" time="0.053" /><testcase classname="tests.test_scheduler.TestSchedulerTick" name="test_skip_if_running_skips" file="tests\test_scheduler.py" line="318" time="0.053" /><testcase classname="tests.test_scheduler.TestSchedulerTick" name="test_inputs_template_passed_to_run" file="tests\test_scheduler.py" line="343" time="0.049" /><testcase classname="tests.test_scheduler.TestSchedulerEventDispatch" name="test_event_fires_matching_subscription" file="tests\test_scheduler.py" line="366" time="0.047" /><testcase classname="tests.test_scheduler.TestSchedulerEventDispatch" name="test_event_does_not_fire_wrong_type" file="tests\test_scheduler.py" line="381" time="0.045" /><testcase classname="tests.test_scheduler.TestSchedulerEventDispatch" name="test_idempotency_no_double_fire" file="tests\test_scheduler.py" line="391" time="0.052" /><testcase classname="tests.test_scheduler.TestSchedulerEventDispatch" name="test_event_filter_match" file="tests\test_scheduler.py" line="402" time="0.054" /><testcase classname="tests.test_scheduler.TestSchedulerEventDispatch" name="test_inputs_mapping_applied" file="tests\test_scheduler.py" line="426" time="0.048" /><testcase classname="tests.test_scheduler.TestSchedulerEventDispatch" name="test_unregistered_subscription_not_fired" file="tests\test_scheduler.py" line="442" time="0.054" /><testcase classname="tests.test_scheduler" name="test_initialize_runs_db_creates_scheduler_tables" file="tests\test_scheduler.py" line="455" time="0.035" /><testcase classname="tests.test_scheduler_edge_cases.TestCronParserEdgeCases" name="test_wrong_field_count_too_few" file="tests\test_scheduler_edge_cases.py" line="37" time="0.001" /><testcase classname="tests.test_scheduler_edge_cases.TestCronParserEdgeCases" name="test_wrong_field_count_too_many" file="tests\test_scheduler_edge_cases.py" line="41" time="0.001" /><testcase classname="tests.test_scheduler_edge_cases.TestCronParserEdgeCases" name="test_empty_string" file="tests\test_scheduler_edge_cases.py" line="45" time="0.000" /><testcase classname="tests.test_scheduler_edge_cases.TestCronParserEdgeCases" name="test_non_numeric_field" file="tests\test_scheduler_edge_cases.py" line="49" time="0.000" /><testcase classname="tests.test_scheduler_edge_cases.TestCronParserEdgeCases" name="test_minute_boundary_zero" file="tests\test_scheduler_edge_cases.py" line="53" time="0.001" /><testcase classname="tests.test_scheduler_edge_cases.TestCronParserEdgeCases" name="test_minute_boundary_59" file="tests\test_scheduler_edge_cases.py" line="58" time="0.001" /><testcase classname="tests.test_scheduler_edge_cases.TestCronParserEdgeCases" name="test_minute_out_of_range_60" file="tests\test_scheduler_edge_cases.py" line="63" time="0.000" /><testcase classname="tests.test_scheduler_edge_cases.TestCronParserEdgeCases" name="test_hour_boundary_zero" file="tests\test_scheduler_edge_cases.py" line="67" time="0.001" /><testcase classname="tests.test_scheduler_edge_cases.TestCronParserEdgeCases" name="test_hour_boundary_23" file="tests\test_scheduler_edge_cases.py" line="72" time="0.001" /><testcase classname="tests.test_scheduler_edge_cases.TestCronParserEdgeCases" name="test_hour_out_of_range_24" file="tests\test_scheduler_edge_cases.py" line="77" time="0.001" /><testcase classname="tests.test_scheduler_edge_cases.TestCronParserEdgeCases" name="test_step_zero_raises" file="tests\test_scheduler_edge_cases.py" line="81" time="0.000" /><testcase classname="tests.test_scheduler_edge_cases.TestCronParserEdgeCases" name="test_step_negative_raises" file="tests\test_scheduler_edge_cases.py" line="85" time="0.000" /><testcase classname="tests.test_scheduler_edge_cases.TestCronParserEdgeCases" name="test_range_inverted_raises" file="tests\test_scheduler_edge_cases.py" line="89" time="0.001" /><testcase classname="tests.test_scheduler_edge_cases.TestCronParserEdgeCases" name="test_named_month_jan" file="tests\test_scheduler_edge_cases.py" line="93" time="0.001" /><testcase classname="tests.test_scheduler_edge_cases.TestCronParserEdgeCases" name="test_named_dow_sun" file="tests\test_scheduler_edge_cases.py" line="100" time="0.001" /><testcase classname="tests.test_scheduler_edge_cases.TestCronParserEdgeCases" name="test_wildcard_step_on_range" file="tests\test_scheduler_edge_cases.py" line="106" time="0.000" /><testcase classname="tests.test_scheduler_edge_cases.TestCronParserEdgeCases" name="test_dom_boundary_31" file="tests\test_scheduler_edge_cases.py" line="114" time="0.000" /><testcase classname="tests.test_scheduler_edge_cases.TestCronParserEdgeCases" name="test_dom_out_of_range_0" file="tests\test_scheduler_edge_cases.py" line="118" time="0.000" /><testcase classname="tests.test_scheduler_edge_cases.TestCronParserEdgeCases" name="test_dow_boundary_6" file="tests\test_scheduler_edge_cases.py" line="122" time="0.000" /><testcase classname="tests.test_scheduler_edge_cases.TestCronParserEdgeCases" name="test_dow_out_of_range_7" file="tests\test_scheduler_edge_cases.py" line="126" time="0.000" /><testcase classname="tests.test_scheduler_edge_cases.TestCronParserEdgeCases" name="test_register_schedule_validates_cron_at_call_time" file="tests\test_scheduler_edge_cases.py" line="130" time="0.032" /><testcase classname="tests.test_scheduler_edge_cases.TestSchedulerPersistence" name="test_schedule_survives_scheduler_restart" file="tests\test_scheduler_edge_cases.py" line="144" time="0.044" /><testcase classname="tests.test_scheduler_edge_cases.TestSchedulerPersistence" name="test_unregistered_schedule_not_visible" file="tests\test_scheduler_edge_cases.py" line="156" time="0.052" /><testcase classname="tests.test_scheduler_edge_cases.TestSchedulerPersistence" name="test_schedule_hydrated_on_scheduler_instantiation" file="tests\test_scheduler_edge_cases.py" line="169" time="0.047" /><testcase classname="tests.test_scheduler_edge_cases.TestEventRegistryEdgeCases" name="test_subscribe_same_event_type_twice_creates_two_rows" file="tests\test_scheduler_edge_cases.py" line="192" time="0.048" /><testcase classname="tests.test_scheduler_edge_cases.TestEventRegistryEdgeCases" name="test_unsubscribe_nonexistent_returns_false" file="tests\test_scheduler_edge_cases.py" line="209" time="0.034" /><testcase classname="tests.test_scheduler_edge_cases.TestEventRegistryEdgeCases" name="test_unsubscribe_other_owners_sub_raises" file="tests\test_scheduler_edge_cases.py" line="218" time="0.045" /><testcase classname="tests.test_scheduler_edge_cases.TestEventRegistryEdgeCases" name="test_admin_can_unsubscribe_any_owner" file="tests\test_scheduler_edge_cases.py" line="232" time="0.047" /><testcase classname="tests.test_scheduler_edge_cases.TestEventRegistryEdgeCases" name="test_invalid_event_type_raises" file="tests\test_scheduler_edge_cases.py" line="246" time="0.033" /><testcase classname="tests.test_scheduler_edge_cases.TestSchedulerConcurrency" name="test_scheduler_start_is_idempotent" file="tests\test_scheduler_edge_cases.py" line="260" time="0.033" /><testcase classname="tests.test_scheduler_edge_cases.TestSchedulerConcurrency" name="test_two_schedulers_can_coexist_without_deadlock" file="tests\test_scheduler_edge_cases.py" line="276" time="0.046" /><testcase classname="tests.test_scheduler_edge_cases.TestSchedulerConcurrency" name="test_stop_terminates_threads" file="tests\test_scheduler_edge_cases.py" line="299" time="0.033" /><testcase classname="tests.test_scheduler_edge_cases.TestRateLimitEdgeCases" name="test_register_interval_schedule_and_cron_schedule_both_work" file="tests\test_scheduler_edge_cases.py" line="314" time="0.044" /><testcase classname="tests.test_scheduler_edge_cases.TestRateLimitEdgeCases" name="test_neither_cron_nor_interval_raises" file="tests\test_scheduler_edge_cases.py" line="332" time="0.034" /><testcase classname="tests.test_scheduler_edge_cases.TestRateLimitEdgeCases" name="test_interval_zero_raises" file="tests\test_scheduler_edge_cases.py" line="341" time="0.031" /><testcase classname="tests.test_scheduler_edge_cases.TestRateLimitEdgeCases" name="test_unregister_nonexistent_schedule_returns_false" file="tests\test_scheduler_edge_cases.py" line="351" time="0.033" /><testcase classname="tests.test_scheduler_edge_cases.TestRateLimitEdgeCases" name="test_unregister_other_owners_schedule_raises" file="tests\test_scheduler_edge_cases.py" line="358" time="0.045" /><testcase classname="tests.test_scheduler_mcp.TestScheduleBranch" name="test_schedule_with_interval_returns_schedule_id" file="tests\test_scheduler_mcp.py" line="23" time="0.037" /><testcase classname="tests.test_scheduler_mcp.TestScheduleBranch" name="test_schedule_with_cron_returns_schedule_id" file="tests\test_scheduler_mcp.py" line="34" time="0.036" /><testcase classname="tests.test_scheduler_mcp.TestScheduleBranch" name="test_schedule_missing_branch_def_id_error" file="tests\test_scheduler_mcp.py" line="44" time="0.033" /><testcase classname="tests.test_scheduler_mcp.TestScheduleBranch" name="test_schedule_missing_trigger_error" file="tests\test_scheduler_mcp.py" line="52" time="0.030" /><testcase classname="tests.test_scheduler_mcp.TestScheduleBranch" name="test_schedule_invalid_cron_returns_error" file="tests\test_scheduler_mcp.py" line="60" time="0.038" /><testcase classname="tests.test_scheduler_mcp.TestScheduleBranch" name="test_schedule_skip_if_running_accepted" file="tests\test_scheduler_mcp.py" line="70" time="0.038" /><testcase classname="tests.test_scheduler_mcp.TestScheduleBranch" name="test_schedule_unique_ids" file="tests\test_scheduler_mcp.py" line="80" time="0.053" /><testcase classname="tests.test_scheduler_mcp.TestUnscheduleBranch" name="test_unschedule_existing_schedule" file="tests\test_scheduler_mcp.py" line="99" time="0.048" /><testcase classname="tests.test_scheduler_mcp.TestUnscheduleBranch" name="test_unschedule_nonexistent_returns_error" file="tests\test_scheduler_mcp.py" line="114" time="0.034" /><testcase classname="tests.test_scheduler_mcp.TestUnscheduleBranch" name="test_unschedule_missing_schedule_id_error" file="tests\test_scheduler_mcp.py" line="122" time="0.032" /><testcase classname="tests.test_scheduler_mcp.TestUnscheduleBranch" name="test_unschedule_wrong_owner_rejected" file="tests\test_scheduler_mcp.py" line="129" time="0.046" /><testcase classname="tests.test_scheduler_mcp.TestListSchedules" name="test_list_returns_schedules" file="tests\test_scheduler_mcp.py" line="147" time="0.050" /><testcase classname="tests.test_scheduler_mcp.TestListSchedules" name="test_list_empty_when_no_schedules" file="tests\test_scheduler_mcp.py" line="159" time="0.037" /><testcase classname="tests.test_scheduler_mcp.TestListSchedules" name="test_list_filters_by_owner" file="tests\test_scheduler_mcp.py" line="164" time="0.062" /><testcase classname="tests.test_scheduler_mcp.TestListSchedules" name="test_list_all_when_no_owner_filter" file="tests\test_scheduler_mcp.py" line="181" time="0.057" /><testcase classname="tests.test_scheduler_mcp.TestListSchedules" name="test_unscheduled_removed_from_active_list" file="tests\test_scheduler_mcp.py" line="197" time="0.055" /><testcase classname="tests.test_scheduler_mcp.TestSubscribeBranch" name="test_subscribe_valid_event_type" file="tests\test_scheduler_mcp.py" line="216" time="0.037" /><testcase classname="tests.test_scheduler_mcp.TestSubscribeBranch" name="test_subscribe_all_valid_event_types" file="tests\test_scheduler_mcp.py" line="227" time="0.065" /><testcase classname="tests.test_scheduler_mcp.TestSubscribeBranch" name="test_subscribe_invalid_event_type_error" file="tests\test_scheduler_mcp.py" line="238" time="0.031" /><testcase classname="tests.test_scheduler_mcp.TestSubscribeBranch" name="test_subscribe_missing_branch_def_id_error" file="tests\test_scheduler_mcp.py" line="248" time="0.033" /><testcase classname="tests.test_scheduler_mcp.TestSubscribeBranch" name="test_subscribe_missing_event_type_error" file="tests\test_scheduler_mcp.py" line="256" time="0.030" /><testcase classname="tests.test_scheduler_mcp.TestSubscribeBranch" name="test_subscribe_returns_unique_ids" file="tests\test_scheduler_mcp.py" line="264" time="0.052" /><testcase classname="tests.test_scheduler_mcp.TestUnsubscribeBranch" name="test_unsubscribe_existing" file="tests\test_scheduler_mcp.py" line="283" time="0.047" /><testcase classname="tests.test_scheduler_mcp.TestUnsubscribeBranch" name="test_unsubscribe_nonexistent_returns_error" file="tests\test_scheduler_mcp.py" line="297" time="0.033" /><testcase classname="tests.test_scheduler_mcp.TestUnsubscribeBranch" name="test_unsubscribe_missing_id_error" file="tests\test_scheduler_mcp.py" line="305" time="0.031" /><testcase classname="tests.test_scheduler_mcp.TestUnsubscribeBranch" name="test_unsubscribe_wrong_owner_rejected" file="tests\test_scheduler_mcp.py" line="312" time="0.046" /><testcase classname="tests.test_scheduler_mcp.TestSchedulerActionsInAvailableList" name="test_scheduler_actions_listed_on_unknown_action" file="tests\test_scheduler_mcp.py" line="330" time="0.032" /><testcase classname="tests.test_scheduler_mcp.TestPauseSchedule" name="test_pause_schedule_returns_paused" file="tests\test_scheduler_mcp.py" line="346" time="0.049" /><testcase classname="tests.test_scheduler_mcp.TestPauseSchedule" name="test_pause_then_list_shows_paused_true" file="tests\test_scheduler_mcp.py" line="361" time="0.058" /><testcase classname="tests.test_scheduler_mcp.TestPauseSchedule" name="test_pause_nonexistent_returns_error" file="tests\test_scheduler_mcp.py" line="377" time="0.039" /><testcase classname="tests.test_scheduler_mcp.TestPauseSchedule" name="test_pause_missing_schedule_id_error" file="tests\test_scheduler_mcp.py" line="385" time="0.036" /><testcase classname="tests.test_scheduler_mcp.TestPauseSchedule" name="test_pause_wrong_owner_rejected" file="tests\test_scheduler_mcp.py" line="389" time="0.056" /><testcase classname="tests.test_scheduler_mcp.TestUnpauseSchedule" name="test_unpause_restores_unpaused" file="tests\test_scheduler_mcp.py" line="407" time="0.077" /><testcase classname="tests.test_scheduler_mcp.TestUnpauseSchedule" name="test_unpause_nonexistent_returns_error" file="tests\test_scheduler_mcp.py" line="426" time="0.041" /><testcase classname="tests.test_scheduler_mcp.TestUnpauseSchedule" name="test_unpause_wrong_owner_rejected" file="tests\test_scheduler_mcp.py" line="434" time="0.055" /><testcase classname="tests.test_scheduler_mcp.TestListSchedulerSubscriptions" name="test_list_all_subscriptions" file="tests\test_scheduler_mcp.py" line="454" time="0.068" /><testcase classname="tests.test_scheduler_mcp.TestListSchedulerSubscriptions" name="test_list_filtered_by_event_type" file="tests\test_scheduler_mcp.py" line="471" time="0.084" /><testcase classname="tests.test_scheduler_mcp.TestListSchedulerSubscriptions" name="test_list_empty_returns_zero" file="tests\test_scheduler_mcp.py" line="491" time="0.039" /><testcase classname="tests.test_scheduler_mcp.TestListSchedulerSubscriptions" name="test_list_filtered_by_owner" file="tests\test_scheduler_mcp.py" line="496" time="0.065" /><testcase classname="tests.test_scheduler_mcp.TestListSchedulerSubscriptions" name="test_list_no_filter_is_regression" file="tests\test_scheduler_mcp.py" line="516" time="0.080" /><testcase classname="tests.test_scoped_identity_reset" name="test_inventory_classifies_current_schema_and_epoch2_stores" file="tests\test_scoped_identity_reset.py" line="69" time="0.127" /><testcase classname="tests.test_scoped_identity_reset" name="test_unclassified_schema_growth_fails_loudly" file="tests\test_scoped_identity_reset.py" line="100" time="0.145" /><testcase classname="tests.test_scoped_identity_reset" name="test_reviewed_schema_manifest_rejects_authority_growth[column]" file="tests\test_scoped_identity_reset.py" line="113" time="0.178" /><testcase classname="tests.test_scoped_identity_reset" name="test_reviewed_schema_manifest_rejects_authority_growth[generated_column]" file="tests\test_scoped_identity_reset.py" line="113" time="0.169" /><testcase classname="tests.test_scoped_identity_reset" name="test_reviewed_schema_manifest_rejects_authority_growth[trigger]" file="tests\test_scoped_identity_reset.py" line="113" time="0.166" /><testcase classname="tests.test_scoped_identity_reset" name="test_reviewed_schema_manifest_rejects_authority_growth[incoming_foreign_key]" file="tests\test_scoped_identity_reset.py" line="113" time="0.158" /><testcase classname="tests.test_scoped_identity_reset" name="test_foreign_binding_or_grant_blocks_exact_home[binding]" file="tests\test_scoped_identity_reset.py" line="158" time="0.195" /><testcase classname="tests.test_scoped_identity_reset" name="test_foreign_binding_or_grant_blocks_exact_home[grant]" file="tests\test_scoped_identity_reset.py" line="158" time="0.161" /><testcase classname="tests.test_scoped_identity_reset" name="test_foreign_terminal_actors_block_exact_home" file="tests\test_scoped_identity_reset.py" line="185" time="0.187" /><testcase classname="tests.test_scoped_identity_reset" name="test_active_daemon_request_or_epoch2_task_blocks[daemon]" file="tests\test_scoped_identity_reset.py" line="246" time="0.175" /><testcase classname="tests.test_scoped_identity_reset" name="test_active_daemon_request_or_epoch2_task_blocks[request]" file="tests\test_scoped_identity_reset.py" line="246" time="0.183" /><testcase classname="tests.test_scoped_identity_reset" name="test_active_daemon_request_or_epoch2_task_blocks[epoch2]" file="tests\test_scoped_identity_reset.py" line="246" time="0.180" /><testcase classname="tests.test_scoped_identity_reset" name="test_preserved_request_audit_dependencies_block_terminal_request_delete" file="tests\test_scoped_identity_reset.py" line="296" time="0.170" /><testcase classname="tests.test_scoped_identity_reset" name="test_active_root_run_schedule_and_market_obligation_block" file="tests\test_scoped_identity_reset.py" line="363" time="0.223" /><testcase classname="tests.test_scoped_identity_reset" name="test_unclassified_root_operational_store_blocks" file="tests\test_scoped_identity_reset.py" line="415" time="0.147" /><testcase classname="tests.test_scoped_identity_reset" name="test_known_but_unadapted_operational_stores_block[root-.langgraph_runs.db-False]" file="tests\test_scoped_identity_reset.py" line="427" time="0.119" /><testcase classname="tests.test_scoped_identity_reset" name="test_known_but_unadapted_operational_stores_block[root-lance-True]" file="tests\test_scoped_identity_reset.py" line="427" time="0.118" /><testcase classname="tests.test_scoped_identity_reset" name="test_known_but_unadapted_operational_stores_block[home-checkpoints.db-False]" file="tests\test_scoped_identity_reset.py" line="427" time="0.117" /><testcase classname="tests.test_scoped_identity_reset" name="test_known_but_unadapted_operational_stores_block[home-future_home_store.db-False]" file="tests\test_scoped_identity_reset.py" line="427" time="0.116" /><testcase classname="tests.test_scoped_identity_reset" name="test_known_but_unadapted_operational_stores_block[home-lance-True]" file="tests\test_scoped_identity_reset.py" line="427" time="0.117" /><testcase classname="tests.test_scoped_identity_reset" name="test_credentials_and_reparse_points_block_without_following" file="tests\test_scoped_identity_reset.py" line="456" time="0.120"><failure message="assert False&#10; +  where False = any(&lt;generator object test_credentials_and_reparse_points_block_without_following.&lt;locals&gt;.&lt;genexpr&gt; at 0x0000018E58689FF0&gt;)">seeded = WindowsPath('C:/Users/Jonathan/AppData/Local/Temp/pytest-of-Jonathan/pytest-7404/test_credentials_and_reparse_p0/data')

    def test_credentials_and_reparse_points_block_without_following(
        seeded: Path,
    ) -&gt; None:
        from tinyassets.scoped_reset import inspect_reset_scope
    
        credentials = seeded / _HOME_A / ".credential-vault.json"
        credentials.write_text('{"sentinel":"do-not-read"}', encoding="utf-8")
        link = seeded / _HOME_A / "outside-link"
        if sys.platform == "win32":
            subprocess.run(
                [
                    "powershell",
                    "-NoProfile",
                    "-Command",
                    "New-Item",
                    "-ItemType",
                    "Junction",
                    "-Path",
                    str(link),
                    "-Target",
                    str(seeded / _HOME_B),
                ],
                check=True,
                capture_output=True,
            )
        else:
            link.symlink_to(seeded / _HOME_B, target_is_directory=True)
    
        scope = inspect_reset_scope(seeded, principal=_SUBJECT_A)
        assert any("credential" in blocker for blocker in scope.blockers)
&gt;       assert any("link or reparse point" in blocker for blocker in scope.blockers)
E       assert False
E        +  where False = any(&lt;generator object test_credentials_and_reparse_points_block_without_following.&lt;locals&gt;.&lt;genexpr&gt; at 0x0000018E58689FF0&gt;)

tests\test_scoped_identity_reset.py:487: AssertionError</failure></testcase><testcase classname="tests.test_scoped_identity_reset" name="test_hardlinked_main_database_blocks_before_inspection" file="tests\test_scoped_identity_reset.py" line="490" time="0.119" /><testcase classname="tests.test_scoped_identity_reset" name="test_hardlinked_main_database_sidecar_blocks_before_inspection" file="tests\test_scoped_identity_reset.py" line="504" time="0.119" /><testcase classname="tests.test_scoped_identity_reset" name="test_process_shared_barrier_excludes_reset_while_writer_is_active" file="tests\test_scoped_identity_reset.py" line="517" time="0.167" /><testcase classname="tests.test_scoped_identity_reset" name="test_barrier_file_link_is_rejected_without_mutating_its_target" file="tests\test_scoped_identity_reset.py" line="536" time="0.144" /><testcase classname="tests.test_scoped_identity_reset" name="test_service_writer_barrier_recovers_then_holds_shared_lease" file="tests\test_scoped_identity_reset.py" line="551" time="0.173" /><testcase classname="tests.test_scoped_identity_reset" name="test_two_writer_processes_join_one_clean_shared_barrier" file="tests\test_scoped_identity_reset.py" line="570" time="0.291" /><testcase classname="tests.test_scoped_identity_reset" name="test_every_writer_process_entrypoint_installs_maintenance_barrier" file="tests\test_scoped_identity_reset.py" line="611" time="0.002" /><testcase classname="tests.test_scoped_identity_reset" name="test_fault_contract_names_every_recovery_boundary" file="tests\test_scoped_identity_reset.py" line="628" time="0.000" /><testcase classname="tests.test_scoped_identity_reset" name="test_scoped_reset_is_not_registered_as_public_surface" file="tests\test_scoped_identity_reset.py" line="644" time="0.001" /><testcase classname="tests.test_scoped_identity_reset" name="test_packaged_runtime_matches_scoped_reset_writer_sources" file="tests\test_scoped_identity_reset.py" line="660" time="0.001" /><testcase classname="tests.test_scoped_identity_reset" name="test_plan_is_read_only_stable_and_never_emits_raw_subject" file="tests\test_scoped_identity_reset.py" line="703" time="0.137" /><testcase classname="tests.test_scoped_identity_reset" name="test_unknown_alias_and_nonallowlisted_subject_fail_closed" file="tests\test_scoped_identity_reset.py" line="728" time="0.107" /><testcase classname="tests.test_scoped_identity_reset" name="test_allowlisted_subject_without_state_has_stable_noop_plan" file="tests\test_scoped_identity_reset.py" line="743" time="0.109" /><testcase classname="tests.test_scoped_identity_reset" name="test_no_database_noop_apply_is_repeatable_without_creating_control_state" file="tests\test_scoped_identity_reset.py" line="763" time="0.018" /><testcase classname="tests.test_scoped_identity_reset" name="test_plan_digest_changes_when_exact_binding_version_changes" file="tests\test_scoped_identity_reset.py" line="802" time="0.136" /><testcase classname="tests.test_scoped_identity_reset" name="test_operator_cli_loads_private_roster_and_emits_redacted_plan" file="tests\test_scoped_identity_reset.py" line="820" time="0.123" /><testcase classname="tests.test_scoped_identity_reset" name="test_roster_rejects_credentials_and_unexpected_fields" file="tests\test_scoped_identity_reset.py" line="860" time="0.021" /><testcase classname="tests.test_scoped_identity_reset" name="test_windows_roster_acl_failure_is_loud" file="tests\test_scoped_identity_reset.py" line="887" time="0.012" /><testcase classname="tests.test_scoped_identity_reset" name="test_directory_fsync_uses_windows_flush" file="tests\test_scoped_identity_reset.py" line="914" time="0.011" /><testcase classname="tests.test_scoped_identity_reset" name="test_completed_plan_replay_is_read_only_and_returns_receipt" file="tests\test_scoped_identity_reset.py" line="934" time="0.147" /><testcase classname="tests.test_scoped_identity_reset" name="test_apply_resets_exact_founder_home_and_subject_grants_only" file="tests\test_scoped_identity_reset.py" line="1046" time="0.277" /><testcase classname="tests.test_scoped_identity_reset" name="test_completed_apply_replay_preserves_new_home" file="tests\test_scoped_identity_reset.py" line="1074" time="0.220" /><testcase classname="tests.test_scoped_identity_reset" name="test_replay_recovers_postcommit_fault_then_returns_receipt" file="tests\test_scoped_identity_reset.py" line="1141" time="0.181" /><testcase classname="tests.test_scoped_identity_reset" name="test_apply_rejects_plan_change_and_active_blocker_without_mutation" file="tests\test_scoped_identity_reset.py" line="1178" time="0.179" /><testcase classname="tests.test_scoped_identity_reset" name="test_fault_recovery_converges_at_every_boundary[before_rename-False]" file="tests\test_scoped_identity_reset.py" line="1226" time="0.177" /><testcase classname="tests.test_scoped_identity_reset" name="test_fault_recovery_converges_at_every_boundary[after_rename-False]" file="tests\test_scoped_identity_reset.py" line="1226" time="0.180" /><testcase classname="tests.test_scoped_identity_reset" name="test_fault_recovery_converges_at_every_boundary[before_commit-False]" file="tests\test_scoped_identity_reset.py" line="1226" time="0.182" /><testcase classname="tests.test_scoped_identity_reset" name="test_fault_recovery_converges_at_every_boundary[after_commit-True]" file="tests\test_scoped_identity_reset.py" line="1226" time="0.199" /><testcase classname="tests.test_scoped_identity_reset" name="test_fault_recovery_converges_at_every_boundary[before_cleanup-True]" file="tests\test_scoped_identity_reset.py" line="1226" time="0.180" /><testcase classname="tests.test_scoped_identity_reset" name="test_fault_recovery_converges_at_every_boundary[after_cleanup-True]" file="tests\test_scoped_identity_reset.py" line="1226" time="0.174" /><testcase classname="tests.test_scoped_identity_reset" name="test_apply_refuses_credential_and_home_local_audit_stores" file="tests\test_scoped_identity_reset.py" line="1281" time="0.117" /><testcase classname="tests.test_scoped_identity_reset" name="test_apply_refuses_home_directory_identity_swap" file="tests\test_scoped_identity_reset.py" line="1301" time="0.163" /><testcase classname="tests.test_scoped_identity_reset" name="test_recovery_refuses_preexisting_directory_at_staging_path" file="tests\test_scoped_identity_reset.py" line="1339" time="0.174" /><testcase classname="tests.test_scoped_identity_reset" name="test_casefolded_protected_store_aborts_without_deletion[AUTH.JSON-home contains credential artifact-False]" file="tests\test_scoped_identity_reset.py" line="1381" time="0.126" /><testcase classname="tests.test_scoped_identity_reset" name="test_casefolded_protected_store_aborts_without_deletion[Auth.Json-home contains credential artifact-False]" file="tests\test_scoped_identity_reset.py" line="1381" time="0.118" /><testcase classname="tests.test_scoped_identity_reset" name="test_casefolded_protected_store_aborts_without_deletion[.CREDENTIAL-VAULT.JSON-home contains credential artifact-False]" file="tests\test_scoped_identity_reset.py" line="1381" time="0.121" /><testcase classname="tests.test_scoped_identity_reset" name="test_casefolded_protected_store_aborts_without_deletion[BID_EXECUTION_LOG.JSON-home-local audit or receipt store-False]" file="tests\test_scoped_identity_reset.py" line="1381" time="0.117" /><testcase classname="tests.test_scoped_identity_reset" name="test_casefolded_protected_store_aborts_without_deletion[CHECKPOINTS.DB-home operational store has no scoped-reset adapter-False]" file="tests\test_scoped_identity_reset.py" line="1381" time="0.119" /><testcase classname="tests.test_scoped_identity_reset" name="test_casefolded_protected_store_aborts_without_deletion[CHECKPOINTS-home operational directory has no scoped-reset adapter-True]" file="tests\test_scoped_identity_reset.py" line="1381" time="0.117" /><testcase classname="tests.test_scoped_identity_reset" name="test_unclassified_home_store_aborts_without_deletion[future_queue.sqlite3]" file="tests\test_scoped_identity_reset.py" line="1438" time="0.124" /><testcase classname="tests.test_scoped_identity_reset" name="test_unclassified_home_store_aborts_without_deletion[future_events.jsonl]" file="tests\test_scoped_identity_reset.py" line="1438" time="0.119" /><testcase classname="tests.test_scoped_identity_reset" name="test_unclassified_home_store_aborts_without_deletion[future_vectors.parquet]" file="tests\test_scoped_identity_reset.py" line="1438" time="0.122" /><testcase classname="tests.test_scoped_identity_reset" name="test_unclassified_home_store_aborts_without_deletion[future_queue]" file="tests\test_scoped_identity_reset.py" line="1438" time="0.134" /><testcase classname="tests.test_scoped_identity_reset" name="test_unclassified_root_store_and_runs_table_abort_reset" file="tests\test_scoped_identity_reset.py" line="1476" time="0.156" /><testcase classname="tests.test_scoped_identity_reset" name="test_plan_does_not_create_sqlite_sidecars" file="tests\test_scoped_identity_reset.py" line="1538" time="0.122" /><testcase classname="tests.test_scoped_identity_reset" name="test_legacy_api_reconfigure_keeps_previous_writer_fence_on_failure" file="tests\test_scoped_identity_reset.py" line="1547" time="30.113" /><testcase classname="tests.test_scoped_identity_reset" name="test_legacy_api_swaps_root_and_fence_before_releasing_previous" file="tests\test_scoped_identity_reset.py" line="1595" time="0.054" /><testcase classname="tests.test_scoped_reset_mutation_proof" name="test_widened_principal_filter_is_rejected_before_delete" file="tests\test_scoped_reset_mutation_proof.py" line="102" time="0.185" /><testcase classname="tests.test_scoped_reset_mutation_proof" name="test_real_planner_predicate_widening_changes_the_reviewed_plan" file="tests\test_scoped_reset_mutation_proof.py" line="149" time="0.143" /><testcase classname="tests.test_scoped_reset_mutation_proof" name="test_founder_home_predicate_widening_is_rejected" file="tests\test_scoped_reset_mutation_proof.py" line="180" time="0.128" /><testcase classname="tests.test_scoped_reset_mutation_proof" name="test_journal_ordering_windows_recover_without_stranding_state[after_journal]" file="tests\test_scoped_reset_mutation_proof.py" line="228" time="0.188" /><testcase classname="tests.test_scoped_reset_mutation_proof" name="test_journal_ordering_windows_recover_without_stranding_state[after_prepare]" file="tests\test_scoped_reset_mutation_proof.py" line="228" time="0.165" /><testcase classname="tests.test_scoped_reset_mutation_proof" name="test_journal_ordering_windows_recover_without_stranding_state[after_complete]" file="tests\test_scoped_reset_mutation_proof.py" line="228" time="0.171" /><testcase classname="tests.test_scoped_reset_mutation_proof" name="test_partial_temporary_journal_is_swept_before_retry" file="tests\test_scoped_reset_mutation_proof.py" line="256" time="0.152" /><testcase classname="tests.test_scoped_reset_mutation_proof" name="test_recovery_rederives_paths_and_validates_journal" file="tests\test_scoped_reset_mutation_proof.py" line="284" time="0.179" /><testcase classname="tests.test_scoped_reset_mutation_proof" name="test_recovery_rejects_journal_content_tampering" file="tests\test_scoped_reset_mutation_proof.py" line="308" time="0.179" /><testcase classname="tests.test_scoped_reset_mutation_proof" name="test_journal_persists_reviewed_filesystem_identity" file="tests\test_scoped_reset_mutation_proof.py" line="329" time="0.156" /><testcase classname="tests.test_scoped_reset_mutation_proof" name="test_recovery_rejects_linked_staging_operation_ancestor" file="tests\test_scoped_reset_mutation_proof.py" line="348" time="0.171"><failure message="AssertionError: Regex pattern did not match.&#10;  Expected regex: 'path evidence'&#10;  Actual message: 'pre-commit reset filesystem state is ambiguous: sha256:5409f594ff73c1abe3fc363ae01124bc4f2ec5a6e33f467497fd677bdb56ce02'">seeded = WindowsPath('C:/Users/Jonathan/AppData/Local/Temp/pytest-of-Jonathan/pytest-7404/test_recovery_rejects_linked_s0/data')

    def test_recovery_rejects_linked_staging_operation_ancestor(
        seeded: Path,
    ) -&gt; None:
        plan = _plan(seeded)
        with pytest.raises(RuntimeError, match="injected:after_rename"):
            apply_test_identity_reset(
                seeded,
                alias="alice",
                roster=_roster(),
                plan_id=plan["plan_id"],
                fault_injector=_fault_after("after_rename"),
            )
        operation_id = str(plan["plan_id"]).removeprefix("sha256:")
        staging_root = seeded / ".scoped-reset-staging"
        operation_dir = staging_root / operation_id
        relocated = staging_root / "relocated-operation"
        operation_dir.replace(relocated)
        if sys.platform == "win32":
            subprocess.run(
                [
                    "powershell",
                    "-NoProfile",
                    "-Command",
                    "New-Item",
                    "-ItemType",
                    "Junction",
                    "-Path",
                    str(operation_dir),
                    "-Target",
                    str(relocated),
                ],
                check=True,
                capture_output=True,
            )
        else:
            operation_dir.symlink_to(relocated, target_is_directory=True)
    
        with pytest.raises(ScopedResetRecoveryError, match="path evidence"):
&gt;           recover_scoped_resets(seeded)

tests\test_scoped_reset_mutation_proof.py:387: 
_ _ _ _ _ _ _ _ _ _ _ _ _ _ _ _ _ _ _ _ _ _ _ _ _ _ _ _ _ _ _ _ _ _ _ _ _ _ _ _
tinyassets\scoped_reset.py:2860: in recover_scoped_resets
    _recover_locked(root, conn)
_ _ _ _ _ _ _ _ _ _ _ _ _ _ _ _ _ _ _ _ _ _ _ _ _ _ _ _ _ _ _ _ _ _ _ _ _ _ _ _

root = WindowsPath('C:/Users/Jonathan/AppData/Local/Temp/pytest-of-Jonathan/pytest-7404/test_recovery_rejects_linked_s0/data')
conn = &lt;sqlite3.Connection object at 0x0000018E58692D40&gt;

    def _recover_locked(root: Path, conn: sqlite3.Connection) -&gt; None:
        _ensure_control_schema(conn)
        _sweep_terminal_or_orphan_journals(root, conn)
        rows = conn.execute(
            "SELECT * FROM scoped_reset_operations "
            "WHERE state NOT IN ('completed', 'rolled_back') ORDER BY created_at"
        ).fetchall()
        for row in rows:
            plan_id = str(row["plan_id"])
            source, staging, journal, planned_identity = _operation_evidence_from_row(
                root,
                row,
            )
            witness = bool(row["commit_witness"])
            if witness:
                _safe_cleanup_staging(
                    root,
                    staging,
                    planned_identity=planned_identity,
                )
                _complete_operation(
                    conn,
                    plan_id=plan_id,
                    principal_fingerprint=str(row["principal_fingerprint"]),
                )
                _remove_journal(journal)
                continue
            _verify_precommit_database_state(conn, row)
            if staging is not None:
                if source is None:
                    raise ScopedResetRecoveryError(
                        f"staged reset has no source path: {plan_id}"
                    )
                source_exists = source.exists()
                staging_exists = staging.exists()
                if source_exists == staging_exists:
&gt;                   raise ScopedResetRecoveryError(
                        f"pre-commit reset filesystem state is ambiguous: {plan_id}"
                    )
E                   tinyassets.scoped_reset.ScopedResetRecoveryError: pre-commit reset filesystem state is ambiguous: sha256:5409f594ff73c1abe3fc363ae01124bc4f2ec5a6e33f467497fd677bdb56ce02

tinyassets\scoped_reset.py:2789: ScopedResetRecoveryError

During handling of the above exception, another exception occurred:

seeded = WindowsPath('C:/Users/Jonathan/AppData/Local/Temp/pytest-of-Jonathan/pytest-7404/test_recovery_rejects_linked_s0/data')

    def test_recovery_rejects_linked_staging_operation_ancestor(
        seeded: Path,
    ) -&gt; None:
        plan = _plan(seeded)
        with pytest.raises(RuntimeError, match="injected:after_rename"):
            apply_test_identity_reset(
                seeded,
                alias="alice",
                roster=_roster(),
                plan_id=plan["plan_id"],
                fault_injector=_fault_after("after_rename"),
            )
        operation_id = str(plan["plan_id"]).removeprefix("sha256:")
        staging_root = seeded / ".scoped-reset-staging"
        operation_dir = staging_root / operation_id
        relocated = staging_root / "relocated-operation"
        operation_dir.replace(relocated)
        if sys.platform == "win32":
            subprocess.run(
                [
                    "powershell",
                    "-NoProfile",
                    "-Command",
                    "New-Item",
                    "-ItemType",
                    "Junction",
                    "-Path",
                    str(operation_dir),
                    "-Target",
                    str(relocated),
                ],
                check=True,
                capture_output=True,
            )
        else:
            operation_dir.symlink_to(relocated, target_is_directory=True)
    
&gt;       with pytest.raises(ScopedResetRecoveryError, match="path evidence"):
             ^^^^^^^^^^^^^^^^^^^^^^^^^^^^^^^^^^^^^^^^^^^^^^^^^^^^^^^^^^^^^^
E       AssertionError: Regex pattern did not match.
E         Expected regex: 'path evidence'
E         Actual message: 'pre-commit reset filesystem state is ambiguous: sha256:5409f594ff73c1abe3fc363ae01124bc4f2ec5a6e33f467497fd677bdb56ce02'

tests\test_scoped_reset_mutation_proof.py:386: AssertionError</failure></testcase><testcase classname="tests.test_scoped_reset_mutation_proof" name="test_foreign_directory_is_refused_at_every_filesystem_boundary[reviewed_source]" file="tests\test_scoped_reset_mutation_proof.py" line="390" time="0.167" /><testcase classname="tests.test_scoped_reset_mutation_proof" name="test_foreign_directory_is_refused_at_every_filesystem_boundary[pre_rename]" file="tests\test_scoped_reset_mutation_proof.py" line="390" time="0.160" /><testcase classname="tests.test_scoped_reset_mutation_proof" name="test_foreign_directory_is_refused_at_every_filesystem_boundary[precommit_recovery]" file="tests\test_scoped_reset_mutation_proof.py" line="390" time="0.170" /><testcase classname="tests.test_scoped_reset_mutation_proof" name="test_foreign_directory_is_refused_at_every_filesystem_boundary[postcommit_cleanup]" file="tests\test_scoped_reset_mutation_proof.py" line="390" time="0.167" /><testcase classname="tests.test_scoped_reset_mutation_proof" name="test_precommit_recovery_refuses_unaccounted_home_state[neither]" file="tests\test_scoped_reset_mutation_proof.py" line="462" time="0.171" /><testcase classname="tests.test_scoped_reset_mutation_proof" name="test_precommit_recovery_refuses_unaccounted_home_state[foreign_source]" file="tests\test_scoped_reset_mutation_proof.py" line="462" time="0.168" /><testcase classname="tests.test_scoped_reset_mutation_proof" name="test_precommit_recovery_accepts_already_restored_owned_home" file="tests\test_scoped_reset_mutation_proof.py" line="504" time="0.171" /><testcase classname="tests.test_scoped_reset_mutation_proof" name="test_missing_commit_witness_never_restores_files_over_deleted_rows" file="tests\test_scoped_reset_mutation_proof.py" line="532" time="0.215" /><testcase classname="tests.test_scoped_reset_mutation_proof" name="test_filesystem_rollback_failure_stays_recoverable_and_loud" file="tests\test_scoped_reset_mutation_proof.py" line="568" time="0.175" /><testcase classname="tests.test_scoped_reset_mutation_proof" name="test_rollback_flushes_both_rename_parents_and_staging_root" file="tests\test_scoped_reset_mutation_proof.py" line="598" time="0.165" /><testcase classname="tests.test_select_do_image" name="test_selects_newest_eligible_image_from_second_page" file="tests\test_select_do_image.py" line="58" time="0.004" /><testcase classname="tests.test_select_do_image" name="test_valid_single_page_catalog_may_omit_links" file="tests\test_select_do_image.py" line="72" time="0.001" /><testcase classname="tests.test_select_do_image" name="test_exact_provider_predicate_rejects_higher_ineligible_candidates" file="tests\test_select_do_image.py" line="84" time="0.001" /><testcase classname="tests.test_select_do_image" name="test_failed_continuation_remains_red" file="tests\test_select_do_image.py" line="103" time="0.001" /><testcase classname="tests.test_select_do_image" name="test_malformed_or_off_endpoint_continuation_is_rejected[https://example.com/v2/images?page=2]" file="tests\test_select_do_image.py" line="116" time="0.001" /><testcase classname="tests.test_select_do_image" name="test_malformed_or_off_endpoint_continuation_is_rejected[https://api.digitalocean.com/v2/droplets?page=2]" file="tests\test_select_do_image.py" line="116" time="0.001" /><testcase classname="tests.test_select_do_image" name="test_malformed_or_off_endpoint_continuation_is_rejected[https://api.digitalocean.com:443/v2/images?page=2]" file="tests\test_select_do_image.py" line="116" time="0.001" /><testcase classname="tests.test_select_do_image" name="test_malformed_or_off_endpoint_continuation_is_rejected[42]" file="tests\test_select_do_image.py" line="116" time="0.001" /><testcase classname="tests.test_select_do_image" name="test_cyclic_continuation_is_rejected" file="tests\test_select_do_image.py" line="139" time="0.001" /><testcase classname="tests.test_select_do_image" name="test_page_budget_exhaustion_is_rejected" file="tests\test_select_do_image.py" line="152" time="0.001" /><testcase classname="tests.test_select_do_image" name="test_malformed_inventory_is_rejected[payload0]" file="tests\test_select_do_image.py" line="170" time="0.001" /><testcase classname="tests.test_select_do_image" name="test_malformed_inventory_is_rejected[payload1]" file="tests\test_select_do_image.py" line="170" time="0.001" /><testcase classname="tests.test_select_do_image" name="test_malformed_inventory_is_rejected[payload2]" file="tests\test_select_do_image.py" line="170" time="0.001" /><testcase classname="tests.test_select_do_image" name="test_malformed_inventory_is_rejected[payload3]" file="tests\test_select_do_image.py" line="170" time="0.001" /><testcase classname="tests.test_select_do_image" name="test_empty_aggregate_is_rejected_without_static_fallback" file="tests\test_select_do_image.py" line="189" time="0.001" /><testcase classname="tests.test_selector_dispatch" name="test_default_selector_publishes_on_first_call" file="tests\test_selector_dispatch.py" line="69" time="0.127" /><testcase classname="tests.test_selector_dispatch" name="test_default_selector_is_idempotent" file="tests\test_selector_dispatch.py" line="78" time="0.111" /><testcase classname="tests.test_selector_dispatch" name="test_default_selector_branch_def_exists_after_publish" file="tests\test_selector_dispatch.py" line="85" time="0.101" /><testcase classname="tests.test_selector_dispatch" name="test_resolve_returns_goal_binding_when_set" file="tests\test_selector_dispatch.py" line="106" time="0.131" /><testcase classname="tests.test_selector_dispatch" name="test_resolve_falls_back_to_platform_default" file="tests\test_selector_dispatch.py" line="135" time="0.146" /><testcase classname="tests.test_selector_dispatch" name="test_resolve_returns_goal_not_found_for_missing_goal" file="tests\test_selector_dispatch.py" line="149" time="0.100" /><testcase classname="tests.test_selector_dispatch" name="test_dispatch_short_circuits_on_empty_candidates" file="tests\test_selector_dispatch.py" line="161" time="0.081" /><testcase classname="tests.test_selector_dispatch" name="test_parse_accepts_list_directly" file="tests\test_selector_dispatch.py" line="192" time="0.001" /><testcase classname="tests.test_selector_dispatch" name="test_parse_accepts_json_string" file="tests\test_selector_dispatch.py" line="205" time="0.001" /><testcase classname="tests.test_selector_dispatch" name="test_parse_strips_markdown_fence_from_json_string" file="tests\test_selector_dispatch.py" line="214" time="0.000" /><testcase classname="tests.test_selector_dispatch" name="test_parse_unwraps_full_object_stuffed_into_field" file="tests\test_selector_dispatch.py" line="229" time="0.000" /><testcase classname="tests.test_selector_dispatch" name="test_parse_rejects_missing_key" file="tests\test_selector_dispatch.py" line="241" time="0.000" /><testcase classname="tests.test_selector_dispatch" name="test_parse_rejects_non_list" file="tests\test_selector_dispatch.py" line="248" time="0.000" /><testcase classname="tests.test_selector_dispatch" name="test_parse_rejects_non_decodable_string" file="tests\test_selector_dispatch.py" line="254" time="0.000" /><testcase classname="tests.test_selector_dispatch" name="test_parse_rejects_entry_without_branch_def_id" file="tests\test_selector_dispatch.py" line="260" time="0.000" /><testcase classname="tests.test_selector_dispatch" name="test_parse_rejects_entry_without_score" file="tests\test_selector_dispatch.py" line="271" time="0.000" /><testcase classname="tests.test_selector_dispatch" name="test_parse_rejects_non_coercible_score" file="tests\test_selector_dispatch.py" line="282" time="0.000" /><testcase classname="tests.test_selector_dispatch" name="test_parse_rejects_empty_branch_def_id" file="tests\test_selector_dispatch.py" line="293" time="0.000" /><testcase classname="tests.test_selector_dispatch" name="test_parse_accepts_optional_fields_missing" file="tests\test_selector_dispatch.py" line="303" time="0.000" /><testcase classname="tests.test_selector_dispatch" name="test_parse_normalizes_score_to_float" file="tests\test_selector_dispatch.py" line="316" time="0.000" /><testcase classname="tests.test_selector_dispatch" name="test_resolve_timeout_reads_env" file="tests\test_selector_dispatch.py" line="332" time="0.000" /><testcase classname="tests.test_selector_dispatch" name="test_resolve_timeout_clamps_to_min_one_second" file="tests\test_selector_dispatch.py" line="346" time="0.000" /><testcase classname="tests.test_selector_dispatch" name="test_end_to_end_selector_dispatch_with_real_published_branch" file="tests\test_selector_dispatch.py" line="389" time="0.249" /><testcase classname="tests.test_selector_dispatch" name="test_end_to_end_platform_default_fallback" file="tests\test_selector_dispatch.py" line="476" time="0.246" /><testcase classname="tests.test_selector_dispatch" name="test_resolve_falls_back_when_bound_selector_is_rolled_back" file="tests\test_selector_dispatch.py" line="607" time="0.144" /><testcase classname="tests.test_selector_dispatch" name="test_resolve_falls_back_when_bound_selector_version_missing" file="tests\test_selector_dispatch.py" line="643" time="0.131" /><testcase classname="tests.test_selector_dispatch" name="test_resolve_logs_fallback_with_clear_operator_guidance" file="tests\test_selector_dispatch.py" line="661" time="0.149" /><testcase classname="tests.test_selector_dispatch" name="test_dispatch_threads_fallback_diagnostic_to_caller" file="tests\test_selector_dispatch.py" line="695" time="0.262" /><testcase classname="tests.test_selector_dispatch" name="test_ensure_default_returns_empty_when_existing_default_rolled_back" file="tests\test_selector_dispatch.py" line="824" time="0.113" /><testcase classname="tests.test_selector_dispatch" name="test_resolve_surfaces_default_unavailable_when_default_rolled_back" file="tests\test_selector_dispatch.py" line="860" time="0.120" /><testcase classname="tests.test_selector_dispatch" name="test_dispatch_selector_rejects_inactive_at_dispatch_time" file="tests\test_selector_dispatch.py" line="883" time="0.112" /><testcase classname="tests.test_selector_dispatch" name="test_quality_leaderboard_unavailable_when_default_rolled_back" file="tests\test_selector_dispatch.py" line="941" time="0.142" /><testcase classname="tests.test_self_auditing_tools.TestMemoryScopeStatusFlagOff" name="test_schema_version" file="tests\test_self_auditing_tools.py" line="40" time="0.054" /><testcase classname="tests.test_self_auditing_tools.TestMemoryScopeStatusFlagOff" name="test_flag_state_off_when_unset" file="tests\test_self_auditing_tools.py" line="45" time="0.053" /><testcase classname="tests.test_self_auditing_tools.TestMemoryScopeStatusFlagOff" name="test_tiered_scope_enabled_false" file="tests\test_self_auditing_tools.py" line="50" time="0.053" /><testcase classname="tests.test_self_auditing_tools.TestMemoryScopeStatusFlagOff" name="test_active_tiers_only_universe_when_off" file="tests\test_self_auditing_tools.py" line="55" time="0.052" /><testcase classname="tests.test_self_auditing_tools.TestMemoryScopeStatusFlagOff" name="test_all_scope_tiers_four_entries" file="tests\test_self_auditing_tools.py" line="60" time="0.053" /><testcase classname="tests.test_self_auditing_tools.TestMemoryScopeStatusFlagOff" name="test_retrieval_stats_empty_dict" file="tests\test_self_auditing_tools.py" line="69" time="0.052" /><testcase classname="tests.test_self_auditing_tools.TestMemoryScopeStatusFlagOff" name="test_recent_mismatches_is_list" file="tests\test_self_auditing_tools.py" line="74" time="0.052" /><testcase classname="tests.test_self_auditing_tools.TestMemoryScopeStatusFlagOff" name="test_caveats_non_empty_when_off" file="tests\test_self_auditing_tools.py" line="79" time="0.052" /><testcase classname="tests.test_self_auditing_tools.TestMemoryScopeStatusFlagOff" name="test_actionable_next_steps_non_empty_when_off" file="tests\test_self_auditing_tools.py" line="84" time="0.054" /><testcase classname="tests.test_self_auditing_tools.TestMemoryScopeStatusFlagOff" name="test_universe_id_present" file="tests\test_self_auditing_tools.py" line="89" time="0.055" /><testcase classname="tests.test_self_auditing_tools.TestMemoryScopeStatusFlagOff" name="test_caveats_mention_universe_id_only" file="tests\test_self_auditing_tools.py" line="94" time="0.052" /><testcase classname="tests.test_self_auditing_tools.TestMemoryScopeStatusFlagOn" name="test_flag_state_on_when_set" file="tests\test_self_auditing_tools.py" line="112" time="0.053" /><testcase classname="tests.test_self_auditing_tools.TestMemoryScopeStatusFlagOn" name="test_tiered_scope_enabled_true" file="tests\test_self_auditing_tools.py" line="117" time="0.055" /><testcase classname="tests.test_self_auditing_tools.TestMemoryScopeStatusFlagOn" name="test_active_tiers_all_four_when_on" file="tests\test_self_auditing_tools.py" line="122" time="0.051" /><testcase classname="tests.test_self_auditing_tools.TestMemoryScopeStatusFlagOn" name="test_caveats_non_empty_when_on" file="tests\test_self_auditing_tools.py" line="129" time="0.052" /><testcase classname="tests.test_self_auditing_tools.TestMemoryScopeStatusFlagOn" name="test_actionable_next_steps_non_empty_when_on" file="tests\test_self_auditing_tools.py" line="134" time="0.054" /><testcase classname="tests.test_self_auditing_tools.TestMemoryScopeStatusMismatchWarnings" name="test_no_warnings_when_no_log" file="tests\test_self_auditing_tools.py" line="141" time="0.054" /><testcase classname="tests.test_self_auditing_tools.TestMemoryScopeStatusMismatchWarnings" name="test_mismatch_lines_surfaced_from_log" file="tests\test_self_auditing_tools.py" line="146" time="0.064" /><testcase classname="tests.test_self_auditing_tools.TestMemoryScopeStatusDispatch" name="test_action_reachable_via_extensions" file="tests\test_self_auditing_tools.py" line="176" time="0.055" /><testcase classname="tests.test_settlement_backend.TestInternalBackend" name="test_settle_returns_local_ref" file="tests\test_settlement_backend.py" line="17" time="0.001" /><testcase classname="tests.test_settlement_backend.TestBaseSepoliaBackend" name="test_mock_client_records_and_returns_tx_hash" file="tests\test_settlement_backend.py" line="29" time="0.001" /><testcase classname="tests.test_settlement_backend.TestBaseSepoliaBackend" name="test_requires_recipient_wallet" file="tests\test_settlement_backend.py" line="44" time="0.000" /><testcase classname="tests.test_settlement_backend.TestBaseSepoliaBackend" name="test_deterministic_mock_hash" file="tests\test_settlement_backend.py" line="51" time="0.000" /><testcase classname="tests.test_settlement_backend.TestBackendSelection" name="test_default_internal" file="tests\test_settlement_backend.py" line="62" time="0.000" /><testcase classname="tests.test_settlement_backend.TestBackendSelection" name="test_base_sepolia_selected" file="tests\test_settlement_backend.py" line="66" time="0.000" /><testcase classname="tests.test_setup_claude_settings" name="test_merge_preserves_local_scalars_and_hooks" file="tests\test_setup_claude_settings.py" line="26" time="0.000" /><testcase classname="tests.test_setup_claude_settings" name="test_merge_local_scalar_wins_on_conflict" file="tests\test_setup_claude_settings.py" line="52" time="0.000" /><testcase classname="tests.test_setup_claude_settings" name="test_union_list_dedupes_and_preserves_order" file="tests\test_setup_claude_settings.py" line="57" time="0.000" /><testcase classname="tests.test_setup_claude_settings" name="test_missing_entries_detects_drift" file="tests\test_setup_claude_settings.py" line="61" time="0.000" /><testcase classname="tests.test_setup_claude_settings" name="test_missing_entries_empty_when_local_covers_shared" file="tests\test_setup_claude_settings.py" line="69" time="0.000" /><testcase classname="tests.test_setup_claude_settings" name="test_strip_private_drops_underscore_keys" file="tests\test_setup_claude_settings.py" line="75" time="0.000" /><testcase classname="tests.test_singleton_lock" name="test_fresh_acquire_succeeds_and_writes_pid_sidecar" file="tests\test_singleton_lock.py" line="29" time="0.013" /><testcase classname="tests.test_singleton_lock" name="test_second_acquire_fails_while_first_held" file="tests\test_singleton_lock.py" line="47" time="0.014" /><testcase classname="tests.test_singleton_lock" name="test_release_allows_reacquire" file="tests\test_singleton_lock.py" line="64" time="0.012" /><testcase classname="tests.test_singleton_lock" name="test_release_is_idempotent_on_unacquired" file="tests\test_singleton_lock.py" line="79" time="0.012" /><testcase classname="tests.test_singleton_lock" name="test_release_cleans_up_sidecar_files" file="tests\test_singleton_lock.py" line="94" time="0.012" /><testcase classname="tests.test_singleton_lock" name="test_stale_pid_sidecar_alone_does_not_block_acquire" file="tests\test_singleton_lock.py" line="113" time="0.015" /><testcase classname="tests.test_singleton_lock" name="test_unreadable_pid_sidecar_does_not_crash" file="tests\test_singleton_lock.py" line="136" time="0.018" /><testcase classname="tests.test_singleton_lock" name="test_empty_pid_sidecar_returns_none" file="tests\test_singleton_lock.py" line="156" time="0.013" /><testcase classname="tests.test_singleton_lock" name="test_pid_alive_returns_true_for_current_process" file="tests\test_singleton_lock.py" line="175" time="0.001" /><testcase classname="tests.test_singleton_lock" name="test_pid_alive_returns_false_for_zero_or_negative" file="tests\test_singleton_lock.py" line="179" time="0.000" /><testcase classname="tests.test_singleton_lock" name="test_pid_alive_returns_false_for_dead_pid" file="tests\test_singleton_lock.py" line="184" time="0.000" /><testcase classname="tests.test_singleton_lock" name="test_concurrent_acquire_exactly_one_wins" file="tests\test_singleton_lock.py" line="219" time="0.842" /><testcase classname="tests.test_singleton_lock" name="test_lock_released_when_holder_process_exits" file="tests\test_singleton_lock.py" line="270" time="0.306" /><testcase classname="tests.test_singleton_lock" name="test_lock_acquisition_is_dataclass_shaped" file="tests\test_singleton_lock.py" line="307" time="0.001" /><testcase classname="tests.test_soul_edit" name="test_soul_edit_updates_governed_file_and_flips_learned" file="tests\test_soul_edit.py" line="41" time="0.066" /><testcase classname="tests.test_soul_edit" name="test_soul_edit_sets_identity_name_frontmatter" file="tests\test_soul_edit.py" line="60" time="0.043" /><testcase classname="tests.test_soul_edit" name="test_soul_edit_name_only_learns_identity" file="tests\test_soul_edit.py" line="75" time="0.035" /><testcase classname="tests.test_soul_edit" name="test_soul_edit_body_carries_projects_as_body" file="tests\test_soul_edit.py" line="86" time="0.038" /><testcase classname="tests.test_soul_edit" name="test_soul_edit_multiple_governed_files_one_edit" file="tests\test_soul_edit.py" line="104" time="0.028" /><testcase classname="tests.test_soul_edit" name="test_soul_edit_updates_soul_md_body_preserving_frontmatter" file="tests\test_soul_edit.py" line="117" time="0.035" /><testcase classname="tests.test_soul_edit" name="test_soul_edit_rejects_non_governed_files" file="tests\test_soul_edit.py" line="136" time="0.026" /><testcase classname="tests.test_soul_edit" name="test_soul_edit_rejects_path_traversal" file="tests\test_soul_edit.py" line="144" time="0.022" /><testcase classname="tests.test_soul_edit" name="test_soul_edit_requires_source_and_context" file="tests\test_soul_edit.py" line="152" time="0.020" /><testcase classname="tests.test_soul_edit" name="test_soul_edit_requires_some_change" file="tests\test_soul_edit.py" line="163" time="0.021" /><testcase classname="tests.test_soul_edit" name="test_soul_edit_refuses_without_policy_file" file="tests\test_soul_edit.py" line="168" time="0.020" /><testcase classname="tests.test_soul_edit" name="test_governed_list_is_read_from_policy_file" file="tests\test_soul_edit.py" line="176" time="0.032" /><testcase classname="tests.test_soul_edit" name="test_soul_edit_appends_log_and_writes_snapshot" file="tests\test_soul_edit.py" line="191" time="0.047" /><testcase classname="tests.test_soul_edit" name="test_every_edit_writes_a_new_snapshot" file="tests\test_soul_edit.py" line="209" time="0.053" /><testcase classname="tests.test_soul_edit" name="test_soul_edit_expected_version_mismatch_rejected" file="tests\test_soul_edit.py" line="224" time="0.024" /><testcase classname="tests.test_soul_edit" name="test_soul_edit_expected_version_match_applies" file="tests\test_soul_edit.py" line="239" time="0.036" /><testcase classname="tests.test_soul_edit" name="test_soul_edit_runs_under_per_universe_lock" file="tests\test_soul_edit.py" line="255" time="0.029" /><testcase classname="tests.test_soul_edit" name="test_soul_edit_concurrent_edits_get_distinct_snapshots" file="tests\test_soul_edit.py" line="277" time="5.108" /><testcase classname="tests.test_soul_edit" name="test_mcp_soul_edit_action_learns_and_ledgers" file="tests\test_soul_edit.py" line="362" time="0.106" /><testcase classname="tests.test_soul_edit" name="test_mcp_soul_edit_denied_for_non_owner" file="tests\test_soul_edit.py" line="393" time="0.071" /><testcase classname="tests.test_soul_loop_dispatch" name="test_flag_default_off" file="tests\test_soul_loop_dispatch.py" line="52" time="0.001" /><testcase classname="tests.test_soul_loop_dispatch" name="test_flag_on" file="tests\test_soul_loop_dispatch.py" line="57" time="0.000" /><testcase classname="tests.test_soul_loop_dispatch" name="test_no_soul_falls_through" file="tests\test_soul_loop_dispatch.py" line="64" time="0.011" /><testcase classname="tests.test_soul_loop_dispatch" name="test_souled_but_no_loop_declared_falls_through" file="tests\test_soul_loop_dispatch.py" line="76" time="0.011" /><testcase classname="tests.test_soul_loop_dispatch" name="test_declared_loop_runs_via_execute_branch_with_enqueue_context" file="tests\test_soul_loop_dispatch.py" line="90" time="0.010" /><testcase classname="tests.test_soul_loop_dispatch" name="test_pick_inactive_when_all_dispatch_flags_off" file="tests\test_soul_loop_dispatch.py" line="125" time="0.011" /><testcase classname="tests.test_soul_loop_dispatch" name="test_soul_loop_mode_keeps_queue_unstarved" file="tests\test_soul_loop_dispatch.py" line="134" time="0.027" /><testcase classname="tests.test_soul_loop_dispatch" name="test_declared_loop_not_found_refuses_no_fantasy_fallback" file="tests\test_soul_loop_dispatch.py" line="146" time="0.012" /><testcase classname="tests.test_soul_loop_dispatch" name="test_cloud_worker_defaults_to_fantasy_spawn_when_flag_off" file="tests\test_soul_loop_dispatch.py" line="171" time="0.011" /><testcase classname="tests.test_soul_loop_dispatch" name="test_cloud_worker_routes_declared_soul_loop_to_workflow_module" file="tests\test_soul_loop_dispatch.py" line="196" time="0.010" /><testcase classname="tests.test_soul_loop_dispatch" name="test_cloud_worker_keeps_legacy_module_for_soulless_or_legacy_loop" file="tests\test_soul_loop_dispatch.py" line="225" time="0.010" /><testcase classname="tests.test_soul_loop_dispatch" name="test_workflow_cli_allows_non_fantasy_domain_for_declared_soul_loop" file="tests\test_soul_loop_dispatch.py" line="237" time="0.022" /><testcase classname="tests.test_soul_loop_dispatch" name="test_workflow_main_invokes_a_real_daemon_controller_method" file="tests\test_soul_loop_dispatch.py" line="298" time="0.001" /><testcase classname="tests.test_soul_scoped_effect_authority" name="test_soul_round_trips_effect_authority" file="tests\test_soul_scoped_effect_authority.py" line="82" time="0.047" /><testcase classname="tests.test_soul_scoped_effect_authority" name="test_render_contains_effect_authority_section" file="tests\test_soul_scoped_effect_authority.py" line="94" time="0.016" /><testcase classname="tests.test_soul_scoped_effect_authority" name="test_soul_without_effect_authority_reads_empty" file="tests\test_soul_scoped_effect_authority.py" line="101" time="0.039" /><testcase classname="tests.test_soul_scoped_effect_authority" name="test_effect_authority_blank_entries_are_dropped" file="tests\test_soul_scoped_effect_authority.py" line="106" time="0.022" /><testcase classname="tests.test_soul_scoped_effect_authority" name="test_effect_authority_merge_preserves_existing" file="tests\test_soul_scoped_effect_authority.py" line="111" time="0.027" /><testcase classname="tests.test_soul_scoped_effect_authority" name="test_resolver_undeclared_when_universe_dir_none" file="tests\test_soul_scoped_effect_authority.py" line="123" time="0.001" /><testcase classname="tests.test_soul_scoped_effect_authority" name="test_resolver_undeclared_when_no_soul" file="tests\test_soul_scoped_effect_authority.py" line="130" time="0.012" /><testcase classname="tests.test_soul_scoped_effect_authority" name="test_resolver_authorized_on_match" file="tests\test_soul_scoped_effect_authority.py" line="137" time="0.013" /><testcase classname="tests.test_soul_scoped_effect_authority" name="test_resolver_denied_on_declared_mismatch" file="tests\test_soul_scoped_effect_authority.py" line="145" time="0.040" /><testcase classname="tests.test_soul_scoped_effect_authority" name="test_effect_authority_key_strips" file="tests\test_soul_scoped_effect_authority.py" line="156" time="0.001" /><testcase classname="tests.test_soul_scoped_effect_authority" name="test_gate0_blocks_when_soul_declares_mismatch_even_with_capability_and_consent" file="tests\test_soul_scoped_effect_authority.py" line="168" time="0.032" /><testcase classname="tests.test_soul_scoped_effect_authority" name="test_gate0_passes_to_capability_gate_when_soul_authorizes" file="tests\test_soul_scoped_effect_authority.py" line="196" time="0.015" /><testcase classname="tests.test_soul_scoped_effect_authority" name="test_undeclared_soul_falls_through_to_legacy_gates" file="tests\test_soul_scoped_effect_authority.py" line="210" time="0.011" /><testcase classname="tests.test_soul_scoped_effect_authority" name="test_gate0_passes_then_consent_gate_when_soul_and_capability_present" file="tests\test_soul_scoped_effect_authority.py" line="223" time="0.035" /><testcase classname="tests.test_source_code_approval_action" name="test_approve_source_code_marks_branch_node_with_approval_metadata" file="tests\test_source_code_approval_action.py" line="62" time="0.117"><failure message="KeyError: 'status'">ext_env = (&lt;module 'tinyassets.universe_server' from 'C:\\Users\\Jonathan\\Projects\\wf-required-test-gate\\tinyassets\\universe...dowsPath('C:/Users/Jonathan/AppData/Local/Temp/pytest-of-Jonathan/pytest-7404/test_approve_source_code_marks0/output'))

    def test_approve_source_code_marks_branch_node_with_approval_metadata(ext_env):
        us, base = ext_env
&gt;       branch_def_id = _build_source_branch(us)
                        ^^^^^^^^^^^^^^^^^^^^^^^^

tests\test_source_code_approval_action.py:65: 
_ _ _ _ _ _ _ _ _ _ _ _ _ _ _ _ _ _ _ _ _ _ _ _ _ _ _ _ _ _ _ _ _ _ _ _ _ _ _ _

us = &lt;module 'tinyassets.universe_server' from 'C:\\Users\\Jonathan\\Projects\\wf-required-test-gate\\tinyassets\\universe_server.py'&gt;

    def _build_source_branch(us) -&gt; str:
        spec = {
            "name": "code branch",
            "entry_point": "code_node",
            "node_defs": [{
                "node_id": "code_node",
                "display_name": "Code Node",
                "source_code": "def run(state):\n    return {'ok': True}\n",
                "output_keys": ["ok"],
            }],
            "edges": [
                {"from": "START", "to": "code_node"},
                {"from": "code_node", "to": "END"},
            ],
            "state_schema": [{"name": "ok", "type": "bool"}],
        }
        res = _call(us, "build_branch", spec_json=json.dumps(spec))
&gt;       assert res["status"] == "built", res
               ^^^^^^^^^^^^^
E       KeyError: 'status'

tests\test_source_code_approval_action.py:52: KeyError</failure></testcase><testcase classname="tests.test_source_code_approval_action" name="test_source_code_edit_revokes_approval_metadata" file="tests\test_source_code_approval_action.py" line="89" time="0.117"><failure message="KeyError: 'status'">ext_env = (&lt;module 'tinyassets.universe_server' from 'C:\\Users\\Jonathan\\Projects\\wf-required-test-gate\\tinyassets\\universe...dowsPath('C:/Users/Jonathan/AppData/Local/Temp/pytest-of-Jonathan/pytest-7404/test_source_code_edit_revokes_0/output'))

    def test_source_code_edit_revokes_approval_metadata(ext_env):
        us, base = ext_env
&gt;       branch_def_id = _build_source_branch(us)
                        ^^^^^^^^^^^^^^^^^^^^^^^^

tests\test_source_code_approval_action.py:92: 
_ _ _ _ _ _ _ _ _ _ _ _ _ _ _ _ _ _ _ _ _ _ _ _ _ _ _ _ _ _ _ _ _ _ _ _ _ _ _ _

us = &lt;module 'tinyassets.universe_server' from 'C:\\Users\\Jonathan\\Projects\\wf-required-test-gate\\tinyassets\\universe_server.py'&gt;

    def _build_source_branch(us) -&gt; str:
        spec = {
            "name": "code branch",
            "entry_point": "code_node",
            "node_defs": [{
                "node_id": "code_node",
                "display_name": "Code Node",
                "source_code": "def run(state):\n    return {'ok': True}\n",
                "output_keys": ["ok"],
            }],
            "edges": [
                {"from": "START", "to": "code_node"},
                {"from": "code_node", "to": "END"},
            ],
            "state_schema": [{"name": "ok", "type": "bool"}],
        }
        res = _call(us, "build_branch", spec_json=json.dumps(spec))
&gt;       assert res["status"] == "built", res
               ^^^^^^^^^^^^^
E       KeyError: 'status'

tests\test_source_code_approval_action.py:52: KeyError</failure></testcase><testcase classname="tests.test_source_code_approval_action" name="test_approve_source_code_requires_extensions_admin_scope_when_auth_enabled" file="tests\test_source_code_approval_action.py" line="117" time="0.001" /><testcase classname="tests.test_stability.TestFullBookSimulation" name="test_multi_scene_execution" file="tests\test_stability.py" line="73" time="128.797" /><testcase classname="tests.test_stability.TestFullBookSimulation" name="test_book_close_after_chapters" file="tests\test_stability.py" line="96" time="0.001" /><testcase classname="tests.test_stability.TestStateSizeStability" name="test_accumulated_lists_grow_linearly" file="tests\test_stability.py" line="116" time="209.384" /><testcase classname="tests.test_stability.TestStateSizeStability" name="test_state_keys_bounded" file="tests\test_stability.py" line="148" time="104.762" /><testcase classname="tests.test_stability.TestHealthDegradation" name="test_consecutive_reverts_detected" file="tests\test_stability.py" line="179" time="0.001" /><testcase classname="tests.test_stability.TestHealthDegradation" name="test_recurring_failures_detected" file="tests\test_stability.py" line="201" time="0.001" /><testcase classname="tests.test_stability.TestHealthDegradation" name="test_general_stuck_suggestion" file="tests\test_stability.py" line="228" time="0.000" /><testcase classname="tests.test_stability.TestHealthDegradation" name="test_select_task_routes_to_diagnose_when_stuck" file="tests\test_stability.py" line="238" time="0.001" /><testcase classname="tests.test_stability.TestHealthDegradation" name="test_select_task_routes_to_worldbuild_when_stale" file="tests\test_stability.py" line="246" time="0.000" /><testcase classname="tests.test_stability.TestHealthDegradation" name="test_diagnose_then_write_recovery_flow" file="tests\test_stability.py" line="256" time="0.000" /><testcase classname="tests.test_stability.TestCrossBookPromises" name="test_promises_promote_across_books" file="tests\test_stability.py" line="293" time="0.001" /><testcase classname="tests.test_stability.TestCrossBookPromises" name="test_overdue_promise_detection" file="tests\test_stability.py" line="315" time="0.001" /><testcase classname="tests.test_stability.TestCrossBookPromises" name="test_book_close_wires_promise_promotion" file="tests\test_stability.py" line="326" time="0.001" /><testcase classname="tests.test_stability.TestOutputVersioning" name="test_versioning_saves_accepted_draft" file="tests\test_stability.py" line="354" time="0.001" /><testcase classname="tests.test_stability.TestOutputVersioning" name="test_versioning_saves_reverted_draft" file="tests\test_stability.py" line="364" time="0.001" /><testcase classname="tests.test_stability.TestOutputVersioning" name="test_rollback_restores_earlier_version" file="tests\test_stability.py" line="376" time="0.001" /><testcase classname="tests.test_stability.TestOutputVersioning" name="test_commit_node_saves_to_version_store" file="tests\test_stability.py" line="389" time="0.024" /><testcase classname="tests.test_stability.TestUniverseCycleLifecycle" name="test_cycle_updates_health_metrics" file="tests\test_stability.py" line="423" time="0.001" /><testcase classname="tests.test_stability.TestUniverseCycleLifecycle" name="test_cycle_pops_completed_task" file="tests\test_stability.py" line="435" time="0.001" /><testcase classname="tests.test_stability.TestUniverseCycleLifecycle" name="test_cycle_continues_when_queue_empty" file="tests\test_stability.py" line="445" time="0.001" /><testcase classname="tests.test_stability.TestUniverseCycleLifecycle" name="test_cycle_continues_with_remaining_tasks" file="tests\test_stability.py" line="458" time="0.000" /><testcase classname="tests.test_standalone_node_approval_gate" name="test_standalone_node_registrant_cannot_self_approve" file="tests\test_standalone_node_approval_gate.py" line="43" time="0.147" /><testcase classname="tests.test_standalone_node_approval_gate" name="test_standalone_node_distinct_actor_approval_records_metadata" file="tests\test_standalone_node_approval_gate.py" line="57" time="0.157" /><testcase classname="tests.test_standalone_node_approval_gate" name="test_standalone_node_approve_requires_extensions_admin_scope_when_auth_enabled" file="tests\test_standalone_node_approval_gate.py" line="76" time="0.001" /><testcase classname="tests.test_startup_file_probe.TestStartupFileProbe" name="test_returns_empty_when_all_present" file="tests\test_startup_file_probe.py" line="16" time="0.012" /><testcase classname="tests.test_startup_file_probe.TestStartupFileProbe" name="test_returns_missing_path_when_absent" file="tests\test_startup_file_probe.py" line="27" time="0.011" /><testcase classname="tests.test_startup_file_probe.TestStartupFileProbe" name="test_logs_warning_when_file_missing" file="tests\test_startup_file_probe.py" line="33" time="0.011" /><testcase classname="tests.test_startup_file_probe.TestStartupFileProbe" name="test_no_warning_when_all_present" file="tests\test_startup_file_probe.py" line="41" time="0.010" /><testcase classname="tests.test_startup_file_probe.TestStartupFileProbe" name="test_default_root_finds_real_checkout" file="tests\test_startup_file_probe.py" line="54" time="0.001" /><testcase classname="tests.test_startup_file_probe.TestStartupFileProbe" name="test_required_files_list_is_non_empty" file="tests\test_startup_file_probe.py" line="63" time="0.000" /><testcase classname="tests.test_startup_file_probe.TestGetStatusMissingDataFiles" name="test_missing_data_files_in_get_status" file="tests\test_startup_file_probe.py" line="71" time="0.066" /><testcase classname="tests.test_startup_file_probe.TestGetStatusMissingDataFiles" name="test_missing_data_files_empty_in_checkout" file="tests\test_startup_file_probe.py" line="83" time="0.070" /><testcase classname="tests.test_storage_caps.TestCheckSubsystemCap" name="test_unbounded_when_env_unset" file="tests\test_storage_caps.py" line="27" time="0.001" /><testcase classname="tests.test_storage_caps.TestCheckSubsystemCap" name="test_ok_below_soft" file="tests\test_storage_caps.py" line="31" time="0.001" /><testcase classname="tests.test_storage_caps.TestCheckSubsystemCap" name="test_warn_at_soft_threshold" file="tests\test_storage_caps.py" line="36" time="0.001" /><testcase classname="tests.test_storage_caps.TestCheckSubsystemCap" name="test_exceeded_at_hard_threshold" file="tests\test_storage_caps.py" line="42" time="0.000" /><testcase classname="tests.test_storage_caps.TestCheckSubsystemCap" name="test_invalid_env_treated_as_unbounded[abc]" file="tests\test_storage_caps.py" line="47" time="0.001" /><testcase classname="tests.test_storage_caps.TestCheckSubsystemCap" name="test_invalid_env_treated_as_unbounded[]" file="tests\test_storage_caps.py" line="47" time="0.001" /><testcase classname="tests.test_storage_caps.TestCheckSubsystemCap" name="test_zero_or_negative_treated_as_unbounded[0]" file="tests\test_storage_caps.py" line="52" time="0.001" /><testcase classname="tests.test_storage_caps.TestCheckSubsystemCap" name="test_zero_or_negative_treated_as_unbounded[-1]" file="tests\test_storage_caps.py" line="52" time="0.001" /><testcase classname="tests.test_storage_caps.TestCheckSubsystemCap" name="test_zero_or_negative_treated_as_unbounded[-100]" file="tests\test_storage_caps.py" line="52" time="0.001" /><testcase classname="tests.test_storage_caps.TestCheckSubsystemCap" name="test_unknown_subsystem_is_unbounded" file="tests\test_storage_caps.py" line="59" time="0.000" /><testcase classname="tests.test_storage_caps.TestSoftRatio" name="test_soft_ratio_is_80_percent" file="tests\test_storage_caps.py" line="64" time="0.000" /><testcase classname="tests.test_storage_caps.TestEnforceWriteCap" name="test_raises_at_hard_cap" file="tests\test_storage_caps.py" line="69" time="0.001" /><testcase classname="tests.test_storage_caps.TestEnforceWriteCap" name="test_raises_on_projected_overage" file="tests\test_storage_caps.py" line="77" time="0.000" /><testcase classname="tests.test_storage_caps.TestEnforceWriteCap" name="test_warn_emits_warning_does_not_raise" file="tests\test_storage_caps.py" line="87" time="0.001" /><testcase classname="tests.test_storage_caps.TestEnforceWriteCap" name="test_ok_does_not_warn_or_raise" file="tests\test_storage_caps.py" line="98" time="0.001" /><testcase classname="tests.test_storage_caps.TestEnforceWriteCap" name="test_unbounded_is_noop" file="tests\test_storage_caps.py" line="104" time="0.001" /><testcase classname="tests.test_storage_caps.TestSubsystemCapSnapshot" name="test_snapshot_covers_all_configurable_subsystems" file="tests\test_storage_caps.py" line="112" time="0.001" /><testcase classname="tests.test_storage_caps.TestSubsystemCapSnapshot" name="test_missing_input_defaults_current_to_zero" file="tests\test_storage_caps.py" line="135" time="0.000" /><testcase classname="tests.test_storage_db_filename_migration" name="test_connect_creates_workflow_db_for_fresh_universe" file="tests\test_storage_db_filename_migration.py" line="57" time="0.014" /><testcase classname="tests.test_storage_db_filename_migration" name="test_db_path_migrates_legacy_db_filename" file="tests\test_storage_db_filename_migration.py" line="65" time="0.017" /><testcase classname="tests.test_storage_db_filename_migration" name="test_db_path_migrates_wal_and_shm_siblings" file="tests\test_storage_db_filename_migration.py" line="77" time="0.046" /><testcase classname="tests.test_storage_db_filename_migration" name="test_db_path_prefers_workflow_db_and_backs_up_legacy" file="tests\test_storage_db_filename_migration.py" line="92" time="0.030" /><testcase classname="tests.test_storage_db_filename_migration" name="test_db_path_migration_is_idempotent" file="tests\test_storage_db_filename_migration.py" line="115" time="0.021" /><testcase classname="tests.test_storage_db_filename_migration" name="test_db_path_migrates_workflow_db_generation" file="tests\test_storage_db_filename_migration.py" line="127" time="0.023" /><testcase classname="tests.test_storage_db_filename_migration" name="test_db_path_migrates_workflow_db_wal_and_shm_siblings" file="tests\test_storage_db_filename_migration.py" line="144" time="0.025" /><testcase classname="tests.test_storage_db_filename_migration" name="test_db_path_prefers_newest_legacy_generation" file="tests\test_storage_db_filename_migration.py" line="159" time="0.027" /><testcase classname="tests.test_storage_db_filename_migration" name="test_db_path_backs_up_every_legacy_generation_when_canonical_exists" file="tests\test_storage_db_filename_migration.py" line="177" time="0.031" /><testcase classname="tests.test_storage_db_filename_migration" name="test_workflow_db_migration_is_idempotent" file="tests\test_storage_db_filename_migration.py" line="199" time="0.020" /><testcase classname="tests.test_storage_db_filename_migration" name="test_migration_never_strands_sidecars_from_canonical_primary[1]" file="tests\test_storage_db_filename_migration.py" line="238" time="0.019" /><testcase classname="tests.test_storage_db_filename_migration" name="test_migration_never_strands_sidecars_from_canonical_primary[2]" file="tests\test_storage_db_filename_migration.py" line="238" time="0.020" /><testcase classname="tests.test_storage_db_filename_migration" name="test_migration_never_strands_sidecars_from_canonical_primary[3]" file="tests\test_storage_db_filename_migration.py" line="238" time="0.019" /><testcase classname="tests.test_storage_db_filename_migration" name="test_migration_resumes_cleanly_after_interruption[1]" file="tests\test_storage_db_filename_migration.py" line="263" time="0.021" /><testcase classname="tests.test_storage_db_filename_migration" name="test_migration_resumes_cleanly_after_interruption[2]" file="tests\test_storage_db_filename_migration.py" line="263" time="0.021" /><testcase classname="tests.test_storage_db_filename_migration" name="test_migration_resumes_cleanly_after_interruption[3]" file="tests\test_storage_db_filename_migration.py" line="263" time="0.021" /><testcase classname="tests.test_storage_db_filename_migration" name="test_db_path_fails_closed_on_sidecar_orphaned_by_old_migrator" file="tests\test_storage_db_filename_migration.py" line="287" time="0.016" /><testcase classname="tests.test_storage_db_filename_migration" name="test_orphaned_sidecar_refusal_is_sticky" file="tests\test_storage_db_filename_migration.py" line="303" time="0.020" /><testcase classname="tests.test_storage_db_filename_migration" name="test_orphan_refusal_clears_once_host_removes_the_sidecar" file="tests\test_storage_db_filename_migration.py" line="320" time="0.016" /><testcase classname="tests.test_storage_db_filename_migration" name="test_interrupted_backup_never_divorces_sidecars_from_their_primary[1]" file="tests\test_storage_db_filename_migration.py" line="334" time="0.022" /><testcase classname="tests.test_storage_db_filename_migration" name="test_interrupted_backup_never_divorces_sidecars_from_their_primary[2]" file="tests\test_storage_db_filename_migration.py" line="334" time="0.023" /><testcase classname="tests.test_storage_db_filename_migration" name="test_interrupted_backup_never_divorces_sidecars_from_their_primary[3]" file="tests\test_storage_db_filename_migration.py" line="334" time="0.022" /><testcase classname="tests.test_storage_db_filename_migration" name="test_db_path_is_exported_from_storage" file="tests\test_storage_db_filename_migration.py" line="371" time="0.001" /><testcase classname="tests.test_storage_git_commit_failure" name="test_unstage_removes_paths_from_index" file="tests\test_storage_git_commit_failure.py" line="112" time="0.013"><failure message="AssertionError: assert 'a.txt' in ['https://github.com/x/x/pull/99']">tmp_path = WindowsPath('C:/Users/Jonathan/AppData/Local/Temp/pytest-of-Jonathan/pytest-7404/test_unstage_removes_paths_fro0')

    def test_unstage_removes_paths_from_index(tmp_path):
        repo = tmp_path / "repo"
        _init_repo(repo)
        target = repo / "a.txt"
        target.write_text("hello\n", encoding="utf-8")
        _run(["git", "add", "a.txt"], repo)
        staged_before = _run(
            ["git", "diff", "--name-only", "--cached"], repo,
        ).stdout.splitlines()
&gt;       assert "a.txt" in staged_before
E       AssertionError: assert 'a.txt' in ['https://github.com/x/x/pull/99']

tests\test_storage_git_commit_failure.py:122: AssertionError</failure></testcase><testcase classname="tests.test_storage_git_commit_failure" name="test_unstage_no_op_when_git_disabled" file="tests\test_storage_git_commit_failure.py" line="131" time="0.013" /><testcase classname="tests.test_storage_git_commit_failure" name="test_save_branch_commit_failure_rolls_back_yaml" file="tests\test_storage_git_commit_failure.py" line="143" time="0.094"><failure message="Failed: DID NOT RAISE &lt;class 'tinyassets.catalog.backend.CommitFailedError'&gt;">base_path = WindowsPath('C:/Users/Jonathan/AppData/Local/Temp/pytest-of-Jonathan/pytest-7404/test_save_branch_commit_failur0/output')
tmp_path = WindowsPath('C:/Users/Jonathan/AppData/Local/Temp/pytest-of-Jonathan/pytest-7404/test_save_branch_commit_failur0')
monkeypatch = &lt;_pytest.monkeypatch.MonkeyPatch object at 0x0000018E5ED22CF0&gt;

    def test_save_branch_commit_failure_rolls_back_yaml(
        base_path, tmp_path, monkeypatch,
    ):
        repo = tmp_path / "repo"
        _init_repo(repo)
        backend = SqliteCachedBackend(base_path, repo_root=repo)
        layout = YamlRepoLayout(repo)
        branch_path = layout.branch_path("commit-fail-branch")
    
        # Sanity: file doesn't exist pre-call.
        assert not branch_path.exists()
    
        _patch_commit_to_fail(monkeypatch, error="simulated commit fail")
    
&gt;       with pytest.raises(CommitFailedError) as exc_info:
             ^^^^^^^^^^^^^^^^^^^^^^^^^^^^^^^^
E       Failed: DID NOT RAISE &lt;class 'tinyassets.catalog.backend.CommitFailedError'&gt;

tests\test_storage_git_commit_failure.py:158: Failed</failure></testcase><testcase classname="tests.test_storage_git_commit_failure" name="test_save_branch_commit_failure_restores_prior_file" file="tests\test_storage_git_commit_failure.py" line="195" time="0.112"><failure message="Failed: DID NOT RAISE &lt;class 'tinyassets.catalog.backend.CommitFailedError'&gt;">base_path = WindowsPath('C:/Users/Jonathan/AppData/Local/Temp/pytest-of-Jonathan/pytest-7404/test_save_branch_commit_failur1/output')
tmp_path = WindowsPath('C:/Users/Jonathan/AppData/Local/Temp/pytest-of-Jonathan/pytest-7404/test_save_branch_commit_failur1')
monkeypatch = &lt;_pytest.monkeypatch.MonkeyPatch object at 0x0000018E5ED8A580&gt;

    def test_save_branch_commit_failure_restores_prior_file(
        base_path, tmp_path, monkeypatch,
    ):
        """When the YAML existed before the call, rollback restores its
        prior bytes rather than deleting.
        """
        repo = tmp_path / "repo"
        _init_repo(repo)
        backend = SqliteCachedBackend(base_path, repo_root=repo)
        layout = YamlRepoLayout(repo)
        branch_path = layout.branch_path("commit-fail-branch")
    
        # First save + commit to get a prior file state.
        backend.save_branch_and_commit(
            _make_branch(),
            author="CI Bot &lt;ci@example.invalid&gt;",
            message="branches.create_branch: initial",
        )
        prior_bytes = branch_path.read_bytes()
    
        # Second save with a changed description — patched to fail commit.
        _patch_commit_to_fail(monkeypatch, error="simulated second-fail")
        updated = _make_branch()
        updated.description = "would be overwritten"
&gt;       with pytest.raises(CommitFailedError):
             ^^^^^^^^^^^^^^^^^^^^^^^^^^^^^^^^
E       Failed: DID NOT RAISE &lt;class 'tinyassets.catalog.backend.CommitFailedError'&gt;

tests\test_storage_git_commit_failure.py:220: Failed</failure></testcase><testcase classname="tests.test_storage_git_commit_failure" name="test_save_goal_commit_failure_rolls_back_yaml" file="tests\test_storage_git_commit_failure.py" line="234" time="0.093"><failure message="Failed: DID NOT RAISE &lt;class 'tinyassets.catalog.backend.CommitFailedError'&gt;">base_path = WindowsPath('C:/Users/Jonathan/AppData/Local/Temp/pytest-of-Jonathan/pytest-7404/test_save_goal_commit_failure_0/output')
tmp_path = WindowsPath('C:/Users/Jonathan/AppData/Local/Temp/pytest-of-Jonathan/pytest-7404/test_save_goal_commit_failure_0')
monkeypatch = &lt;_pytest.monkeypatch.MonkeyPatch object at 0x0000018E5ED8A040&gt;

    def test_save_goal_commit_failure_rolls_back_yaml(
        base_path, tmp_path, monkeypatch,
    ):
        repo = tmp_path / "repo"
        _init_repo(repo)
        backend = SqliteCachedBackend(base_path, repo_root=repo)
        layout = YamlRepoLayout(repo)
    
        goal = {
            "goal_id": "g-fail-1",
            "name": "Failing goal",
            "description": "scope check",
            "author": "tester",
            "visibility": "public",
            "tags": [],
        }
    
        _patch_commit_to_fail(monkeypatch, error="goal commit fail")
    
&gt;       with pytest.raises(CommitFailedError):
             ^^^^^^^^^^^^^^^^^^^^^^^^^^^^^^^^
E       Failed: DID NOT RAISE &lt;class 'tinyassets.catalog.backend.CommitFailedError'&gt;

tests\test_storage_git_commit_failure.py:254: Failed</failure></testcase><testcase classname="tests.test_storage_git_commit_failure" name="test_save_gate_claim_commit_failure_rolls_back" file="tests\test_storage_git_commit_failure.py" line="271" time="0.127"><failure message="Failed: DID NOT RAISE &lt;class 'tinyassets.catalog.backend.CommitFailedError'&gt;">base_path = WindowsPath('C:/Users/Jonathan/AppData/Local/Temp/pytest-of-Jonathan/pytest-7404/test_save_gate_claim_commit_fa0/output')
tmp_path = WindowsPath('C:/Users/Jonathan/AppData/Local/Temp/pytest-of-Jonathan/pytest-7404/test_save_gate_claim_commit_fa0')
monkeypatch = &lt;_pytest.monkeypatch.MonkeyPatch object at 0x0000018E5EF11D30&gt;

    def test_save_gate_claim_commit_failure_rolls_back(
        base_path, tmp_path, monkeypatch,
    ):
        from tinyassets.daemon_server import save_branch_definition, save_goal
    
        # Seed a branch and goal so claim_gate has real rows to reference.
        branch = _make_branch("Gate-fail branch")
        branch_saved = save_branch_definition(
            base_path, branch_def=branch.to_dict(),
        )
        goal_saved = save_goal(base_path, goal={
            "goal_id": "g-gate-fail",
            "name": "Gate fail goal",
            "description": "",
            "author": "tester",
            "visibility": "public",
            "tags": [],
            "gate_ladder": [{"key": "peer_reviewed", "label": "Peer reviewed"}],
        })
    
        repo = tmp_path / "repo"
        _init_repo(repo)
        backend = SqliteCachedBackend(base_path, repo_root=repo)
        layout = YamlRepoLayout(repo)
        claim_path = layout.gate_claim_path(
            "gate-fail-goal", "gate-fail-branch", "peer_reviewed",
        )
    
        _patch_commit_to_fail(monkeypatch, error="gate commit fail")
    
&gt;       with pytest.raises(CommitFailedError):
             ^^^^^^^^^^^^^^^^^^^^^^^^^^^^^^^^
E       Failed: DID NOT RAISE &lt;class 'tinyassets.catalog.backend.CommitFailedError'&gt;

tests\test_storage_git_commit_failure.py:302: Failed</failure></testcase><testcase classname="tests.test_storage_git_commit_failure" name="test_retract_gate_claim_commit_failure_rolls_back" file="tests\test_storage_git_commit_failure.py" line="332" time="0.128"><failure message="Failed: DID NOT RAISE &lt;class 'tinyassets.catalog.backend.CommitFailedError'&gt;">base_path = WindowsPath('C:/Users/Jonathan/AppData/Local/Temp/pytest-of-Jonathan/pytest-7404/test_retract_gate_claim_commit0/output')
tmp_path = WindowsPath('C:/Users/Jonathan/AppData/Local/Temp/pytest-of-Jonathan/pytest-7404/test_retract_gate_claim_commit0')
monkeypatch = &lt;_pytest.monkeypatch.MonkeyPatch object at 0x0000018E5EF13850&gt;

    def test_retract_gate_claim_commit_failure_rolls_back(
        base_path, tmp_path, monkeypatch,
    ):
        from tinyassets.daemon_server import save_branch_definition, save_goal
    
        branch = _make_branch("Retract-fail branch")
        branch_saved = save_branch_definition(
            base_path, branch_def=branch.to_dict(),
        )
        goal_saved = save_goal(base_path, goal={
            "goal_id": "g-retract-fail",
            "name": "Retract fail goal",
            "description": "",
            "author": "tester",
            "visibility": "public",
            "tags": [],
            "gate_ladder": [{"key": "peer_reviewed", "label": "Peer reviewed"}],
        })
    
        repo = tmp_path / "repo"
        _init_repo(repo)
        backend = SqliteCachedBackend(base_path, repo_root=repo)
        layout = YamlRepoLayout(repo)
    
        # First, claim succeeds normally (real git).
        backend.save_gate_claim_and_commit(
            branch_def_id=branch_saved["branch_def_id"],
            goal_id=goal_saved["goal_id"],
            rung_key="peer_reviewed",
            evidence_url="https://example.invalid/evidence",
            evidence_note="",
            claimed_by="tester",
            goal_slug="retract-fail-goal",
            branch_slug="retract-fail-branch",
            author="CI Bot &lt;ci@example.invalid&gt;",
            message="gates.claim: initial",
        )
        claim_path = layout.gate_claim_path(
            "retract-fail-goal", "retract-fail-branch", "peer_reviewed",
        )
        prior_bytes = claim_path.read_bytes()
    
        # Now force retract to fail.
        _patch_commit_to_fail(monkeypatch, error="retract commit fail")
    
&gt;       with pytest.raises(CommitFailedError):
             ^^^^^^^^^^^^^^^^^^^^^^^^^^^^^^^^
E       Failed: DID NOT RAISE &lt;class 'tinyassets.catalog.backend.CommitFailedError'&gt;

tests\test_storage_git_commit_failure.py:378: Failed</failure></testcase><testcase classname="tests.test_storage_git_commit_failure" name="test_list_unreconciled_writes_returns_most_recent_first" file="tests\test_storage_git_commit_failure.py" line="399" time="0.093"><failure message="Failed: DID NOT RAISE &lt;class 'tinyassets.catalog.backend.CommitFailedError'&gt;">base_path = WindowsPath('C:/Users/Jonathan/AppData/Local/Temp/pytest-of-Jonathan/pytest-7404/test_list_unreconciled_writes_0/output')
tmp_path = WindowsPath('C:/Users/Jonathan/AppData/Local/Temp/pytest-of-Jonathan/pytest-7404/test_list_unreconciled_writes_0')
monkeypatch = &lt;_pytest.monkeypatch.MonkeyPatch object at 0x0000018E5EF133F0&gt;

    def test_list_unreconciled_writes_returns_most_recent_first(
        base_path, tmp_path, monkeypatch,
    ):
        repo = tmp_path / "repo"
        _init_repo(repo)
        backend = SqliteCachedBackend(base_path, repo_root=repo)
    
        _patch_commit_to_fail(monkeypatch, error="fail-1")
&gt;       with pytest.raises(CommitFailedError):
             ^^^^^^^^^^^^^^^^^^^^^^^^^^^^^^^^
E       Failed: DID NOT RAISE &lt;class 'tinyassets.catalog.backend.CommitFailedError'&gt;

tests\test_storage_git_commit_failure.py:408: Failed</failure></testcase><testcase classname="tests.test_storage_inspect.TestShapeContract" name="test_returns_expected_keys" file="tests\test_storage_inspect.py" line="38" time="0.013" /><testcase classname="tests.test_storage_inspect.TestShapeContract" name="test_per_subsystem_includes_all_spec_names" file="tests\test_storage_inspect.py" line="51" time="0.012" /><testcase classname="tests.test_storage_inspect.TestShapeContract" name="test_each_subsystem_has_bytes_and_path" file="tests\test_storage_inspect.py" line="66" time="0.011" /><testcase classname="tests.test_storage_inspect.TestMissingPathsReturnZero" name="test_empty_data_dir_all_subsystems_zero" file="tests\test_storage_inspect.py" line="77" time="0.012" /><testcase classname="tests.test_storage_inspect.TestMissingPathsReturnZero" name="test_partial_population" file="tests\test_storage_inspect.py" line="84" time="0.012" /><testcase classname="tests.test_storage_inspect.TestMissingPathsReturnZero" name="test_run_transcripts_measures_sqlite_stores_not_a_runs_dir" file="tests\test_storage_inspect.py" line="98" time="0.015" /><testcase classname="tests.test_storage_inspect.TestDirectoryRecursion" name="test_wiki_dir_sums_nested_file_sizes" file="tests\test_storage_inspect.py" line="125" time="0.014" /><testcase classname="tests.test_storage_inspect.TestPressureLevelThresholds" name="test_thresholds[0.0-ok]" file="tests\test_storage_inspect.py" line="138" time="0.012" /><testcase classname="tests.test_storage_inspect.TestPressureLevelThresholds" name="test_thresholds[0.5-ok]" file="tests\test_storage_inspect.py" line="138" time="0.013" /><testcase classname="tests.test_storage_inspect.TestPressureLevelThresholds" name="test_thresholds[0.79-ok]" file="tests\test_storage_inspect.py" line="138" time="0.012" /><testcase classname="tests.test_storage_inspect.TestPressureLevelThresholds" name="test_thresholds[0.8-warn]" file="tests\test_storage_inspect.py" line="138" time="0.012" /><testcase classname="tests.test_storage_inspect.TestPressureLevelThresholds" name="test_thresholds[0.85-warn]" file="tests\test_storage_inspect.py" line="138" time="0.013" /><testcase classname="tests.test_storage_inspect.TestPressureLevelThresholds" name="test_thresholds[0.94-warn]" file="tests\test_storage_inspect.py" line="138" time="0.012" /><testcase classname="tests.test_storage_inspect.TestPressureLevelThresholds" name="test_thresholds[0.95-critical]" file="tests\test_storage_inspect.py" line="138" time="0.012" /><testcase classname="tests.test_storage_inspect.TestPressureLevelThresholds" name="test_thresholds[0.99-critical]" file="tests\test_storage_inspect.py" line="138" time="0.014" /><testcase classname="tests.test_storage_inspect.TestPressureLevelThresholds" name="test_thresholds[1.0-critical]" file="tests\test_storage_inspect.py" line="138" time="0.013" /><testcase classname="tests.test_storage_inspect.TestPressureLevelThresholds" name="test_zero_total_does_not_divide_by_zero" file="tests\test_storage_inspect.py" line="169" time="0.013" /><testcase classname="tests.test_storage_inspect.TestPressureLevelThresholds" name="test_disk_usage_oserror_tolerated" file="tests\test_storage_inspect.py" line="182" time="0.012" /><testcase classname="tests.test_storage_inspect.TestGrowthEstimate" name="test_growth_estimate_null_without_timeseries" file="tests\test_storage_inspect.py" line="198" time="0.012" /><testcase classname="tests.test_storage_inspect.TestGetStatusIntegration" name="test_get_status_includes_storage_utilization" file="tests\test_storage_inspect.py" line="206" time="0.084" /><testcase classname="tests.test_storage_inspect.TestGetStatusIntegration" name="test_get_status_patches_activity_log_and_outputs_from_universe_dir" file="tests\test_storage_inspect.py" line="229" time="0.086" /><testcase classname="tests.test_storage_inspect.TestPathSizeHelper" name="test_missing_path_zero" file="tests\test_storage_inspect.py" line="274" time="0.012" /><testcase classname="tests.test_storage_inspect.TestPathSizeHelper" name="test_file_size" file="tests\test_storage_inspect.py" line="277" time="0.011" /><testcase classname="tests.test_storage_inspect.TestPathSizeHelper" name="test_directory_walk" file="tests\test_storage_inspect.py" line="282" time="0.013" /><testcase classname="tests.test_storage_inspect.TestPathSizeHelper" name="test_neither_file_nor_dir_returns_zero" file="tests\test_storage_inspect.py" line="289" time="0.012" /><testcase classname="tests.test_storage_phase7_backend" name="test_sqlite_only_backend_persists_branch_via_daemon_server" file="tests\test_storage_phase7_backend.py" line="69" time="0.095" /><testcase classname="tests.test_storage_phase7_backend" name="test_sqlite_only_backend_persists_goal_via_daemon_server" file="tests\test_storage_phase7_backend.py" line="83" time="0.095" /><testcase classname="tests.test_storage_phase7_backend" name="test_sqlite_only_backend_does_not_write_yaml" file="tests\test_storage_phase7_backend.py" line="99" time="0.096" /><testcase classname="tests.test_storage_phase7_backend" name="test_cached_backend_writes_branch_yaml_and_sqlite" file="tests\test_storage_phase7_backend.py" line="116" time="0.117" /><testcase classname="tests.test_storage_phase7_backend" name="test_cached_backend_writes_goal_yaml_and_sqlite" file="tests\test_storage_phase7_backend.py" line="153" time="0.107" /><testcase classname="tests.test_storage_phase7_backend" name="test_cached_backend_default_stage_hook_is_safe" file="tests\test_storage_phase7_backend.py" line="180" time="0.100" /><testcase classname="tests.test_storage_phase7_backend" name="test_cached_backend_sqlite_write_short_circuits_on_failure" file="tests\test_storage_phase7_backend.py" line="192" time="0.108" /><testcase classname="tests.test_storage_phase7_backend" name="test_cached_backend_overwrites_yaml_on_second_save" file="tests\test_storage_phase7_backend.py" line="214" time="0.117" /><testcase classname="tests.test_storage_phase7_git_integration" name="test_git_enabled_auto_wires_stage_hook" file="tests\test_storage_phase7_git_integration.py" line="98" time="0.092"><failure message="AssertionError: backend should detect the initialized repo&#10;assert False is True&#10; +  where False = &lt;tinyassets.catalog.backend.SqliteCachedBackend object at 0x0000018E5F491470&gt;._git_enabled">base_path = WindowsPath('C:/Users/Jonathan/AppData/Local/Temp/pytest-of-Jonathan/pytest-7404/test_git_enabled_auto_wires_st0/output')
tmp_path = WindowsPath('C:/Users/Jonathan/AppData/Local/Temp/pytest-of-Jonathan/pytest-7404/test_git_enabled_auto_wires_st0')

    def test_git_enabled_auto_wires_stage_hook(base_path, tmp_path):
        repo = tmp_path / "repo"
        _init_repo(repo)
    
        backend = SqliteCachedBackend(base_path, repo_root=repo)
&gt;       assert backend._git_enabled is True, (
            "backend should detect the initialized repo"
        )
E       AssertionError: backend should detect the initialized repo
E       assert False is True
E        +  where False = &lt;tinyassets.catalog.backend.SqliteCachedBackend object at 0x0000018E5F491470&gt;._git_enabled

tests\test_storage_phase7_git_integration.py:104: AssertionError</failure></testcase><testcase classname="tests.test_storage_phase7_git_integration" name="test_git_enabled_refuses_dirty_overwrite" file="tests\test_storage_phase7_git_integration.py" line="122" time="0.111"><failure message="AssertionError: assert False&#10; +  where False = &lt;function has_uncommitted_changes at 0x0000018DC96DDA60&gt;(WindowsPath('C:/Users/Jonathan/AppData/Local/Temp/pytest-of-Jonathan/pytest-7404/test_git_enabled_refuses_dirty0/repo/branches/git-probe-branch.yaml'), repo_path=WindowsPath('C:/Users/Jonathan/AppData/Local/Temp/pytest-of-Jonathan/pytest-7404/test_git_enabled_refuses_dirty0/repo'))&#10; +    where &lt;function has_uncommitted_changes at 0x0000018DC96DDA60&gt; = git_bridge.has_uncommitted_changes">base_path = WindowsPath('C:/Users/Jonathan/AppData/Local/Temp/pytest-of-Jonathan/pytest-7404/test_git_enabled_refuses_dirty0/output')
tmp_path = WindowsPath('C:/Users/Jonathan/AppData/Local/Temp/pytest-of-Jonathan/pytest-7404/test_git_enabled_refuses_dirty0')

    def test_git_enabled_refuses_dirty_overwrite(base_path, tmp_path):
        repo = tmp_path / "repo"
        _init_repo(repo)
        backend = SqliteCachedBackend(base_path, repo_root=repo)
    
        # First save + commit to lock the file in git history
        backend.save_branch(_make_branch())
        _run(["git", "commit", "-m", "add branch", "--no-gpg-sign"], repo)
    
        # User manually edits the YAML file
        layout = YamlRepoLayout(repo)
        branch_path = layout.branch_path("git-probe-branch")
        branch_path.write_text(
            branch_path.read_text(encoding="utf-8") + "\n# user edit\n",
            encoding="utf-8",
        )
&gt;       assert git_bridge.has_uncommitted_changes(branch_path, repo_path=repo)
E       AssertionError: assert False
E        +  where False = &lt;function has_uncommitted_changes at 0x0000018DC96DDA60&gt;(WindowsPath('C:/Users/Jonathan/AppData/Local/Temp/pytest-of-Jonathan/pytest-7404/test_git_enabled_refuses_dirty0/repo/branches/git-probe-branch.yaml'), repo_path=WindowsPath('C:/Users/Jonathan/AppData/Local/Temp/pytest-of-Jonathan/pytest-7404/test_git_enabled_refuses_dirty0/repo'))
E        +    where &lt;function has_uncommitted_changes at 0x0000018DC96DDA60&gt; = git_bridge.has_uncommitted_changes

tests\test_storage_phase7_git_integration.py:139: AssertionError</failure></testcase><testcase classname="tests.test_storage_phase7_git_integration" name="test_git_enabled_force_overrides_dirty_check" file="tests\test_storage_phase7_git_integration.py" line="146" time="0.101"><failure message="AssertionError: assert False&#10; +  where False = &lt;function has_uncommitted_changes at 0x0000018DC96DDA60&gt;(WindowsPath('C:/Users/Jonathan/AppData/Local/Temp/pytest-of-Jonathan/pytest-7404/test_git_enabled_force_overrid0/repo/branches/git-probe-branch.yaml'), repo_path=WindowsPath('C:/Users/Jonathan/AppData/Local/Temp/pytest-of-Jonathan/pytest-7404/test_git_enabled_force_overrid0/repo'))&#10; +    where &lt;function has_uncommitted_changes at 0x0000018DC96DDA60&gt; = git_bridge.has_uncommitted_changes">base_path = WindowsPath('C:/Users/Jonathan/AppData/Local/Temp/pytest-of-Jonathan/pytest-7404/test_git_enabled_force_overrid0/output')
tmp_path = WindowsPath('C:/Users/Jonathan/AppData/Local/Temp/pytest-of-Jonathan/pytest-7404/test_git_enabled_force_overrid0')

    def test_git_enabled_force_overrides_dirty_check(base_path, tmp_path):
        repo = tmp_path / "repo"
        _init_repo(repo)
        backend = SqliteCachedBackend(base_path, repo_root=repo)
    
        backend.save_branch(_make_branch())
        _run(["git", "commit", "-m", "add branch", "--no-gpg-sign"], repo)
    
        layout = YamlRepoLayout(repo)
        branch_path = layout.branch_path("git-probe-branch")
        branch_path.write_text("# user edit\n", encoding="utf-8")
&gt;       assert git_bridge.has_uncommitted_changes(branch_path, repo_path=repo)
E       AssertionError: assert False
E        +  where False = &lt;function has_uncommitted_changes at 0x0000018DC96DDA60&gt;(WindowsPath('C:/Users/Jonathan/AppData/Local/Temp/pytest-of-Jonathan/pytest-7404/test_git_enabled_force_overrid0/repo/branches/git-probe-branch.yaml'), repo_path=WindowsPath('C:/Users/Jonathan/AppData/Local/Temp/pytest-of-Jonathan/pytest-7404/test_git_enabled_force_overrid0/repo'))
E        +    where &lt;function has_uncommitted_changes at 0x0000018DC96DDA60&gt; = git_bridge.has_uncommitted_changes

tests\test_storage_phase7_git_integration.py:158: AssertionError</failure></testcase><testcase classname="tests.test_storage_phase7_git_integration" name="test_dirty_check_happens_before_sqlite_write" file="tests\test_storage_phase7_git_integration.py" line="169" time="0.105"><failure message="AssertionError: SQLite write should not run after dirty refusal">base_path = WindowsPath('C:/Users/Jonathan/AppData/Local/Temp/pytest-of-Jonathan/pytest-7404/test_dirty_check_happens_befor0/output')
tmp_path = WindowsPath('C:/Users/Jonathan/AppData/Local/Temp/pytest-of-Jonathan/pytest-7404/test_dirty_check_happens_befor0')
monkeypatch = &lt;_pytest.monkeypatch.MonkeyPatch object at 0x0000018E5F597C40&gt;

    def test_dirty_check_happens_before_sqlite_write(
        base_path, tmp_path, monkeypatch,
    ):
        """A dirty refusal must not touch SQLite — otherwise backend state
        drifts from YAML state even though the user asked to bail."""
        repo = tmp_path / "repo"
        _init_repo(repo)
        backend = SqliteCachedBackend(base_path, repo_root=repo)
    
        backend.save_branch(_make_branch())
        _run(["git", "commit", "-m", "add branch", "--no-gpg-sign"], repo)
    
        layout = YamlRepoLayout(repo)
        branch_path = layout.branch_path("git-probe-branch")
        branch_path.write_text("dirty\n", encoding="utf-8")
    
        calls: list[dict] = []
    
        def _track(*args, **kwargs):
            calls.append({"args": args, "kwargs": kwargs})
            raise AssertionError(
                "SQLite write should not run after dirty refusal"
            )
    
        monkeypatch.setattr(
            "tinyassets.daemon_server.save_branch_definition", _track,
        )
        with pytest.raises(DirtyFileError):
&gt;           backend.save_branch(_make_branch())

tests\test_storage_phase7_git_integration.py:198: 
_ _ _ _ _ _ _ _ _ _ _ _ _ _ _ _ _ _ _ _ _ _ _ _ _ _ _ _ _ _ _ _ _ _ _ _ _ _ _ _
tinyassets\catalog\backend.py:481: in save_branch
    saved = save_branch_definition(
_ _ _ _ _ _ _ _ _ _ _ _ _ _ _ _ _ _ _ _ _ _ _ _ _ _ _ _ _ _ _ _ _ _ _ _ _ _ _ _

args = (WindowsPath('C:/Users/Jonathan/AppData/Local/Temp/pytest-of-Jonathan/pytest-7404/test_dirty_check_happens_befor0/output'),)
kwargs = {'branch_def': {'author': 'tester', 'branch_def_id': '6053e9503f87', 'concurrency_budget': None, 'conditional_edges': [], ...}}

    def _track(*args, **kwargs):
        calls.append({"args": args, "kwargs": kwargs})
&gt;       raise AssertionError(
            "SQLite write should not run after dirty refusal"
        )
E       AssertionError: SQLite write should not run after dirty refusal

tests\test_storage_phase7_git_integration.py:190: AssertionError</failure></testcase><testcase classname="tests.test_storage_phase7_git_integration" name="test_git_disabled_skips_stage_and_dirty_check" file="tests\test_storage_phase7_git_integration.py" line="204" time="0.113" /><testcase classname="tests.test_storage_phase7_git_integration" name="test_explicit_git_enabled_false_overrides_autodetect" file="tests\test_storage_phase7_git_integration.py" line="224" time="0.115"><failure message="AssertionError: assert 'https://gith...m/x/x/pull/99' == ''&#10;  &#10;  + https://github.com/x/x/pull/99">base_path = WindowsPath('C:/Users/Jonathan/AppData/Local/Temp/pytest-of-Jonathan/pytest-7404/test_explicit_git_enabled_fals0/output')
tmp_path = WindowsPath('C:/Users/Jonathan/AppData/Local/Temp/pytest-of-Jonathan/pytest-7404/test_explicit_git_enabled_fals0')

    def test_explicit_git_enabled_false_overrides_autodetect(
        base_path, tmp_path,
    ):
        """Caller can force git-disabled mode even inside a real repo."""
        repo = tmp_path / "repo"
        _init_repo(repo)
        backend = SqliteCachedBackend(
            base_path, repo_root=repo, git_enabled=False,
        )
        assert backend._git_enabled is False
    
        backend.save_branch(_make_branch())
        # Nothing should be staged since the hook is no-op
        staged = _run(
            ["git", "diff", "--name-only", "--cached"], repo,
        ).stdout.strip()
&gt;       assert staged == ""
E       AssertionError: assert 'https://gith...m/x/x/pull/99' == ''
E         
E         + https://github.com/x/x/pull/99

tests\test_storage_phase7_git_integration.py:241: AssertionError</failure></testcase><testcase classname="tests.test_storage_phase7_git_integration" name="test_explicit_stage_hook_wins_over_git" file="tests\test_storage_phase7_git_integration.py" line="243" time="0.098" /><testcase classname="tests.test_storage_phase7_git_integration" name="test_git_enabled_auto_wires_goal_stage" file="tests\test_storage_phase7_git_integration.py" line="260" time="0.100"><failure message="assert False&#10; +  where False = any(&lt;generator object test_git_enabled_auto_wires_goal_stage.&lt;locals&gt;.&lt;genexpr&gt; at 0x0000018E5F7EC930&gt;)">base_path = WindowsPath('C:/Users/Jonathan/AppData/Local/Temp/pytest-of-Jonathan/pytest-7404/test_git_enabled_auto_wires_go0/output')
tmp_path = WindowsPath('C:/Users/Jonathan/AppData/Local/Temp/pytest-of-Jonathan/pytest-7404/test_git_enabled_auto_wires_go0')

    def test_git_enabled_auto_wires_goal_stage(base_path, tmp_path):
        repo = tmp_path / "repo"
        _init_repo(repo)
        backend = SqliteCachedBackend(base_path, repo_root=repo)
        saved = backend.save_goal({
            "name": "G2 probe goal",
            "author": "tester",
            "tags": ["test"],
        })
        layout = YamlRepoLayout(repo)
        goal_path = layout.goal_path("g2-probe-goal")
        assert goal_path.exists()
        staged = _run(
            ["git", "diff", "--name-only", "--cached"], repo,
        ).stdout.splitlines()
&gt;       assert any("g2-probe-goal.yaml" in line for line in staged)
E       assert False
E        +  where False = any(&lt;generator object test_git_enabled_auto_wires_goal_stage.&lt;locals&gt;.&lt;genexpr&gt; at 0x0000018E5F7EC930&gt;)

tests\test_storage_phase7_git_integration.py:276: AssertionError</failure></testcase><testcase classname="tests.test_storage_phase7_git_integration" name="test_goal_new_with_no_prior_slug_skips_dirty_check" file="tests\test_storage_phase7_git_integration.py" line="279" time="0.098" /><testcase classname="tests.test_storage_phase7_git_integration" name="test_save_branch_and_commit_single_commit_covers_branch_and_nodes" file="tests\test_storage_phase7_git_integration.py" line="311" time="0.088"><failure message="ValueError: invalid literal for int() with base 10: 'https://github.com/x/x/pull/99'">base_path = WindowsPath('C:/Users/Jonathan/AppData/Local/Temp/pytest-of-Jonathan/pytest-7404/test_save_branch_and_commit_si0/output')
tmp_path = WindowsPath('C:/Users/Jonathan/AppData/Local/Temp/pytest-of-Jonathan/pytest-7404/test_save_branch_and_commit_si0')

    def test_save_branch_and_commit_single_commit_covers_branch_and_nodes(
        base_path, tmp_path,
    ):
        """Core G3 invariant: one MCP action = one commit, even with N nodes.
    
        Failure mode we're preventing: branch.yaml + node1.yaml + node2.yaml
        landing in separate commits, breaking ledger-equivalence.
        """
        repo = tmp_path / "repo"
        _init_repo(repo)
        backend = SqliteCachedBackend(base_path, repo_root=repo)
    
&gt;       before_count = _commit_count(repo)
                       ^^^^^^^^^^^^^^^^^^^

tests\test_storage_phase7_git_integration.py:324: 
_ _ _ _ _ _ _ _ _ _ _ _ _ _ _ _ _ _ _ _ _ _ _ _ _ _ _ _ _ _ _ _ _ _ _ _ _ _ _ _

repo = WindowsPath('C:/Users/Jonathan/AppData/Local/Temp/pytest-of-Jonathan/pytest-7404/test_save_branch_and_commit_si0/repo')

    def _commit_count(repo: Path) -&gt; int:
&gt;       return int(
            _run(["git", "rev-list", "--count", "HEAD"], repo).stdout.strip()
        )
E       ValueError: invalid literal for int() with base 10: 'https://github.com/x/x/pull/99'

tests\test_storage_phase7_git_integration.py:307: ValueError</failure></testcase><testcase classname="tests.test_storage_phase7_git_integration" name="test_save_branch_and_commit_with_extra_paths" file="tests\test_storage_phase7_git_integration.py" line="362" time="0.092"><failure message="ValueError: invalid literal for int() with base 10: 'https://github.com/x/x/pull/99'">base_path = WindowsPath('C:/Users/Jonathan/AppData/Local/Temp/pytest-of-Jonathan/pytest-7404/test_save_branch_and_commit_wi0/output')
tmp_path = WindowsPath('C:/Users/Jonathan/AppData/Local/Temp/pytest-of-Jonathan/pytest-7404/test_save_branch_and_commit_wi0')

    def test_save_branch_and_commit_with_extra_paths(base_path, tmp_path):
        """extra_paths must land in the same commit as the branch/nodes."""
        repo = tmp_path / "repo"
        _init_repo(repo)
        backend = SqliteCachedBackend(base_path, repo_root=repo)
    
        sidecar = repo / "branches" / "git-probe-branch.meta.yaml"
        sidecar.parent.mkdir(parents=True, exist_ok=True)
        sidecar.write_text("tag: research\n", encoding="utf-8")
    
&gt;       before = _commit_count(repo)
                 ^^^^^^^^^^^^^^^^^^^

tests\test_storage_phase7_git_integration.py:373: 
_ _ _ _ _ _ _ _ _ _ _ _ _ _ _ _ _ _ _ _ _ _ _ _ _ _ _ _ _ _ _ _ _ _ _ _ _ _ _ _

repo = WindowsPath('C:/Users/Jonathan/AppData/Local/Temp/pytest-of-Jonathan/pytest-7404/test_save_branch_and_commit_wi0/repo')

    def _commit_count(repo: Path) -&gt; int:
&gt;       return int(
            _run(["git", "rev-list", "--count", "HEAD"], repo).stdout.strip()
        )
E       ValueError: invalid literal for int() with base 10: 'https://github.com/x/x/pull/99'

tests\test_storage_phase7_git_integration.py:307: ValueError</failure></testcase><testcase classname="tests.test_storage_phase7_git_integration" name="test_save_branch_and_commit_dirty_lists_all_and_skips_write" file="tests\test_storage_phase7_git_integration.py" line="386" time="0.126"><failure message="ValueError: invalid literal for int() with base 10: 'https://github.com/x/x/pull/99'">base_path = WindowsPath('C:/Users/Jonathan/AppData/Local/Temp/pytest-of-Jonathan/pytest-7404/test_save_branch_and_commit_di0/output')
tmp_path = WindowsPath('C:/Users/Jonathan/AppData/Local/Temp/pytest-of-Jonathan/pytest-7404/test_save_branch_and_commit_di0')
monkeypatch = &lt;_pytest.monkeypatch.MonkeyPatch object at 0x0000018E5FABFAF0&gt;

    def test_save_branch_and_commit_dirty_lists_all_and_skips_write(
        base_path, tmp_path, monkeypatch,
    ):
        repo = tmp_path / "repo"
        _init_repo(repo)
        backend = SqliteCachedBackend(base_path, repo_root=repo)
    
        backend.save_branch_and_commit(
            _make_branch(), author=AUTHOR_LINE, message="seed",
        )
    
        layout = YamlRepoLayout(repo)
        branch_path = layout.branch_path("git-probe-branch")
        node_path = layout.node_path("git-probe-branch", "n1")
        branch_path.write_text(
            branch_path.read_text(encoding="utf-8") + "# edit\n",
            encoding="utf-8",
        )
        node_path.write_text(
            node_path.read_text(encoding="utf-8") + "# edit\n",
            encoding="utf-8",
        )
    
&gt;       before = _commit_count(repo)
                 ^^^^^^^^^^^^^^^^^^^

tests\test_storage_phase7_git_integration.py:410: 
_ _ _ _ _ _ _ _ _ _ _ _ _ _ _ _ _ _ _ _ _ _ _ _ _ _ _ _ _ _ _ _ _ _ _ _ _ _ _ _

repo = WindowsPath('C:/Users/Jonathan/AppData/Local/Temp/pytest-of-Jonathan/pytest-7404/test_save_branch_and_commit_di0/repo')

    def _commit_count(repo: Path) -&gt; int:
&gt;       return int(
            _run(["git", "rev-list", "--count", "HEAD"], repo).stdout.strip()
        )
E       ValueError: invalid literal for int() with base 10: 'https://github.com/x/x/pull/99'

tests\test_storage_phase7_git_integration.py:307: ValueError</failure></testcase><testcase classname="tests.test_storage_phase7_git_integration" name="test_save_branch_and_commit_force_overrides_dirty" file="tests\test_storage_phase7_git_integration.py" line="431" time="0.095"><failure message="AssertionError: assert False&#10; +  where False = &lt;function has_uncommitted_changes at 0x0000018DC96DDA60&gt;(WindowsPath('C:/Users/Jonathan/AppData/Local/Temp/pytest-of-Jonathan/pytest-7404/test_save_branch_and_commit_fo0/repo/branches/git-probe-branch.yaml'), repo_path=WindowsPath('C:/Users/Jonathan/AppData/Local/Temp/pytest-of-Jonathan/pytest-7404/test_save_branch_and_commit_fo0/repo'))&#10; +    where &lt;function has_uncommitted_changes at 0x0000018DC96DDA60&gt; = git_bridge.has_uncommitted_changes">base_path = WindowsPath('C:/Users/Jonathan/AppData/Local/Temp/pytest-of-Jonathan/pytest-7404/test_save_branch_and_commit_fo0/output')
tmp_path = WindowsPath('C:/Users/Jonathan/AppData/Local/Temp/pytest-of-Jonathan/pytest-7404/test_save_branch_and_commit_fo0')

    def test_save_branch_and_commit_force_overrides_dirty(base_path, tmp_path):
        repo = tmp_path / "repo"
        _init_repo(repo)
        backend = SqliteCachedBackend(base_path, repo_root=repo)
    
        backend.save_branch_and_commit(
            _make_branch(), author=AUTHOR_LINE, message="seed",
        )
    
        layout = YamlRepoLayout(repo)
        branch_path = layout.branch_path("git-probe-branch")
        branch_path.write_text("# edit\n", encoding="utf-8")
&gt;       assert git_bridge.has_uncommitted_changes(branch_path, repo_path=repo)
E       AssertionError: assert False
E        +  where False = &lt;function has_uncommitted_changes at 0x0000018DC96DDA60&gt;(WindowsPath('C:/Users/Jonathan/AppData/Local/Temp/pytest-of-Jonathan/pytest-7404/test_save_branch_and_commit_fo0/repo/branches/git-probe-branch.yaml'), repo_path=WindowsPath('C:/Users/Jonathan/AppData/Local/Temp/pytest-of-Jonathan/pytest-7404/test_save_branch_and_commit_fo0/repo'))
E        +    where &lt;function has_uncommitted_changes at 0x0000018DC96DDA60&gt; = git_bridge.has_uncommitted_changes

tests\test_storage_phase7_git_integration.py:444: AssertionError</failure></testcase><testcase classname="tests.test_storage_phase7_git_integration" name="test_save_branch_and_commit_git_disabled_returns_none" file="tests\test_storage_phase7_git_integration.py" line="456" time="0.096" /><testcase classname="tests.test_storage_phase7_git_integration" name="test_save_goal_and_commit_single_commit" file="tests\test_storage_phase7_git_integration.py" line="471" time="0.087"><failure message="ValueError: invalid literal for int() with base 10: 'https://github.com/x/x/pull/99'">base_path = WindowsPath('C:/Users/Jonathan/AppData/Local/Temp/pytest-of-Jonathan/pytest-7404/test_save_goal_and_commit_sing0/output')
tmp_path = WindowsPath('C:/Users/Jonathan/AppData/Local/Temp/pytest-of-Jonathan/pytest-7404/test_save_goal_and_commit_sing0')

    def test_save_goal_and_commit_single_commit(base_path, tmp_path):
        repo = tmp_path / "repo"
        _init_repo(repo)
        backend = SqliteCachedBackend(base_path, repo_root=repo)
    
&gt;       before = _commit_count(repo)
                 ^^^^^^^^^^^^^^^^^^^

tests\test_storage_phase7_git_integration.py:477: 
_ _ _ _ _ _ _ _ _ _ _ _ _ _ _ _ _ _ _ _ _ _ _ _ _ _ _ _ _ _ _ _ _ _ _ _ _ _ _ _

repo = WindowsPath('C:/Users/Jonathan/AppData/Local/Temp/pytest-of-Jonathan/pytest-7404/test_save_goal_and_commit_sing0/repo')

    def _commit_count(repo: Path) -&gt; int:
&gt;       return int(
            _run(["git", "rev-list", "--count", "HEAD"], repo).stdout.strip()
        )
E       ValueError: invalid literal for int() with base 10: 'https://github.com/x/x/pull/99'

tests\test_storage_phase7_git_integration.py:307: ValueError</failure></testcase><testcase classname="tests.test_storage_phase7_git_integration" name="test_save_goal_and_commit_git_disabled_returns_none" file="tests\test_storage_phase7_git_integration.py" line="488" time="0.096" /><testcase classname="tests.test_storage_phase7_layout" name="test_branch_path_goes_under_branches" file="tests\test_storage_phase7_layout.py" line="14" time="0.012" /><testcase classname="tests.test_storage_phase7_layout" name="test_goal_path_goes_under_goals" file="tests\test_storage_phase7_layout.py" line="21" time="0.012" /><testcase classname="tests.test_storage_phase7_layout" name="test_node_path_is_nested_per_branch" file="tests\test_storage_phase7_layout.py" line="28" time="0.011" /><testcase classname="tests.test_storage_phase7_layout" name="test_author_path_goes_under_authors" file="tests\test_storage_phase7_layout.py" line="37" time="0.011" /><testcase classname="tests.test_storage_phase7_layout" name="test_universe_rules_path" file="tests\test_storage_phase7_layout.py" line="44" time="0.011" /><testcase classname="tests.test_storage_phase7_layout" name="test_universe_note_path" file="tests\test_storage_phase7_layout.py" line="51" time="0.011" /><testcase classname="tests.test_storage_phase7_layout" name="test_layout_resolves_repo_root" file="tests\test_storage_phase7_layout.py" line="61" time="0.010" /><testcase classname="tests.test_storage_phase7_layout" name="test_slugify_is_lowercase_and_hyphenated" file="tests\test_storage_phase7_layout.py" line="69" time="0.001" /><testcase classname="tests.test_storage_phase7_layout" name="test_slugify_collapses_non_alphanumerics" file="tests\test_storage_phase7_layout.py" line="73" time="0.000" /><testcase classname="tests.test_storage_phase7_layout" name="test_slugify_strips_edge_hyphens" file="tests\test_storage_phase7_layout.py" line="77" time="0.000" /><testcase classname="tests.test_storage_phase7_layout" name="test_slugify_falls_back_on_empty" file="tests\test_storage_phase7_layout.py" line="81" time="0.001" /><testcase classname="tests.test_storage_phase7_layout" name="test_slugify_is_idempotent" file="tests\test_storage_phase7_layout.py" line="86" time="0.001" /><testcase classname="tests.test_storage_phase7_serializer" name="test_branch_round_trip_is_identity_with_externalized_nodes" file="tests\test_storage_phase7_serializer.py" line="101" time="0.001" /><testcase classname="tests.test_storage_phase7_serializer" name="test_branch_round_trip_is_identity_with_inline_nodes" file="tests\test_storage_phase7_serializer.py" line="112" time="0.001" /><testcase classname="tests.test_storage_phase7_serializer" name="test_branch_payload_surfaces_editable_fields_before_mechanical" file="tests\test_storage_phase7_serializer.py" line="128" time="0.001" /><testcase classname="tests.test_storage_phase7_serializer" name="test_branch_node_entries_point_at_per_branch_paths" file="tests\test_storage_phase7_serializer.py" line="143" time="0.001" /><testcase classname="tests.test_storage_phase7_serializer" name="test_branch_edges_serialize_as_compact_from_to_pairs" file="tests\test_storage_phase7_serializer.py" line="154" time="0.000" /><testcase classname="tests.test_storage_phase7_serializer" name="test_branch_payload_is_yaml_safe" file="tests\test_storage_phase7_serializer.py" line="162" time="0.003" /><testcase classname="tests.test_storage_phase7_serializer" name="test_branch_from_yaml_tolerates_missing_node_file" file="tests\test_storage_phase7_serializer.py" line="172" time="0.001" /><testcase classname="tests.test_storage_phase7_serializer" name="test_branch_from_yaml_accepts_legacy_list_edge_shape" file="tests\test_storage_phase7_serializer.py" line="187" time="0.001" /><testcase classname="tests.test_storage_phase7_serializer" name="test_node_round_trip_is_identity_for_prompt_template" file="tests\test_storage_phase7_serializer.py" line="211" time="0.000" /><testcase classname="tests.test_storage_phase7_serializer" name="test_node_payload_omits_defaults_for_small_files" file="tests\test_storage_phase7_serializer.py" line="234" time="0.000" /><testcase classname="tests.test_storage_phase7_serializer" name="test_node_payload_preserves_explicit_non_strict_input_isolation" file="tests\test_storage_phase7_serializer.py" line="254" time="0.000" /><testcase classname="tests.test_storage_phase7_serializer" name="test_node_payload_always_includes_timeout_seconds" file="tests\test_storage_phase7_serializer.py" line="267" time="0.000" /><testcase classname="tests.test_storage_phase7_serializer" name="test_goal_round_trip_is_identity" file="tests\test_storage_phase7_serializer.py" line="281" time="0.000" /><testcase classname="tests.test_storage_phase7_serializer" name="test_goal_payload_foregrounds_name_over_id" file="tests\test_storage_phase7_serializer.py" line="303" time="0.001" /><testcase classname="tests.test_storage_phase7_serializer" name="test_goal_payload_is_yaml_safe" file="tests\test_storage_phase7_serializer.py" line="314" time="0.001" /><testcase classname="tests.test_storage_phase7_serializer" name="test_unrecognised_edge_entry_raises" file="tests\test_storage_phase7_serializer.py" line="332" time="0.001" /><testcase classname="tests.test_storage_phase7_serializer" name="test_node_from_yaml_rejects_str_input_keys" file="tests\test_storage_phase7_serializer.py" line="343" time="0.001" /><testcase classname="tests.test_storage_phase7_serializer" name="test_node_from_yaml_rejects_str_output_keys" file="tests\test_storage_phase7_serializer.py" line="361" time="0.001" /><testcase classname="tests.test_storage_phase7_serializer" name="test_node_from_yaml_passes_proper_lists" file="tests\test_storage_phase7_serializer.py" line="375" time="0.000" /><testcase classname="tests.test_storage_rotation.TestRotateActivityLog" name="test_no_rotation_below_soft_cap" file="tests\test_storage_rotation.py" line="29" time="0.012" /><testcase classname="tests.test_storage_rotation.TestRotateActivityLog" name="test_rotation_at_soft_cap" file="tests\test_storage_rotation.py" line="37" time="0.012" /><testcase classname="tests.test_storage_rotation.TestRotateActivityLog" name="test_rotation_above_soft_cap" file="tests\test_storage_rotation.py" line="45" time="0.012" /><testcase classname="tests.test_storage_rotation.TestRotateActivityLog" name="test_disabled_when_cap_zero" file="tests\test_storage_rotation.py" line="53" time="0.011" /><testcase classname="tests.test_storage_rotation.TestRotateActivityLog" name="test_disabled_when_env_unset" file="tests\test_storage_rotation.py" line="60" time="0.011" /><testcase classname="tests.test_storage_rotation.TestRotateActivityLog" name="test_env_var_override_respected" file="tests\test_storage_rotation.py" line="67" time="0.011" /><testcase classname="tests.test_storage_rotation.TestRotateActivityLog" name="test_no_error_when_log_missing" file="tests\test_storage_rotation.py" line="75" time="0.011" /><testcase classname="tests.test_storage_rotation.TestRotateActivityLog" name="test_rotation_is_idempotent" file="tests\test_storage_rotation.py" line="80" time="0.012" /><testcase classname="tests.test_storage_rotation.TestPruneUniverseOutputs" name="test_no_pruning_below_hard_cap" file="tests\test_storage_rotation.py" line="111" time="0.015" /><testcase classname="tests.test_storage_rotation.TestPruneUniverseOutputs" name="test_no_pruning_at_hard_cap" file="tests\test_storage_rotation.py" line="119" time="0.014" /><testcase classname="tests.test_storage_rotation.TestPruneUniverseOutputs" name="test_prunes_oldest_when_over_cap" file="tests\test_storage_rotation.py" line="126" time="0.013" /><testcase classname="tests.test_storage_rotation.TestPruneUniverseOutputs" name="test_prunes_until_under_soft_cap" file="tests\test_storage_rotation.py" line="137" time="0.015" /><testcase classname="tests.test_storage_rotation.TestPruneUniverseOutputs" name="test_disabled_when_cap_zero" file="tests\test_storage_rotation.py" line="148" time="0.013" /><testcase classname="tests.test_storage_rotation.TestPruneUniverseOutputs" name="test_disabled_when_env_unset" file="tests\test_storage_rotation.py" line="156" time="0.012" /><testcase classname="tests.test_storage_rotation.TestPruneUniverseOutputs" name="test_env_var_override_respected" file="tests\test_storage_rotation.py" line="164" time="0.013" /><testcase classname="tests.test_storage_rotation.TestPruneUniverseOutputs" name="test_no_error_when_dir_missing" file="tests\test_storage_rotation.py" line="172" time="0.010" /><testcase classname="tests.test_storage_rotation.TestPruneUniverseOutputs" name="test_does_not_delete_outside_subsystem" file="tests\test_storage_rotation.py" line="177" time="0.012" /><testcase classname="tests.test_storage_rotation.TestStartupStorageProbe" name="test_returns_expected_shape" file="tests\test_storage_rotation.py" line="188" time="0.011" /><testcase classname="tests.test_storage_rotation.TestStartupStorageProbe" name="test_triggers_rotation_when_over_cap" file="tests\test_storage_rotation.py" line="199" time="0.012" /><testcase classname="tests.test_storage_rotation.TestStartupStorageProbe" name="test_triggers_pruning_when_over_cap" file="tests\test_storage_rotation.py" line="209" time="0.014" /><testcase classname="tests.test_storage_rotation.TestStartupStorageProbe" name="test_no_action_when_caps_not_set" file="tests\test_storage_rotation.py" line="224" time="0.014" /><testcase classname="tests.test_storage_utilization_universe" name="test_path_size_bytes_missing_returns_zero" file="tests\test_storage_utilization_universe.py" line="20" time="0.011" /><testcase classname="tests.test_storage_utilization_universe" name="test_path_size_bytes_file" file="tests\test_storage_utilization_universe.py" line="26" time="0.011" /><testcase classname="tests.test_storage_utilization_universe" name="test_path_size_bytes_directory_recursive" file="tests\test_storage_utilization_universe.py" line="34" time="0.012" /><testcase classname="tests.test_storage_utilization_universe" name="test_get_status_activity_log_bytes_nonzero" file="tests\test_storage_utilization_universe.py" line="67" time="0.076" /><testcase classname="tests.test_storage_utilization_universe" name="test_get_status_universe_outputs_bytes_nonzero" file="tests\test_storage_utilization_universe.py" line="91" time="0.072" /><testcase classname="tests.test_storage_utilization_universe" name="test_get_status_checkpoint_db_bytes_nonzero_and_cap_current" file="tests\test_storage_utilization_universe.py" line="114" time="0.072" /><testcase classname="tests.test_storage_utilization_universe" name="test_get_status_activity_log_path_points_into_udir" file="tests\test_storage_utilization_universe.py" line="147" time="0.072" /><testcase classname="tests.test_storage_utilization_universe" name="test_get_status_missing_log_and_output_still_reports_zero_not_error" file="tests\test_storage_utilization_universe.py" line="169" time="0.078" /><testcase classname="tests.test_structured_json_output" name="test_needs_json_contract_single_str_output_returns_false" file="tests\test_structured_json_output.py" line="56" time="0.001" /><testcase classname="tests.test_structured_json_output" name="test_needs_json_contract_multi_output_returns_true" file="tests\test_structured_json_output.py" line="67" time="0.001" /><testcase classname="tests.test_structured_json_output" name="test_needs_json_contract_typed_output_returns_true" file="tests\test_structured_json_output.py" line="76" time="0.001" /><testcase classname="tests.test_structured_json_output" name="test_extract_json_object_plain" file="tests\test_structured_json_output.py" line="88" time="0.001" /><testcase classname="tests.test_structured_json_output" name="test_extract_json_object_tolerates_code_fence" file="tests\test_structured_json_output.py" line="92" time="0.001" /><testcase classname="tests.test_structured_json_output" name="test_extract_json_object_tolerates_embedded_prose" file="tests\test_structured_json_output.py" line="96" time="0.001" /><testcase classname="tests.test_structured_json_output" name="test_extract_json_object_raises_on_malformed" file="tests\test_structured_json_output.py" line="100" time="0.001" /><testcase classname="tests.test_structured_json_output" name="test_extract_json_object_raises_on_non_object" file="tests\test_structured_json_output.py" line="105" time="0.001" /><testcase classname="tests.test_structured_json_output" name="test_coerce_value_int_from_int" file="tests\test_structured_json_output.py" line="113" time="0.001" /><testcase classname="tests.test_structured_json_output" name="test_coerce_value_int_from_string_raises" file="tests\test_structured_json_output.py" line="117" time="0.001" /><testcase classname="tests.test_structured_json_output" name="test_coerce_value_bool_from_various_shapes" file="tests\test_structured_json_output.py" line="122" time="0.001" /><testcase classname="tests.test_structured_json_output" name="test_coerce_value_list_wrong_type_raises" file="tests\test_structured_json_output.py" line="130" time="0.001" /><testcase classname="tests.test_structured_json_output" name="test_multi_output_parses_and_assigns_all_keys" file="tests\test_structured_json_output.py" line="138" time="0.001" /><testcase classname="tests.test_structured_json_output" name="test_multi_output_missing_key_raises" file="tests\test_structured_json_output.py" line="150" time="0.001" /><testcase classname="tests.test_structured_json_output" name="test_typed_output_coerces_int" file="tests\test_structured_json_output.py" line="162" time="0.001" /><testcase classname="tests.test_structured_json_output" name="test_typed_output_wrong_type_raises" file="tests\test_structured_json_output.py" line="180" time="0.001" /><testcase classname="tests.test_structured_json_output" name="test_malformed_json_raises" file="tests\test_structured_json_output.py" line="198" time="0.001" /><testcase classname="tests.test_structured_json_output" name="test_single_str_output_backward_compat_unchanged" file="tests\test_structured_json_output.py" line="210" time="0.001" /><testcase classname="tests.test_structured_json_output" name="test_json_contract_suffix_appears_in_prompt" file="tests\test_structured_json_output.py" line="224" time="0.001" /><testcase classname="tests.test_structured_json_output" name="test_state_type_map_filters_unnamed_entries" file="tests\test_structured_json_output.py" line="248" time="0.001" /><testcase classname="tests.test_structured_json_output" name="test_typed_output_list_passes_through" file="tests\test_structured_json_output.py" line="257" time="0.001" /><testcase classname="tests.test_sub_branch_invocation.TestValidateInvokeBranchSpec" name="test_missing_branch_def_id_is_error" file="tests\test_sub_branch_invocation.py" line="57" time="0.001" /><testcase classname="tests.test_sub_branch_invocation.TestValidateInvokeBranchSpec" name="test_invalid_wait_mode_is_error" file="tests\test_sub_branch_invocation.py" line="66" time="0.001" /><testcase classname="tests.test_sub_branch_invocation.TestValidateInvokeBranchSpec" name="test_valid_spec_no_error" file="tests\test_sub_branch_invocation.py" line="75" time="0.001" /><testcase classname="tests.test_sub_branch_invocation.TestValidateInvokeBranchSpec" name="test_invoke_spec_plus_template_is_error" file="tests\test_sub_branch_invocation.py" line="92" time="0.001" /><testcase classname="tests.test_sub_branch_invocation.TestValidateAwaitRunSpec" name="test_missing_run_id_field_is_error" file="tests\test_sub_branch_invocation.py" line="104" time="0.001" /><testcase classname="tests.test_sub_branch_invocation.TestValidateAwaitRunSpec" name="test_valid_spec_no_error" file="tests\test_sub_branch_invocation.py" line="113" time="0.001" /><testcase classname="tests.test_sub_branch_invocation.TestValidateAwaitRunSpec" name="test_await_spec_plus_source_code_is_error" file="tests\test_sub_branch_invocation.py" line="122" time="0.001" /><testcase classname="tests.test_sub_branch_invocation.TestCompileBranchMissingBasePath" name="test_invoke_branch_node_without_base_path_raises" file="tests\test_sub_branch_invocation.py" line="136" time="0.001" /><testcase classname="tests.test_sub_branch_invocation.TestCompileBranchMissingBasePath" name="test_await_run_node_without_base_path_raises" file="tests\test_sub_branch_invocation.py" line="157" time="0.001" /><testcase classname="tests.test_sub_branch_invocation.TestInvokeBranchBlocking" name="test_blocking_populates_output_mapping" file="tests\test_sub_branch_invocation.py" line="178" time="0.012" /><testcase classname="tests.test_sub_branch_invocation.TestInvokeBranchAsync" name="test_async_writes_run_id" file="tests\test_sub_branch_invocation.py" line="217" time="0.012" /><testcase classname="tests.test_sub_branch_invocation.TestAwaitBranchRunNode" name="test_populates_output_from_completed_child" file="tests\test_sub_branch_invocation.py" line="255" time="0.011" /><testcase classname="tests.test_sub_branch_invocation.TestAwaitBranchRunNode" name="test_missing_run_id_raises_runtime_error" file="tests\test_sub_branch_invocation.py" line="280" time="0.010" /><testcase classname="tests.test_sub_branch_invocation.TestAwaitBranchRunNode" name="test_timeout_propagates" file="tests\test_sub_branch_invocation.py" line="292" time="0.012" /><testcase classname="tests.test_sub_branch_invocation.TestRecursionDepthCap" name="test_depth_at_cap_raises_compiler_error" file="tests\test_sub_branch_invocation.py" line="310" time="0.010" /><testcase classname="tests.test_sub_branch_invocation.TestRecursionDepthCap" name="test_depth_below_cap_is_ok" file="tests\test_sub_branch_invocation.py" line="326" time="0.015" /><testcase classname="tests.test_sub_branch_invocation.TestPollChildRunStatus" name="test_returns_immediately_for_completed_run" file="tests\test_sub_branch_invocation.py" line="347" time="0.042" /><testcase classname="tests.test_sub_branch_invocation.TestPollChildRunStatus" name="test_raises_key_error_for_unknown_run" file="tests\test_sub_branch_invocation.py" line="370" time="0.037" /><testcase classname="tests.test_sub_branch_invocation.TestPollChildRunStatus" name="test_raises_timeout_for_stuck_run" file="tests\test_sub_branch_invocation.py" line="377" time="0.096" /><testcase classname="tests.test_sub_branch_invocation.TestPollChildRunStatus" name="test_timeout_carries_reclaim_context_for_still_running_child" file="tests\test_sub_branch_invocation.py" line="399" time="0.097" /><testcase classname="tests.test_sub_branch_invocation.TestPollChildRunStatus" name="test_await_timeout_promotes_parent_to_receipt_waiting" file="tests\test_sub_branch_invocation.py" line="429" time="0.159" /><testcase classname="tests.test_sub_branch_invocation.TestValidateInvokeBranchVersionSpec" name="test_missing_branch_version_id_is_error" file="tests\test_sub_branch_invocation.py" line="507" time="0.001" /><testcase classname="tests.test_sub_branch_invocation.TestValidateInvokeBranchVersionSpec" name="test_invalid_wait_mode_is_error" file="tests\test_sub_branch_invocation.py" line="516" time="0.001" /><testcase classname="tests.test_sub_branch_invocation.TestValidateInvokeBranchVersionSpec" name="test_invalid_on_child_fail_is_error" file="tests\test_sub_branch_invocation.py" line="528" time="0.001" /><testcase classname="tests.test_sub_branch_invocation.TestValidateInvokeBranchVersionSpec" name="test_valid_spec_no_error" file="tests\test_sub_branch_invocation.py" line="540" time="0.001" /><testcase classname="tests.test_sub_branch_invocation.TestValidateInvokeBranchVersionSpec" name="test_invoke_version_plus_invoke_def_is_error" file="tests\test_sub_branch_invocation.py" line="560" time="0.000" /><testcase classname="tests.test_sub_branch_invocation.TestValidateInvokeBranchVersionSpec" name="test_invoke_version_plus_template_is_error" file="tests\test_sub_branch_invocation.py" line="578" time="0.001" /><testcase classname="tests.test_sub_branch_invocation.TestCompileInvokeBranchVersionNode" name="test_compile_succeeds_with_valid_version_spec" file="tests\test_sub_branch_invocation.py" line="595" time="0.011" /><testcase classname="tests.test_sub_branch_invocation.TestCompileInvokeBranchVersionNode" name="test_invoke_version_node_without_base_path_raises" file="tests\test_sub_branch_invocation.py" line="618" time="0.001" /><testcase classname="tests.test_sub_branch_invocation.TestCompileInvokeBranchVersionNode" name="test_build_invoke_version_node_blocking_mode" file="tests\test_sub_branch_invocation.py" line="637" time="0.032" /><testcase classname="tests.test_sub_branch_invocation.TestCompileInvokeBranchVersionNode" name="test_build_invoke_version_node_async_mode_writes_run_id" file="tests\test_sub_branch_invocation.py" line="670" time="0.013" /><testcase classname="tests.test_sub_branch_invocation.TestCompileInvokeBranchVersionNode" name="test_build_invoke_version_node_recursion_cap" file="tests\test_sub_branch_invocation.py" line="695" time="0.011" /><testcase classname="tests.test_sub_branch_invocation.TestChildFailurePolicy" name="test_propagate_default_raises_child_failed_error" file="tests\test_sub_branch_invocation.py" line="722" time="0.011" /><testcase classname="tests.test_sub_branch_invocation.TestChildFailurePolicy" name="test_default_policy_substitutes_default_outputs" file="tests\test_sub_branch_invocation.py" line="754" time="0.012" /><testcase classname="tests.test_sub_branch_invocation.TestChildFailurePolicy" name="test_default_policy_no_default_outputs_uses_none" file="tests\test_sub_branch_invocation.py" line="780" time="0.012" /><testcase classname="tests.test_sub_branch_invocation.TestChildFailurePolicy" name="test_retry_succeeds_within_budget" file="tests\test_sub_branch_invocation.py" line="806" time="0.033" /><testcase classname="tests.test_sub_branch_invocation.TestChildFailurePolicy" name="test_retry_exhausted_falls_through_to_propagate" file="tests\test_sub_branch_invocation.py" line="848" time="0.012" /><testcase classname="tests.test_sub_branch_invocation.TestChildFailurePolicy" name="test_global_cap_overrides_per_spec_budget" file="tests\test_sub_branch_invocation.py" line="882" time="0.011" /><testcase classname="tests.test_sub_branch_invocation.TestChildFailurePolicy" name="test_failure_class_classification" file="tests\test_sub_branch_invocation.py" line="917" time="0.011" /><testcase classname="tests.test_sub_branch_invocation.TestOutputMappingSchemaValidation" name="test_invoke_branch_output_mapping_unknown_target_is_error" file="tests\test_sub_branch_invocation.py" line="956" time="0.001" /><testcase classname="tests.test_sub_branch_invocation.TestOutputMappingSchemaValidation" name="test_invoke_branch_version_output_mapping_unknown_target_is_error" file="tests\test_sub_branch_invocation.py" line="978" time="0.001" /><testcase classname="tests.test_sub_branch_invocation.TestOutputMappingSchemaValidation" name="test_valid_output_mapping_target_no_error" file="tests\test_sub_branch_invocation.py" line="999" time="0.001" /><testcase classname="tests.test_sub_branch_invocation.TestOutputMappingSchemaValidation" name="test_empty_state_schema_skips_check" file="tests\test_sub_branch_invocation.py" line="1018" time="0.001" /><testcase classname="tests.test_sub_branch_invocation.TestChildActorHonoring" name="test_invoke_branch_threads_child_actor_blocking" file="tests\test_sub_branch_invocation.py" line="1047" time="0.011" /><testcase classname="tests.test_sub_branch_invocation.TestChildActorHonoring" name="test_invoke_branch_default_actor_anonymous" file="tests\test_sub_branch_invocation.py" line="1078" time="0.011" /><testcase classname="tests.test_sub_branch_invocation.TestChildActorHonoring" name="test_invoke_branch_async_threads_invocation_depth" file="tests\test_sub_branch_invocation.py" line="1109" time="0.010" /><testcase classname="tests.test_sub_branch_invocation.TestChildActorHonoring" name="test_blocking_invoke_branch_inherits_parent_actor_and_threads_depth" file="tests\test_sub_branch_invocation.py" line="1140" time="0.060" /><testcase classname="tests.test_sub_branch_invocation.TestChildActorHonoring" name="test_invoke_branch_version_threads_child_actor_and_depth" file="tests\test_sub_branch_invocation.py" line="1204" time="0.032" /><testcase classname="tests.test_sub_branch_invocation.TestChildActorHonoring" name="test_invoke_branch_version_inherits_parent_actor" file="tests\test_sub_branch_invocation.py" line="1235" time="0.071" /><testcase classname="tests.test_sub_branch_invocation.TestTwoPoolIsolation" name="test_get_executor_returns_distinct_pools_per_depth" file="tests\test_sub_branch_invocation.py" line="1294" time="0.001" /><testcase classname="tests.test_sub_branch_invocation.TestTwoPoolIsolation" name="test_shutdown_executor_drains_both_pools" file="tests\test_sub_branch_invocation.py" line="1308" time="0.001" /><testcase classname="tests.test_sub_branch_invocation.TestTwoPoolIsolation" name="test_runtime_max_invocation_depth_env_override" file="tests\test_sub_branch_invocation.py" line="1325" time="0.001" /><testcase classname="tests.test_sub_branch_invocation.TestTwoPoolIsolation" name="test_runtime_depth_cap_used_in_compile" file="tests\test_sub_branch_invocation.py" line="1335" time="0.012" /><testcase classname="tests.test_sub_branch_invocation.TestInvokeBranchDesignUsedEmit" name="test_emits_design_used_on_blocking_success" file="tests\test_sub_branch_invocation.py" line="1384" time="0.110" /><testcase classname="tests.test_sub_branch_invocation.TestInvokeBranchDesignUsedEmit" name="test_skips_emit_when_author_anonymous" file="tests\test_sub_branch_invocation.py" line="1435" time="0.104" /><testcase classname="tests.test_sub_branch_invocation.TestInvokeBranchDesignUsedEmit" name="test_no_emit_on_child_failure" file="tests\test_sub_branch_invocation.py" line="1479" time="0.103" /><testcase classname="tests.test_sub_branch_invocation.TestInvokeBranchVersionDesignUsedEmit" name="test_emits_design_used_for_version_blocking_success" file="tests\test_sub_branch_invocation.py" line="1530" time="0.138" /><testcase classname="tests.test_sub_branch_invocation_integration.TestParentInvokesChildEndToEnd" name="test_parent_completes_and_design_used_emits" file="tests\test_sub_branch_invocation_integration.py" line="106" time="0.216" /><testcase classname="tests.test_sub_branch_invocation_integration.TestParentInvokesChildEndToEnd" name="test_child_actor_flows_into_child_run" file="tests\test_sub_branch_invocation_integration.py" line="118" time="0.200" /><testcase classname="tests.test_sub_branch_invocation_integration.TestDesignUsedIntegration" name="test_design_used_row_created_when_child_completes" file="tests\test_sub_branch_invocation_integration.py" line="140" time="0.253" /><testcase classname="tests.test_submit_request_wiring" name="test_materialize_creates_notes_target" file="tests\test_submit_request_wiring.py" line="214" time="0.088" /><testcase classname="tests.test_submit_request_wiring" name="test_materialize_flips_status_and_stamps_seen" file="tests\test_submit_request_wiring.py" line="237" time="0.101" /><testcase classname="tests.test_submit_request_wiring" name="test_materialize_is_idempotent_on_seen_requests" file="tests\test_submit_request_wiring.py" line="249" time="0.121" /><testcase classname="tests.test_submit_request_wiring" name="test_materialize_skips_malformed_entries" file="tests\test_submit_request_wiring.py" line="265" time="0.095" /><testcase classname="tests.test_submit_request_wiring" name="test_materialize_missing_file_is_noop" file="tests\test_submit_request_wiring.py" line="278" time="0.013" /><testcase classname="tests.test_submit_request_wiring" name="test_materialize_consumes_only_this_workers_live_epoch2_claim" file="tests\test_submit_request_wiring.py" line="283" time="0.151" /><testcase classname="tests.test_submit_request_wiring" name="test_materialize_leaves_unclaimed_or_not_ready_epoch2_work_inert" file="tests\test_submit_request_wiring.py" line="325" time="0.081" /><testcase classname="tests.test_submit_request_wiring" name="test_epoch2_target_selection_tracks_exact_current_live_claim" file="tests\test_submit_request_wiring.py" line="354" time="0.317" /><testcase classname="tests.test_submit_request_wiring" name="test_epoch2_materialization_rejects_same_basename_outside_data_root" file="tests\test_submit_request_wiring.py" line="423" time="0.074" /><testcase classname="tests.test_submit_request_wiring" name="test_epoch2_materialization_uses_bounded_result_limit" file="tests\test_submit_request_wiring.py" line="446" time="0.013" /><testcase classname="tests.test_submit_request_wiring" name="test_epoch2_materialization_fills_cap_after_invalid_real_store_row" file="tests\test_submit_request_wiring.py" line="496" time="0.220" /><testcase classname="tests.test_submit_request_wiring" name="test_epoch2_pickup_signal_requires_positive_authorized_priority[0.0-None-False]" file="tests\test_submit_request_wiring.py" line="546" time="0.143" /><testcase classname="tests.test_submit_request_wiring" name="test_epoch2_pickup_signal_requires_positive_authorized_priority[25.0-applied-True]" file="tests\test_submit_request_wiring.py" line="546" time="0.149" /><testcase classname="tests.test_submit_request_wiring" name="test_authorial_review_surfaces_pending_request_within_one_cycle" file="tests\test_submit_request_wiring.py" line="601" time="0.195" /><testcase classname="tests.test_submit_request_wiring" name="test_authorial_review_no_requests_still_works" file="tests\test_submit_request_wiring.py" line="638" time="0.134" /><testcase classname="tests.test_submit_request_wiring" name="test_corrupt_requests_json_warns_and_returns_empty" file="tests\test_submit_request_wiring.py" line="651" time="0.022" /><testcase classname="tests.test_submit_request_wiring" name="test_submit_request_rejects_oversize_text" file="tests\test_submit_request_wiring.py" line="675" time="0.070" /><testcase classname="tests.test_submit_request_wiring" name="test_submit_request_accepts_text_at_cap" file="tests\test_submit_request_wiring.py" line="715" time="0.115" /><testcase classname="tests.test_submit_request_wiring" name="test_submit_request_response_includes_queue_position" file="tests\test_submit_request_wiring.py" line="747" time="0.153" /><testcase classname="tests.test_submit_request_wiring" name="test_submit_request_write_uses_centralized_filename_constant" file="tests\test_submit_request_wiring.py" line="786" time="0.001" /><testcase classname="tests.test_supervisor_liveness" name="test_parse_iso_to_epoch_handles_empty_string" file="tests\test_supervisor_liveness.py" line="26" time="0.001" /><testcase classname="tests.test_supervisor_liveness" name="test_parse_iso_to_epoch_handles_none_safely" file="tests\test_supervisor_liveness.py" line="30" time="0.000" /><testcase classname="tests.test_supervisor_liveness" name="test_parse_iso_to_epoch_handles_z_suffix" file="tests\test_supervisor_liveness.py" line="35" time="0.000" /><testcase classname="tests.test_supervisor_liveness" name="test_parse_iso_to_epoch_handles_offset_suffix" file="tests\test_supervisor_liveness.py" line="42" time="0.000" /><testcase classname="tests.test_supervisor_liveness" name="test_parse_iso_to_epoch_returns_none_on_garbage" file="tests\test_supervisor_liveness.py" line="48" time="0.000" /><testcase classname="tests.test_supervisor_liveness" name="test_empty_queue_returns_zero_counts" file="tests\test_supervisor_liveness.py" line="55" time="0.012" /><testcase classname="tests.test_supervisor_liveness" name="test_missing_queue_file_does_not_raise" file="tests\test_supervisor_liveness.py" line="72" time="0.012" /><testcase classname="tests.test_supervisor_liveness" name="test_queue_counts_by_status" file="tests\test_supervisor_liveness.py" line="81" time="0.079" /><testcase classname="tests.test_supervisor_liveness" name="test_queue_counts_merge_epoch2_operational_states" file="tests\test_supervisor_liveness.py" line="99" time="0.025" /><testcase classname="tests.test_supervisor_liveness" name="test_corrupt_v1_does_not_hide_healthy_epoch2" file="tests\test_supervisor_liveness.py" line="189" time="0.021" /><testcase classname="tests.test_supervisor_liveness" name="test_failed_epoch2_does_not_zero_healthy_v1" file="tests\test_supervisor_liveness.py" line="241" time="0.022" /><testcase classname="tests.test_supervisor_liveness" name="test_missing_capacity_evidence_marks_operational_counts_incomplete" file="tests\test_supervisor_liveness.py" line="273" time="0.013" /><testcase classname="tests.test_supervisor_liveness" name="test_disabled_epoch2_consumer_is_visible_in_status" file="tests\test_supervisor_liveness.py" line="328" time="0.012" /><testcase classname="tests.test_supervisor_liveness" name="test_unknown_epoch2_lifecycle_status_is_visible_and_incomplete" file="tests\test_supervisor_liveness.py" line="380" time="0.012" /><testcase classname="tests.test_supervisor_liveness" name="test_stuck_pending_above_threshold_emits_warning" file="tests\test_supervisor_liveness.py" line="440" time="0.022" /><testcase classname="tests.test_supervisor_liveness" name="test_policy_parked_pending_does_not_emit_stuck_pending_warning" file="tests\test_supervisor_liveness.py" line="456" time="0.022" /><testcase classname="tests.test_supervisor_liveness" name="test_enabled_pending_still_warns_when_policy_parked_pending_exists" file="tests\test_supervisor_liveness.py" line="477" time="0.037" /><testcase classname="tests.test_supervisor_liveness" name="test_recent_pending_no_warning" file="tests\test_supervisor_liveness.py" line="503" time="0.024" /><testcase classname="tests.test_supervisor_liveness" name="test_loop_stalled_warns_on_fail_only_backlog" file="tests\test_supervisor_liveness.py" line="520" time="0.033" /><testcase classname="tests.test_supervisor_liveness" name="test_no_loop_stalled_when_a_recent_success_exists" file="tests\test_supervisor_liveness.py" line="548" time="0.033" /><testcase classname="tests.test_supervisor_liveness" name="test_no_loop_stalled_on_fresh_queue_without_terminal_at" file="tests\test_supervisor_liveness.py" line="573" time="0.032" /><testcase classname="tests.test_supervisor_liveness" name="test_running_task_with_fresh_lease_not_stale" file="tests\test_supervisor_liveness.py" line="643" time="0.024" /><testcase classname="tests.test_supervisor_liveness" name="test_running_task_lease_surfaces_executor_identity" file="tests\test_supervisor_liveness.py" line="665" time="0.032" /><testcase classname="tests.test_supervisor_liveness" name="test_stale_heartbeat_flagged_as_stale" file="tests\test_supervisor_liveness.py" line="695" time="0.021" /><testcase classname="tests.test_supervisor_liveness" name="test_expired_lease_flagged_as_stale" file="tests\test_supervisor_liveness.py" line="712" time="0.029" /><testcase classname="tests.test_supervisor_liveness" name="test_both_stale_signals_combined" file="tests\test_supervisor_liveness.py" line="727" time="0.022" /><testcase classname="tests.test_supervisor_liveness" name="test_running_task_without_lease_fields_emits_lease_unavailable_warning" file="tests\test_supervisor_liveness.py" line="746" time="0.023" /><testcase classname="tests.test_supervisor_liveness" name="test_get_status_response_includes_supervisor_liveness" file="tests\test_supervisor_liveness.py" line="766" time="0.144" /><testcase classname="tests.test_supervisor_liveness" name="test_get_status_supervisor_liveness_reflects_stuck_pending" file="tests\test_supervisor_liveness.py" line="783" time="0.181" /><testcase classname="tests.test_supervisor_liveness" name="test_supervisor_descriptor_has_exact_90_second_validity" file="tests\test_supervisor_liveness.py" line="809" time="0.023" /><testcase classname="tests.test_supervisor_liveness" name="test_operational_capacity_requires_live_complete_descriptor" file="tests\test_supervisor_liveness.py" line="878" time="0.226" /><testcase classname="tests.test_supervisor_liveness" name="test_supervisor_does_not_advertise_v2_without_runtime_release_evidence" file="tests\test_supervisor_liveness.py" line="957" time="0.021" /><testcase classname="tests.test_synthesis_skip_fix.TestUnsynthesizedCanonDetector" name="test_no_universe_path_returns_false" file="tests\test_synthesis_skip_fix.py" line="66" time="0.001" /><testcase classname="tests.test_synthesis_skip_fix.TestUnsynthesizedCanonDetector" name="test_no_manifest_returns_false" file="tests\test_synthesis_skip_fix.py" line="69" time="0.013" /><testcase classname="tests.test_synthesis_skip_fix.TestUnsynthesizedCanonDetector" name="test_no_signals_returns_false" file="tests\test_synthesis_skip_fix.py" line="73" time="0.020" /><testcase classname="tests.test_synthesis_skip_fix.TestUnsynthesizedCanonDetector" name="test_signal_plus_empty_synthesized_docs_returns_true" file="tests\test_synthesis_skip_fix.py" line="79" time="0.031" /><testcase classname="tests.test_synthesis_skip_fix.TestUnsynthesizedCanonDetector" name="test_signal_plus_populated_synthesized_docs_returns_false" file="tests\test_synthesis_skip_fix.py" line="95" time="0.022" /><testcase classname="tests.test_synthesis_skip_fix.TestUnsynthesizedCanonDetector" name="test_mixed_sources_returns_true_if_any_pending" file="tests\test_synthesis_skip_fix.py" line="110" time="0.031" /><testcase classname="tests.test_synthesis_skip_fix.TestUnsynthesizedCanonDetector" name="test_non_synthesize_signal_ignored" file="tests\test_synthesis_skip_fix.py" line="123" time="0.029" /><testcase classname="tests.test_synthesis_skip_fix.TestUnsynthesizedCanonDetector" name="test_malformed_manifest_returns_false" file="tests\test_synthesis_skip_fix.py" line="132" time="0.021" /><testcase classname="tests.test_synthesis_skip_fix.TestRunBookBarrier" name="test_barrier_trips_returns_needs_synthesis" file="tests\test_synthesis_skip_fix.py" line="147" time="0.016" /><testcase classname="tests.test_synthesis_skip_fix.TestRunBookBarrier" name="test_no_barrier_proceeds_to_subgraph" file="tests\test_synthesis_skip_fix.py" line="170" time="0.022" /><testcase classname="tests.test_synthesis_skip_fix.TestBiteLoopDiagnostics" name="test_all_parse_failures_tally_nonzero" file="tests\test_synthesis_skip_fix.py" line="224" time="0.002" /><testcase classname="tests.test_synthesis_skip_fix.TestBiteLoopDiagnostics" name="test_empty_response_tally" file="tests\test_synthesis_skip_fix.py" line="238" time="0.001" /><testcase classname="tests.test_synthesis_skip_fix.TestBiteLoopDiagnostics" name="test_provider_error_tally" file="tests\test_synthesis_skip_fix.py" line="251" time="0.001" /><testcase classname="tests.test_synthesis_skip_fix.TestBiteLoopDiagnostics" name="test_ok_tally_on_success" file="tests\test_synthesis_skip_fix.py" line="263" time="0.001" /><testcase classname="tests.test_synthesis_skip_fix.TestBiteLoopDiagnostics" name="test_parsed_but_empty_tally" file="tests\test_synthesis_skip_fix.py" line="275" time="0.001" /><testcase classname="tests.test_synthesis_skip_fix.TestBiteLoopDiagnostics" name="test_get_last_bite_outcomes_empty_for_unknown_file" file="tests\test_synthesis_skip_fix.py" line="287" time="0.001" /><testcase classname="tests.test_synthesis_skip_fix.TestDriftCleanup" name="test_is_drift_seeded_scene_pattern" file="tests\test_synthesis_skip_fix.py" line="323" time="0.000" /><testcase classname="tests.test_synthesis_skip_fix.TestDriftCleanup" name="test_cleanup_deletes_drift_facts" file="tests\test_synthesis_skip_fix.py" line="331" time="0.047" /><testcase classname="tests.test_synthesis_skip_fix.TestDriftCleanup" name="test_cleanup_preserves_entities" file="tests\test_synthesis_skip_fix.py" line="363" time="0.040" /><testcase classname="tests.test_synthesis_skip_fix.TestDriftCleanup" name="test_cleanup_missing_db_is_noop" file="tests\test_synthesis_skip_fix.py" line="401" time="0.011" /><testcase classname="tests.test_synthesis_skip_fix.TestDriftCleanup" name="test_cleanup_other_universe_left_alone" file="tests\test_synthesis_skip_fix.py" line="405" time="0.044" /><testcase classname="tests.test_tab_hygiene" name="test_enforce_single_tab_keeps_chat_url_closes_others" file="tests\test_tab_hygiene.py" line="63" time="0.002" /><testcase classname="tests.test_tab_hygiene" name="test_enforce_single_tab_keeps_generic_claude_over_non_claude" file="tests\test_tab_hygiene.py" line="80" time="0.001" /><testcase classname="tests.test_tab_hygiene" name="test_enforce_single_tab_idempotent_when_one_tab" file="tests\test_tab_hygiene.py" line="93" time="0.001" /><testcase classname="tests.test_tab_hygiene" name="test_enforce_single_tab_idempotent_when_zero_tabs" file="tests\test_tab_hygiene.py" line="104" time="0.000" /><testcase classname="tests.test_tab_hygiene" name="test_enumerate_pages_collects_across_contexts" file="tests\test_tab_hygiene.py" line="113" time="0.001" /><testcase classname="tests.test_tab_hygiene" name="test_enforce_single_tab_survives_close_exception" file="tests\test_tab_hygiene.py" line="130" time="0.001" /><testcase classname="tests.test_tab_hygiene" name="test_watchdog_enforce_once_returns_minus_one_when_cdp_unreachable" file="tests\test_tab_hygiene.py" line="185" time="0.003" /><testcase classname="tests.test_tab_hygiene" name="test_watchdog_enforce_once_closes_browser_handle" file="tests\test_tab_hygiene.py" line="195" time="0.001" /><testcase classname="tests.test_tab_hygiene" name="test_watchdog_closes_extras_and_keeps_chat" file="tests\test_tab_hygiene.py" line="207" time="0.001" /><testcase classname="tests.test_tab_hygiene" name="test_watchdog_rank_matches_hook_rank" file="tests\test_tab_hygiene.py" line="221" time="0.001" /><testcase classname="tests.test_task_producer_protocol" name="test_conforming_producer_passes_isinstance" file="tests\test_task_producer_protocol.py" line="56" time="0.001" /><testcase classname="tests.test_task_producer_protocol" name="test_missing_produce_fails_isinstance" file="tests\test_task_producer_protocol.py" line="61" time="0.001" /><testcase classname="tests.test_task_producer_protocol" name="test_protocol_requires_name_origin_produce" file="tests\test_task_producer_protocol.py" line="66" time="0.000" /><testcase classname="tests.test_task_producer_protocol" name="test_empty_registry_at_import_time" file="tests\test_task_producer_protocol.py" line="82" time="0.000" /><testcase classname="tests.test_task_producer_protocol" name="test_register_appends" file="tests\test_task_producer_protocol.py" line="87" time="0.000" /><testcase classname="tests.test_task_producer_protocol" name="test_registration_order_preserved" file="tests\test_task_producer_protocol.py" line="99" time="0.000" /><testcase classname="tests.test_task_producer_protocol" name="test_register_idempotent_on_name" file="tests\test_task_producer_protocol.py" line="108" time="0.000" /><testcase classname="tests.test_task_producer_protocol" name="test_re_register_moves_to_end" file="tests\test_task_producer_protocol.py" line="118" time="0.000" /><testcase classname="tests.test_task_producer_protocol" name="test_registered_producers_returns_tuple_not_list" file="tests\test_task_producer_protocol.py" line="128" time="0.000" /><testcase classname="tests.test_task_producer_protocol" name="test_unregister_removes_by_name" file="tests\test_task_producer_protocol.py" line="135" time="0.000" /><testcase classname="tests.test_task_producer_protocol" name="test_unregister_missing_name_returns_false" file="tests\test_task_producer_protocol.py" line="141" time="0.000" /><testcase classname="tests.test_task_producer_protocol" name="test_reset_registry_clears_all" file="tests\test_task_producer_protocol.py" line="145" time="0.001" /><testcase classname="tests.test_task_producers" name="test_seed_producer_matches_protocol" file="tests\test_task_producers.py" line="68" time="0.001" /><testcase classname="tests.test_task_producers" name="test_fantasy_authorial_producer_matches_protocol" file="tests\test_task_producers.py" line="72" time="0.001" /><testcase classname="tests.test_task_producers" name="test_user_request_producer_matches_protocol" file="tests\test_task_producers.py" line="76" time="0.000" /><testcase classname="tests.test_task_producers" name="test_producer_origins_are_spec_values" file="tests\test_task_producers.py" line="80" time="0.000" /><testcase classname="tests.test_task_producers" name="test_fantasy_init_registers_in_spec_order" file="tests\test_task_producers.py" line="89" time="0.000" /><testcase classname="tests.test_task_producers" name="test_seed_producer_emits_notes_target_for_empty_universe" file="tests\test_task_producers.py" line="98" time="0.114" /><testcase classname="tests.test_task_producers" name="test_seed_producer_reads_premise_from_program_md" file="tests\test_task_producers.py" line="103" time="0.107" /><testcase classname="tests.test_task_producers" name="test_fantasy_authorial_producer_emits_selectable_targets" file="tests\test_task_producers.py" line="111" time="0.111" /><testcase classname="tests.test_task_producers" name="test_user_request_producer_materializes_pending" file="tests\test_task_producers.py" line="118" time="0.090" /><testcase classname="tests.test_task_producers" name="test_dispatcher_stamps_origin_from_producer" file="tests\test_task_producers.py" line="134" time="0.013" /><testcase classname="tests.test_task_producers" name="test_dispatcher_logs_and_skips_failing_producer" file="tests\test_task_producers.py" line="155" time="0.012" /><testcase classname="tests.test_task_producers" name="test_dispatcher_last_write_wins_on_target_id" file="tests\test_task_producers.py" line="183" time="0.011" /><testcase classname="tests.test_task_producers" name="test_choose_authorial_targets_respects_candidate_override" file="tests\test_task_producers.py" line="217" time="0.011" /><testcase classname="tests.test_task_producers" name="test_choose_authorial_targets_without_override_uses_file" file="tests\test_task_producers.py" line="228" time="0.135" /><testcase classname="tests.test_task_producers" name="test_producer_interface_enabled_default_on" file="tests\test_task_producers.py" line="239" time="0.001" /><testcase classname="tests.test_task_producers" name="test_producer_interface_flag_off_values[off]" file="tests\test_task_producers.py" line="244" time="0.001" /><testcase classname="tests.test_task_producers" name="test_producer_interface_flag_off_values[OFF]" file="tests\test_task_producers.py" line="244" time="0.001" /><testcase classname="tests.test_task_producers" name="test_producer_interface_flag_off_values[0]" file="tests\test_task_producers.py" line="244" time="0.001" /><testcase classname="tests.test_task_producers" name="test_producer_interface_flag_off_values[false]" file="tests\test_task_producers.py" line="244" time="0.001" /><testcase classname="tests.test_task_producers" name="test_producer_interface_flag_off_values[no]" file="tests\test_task_producers.py" line="244" time="0.001" /><testcase classname="tests.test_task_producers" name="test_fantasy_universe_cycle_produces_identical_targets_with_flag_on_vs_off" file="tests\test_task_producers.py" line="273" time="0.259" /><testcase classname="tests.test_task_producers" name="test_authorial_review_dispatches_through_producers_when_flag_on" file="tests\test_task_producers.py" line="347" time="0.014" /><testcase classname="tests.test_task_producers" name="test_authorial_review_skips_producers_when_flag_off" file="tests\test_task_producers.py" line="387" time="0.134" /><testcase classname="tests.test_teammate_message.TestPostTeammateMessage" name="test_send_inserts_record" file="tests\test_teammate_message.py" line="37" time="0.044" /><testcase classname="tests.test_teammate_message.TestPostTeammateMessage" name="test_send_returns_unique_message_ids" file="tests\test_teammate_message.py" line="53" time="0.053" /><testcase classname="tests.test_teammate_message.TestPostTeammateMessage" name="test_send_with_reply_to_id" file="tests\test_teammate_message.py" line="71" time="0.054" /><testcase classname="tests.test_teammate_message.TestPostTeammateMessage" name="test_send_requires_from_run_id" file="tests\test_teammate_message.py" line="90" time="0.035" /><testcase classname="tests.test_teammate_message.TestPostTeammateMessage" name="test_send_requires_to_node_id" file="tests\test_teammate_message.py" line="101" time="0.036" /><testcase classname="tests.test_teammate_message.TestPostTeammateMessage" name="test_send_rejects_unknown_message_type" file="tests\test_teammate_message.py" line="112" time="0.038" /><testcase classname="tests.test_teammate_message.TestPostTeammateMessage" name="test_send_rejects_phantom_from_run_id" file="tests\test_teammate_message.py" line="123" time="0.035" /><testcase classname="tests.test_teammate_message.TestPostTeammateMessage" name="test_send_all_valid_message_types" file="tests\test_teammate_message.py" line="134" time="0.098" /><testcase classname="tests.test_teammate_message.TestReadTeammateMessages" name="test_receive_returns_messages_for_node" file="tests\test_teammate_message.py" line="155" time="0.047" /><testcase classname="tests.test_teammate_message.TestReadTeammateMessages" name="test_receive_does_not_return_messages_for_other_nodes" file="tests\test_teammate_message.py" line="168" time="0.050" /><testcase classname="tests.test_teammate_message.TestReadTeammateMessages" name="test_receive_includes_broadcast_messages" file="tests\test_teammate_message.py" line="180" time="0.056" /><testcase classname="tests.test_teammate_message.TestReadTeammateMessages" name="test_receive_no_node_id_returns_all" file="tests\test_teammate_message.py" line="193" time="0.065" /><testcase classname="tests.test_teammate_message.TestReadTeammateMessages" name="test_receive_since_filter" file="tests\test_teammate_message.py" line="206" time="0.080" /><testcase classname="tests.test_teammate_message.TestReadTeammateMessages" name="test_receive_message_types_filter" file="tests\test_teammate_message.py" line="224" time="0.057" /><testcase classname="tests.test_teammate_message.TestReadTeammateMessages" name="test_receive_is_non_destructive" file="tests\test_teammate_message.py" line="240" time="0.054" /><testcase classname="tests.test_teammate_message.TestReadTeammateMessages" name="test_receive_limit_capped_at_1000" file="tests\test_teammate_message.py" line="250" time="0.040" /><testcase classname="tests.test_teammate_message.TestAckTeammateMessage" name="test_ack_marks_message_as_acked" file="tests\test_teammate_message.py" line="260" time="0.057" /><testcase classname="tests.test_teammate_message.TestAckTeammateMessage" name="test_ack_returns_acked_at_timestamp" file="tests\test_teammate_message.py" line="270" time="0.050" /><testcase classname="tests.test_teammate_message.TestAckTeammateMessage" name="test_double_ack_is_idempotent" file="tests\test_teammate_message.py" line="282" time="0.059" /><testcase classname="tests.test_teammate_message.TestAckTeammateMessage" name="test_ack_by_wrong_node_rejected" file="tests\test_teammate_message.py" line="293" time="0.051" /><testcase classname="tests.test_teammate_message.TestAckTeammateMessage" name="test_ack_broadcast_message_by_any_node" file="tests\test_teammate_message.py" line="304" time="0.056" /><testcase classname="tests.test_teammate_message.TestAckTeammateMessage" name="test_ack_nonexistent_message_raises_key_error" file="tests\test_teammate_message.py" line="315" time="0.035" /><testcase classname="tests.test_teammate_message.TestPlanApprovalFlow" name="test_request_response_roundtrip" file="tests\test_teammate_message.py" line="326" time="0.059" /><testcase classname="tests.test_teammate_message.TestMessagingMcpActions" name="test_messaging_send_action" file="tests\test_teammate_message.py" line="360" time="0.047" /><testcase classname="tests.test_teammate_message.TestMessagingMcpActions" name="test_messaging_receive_action" file="tests\test_teammate_message.py" line="375" time="0.050" /><testcase classname="tests.test_teammate_message.TestMessagingMcpActions" name="test_messaging_ack_action" file="tests\test_teammate_message.py" line="390" time="0.051" /><testcase classname="tests.test_teammate_message.TestMessagingMcpActions" name="test_unknown_action_lists_messaging_actions" file="tests\test_teammate_message.py" line="409" time="0.012" /><testcase classname="tests.test_teammate_message.TestMessagingMcpActions" name="test_send_with_bad_body_json_returns_error" file="tests\test_teammate_message.py" line="417" time="0.011" /><testcase classname="tests.test_teammate_message.TestSendMessageSpec" name="test_send_message_spec_writes_row" file="tests\test_teammate_message.py" line="451" time="0.049" /><testcase classname="tests.test_teammate_message.TestSendMessageSpec" name="test_send_message_spec_generates_server_side_message_id" file="tests\test_teammate_message.py" line="467" time="0.048" /><testcase classname="tests.test_teammate_message.TestSendMessageSpec" name="test_send_message_spec_rejects_phantom_run_id" file="tests\test_teammate_message.py" line="482" time="0.035" /><testcase classname="tests.test_teammate_message.TestReceiveMessagesSpec" name="test_receive_messages_spec_returns_matching_rows" file="tests\test_teammate_message.py" line="502" time="0.052" /><testcase classname="tests.test_teammate_message.TestReceiveMessagesSpec" name="test_receive_messages_spec_timeout0_returns_empty_when_no_messages" file="tests\test_teammate_message.py" line="522" time="0.042" /><testcase classname="tests.test_teammate_message.TestReceiveMessagesSpec" name="test_receive_messages_spec_returns_in_step_index_order" file="tests\test_teammate_message.py" line="536" time="0.059" /><testcase classname="tests.test_teammate_message.TestReceiveMessagesSpec" name="test_cross_run_isolation" file="tests\test_teammate_message.py" line="559" time="0.056" /><testcase classname="tests.test_teammate_message.TestSendMessageSpecCompileTimeValidation" name="test_unknown_recipient_raises_at_compile_time" file="tests\test_teammate_message.py" line="590" time="0.012" /><testcase classname="tests.test_text_channel_id_redaction" name="test_build_branch_text_hides_branch_def_id" file="tests\test_text_channel_id_redaction.py" line="74" time="0.119"><failure message="KeyError: 'status'">env = (&lt;module 'tinyassets.universe_server' from 'C:\\Users\\Jonathan\\Projects\\wf-required-test-gate\\tinyassets\\universe...dowsPath('C:/Users/Jonathan/AppData/Local/Temp/pytest-of-Jonathan/pytest-7404/test_build_branch_text_hides_b0/output'))

    def test_build_branch_text_hides_branch_def_id(env):
        us, _ = env
        spec = {
            "name": "phone-friendly",
            "entry_point": "n1",
            "state_schema": [{"name": "x", "type": "str", "default": ""}],
            "node_defs": [{
                "node_id": "n1",
                "display_name": "First node",
                "phase": "custom",
                "prompt_template": "hi",
                "input_keys": [],
                "output_keys": ["x"],
            }],
            "edges": [
                {"from_node": "START", "to_node": "n1"},
                {"from_node": "n1", "to_node": "END"},
            ],
        }
        result = _call(us, "extensions", "build_branch",
                       spec_json=json.dumps(spec))
&gt;       assert result["status"] == "built"
               ^^^^^^^^^^^^^^^^
E       KeyError: 'status'

tests\test_text_channel_id_redaction.py:96: KeyError</failure></testcase><testcase classname="tests.test_text_channel_id_redaction" name="test_patch_branch_text_hides_branch_def_id" file="tests\test_text_channel_id_redaction.py" line="102" time="0.117"><failure message="KeyError: 'branch_def_id'">env = (&lt;module 'tinyassets.universe_server' from 'C:\\Users\\Jonathan\\Projects\\wf-required-test-gate\\tinyassets\\universe...dowsPath('C:/Users/Jonathan/AppData/Local/Temp/pytest-of-Jonathan/pytest-7404/test_patch_branch_text_hides_b0/output'))

    def test_patch_branch_text_hides_branch_def_id(env):
        us, _ = env
&gt;       bid = _build_min_branch(us, name="patch fixture")
              ^^^^^^^^^^^^^^^^^^^^^^^^^^^^^^^^^^^^^^^^^^^

tests\test_text_channel_id_redaction.py:105: 
_ _ _ _ _ _ _ _ _ _ _ _ _ _ _ _ _ _ _ _ _ _ _ _ _ _ _ _ _ _ _ _ _ _ _ _ _ _ _ _

us = &lt;module 'tinyassets.universe_server' from 'C:\\Users\\Jonathan\\Projects\\wf-required-test-gate\\tinyassets\\universe_server.py'&gt;
name = 'patch fixture'

    def _build_min_branch(us, name="id redaction fixture"):
        """Atomic-action branch build — mirrors Phase 3 test helper."""
&gt;       bid = _call(us, "extensions", "create_branch",
                    name=name)["branch_def_id"]
E       KeyError: 'branch_def_id'

tests\test_text_channel_id_redaction.py:41: KeyError</failure></testcase><testcase classname="tests.test_text_channel_id_redaction" name="test_run_branch_text_hides_run_id" file="tests\test_text_channel_id_redaction.py" line="116" time="0.116"><failure message="KeyError: 'branch_def_id'">env = (&lt;module 'tinyassets.universe_server' from 'C:\\Users\\Jonathan\\Projects\\wf-required-test-gate\\tinyassets\\universe...dowsPath('C:/Users/Jonathan/AppData/Local/Temp/pytest-of-Jonathan/pytest-7404/test_run_branch_text_hides_run0/output'))

    def test_run_branch_text_hides_run_id(env):
        us, _ = env
&gt;       bid = _build_min_branch(us)
              ^^^^^^^^^^^^^^^^^^^^^

tests\test_text_channel_id_redaction.py:119: 
_ _ _ _ _ _ _ _ _ _ _ _ _ _ _ _ _ _ _ _ _ _ _ _ _ _ _ _ _ _ _ _ _ _ _ _ _ _ _ _

us = &lt;module 'tinyassets.universe_server' from 'C:\\Users\\Jonathan\\Projects\\wf-required-test-gate\\tinyassets\\universe_server.py'&gt;
name = 'id redaction fixture'

    def _build_min_branch(us, name="id redaction fixture"):
        """Atomic-action branch build — mirrors Phase 3 test helper."""
&gt;       bid = _call(us, "extensions", "create_branch",
                    name=name)["branch_def_id"]
E       KeyError: 'branch_def_id'

tests\test_text_channel_id_redaction.py:41: KeyError</failure></testcase><testcase classname="tests.test_text_channel_id_redaction" name="test_get_run_text_hides_run_id_and_branch_def_id" file="tests\test_text_channel_id_redaction.py" line="127" time="0.117"><failure message="KeyError: 'branch_def_id'">env = (&lt;module 'tinyassets.universe_server' from 'C:\\Users\\Jonathan\\Projects\\wf-required-test-gate\\tinyassets\\universe...dowsPath('C:/Users/Jonathan/AppData/Local/Temp/pytest-of-Jonathan/pytest-7404/test_get_run_text_hides_run_id0/output'))

    def test_get_run_text_hides_run_id_and_branch_def_id(env):
        us, _ = env
&gt;       bid = _build_min_branch(us, name="snapshot fixture")
              ^^^^^^^^^^^^^^^^^^^^^^^^^^^^^^^^^^^^^^^^^^^^^^

tests\test_text_channel_id_redaction.py:130: 
_ _ _ _ _ _ _ _ _ _ _ _ _ _ _ _ _ _ _ _ _ _ _ _ _ _ _ _ _ _ _ _ _ _ _ _ _ _ _ _

us = &lt;module 'tinyassets.universe_server' from 'C:\\Users\\Jonathan\\Projects\\wf-required-test-gate\\tinyassets\\universe_server.py'&gt;
name = 'snapshot fixture'

    def _build_min_branch(us, name="id redaction fixture"):
        """Atomic-action branch build — mirrors Phase 3 test helper."""
&gt;       bid = _call(us, "extensions", "create_branch",
                    name=name)["branch_def_id"]
E       KeyError: 'branch_def_id'

tests\test_text_channel_id_redaction.py:41: KeyError</failure></testcase><testcase classname="tests.test_text_channel_id_redaction" name="test_get_run_output_text_hides_run_id" file="tests\test_text_channel_id_redaction.py" line="140" time="0.123"><failure message="KeyError: 'branch_def_id'">env = (&lt;module 'tinyassets.universe_server' from 'C:\\Users\\Jonathan\\Projects\\wf-required-test-gate\\tinyassets\\universe...dowsPath('C:/Users/Jonathan/AppData/Local/Temp/pytest-of-Jonathan/pytest-7404/test_get_run_output_text_hides0/output'))

    def test_get_run_output_text_hides_run_id(env):
        us, _ = env
&gt;       bid = _build_min_branch(us, name="output fixture")
              ^^^^^^^^^^^^^^^^^^^^^^^^^^^^^^^^^^^^^^^^^^^^

tests\test_text_channel_id_redaction.py:143: 
_ _ _ _ _ _ _ _ _ _ _ _ _ _ _ _ _ _ _ _ _ _ _ _ _ _ _ _ _ _ _ _ _ _ _ _ _ _ _ _

us = &lt;module 'tinyassets.universe_server' from 'C:\\Users\\Jonathan\\Projects\\wf-required-test-gate\\tinyassets\\universe_server.py'&gt;
name = 'output fixture'

    def _build_min_branch(us, name="id redaction fixture"):
        """Atomic-action branch build — mirrors Phase 3 test helper."""
&gt;       bid = _call(us, "extensions", "create_branch",
                    name=name)["branch_def_id"]
E       KeyError: 'branch_def_id'

tests\test_text_channel_id_redaction.py:41: KeyError</failure></testcase><testcase classname="tests.test_text_channel_id_redaction" name="test_judge_run_text_hides_run_id" file="tests\test_text_channel_id_redaction.py" line="156" time="0.118"><failure message="KeyError: 'branch_def_id'">env = (&lt;module 'tinyassets.universe_server' from 'C:\\Users\\Jonathan\\Projects\\wf-required-test-gate\\tinyassets\\universe...dowsPath('C:/Users/Jonathan/AppData/Local/Temp/pytest-of-Jonathan/pytest-7404/test_judge_run_text_hides_run_0/output'))

    def test_judge_run_text_hides_run_id(env):
        us, _ = env
&gt;       bid = _build_min_branch(us, name="judge fixture")
              ^^^^^^^^^^^^^^^^^^^^^^^^^^^^^^^^^^^^^^^^^^^

tests\test_text_channel_id_redaction.py:159: 
_ _ _ _ _ _ _ _ _ _ _ _ _ _ _ _ _ _ _ _ _ _ _ _ _ _ _ _ _ _ _ _ _ _ _ _ _ _ _ _

us = &lt;module 'tinyassets.universe_server' from 'C:\\Users\\Jonathan\\Projects\\wf-required-test-gate\\tinyassets\\universe_server.py'&gt;
name = 'judge fixture'

    def _build_min_branch(us, name="id redaction fixture"):
        """Atomic-action branch build — mirrors Phase 3 test helper."""
&gt;       bid = _call(us, "extensions", "create_branch",
                    name=name)["branch_def_id"]
E       KeyError: 'branch_def_id'

tests\test_text_channel_id_redaction.py:41: KeyError</failure></testcase><testcase classname="tests.test_text_channel_id_redaction" name="test_rollback_node_text_hides_branch_def_id" file="tests\test_text_channel_id_redaction.py" line="171" time="0.136"><failure message="KeyError: 'branch_def_id'">env = (&lt;module 'tinyassets.universe_server' from 'C:\\Users\\Jonathan\\Projects\\wf-required-test-gate\\tinyassets\\universe...dowsPath('C:/Users/Jonathan/AppData/Local/Temp/pytest-of-Jonathan/pytest-7404/test_rollback_node_text_hides_0/output'))

    def test_rollback_node_text_hides_branch_def_id(env):
        us, _ = env
&gt;       bid = _build_min_branch(us, name="rollback fixture")
              ^^^^^^^^^^^^^^^^^^^^^^^^^^^^^^^^^^^^^^^^^^^^^^

tests\test_text_channel_id_redaction.py:174: 
_ _ _ _ _ _ _ _ _ _ _ _ _ _ _ _ _ _ _ _ _ _ _ _ _ _ _ _ _ _ _ _ _ _ _ _ _ _ _ _

us = &lt;module 'tinyassets.universe_server' from 'C:\\Users\\Jonathan\\Projects\\wf-required-test-gate\\tinyassets\\universe_server.py'&gt;
name = 'rollback fixture'

    def _build_min_branch(us, name="id redaction fixture"):
        """Atomic-action branch build — mirrors Phase 3 test helper."""
&gt;       bid = _call(us, "extensions", "create_branch",
                    name=name)["branch_def_id"]
E       KeyError: 'branch_def_id'

tests\test_text_channel_id_redaction.py:41: KeyError</failure></testcase><testcase classname="tests.test_text_channel_id_redaction" name="test_goal_propose_text_hides_goal_id" file="tests\test_text_channel_id_redaction.py" line="188" time="0.126" /><testcase classname="tests.test_text_channel_id_redaction" name="test_goal_bind_text_hides_goal_id_and_branch_def_id" file="tests\test_text_channel_id_redaction.py" line="200" time="0.129"><failure message="KeyError: 'branch_def_id'">env = (&lt;module 'tinyassets.universe_server' from 'C:\\Users\\Jonathan\\Projects\\wf-required-test-gate\\tinyassets\\universe...dowsPath('C:/Users/Jonathan/AppData/Local/Temp/pytest-of-Jonathan/pytest-7404/test_goal_bind_text_hides_goal0/output'))

    def test_goal_bind_text_hides_goal_id_and_branch_def_id(env):
        us, _ = env
        goal = _call(us, "goals", "propose", name="Binding Goal")
        gid = goal["goal"]["goal_id"]
&gt;       bid = _build_min_branch(us, name="bind me")
              ^^^^^^^^^^^^^^^^^^^^^^^^^^^^^^^^^^^^^

tests\test_text_channel_id_redaction.py:205: 
_ _ _ _ _ _ _ _ _ _ _ _ _ _ _ _ _ _ _ _ _ _ _ _ _ _ _ _ _ _ _ _ _ _ _ _ _ _ _ _

us = &lt;module 'tinyassets.universe_server' from 'C:\\Users\\Jonathan\\Projects\\wf-required-test-gate\\tinyassets\\universe_server.py'&gt;
name = 'bind me'

    def _build_min_branch(us, name="id redaction fixture"):
        """Atomic-action branch build — mirrors Phase 3 test helper."""
&gt;       bid = _call(us, "extensions", "create_branch",
                    name=name)["branch_def_id"]
E       KeyError: 'branch_def_id'

tests\test_text_channel_id_redaction.py:41: KeyError</failure></testcase><testcase classname="tests.test_timestamp_lint_run" name="test_rejects_typed_timestamp_future_of_write_time" file="tests\test_timestamp_lint_run.py" line="17" time="0.021" /><testcase classname="tests.test_timestamp_lint_run" name="test_rejects_typed_timestamp_without_z_suffix" file="tests\test_timestamp_lint_run.py" line="34" time="0.021" /><testcase classname="tests.test_timestamp_lint_run" name="test_ignores_prose_and_untyped_source_dates" file="tests\test_timestamp_lint_run.py" line="48" time="0.021" /><testcase classname="tests.test_timestamp_lint_run" name="test_lints_yaml_state_blocks" file="tests\test_timestamp_lint_run.py" line="64" time="0.020" /><testcase classname="tests.test_timestamp_lint_run" name="test_allows_explicit_unknown_sidecar_timestamp" file="tests\test_timestamp_lint_run.py" line="83" time="0.019" /><testcase classname="tests.test_timestamp_lint_run" name="test_cli_returns_nonzero_for_violations" file="tests\test_timestamp_lint_run.py" line="99" time="0.019" /><testcase classname="tests.test_tinyassets_runtime" name="test_discover_domains" file="tests\test_tinyassets_runtime.py" line="19" time="0.023" /><testcase classname="tests.test_tinyassets_runtime" name="test_discover_domains_empty_nonexistent" file="tests\test_tinyassets_runtime.py" line="32" time="0.018" /><testcase classname="tests.test_tinyassets_runtime" name="test_fantasy_author_skill_loadable" file="tests\test_tinyassets_runtime.py" line="46" time="0.001" /><testcase classname="tests.test_tinyassets_runtime" name="test_research_probe_skill_loadable" file="tests\test_tinyassets_runtime.py" line="59" time="0.000" /><testcase classname="tests.test_tinyassets_runtime" name="test_auto_register_populates_registry" file="tests\test_tinyassets_runtime.py" line="77" time="0.036" /><testcase classname="tests.test_tinyassets_runtime" name="test_registry_get_returns_registered_domain" file="tests\test_tinyassets_runtime.py" line="95" time="0.034" /><testcase classname="tests.test_tinyassets_runtime" name="test_registry_get_returns_none_for_missing" file="tests\test_tinyassets_runtime.py" line="112" time="0.001" /><testcase classname="tests.test_tinyassets_runtime" name="test_default_registry_exported" file="tests\test_tinyassets_runtime.py" line="121" time="0.000" /><testcase classname="tests.test_tinyassets_runtime" name="test_create_app_returns_fastapi" file="tests\test_tinyassets_runtime.py" line="138" time="0.001" /><testcase classname="tests.test_tinyassets_runtime" name="test_create_app_with_registry" file="tests\test_tinyassets_runtime.py" line="150" time="0.034" /><testcase classname="tests.test_tinyassets_runtime" name="test_fantasy_daemon_app_export" file="tests\test_tinyassets_runtime.py" line="165" time="0.001" /><testcase classname="tests.test_tinyassets_runtime" name="test_fantasy_daemon_configure_export" file="tests\test_tinyassets_runtime.py" line="173" time="0.000" /><testcase classname="tests.test_tinyassets_runtime" name="test_tinyassets_main_parses" file="tests\test_tinyassets_runtime.py" line="186" time="0.001" /><testcase classname="tests.test_tinyassets_runtime" name="test_tinyassets_main_has_main_function" file="tests\test_tinyassets_runtime.py" line="198" time="0.001" /><testcase classname="tests.test_tinyassets_runtime" name="test_tinyassets_main_has_argparser" file="tests\test_tinyassets_runtime.py" line="213" time="0.001" /><testcase classname="tests.test_tinyassets_runtime" name="test_tinyassets_exports_discovery" file="tests\test_tinyassets_runtime.py" line="235" time="0.000" /><testcase classname="tests.test_tinyassets_runtime" name="test_tinyassets_exports_registry" file="tests\test_tinyassets_runtime.py" line="245" time="0.000" /><testcase classname="tests.test_tinyassets_runtime" name="test_tinyassets_exports_protocols" file="tests\test_tinyassets_runtime.py" line="253" time="0.000" /><testcase classname="tests.test_tinyassets_runtime" name="test_tinyassets_all_exports_complete" file="tests\test_tinyassets_runtime.py" line="261" time="0.000" /><testcase classname="tests.test_tinyassets_runtime" name="test_fantasy_author_domain_implements_protocol" file="tests\test_tinyassets_runtime.py" line="284" time="0.000" /><testcase classname="tests.test_tinyassets_runtime" name="test_research_probe_domain_implements_protocol" file="tests\test_tinyassets_runtime.py" line="309" time="0.000" /><testcase classname="tests.test_tinyassets_runtime" name="test_fantasy_author_config_valid" file="tests\test_tinyassets_runtime.py" line="334" time="0.000" /><testcase classname="tests.test_tinyassets_runtime" name="test_research_probe_config_valid" file="tests\test_tinyassets_runtime.py" line="347" time="0.000" /><testcase classname="tests.test_tinyassets_runtime" name="test_fantasy_author_build_graph_succeeds" file="tests\test_tinyassets_runtime.py" line="360" time="0.003" /><testcase classname="tests.test_tinyassets_runtime" name="test_research_probe_build_graph_succeeds" file="tests\test_tinyassets_runtime.py" line="373" time="0.001" /><testcase classname="tests.test_tinyassets_tray" name="test_start_refuses_unknown_provider" file="tests\test_tinyassets_tray.py" line="114" time="0.031" /><testcase classname="tests.test_tinyassets_tray" name="test_start_allows_duplicate_subscription_provider_with_warning" file="tests\test_tinyassets_tray.py" line="119" time="0.022" /><testcase classname="tests.test_tinyassets_tray" name="test_start_refuses_second_local_provider" file="tests\test_tinyassets_tray.py" line="128" time="0.023" /><testcase classname="tests.test_tinyassets_tray" name="test_start_allows_subscription_alongside_local" file="tests\test_tinyassets_tray.py" line="141" time="0.022" /><testcase classname="tests.test_tinyassets_tray" name="test_kill_closes_log_handle" file="tests\test_tinyassets_tray.py" line="152" time="0.022" /><testcase classname="tests.test_tinyassets_tray" name="test_kill_provider_closes_all_same_provider_handles" file="tests\test_tinyassets_tray.py" line="162" time="0.023" /><testcase classname="tests.test_tinyassets_tray" name="test_kill_all_daemons_closes_every_log" file="tests\test_tinyassets_tray.py" line="173" time="0.024" /><testcase classname="tests.test_tinyassets_tray" name="test_check_health_reaps_dead_daemons" file="tests\test_tinyassets_tray.py" line="184" time="0.023" /><testcase classname="tests.test_tinyassets_tray" name="test_running_providers_filters_dead" file="tests\test_tinyassets_tray.py" line="199" time="0.024" /><testcase classname="tests.test_tinyassets_tray" name="test_hover_text_aggregates_active_providers" file="tests\test_tinyassets_tray.py" line="209" time="0.023" /><testcase classname="tests.test_tinyassets_tray" name="test_hover_text_no_suffix_when_idle" file="tests\test_tinyassets_tray.py" line="218" time="0.022" /><testcase classname="tests.test_tinyassets_tray" name="test_status_text_lists_active_providers" file="tests\test_tinyassets_tray.py" line="223" time="0.022" /><testcase classname="tests.test_tinyassets_tray" name="test_auto_start_reads_preferences" file="tests\test_tinyassets_tray.py" line="234" time="0.023" /><testcase classname="tests.test_tinyassets_tray" name="test_auto_start_respects_disabled_flag" file="tests\test_tinyassets_tray.py" line="243" time="0.024" /><testcase classname="tests.test_tinyassets_tray" name="test_auto_start_drops_unknown_providers" file="tests\test_tinyassets_tray.py" line="251" time="0.023" /><testcase classname="tests.test_tinyassets_tray" name="test_spawn_passes_provider_flag_and_env" file="tests\test_tinyassets_tray.py" line="264" time="0.023" /><testcase classname="tests.test_tinyassets_tray" name="test_spawn_writes_per_provider_log_name" file="tests\test_tinyassets_tray.py" line="284" time="0.024" /><testcase classname="tests.test_tinyassets_tray" name="test_second_same_provider_spawn_writes_distinct_log_name" file="tests\test_tinyassets_tray.py" line="299" time="0.023" /><testcase classname="tests.test_tinyassets_tray" name="test_active_universe_read_from_data_dir" file="tests\test_tinyassets_tray.py" line="319" time="0.024" /><testcase classname="tests.test_tinyassets_tray" name="test_active_universe_falls_back_to_enumeration_in_data_dir" file="tests\test_tinyassets_tray.py" line="326" time="0.024" /><testcase classname="tests.test_tinyassets_tray" name="test_spawn_passes_data_dir_scoped_universe_path" file="tests\test_tinyassets_tray.py" line="356" time="0.027" /><testcase classname="tests.test_tinyassets_tray" name="test_universe_switch_reads_new_marker_from_data_dir" file="tests\test_tinyassets_tray.py" line="370" time="0.036" /><testcase classname="tests.test_tinyassets_tray_watchdog" name="test_start_watchdog_launches_subprocess" file="tests\test_tinyassets_tray_watchdog.py" line="80" time="0.056" /><testcase classname="tests.test_tinyassets_tray_watchdog" name="test_start_watchdog_skips_when_script_missing" file="tests\test_tinyassets_tray_watchdog.py" line="109" time="0.025" /><testcase classname="tests.test_tinyassets_tray_watchdog" name="test_check_health_reflects_watchdog_alive" file="tests\test_tinyassets_tray_watchdog.py" line="138" time="0.009" /><testcase classname="tests.test_tinyassets_tray_watchdog" name="test_check_health_reflects_watchdog_dead" file="tests\test_tinyassets_tray_watchdog.py" line="149" time="0.006" /><testcase classname="tests.test_tinyassets_tray_watchdog" name="test_check_health_watchdog_absent_is_dead" file="tests\test_tinyassets_tray_watchdog.py" line="160" time="0.006" /><testcase classname="tests.test_tinyassets_tray_watchdog" name="test_kill_all_terminates_watchdog" file="tests\test_tinyassets_tray_watchdog.py" line="174" time="0.007" /><testcase classname="tests.test_tinyassets_tray_watchdog" name="test_kill_all_survives_watchdog_timeout" file="tests\test_tinyassets_tray_watchdog.py" line="187" time="0.007" /><testcase classname="tests.test_tinyassets_tray_watchdog" name="test_status_text_includes_watchdog_running" file="tests\test_tinyassets_tray_watchdog.py" line="205" time="0.006" /><testcase classname="tests.test_tinyassets_tray_watchdog" name="test_status_text_includes_watchdog_stopped" file="tests\test_tinyassets_tray_watchdog.py" line="210" time="0.006" /><testcase classname="tests.test_tinyassets_tray_watchdog" name="test_manager_init_exposes_watchdog_attribute" file="tests\test_tinyassets_tray_watchdog.py" line="220" time="0.007" /><testcase classname="tests.test_tray_preferences" name="test_missing_file_returns_defaults" file="tests\test_tray_preferences.py" line="22" time="0.012" /><testcase classname="tests.test_tray_preferences" name="test_malformed_file_returns_defaults" file="tests\test_tray_preferences.py" line="31" time="0.012" /><testcase classname="tests.test_tray_preferences" name="test_malformed_types_fall_back_per_key" file="tests\test_tray_preferences.py" line="38" time="0.020" /><testcase classname="tests.test_tray_preferences" name="test_save_round_trip" file="tests\test_tray_preferences.py" line="50" time="0.022" /><testcase classname="tests.test_tray_preferences" name="test_save_creates_parent_directory" file="tests\test_tray_preferences.py" line="67" time="0.014" /><testcase classname="tests.test_tray_preferences" name="test_save_atomic_no_tmp_leftover" file="tests\test_tray_preferences.py" line="75" time="0.012" /><testcase classname="tests.test_tray_preferences" name="test_save_unknown_keys_dropped" file="tests\test_tray_preferences.py" line="84" time="0.020" /><testcase classname="tests.test_tray_preferences" name="test_cache_hit_avoids_disk" file="tests\test_tray_preferences.py" line="97" time="0.023" /><testcase classname="tests.test_tray_preferences" name="test_provider_constants_cover_router_chain" file="tests\test_tray_preferences.py" line="111" time="0.012" /><testcase classname="tests.test_tray_singleton" name="test_clean_acquire_writes_pid" file="tests\test_tray_singleton.py" line="14" time="0.013" /><testcase classname="tests.test_tray_singleton" name="test_second_acquire_fails_while_first_holds" file="tests\test_tray_singleton.py" line="30" time="0.013" /><testcase classname="tests.test_tray_singleton" name="test_release_lets_next_acquire_succeed" file="tests\test_tray_singleton.py" line="43" time="0.013" /><testcase classname="tests.test_tray_singleton" name="test_stale_lock_file_reclaims_when_os_lock_free" file="tests\test_tray_singleton.py" line="56" time="0.014" /><testcase classname="tests.test_tray_singleton" name="test_release_on_unacquired_is_safe" file="tests\test_tray_singleton.py" line="76" time="0.001" /><testcase classname="tests.test_tray_singleton" name="test_existing_pid_none_on_missing_pid_sidecar" file="tests\test_tray_singleton.py" line="90" time="0.013" /><testcase classname="tests.test_tray_singleton" name="test_pid_alive_on_self" file="tests\test_tray_singleton.py" line="112" time="0.001" /><testcase classname="tests.test_tray_singleton" name="test_pid_alive_on_dead_pid" file="tests\test_tray_singleton.py" line="117" time="0.000" /><testcase classname="tests.test_tray_singleton" name="test_pid_alive_rejects_zero_and_negative" file="tests\test_tray_singleton.py" line="126" time="0.000" /><testcase classname="tests.test_treasury_distribution.TestComputeTake" name="test_one_percent_of_one_token" file="tests\test_treasury_distribution.py" line="20" time="0.000" /><testcase classname="tests.test_treasury_distribution.TestComputeTake" name="test_default_rate" file="tests\test_treasury_distribution.py" line="24" time="0.000" /><testcase classname="tests.test_treasury_distribution.TestComputeTake" name="test_zero_amount" file="tests\test_treasury_distribution.py" line="27" time="0.000" /><testcase classname="tests.test_treasury_distribution.TestComputeTake" name="test_zero_rate" file="tests\test_treasury_distribution.py" line="30" time="0.000" /><testcase classname="tests.test_treasury_distribution.TestComputeTake" name="test_full_rate" file="tests\test_treasury_distribution.py" line="33" time="0.000" /><testcase classname="tests.test_treasury_distribution.TestComputeTake" name="test_floor_division_small" file="tests\test_treasury_distribution.py" line="37" time="0.000" /><testcase classname="tests.test_treasury_distribution.TestComputeTake" name="test_floor_division_99" file="tests\test_treasury_distribution.py" line="41" time="0.000" /><testcase classname="tests.test_treasury_distribution.TestComputeTake" name="test_floor_division_100" file="tests\test_treasury_distribution.py" line="45" time="0.000" /><testcase classname="tests.test_treasury_distribution.TestComputeTake" name="test_negative_amount_raises" file="tests\test_treasury_distribution.py" line="49" time="0.000" /><testcase classname="tests.test_treasury_distribution.TestComputeTake" name="test_negative_rate_raises" file="tests\test_treasury_distribution.py" line="53" time="0.001" /><testcase classname="tests.test_treasury_distribution.TestComputeTake" name="test_large_amount" file="tests\test_treasury_distribution.py" line="57" time="0.000" /><testcase classname="tests.test_treasury_distribution.TestNetAfterTake" name="test_standard" file="tests\test_treasury_distribution.py" line="65" time="0.001" /><testcase classname="tests.test_treasury_distribution.TestNetAfterTake" name="test_invariant_sum" file="tests\test_treasury_distribution.py" line="68" time="0.000" /><testcase classname="tests.test_treasury_distribution.TestNetAfterTake" name="test_zero" file="tests\test_treasury_distribution.py" line="72" time="0.000" /><testcase classname="tests.test_treasury_distribution.TestNetAfterTake" name="test_full_rate_leaves_nothing" file="tests\test_treasury_distribution.py" line="75" time="0.000" /><testcase classname="tests.test_treasury_distribution.TestComputeBountyAllocation" name="test_fifty_percent_of_take" file="tests\test_treasury_distribution.py" line="82" time="0.000" /><testcase classname="tests.test_treasury_distribution.TestComputeBountyAllocation" name="test_default_pool_share" file="tests\test_treasury_distribution.py" line="86" time="0.000" /><testcase classname="tests.test_treasury_distribution.TestComputeBountyAllocation" name="test_zero_take" file="tests\test_treasury_distribution.py" line="91" time="0.000" /><testcase classname="tests.test_treasury_distribution.TestComputeBountyAllocation" name="test_zero_pool_share" file="tests\test_treasury_distribution.py" line="94" time="0.000" /><testcase classname="tests.test_treasury_distribution.TestComputeBountyAllocation" name="test_full_pool_share" file="tests\test_treasury_distribution.py" line="97" time="0.000" /><testcase classname="tests.test_treasury_distribution.TestComputeBountyAllocation" name="test_floor_division" file="tests\test_treasury_distribution.py" line="100" time="0.000" /><testcase classname="tests.test_treasury_distribution.TestComputeBountyAllocation" name="test_negative_take_raises" file="tests\test_treasury_distribution.py" line="104" time="0.001" /><testcase classname="tests.test_treasury_distribution.TestComputeBountyAllocation" name="test_pool_share_above_10000_raises" file="tests\test_treasury_distribution.py" line="108" time="0.001" /><testcase classname="tests.test_treasury_distribution.TestComputeBountyAllocation" name="test_pool_share_negative_raises" file="tests\test_treasury_distribution.py" line="112" time="0.000" /><testcase classname="tests.test_treasury_distribution.TestComputeTreasuryRetained" name="test_fifty_percent_retained" file="tests\test_treasury_distribution.py" line="120" time="0.000" /><testcase classname="tests.test_treasury_distribution.TestComputeTreasuryRetained" name="test_invariant_bounty_plus_retained_eq_take" file="tests\test_treasury_distribution.py" line="124" time="0.000" /><testcase classname="tests.test_treasury_distribution.TestComputeTreasuryRetained" name="test_zero_take" file="tests\test_treasury_distribution.py" line="130" time="0.000" /><testcase classname="tests.test_treasury_distribution.TestComputeRoyaltyShare" name="test_ten_percent" file="tests\test_treasury_distribution.py" line="137" time="0.000" /><testcase classname="tests.test_treasury_distribution.TestComputeRoyaltyShare" name="test_zero_share" file="tests\test_treasury_distribution.py" line="140" time="0.000" /><testcase classname="tests.test_treasury_distribution.TestComputeRoyaltyShare" name="test_full_share" file="tests\test_treasury_distribution.py" line="143" time="0.000" /><testcase classname="tests.test_treasury_distribution.TestComputeRoyaltyShare" name="test_floor_division" file="tests\test_treasury_distribution.py" line="146" time="0.001" /><testcase classname="tests.test_treasury_distribution.TestComputeRoyaltyShare" name="test_negative_amount_raises" file="tests\test_treasury_distribution.py" line="150" time="0.001" /><testcase classname="tests.test_treasury_distribution.TestComputeRoyaltyShare" name="test_share_above_one_raises" file="tests\test_treasury_distribution.py" line="154" time="0.001" /><testcase classname="tests.test_treasury_distribution.TestComputeRoyaltyShare" name="test_share_negative_raises" file="tests\test_treasury_distribution.py" line="158" time="0.000" /><testcase classname="tests.test_treasury_distribution.TestComputeRoyaltyShare" name="test_sub_cent_settlement" file="tests\test_treasury_distribution.py" line="162" time="0.000" /><testcase classname="tests.test_treasury_distribution.TestComputeRoyaltyShare" name="test_realistic_scenario" file="tests\test_treasury_distribution.py" line="166" time="0.000" /><testcase classname="tests.test_treasury_distribution.TestSplitTake" name="test_invariant_sums_to_amount" file="tests\test_treasury_distribution.py" line="176" time="0.000" /><testcase classname="tests.test_treasury_distribution.TestSplitTake" name="test_standard_split" file="tests\test_treasury_distribution.py" line="181" time="0.000" /><testcase classname="tests.test_treasury_distribution.TestSplitTake" name="test_zero_amount" file="tests\test_treasury_distribution.py" line="188" time="0.000" /><testcase classname="tests.test_treasury_distribution.TestSplitTake" name="test_all_values_nonnegative" file="tests\test_treasury_distribution.py" line="192" time="0.000" /><testcase classname="tests.test_treasury_distribution.TestSplitTake" name="test_invariant_across_many_amounts" file="tests\test_treasury_distribution.py" line="199" time="0.000" /><testcase classname="tests.test_treasury_distribution.TestSplitTake" name="test_custom_rates" file="tests\test_treasury_distribution.py" line="204" time="0.000" /><testcase classname="tests.test_treasury_schema.TestTreasuryEntry" name="test_from_row_round_trip" file="tests\test_treasury_schema.py" line="76" time="0.000" /><testcase classname="tests.test_treasury_schema.TestTreasuryEntry" name="test_treasury_retained" file="tests\test_treasury_schema.py" line="84" time="0.000" /><testcase classname="tests.test_treasury_schema.TestTreasuryEntry" name="test_treasury_retained_all_to_bounty" file="tests\test_treasury_schema.py" line="88" time="0.000" /><testcase classname="tests.test_treasury_schema.TestTreasuryEntry" name="test_bounty_share_exceeds_fee_raises" file="tests\test_treasury_schema.py" line="92" time="0.001" /><testcase classname="tests.test_treasury_schema.TestTreasuryEntry" name="test_negative_amount_raises" file="tests\test_treasury_schema.py" line="96" time="0.001" /><testcase classname="tests.test_treasury_schema.TestTreasuryEntry" name="test_negative_fee_raises" file="tests\test_treasury_schema.py" line="100" time="0.001" /><testcase classname="tests.test_treasury_schema.TestTreasuryEntry" name="test_defaults_missing_optional" file="tests\test_treasury_schema.py" line="104" time="0.000" /><testcase classname="tests.test_treasury_schema.TestBountyAllocation" name="test_from_row_round_trip" file="tests\test_treasury_schema.py" line="121" time="0.000" /><testcase classname="tests.test_treasury_schema.TestBountyAllocation" name="test_remaining" file="tests\test_treasury_schema.py" line="128" time="0.000" /><testcase classname="tests.test_treasury_schema.TestBountyAllocation" name="test_disbursed_exceeds_allocated_raises" file="tests\test_treasury_schema.py" line="132" time="0.001" /><testcase classname="tests.test_treasury_schema.TestBountyAllocation" name="test_invalid_status_raises" file="tests\test_treasury_schema.py" line="136" time="0.001" /><testcase classname="tests.test_treasury_schema.TestBountyAllocation" name="test_valid_statuses" file="tests\test_treasury_schema.py" line="140" time="0.000" /><testcase classname="tests.test_treasury_schema.TestBountyAllocation" name="test_remaining_fully_disbursed" file="tests\test_treasury_schema.py" line="145" time="0.000" /><testcase classname="tests.test_treasury_schema.TestRoyaltyPayment" name="test_from_row_round_trip" file="tests\test_treasury_schema.py" line="153" time="0.000" /><testcase classname="tests.test_treasury_schema.TestRoyaltyPayment" name="test_royalty_exceeds_gross_raises" file="tests\test_treasury_schema.py" line="161" time="0.001" /><testcase classname="tests.test_treasury_schema.TestRoyaltyPayment" name="test_royalty_share_above_one_raises" file="tests\test_treasury_schema.py" line="165" time="0.001" /><testcase classname="tests.test_treasury_schema.TestRoyaltyPayment" name="test_royalty_share_negative_raises" file="tests\test_treasury_schema.py" line="169" time="0.000" /><testcase classname="tests.test_treasury_schema.TestRoyaltyPayment" name="test_invalid_artifact_kind_raises" file="tests\test_treasury_schema.py" line="173" time="0.001" /><testcase classname="tests.test_treasury_schema.TestRoyaltyPayment" name="test_invalid_status_raises" file="tests\test_treasury_schema.py" line="177" time="0.000" /><testcase classname="tests.test_treasury_schema.TestRoyaltyPayment" name="test_valid_artifact_kinds" file="tests\test_treasury_schema.py" line="181" time="0.000" /><testcase classname="tests.test_treasury_schema.TestRoyaltyPayment" name="test_zero_royalty_share" file="tests\test_treasury_schema.py" line="186" time="0.000" /><testcase classname="tests.test_treasury_schema.TestRoyaltyPayment" name="test_defaults_missing_optional" file="tests\test_treasury_schema.py" line="190" time="0.000" /><testcase classname="tests.test_treasury_schema.TestMigrateTreasurySchema" name="test_tables_created" file="tests\test_treasury_schema.py" line="210" time="0.001" /><testcase classname="tests.test_treasury_schema.TestMigrateTreasurySchema" name="test_idempotent_double_call" file="tests\test_treasury_schema.py" line="220" time="0.001" /><testcase classname="tests.test_treasury_schema.TestMigrateTreasurySchema" name="test_idempotent_ten_calls" file="tests\test_treasury_schema.py" line="228" time="0.001" /><testcase classname="tests.test_treasury_schema.TestDDLIntegration" name="test_insert_treasury_balance" file="tests\test_treasury_schema.py" line="240" time="0.001" /><testcase classname="tests.test_treasury_schema.TestDDLIntegration" name="test_insert_bounty_pool" file="tests\test_treasury_schema.py" line="253" time="0.001" /><testcase classname="tests.test_treasury_schema.TestDDLIntegration" name="test_insert_royalty_payout" file="tests\test_treasury_schema.py" line="272" time="0.001" /><testcase classname="tests.test_treasury_schema.TestDDLIntegration" name="test_negative_amount_rejected" file="tests\test_treasury_schema.py" line="286" time="0.001" /><testcase classname="tests.test_treasury_schema.TestDDLIntegration" name="test_invalid_status_rejected" file="tests\test_treasury_schema.py" line="295" time="0.001" /><testcase classname="tests.test_treasury_schema.TestDDLIntegration" name="test_take_rate_log_autoincrement" file="tests\test_treasury_schema.py" line="304" time="0.001" /><testcase classname="tests.test_treasury_schema.TestDDLIntegration" name="test_treasury_roundtrip_via_from_row" file="tests\test_treasury_schema.py" line="316" time="0.001" /><testcase classname="tests.test_treasury_status" name="test_treasury_status_reads_cost_ledger_without_writing" file="tests\test_treasury_status.py" line="18" time="0.051" /><testcase classname="tests.test_treasury_status" name="test_treasury_status_missing_database_is_empty_and_does_not_create" file="tests\test_treasury_status.py" line="89" time="0.012" /><testcase classname="tests.test_triage_classify" name="test_classify_env_unreadable_marker" file="tests\test_triage_classify.py" line="24" time="0.001" /><testcase classname="tests.test_triage_classify" name="test_env_unreadable_wins_over_compose_cascade" file="tests\test_triage_classify.py" line="38" time="0.000" /><testcase classname="tests.test_triage_classify" name="test_execstartpre_marker_text_does_not_mask_disk_full" file="tests\test_triage_classify.py" line="54" time="0.001" /><testcase classname="tests.test_triage_classify" name="test_classify_oom_kernel_killer" file="tests\test_triage_classify.py" line="71" time="0.001" /><testcase classname="tests.test_triage_classify" name="test_classify_oom_container_oomkilled" file="tests\test_triage_classify.py" line="82" time="0.000" /><testcase classname="tests.test_triage_classify" name="test_classify_oom_cgroup_variant" file="tests\test_triage_classify.py" line="91" time="0.000" /><testcase classname="tests.test_triage_classify" name="test_classify_disk_full_root" file="tests\test_triage_classify.py" line="100" time="0.000" /><testcase classname="tests.test_triage_classify" name="test_classify_disk_full_var_lib_docker" file="tests\test_triage_classify.py" line="112" time="0.000" /><testcase classname="tests.test_triage_classify" name="test_classify_disk_full_exactly_90_percent" file="tests\test_triage_classify.py" line="121" time="0.001" /><testcase classname="tests.test_triage_classify" name="test_disk_not_full_below_threshold" file="tests\test_triage_classify.py" line="127" time="0.001" /><testcase classname="tests.test_triage_classify" name="test_disk_not_full_wrong_mountpoint" file="tests\test_triage_classify.py" line="137" time="0.000" /><testcase classname="tests.test_triage_classify" name="test_classify_image_pull_manifest_not_found" file="tests\test_triage_classify.py" line="152" time="0.001" /><testcase classname="tests.test_triage_classify" name="test_classify_image_pull_manifest_unknown" file="tests\test_triage_classify.py" line="163" time="0.000" /><testcase classname="tests.test_triage_classify" name="test_classify_image_pull_access_denied" file="tests\test_triage_classify.py" line="169" time="0.001" /><testcase classname="tests.test_triage_classify" name="test_classify_image_pull_head_request" file="tests\test_triage_classify.py" line="175" time="0.000" /><testcase classname="tests.test_triage_classify" name="test_classify_tunnel_token_unauthorized" file="tests\test_triage_classify.py" line="184" time="0.000" /><testcase classname="tests.test_triage_classify" name="test_classify_tunnel_token_authentication_failed" file="tests\test_triage_classify.py" line="198" time="0.000" /><testcase classname="tests.test_triage_classify" name="test_classify_tunnel_token_unauthorized_error_camelcase" file="tests\test_triage_classify.py" line="204" time="0.000" /><testcase classname="tests.test_triage_classify" name="test_classify_tunnel_token_priority_beats_image_pull" file="tests\test_triage_classify.py" line="210" time="0.000" /><testcase classname="tests.test_triage_classify" name="test_classify_watchdog_hotloop_start_limit_hit" file="tests\test_triage_classify.py" line="226" time="0.001" /><testcase classname="tests.test_triage_classify" name="test_classify_watchdog_start_request_repeated" file="tests\test_triage_classify.py" line="239" time="0.000" /><testcase classname="tests.test_triage_classify" name="test_classify_unknown_falls_through" file="tests\test_triage_classify.py" line="251" time="0.001" /><testcase classname="tests.test_triage_classify" name="test_classify_empty_input_is_unknown" file="tests\test_triage_classify.py" line="263" time="0.000" /><testcase classname="tests.test_triage_classify" name="test_classify_whitespace_only_is_unknown" file="tests\test_triage_classify.py" line="268" time="0.000" /><testcase classname="tests.test_triage_classify" name="test_evidence_truncates_past_200_chars" file="tests\test_triage_classify.py" line="276" time="0.000" /><testcase classname="tests.test_triage_classify" name="test_evidence_strips_newlines_for_single_line_log" file="tests\test_triage_classify.py" line="289" time="0.000" /><testcase classname="tests.test_triage_classify" name="test_main_reads_from_stdin_and_emits_json" file="tests\test_triage_classify.py" line="298" time="0.001"><failure message="json.decoder.JSONDecodeError: Expecting value: line 1 column 1 (char 0)">def test_main_reads_from_stdin_and_emits_json():
        proc = subprocess.run(
            [sys.executable, str(_SCRIPTS / "triage_classify.py")],
            input="ENV-UNREADABLE: /etc/tinyassets/env",
            capture_output=True,
            text=True,
            timeout=10,
        )
        assert proc.returncode == 0, f"exit {proc.returncode}: {proc.stderr}"
&gt;       result = json.loads(proc.stdout)
                 ^^^^^^^^^^^^^^^^^^^^^^^

tests\test_triage_classify.py:308: 
_ _ _ _ _ _ _ _ _ _ _ _ _ _ _ _ _ _ _ _ _ _ _ _ _ _ _ _ _ _ _ _ _ _ _ _ _ _ _ _
C:\Python314\Lib\json\__init__.py:352: in loads
    return _default_decoder.decode(s)
           ^^^^^^^^^^^^^^^^^^^^^^^^^^
C:\Python314\Lib\json\decoder.py:345: in decode
    obj, end = self.raw_decode(s, idx=_w(s, 0).end())
               ^^^^^^^^^^^^^^^^^^^^^^^^^^^^^^^^^^^^^^
_ _ _ _ _ _ _ _ _ _ _ _ _ _ _ _ _ _ _ _ _ _ _ _ _ _ _ _ _ _ _ _ _ _ _ _ _ _ _ _

self = &lt;json.decoder.JSONDecoder object at 0x0000018DC2D5B0E0&gt;
s = 'https://github.com/x/x/pull/99\n', idx = 0

    def raw_decode(self, s, idx=0):
        """Decode a JSON document from ``s`` (a ``str`` beginning with
        a JSON document) and return a 2-tuple of the Python
        representation and the index in ``s`` where the document ended.
    
        This can be used to decode a JSON document from a string that may
        have extraneous data at the end.
    
        """
        try:
            obj, end = self.scan_once(s, idx)
        except StopIteration as err:
&gt;           raise JSONDecodeError("Expecting value", s, err.value) from None
E           json.decoder.JSONDecodeError: Expecting value: line 1 column 1 (char 0)

C:\Python314\Lib\json\decoder.py:363: JSONDecodeError</failure></testcase><testcase classname="tests.test_triage_classify" name="test_main_reads_from_input_file" file="tests\test_triage_classify.py" line="312" time="0.013"><failure message="json.decoder.JSONDecodeError: Expecting value: line 1 column 1 (char 0)">tmp_path = WindowsPath('C:/Users/Jonathan/AppData/Local/Temp/pytest-of-Jonathan/pytest-7404/test_main_reads_from_input_fil0')

    def test_main_reads_from_input_file(tmp_path):
        diag_file = tmp_path / "diag.txt"
        diag_file.write_text(
            "Out of memory: Killed process 12345 (python)\n",
            encoding="utf-8",
        )
        proc = subprocess.run(
            [
                sys.executable,
                str(_SCRIPTS / "triage_classify.py"),
                "--input-file",
                str(diag_file),
            ],
            capture_output=True,
            text=True,
            timeout=10,
        )
        assert proc.returncode == 0
&gt;       result = json.loads(proc.stdout)
                 ^^^^^^^^^^^^^^^^^^^^^^^

tests\test_triage_classify.py:331: 
_ _ _ _ _ _ _ _ _ _ _ _ _ _ _ _ _ _ _ _ _ _ _ _ _ _ _ _ _ _ _ _ _ _ _ _ _ _ _ _
C:\Python314\Lib\json\__init__.py:352: in loads
    return _default_decoder.decode(s)
           ^^^^^^^^^^^^^^^^^^^^^^^^^^
C:\Python314\Lib\json\decoder.py:345: in decode
    obj, end = self.raw_decode(s, idx=_w(s, 0).end())
               ^^^^^^^^^^^^^^^^^^^^^^^^^^^^^^^^^^^^^^
_ _ _ _ _ _ _ _ _ _ _ _ _ _ _ _ _ _ _ _ _ _ _ _ _ _ _ _ _ _ _ _ _ _ _ _ _ _ _ _

self = &lt;json.decoder.JSONDecoder object at 0x0000018DC2D5B0E0&gt;
s = 'https://github.com/x/x/pull/99\n', idx = 0

    def raw_decode(self, s, idx=0):
        """Decode a JSON document from ``s`` (a ``str`` beginning with
        a JSON document) and return a 2-tuple of the Python
        representation and the index in ``s`` where the document ended.
    
        This can be used to decode a JSON document from a string that may
        have extraneous data at the end.
    
        """
        try:
            obj, end = self.scan_once(s, idx)
        except StopIteration as err:
&gt;           raise JSONDecodeError("Expecting value", s, err.value) from None
E           json.decoder.JSONDecodeError: Expecting value: line 1 column 1 (char 0)

C:\Python314\Lib\json\decoder.py:363: JSONDecodeError</failure></testcase><testcase classname="tests.test_triage_classify" name="test_main_exit_2_when_input_file_missing" file="tests\test_triage_classify.py" line="334" time="0.012"><failure message="AssertionError: assert 0 == 2&#10; +  where 0 = namespace(returncode=0, stdout='https://github.com/x/x/pull/99\n', stderr='').returncode">tmp_path = WindowsPath('C:/Users/Jonathan/AppData/Local/Temp/pytest-of-Jonathan/pytest-7404/test_main_exit_2_when_input_fi0')

    def test_main_exit_2_when_input_file_missing(tmp_path):
        proc = subprocess.run(
            [
                sys.executable,
                str(_SCRIPTS / "triage_classify.py"),
                "--input-file",
                str(tmp_path / "does-not-exist.txt"),
            ],
            capture_output=True,
            text=True,
            timeout=10,
        )
&gt;       assert proc.returncode == 2
E       AssertionError: assert 0 == 2
E        +  where 0 = namespace(returncode=0, stdout='https://github.com/x/x/pull/99\n', stderr='').returncode

tests\test_triage_classify.py:347: AssertionError</failure></testcase><testcase classname="tests.test_triage_classify" name="test_priority_order_env_unreadable_beats_oom" file="tests\test_triage_classify.py" line="352" time="0.001" /><testcase classname="tests.test_triage_classify" name="test_priority_order_tunnel_beats_disk_full" file="tests\test_triage_classify.py" line="360" time="0.000" /><testcase classname="tests.test_triage_classify" name="test_priority_order_oom_beats_image_pull" file="tests\test_triage_classify.py" line="372" time="0.000" /><testcase classname="tests.test_triage_classify_provider_exhaustion.TestProviderExhaustionRecognition" name="test_standard_commit_revert_fires" file="tests\test_triage_classify_provider_exhaustion.py" line="38" time="0.001" /><testcase classname="tests.test_triage_classify_provider_exhaustion.TestProviderExhaustionRecognition" name="test_commit_reverting_draft_provider_failed_fires" file="tests\test_triage_classify_provider_exhaustion.py" line="45" time="0.001" /><testcase classname="tests.test_triage_classify_provider_exhaustion.TestProviderExhaustionRecognition" name="test_legacy_bare_score_revert_fires" file="tests\test_triage_classify_provider_exhaustion.py" line="53" time="0.001" /><testcase classname="tests.test_triage_classify_provider_exhaustion.TestProviderExhaustionRecognition" name="test_explicit_critical_canary_signal_fires" file="tests\test_triage_classify_provider_exhaustion.py" line="58" time="0.000" /><testcase classname="tests.test_triage_classify_provider_exhaustion.TestSignalDiscipline" name="test_draft_failed_alone_does_not_classify_as_provider_exhaustion" file="tests\test_triage_classify_provider_exhaustion.py" line="70" time="0.000" /><testcase classname="tests.test_triage_classify_provider_exhaustion.TestSignalDiscipline" name="test_all_providers_exhausted_alone_does_not_classify" file="tests\test_triage_classify_provider_exhaustion.py" line="81" time="0.001" /><testcase classname="tests.test_triage_classify_provider_exhaustion.TestSignalDiscipline" name="test_keep_verdicts_stay_unknown" file="tests\test_triage_classify_provider_exhaustion.py" line="91" time="0.000" /><testcase classname="tests.test_triage_classify_provider_exhaustion.TestPriorityOrdering" name="test_env_unreadable_beats_provider_exhaustion" file="tests\test_triage_classify_provider_exhaustion.py" line="105" time="0.000" /><testcase classname="tests.test_triage_classify_provider_exhaustion.TestPriorityOrdering" name="test_tunnel_token_beats_provider_exhaustion" file="tests\test_triage_classify_provider_exhaustion.py" line="113" time="0.000" /><testcase classname="tests.test_triage_classify_provider_exhaustion.TestPriorityOrdering" name="test_provider_exhaustion_beats_disk_full" file="tests\test_triage_classify_provider_exhaustion.py" line="119" time="0.001" /><testcase classname="tests.test_triage_classify_provider_exhaustion.TestPriorityOrdering" name="test_provider_exhaustion_beats_oom" file="tests\test_triage_classify_provider_exhaustion.py" line="130" time="0.001" /><testcase classname="tests.test_triage_classify_provider_exhaustion.TestPriorityOrdering" name="test_stale_provider_history_does_not_mask_current_disk_full" file="tests\test_triage_classify_provider_exhaustion.py" line="139" time="0.001" /><testcase classname="tests.test_triage_classify_provider_exhaustion.TestPriorityOrdering" name="test_disk_full_still_wins_without_revert" file="tests\test_triage_classify_provider_exhaustion.py" line="148" time="0.000" /><testcase classname="tests.test_triage_classify_provider_exhaustion.TestPriorityOrdering" name="test_oom_still_wins_without_revert" file="tests\test_triage_classify_provider_exhaustion.py" line="152" time="0.000" /><testcase classname="tests.test_triage_classify_provider_exhaustion.TestProviderExhaustionContractShape" name="test_evidence_excerpt_contains_match" file="tests\test_triage_classify_provider_exhaustion.py" line="158" time="0.001" /><testcase classname="tests.test_triage_classify_provider_exhaustion.TestProviderExhaustionContractShape" name="test_description_names_repair_shape" file="tests\test_triage_classify_provider_exhaustion.py" line="167" time="0.001" /><testcase classname="tests.test_triage_classify_provider_exhaustion.TestSanityUnchanged" name="test_oom_no_revert_still_oom" file="tests\test_triage_classify_provider_exhaustion.py" line="179" time="0.000" /><testcase classname="tests.test_triage_classify_provider_exhaustion.TestSanityUnchanged" name="test_unknown_still_fires_when_nothing_matches" file="tests\test_triage_classify_provider_exhaustion.py" line="183" time="0.000" /><testcase classname="tests.test_triage_classify_provider_exhaustion.TestSanityUnchanged" name="test_image_pull_failure_unchanged" file="tests\test_triage_classify_provider_exhaustion.py" line="187" time="0.000" /><testcase classname="tests.test_triage_classify_provider_exhaustion.TestSanityUnchanged" name="test_watchdog_hotloop_unchanged" file="tests\test_triage_classify_provider_exhaustion.py" line="193" time="0.000" /><testcase classname="tests.test_trim_to_budget.TestTrimListsReducesBundle" name="test_200_canon_facts_trimmed_below_budget" file="tests\test_trim_to_budget.py" line="28" time="0.004" /><testcase classname="tests.test_trim_to_budget.TestTrimListsReducesBundle" name="test_list_trim_shrinks_multiple_list_fields" file="tests\test_trim_to_budget.py" line="59" time="0.010" /><testcase classname="tests.test_trim_to_budget.TestTrimCharacterDict" name="test_aggressive_pass_strips_verbose_character_fields" file="tests\test_trim_to_budget.py" line="83" time="0.003" /><testcase classname="tests.test_trim_to_budget.TestTrimRaisesOnIrreducibleOverflow" name="test_raises_when_single_field_dominates_irreducibly" file="tests\test_trim_to_budget.py" line="116" time="0.003" /><testcase classname="tests.test_trim_to_budget.TestTrimUnderBudgetIsNoOp" name="test_already_under_budget_returns_bundle_unchanged" file="tests\test_trim_to_budget.py" line="143" time="0.003" /><testcase classname="tests.test_trim_to_budget.TestEstimateBundleTokens" name="test_empty_bundle" file="tests\test_trim_to_budget.py" line="163" time="0.000" /><testcase classname="tests.test_trim_to_budget.TestEstimateBundleTokens" name="test_scalar_values" file="tests\test_trim_to_budget.py" line="166" time="0.000" /><testcase classname="tests.test_trim_to_budget.TestEstimateBundleTokens" name="test_large_string_field_counted" file="tests\test_trim_to_budget.py" line="172" time="0.000" /><testcase classname="tests.test_twitter_post_effector" name="test_package_exports_twitter_post_effector" file="tests\test_twitter_post_effector.py" line="48" time="0.000" /><testcase classname="tests.test_twitter_post_effector" name="test_twitter_post_dry_run_env_returns_would_post_before_network" file="tests\test_twitter_post_effector.py" line="53" time="0.012" /><testcase classname="tests.test_twitter_post_effector" name="test_twitter_post_authority_denied_fails_closed" file="tests\test_twitter_post_effector.py" line="75" time="0.033" /><testcase classname="tests.test_twitter_post_effector" name="test_twitter_post_missing_consent_dry_runs_before_credentials" file="tests\test_twitter_post_effector.py" line="102" time="0.032" /><testcase classname="tests.test_twitter_post_effector" name="test_twitter_post_success_records_post_evidence" file="tests\test_twitter_post_effector.py" line="123" time="0.079" /><testcase classname="tests.test_twitter_post_effector" name="test_twitter_post_idempotency_dedup_uses_recorded_evidence" file="tests\test_twitter_post_effector.py" line="165" time="0.093" /><testcase classname="tests.test_twitter_post_effector" name="test_twitter_post_derives_idempotency_hint_when_omitted" file="tests\test_twitter_post_effector.py" line="200" time="0.071" /><testcase classname="tests.test_twitter_post_effector" name="test_twitter_post_rejects_payload_handle_mismatch_with_destination" file="tests\test_twitter_post_effector.py" line="229" time="0.054" /><testcase classname="tests.test_twitter_post_effector" name="test_twitter_post_payload_handle_matching_destination_is_allowed" file="tests\test_twitter_post_effector.py" line="285" time="0.079" /><testcase classname="tests.test_twitter_post_effector" name="test_branch_dispatch_routes_twitter_post_sink" file="tests\test_twitter_post_effector.py" line="319" time="0.032" /><testcase classname="tests.test_unified_execution" name="test_opaque_node_resolves_via_registry" file="tests\test_unified_execution.py" line="114" time="0.003" /><testcase classname="tests.test_unified_execution" name="test_source_code_node_run_sees_top_level_helpers" file="tests\test_unified_execution.py" line="135" time="0.003" /><testcase classname="tests.test_unified_execution" name="test_unregistered_opaque_node_raises_compiler_error" file="tests\test_unified_execution.py" line="158" time="0.001" /><testcase classname="tests.test_unified_execution" name="test_opaque_node_bypasses_source_code_validation" file="tests\test_unified_execution.py" line="170" time="0.003" /><testcase classname="tests.test_unified_execution" name="test_empty_domain_id_raises_on_bodyless_node" file="tests\test_unified_execution.py" line="190" time="0.001" /><testcase classname="tests.test_unified_execution" name="test_template_path_unchanged_by_domain_id_thread" file="tests\test_unified_execution.py" line="201" time="0.007" /><testcase classname="tests.test_unified_execution" name="test_universe_cycle_wrapper_is_registered" file="tests\test_unified_execution.py" line="224" time="0.001" /><testcase classname="tests.test_unified_execution" name="test_wrapper_returns_boundary_fields" file="tests\test_unified_execution.py" line="235" time="0.002" /><testcase classname="tests.test_unified_execution" name="test_flag_off_uses_direct_graph" file="tests\test_unified_execution.py" line="286" time="0.000" /><testcase classname="tests.test_unified_execution" name="test_flag_on_uses_compile_branch" file="tests\test_unified_execution.py" line="295" time="0.004" /><testcase classname="tests.test_unified_execution" name="test_flag_parsing_accepts_common_truthy_spellings[1-True]" file="tests\test_unified_execution.py" line="313" time="0.001" /><testcase classname="tests.test_unified_execution" name="test_flag_parsing_accepts_common_truthy_spellings[true-True]" file="tests\test_unified_execution.py" line="313" time="0.001" /><testcase classname="tests.test_unified_execution" name="test_flag_parsing_accepts_common_truthy_spellings[True-True]" file="tests\test_unified_execution.py" line="313" time="0.001" /><testcase classname="tests.test_unified_execution" name="test_flag_parsing_accepts_common_truthy_spellings[yes-True]" file="tests\test_unified_execution.py" line="313" time="0.001" /><testcase classname="tests.test_unified_execution" name="test_flag_parsing_accepts_common_truthy_spellings[on-True]" file="tests\test_unified_execution.py" line="313" time="0.001" /><testcase classname="tests.test_unified_execution" name="test_flag_parsing_accepts_common_truthy_spellings[0-False]" file="tests\test_unified_execution.py" line="313" time="0.001" /><testcase classname="tests.test_unified_execution" name="test_flag_parsing_accepts_common_truthy_spellings[false-False]" file="tests\test_unified_execution.py" line="313" time="0.001" /><testcase classname="tests.test_unified_execution" name="test_flag_parsing_accepts_common_truthy_spellings[-False]" file="tests\test_unified_execution.py" line="313" time="0.001" /><testcase classname="tests.test_unified_execution" name="test_flag_parsing_accepts_common_truthy_spellings[no-False]" file="tests\test_unified_execution.py" line="313" time="0.001" /><testcase classname="tests.test_unified_execution" name="test_flag_parsing_accepts_common_truthy_spellings[off-False]" file="tests\test_unified_execution.py" line="313" time="0.001" /><testcase classname="tests.test_unified_execution" name="test_flag_on_compile_failure_raises_no_silent_fallthrough" file="tests\test_unified_execution.py" line="344" time="0.004" /><testcase classname="tests.test_unified_execution" name="test_stop_event_observed_at_wrapper_boundary" file="tests\test_unified_execution.py" line="366" time="0.001" /><testcase classname="tests.test_unified_execution" name="test_pause_file_halts_outer_stream_loop_both_flags" file="tests\test_unified_execution.py" line="385" time="0.001" /><testcase classname="tests.test_unified_execution" name="test_producer_registry_no_double_registration" file="tests\test_unified_execution.py" line="407" time="0.001" /><testcase classname="tests.test_unified_execution" name="test_boundary_state_round_trip" file="tests\test_unified_execution.py" line="431" time="0.003" /><testcase classname="tests.test_unified_execution" name="test_worldbuild_soft_stop_clears_when_branch_task_queue_has_work" file="tests\test_unified_execution.py" line="491" time="0.151" /><testcase classname="tests.test_unified_execution" name="test_epoch2_probe_failure_does_not_mask_pending_legacy_request" file="tests\test_unified_execution.py" line="525" time="0.105" /><testcase classname="tests.test_unified_execution" name="test_legacy_probe_failure_does_not_mask_live_epoch2_claim" file="tests\test_unified_execution.py" line="562" time="0.012" /><testcase classname="tests.test_unified_execution" name="test_epoch2_restart_probe_rejects_same_basename_outside_data_root" file="tests\test_unified_execution.py" line="583" time="0.012" /><testcase classname="tests.test_unified_execution" name="test_soft_stop_observes_only_this_workers_live_canonical_epoch2_claim" file="tests\test_unified_execution.py" line="609" time="0.245" /><testcase classname="tests.test_unified_execution" name="test_flag_on_boundary_state_resumes_only_six_fields" file="tests\test_unified_execution.py" line="760" time="0.031" /><testcase classname="tests.test_unified_execution" name="test_flag_off_default_is_off" file="tests\test_unified_execution.py" line="814" time="0.001" /><testcase classname="tests.test_unified_execution" name="test_seed_yaml_exists_and_compiles" file="tests\test_unified_execution.py" line="821" time="0.005" /><testcase classname="tests.test_universe_bundle" name="test_all_frontmatter_parses_as_yaml" file="tests\test_universe_bundle.py" line="44" time="0.060" /><testcase classname="tests.test_universe_bundle" name="test_all_baseline_files_written" file="tests\test_universe_bundle.py" line="64" time="0.022" /><testcase classname="tests.test_universe_bundle" name="test_forbidden_baseline_not_created" file="tests\test_universe_bundle.py" line="69" time="0.021" /><testcase classname="tests.test_universe_bundle" name="test_non_reserved_files_have_okf_frontmatter_with_type" file="tests\test_universe_bundle.py" line="74" time="0.030" /><testcase classname="tests.test_universe_bundle" name="test_reserved_files_carry_no_concept_frontmatter" file="tests\test_universe_bundle.py" line="83" time="0.023" /><testcase classname="tests.test_universe_bundle" name="test_soul_md_is_okf_shaped_and_tracks_latest" file="tests\test_universe_bundle.py" line="94" time="0.023" /><testcase classname="tests.test_universe_bundle" name="test_soul_md_links_resolve_to_generated_files" file="tests\test_universe_bundle.py" line="104" time="0.021" /><testcase classname="tests.test_universe_bundle" name="test_link_closure_every_file_pointed_to" file="tests\test_universe_bundle.py" line="118" time="0.023" /><testcase classname="tests.test_universe_bundle" name="test_soul_edit_policy" file="tests\test_universe_bundle.py" line="135" time="0.022" /><testcase classname="tests.test_universe_bundle" name="test_body_is_learned_embodiment" file="tests\test_universe_bundle.py" line="150" time="0.022" /><testcase classname="tests.test_universe_bundle" name="test_orgchart_founder_anchor" file="tests\test_universe_bundle.py" line="159" time="0.022" /><testcase classname="tests.test_universe_bundle" name="test_projects_and_goals_boundary" file="tests\test_universe_bundle.py" line="169" time="0.022" /><testcase classname="tests.test_universe_bundle" name="test_identity_not_learned" file="tests\test_universe_bundle.py" line="179" time="0.022" /><testcase classname="tests.test_universe_bundle" name="test_soul_version_snapshot_matches_soul" file="tests\test_universe_bundle.py" line="184" time="0.023" /><testcase classname="tests.test_universe_bundle" name="test_blank_universe_reads_back_unnamed" file="tests\test_universe_bundle.py" line="190" time="0.022" /><testcase classname="tests.test_universe_bundle" name="test_purpose_and_loop_are_recoverable_when_provided" file="tests\test_universe_bundle.py" line="198" time="0.033" /><testcase classname="tests.test_universe_cycle_noop_guardrail" name="test_streak_trips_after_max_noop_cycles" file="tests\test_universe_cycle_noop_guardrail.py" line="52" time="2.601" /><testcase classname="tests.test_universe_cycle_noop_guardrail" name="test_forward_progress_resets_streak" file="tests\test_universe_cycle_noop_guardrail.py" line="70" time="0.522" /><testcase classname="tests.test_universe_cycle_noop_guardrail" name="test_canon_facts_progress_resets_streak" file="tests\test_universe_cycle_noop_guardrail.py" line="86" time="0.442" /><testcase classname="tests.test_universe_cycle_noop_guardrail" name="test_notes_mtime_progress_resets_streak" file="tests\test_universe_cycle_noop_guardrail.py" line="97" time="0.438" /><testcase classname="tests.test_universe_cycle_noop_guardrail" name="test_signals_acted_in_quality_trace_counts_as_progress" file="tests\test_universe_cycle_noop_guardrail.py" line="118" time="0.314" /><testcase classname="tests.test_universe_cycle_noop_guardrail" name="test_self_pause_note_emitted_on_trip" file="tests\test_universe_cycle_noop_guardrail.py" line="135" time="0.735" /><testcase classname="tests.test_universe_cycle_noop_guardrail" name="test_streak_appears_in_state_each_cycle" file="tests\test_universe_cycle_noop_guardrail.py" line="153" time="0.470" /><testcase classname="tests.test_universe_cycle_noop_guardrail" name="test_already_stopped_cycle_does_not_clobber_idle_reason" file="tests\test_universe_cycle_noop_guardrail.py" line="163" time="1.085" /><testcase classname="tests.test_universe_cycle_wrapper_neutral_fields" name="test_wrapper_output_with_synthesis_switch_stops_for_universe_switch" file="tests\test_universe_cycle_wrapper_neutral_fields.py" line="12" time="0.014" /><testcase classname="tests.test_universe_cycle_wrapper_neutral_fields" name="test_neutral_fields_in_emission_when_idle_by_design" file="tests\test_universe_cycle_wrapper_neutral_fields.py" line="42" time="0.001" /><testcase classname="tests.test_universe_cycle_wrapper_neutral_fields" name="test_neutral_fields_pass_through_when_active_work" file="tests\test_universe_cycle_wrapper_neutral_fields.py" line="78" time="0.000" /><testcase classname="tests.test_universe_intelligence" name="test_system_prompt_is_first_person_and_grounded" file="tests\test_universe_intelligence.py" line="57" time="0.128" /><testcase classname="tests.test_universe_intelligence" name="test_converse_runs_on_assigned_engine" file="tests\test_universe_intelligence.py" line="79" time="0.115" /><testcase classname="tests.test_universe_intelligence" name="test_converse_missing_universe_raises" file="tests\test_universe_intelligence.py" line="109" time="0.013" /><testcase classname="tests.test_universe_intelligence" name="test_unnamed_newborn_prompt_is_honest" file="tests\test_universe_intelligence.py" line="116" time="0.114" /><testcase classname="tests.test_universe_intelligence" name="test_commit_learning_persists_grounded_soul" file="tests\test_universe_intelligence.py" line="133" time="0.120" /><testcase classname="tests.test_universe_intelligence" name="test_commit_learning_ignores_non_governed_and_empty_bodies" file="tests\test_universe_intelligence.py" line="155" time="0.096" /><testcase classname="tests.test_universe_intelligence" name="test_commit_learning_returns_none_when_nothing_grounded" file="tests\test_universe_intelligence.py" line="168" time="0.092" /><testcase classname="tests.test_universe_intelligence" name="test_parse_learning_json_tolerates_code_fences" file="tests\test_universe_intelligence.py" line="174" time="0.012" /><testcase classname="tests.test_universe_intelligence" name="test_converse_persists_founder_identity_to_soul" file="tests\test_universe_intelligence.py" line="181" time="0.135" /><testcase classname="tests.test_universe_intelligence" name="test_converse_persistence_failure_does_not_break_reply" file="tests\test_universe_intelligence.py" line="215" time="0.116" /><testcase classname="tests.test_universe_intelligence" name="test_commit_learning_persists_canon_to_universe_wiki" file="tests\test_universe_intelligence.py" line="237" time="0.113" /><testcase classname="tests.test_universe_intelligence" name="test_converse_persists_worldbuilding_to_canon" file="tests\test_universe_intelligence.py" line="262" time="0.135" /><testcase classname="tests.test_universe_intelligence" name="test_sandboxed_config_locks_down_the_engine" file="tests\test_universe_intelligence.py" line="293" time="0.095" /><testcase classname="tests.test_universe_intelligence" name="test_converse_sandboxes_both_engine_turns" file="tests\test_universe_intelligence.py" line="307" time="0.115" /><testcase classname="tests.test_universe_intelligence" name="test_generic_identity_detector" file="tests\test_universe_intelligence.py" line="331" time="0.013" /><testcase classname="tests.test_universe_intelligence" name="test_commit_learning_drops_generic_identity_boilerplate" file="tests\test_universe_intelligence.py" line="340" time="0.110" /><testcase classname="tests.test_universe_intelligence" name="test_commit_learning_keeps_founder_grounded_identity" file="tests\test_universe_intelligence.py" line="358" time="0.105" /><testcase classname="tests.test_universe_isolation.TestDBPathDefaults" name="test_empty_db_path_defaults_to_universe" file="tests\test_universe_isolation.py" line="20" time="0.014" /><testcase classname="tests.test_universe_isolation.TestDBPathDefaults" name="test_none_db_path_defaults_to_universe" file="tests\test_universe_isolation.py" line="28" time="0.012" /><testcase classname="tests.test_universe_isolation.TestDBPathDefaults" name="test_explicit_universe_relative_path_accepted" file="tests\test_universe_isolation.py" line="36" time="0.012" /><testcase classname="tests.test_universe_isolation.TestDBPathIsolationGuard" name="test_cwd_relative_db_path_corrected" file="tests\test_universe_isolation.py" line="49" time="0.012" /><testcase classname="tests.test_universe_isolation.TestDBPathIsolationGuard" name="test_checkpoint_path_corrected" file="tests\test_universe_isolation.py" line="66" time="0.013" /><testcase classname="tests.test_universe_isolation.TestKGPathDerivation" name="test_kg_path_in_state_uses_universe_path" file="tests\test_universe_isolation.py" line="88" time="0.014" /><testcase classname="tests.test_universe_isolation.TestResolveDbPath" name="test_explicit_db_path" file="tests\test_universe_isolation.py" line="108" time="0.001" /><testcase classname="tests.test_universe_isolation.TestResolveDbPath" name="test_derives_from_universe_path" file="tests\test_universe_isolation.py" line="112" time="0.001" /><testcase classname="tests.test_universe_isolation.TestResolveDbPath" name="test_empty_state_returns_empty" file="tests\test_universe_isolation.py" line="118" time="0.001" /><testcase classname="tests.test_universe_isolation.TestResolveDbPath" name="test_prefers_explicit_over_derived" file="tests\test_universe_isolation.py" line="121" time="0.001" /><testcase classname="tests.test_universe_isolation.TestResolveDbPath" name="test_empty_db_path_falls_through" file="tests\test_universe_isolation.py" line="128" time="0.001" /><testcase classname="tests.test_universe_isolation.TestResolveKgPath" name="test_explicit_kg_path" file="tests\test_universe_isolation.py" line="138" time="0.001" /><testcase classname="tests.test_universe_isolation.TestResolveKgPath" name="test_derives_from_universe_path" file="tests\test_universe_isolation.py" line="142" time="0.001" /><testcase classname="tests.test_universe_isolation.TestResolveKgPath" name="test_empty_state_returns_empty" file="tests\test_universe_isolation.py" line="148" time="0.001" /><testcase classname="tests.test_universe_isolation.TestKnowledgeGraphRequiresPath" name="test_no_default_path" file="tests\test_universe_isolation.py" line="155" time="0.001" /><testcase classname="tests.test_universe_isolation.TestKnowledgeGraphRequiresPath" name="test_explicit_path_accepted" file="tests\test_universe_isolation.py" line="161" time="0.038" /><testcase classname="tests.test_universe_isolation.TestWorldStateDbRequiresPath" name="test_init_db_rejects_empty" file="tests\test_universe_isolation.py" line="173" time="0.001" /><testcase classname="tests.test_universe_isolation.TestWorldStateDbRequiresPath" name="test_connect_rejects_empty" file="tests\test_universe_isolation.py" line="179" time="0.001" /><testcase classname="tests.test_universe_isolation.TestWorldStateDbRequiresPath" name="test_init_db_with_memory" file="tests\test_universe_isolation.py" line="186" time="0.001" /><testcase classname="tests.test_universe_isolation.TestWorldStateDbRequiresPath" name="test_connect_with_memory" file="tests\test_universe_isolation.py" line="191" time="0.001" /><testcase classname="tests.test_universe_list_observability.TestListUniversesEmptyNote" name="test_missing_base_returns_does_not_exist_note" file="tests\test_universe_list_observability.py" line="82" time="0.014" /><testcase classname="tests.test_universe_list_observability.TestListUniversesEmptyNote" name="test_empty_base_returns_empty_note" file="tests\test_universe_list_observability.py" line="88" time="0.013" /><testcase classname="tests.test_universe_list_observability.TestListUniversesEmptyNote" name="test_hidden_only_base_returns_filtered_note" file="tests\test_universe_list_observability.py" line="94" time="0.014" /><testcase classname="tests.test_universe_list_observability.TestListUniversesEmptyNote" name="test_populated_base_has_no_note" file="tests\test_universe_list_observability.py" line="100" time="0.107" /><testcase classname="tests.test_universe_list_observability.TestListUniversesEmptyNote" name="test_operational_storage_dirs_are_not_universes" file="tests\test_universe_list_observability.py" line="106" time="0.103" /><testcase classname="tests.test_universe_list_observability.TestGetStatusUniverseExists" name="test_missing_universe_dir_flags_false" file="tests\test_universe_list_observability.py" line="113" time="0.024" /><testcase classname="tests.test_universe_list_observability.TestGetStatusUniverseExists" name="test_existing_universe_dir_flags_true" file="tests\test_universe_list_observability.py" line="128" time="0.111" /><testcase classname="tests.test_universe_list_observability.TestGetStatusUniverseExists" name="test_explicit_missing_universe_flags_false" file="tests\test_universe_list_observability.py" line="135" time="0.106" /><testcase classname="tests.test_universe_nodes.TestWorldbuild" name="test_increments_version_on_real_progress" file="tests\test_universe_nodes.py" line="63" time="0.001" /><testcase classname="tests.test_universe_nodes.TestWorldbuild" name="test_version_stays_on_no_op_cycle" file="tests\test_universe_nodes.py" line="81" time="0.001" /><testcase classname="tests.test_universe_nodes.TestWorldbuild" name="test_version_stays_from_zero_on_no_op" file="tests\test_universe_nodes.py" line="89" time="0.001" /><testcase classname="tests.test_universe_nodes.TestWorldbuild" name="test_returns_quality_trace" file="tests\test_universe_nodes.py" line="94" time="0.001" /><testcase classname="tests.test_universe_nodes.TestWorldbuild" name="test_counts_canon_facts_from_db" file="tests\test_universe_nodes.py" line="102" time="0.016" /><testcase classname="tests.test_universe_nodes.TestWorldbuild" name="test_runs_promotion_gates_with_manager" file="tests\test_universe_nodes.py" line="120" time="0.001" /><testcase classname="tests.test_universe_nodes.TestWorldbuild" name="test_graceful_when_no_manager" file="tests\test_universe_nodes.py" line="135" time="0.001" /><testcase classname="tests.test_universe_nodes.TestWorldbuild" name="test_graceful_when_manager_fails" file="tests\test_universe_nodes.py" line="141" time="0.001" /><testcase classname="tests.test_universe_nodes.TestWorldbuild" name="test_read_direction_notes_returns_active_user_notes" file="tests\test_universe_nodes.py" line="158" time="0.023" /><testcase classname="tests.test_universe_nodes.TestWorldbuild" name="test_read_direction_notes_skips_dismissed_and_acted_on" file="tests\test_universe_nodes.py" line="170" time="0.064" /><testcase classname="tests.test_universe_nodes.TestWorldbuild" name="test_noop_cycle_increments_streak" file="tests\test_universe_nodes.py" line="199" time="0.001" /><testcase classname="tests.test_universe_nodes.TestWorldbuild" name="test_noop_streak_self_pauses_at_threshold" file="tests\test_universe_nodes.py" line="208" time="0.001" /><testcase classname="tests.test_universe_nodes.TestWorldbuild" name="test_streak_resets_when_files_generated" file="tests\test_universe_nodes.py" line="220" time="0.036" /><testcase classname="tests.test_universe_nodes.TestWorldbuildAutoPremise" name="test_generates_premise_from_canon" file="tests\test_universe_nodes.py" line="256" time="0.053" /><testcase classname="tests.test_universe_nodes.TestWorldbuildAutoPremise" name="test_skips_when_program_md_exists" file="tests\test_universe_nodes.py" line="284" time="0.024" /><testcase classname="tests.test_universe_nodes.TestWorldbuildAutoPremise" name="test_skips_when_premise_kernel_set" file="tests\test_universe_nodes.py" line="303" time="0.020" /><testcase classname="tests.test_universe_nodes.TestWorldbuildAutoPremise" name="test_skips_when_version_positive" file="tests\test_universe_nodes.py" line="321" time="0.020" /><testcase classname="tests.test_universe_nodes.TestWorldbuildAutoPremise" name="test_skips_when_no_canon_files" file="tests\test_universe_nodes.py" line="339" time="0.020" /><testcase classname="tests.test_universe_nodes.TestWorldbuildAutoPremise" name="test_worldbuild_propagates_auto_premise" file="tests\test_universe_nodes.py" line="356" time="0.053" /><testcase classname="tests.test_universe_nodes.TestWorldbuildCanonGeneration" name="test_generates_canon_files" file="tests\test_universe_nodes.py" line="399" time="0.056" /><testcase classname="tests.test_universe_nodes.TestWorldbuildCanonGeneration" name="test_skips_existing_topics" file="tests\test_universe_nodes.py" line="420" time="0.072" /><testcase classname="tests.test_universe_nodes.TestWorldbuildCanonGeneration" name="test_skips_when_no_premise" file="tests\test_universe_nodes.py" line="444" time="0.025" /><testcase classname="tests.test_universe_nodes.TestWorldbuildCanonGeneration" name="test_skips_when_no_universe_path" file="tests\test_universe_nodes.py" line="455" time="0.001" /><testcase classname="tests.test_universe_nodes.TestWorldbuildCanonGeneration" name="test_falls_back_to_premise_kernel" file="tests\test_universe_nodes.py" line="462" time="0.032" /><testcase classname="tests.test_universe_nodes.TestWorldbuildCanonGeneration" name="test_reads_direction_notes_into_prompt" file="tests\test_universe_nodes.py" line="474" time="0.022" /><testcase classname="tests.test_universe_nodes.TestWorldbuildCanonGeneration" name="test_no_notes_returns_empty" file="tests\test_universe_nodes.py" line="488" time="0.015" /><testcase classname="tests.test_universe_nodes.TestWorldbuildCanonGeneration" name="test_all_topics_covered_skips_generation" file="tests\test_universe_nodes.py" line="494" time="0.115" /><testcase classname="tests.test_universe_nodes.TestWorldbuildCanonGeneration" name="test_generates_at_most_max_per_cycle" file="tests\test_universe_nodes.py" line="514" time="0.043" /><testcase classname="tests.test_universe_nodes.TestWorldbuildCanonGeneration" name="test_graceful_when_provider_fails" file="tests\test_universe_nodes.py" line="527" time="0.034" /><testcase classname="tests.test_universe_nodes.TestWorldbuildCanonGeneration" name="test_scan_existing_canon_normalizes_names" file="tests\test_universe_nodes.py" line="547" time="0.016" /><testcase classname="tests.test_universe_nodes.TestWorldbuildCanonGeneration" name="test_scan_empty_canon_dir" file="tests\test_universe_nodes.py" line="558" time="0.014" /><testcase classname="tests.test_universe_nodes.TestWorldbuildCanonGeneration" name="test_scan_nonexistent_canon_dir" file="tests\test_universe_nodes.py" line="564" time="0.013" /><testcase classname="tests.test_universe_nodes.TestWorldbuildCanonGeneration" name="test_identify_gaps_returns_priority_order" file="tests\test_universe_nodes.py" line="569" time="0.001" /><testcase classname="tests.test_universe_nodes.TestWorldbuildCanonGeneration" name="test_identify_gaps_all_covered" file="tests\test_universe_nodes.py" line="577" time="0.001" /><testcase classname="tests.test_universe_nodes.TestWorldbuildCanonGeneration" name="test_write_canon_file_sanitizes_traversal_filename" file="tests\test_universe_nodes.py" line="582" time="0.023" /><testcase classname="tests.test_universe_nodes.TestWorldbuildCanonGeneration" name="test_write_canon_file_rejects_empty_safe_filename" file="tests\test_universe_nodes.py" line="591" time="0.014" /><testcase classname="tests.test_universe_nodes.TestWorldbuildCanonGeneration" name="test_write_canon_file_rejects_marker_symlink_escape" file="tests\test_universe_nodes.py" line="602" time="0.014"><skipped type="pytest.skip" message="symlink creation not permitted on this platform: [WinError 1314] A required privilege is not held by the client: 'C:\\Users\\Jonathan\\AppData\\Local\\Temp\\pytest-of-Jonathan\\pytest-7404\\test_write_canon_file_rejects_1\\marker-outside' -&gt; 'C:\\Users\\Jonathan\\AppData\\Local\\Temp\\pytest-of-Jonathan\\pytest-7404\\test_write_canon_file_rejects_1\\canon\\.escape.md.reviewed'">C:\Users\Jonathan\Projects\wf-required-test-gate\tests\test_universe_nodes.py:614: symlink creation not permitted on this platform: [WinError 1314] A required privilege is not held by the client: 'C:\\Users\\Jonathan\\AppData\\Local\\Temp\\pytest-of-Jonathan\\pytest-7404\\test_write_canon_file_rejects_1\\marker-outside' -&gt; 'C:\\Users\\Jonathan\\AppData\\Local\\Temp\\pytest-of-Jonathan\\pytest-7404\\test_write_canon_file_rejects_1\\canon\\.escape.md.reviewed'</skipped></testcase><testcase classname="tests.test_universe_nodes.TestWorldbuildCanonGeneration" name="test_write_canon_marker_rejects_symlink_escape" file="tests\test_universe_nodes.py" line="623" time="0.014"><skipped type="pytest.skip" message="symlink creation not permitted on this platform: [WinError 1314] A required privilege is not held by the client: 'C:\\Users\\Jonathan\\AppData\\Local\\Temp\\pytest-of-Jonathan\\pytest-7404\\test_write_canon_marker_reject0\\marker-outside' -&gt; 'C:\\Users\\Jonathan\\AppData\\Local\\Temp\\pytest-of-Jonathan\\pytest-7404\\test_write_canon_marker_reject0\\canon\\.magic_system.md.reviewed'">C:\Users\Jonathan\Projects\wf-required-test-gate\tests\test_universe_nodes.py:642: symlink creation not permitted on this platform: [WinError 1314] A required privilege is not held by the client: 'C:\\Users\\Jonathan\\AppData\\Local\\Temp\\pytest-of-Jonathan\\pytest-7404\\test_write_canon_marker_reject0\\marker-outside' -&gt; 'C:\\Users\\Jonathan\\AppData\\Local\\Temp\\pytest-of-Jonathan\\pytest-7404\\test_write_canon_marker_reject0\\canon\\.magic_system.md.reviewed'</skipped></testcase><testcase classname="tests.test_universe_nodes.TestWorldbuildCanonGeneration" name="test_handle_contradiction_rejects_symlinked_existing_file" file="tests\test_universe_nodes.py" line="647" time="0.014"><skipped type="pytest.skip" message="symlink creation not permitted on this platform: [WinError 1314] A required privilege is not held by the client: 'C:\\Users\\Jonathan\\AppData\\Local\\Temp\\pytest-of-Jonathan\\pytest-7404\\test_handle_contradiction_reje0\\secret.md' -&gt; 'C:\\Users\\Jonathan\\AppData\\Local\\Temp\\pytest-of-Jonathan\\pytest-7404\\test_handle_contradiction_reje0\\canon\\magic_system.md'">C:\Users\Jonathan\Projects\wf-required-test-gate\tests\test_universe_nodes.py:663: symlink creation not permitted on this platform: [WinError 1314] A required privilege is not held by the client: 'C:\\Users\\Jonathan\\AppData\\Local\\Temp\\pytest-of-Jonathan\\pytest-7404\\test_handle_contradiction_reje0\\secret.md' -&gt; 'C:\\Users\\Jonathan\\AppData\\Local\\Temp\\pytest-of-Jonathan\\pytest-7404\\test_handle_contradiction_reje0\\canon\\magic_system.md'</skipped></testcase><testcase classname="tests.test_universe_nodes.TestWorldbuildCanonGeneration" name="test_handle_expansion_rejects_symlinked_existing_file" file="tests\test_universe_nodes.py" line="671" time="0.014"><skipped type="pytest.skip" message="symlink creation not permitted on this platform: [WinError 1314] A required privilege is not held by the client: 'C:\\Users\\Jonathan\\AppData\\Local\\Temp\\pytest-of-Jonathan\\pytest-7404\\test_handle_expansion_rejects_0\\secret.md' -&gt; 'C:\\Users\\Jonathan\\AppData\\Local\\Temp\\pytest-of-Jonathan\\pytest-7404\\test_handle_expansion_rejects_0\\canon\\magic_system.md'">C:\Users\Jonathan\Projects\wf-required-test-gate\tests\test_universe_nodes.py:681: symlink creation not permitted on this platform: [WinError 1314] A required privilege is not held by the client: 'C:\\Users\\Jonathan\\AppData\\Local\\Temp\\pytest-of-Jonathan\\pytest-7404\\test_handle_expansion_rejects_0\\secret.md' -&gt; 'C:\\Users\\Jonathan\\AppData\\Local\\Temp\\pytest-of-Jonathan\\pytest-7404\\test_handle_expansion_rejects_0\\canon\\magic_system.md'</skipped></testcase><testcase classname="tests.test_universe_nodes.TestWorldbuildCanonGeneration" name="test_handle_synthesize_source_rejects_symlinked_source" file="tests\test_universe_nodes.py" line="694" time="0.020"><skipped type="pytest.skip" message="symlink creation not permitted on this platform: [WinError 1314] A required privilege is not held by the client: 'C:\\Users\\Jonathan\\AppData\\Local\\Temp\\pytest-of-Jonathan\\pytest-7404\\test_handle_synthesize_source_0\\secret.txt' -&gt; 'C:\\Users\\Jonathan\\AppData\\Local\\Temp\\pytest-of-Jonathan\\pytest-7404\\test_handle_synthesize_source_0\\canon\\sources\\evil.txt'">C:\Users\Jonathan\Projects\wf-required-test-gate\tests\test_universe_nodes.py:712: symlink creation not permitted on this platform: [WinError 1314] A required privilege is not held by the client: 'C:\\Users\\Jonathan\\AppData\\Local\\Temp\\pytest-of-Jonathan\\pytest-7404\\test_handle_synthesize_source_0\\secret.txt' -&gt; 'C:\\Users\\Jonathan\\AppData\\Local\\Temp\\pytest-of-Jonathan\\pytest-7404\\test_handle_synthesize_source_0\\canon\\sources\\evil.txt'</skipped></testcase><testcase classname="tests.test_universe_nodes.TestWorldbuildCanonGeneration" name="test_handle_synthesize_source_rejects_traversal_source" file="tests\test_universe_nodes.py" line="717" time="0.021" /><testcase classname="tests.test_universe_nodes.TestWorldbuildCanonGeneration" name="test_record_synthesis_failure_rejects_symlinked_manifest" file="tests\test_universe_nodes.py" line="734" time="0.015"><skipped type="pytest.skip" message="symlink creation not permitted on this platform: [WinError 1314] A required privilege is not held by the client: 'C:\\Users\\Jonathan\\AppData\\Local\\Temp\\pytest-of-Jonathan\\pytest-7404\\test_record_synthesis_failure_0\\manifest-outside.json' -&gt; 'C:\\Users\\Jonathan\\AppData\\Local\\Temp\\pytest-of-Jonathan\\pytest-7404\\test_record_synthesis_failure_0\\canon\\.manifest.json'">C:\Users\Jonathan\Projects\wf-required-test-gate\tests\test_universe_nodes.py:748: symlink creation not permitted on this platform: [WinError 1314] A required privilege is not held by the client: 'C:\\Users\\Jonathan\\AppData\\Local\\Temp\\pytest-of-Jonathan\\pytest-7404\\test_record_synthesis_failure_0\\manifest-outside.json' -&gt; 'C:\\Users\\Jonathan\\AppData\\Local\\Temp\\pytest-of-Jonathan\\pytest-7404\\test_record_synthesis_failure_0\\canon\\.manifest.json'</skipped></testcase><testcase classname="tests.test_universe_nodes.TestWorldbuildCanonGeneration" name="test_maybe_generate_premise_skips_symlinked_canon" file="tests\test_universe_nodes.py" line="753" time="0.015"><skipped type="pytest.skip" message="symlink creation not permitted on this platform: [WinError 1314] A required privilege is not held by the client: 'C:\\Users\\Jonathan\\AppData\\Local\\Temp\\pytest-of-Jonathan\\pytest-7404\\test_maybe_generate_premise_sk0\\secret.md' -&gt; 'C:\\Users\\Jonathan\\AppData\\Local\\Temp\\pytest-of-Jonathan\\pytest-7404\\test_maybe_generate_premise_sk0\\universe\\canon\\leak.md'">C:\Users\Jonathan\Projects\wf-required-test-gate\tests\test_universe_nodes.py:770: symlink creation not permitted on this platform: [WinError 1314] A required privilege is not held by the client: 'C:\\Users\\Jonathan\\AppData\\Local\\Temp\\pytest-of-Jonathan\\pytest-7404\\test_maybe_generate_premise_sk0\\secret.md' -&gt; 'C:\\Users\\Jonathan\\AppData\\Local\\Temp\\pytest-of-Jonathan\\pytest-7404\\test_maybe_generate_premise_sk0\\universe\\canon\\leak.md'</skipped></testcase><testcase classname="tests.test_universe_nodes.TestWorldbuildCanonGeneration" name="test_trigger_kg_reindex_skips_symlinked_canon" file="tests\test_universe_nodes.py" line="787" time="0.013"><skipped type="pytest.skip" message="symlink creation not permitted on this platform: [WinError 1314] A required privilege is not held by the client: 'C:\\Users\\Jonathan\\AppData\\Local\\Temp\\pytest-of-Jonathan\\pytest-7404\\test_trigger_kg_reindex_skips_0\\secret.md' -&gt; 'C:\\Users\\Jonathan\\AppData\\Local\\Temp\\pytest-of-Jonathan\\pytest-7404\\test_trigger_kg_reindex_skips_0\\universe\\canon\\leak.md'">C:\Users\Jonathan\Projects\wf-required-test-gate\tests\test_universe_nodes.py:806: symlink creation not permitted on this platform: [WinError 1314] A required privilege is not held by the client: 'C:\\Users\\Jonathan\\AppData\\Local\\Temp\\pytest-of-Jonathan\\pytest-7404\\test_trigger_kg_reindex_skips_0\\secret.md' -&gt; 'C:\\Users\\Jonathan\\AppData\\Local\\Temp\\pytest-of-Jonathan\\pytest-7404\\test_trigger_kg_reindex_skips_0\\universe\\canon\\leak.md'</skipped></testcase><testcase classname="tests.test_universe_nodes.TestWorldbuildCanonGeneration" name="test_scan_existing_canon_skips_symlinked_escape" file="tests\test_universe_nodes.py" line="824" time="0.013"><skipped type="pytest.skip" message="symlink creation not permitted on this platform: [WinError 1314] A required privilege is not held by the client: 'C:\\Users\\Jonathan\\AppData\\Local\\Temp\\pytest-of-Jonathan\\pytest-7404\\test_scan_existing_canon_skips0\\magic_system.md' -&gt; 'C:\\Users\\Jonathan\\AppData\\Local\\Temp\\pytest-of-Jonathan\\pytest-7404\\test_scan_existing_canon_skips0\\canon\\magic_system.md'">C:\Users\Jonathan\Projects\wf-required-test-gate\tests\test_universe_nodes.py:838: symlink creation not permitted on this platform: [WinError 1314] A required privilege is not held by the client: 'C:\\Users\\Jonathan\\AppData\\Local\\Temp\\pytest-of-Jonathan\\pytest-7404\\test_scan_existing_canon_skips0\\magic_system.md' -&gt; 'C:\\Users\\Jonathan\\AppData\\Local\\Temp\\pytest-of-Jonathan\\pytest-7404\\test_scan_existing_canon_skips0\\canon\\magic_system.md'</skipped></testcase><testcase classname="tests.test_universe_nodes.TestWorldbuildCanonGeneration" name="test_scan_existing_canon_resolves_before_stat" file="tests\test_universe_nodes.py" line="887" time="0.014" /><testcase classname="tests.test_universe_nodes.TestWorldbuildCanonGeneration" name="test_maybe_generate_premise_resolves_before_stat" file="tests\test_universe_nodes.py" line="917" time="0.024" /><testcase classname="tests.test_universe_nodes.TestWorldbuildCanonGeneration" name="test_trigger_kg_reindex_resolves_before_stat" file="tests\test_universe_nodes.py" line="947" time="0.025" /><testcase classname="tests.test_universe_nodes.TestWorldbuildCanonGeneration" name="test_handle_contradiction_resolves_before_stat" file="tests\test_universe_nodes.py" line="982" time="0.014" /><testcase classname="tests.test_universe_nodes.TestWorldbuildCanonGeneration" name="test_handle_expansion_resolves_before_stat" file="tests\test_universe_nodes.py" line="1008" time="0.013" /><testcase classname="tests.test_universe_nodes.TestWorldbuildCanonGeneration" name="test_mock_worldbuild_response_has_content" file="tests\test_universe_nodes.py" line="1027" time="0.001" /><testcase classname="tests.test_universe_nodes.TestWorldbuildCanonGeneration" name="test_read_premise_from_file" file="tests\test_universe_nodes.py" line="1033" time="0.020" /><testcase classname="tests.test_universe_nodes.TestWorldbuildCanonGeneration" name="test_read_premise_fallback_to_state" file="tests\test_universe_nodes.py" line="1043" time="0.013" /><testcase classname="tests.test_universe_nodes.TestWorldbuildCanonGeneration" name="test_generated_files_in_trace" file="tests\test_universe_nodes.py" line="1051" time="0.044" /><testcase classname="tests.test_universe_nodes.TestWorldbuildCanonGeneration" name="test_uses_universe_path_key_fallback" file="tests\test_universe_nodes.py" line="1065" time="0.027" /><testcase classname="tests.test_universe_nodes.TestWorldbuildCanonGeneration" name="test_creates_canon_dir_if_missing" file="tests\test_universe_nodes.py" line="1078" time="0.050" /><testcase classname="tests.test_universe_nodes.TestSelectTask" name="test_defaults_to_worldbuild_when_new" file="tests\test_universe_nodes.py" line="1102" time="0.001" /><testcase classname="tests.test_universe_nodes.TestSelectTask" name="test_defaults_to_idle_when_no_user_task" file="tests\test_universe_nodes.py" line="1108" time="0.001" /><testcase classname="tests.test_universe_nodes.TestSelectTask" name="test_writes_when_user_directed" file="tests\test_universe_nodes.py" line="1115" time="0.001" /><testcase classname="tests.test_universe_nodes.TestSelectTask" name="test_preserves_existing_queue" file="tests\test_universe_nodes.py" line="1123" time="0.000" /><testcase classname="tests.test_universe_nodes.TestSelectTask" name="test_stuck_pushes_diagnose" file="tests\test_universe_nodes.py" line="1128" time="0.000" /><testcase classname="tests.test_universe_nodes.TestSelectTask" name="test_stuck_level_3_does_not_trigger" file="tests\test_universe_nodes.py" line="1135" time="0.001" /><testcase classname="tests.test_universe_nodes.TestSelectTask" name="test_bootstrap_skipped_after_first_cycle" file="tests\test_universe_nodes.py" line="1143" time="0.000" /><testcase classname="tests.test_universe_nodes.TestSelectTask" name="test_bootstrap_skipped_when_version_positive" file="tests\test_universe_nodes.py" line="1160" time="0.001" /><testcase classname="tests.test_universe_nodes.TestSelectTask" name="test_bootstrap_skipped_when_canon_files_exist" file="tests\test_universe_nodes.py" line="1172" time="0.015" /><testcase classname="tests.test_universe_nodes.TestSelectTask" name="test_stale_world_pushes_worldbuild" file="tests\test_universe_nodes.py" line="1190" time="0.001" /><testcase classname="tests.test_universe_nodes.TestSelectTask" name="test_world_state_not_stale_when_fresh" file="tests\test_universe_nodes.py" line="1201" time="0.001" /><testcase classname="tests.test_universe_nodes.TestSelectTask" name="test_user_override_from_instructions" file="tests\test_universe_nodes.py" line="1212" time="0.000" /><testcase classname="tests.test_universe_nodes.TestSelectTask" name="test_invalid_override_idles" file="tests\test_universe_nodes.py" line="1221" time="0.000" /><testcase classname="tests.test_universe_nodes.TestSelectTask" name="test_stuck_takes_priority_over_stale" file="tests\test_universe_nodes.py" line="1233" time="0.001" /><testcase classname="tests.test_universe_nodes.TestSelectTask" name="test_user_override_takes_priority_over_stuck" file="tests\test_universe_nodes.py" line="1245" time="0.000" /><testcase classname="tests.test_universe_nodes.TestSelectTask" name="test_returns_quality_trace" file="tests\test_universe_nodes.py" line="1254" time="0.000" /><testcase classname="tests.test_universe_nodes.TestSelectTask" name="test_empty_state_worldbuilds_first" file="tests\test_universe_nodes.py" line="1264" time="0.000" /><testcase classname="tests.test_universe_nodes.TestDiagnose" name="test_basic_recovery_resets_stuck_level" file="tests\test_universe_nodes.py" line="1279" time="0.001" /><testcase classname="tests.test_universe_nodes.TestDiagnose" name="test_revert_pattern_detected" file="tests\test_universe_nodes.py" line="1287" time="0.001" /><testcase classname="tests.test_universe_nodes.TestDiagnose" name="test_no_revert_pattern_below_threshold" file="tests\test_universe_nodes.py" line="1300" time="0.000" /><testcase classname="tests.test_universe_nodes.TestDiagnose" name="test_recurring_structural_failures" file="tests\test_universe_nodes.py" line="1313" time="0.001" /><testcase classname="tests.test_universe_nodes.TestDiagnose" name="test_general_stuck_when_no_patterns" file="tests\test_universe_nodes.py" line="1337" time="0.001" /><testcase classname="tests.test_universe_nodes.TestDiagnose" name="test_stuck_level_never_goes_negative" file="tests\test_universe_nodes.py" line="1345" time="0.001" /><testcase classname="tests.test_universe_nodes.TestDiagnose" name="test_recent_reverts_counted" file="tests\test_universe_nodes.py" line="1350" time="0.000" /><testcase classname="tests.test_universe_nodes.TestDiagnose" name="test_empty_health_defaults" file="tests\test_universe_nodes.py" line="1361" time="0.000" /><testcase classname="tests.test_universe_nodes.TestUniverseCycle" name="test_continues_when_queue_empty_after_pop" file="tests\test_universe_nodes.py" line="1376" time="0.000" /><testcase classname="tests.test_universe_nodes.TestUniverseCycle" name="test_continues_when_queue_has_more" file="tests\test_universe_nodes.py" line="1388" time="0.000" /><testcase classname="tests.test_universe_nodes.TestUniverseCycle" name="test_updates_health_metrics" file="tests\test_universe_nodes.py" line="1399" time="0.001" /><testcase classname="tests.test_universe_nodes.TestUniverseCycle" name="test_increments_cycles_completed" file="tests\test_universe_nodes.py" line="1411" time="0.000" /><testcase classname="tests.test_universe_nodes.TestUniverseCycle" name="test_calls_memory_cleanup" file="tests\test_universe_nodes.py" line="1421" time="0.001" /><testcase classname="tests.test_universe_nodes.TestUniverseCycle" name="test_graceful_when_no_manager" file="tests\test_universe_nodes.py" line="1441" time="0.001" /><testcase classname="tests.test_universe_nodes.TestUniverseCycle" name="test_graceful_when_manager_fails" file="tests\test_universe_nodes.py" line="1451" time="0.001" /><testcase classname="tests.test_universe_nodes.TestUniverseCycle" name="test_returns_quality_trace" file="tests\test_universe_nodes.py" line="1468" time="0.001" /><testcase classname="tests.test_universe_nodes.TestUniverseCycle" name="test_empty_queue_does_not_stop" file="tests\test_universe_nodes.py" line="1482" time="0.000" /><testcase classname="tests.test_universe_nodes.TestUniverseCycle" name="test_pops_front_task" file="tests\test_universe_nodes.py" line="1488" time="0.001" /><testcase classname="tests.test_universe_nodes.TestUniverseCycle" name="test_forwards_world_state_version" file="tests\test_universe_nodes.py" line="1497" time="0.000" /><testcase classname="tests.test_universe_nodes.TestUniverseCycle" name="test_forwards_world_state_version_default" file="tests\test_universe_nodes.py" line="1508" time="0.000" /><testcase classname="tests.test_universe_nodes.TestReflect" name="test_returns_quality_trace" file="tests\test_universe_nodes.py" line="1523" time="0.001" /><testcase classname="tests.test_universe_nodes.TestReflect" name="test_reflexion_runs_with_manager" file="tests\test_universe_nodes.py" line="1532" time="0.001" /><testcase classname="tests.test_universe_nodes.TestReflect" name="test_reflexion_skipped_without_manager" file="tests\test_universe_nodes.py" line="1551" time="0.000" /><testcase classname="tests.test_universe_nodes.TestReflect" name="test_reflexion_failure_is_graceful" file="tests\test_universe_nodes.py" line="1556" time="0.001" /><testcase classname="tests.test_universe_nodes.TestReflect" name="test_no_crash_on_empty_state" file="tests\test_universe_nodes.py" line="1570" time="0.001" /><testcase classname="tests.test_universe_nodes.TestReflectCanonReview" name="test_reviews_canon_files" file="tests\test_universe_nodes.py" line="1595" time="0.042" /><testcase classname="tests.test_universe_nodes.TestReflectCanonReview" name="test_skips_without_universe_path" file="tests\test_universe_nodes.py" line="1610" time="0.001" /><testcase classname="tests.test_universe_nodes.TestReflectCanonReview" name="test_skips_without_canon_dir" file="tests\test_universe_nodes.py" line="1615" time="0.014" /><testcase classname="tests.test_universe_nodes.TestReflectCanonReview" name="test_skips_without_premise" file="tests\test_universe_nodes.py" line="1622" time="0.014" /><testcase classname="tests.test_universe_nodes.TestReflectCanonReview" name="test_rewrites_drifted_files" file="tests\test_universe_nodes.py" line="1632" time="0.032" /><testcase classname="tests.test_universe_nodes.TestReflectCanonReview" name="test_limits_rewrites_per_cycle" file="tests\test_universe_nodes.py" line="1663" time="0.063" /><testcase classname="tests.test_universe_nodes.TestReflectCanonReview" name="test_graceful_when_evaluate_fails" file="tests\test_universe_nodes.py" line="1690" time="0.030" /><testcase classname="tests.test_universe_nodes.TestReflectCanonReview" name="test_graceful_when_rewrite_fails" file="tests\test_universe_nodes.py" line="1707" time="0.028" /><testcase classname="tests.test_universe_nodes.TestReflectCanonReview" name="test_uses_premise_kernel_fallback" file="tests\test_universe_nodes.py" line="1743" time="0.016" /><testcase classname="tests.test_universe_nodes.TestReflectCanonReview" name="test_non_md_files_ignored" file="tests\test_universe_nodes.py" line="1756" time="0.025" /><testcase classname="tests.test_universe_nodes.TestCanonReviewHelpers" name="test_parse_issues_valid_json" file="tests\test_universe_nodes.py" line="1775" time="0.001" /><testcase classname="tests.test_universe_nodes.TestCanonReviewHelpers" name="test_parse_issues_empty_array" file="tests\test_universe_nodes.py" line="1787" time="0.001" /><testcase classname="tests.test_universe_nodes.TestCanonReviewHelpers" name="test_parse_issues_invalid_json" file="tests\test_universe_nodes.py" line="1791" time="0.001" /><testcase classname="tests.test_universe_nodes.TestCanonReviewHelpers" name="test_parse_issues_strips_code_fences" file="tests\test_universe_nodes.py" line="1795" time="0.001" /><testcase classname="tests.test_universe_nodes.TestCanonReviewHelpers" name="test_parse_issues_missing_filename" file="tests\test_universe_nodes.py" line="1802" time="0.000" /><testcase classname="tests.test_universe_nodes.TestCanonReviewHelpers" name="test_parse_issues_defaults" file="tests\test_universe_nodes.py" line="1812" time="0.001" /><testcase classname="tests.test_universe_nodes.TestCanonReviewHelpers" name="test_parse_issues_non_list" file="tests\test_universe_nodes.py" line="1819" time="0.001" /><testcase classname="tests.test_universe_nodes.TestCanonReviewHelpers" name="test_collect_reviewable_canon_no_signals_returns_all" file="tests\test_universe_nodes.py" line="1823" time="0.022" /><testcase classname="tests.test_universe_nodes.TestCanonReviewHelpers" name="test_collect_reviewable_canon_with_signal_topics" file="tests\test_universe_nodes.py" line="1835" time="0.015" /><testcase classname="tests.test_universe_nodes.TestCanonReviewHelpers" name="test_collect_reviewable_canon_includes_unreviewed" file="tests\test_universe_nodes.py" line="1848" time="0.016" /><testcase classname="tests.test_universe_nodes.TestCanonReviewHelpers" name="test_recently_reviewed_always_false" file="tests\test_universe_nodes.py" line="1857" time="0.013" /><testcase classname="tests.test_universe_nodes.TestCanonReviewHelpers" name="test_recently_reviewed_no_marker" file="tests\test_universe_nodes.py" line="1864" time="0.013" /><testcase classname="tests.test_universe_nodes.TestCanonReviewHelpers" name="test_stamp_reviewed_creates_marker" file="tests\test_universe_nodes.py" line="1870" time="0.022" /><testcase classname="tests.test_universe_nodes.TestCanonReviewHelpers" name="test_evaluate_canon_returns_list" file="tests\test_universe_nodes.py" line="1880" time="0.013" /><testcase classname="tests.test_universe_nodes.TestCommitWorldbuildSignals" name="test_commit_returns_worldbuild_signals_key" file="tests\test_universe_nodes.py" line="1909" time="0.022" /><testcase classname="tests.test_universe_nodes.TestCommitWorldbuildSignals" name="test_signals_empty_without_universe_path" file="tests\test_universe_nodes.py" line="1925" time="0.015" /><testcase classname="tests.test_universe_nodes.TestCommitWorldbuildSignals" name="test_signals_empty_without_canon" file="tests\test_universe_nodes.py" line="1940" time="0.032" /><testcase classname="tests.test_universe_nodes.TestCommitWorldbuildSignals" name="test_signals_count_in_quality_trace" file="tests\test_universe_nodes.py" line="1957" time="0.016" /><testcase classname="tests.test_universe_nodes.TestCommitWorldbuildSignals" name="test_parse_worldbuild_signals_valid" file="tests\test_universe_nodes.py" line="1974" time="0.001" /><testcase classname="tests.test_universe_nodes.TestCommitWorldbuildSignals" name="test_parse_worldbuild_signals_empty" file="tests\test_universe_nodes.py" line="1987" time="0.001" /><testcase classname="tests.test_universe_nodes.TestCommitWorldbuildSignals" name="test_parse_worldbuild_signals_invalid_json" file="tests\test_universe_nodes.py" line="1993" time="0.001" /><testcase classname="tests.test_universe_nodes.TestCommitWorldbuildSignals" name="test_parse_worldbuild_signals_bad_types_filtered" file="tests\test_universe_nodes.py" line="1999" time="0.001" /><testcase classname="tests.test_universe_nodes.TestCommitWorldbuildSignals" name="test_parse_worldbuild_signals_strips_code_fences" file="tests\test_universe_nodes.py" line="2013" time="0.000" /><testcase classname="tests.test_universe_nodes.TestCommitWorldbuildSignals" name="test_persist_worldbuild_signals" file="tests\test_universe_nodes.py" line="2021" time="0.022" /><testcase classname="tests.test_universe_nodes.TestCommitWorldbuildSignals" name="test_persist_appends_to_existing" file="tests\test_universe_nodes.py" line="2037" time="0.032" /><testcase classname="tests.test_universe_nodes.TestCommitWorldbuildSignals" name="test_persist_graceful_without_universe_path" file="tests\test_universe_nodes.py" line="2056" time="0.001" /><testcase classname="tests.test_universe_nodes.TestSelectTaskSignals" name="test_worldbuild_signals_in_state_trigger_worldbuild" file="tests\test_universe_nodes.py" line="2071" time="0.001" /><testcase classname="tests.test_universe_nodes.TestSelectTaskSignals" name="test_worldbuild_signals_on_disk_trigger_worldbuild" file="tests\test_universe_nodes.py" line="2086" time="0.021" /><testcase classname="tests.test_universe_nodes.TestSelectTaskSignals" name="test_empty_signals_file_does_not_trigger" file="tests\test_universe_nodes.py" line="2105" time="0.014" /><testcase classname="tests.test_universe_nodes.TestSelectTaskSignals" name="test_stuck_takes_priority_over_signals" file="tests\test_universe_nodes.py" line="2121" time="0.001" /><testcase classname="tests.test_universe_nodes.TestSelectTaskSignals" name="test_user_override_takes_priority_over_signals" file="tests\test_universe_nodes.py" line="2133" time="0.001" /><testcase classname="tests.test_universe_nodes.TestSelectTaskSignals" name="test_no_signals_no_staleness_idles" file="tests\test_universe_nodes.py" line="2146" time="0.000" /><testcase classname="tests.test_universe_nodes.TestSelectTaskSignals" name="test_corrupt_signals_file_ignored" file="tests\test_universe_nodes.py" line="2158" time="0.021" /><testcase classname="tests.test_universe_nodes.TestSelectTaskSignals" name="test_old_chapter_threshold_is_high" file="tests\test_universe_nodes.py" line="2176" time="0.001" /><testcase classname="tests.test_universe_nodes.TestGlobalSynthesisQueue" name="test_cross_universe_synthesis_switches" file="tests\test_universe_nodes.py" line="2199" time="0.023" /><testcase classname="tests.test_universe_nodes.TestGlobalSynthesisQueue" name="test_no_cross_universe_when_all_clear" file="tests\test_universe_nodes.py" line="2225" time="0.015" /><testcase classname="tests.test_universe_nodes.TestGlobalSynthesisQueue" name="test_cross_universe_skips_non_synthesis_signals" file="tests\test_universe_nodes.py" line="2246" time="0.025" /><testcase classname="tests.test_universe_nodes.TestGlobalSynthesisQueue" name="test_cross_universe_ignores_current" file="tests\test_universe_nodes.py" line="2268" time="0.015" /><testcase classname="tests.test_universe_nodes.TestGlobalSynthesisQueue" name="test_cross_universe_no_path_idles" file="tests\test_universe_nodes.py" line="2290" time="0.001" /><testcase classname="tests.test_universe_nodes.TestGlobalSynthesisQueue" name="test_user_directed_write_skips_cross_universe" file="tests\test_universe_nodes.py" line="2301" time="0.013" /><testcase classname="tests.test_universe_nodes.TestWorldbuildSignalDriven" name="test_acts_on_signals_from_state" file="tests\test_universe_nodes.py" line="2354" time="0.044" /><testcase classname="tests.test_universe_nodes.TestWorldbuildSignalDriven" name="test_acts_on_signals_from_file" file="tests\test_universe_nodes.py" line="2372" time="0.060" /><testcase classname="tests.test_universe_nodes.TestWorldbuildSignalDriven" name="test_clears_signals_after_acting" file="tests\test_universe_nodes.py" line="2390" time="0.055" /><testcase classname="tests.test_universe_nodes.TestWorldbuildSignalDriven" name="test_returns_empty_worldbuild_signals" file="tests\test_universe_nodes.py" line="2413" time="0.056" /><testcase classname="tests.test_universe_nodes.TestWorldbuildSignalDriven" name="test_falls_back_to_gap_filling" file="tests\test_universe_nodes.py" line="2427" time="0.044" /><testcase classname="tests.test_universe_nodes.TestWorldbuildSignalDriven" name="test_graceful_when_signal_handling_fails" file="tests\test_universe_nodes.py" line="2442" time="0.034" /><testcase classname="tests.test_universe_nodes.TestWorldbuildSignalDriven" name="test_max_signals_per_cycle" file="tests\test_universe_nodes.py" line="2462" time="0.060" /><testcase classname="tests.test_universe_nodes.TestReflectSignalDriven" name="test_reviews_all_files_without_signals" file="tests\test_universe_nodes.py" line="2510" time="0.033" /><testcase classname="tests.test_universe_nodes.TestReflectSignalDriven" name="test_focuses_on_signal_topics" file="tests\test_universe_nodes.py" line="2524" time="0.027" /><testcase classname="tests.test_universe_nodes.TestReflectSignalDriven" name="test_recently_stamped_files_still_reviewed" file="tests\test_universe_nodes.py" line="2543" time="0.017" /><testcase classname="tests.test_universe_nodes.TestReflectSignalDriven" name="test_extract_signal_topics_from_state" file="tests\test_universe_nodes.py" line="2557" time="0.015" /><testcase classname="tests.test_universe_nodes.TestReflectSignalDriven" name="test_extract_signal_topics_from_file" file="tests\test_universe_nodes.py" line="2569" time="0.029" /><testcase classname="tests.test_universe_nodes.TestReflectSignalDriven" name="test_extract_signal_topics_none_when_no_signals" file="tests\test_universe_nodes.py" line="2580" time="0.013" /><testcase classname="tests.test_universe_nodes.TestReflectSignalDriven" name="test_model_tier_guard_still_works" file="tests\test_universe_nodes.py" line="2586" time="0.031" /><testcase classname="tests.test_universe_self_model" name="test_ensure_self_model_does_not_create_self_folder" file="tests\test_universe_self_model.py" line="32" time="0.013" /><testcase classname="tests.test_universe_self_model" name="test_seed_questions_match_root_soul_files" file="tests\test_universe_self_model.py" line="38" time="0.001" /><testcase classname="tests.test_universe_self_model" name="test_read_missing_root_soul_bundle_reports_absent" file="tests\test_universe_self_model.py" line="48" time="0.012" /><testcase classname="tests.test_universe_self_model" name="test_read_blank_root_soul_bundle_is_all_open" file="tests\test_universe_self_model.py" line="55" time="0.057" /><testcase classname="tests.test_universe_self_model" name="test_read_root_soul_files_distinguishes_known_from_open" file="tests\test_universe_self_model.py" line="70" time="0.028" /><testcase classname="tests.test_universe_self_model" name="test_read_ignores_legacy_self_directory" file="tests\test_universe_self_model.py" line="92" time="0.019" /><testcase classname="tests.test_universe_self_model" name="test_read_reports_actual_okf_version_from_root_index" file="tests\test_universe_self_model.py" line="105" time="0.028" /><testcase classname="tests.test_universe_server_add_canon.TestAddCanonSynthesisSignal" name="test_add_canon_response_makes_version_semantics_explicit" file="tests\test_universe_server_add_canon.py" line="74" time="0.018" /><testcase classname="tests.test_universe_server_add_canon.TestAddCanonSynthesisSignal" name="test_add_canon_emits_signal" file="tests\test_universe_server_add_canon.py" line="93" time="0.028" /><testcase classname="tests.test_universe_server_add_canon.TestAddCanonSynthesisSignal" name="test_add_canon_routes_to_sources_dir" file="tests\test_universe_server_add_canon.py" line="108" time="0.019" /><testcase classname="tests.test_universe_server_add_canon.TestAddCanonSynthesisSignal" name="test_add_canon_ledger_entry_unchanged" file="tests\test_universe_server_add_canon.py" line="117" time="0.029" /><testcase classname="tests.test_universe_server_add_canon.TestAddCanonSynthesisSignal" name="test_add_canon_reports_replace_and_unchanged" file="tests\test_universe_server_add_canon.py" line="130" time="0.079" /><testcase classname="tests.test_universe_server_add_canon.TestAddCanonFromPathHappyPath" name="test_large_file_ingests_with_signal" file="tests\test_universe_server_add_canon.py" line="146" time="0.055" /><testcase classname="tests.test_universe_server_add_canon.TestAddCanonFromPathHappyPath" name="test_filename_override" file="tests\test_universe_server_add_canon.py" line="186" time="0.027" /><testcase classname="tests.test_universe_server_add_canon.TestAddCanonFromPathHappyPath" name="test_default_provenance_is_user_upload" file="tests\test_universe_server_add_canon.py" line="198" time="0.030" /><testcase classname="tests.test_universe_server_add_canon.TestAddCanonFromPathHappyPath" name="test_meta_file_written" file="tests\test_universe_server_add_canon.py" line="206" time="0.036" /><testcase classname="tests.test_universe_server_add_canon.TestAddCanonFromPathHappyPath" name="test_ledger_entry_appended" file="tests\test_universe_server_add_canon.py" line="221" time="0.041" /><testcase classname="tests.test_universe_server_add_canon.TestSourceInspection" name="test_list_sources_exposes_manifest_and_attestation" file="tests\test_universe_server_add_canon.py" line="239" time="0.098" /><testcase classname="tests.test_universe_server_add_canon.TestSourceInspection" name="test_read_source_returns_verbatim_content_and_checksum" file="tests\test_universe_server_add_canon.py" line="260" time="0.095" /><testcase classname="tests.test_universe_server_add_canon.TestSourceInspection" name="test_read_source_default_preview_preserves_chatgpt_continuation_budget" file="tests\test_universe_server_add_canon.py" line="280" time="0.094" /><testcase classname="tests.test_universe_server_add_canon.TestSourceInspection" name="test_read_source_explicit_limit_allows_larger_preview" file="tests\test_universe_server_add_canon.py" line="299" time="0.094" /><testcase classname="tests.test_universe_server_add_canon.TestSourceInspection" name="test_read_source_rejects_path_segments" file="tests\test_universe_server_add_canon.py" line="317" time="0.077" /><testcase classname="tests.test_universe_server_add_canon.TestAddCanonFromPathRejections" name="test_missing_path_rejected" file="tests\test_universe_server_add_canon.py" line="332" time="0.014" /><testcase classname="tests.test_universe_server_add_canon.TestAddCanonFromPathRejections" name="test_relative_path_rejected" file="tests\test_universe_server_add_canon.py" line="337" time="0.014" /><testcase classname="tests.test_universe_server_add_canon.TestAddCanonFromPathRejections" name="test_nonexistent_path_rejected" file="tests\test_universe_server_add_canon.py" line="344" time="0.013" /><testcase classname="tests.test_universe_server_add_canon.TestAddCanonFromPathRejections" name="test_directory_path_rejected" file="tests\test_universe_server_add_canon.py" line="352" time="0.014" /><testcase classname="tests.test_universe_server_add_canon.TestAddCanonFromPathRejections" name="test_non_utf8_file_rejected" file="tests\test_universe_server_add_canon.py" line="360" time="0.025" /><testcase classname="tests.test_universe_server_add_canon.TestAddCanonFromPathRejections" name="test_rejection_leaves_no_ledger_entry" file="tests\test_universe_server_add_canon.py" line="376" time="0.014" /><testcase classname="tests.test_universe_server_add_canon.TestAddCanonFromPathWhitelist" name="test_whitelist_unset_accepts_any_absolute" file="tests\test_universe_server_add_canon.py" line="390" time="0.031" /><testcase classname="tests.test_universe_server_add_canon.TestAddCanonFromPathWhitelist" name="test_whitelist_set_accepts_path_under_prefix" file="tests\test_universe_server_add_canon.py" line="401" time="0.028" /><testcase classname="tests.test_universe_server_add_canon.TestAddCanonFromPathWhitelist" name="test_whitelist_set_rejects_path_outside_prefix" file="tests\test_universe_server_add_canon.py" line="411" time="0.016" /><testcase classname="tests.test_universe_server_add_canon.TestAddCanonFromPathWhitelist" name="test_whitelist_traversal_attempt_rejected" file="tests\test_universe_server_add_canon.py" line="429" time="0.014" /><testcase classname="tests.test_universe_server_add_canon.TestAddCanonFromPathWhitelist" name="test_whitelist_multiple_prefixes" file="tests\test_universe_server_add_canon.py" line="447" time="0.053" /><testcase classname="tests.test_universe_server_add_canon.TestAddCanonFromPathWhitelist" name="test_whitelist_prefix_helper_parses_windows_drive" file="tests\test_universe_server_add_canon.py" line="467" time="0.001" /><testcase classname="tests.test_universe_server_add_canon.TestAddCanonFromPathWhitelist" name="test_whitelist_unset_helper_returns_none" file="tests\test_universe_server_add_canon.py" line="485" time="0.001" /><testcase classname="tests.test_universe_server_add_canon.TestAddCanonFromPathWhitelist" name="test_whitelist_empty_string_is_none" file="tests\test_universe_server_add_canon.py" line="491" time="0.001" /><testcase classname="tests.test_universe_server_add_canon.TestAddCanonFromPathPreview" name="test_preview_returns_first_200_chars" file="tests\test_universe_server_add_canon.py" line="501" time="0.021" /><testcase classname="tests.test_universe_server_add_canon.TestAddCanonFromPathPreview" name="test_preview_shorter_than_200_for_short_file" file="tests\test_universe_server_add_canon.py" line="510" time="0.029" /><testcase classname="tests.test_universe_server_add_canon.TestAddCanonFromPathPreview" name="test_preview_empty_for_empty_file" file="tests\test_universe_server_add_canon.py" line="519" time="0.021" /><testcase classname="tests.test_universe_server_add_canon.TestAddCanonFromPathPreview" name="test_preview_uses_decoded_chars_not_bytes" file="tests\test_universe_server_add_canon.py" line="529" time="0.026" /><testcase classname="tests.test_universe_server_directory_app" name="test_streamable_http_app_mounts_only_canonical_mcp" file="tests\test_universe_server_directory_app.py" line="25" time="0.001" /><testcase classname="tests.test_universe_server_directory_app" name="test_canonical_mcp_server_uses_exact_public_name" file="tests\test_universe_server_directory_app.py" line="37" time="0.001" /><testcase classname="tests.test_universe_server_directory_app" name="test_retired_directory_paths_are_ordinary_404s[GET-/mcp-directory]" file="tests\test_universe_server_directory_app.py" line="41" time="0.032" /><testcase classname="tests.test_universe_server_directory_app" name="test_retired_directory_paths_are_ordinary_404s[GET-/mcp-directory/]" file="tests\test_universe_server_directory_app.py" line="41" time="0.034" /><testcase classname="tests.test_universe_server_directory_app" name="test_retired_directory_paths_are_ordinary_404s[GET-/mcp-directory/catalog/2026-06-24-underscore-handles]" file="tests\test_universe_server_directory_app.py" line="41" time="0.050" /><testcase classname="tests.test_universe_server_directory_app" name="test_retired_directory_paths_are_ordinary_404s[GET-/mcp-directory/catalog/future]" file="tests\test_universe_server_directory_app.py" line="41" time="0.033" /><testcase classname="tests.test_universe_server_directory_app" name="test_retired_directory_paths_are_ordinary_404s[GET-/mcp-directory/arbitrary-descendant]" file="tests\test_universe_server_directory_app.py" line="41" time="0.045" /><testcase classname="tests.test_universe_server_directory_app" name="test_retired_directory_paths_are_ordinary_404s[GET-/mcp-directory?catalog=future]" file="tests\test_universe_server_directory_app.py" line="41" time="0.033" /><testcase classname="tests.test_universe_server_directory_app" name="test_retired_directory_paths_are_ordinary_404s[HEAD-/mcp-directory]" file="tests\test_universe_server_directory_app.py" line="41" time="0.031" /><testcase classname="tests.test_universe_server_directory_app" name="test_retired_directory_paths_are_ordinary_404s[HEAD-/mcp-directory/]" file="tests\test_universe_server_directory_app.py" line="41" time="0.031" /><testcase classname="tests.test_universe_server_directory_app" name="test_retired_directory_paths_are_ordinary_404s[HEAD-/mcp-directory/catalog/2026-06-24-underscore-handles]" file="tests\test_universe_server_directory_app.py" line="41" time="0.031" /><testcase classname="tests.test_universe_server_directory_app" name="test_retired_directory_paths_are_ordinary_404s[HEAD-/mcp-directory/catalog/future]" file="tests\test_universe_server_directory_app.py" line="41" time="0.033" /><testcase classname="tests.test_universe_server_directory_app" name="test_retired_directory_paths_are_ordinary_404s[HEAD-/mcp-directory/arbitrary-descendant]" file="tests\test_universe_server_directory_app.py" line="41" time="0.036" /><testcase classname="tests.test_universe_server_directory_app" name="test_retired_directory_paths_are_ordinary_404s[HEAD-/mcp-directory?catalog=future]" file="tests\test_universe_server_directory_app.py" line="41" time="0.037" /><testcase classname="tests.test_universe_server_directory_app" name="test_retired_directory_paths_are_ordinary_404s[POST-/mcp-directory]" file="tests\test_universe_server_directory_app.py" line="41" time="0.039" /><testcase classname="tests.test_universe_server_directory_app" name="test_retired_directory_paths_are_ordinary_404s[POST-/mcp-directory/]" file="tests\test_universe_server_directory_app.py" line="41" time="0.039" /><testcase classname="tests.test_universe_server_directory_app" name="test_retired_directory_paths_are_ordinary_404s[POST-/mcp-directory/catalog/2026-06-24-underscore-handles]" file="tests\test_universe_server_directory_app.py" line="41" time="0.032" /><testcase classname="tests.test_universe_server_directory_app" name="test_retired_directory_paths_are_ordinary_404s[POST-/mcp-directory/catalog/future]" file="tests\test_universe_server_directory_app.py" line="41" time="0.032" /><testcase classname="tests.test_universe_server_directory_app" name="test_retired_directory_paths_are_ordinary_404s[POST-/mcp-directory/arbitrary-descendant]" file="tests\test_universe_server_directory_app.py" line="41" time="0.031" /><testcase classname="tests.test_universe_server_directory_app" name="test_retired_directory_paths_are_ordinary_404s[POST-/mcp-directory?catalog=future]" file="tests\test_universe_server_directory_app.py" line="41" time="0.031" /><testcase classname="tests.test_universe_server_directory_app" name="test_retired_directory_paths_are_ordinary_404s[PUT-/mcp-directory]" file="tests\test_universe_server_directory_app.py" line="41" time="0.033" /><testcase classname="tests.test_universe_server_directory_app" name="test_retired_directory_paths_are_ordinary_404s[PUT-/mcp-directory/]" file="tests\test_universe_server_directory_app.py" line="41" time="0.033" /><testcase classname="tests.test_universe_server_directory_app" name="test_retired_directory_paths_are_ordinary_404s[PUT-/mcp-directory/catalog/2026-06-24-underscore-handles]" file="tests\test_universe_server_directory_app.py" line="41" time="0.032" /><testcase classname="tests.test_universe_server_directory_app" name="test_retired_directory_paths_are_ordinary_404s[PUT-/mcp-directory/catalog/future]" file="tests\test_universe_server_directory_app.py" line="41" time="0.032" /><testcase classname="tests.test_universe_server_directory_app" name="test_retired_directory_paths_are_ordinary_404s[PUT-/mcp-directory/arbitrary-descendant]" file="tests\test_universe_server_directory_app.py" line="41" time="0.033" /><testcase classname="tests.test_universe_server_directory_app" name="test_retired_directory_paths_are_ordinary_404s[PUT-/mcp-directory?catalog=future]" file="tests\test_universe_server_directory_app.py" line="41" time="0.032" /><testcase classname="tests.test_universe_server_directory_app" name="test_retired_directory_paths_are_ordinary_404s[PATCH-/mcp-directory]" file="tests\test_universe_server_directory_app.py" line="41" time="0.032" /><testcase classname="tests.test_universe_server_directory_app" name="test_retired_directory_paths_are_ordinary_404s[PATCH-/mcp-directory/]" file="tests\test_universe_server_directory_app.py" line="41" time="0.033" /><testcase classname="tests.test_universe_server_directory_app" name="test_retired_directory_paths_are_ordinary_404s[PATCH-/mcp-directory/catalog/2026-06-24-underscore-handles]" file="tests\test_universe_server_directory_app.py" line="41" time="0.031" /><testcase classname="tests.test_universe_server_directory_app" name="test_retired_directory_paths_are_ordinary_404s[PATCH-/mcp-directory/catalog/future]" file="tests\test_universe_server_directory_app.py" line="41" time="0.031" /><testcase classname="tests.test_universe_server_directory_app" name="test_retired_directory_paths_are_ordinary_404s[PATCH-/mcp-directory/arbitrary-descendant]" file="tests\test_universe_server_directory_app.py" line="41" time="0.031" /><testcase classname="tests.test_universe_server_directory_app" name="test_retired_directory_paths_are_ordinary_404s[PATCH-/mcp-directory?catalog=future]" file="tests\test_universe_server_directory_app.py" line="41" time="0.035" /><testcase classname="tests.test_universe_server_directory_app" name="test_retired_directory_paths_are_ordinary_404s[DELETE-/mcp-directory]" file="tests\test_universe_server_directory_app.py" line="41" time="0.031" /><testcase classname="tests.test_universe_server_directory_app" name="test_retired_directory_paths_are_ordinary_404s[DELETE-/mcp-directory/]" file="tests\test_universe_server_directory_app.py" line="41" time="0.031" /><testcase classname="tests.test_universe_server_directory_app" name="test_retired_directory_paths_are_ordinary_404s[DELETE-/mcp-directory/catalog/2026-06-24-underscore-handles]" file="tests\test_universe_server_directory_app.py" line="41" time="0.031" /><testcase classname="tests.test_universe_server_directory_app" name="test_retired_directory_paths_are_ordinary_404s[DELETE-/mcp-directory/catalog/future]" file="tests\test_universe_server_directory_app.py" line="41" time="0.034" /><testcase classname="tests.test_universe_server_directory_app" name="test_retired_directory_paths_are_ordinary_404s[DELETE-/mcp-directory/arbitrary-descendant]" file="tests\test_universe_server_directory_app.py" line="41" time="0.032" /><testcase classname="tests.test_universe_server_directory_app" name="test_retired_directory_paths_are_ordinary_404s[DELETE-/mcp-directory?catalog=future]" file="tests\test_universe_server_directory_app.py" line="41" time="0.033" /><testcase classname="tests.test_universe_server_directory_app" name="test_retired_directory_paths_are_ordinary_404s[OPTIONS-/mcp-directory]" file="tests\test_universe_server_directory_app.py" line="41" time="0.031" /><testcase classname="tests.test_universe_server_directory_app" name="test_retired_directory_paths_are_ordinary_404s[OPTIONS-/mcp-directory/]" file="tests\test_universe_server_directory_app.py" line="41" time="0.031" /><testcase classname="tests.test_universe_server_directory_app" name="test_retired_directory_paths_are_ordinary_404s[OPTIONS-/mcp-directory/catalog/2026-06-24-underscore-handles]" file="tests\test_universe_server_directory_app.py" line="41" time="0.033" /><testcase classname="tests.test_universe_server_directory_app" name="test_retired_directory_paths_are_ordinary_404s[OPTIONS-/mcp-directory/catalog/future]" file="tests\test_universe_server_directory_app.py" line="41" time="0.035" /><testcase classname="tests.test_universe_server_directory_app" name="test_retired_directory_paths_are_ordinary_404s[OPTIONS-/mcp-directory/arbitrary-descendant]" file="tests\test_universe_server_directory_app.py" line="41" time="0.034" /><testcase classname="tests.test_universe_server_directory_app" name="test_retired_directory_paths_are_ordinary_404s[OPTIONS-/mcp-directory?catalog=future]" file="tests\test_universe_server_directory_app.py" line="41" time="0.033" /><testcase classname="tests.test_universe_server_directory_app" name="test_retired_directory_path_never_enters_discovery_or_transport[headers0]" file="tests\test_universe_server_directory_app.py" line="66" time="0.036" /><testcase classname="tests.test_universe_server_directory_app" name="test_retired_directory_path_never_enters_discovery_or_transport[headers1]" file="tests\test_universe_server_directory_app.py" line="66" time="0.033" /><testcase classname="tests.test_universe_server_directory_app" name="test_retired_directory_path_never_enters_discovery_or_transport[headers2]" file="tests\test_universe_server_directory_app.py" line="66" time="0.035" /><testcase classname="tests.test_universe_server_directory_app" name="test_retired_directory_path_never_enters_discovery_or_transport[headers3]" file="tests\test_universe_server_directory_app.py" line="66" time="0.031" /><testcase classname="tests.test_universe_server_directory_app" name="test_retired_directory_path_never_enters_discovery_or_transport[headers4]" file="tests\test_universe_server_directory_app.py" line="66" time="0.030" /><testcase classname="tests.test_universe_server_directory_app" name="test_http_app_exposes_no_universe_creation_route" file="tests\test_universe_server_directory_app.py" line="92" time="0.001" /><testcase classname="tests.test_universe_server_five_handles" name="test_live_surface_advertises_exactly_canonical_public_tools" file="tests\test_universe_server_five_handles.py" line="51" time="0.001" /><testcase classname="tests.test_universe_server_five_handles" name="test_legacy_tools_stay_registered_but_hidden" file="tests\test_universe_server_five_handles.py" line="59" time="0.002" /><testcase classname="tests.test_universe_server_five_handles" name="test_handle_annotations_match_contract" file="tests\test_universe_server_five_handles.py" line="68" time="0.001" /><testcase classname="tests.test_universe_server_five_handles" name="test_write_graph_advertises_declarative_import_envelope" file="tests\test_universe_server_five_handles.py" line="76" time="0.001" /><testcase classname="tests.test_universe_server_five_handles" name="test_write_graph_advertises_agent_remix_lineage_contract" file="tests\test_universe_server_five_handles.py" line="104" time="0.001" /><testcase classname="tests.test_universe_server_five_handles" name="test_write_graph_advertises_private_binding_contract" file="tests\test_universe_server_five_handles.py" line="133" time="0.001" /><testcase classname="tests.test_universe_server_five_handles" name="test_read_graph_status_returns_operator_status" file="tests\test_universe_server_five_handles.py" line="144" time="0.022" /><testcase classname="tests.test_universe_server_five_handles" name="test_unknown_target_is_reported" file="tests\test_universe_server_five_handles.py" line="149" time="0.001" /><testcase classname="tests.test_universe_server_five_handles" name="test_custom_agent_reads_route_through_graph_handle" file="tests\test_universe_server_five_handles.py" line="161" time="0.001" /><testcase classname="tests.test_universe_server_five_handles" name="test_custom_agent_writes_route_through_graph_handle" file="tests\test_universe_server_five_handles.py" line="209" time="0.001" /><testcase classname="tests.test_universe_server_five_handles" name="test_unknown_custom_agent_operation_is_reported" file="tests\test_universe_server_five_handles.py" line="303" time="0.000" /><testcase classname="tests.test_universe_server_five_handles" name="test_custom_agent_definition_and_binding_round_trip" file="tests\test_universe_server_five_handles.py" line="322" time="0.085" /><testcase classname="tests.test_universe_server_five_handles" name="test_goal_write_and_read_round_trip" file="tests\test_universe_server_five_handles.py" line="408" time="0.072" /><testcase classname="tests.test_universe_server_five_handles" name="test_deprecated_legacy_tool_callable_and_logged" file="tests\test_universe_server_five_handles.py" line="439" time="0.017" /><testcase classname="tests.test_universe_server_framing" name="test_server_instructions_lead_with_workflow_builder_not_fiction" file="tests\test_universe_server_framing.py" line="27" time="0.001" /><testcase classname="tests.test_universe_server_framing" name="test_server_instructions_point_to_control_station_prompt" file="tests\test_universe_server_framing.py" line="51" time="0.001" /><testcase classname="tests.test_universe_server_framing" name="test_extensions_tool_description_points_to_prompts_for_rules" file="tests\test_universe_server_framing.py" line="77" time="0.001" /><testcase classname="tests.test_universe_server_framing" name="test_wiki_tool_description_is_not_a_catchall" file="tests\test_universe_server_framing.py" line="108" time="0.001" /><testcase classname="tests.test_universe_server_framing" name="test_universe_tool_description_is_general_not_fiction_only" file="tests\test_universe_server_framing.py" line="128" time="0.001" /><testcase classname="tests.test_universe_server_framing" name="test_control_station_prompt_carries_the_rules" file="tests\test_universe_server_framing.py" line="147" time="0.001" /><testcase classname="tests.test_universe_server_framing" name="test_control_station_promotes_chatbot_builder_behaviors_page" file="tests\test_universe_server_framing.py" line="175" time="0.001" /><testcase classname="tests.test_universe_server_framing" name="test_control_station_reports_daemon_memory_surface_gap" file="tests\test_universe_server_framing.py" line="188" time="0.001" /><testcase classname="tests.test_universe_server_framing" name="test_universe_schema_exposes_daemon_id_for_daemon_memory_actions" file="tests\test_universe_server_framing.py" line="199" time="0.001" /><testcase classname="tests.test_universe_server_framing" name="test_control_station_reports_treasury_status_surface_gap" file="tests\test_universe_server_framing.py" line="210" time="0.001" /><testcase classname="tests.test_universe_server_framing" name="test_extension_guide_prompt_points_to_control_station" file="tests\test_universe_server_framing.py" line="220" time="0.000" /><testcase classname="tests.test_universe_server_framing" name="test_control_station_prompts_canonical_read_first_for_query_intent" file="tests\test_universe_server_framing.py" line="236" time="0.001" /><testcase classname="tests.test_universe_server_framing" name="test_extensions_tool_still_lists_branch_query_actions" file="tests\test_universe_server_framing.py" line="256" time="0.001" /><testcase classname="tests.test_universe_server_framing" name="test_branch_design_guide_prompt_covers_branch_authoring" file="tests\test_universe_server_framing.py" line="270" time="0.001" /><testcase classname="tests.test_universe_server_framing" name="test_control_station_pins_register_explicit_ask_rule" file="tests\test_universe_server_framing.py" line="286" time="0.001" /><testcase classname="tests.test_universe_server_framing" name="test_control_station_pins_build_branch_explicit_ask_rule" file="tests\test_universe_server_framing.py" line="315" time="0.001" /><testcase classname="tests.test_universe_server_framing" name="test_universe_tool_docstring_points_to_cross_universe_rule" file="tests\test_universe_server_framing.py" line="329" time="0.001" /><testcase classname="tests.test_universe_server_framing" name="test_control_station_prompt_has_cross_universe_section" file="tests\test_universe_server_framing.py" line="344" time="0.001" /><testcase classname="tests.test_universe_server_framing" name="test_control_station_prompt_has_intent_disambiguation" file="tests\test_universe_server_framing.py" line="360" time="0.001" /><testcase classname="tests.test_universe_server_framing" name="test_control_station_prompt_has_rule_7_assume_workflow" file="tests\test_universe_server_framing.py" line="392" time="0.001" /><testcase classname="tests.test_universe_server_framing" name="test_control_station_prompt_has_rule_8_no_fabrication" file="tests\test_universe_server_framing.py" line="414" time="0.001" /><testcase classname="tests.test_universe_server_framing" name="test_control_station_prompt_has_rule_9_user_vocabulary" file="tests\test_universe_server_framing.py" line="429" time="0.001" /><testcase classname="tests.test_universe_server_isolation.TestUniverseIdInResponses" name="test_read_premise_includes_universe_id" file="tests\test_universe_server_isolation.py" line="127" time="0.107" /><testcase classname="tests.test_universe_server_isolation.TestUniverseIdInResponses" name="test_read_premise_missing_still_includes_universe_id" file="tests\test_universe_server_isolation.py" line="134" time="0.101" /><testcase classname="tests.test_universe_server_isolation.TestUniverseIdInResponses" name="test_read_output_includes_universe_id" file="tests\test_universe_server_isolation.py" line="140" time="0.122" /><testcase classname="tests.test_universe_server_isolation.TestUniverseIdInResponses" name="test_list_canon_includes_universe_id" file="tests\test_universe_server_isolation.py" line="148" time="0.092" /><testcase classname="tests.test_universe_server_isolation.TestUniverseIdInResponses" name="test_list_canon_no_canon_dir_still_includes_universe_id" file="tests\test_universe_server_isolation.py" line="155" time="0.092" /><testcase classname="tests.test_universe_server_isolation.TestUniverseIdInResponses" name="test_read_canon_includes_universe_id" file="tests\test_universe_server_isolation.py" line="160" time="0.096" /><testcase classname="tests.test_universe_server_isolation.TestUniverseIdInResponses" name="test_query_world_no_data_includes_universe_id" file="tests\test_universe_server_isolation.py" line="168" time="0.099" /><testcase classname="tests.test_universe_server_isolation.TestUniverseIdInResponses" name="test_get_activity_includes_universe_id" file="tests\test_universe_server_isolation.py" line="174" time="0.107" /><testcase classname="tests.test_universe_server_isolation.TestUniverseIdInResponses" name="test_get_activity_missing_log_includes_universe_id" file="tests\test_universe_server_isolation.py" line="180" time="0.119" /><testcase classname="tests.test_universe_server_isolation.TestUniverseIdInResponses" name="test_get_ledger_empty_includes_universe_id" file="tests\test_universe_server_isolation.py" line="185" time="0.093" /><testcase classname="tests.test_universe_server_isolation.TestUniverseIdInResponses" name="test_control_daemon_status_includes_universe_id" file="tests\test_universe_server_isolation.py" line="190" time="0.099" /><testcase classname="tests.test_universe_server_isolation.TestUniverseIdInResponses" name="test_different_universes_stay_distinct" file="tests\test_universe_server_isolation.py" line="195" time="0.143" /><testcase classname="tests.test_universe_server_isolation.TestUniverseIdInResponses" name="test_inspect_includes_universe_id" file="tests\test_universe_server_isolation.py" line="210" time="0.126" /><testcase classname="tests.test_universe_server_isolation.TestUniverseAclEnforcement" name="test_anonymous_cannot_write_public_universe" file="tests\test_universe_server_isolation.py" line="223" time="0.091" /><testcase classname="tests.test_universe_server_isolation.TestUniverseAclEnforcement" name="test_anonymous_can_read_public_universe" file="tests\test_universe_server_isolation.py" line="239" time="0.129" /><testcase classname="tests.test_universe_server_isolation.TestUniverseAclEnforcement" name="test_authenticated_founder_cannot_write_public_universe_without_grant" file="tests\test_universe_server_isolation.py" line="247" time="0.140" /><testcase classname="tests.test_universe_server_isolation.TestUniverseAclEnforcement" name="test_public_universe_read_stays_open_for_authenticated_reader" file="tests\test_universe_server_isolation.py" line="268" time="0.159" /><testcase classname="tests.test_universe_server_isolation.TestUniverseAclEnforcement" name="test_create_universe_grants_creator_admin_write" file="tests\test_universe_server_isolation.py" line="279" time="0.168" /><testcase classname="tests.test_universe_server_isolation.TestUniverseAclEnforcement" name="test_create_universe_denies_other_founder_write" file="tests\test_universe_server_isolation.py" line="306" time="0.130" /><testcase classname="tests.test_universe_server_isolation.TestUniverseAclEnforcement" name="test_owner_admin_grant_does_not_make_universe_private" file="tests\test_universe_server_isolation.py" line="332" time="0.117" /><testcase classname="tests.test_universe_server_isolation.TestUniverseAclEnforcement" name="test_private_universe_rejects_unlisted_reader" file="tests\test_universe_server_isolation.py" line="353" time="0.108" /><testcase classname="tests.test_universe_server_isolation.TestUniverseAclEnforcement" name="test_private_universe_rejects_reader_write" file="tests\test_universe_server_isolation.py" line="382" time="0.093" /><testcase classname="tests.test_universe_server_isolation.TestUniverseAclEnforcement" name="test_private_universe_allows_granted_writer" file="tests\test_universe_server_isolation.py" line="404" time="0.110" /><testcase classname="tests.test_universe_server_isolation.TestUniverseAclEnforcement" name="test_private_universe_allows_owner_admin_write" file="tests\test_universe_server_isolation.py" line="429" time="0.128" /><testcase classname="tests.test_universe_server_isolation.TestUniverseAclEnforcement" name="test_list_filters_private_universes_without_grant" file="tests\test_universe_server_isolation.py" line="452" time="0.155" /><testcase classname="tests.test_universe_server_isolation.TestUniverseWriteBoundaryBeyondUniverseTool" name="test_wiki_write_to_unowned_universe_is_denied" file="tests\test_universe_server_isolation.py" line="476" time="0.097" /><testcase classname="tests.test_universe_server_isolation.TestUniverseWriteBoundaryBeyondUniverseTool" name="test_wiki_read_of_private_universe_denied_without_scaffold" file="tests\test_universe_server_isolation.py" line="500" time="0.103" /><testcase classname="tests.test_universe_server_isolation.TestUniverseWriteBoundaryBeyondUniverseTool" name="test_authenticated_human_cannot_run_branch_without_universe_context" file="tests\test_universe_server_isolation.py" line="516" time="0.014" /><testcase classname="tests.test_universe_server_isolation.TestUniverseWriteBoundaryBeyondUniverseTool" name="test_branch_run_to_unowned_universe_is_denied" file="tests\test_universe_server_isolation.py" line="536" time="0.107" /><testcase classname="tests.test_universe_server_isolation.TestUniverseWriteBoundaryBeyondUniverseTool" name="test_run_branch_via_extensions_forwards_universe_id_to_gate" file="tests\test_universe_server_isolation.py" line="556" time="0.097" /><testcase classname="tests.test_universe_server_isolation.TestUniverseWriteBoundaryBeyondUniverseTool" name="test_branch_run_with_owned_universe_uses_universe_actor" file="tests\test_universe_server_isolation.py" line="580" time="0.107" /><testcase classname="tests.test_universe_server_isolation.TestUniverseWriteBoundaryBeyondUniverseTool" name="test_auto_ship_ledger_write_to_unowned_universe_is_denied" file="tests\test_universe_server_isolation.py" line="614" time="0.110" /><testcase classname="tests.test_universe_server_isolation.TestUniverseWriteBoundaryBeyondUniverseTool" name="test_auto_ship_pr_open_to_unowned_universe_is_denied" file="tests\test_universe_server_isolation.py" line="646" time="0.111" /><testcase classname="tests.test_universe_server_isolation.TestRunReadVisibility" name="test_run_read_allowed_helper" file="tests\test_universe_server_isolation.py" line="672" time="0.161" /><testcase classname="tests.test_universe_server_isolation.TestRunReadVisibility" name="test_get_run_output_denied_for_private_universe" file="tests\test_universe_server_isolation.py" line="682" time="0.276" /><testcase classname="tests.test_universe_server_isolation.TestRunReadVisibility" name="test_get_run_output_allowed_for_public_universe" file="tests\test_universe_server_isolation.py" line="700" time="0.246" /><testcase classname="tests.test_universe_server_isolation.TestRunReadVisibility" name="test_list_runs_filters_private_universe" file="tests\test_universe_server_isolation.py" line="718" time="0.196" /><testcase classname="tests.test_universe_server_isolation.TestRunReadVisibility" name="test_stream_and_wait_read_denied_for_private_universe" file="tests\test_universe_server_isolation.py" line="737" time="0.118" /><testcase classname="tests.test_universe_server_isolation.TestRunReadVisibility" name="test_cancel_run_denied_for_private_universe" file="tests\test_universe_server_isolation.py" line="753" time="0.097" /><testcase classname="tests.test_universe_server_isolation.TestRunReadVisibility" name="test_resume_run_denied_for_private_universe" file="tests\test_universe_server_isolation.py" line="774" time="0.101" /><testcase classname="tests.test_universe_server_isolation.TestRunReadVisibility" name="test_attach_child_denied_for_private_universe" file="tests\test_universe_server_isolation.py" line="789" time="0.093" /><testcase classname="tests.test_universe_server_isolation.TestRunReadVisibility" name="test_record_receipt_denied_for_private_universe" file="tests\test_universe_server_isolation.py" line="812" time="0.096" /><testcase classname="tests.test_universe_server_isolation.TestRunReadVisibility" name="test_routing_evidence_filters_private_universe" file="tests\test_universe_server_isolation.py" line="835" time="0.155" /><testcase classname="tests.test_universe_server_isolation.TestRunReadVisibility" name="test_query_runs_wires_read_filter" file="tests\test_universe_server_isolation.py" line="856" time="0.135" /><testcase classname="tests.test_universe_server_isolation.TestRunReadVisibility" name="test_get_status_of_private_universe_denied" file="tests\test_universe_server_isolation.py" line="875" time="0.124" /><testcase classname="tests.test_universe_server_isolation.TestRunReadVisibility" name="test_get_status_of_public_universe_allowed" file="tests\test_universe_server_isolation.py" line="883" time="0.115" /><testcase classname="tests.test_universe_server_isolation.TestRunReadVisibility" name="test_list_run_receipts_filters_private_in_all_modes" file="tests\test_universe_server_isolation.py" line="890" time="0.146" /><testcase classname="tests.test_universe_server_isolation.TestRunReadVisibility" name="test_get_memory_scope_status_private_denied" file="tests\test_universe_server_isolation.py" line="917" time="0.099" /><testcase classname="tests.test_universe_server_isolation.TestScopeHeader" name="test_dispatch_injects_text_header_on_read" file="tests\test_universe_server_isolation.py" line="931" time="0.099" /><testcase classname="tests.test_universe_server_isolation.TestScopeHeader" name="test_universe_id_is_first_key" file="tests\test_universe_server_isolation.py" line="945" time="0.095" /><testcase classname="tests.test_universe_server_isolation.TestScopeHeader" name="test_text_header_on_write_path" file="tests\test_universe_server_isolation.py" line="956" time="0.101" /><testcase classname="tests.test_universe_server_isolation.TestScopeHeader" name="test_error_without_universe_id_is_unchanged" file="tests\test_universe_server_isolation.py" line="968" time="0.017" /><testcase classname="tests.test_universe_server_isolation.TestScopeHeader" name="test_multi_universe_list_not_scoped" file="tests\test_universe_server_isolation.py" line="980" time="0.170" /><testcase classname="tests.test_universe_server_isolation.TestScopeHeader" name="test_existing_text_field_preserved_under_header" file="tests\test_universe_server_isolation.py" line="994" time="0.001" /><testcase classname="tests.test_universe_server_isolation.TestScopeHeader" name="test_preserves_all_other_fields" file="tests\test_universe_server_isolation.py" line="1002" time="0.102" /><testcase classname="tests.test_universe_server_isolation.TestScopeHeader" name="test_non_universe_scoped_response_unchanged" file="tests\test_universe_server_isolation.py" line="1015" time="0.001" /><testcase classname="tests.test_universe_server_isolation.TestScopeHeader" name="test_non_json_response_unchanged" file="tests\test_universe_server_isolation.py" line="1022" time="0.001" /><testcase classname="tests.test_universe_server_ledger" name="test_write_actions_table_is_exhaustive" file="tests\test_universe_server_ledger.py" line="107" time="0.001" /><testcase classname="tests.test_universe_server_ledger" name="test_set_premise_appends_ledger" file="tests\test_universe_server_ledger.py" line="132" time="0.025" /><testcase classname="tests.test_universe_server_ledger" name="test_set_premise_empty_does_not_append" file="tests\test_universe_server_ledger.py" line="148" time="0.014" /><testcase classname="tests.test_universe_server_ledger" name="test_give_direction_appends_ledger" file="tests\test_universe_server_ledger.py" line="155" time="0.023" /><testcase classname="tests.test_universe_server_ledger" name="test_give_direction_accepts_line_anchor" file="tests\test_universe_server_ledger.py" line="167" time="0.024" /><testcase classname="tests.test_universe_server_ledger" name="test_submit_request_appends_ledger" file="tests\test_universe_server_ledger.py" line="183" time="0.088" /><testcase classname="tests.test_universe_server_ledger" name="test_idempotent_request_replay_is_access_only_not_a_second_mutation" file="tests\test_universe_server_ledger.py" line="206" time="0.001" /><testcase classname="tests.test_universe_server_ledger" name="test_add_canon_appends_ledger" file="tests\test_universe_server_ledger.py" line="235" time="0.028" /><testcase classname="tests.test_universe_server_ledger" name="test_control_daemon_pause_and_resume_append_ledger" file="tests\test_universe_server_ledger.py" line="249" time="0.034" /><testcase classname="tests.test_universe_server_ledger" name="test_control_daemon_status_does_not_append" file="tests\test_universe_server_ledger.py" line="259" time="0.020" /><testcase classname="tests.test_universe_server_ledger" name="test_switch_universe_appends_ledger" file="tests\test_universe_server_ledger.py" line="265" time="0.024" /><testcase classname="tests.test_universe_server_ledger" name="test_create_universe_appends_ledger_to_new_universe" file="tests\test_universe_server_ledger.py" line="278" time="0.136" /><testcase classname="tests.test_universe_server_ledger" name="test_create_universe_surfaces_synthesis_first_run_checklist" file="tests\test_universe_server_ledger.py" line="290" time="0.096" /><testcase classname="tests.test_universe_server_ledger" name="test_get_ledger_returns_appended_entries" file="tests\test_universe_server_ledger.py" line="316" time="0.077" /><testcase classname="tests.test_universe_server_ledger" name="test_ledger_survives_across_mixed_writes" file="tests\test_universe_server_ledger.py" line="327" time="0.142" /><testcase classname="tests.test_universe_server_ledger" name="test_actor_defaults_to_anonymous_without_env" file="tests\test_universe_server_ledger.py" line="351" time="0.025" /><testcase classname="tests.test_universe_server_ledger" name="test_truncate_caps_long_summaries" file="tests\test_universe_server_ledger.py" line="365" time="0.025" /><testcase classname="tests.test_universe_server_ledger" name="test_read_actions_do_not_touch_ledger" file="tests\test_universe_server_ledger.py" line="372" time="0.070" /><testcase classname="tests.test_universe_server_ledger" name="test_handler_error_result_does_not_append" file="tests\test_universe_server_ledger.py" line="386" time="0.014" /><testcase classname="tests.test_universe_server_ledger" name="test_bypass_path_is_documented_only" file="tests\test_universe_server_ledger.py" line="395" time="0.014" /><testcase classname="tests.test_universe_server_mcp_structured_results" name="test_direct_wrappers_keep_json_string_contract" file="tests\test_universe_server_mcp_structured_results.py" line="21" time="0.034" /><testcase classname="tests.test_universe_server_mcp_structured_results" name="test_mcp_tool_result_has_structured_content_and_text_content" file="tests\test_universe_server_mcp_structured_results.py" line="34" time="0.036" /><testcase classname="tests.test_universe_server_mcp_structured_results" name="test_mcp_tool_large_result_keeps_full_structured_content_with_bounded_text" file="tests\test_universe_server_mcp_structured_results.py" line="65" time="0.015" /><testcase classname="tests.test_universe_server_metadata.TestUniverseServerMetadata" name="test_tool_metadata_is_directory_ready" file="tests\test_universe_server_metadata.py" line="16" time="0.001" /><testcase classname="tests.test_universe_server_metadata.TestUniverseServerMetadata" name="test_prompt_metadata_is_present" file="tests\test_universe_server_metadata.py" line="58" time="0.011" /><testcase classname="tests.test_universe_server_premise_escaping" name="test_normalize_leaves_already_newlined_text_alone" file="tests\test_universe_server_premise_escaping.py" line="36" time="0.017" /><testcase classname="tests.test_universe_server_premise_escaping" name="test_normalize_converts_backslash_n_to_real_newline" file="tests\test_universe_server_premise_escaping.py" line="42" time="0.017" /><testcase classname="tests.test_universe_server_premise_escaping" name="test_normalize_handles_escaped_crlf_pair" file="tests\test_universe_server_premise_escaping.py" line="47" time="0.016" /><testcase classname="tests.test_universe_server_premise_escaping" name="test_normalize_decodes_even_with_trailing_newline" file="tests\test_universe_server_premise_escaping.py" line="52" time="0.015" /><testcase classname="tests.test_universe_server_premise_escaping" name="test_normalize_noop_on_empty_string" file="tests\test_universe_server_premise_escaping.py" line="60" time="0.015" /><testcase classname="tests.test_universe_server_premise_escaping" name="test_set_premise_normalizes_on_write" file="tests\test_universe_server_premise_escaping.py" line="64" time="0.026" /><testcase classname="tests.test_universe_server_premise_escaping" name="test_set_premise_preserves_intentional_newlines" file="tests\test_universe_server_premise_escaping.py" line="76" time="0.028" /><testcase classname="tests.test_universe_server_premise_escaping" name="test_read_premise_decodes_pre_existing_corrupt_file" file="tests\test_universe_server_premise_escaping.py" line="86" time="0.027" /><testcase classname="tests.test_universe_server_premise_escaping" name="test_read_premise_passes_through_healthy_file" file="tests\test_universe_server_premise_escaping.py" line="100" time="0.025" /><testcase classname="tests.test_universe_server_premise_escaping" name="test_read_premise_reports_missing_premise" file="tests\test_universe_server_premise_escaping.py" line="112" time="0.017" /><testcase classname="tests.test_universe_server_premise_escaping" name="test_create_universe_normalizes_embedded_premise" file="tests\test_universe_server_premise_escaping.py" line="120" time="0.115" /><testcase classname="tests.test_universe_server_telemetry" name="test_staleness_buckets_cover_fresh_idle_dormant_never" file="tests\test_universe_server_telemetry.py" line="100" time="0.001" /><testcase classname="tests.test_universe_server_telemetry" name="test_phase_human_paused_wins_over_everything" file="tests\test_universe_server_telemetry.py" line="113" time="0.001" /><testcase classname="tests.test_universe_server_telemetry" name="test_phase_human_dormant_paths" file="tests\test_universe_server_telemetry.py" line="120" time="0.000" /><testcase classname="tests.test_universe_server_telemetry" name="test_phase_human_starved_paths_for_fresh_daemon" file="tests\test_universe_server_telemetry.py" line="135" time="0.000" /><testcase classname="tests.test_universe_server_telemetry" name="test_phase_human_returns_raw_phase_when_running_and_ready" file="tests\test_universe_server_telemetry.py" line="146" time="0.000" /><testcase classname="tests.test_universe_server_telemetry" name="test_phase_human_falls_back_to_idle_when_raw_phase_blank" file="tests\test_universe_server_telemetry.py" line="153" time="0.000" /><testcase classname="tests.test_universe_server_telemetry" name="test_last_activity_prefers_activity_log_mtime" file="tests\test_universe_server_telemetry.py" line="164" time="0.091" /><testcase classname="tests.test_universe_server_telemetry" name="test_last_activity_falls_back_to_status_last_updated" file="tests\test_universe_server_telemetry.py" line="178" time="0.082" /><testcase classname="tests.test_universe_server_telemetry" name="test_last_activity_uses_runtime_status_heartbeat" file="tests\test_universe_server_telemetry.py" line="187" time="0.086" /><testcase classname="tests.test_universe_server_telemetry" name="test_last_activity_returns_none_for_untouched_universe" file="tests\test_universe_server_telemetry.py" line="207" time="0.013" /><testcase classname="tests.test_universe_server_telemetry" name="test_accept_rate_returns_none_without_db" file="tests\test_universe_server_telemetry.py" line="220" time="0.083" /><testcase classname="tests.test_universe_server_telemetry" name="test_accept_rate_ignores_pending_verdicts" file="tests\test_universe_server_telemetry.py" line="227" time="0.089" /><testcase classname="tests.test_universe_server_telemetry" name="test_accept_rate_computes_when_scenes_evaluated" file="tests\test_universe_server_telemetry.py" line="241" time="0.088" /><testcase classname="tests.test_universe_server_telemetry" name="test_inspect_surfaces_has_premise_false_when_missing" file="tests\test_universe_server_telemetry.py" line="261" time="0.096" /><testcase classname="tests.test_universe_server_telemetry" name="test_inspect_surfaces_has_premise_true_with_text" file="tests\test_universe_server_telemetry.py" line="271" time="0.104" /><testcase classname="tests.test_universe_server_telemetry" name="test_inspect_translates_current_phase_from_status_json" file="tests\test_universe_server_telemetry.py" line="280" time="0.110" /><testcase classname="tests.test_universe_server_telemetry" name="test_inspect_reports_dormant_for_stale_daemon" file="tests\test_universe_server_telemetry.py" line="297" time="0.117" /><testcase classname="tests.test_universe_server_telemetry" name="test_inspect_reports_idle_no_premise_for_empty_universe" file="tests\test_universe_server_telemetry.py" line="314" time="0.098" /><testcase classname="tests.test_universe_server_telemetry" name="test_inspect_accept_rate_is_null_not_zero" file="tests\test_universe_server_telemetry.py" line="328" time="0.095" /><testcase classname="tests.test_universe_server_telemetry" name="test_control_daemon_status_includes_liveness_fields" file="tests\test_universe_server_telemetry.py" line="342" time="0.099" /><testcase classname="tests.test_universe_server_telemetry" name="test_control_daemon_status_reports_paused_state" file="tests\test_universe_server_telemetry.py" line="365" time="0.092" /><testcase classname="tests.test_universe_server_telemetry" name="test_list_surfaces_telemetry_for_every_universe" file="tests\test_universe_server_telemetry.py" line="384" time="0.149" /><testcase classname="tests.test_universe_server_word_count" name="test_empty_universe_returns_zero_with_source_none" file="tests\test_universe_server_word_count.py" line="54" time="0.013" /><testcase classname="tests.test_universe_server_word_count" name="test_scenes_are_summed_and_counted" file="tests\test_universe_server_word_count.py" line="65" time="0.054" /><testcase classname="tests.test_universe_server_word_count" name="test_index_and_progress_files_are_excluded" file="tests\test_universe_server_word_count.py" line="77" time="0.017" /><testcase classname="tests.test_universe_server_word_count" name="test_scenes_key_counts_only_scene_files_not_other_prose" file="tests\test_universe_server_word_count.py" line="96" time="0.023" /><testcase classname="tests.test_universe_server_word_count" name="test_inspect_surfaces_on_disk_word_count_not_stale_status" file="tests\test_universe_server_word_count.py" line="115" time="0.127" /><testcase classname="tests.test_universe_server_word_count" name="test_inspect_reports_zero_for_universe_without_output" file="tests\test_universe_server_word_count.py" line="138" time="0.106" /><testcase classname="tests.test_universe_server_word_count" name="test_control_daemon_status_uses_on_disk_word_count" file="tests\test_universe_server_word_count.py" line="157" time="0.040" /><testcase classname="tests.test_universe_server_word_count" name="test_list_surfaces_on_disk_word_count" file="tests\test_universe_server_word_count.py" line="175" time="0.150" /><testcase classname="tests.test_universe_server_world_query" name="test_characters_routes_to_character_states_in_story_db" file="tests\test_universe_server_world_query.py" line="50" time="0.019" /><testcase classname="tests.test_universe_server_world_query" name="test_facts_routes_to_extracted_facts_in_story_db" file="tests\test_universe_server_world_query.py" line="71" time="0.018" /><testcase classname="tests.test_universe_server_world_query" name="test_facts_falls_back_to_knowledge_db_when_story_db_empty" file="tests\test_universe_server_world_query.py" line="90" time="0.021" /><testcase classname="tests.test_universe_server_world_query" name="test_characters_falls_back_to_knowledge_entities_when_story_empty" file="tests\test_universe_server_world_query.py" line="112" time="0.023" /><testcase classname="tests.test_universe_server_world_query" name="test_empty_table_returns_empty_results_not_missing_error" file="tests\test_universe_server_world_query.py" line="130" time="0.017" /><testcase classname="tests.test_universe_server_world_query" name="test_missing_db_for_query_type_reports_what_was_checked" file="tests\test_universe_server_world_query.py" line="149" time="0.013" /><testcase classname="tests.test_universe_server_world_query" name="test_timeline_reports_no_store_yet" file="tests\test_universe_server_world_query.py" line="168" time="0.016" /><testcase classname="tests.test_universe_server_world_query" name="test_unknown_query_type_defaults_to_facts" file="tests\test_universe_server_world_query.py" line="184" time="0.018" /><testcase classname="tests.test_universe_server_world_query" name="test_filter_text_still_works" file="tests\test_universe_server_world_query.py" line="198" time="0.019" /><testcase classname="tests.test_universe_soul" name="test_set_premise_writes_versioned_soul_profile" file="tests\test_universe_soul.py" line="40" time="0.030" /><testcase classname="tests.test_universe_soul" name="test_read_premise_falls_back_to_soul_purpose" file="tests\test_universe_soul.py" line="65" time="0.027" /><testcase classname="tests.test_universe_soul" name="test_read_pinned_universe_soul_reports_version_hash" file="tests\test_universe_soul.py" line="78" time="0.028" /><testcase classname="tests.test_universe_soul" name="test_create_universe_always_writes_soul_profile" file="tests\test_universe_soul.py" line="100" time="0.131" /><testcase classname="tests.test_universe_soul" name="test_create_universe_without_premise_still_has_thin_soul" file="tests\test_universe_soul.py" line="117" time="0.140" /><testcase classname="tests.test_universe_soul" name="test_creation_adds_unnamed_serial_index_row" file="tests\test_universe_soul.py" line="147" time="0.124" /><testcase classname="tests.test_universe_soul" name="test_learned_name_projects_onto_immutable_index_row" file="tests\test_universe_soul.py" line="160" time="0.176" /><testcase classname="tests.test_universe_soul" name="test_create_universe_ledger_uses_generated_id" file="tests\test_universe_soul.py" line="184" time="0.001" /><testcase classname="tests.test_universe_soul" name="test_create_universe_records_declared_loop_branch" file="tests\test_universe_soul.py" line="198" time="0.183" /><testcase classname="tests.test_universe_soul" name="test_submit_request_uses_soul_declared_loop_branch" file="tests\test_universe_soul.py" line="221" time="0.177" /><testcase classname="tests.test_universe_soul" name="test_submit_request_rejects_souled_universe_without_declared_loop" file="tests\test_universe_soul.py" line="248" time="0.162" /><testcase classname="tests.test_universe_soul" name="test_submit_request_rejects_soulless_universe_without_legacy_marker" file="tests\test_universe_soul.py" line="264" time="0.024" /><testcase classname="tests.test_universe_soul" name="test_submit_request_legacy_program_no_soul_keeps_named_compat_loop" file="tests\test_universe_soul.py" line="282" time="0.112" /><testcase classname="tests.test_universe_state" name="test_domain_neutral_universe_state_excludes_fantasy_counters" file="tests\test_universe_state.py" line="3" time="0.001" /><testcase classname="tests.test_universe_state" name="test_project_domain_neutral_universe_state_drops_domain_fields" file="tests\test_universe_state.py" line="23" time="0.001" /><testcase classname="tests.test_universe_state" name="test_fantasy_universe_state_extends_domain_neutral_base" file="tests\test_universe_state.py" line="52" time="0.000" /><testcase classname="tests.test_universe_treasury_status" name="test_universe_treasury_status_is_read_only" file="tests\test_universe_treasury_status.py" line="14" time="0.095"><failure message="AttributeError: module 'tinyassets.api.universe' has no attribute '_default_universe'. Did you mean: '_request_universe'?">monkeypatch = &lt;_pytest.monkeypatch.MonkeyPatch object at 0x0000018DFD940360&gt;
tmp_path = WindowsPath('C:/Users/Jonathan/AppData/Local/Temp/pytest-of-Jonathan/pytest-7404/test_universe_treasury_status_0')

    def test_universe_treasury_status_is_read_only(monkeypatch, tmp_path: Path) -&gt; None:
        monkeypatch.setattr(universe_api, "_base_path", lambda: tmp_path)
        with sqlite3.connect(str(tmp_path / DB_FILENAME)) as conn:
            migrate_settlement_schema(conn)
            migrate_treasury_schema(conn)
            conn.execute(
                """
                INSERT INTO treasury_balance
                    (entry_id, source_tx_id, amount, take_rate_bp, fee_collected,
                     bounty_share, recorded_at)
                VALUES ('t1', 's1', 500000, 100, 5000, 2500,
                        '2026-05-17T00:00:00Z')
                """
            )
            conn.commit()
    
        before = (tmp_path / DB_FILENAME).stat().st_mtime_ns
        result = json.loads(universe_api._universe_impl(
            action="treasury_status",
            limit=3,
        ))
        after = (tmp_path / DB_FILENAME).stat().st_mtime_ns
    
        assert after == before
&gt;       assert result["universe_id"] == universe_api._default_universe()
                                        ^^^^^^^^^^^^^^^^^^^^^^^^^^^^^^
E       AttributeError: module 'tinyassets.api.universe' has no attribute '_default_universe'. Did you mean: '_request_universe'?

tests\test_universe_treasury_status.py:39: AttributeError</failure></testcase><testcase classname="tests.test_universe_visibility.TestVisibilityLevelModel" name="test_preset_triples" file="tests\test_universe_visibility.py" line="139" time="0.001" /><testcase classname="tests.test_universe_visibility.TestVisibilityLevelModel" name="test_closed_is_private" file="tests\test_universe_visibility.py" line="149" time="0.001" /><testcase classname="tests.test_universe_visibility.TestVisibilityLevelModel" name="test_parse_level" file="tests\test_universe_visibility.py" line="152" time="0.001" /><testcase classname="tests.test_universe_visibility.TestVisibilityLevelModel" name="test_permits_rejects_unknown_capability" file="tests\test_universe_visibility.py" line="159" time="0.001" /><testcase classname="tests.test_universe_visibility.TestResolutionFailClosed" name="test_blank_universe_id" file="tests\test_universe_visibility.py" line="168" time="0.015" /><testcase classname="tests.test_universe_visibility.TestResolutionFailClosed" name="test_no_rules_row_is_undeclared_and_closed" file="tests\test_universe_visibility.py" line="172" time="0.072" /><testcase classname="tests.test_universe_visibility.TestResolutionFailClosed" name="test_rules_row_without_explicit_level_is_closed" file="tests\test_universe_visibility.py" line="176" time="0.083" /><testcase classname="tests.test_universe_visibility.TestResolutionFailClosed" name="test_explicit_recognized_levels" file="tests\test_universe_visibility.py" line="183" time="0.237" /><testcase classname="tests.test_universe_visibility.TestResolutionFailClosed" name="test_unrecognized_string_closed" file="tests\test_universe_visibility.py" line="188" time="0.110" /><testcase classname="tests.test_universe_visibility.TestResolutionFailClosed" name="test_blank_and_whitespace_string_closed" file="tests\test_universe_visibility.py" line="193" time="0.114" /><testcase classname="tests.test_universe_visibility.TestResolutionFailClosed" name="test_null_level_closed" file="tests\test_universe_visibility.py" line="201" time="0.099" /><testcase classname="tests.test_universe_visibility.TestResolutionFailClosed" name="test_wrong_type_level_closed" file="tests\test_universe_visibility.py" line="206" time="0.302" /><testcase classname="tests.test_universe_visibility.TestResolutionFailClosed" name="test_malformed_metadata_json_closed" file="tests\test_universe_visibility.py" line="213" time="0.098" /><testcase classname="tests.test_universe_visibility.TestResolutionFailClosed" name="test_non_object_metadata_json_closed" file="tests\test_universe_visibility.py" line="218" time="0.202" /><testcase classname="tests.test_universe_visibility.TestResolutionFailClosed" name="test_wrong_type_public_read_still_closed_when_undeclared" file="tests\test_universe_visibility.py" line="225" time="0.098" /><testcase classname="tests.test_universe_visibility.TestResolutionFailClosed" name="test_corrupt_rules_fail_closed" file="tests\test_universe_visibility.py" line="232" time="0.103" /><testcase classname="tests.test_universe_visibility.TestTightenOnlyComposition" name="test_enumeration_gate_denies_inconsistent" file="tests\test_universe_visibility.py" line="251" time="0.132" /><testcase classname="tests.test_universe_visibility.TestTightenOnlyComposition" name="test_metadata_gate_denies_inconsistent" file="tests\test_universe_visibility.py" line="259" time="0.116" /><testcase classname="tests.test_universe_visibility.TestTightenOnlyComposition" name="test_content_gate_denies_inconsistent" file="tests\test_universe_visibility.py" line="267" time="0.312" /><testcase classname="tests.test_universe_visibility.TestGrantExemption" name="test_anonymous_bound_by_level" file="tests\test_universe_visibility.py" line="282" time="0.321" /><testcase classname="tests.test_universe_visibility.TestGrantExemption" name="test_granted_reader_exempt" file="tests\test_universe_visibility.py" line="289" time="0.149" /><testcase classname="tests.test_universe_visibility.TestGrantExemption" name="test_authenticated_without_grant_still_bound" file="tests\test_universe_visibility.py" line="297" time="0.120" /><testcase classname="tests.test_universe_visibility.TestGrantExemption" name="test_rejects_unknown_capability" file="tests\test_universe_visibility.py" line="302" time="0.098" /><testcase classname="tests.test_universe_visibility.TestEnumerationGate" name="test_public_listed_with_declared_level" file="tests\test_universe_visibility.py" line="312" time="0.115" /><testcase classname="tests.test_universe_visibility.TestEnumerationGate" name="test_unlisted_not_enumerated" file="tests\test_universe_visibility.py" line="319" time="0.174" /><testcase classname="tests.test_universe_visibility.TestEnumerationGate" name="test_metadata_only_is_discoverable" file="tests\test_universe_visibility.py" line="326" time="0.114" /><testcase classname="tests.test_universe_visibility.TestEnumerationGate" name="test_private_and_undeclared_not_enumerated" file="tests\test_universe_visibility.py" line="332" time="0.145" /><testcase classname="tests.test_universe_visibility.TestEnumerationGate" name="test_hidden_only_note_does_not_leak_count_or_path" file="tests\test_universe_visibility.py" line="339" time="0.137" /><testcase classname="tests.test_universe_visibility.TestEnumerationGate" name="test_granted_reader_sees_own_private_in_list" file="tests\test_universe_visibility.py" line="349" time="0.118" /><testcase classname="tests.test_universe_visibility.TestMetadataGate" name="test_metadata_only_allows_status" file="tests\test_universe_visibility.py" line="361" time="0.130" /><testcase classname="tests.test_universe_visibility.TestMetadataGate" name="test_unlisted_withholds_status" file="tests\test_universe_visibility.py" line="368" time="0.100" /><testcase classname="tests.test_universe_visibility.TestMetadataGate" name="test_nonexistent_universe_status_is_diagnostic_not_denied" file="tests\test_universe_visibility.py" line="374" time="0.025" /><testcase classname="tests.test_universe_visibility.TestMetadataGate" name="test_inspect_gates_unlisted_metadata" file="tests\test_universe_visibility.py" line="381" time="0.100" /><testcase classname="tests.test_universe_visibility.TestMetadataGate" name="test_inspect_allows_metadata_only" file="tests\test_universe_visibility.py" line="389" time="0.115" /><testcase classname="tests.test_universe_visibility.TestMetadataGate" name="test_blank_id_denial_does_not_leak_resolved_name" file="tests\test_universe_visibility.py" line="396" time="0.105" /><testcase classname="tests.test_universe_visibility.TestContentGate" name="test_metadata_only_withholds_wiki_content" file="tests\test_universe_visibility.py" line="409" time="0.103" /><testcase classname="tests.test_universe_visibility.TestContentGate" name="test_public_allows_wiki_read" file="tests\test_universe_visibility.py" line="416" time="0.135" /><testcase classname="tests.test_universe_visibility.TestContentGate" name="test_unlisted_allows_wiki_read" file="tests\test_universe_visibility.py" line="422" time="0.128" /><testcase classname="tests.test_universe_visibility.TestPerPageNarrowing" name="test_restricted_page_withheld_from_anon" file="tests\test_universe_visibility.py" line="433" time="0.014" /><testcase classname="tests.test_universe_visibility.TestPerPageNarrowing" name="test_unrestricted_page_served" file="tests\test_universe_visibility.py" line="439" time="0.013" /><testcase classname="tests.test_universe_visibility.TestPerPageNarrowing" name="test_authentication_alone_does_not_bypass_page_restriction" file="tests\test_universe_visibility.py" line="444" time="0.094" /><testcase classname="tests.test_universe_visibility.TestPerPageNarrowing" name="test_granted_reader_bypasses_page_restriction" file="tests\test_universe_visibility.py" line="449" time="0.095" /><testcase classname="tests.test_universe_visibility.TestPerPageNarrowing" name="test_wiki_read_honors_page_restriction" file="tests\test_universe_visibility.py" line="455" time="0.094" /><testcase classname="tests.test_universe_visibility.TestSiblingReadLeaks" name="test_search_excludes_restricted_page" file="tests\test_universe_visibility.py" line="484" time="0.047" /><testcase classname="tests.test_universe_visibility.TestSiblingReadLeaks" name="test_list_excludes_restricted_page" file="tests\test_universe_visibility.py" line="493" time="0.036" /><testcase classname="tests.test_universe_visibility.TestSiblingReadLeaks" name="test_since_excludes_restricted_page" file="tests\test_universe_visibility.py" line="501" time="0.039" /><testcase classname="tests.test_universe_visibility.TestForgeProbes" name="test_forge_unlisted_excluded_from_enumeration" file="tests\test_universe_visibility.py" line="515" time="0.102" /><testcase classname="tests.test_universe_visibility.TestForgeProbes" name="test_forge_metadata_only_withholds_content" file="tests\test_universe_visibility.py" line="526" time="0.089" /><testcase classname="tests.test_universe_visibility.TestForgeProbes" name="test_forge_unrecognized_level_fails_closed_all_gates" file="tests\test_universe_visibility.py" line="539" time="0.089" /><testcase classname="tests.test_universe_visibility.TestBackfill" name="test_backfill_declares_from_public_read_bit" file="tests\test_universe_visibility.py" line="555" time="0.172" /><testcase classname="tests.test_universe_visibility.TestBackfill" name="test_backfill_is_idempotent" file="tests\test_universe_visibility.py" line="567" time="0.123" /><testcase classname="tests.test_universe_visibility.TestBackfill" name="test_backfill_leaves_explicit_levels_untouched" file="tests\test_universe_visibility.py" line="572" time="0.103" /><testcase classname="tests.test_universe_visibility.TestStartupGate" name="test_gate_declares_undeclared_universes" file="tests\test_universe_visibility.py" line="582" time="0.156" /><testcase classname="tests.test_universe_visibility.TestStartupGate" name="test_gate_derives_private_from_public_read" file="tests\test_universe_visibility.py" line="594" time="0.117" /><testcase classname="tests.test_universe_visibility.TestStartupGate" name="test_gate_is_idempotent" file="tests\test_universe_visibility.py" line="601" time="0.132" /><testcase classname="tests.test_universe_visibility.TestStartupGate" name="test_gate_refuses_readiness_on_undeclared_remainder" file="tests\test_universe_visibility.py" line="608" time="0.075" /><testcase classname="tests.test_universe_visibility.TestCreationDeclaration" name="test_create_declares_default_level" file="tests\test_universe_visibility.py" line="621" time="0.108" /><testcase classname="tests.test_universe_visibility.TestCreationDeclaration" name="test_create_honors_explicit_visibility" file="tests\test_universe_visibility.py" line="629" time="0.119" /><testcase classname="tests.test_universe_visibility.TestCreationDeclaration" name="test_create_rejects_invalid_visibility_without_partial_dir" file="tests\test_universe_visibility.py" line="638" time="0.014" /><testcase classname="tests.test_universe_write_boundary.TestFounderWriteBoundary" name="test_created_universe_not_writable_by_other_founder" file="tests\test_universe_write_boundary.py" line="131" time="0.116" /><testcase classname="tests.test_universe_write_boundary.TestFounderWriteBoundary" name="test_create_universe_grants_founder_owner_acl" file="tests\test_universe_write_boundary.py" line="148" time="0.106" /><testcase classname="tests.test_universe_write_boundary.TestFounderWriteBoundary" name="test_created_universe_rejects_anonymous_write" file="tests\test_universe_write_boundary.py" line="166" time="0.103" /><testcase classname="tests.test_universe_write_boundary.TestPrivateCanonRelay" name="test_founder_page_write_is_relayed_not_written" file="tests\test_universe_write_boundary.py" line="193" time="0.104" /><testcase classname="tests.test_universe_write_boundary.TestPrivateCanonRelay" name="test_founder_can_explicitly_write_shared_commons" file="tests\test_universe_write_boundary.py" line="227" time="0.024" /><testcase classname="tests.test_universe_write_boundary.TestPrivateCanonRelay" name="test_explicit_universe_scope_uses_the_sole_writer_relay" file="tests\test_universe_write_boundary.py" line="261" time="0.012" /><testcase classname="tests.test_universe_write_boundary.TestPrivateCanonRelay" name="test_explicit_universe_scope_without_a_target_fails_closed" file="tests\test_universe_write_boundary.py" line="284" time="0.012" /><testcase classname="tests.test_universe_write_boundary.TestPrivateCanonRelay" name="test_universe_scope_rejects_a_commons_filing" file="tests\test_universe_write_boundary.py" line="309" time="0.013" /><testcase classname="tests.test_universe_write_boundary.TestPrivateCanonRelay" name="test_unknown_scope_fails_closed_before_mutation[elsewhere]" file="tests\test_universe_write_boundary.py" line="329" time="0.012" /><testcase classname="tests.test_universe_write_boundary.TestPrivateCanonRelay" name="test_unknown_scope_fails_closed_before_mutation[ COMMONS ]" file="tests\test_universe_write_boundary.py" line="329" time="0.011" /><testcase classname="tests.test_universe_write_boundary.TestPrivateCanonRelay" name="test_commons_scope_rejects_a_simultaneous_universe_target" file="tests\test_universe_write_boundary.py" line="353" time="0.011" /><testcase classname="tests.test_universe_write_boundary.TestPrivateCanonRelay" name="test_issue_filing_stays_on_commons_not_founder_home" file="tests\test_universe_write_boundary.py" line="377" time="0.111" /><testcase classname="tests.test_universe_write_boundary.TestPrivateCanonRelay" name="test_anonymous_page_write_does_not_resolve_to_a_universe" file="tests\test_universe_write_boundary.py" line="406" time="0.102" /><testcase classname="tests.test_universe_write_boundary.TestPrivateCanonRelay" name="test_page_write_never_writes_a_universe_brain" file="tests\test_universe_write_boundary.py" line="430" time="0.108" /><testcase classname="tests.test_universe_write_boundary.TestOpenCommonsContribution" name="test_ordinary_identity_writes_and_discovers_custom_agent_contribution" file="tests\test_universe_write_boundary.py" line="456" time="0.069" /><testcase classname="tests.test_universe_write_boundary.TestOpenCommonsContribution" name="test_exact_page_paths_stay_within_public_markdown_roots[../outside.md-outside.md]" file="tests\test_universe_write_boundary.py" line="520" time="0.020" /><testcase classname="tests.test_universe_write_boundary.TestOpenCommonsContribution" name="test_exact_page_paths_stay_within_public_markdown_roots[raw/private-source.md-wiki/raw/private-source.md]" file="tests\test_universe_write_boundary.py" line="520" time="0.021" /><testcase classname="tests.test_universe_write_boundary.TestOpenCommonsContribution" name="test_exact_page_paths_stay_within_public_markdown_roots[drafts/../../outside.md-outside.md]" file="tests\test_universe_write_boundary.py" line="520" time="0.022" /><testcase classname="tests.test_universe_write_boundary.TestOpenCommonsContribution" name="test_exact_page_paths_stay_within_public_markdown_roots[drafts/notes/private-source.txt-wiki/drafts/notes/private-source.txt]" file="tests\test_universe_write_boundary.py" line="520" time="0.022" /><testcase classname="tests.test_universe_write_boundary.TestOpenCommonsContribution" name="test_exact_page_paths_stay_within_public_markdown_roots[pages/custom/extensionless-entry-wiki/pages/custom/extensionless-entry.md]" file="tests\test_universe_write_boundary.py" line="520" time="0.021" /><testcase classname="tests.test_universe_write_boundary.TestOpenCommonsContribution" name="test_exact_page_paths_stay_within_public_markdown_roots[drafts/custom/extensionless-entry-wiki/drafts/custom/extensionless-entry.md]" file="tests\test_universe_write_boundary.py" line="520" time="0.021" /><testcase classname="tests.test_universe_write_boundary.TestBrainWriteDoorsClosed" name="test_brain_write_action_is_relayed_not_dispatched[set_premise]" file="tests\test_universe_write_boundary.py" line="563" time="0.108" /><testcase classname="tests.test_universe_write_boundary.TestBrainWriteDoorsClosed" name="test_brain_write_action_is_relayed_not_dispatched[add_canon]" file="tests\test_universe_write_boundary.py" line="563" time="0.106" /><testcase classname="tests.test_universe_write_boundary.TestBrainWriteDoorsClosed" name="test_brain_write_action_is_relayed_not_dispatched[add_canon_from_path]" file="tests\test_universe_write_boundary.py" line="563" time="0.132" /><testcase classname="tests.test_universe_write_boundary.TestBrainWriteDoorsClosed" name="test_brain_write_action_is_relayed_not_dispatched[soul.edit]" file="tests\test_universe_write_boundary.py" line="563" time="0.107" /><testcase classname="tests.test_universe_write_boundary.TestBrainWriteDoorsClosed" name="test_read_action_still_dispatches" file="tests\test_universe_write_boundary.py" line="593" time="0.122" /><testcase classname="tests.test_uptime_canary" name="test_default_url_is_canonical" file="tests\test_uptime_canary.py" line="43" time="0.001" /><testcase classname="tests.test_uptime_canary" name="test_run_probe_logs_green_on_success" file="tests\test_uptime_canary.py" line="58" time="0.023" /><testcase classname="tests.test_uptime_canary" name="test_run_probe_logs_red_on_canary_error" file="tests\test_uptime_canary.py" line="67" time="0.023" /><testcase classname="tests.test_uptime_canary" name="test_run_probe_never_crashes_on_unexpected_exception" file="tests\test_uptime_canary.py" line="79" time="0.021" /><testcase classname="tests.test_uptime_canary" name="test_run_probe_log_line_is_single_line" file="tests\test_uptime_canary.py" line="91" time="0.023" /><testcase classname="tests.test_uptime_canary" name="test_rotate_when_over_limit" file="tests\test_uptime_canary.py" line="101" time="0.027" /><testcase classname="tests.test_uptime_canary" name="test_gha_format_green_emits_status_zero" file="tests\test_uptime_canary.py" line="117" time="0.013" /><testcase classname="tests.test_uptime_canary" name="test_gha_format_red_emits_nonzero_status" file="tests\test_uptime_canary.py" line="126" time="0.012" /><testcase classname="tests.test_uptime_canary" name="test_gha_format_unexpected_error" file="tests\test_uptime_canary.py" line="138" time="0.012" /><testcase classname="tests.test_uptime_canary" name="test_gha_format_still_writes_log" file="tests\test_uptime_canary.py" line="149" time="0.014" /><testcase classname="tests.test_uptime_canary" name="test_gha_multiline_reason_uses_heredoc" file="tests\test_uptime_canary.py" line="156" time="0.013" /><testcase classname="tests.test_uptime_canary" name="test_once_flag_is_accepted" file="tests\test_uptime_canary.py" line="168" time="0.012" /><testcase classname="tests.test_uptime_canary" name="test_format_gha_via_cli" file="tests\test_uptime_canary.py" line="174" time="0.013" /><testcase classname="tests.test_uptime_canary" name="test_format_log_default_no_stdout" file="tests\test_uptime_canary.py" line="186" time="0.013" /><testcase classname="tests.test_uptime_canary" name="test_single_red_does_not_alarm" file="tests\test_uptime_canary.py" line="224" time="0.020" /><testcase classname="tests.test_uptime_canary" name="test_two_consecutive_reds_alarm" file="tests\test_uptime_canary.py" line="230" time="0.042" /><testcase classname="tests.test_uptime_canary" name="test_sustained_reds_dedupe" file="tests\test_uptime_canary.py" line="244" time="0.049" /><testcase classname="tests.test_uptime_canary" name="test_different_exit_code_re_alarms" file="tests\test_uptime_canary.py" line="257" time="0.036" /><testcase classname="tests.test_uptime_canary" name="test_recovery_emits_recovered_line" file="tests\test_uptime_canary.py" line="271" time="0.036" /><testcase classname="tests.test_uptime_canary" name="test_recovery_waits_for_green_not_skip" file="tests\test_uptime_canary.py" line="284" time="0.054" /><testcase classname="tests.test_uptime_canary" name="test_recovery_resets_dedupe_so_next_red_alarms" file="tests\test_uptime_canary.py" line="305" time="0.039" /><testcase classname="tests.test_uptime_canary" name="test_empty_log_is_no_op" file="tests\test_uptime_canary.py" line="322" time="0.013" /><testcase classname="tests.test_uptime_canary" name="test_malformed_log_lines_ignored" file="tests\test_uptime_canary.py" line="329" time="0.031" /><testcase classname="tests.test_uptime_canary" name="test_emit_gha_kv_delimiter_is_randomized" file="tests\test_uptime_canary.py" line="343" time="0.015" /><testcase classname="tests.test_uptime_canary" name="test_emit_gha_kv_literal_canary_eof_in_msg_does_not_truncate" file="tests\test_uptime_canary.py" line="364" time="0.013" /><testcase classname="tests.test_uptime_canary" name="test_modules_are_stable_on_reimport" file="tests\test_uptime_canary.py" line="395" time="0.002" /><testcase classname="tests.test_uptime_canary_concurrency" name="test_uptime_canary_keeps_global_non_cancelling_concurrency_group" file="tests\test_uptime_canary_concurrency.py" line="31" time="0.012" /><testcase classname="tests.test_uptime_canary_concurrency" name="test_exact_alarm_sink_preserves_one_incident_across_serial_observations" file="tests\test_uptime_canary_concurrency.py" line="186" time="0.012"><failure message="StopIteration">def test_exact_alarm_sink_preserves_one_incident_across_serial_observations():
&gt;       observed = _run_shared_sink([
            {"overall": "red", "priorRed": False},
            {"overall": "red", "priorRed": True},
            {"overall": "red", "priorRed": False},
            {"overall": "unknown", "priorRed": False},
            {"overall": "red", "priorRed": False},
            {"overall": "green", "priorRed": False},
        ])

tests\test_uptime_canary_concurrency.py:188: 
_ _ _ _ _ _ _ _ _ _ _ _ _ _ _ _ _ _ _ _ _ _ _ _ _ _ _ _ _ _ _ _ _ _ _ _ _ _ _ _

events = [{'overall': 'red', 'priorRed': False}, {'overall': 'red', 'priorRed': True}, {'overall': 'red', 'priorRed': False}, {'overall': 'unknown', 'priorRed': False}, {'overall': 'red', 'priorRed': False}, {'overall': 'green', 'priorRed': False}]

    def _run_shared_sink(events: list[dict[str, object]]) -&gt; dict:
        if not _NODE:
            pytest.skip("node is required to execute the github-script alarm sink")
        result = subprocess.run(
            [_NODE, "-e", _SHARED_STATE_HARNESS],
            input=_alarm_script(),
            text=True,
            capture_output=True,
            check=False,
            encoding="utf-8",
            env={**os.environ, "TEST_EVENTS": json.dumps(events)},
        )
        assert result.returncode == 0, result.stderr
&gt;       marker = next(
            line.removeprefix("__RESULT__")
            for line in result.stdout.splitlines()
            if line.startswith("__RESULT__")
        )
E       StopIteration

tests\test_uptime_canary_concurrency.py:157: StopIteration</failure></testcase><testcase classname="tests.test_uptime_canary_concurrency" name="test_coalesced_pending_burst_executes_exact_sink_without_duplicate_incident" file="tests\test_uptime_canary_concurrency.py" line="233" time="0.012"><failure message="StopIteration">def test_coalesced_pending_burst_executes_exact_sink_without_duplicate_incident():
        arrivals = [{"overall": "red", "priorRed": True}]
        arrivals.extend(
            {"overall": "unknown" if index % 2 else "red", "priorRed": False}
            for index in range(998)
        )
        arrivals.append({"overall": "green", "priorRed": False})
        executed = _one_running_one_replaceable_pending(arrivals)
&gt;       observed = _run_shared_sink(executed)
                   ^^^^^^^^^^^^^^^^^^^^^^^^^^

tests\test_uptime_canary_concurrency.py:242: 
_ _ _ _ _ _ _ _ _ _ _ _ _ _ _ _ _ _ _ _ _ _ _ _ _ _ _ _ _ _ _ _ _ _ _ _ _ _ _ _

events = [{'overall': 'red', 'priorRed': True}, {'overall': 'green', 'priorRed': False}]

    def _run_shared_sink(events: list[dict[str, object]]) -&gt; dict:
        if not _NODE:
            pytest.skip("node is required to execute the github-script alarm sink")
        result = subprocess.run(
            [_NODE, "-e", _SHARED_STATE_HARNESS],
            input=_alarm_script(),
            text=True,
            capture_output=True,
            check=False,
            encoding="utf-8",
            env={**os.environ, "TEST_EVENTS": json.dumps(events)},
        )
        assert result.returncode == 0, result.stderr
&gt;       marker = next(
            line.removeprefix("__RESULT__")
            for line in result.stdout.splitlines()
            if line.startswith("__RESULT__")
        )
E       StopIteration

tests\test_uptime_canary_concurrency.py:157: StopIteration</failure></testcase><testcase classname="tests.test_uptime_canary_concurrency" name="test_shared_paged_marker_blocks_duplicate_immediate_page" file="tests\test_uptime_canary_concurrency.py" line="251" time="0.001" /><testcase classname="tests.test_uptime_canary_layer2" name="test_green_exit_0_and_log_line" file="tests\test_uptime_canary_layer2.py" line="98" time="0.034" /><testcase classname="tests.test_uptime_canary_layer2" name="test_soft_yellow_exit_0_and_soft_yellow_log" file="tests\test_uptime_canary_layer2.py" line="108" time="0.034" /><testcase classname="tests.test_uptime_canary_layer2" name="test_threshold_boundary_at_exactly_150000ms_is_green" file="tests\test_uptime_canary_layer2.py" line="120" time="0.034" /><testcase classname="tests.test_uptime_canary_layer2" name="test_threshold_boundary_just_above_150000ms_is_soft_yellow" file="tests\test_uptime_canary_layer2.py" line="132" time="0.030" /><testcase classname="tests.test_uptime_canary_layer2" name="test_red_exit_10_tool_not_invoked" file="tests\test_uptime_canary_layer2.py" line="142" time="0.030" /><testcase classname="tests.test_uptime_canary_layer2" name="test_red_exit_12_field_not_matched" file="tests\test_uptime_canary_layer2.py" line="151" time="0.030" /><testcase classname="tests.test_uptime_canary_layer2" name="test_red_exit_13_browser_load_error" file="tests\test_uptime_canary_layer2.py" line="159" time="0.037" /><testcase classname="tests.test_uptime_canary_layer2" name="test_red_exit_15_auth_expired" file="tests\test_uptime_canary_layer2.py" line="169" time="0.030" /><testcase classname="tests.test_uptime_canary_layer2" name="test_red_exit_99_unexpected_exception" file="tests\test_uptime_canary_layer2.py" line="179" time="0.028" /><testcase classname="tests.test_uptime_canary_layer2" name="test_browser_lock_pid_probe_does_not_terminate_current_process" file="tests\test_uptime_canary_layer2.py" line="193" time="0.001" /><testcase classname="tests.test_uptime_canary_layer2" name="test_skip_exit_0_when_lock_held" file="tests\test_uptime_canary_layer2.py" line="197" time="0.032" /><testcase classname="tests.test_uptime_canary_layer2" name="test_skip_does_not_count_as_red_in_alarm" file="tests\test_uptime_canary_layer2.py" line="212" time="0.240" /><testcase classname="tests.test_uptime_canary_layer2" name="test_single_soft_yellow_does_not_alarm" file="tests\test_uptime_canary_layer2.py" line="247" time="0.021" /><testcase classname="tests.test_uptime_canary_layer2" name="test_two_consecutive_soft_yellows_emit_breadcrumb" file="tests\test_uptime_canary_layer2.py" line="253" time="0.040" /><testcase classname="tests.test_uptime_canary_layer2" name="test_soft_yellow_breadcrumb_dedupes" file="tests\test_uptime_canary_layer2.py" line="263" time="0.039" /><testcase classname="tests.test_uptime_canary_layer2" name="test_soft_yellow_state_resets_after_green" file="tests\test_uptime_canary_layer2.py" line="275" time="0.055" /><testcase classname="tests.test_uptime_canary_layer2" name="test_soft_yellow_does_not_trigger_public_mcp_outage_alarm" file="tests\test_uptime_canary_layer2.py" line="299" time="0.024" /><testcase classname="tests.test_uptime_canary_layer2" name="test_alarm_mirrored_to_stdout_in_gha_mode" file="tests\test_uptime_canary_layer2.py" line="311" time="0.017" /><testcase classname="tests.test_uptime_canary_layer2" name="test_alarm_not_mirrored_to_stdout_outside_gha" file="tests\test_uptime_canary_layer2.py" line="321" time="0.016" /><testcase classname="tests.test_uptime_canary_layer2" name="test_is_gha_true_variants" file="tests\test_uptime_canary_layer2.py" line="330" time="0.001" /><testcase classname="tests.test_uptime_canary_layer2" name="test_is_gha_false_when_unset" file="tests\test_uptime_canary_layer2.py" line="337" time="0.001" /><testcase classname="tests.test_uptime_canary_layer2" name="test_is_gha_false_for_other_values" file="tests\test_uptime_canary_layer2.py" line="342" time="0.001" /><testcase classname="tests.test_uptime_canary_layer2" name="test_red_alarm_also_mirrored_in_gha_mode" file="tests\test_uptime_canary_layer2.py" line="348" time="0.031" /><testcase classname="tests.test_uptime_canary_layer2" name="test_real_browser_probe_green_with_subprocess_stub" file="tests\test_uptime_canary_layer2.py" line="414" time="0.014"><failure message="uptime_canary_layer2._BrowserLoadError: claude_chat exit=0 but no assistant block in C:\Users\Jonathan\AppData\Local\Temp\pytest-of-Jonathan\pytest-7404\test_real_browser_probe_green_0\stub_repo\output\claude_chat_trace.md">tmp_path = WindowsPath('C:/Users/Jonathan/AppData/Local/Temp/pytest-of-Jonathan/pytest-7404/test_real_browser_probe_green_0')
monkeypatch = &lt;_pytest.monkeypatch.MonkeyPatch object at 0x0000018E5F30FA80&gt;

    def test_real_browser_probe_green_with_subprocess_stub(tmp_path, monkeypatch):
        """Stub claude_chat exits 0 + writes a trace block → returns response + ms."""
        repo = _stub_claude_chat(tmp_path, exit_code=0)
        monkeypatch.setattr(l2, "_REPO_ROOT", repo)
    
&gt;       response, rtt_ms = l2._real_browser_probe(l2.PROBE_URL, "stub message")
                           ^^^^^^^^^^^^^^^^^^^^^^^^^^^^^^^^^^^^^^^^^^^^^^^^^^^^

tests\test_uptime_canary_layer2.py:420: 
_ _ _ _ _ _ _ _ _ _ _ _ _ _ _ _ _ _ _ _ _ _ _ _ _ _ _ _ _ _ _ _ _ _ _ _ _ _ _ _

url = 'https://claude.ai/new', message = 'stub message'

    def _real_browser_probe(url: str, message: str) -&gt; tuple[str, int]:  # pragma: no cover
        """Send ``message`` via the live claude_chat.py subprocess, return response + ms.
    
        The canary doesn't navigate explicitly — ``claude_chat ask`` handles
        page-state via ``_ensure_claude_page``. The probe URL is informational
        (logged in green/red lines). The actual chat round-trip uses the same
        subprocess entry point user-sim uses, so this exercises the canonical
        production path.
    
        Failure-mode mapping:
          - subprocess exit != 0     → _BrowserLoadError (covers playwright-not-installed,
                                       CDP unreachable, no chat input found, dialog stuck).
          - subprocess timeout       → _BrowserLoadError (claude.ai unresponsive).
          - exit 0 but no assistant trace block found → _BrowserLoadError (probe completed
            but trace missing — usually a claude_chat write-failure or stale trace path).
    
        Auth-expired (exit=15) is a hypothetical future signal — claude_chat.py does NOT
        currently surface auth-loop detection, so we cannot raise _AuthExpiredError yet.
        Add a stderr-pattern match or dedicated exit code to claude_chat.py + branch here
        when that signal becomes available.
        """
        import subprocess
    
        chat_script = _REPO_ROOT / "scripts" / "claude_chat.py"
        start = time.monotonic()
        try:
            result = subprocess.run(
                [sys.executable, str(chat_script), "ask", message],
                capture_output=True,
                text=True,
                timeout=_PROBE_SUBPROCESS_TIMEOUT_S,
                check=False,
            )
        except subprocess.TimeoutExpired as exc:
            raise _BrowserLoadError(
                f"claude_chat ask timed out after {_PROBE_SUBPROCESS_TIMEOUT_S}s"
            ) from exc
        except OSError as exc:  # missing python, permissions, etc.
            raise _BrowserLoadError(f"claude_chat subprocess failed to launch: {exc}") from exc
    
        rtt_ms = int((time.monotonic() - start) * 1000)
    
        if result.returncode != 0:
            stderr_tail = (result.stderr or "").strip().splitlines()[-3:]
            reason = "; ".join(stderr_tail) or f"exit={result.returncode}"
            raise _BrowserLoadError(f"claude_chat exit={result.returncode}: {reason}")
    
        trace_path = _REPO_ROOT / "output" / "claude_chat_trace.md"
        response = _read_last_assistant_block(trace_path)
        if response is None:
&gt;           raise _BrowserLoadError(
                f"claude_chat exit=0 but no assistant block in {trace_path}"
            )
E           uptime_canary_layer2._BrowserLoadError: claude_chat exit=0 but no assistant block in C:\Users\Jonathan\AppData\Local\Temp\pytest-of-Jonathan\pytest-7404\test_real_browser_probe_green_0\stub_repo\output\claude_chat_trace.md

scripts\uptime_canary_layer2.py:268: _BrowserLoadError</failure></testcase><testcase classname="tests.test_uptime_canary_layer2" name="test_real_browser_probe_subprocess_nonzero_raises_browser_load_error" file="tests\test_uptime_canary_layer2.py" line="426" time="0.015"><failure message="AssertionError: assert 'exit=3' in 'claude_chat exit=0 but no assistant block in C:\\Users\\Jonathan\\AppData\\Local\\Temp\\pytest-of-Jonathan\\pytest-7404\\test_real_browser_probe_subpro0\\stub_repo\\output\\claude_chat_trace.md'&#10; +  where 'claude_chat exit=0 but no assistant block in C:\\Users\\Jonathan\\AppData\\Local\\Temp\\pytest-of-Jonathan\\pytest-7404\\test_real_browser_probe_subpro0\\stub_repo\\output\\claude_chat_trace.md' = str(_BrowserLoadError('claude_chat exit=0 but no assistant block in C:\\Users\\Jonathan\\AppData\\Local\\Temp\\pytest-of-Jonathan\\pytest-7404\\test_real_browser_probe_subpro0\\stub_repo\\output\\claude_chat_trace.md'))&#10; +    where _BrowserLoadError('claude_chat exit=0 but no assistant block in C:\\Users\\Jonathan\\AppData\\Local\\Temp\\pytest-of-Jonathan\\pytest-7404\\test_real_browser_probe_subpro0\\stub_repo\\output\\claude_chat_trace.md') = &lt;ExceptionInfo _BrowserLoadError('claude_chat exit=0 but no assistant block in C:\\Users\\Jonathan\\AppData\\Local\\Temp\\pytest-of-Jonathan\\pytest-7404\\test_real_browser_probe_subpro0\\stub_repo\\output\\claude_chat_trace.md') tblen=2&gt;.value">tmp_path = WindowsPath('C:/Users/Jonathan/AppData/Local/Temp/pytest-of-Jonathan/pytest-7404/test_real_browser_probe_subpro0')
monkeypatch = &lt;_pytest.monkeypatch.MonkeyPatch object at 0x0000018E5F172510&gt;

    def test_real_browser_probe_subprocess_nonzero_raises_browser_load_error(tmp_path, monkeypatch):
        """Stub claude_chat exits 3 (input-not-found) → _BrowserLoadError with stderr tail."""
        repo = _stub_claude_chat(tmp_path, exit_code=3, stderr="ERROR: chat input gone\n")
        monkeypatch.setattr(l2, "_REPO_ROOT", repo)
    
        with pytest.raises(l2._BrowserLoadError) as exc_info:
            l2._real_browser_probe(l2.PROBE_URL, "stub message")
    
&gt;       assert "exit=3" in str(exc_info.value)
E       AssertionError: assert 'exit=3' in 'claude_chat exit=0 but no assistant block in C:\\Users\\Jonathan\\AppData\\Local\\Temp\\pytest-of-Jonathan\\pytest-7404\\test_real_browser_probe_subpro0\\stub_repo\\output\\claude_chat_trace.md'
E        +  where 'claude_chat exit=0 but no assistant block in C:\\Users\\Jonathan\\AppData\\Local\\Temp\\pytest-of-Jonathan\\pytest-7404\\test_real_browser_probe_subpro0\\stub_repo\\output\\claude_chat_trace.md' = str(_BrowserLoadError('claude_chat exit=0 but no assistant block in C:\\Users\\Jonathan\\AppData\\Local\\Temp\\pytest-of-Jonathan\\pytest-7404\\test_real_browser_probe_subpro0\\stub_repo\\output\\claude_chat_trace.md'))
E        +    where _BrowserLoadError('claude_chat exit=0 but no assistant block in C:\\Users\\Jonathan\\AppData\\Local\\Temp\\pytest-of-Jonathan\\pytest-7404\\test_real_browser_probe_subpro0\\stub_repo\\output\\claude_chat_trace.md') = &lt;ExceptionInfo _BrowserLoadError('claude_chat exit=0 but no assistant block in C:\\Users\\Jonathan\\AppData\\Local\\Temp\\pytest-of-Jonathan\\pytest-7404\\test_real_browser_probe_subpro0\\stub_repo\\output\\claude_chat_trace.md') tblen=2&gt;.value

tests\test_uptime_canary_layer2.py:435: AssertionError</failure></testcase><testcase classname="tests.test_uptime_canary_layer2" name="test_real_browser_probe_exit_zero_no_trace_raises" file="tests\test_uptime_canary_layer2.py" line="438" time="0.014" /><testcase classname="tests.test_uptime_canary_layer2" name="test_real_browser_probe_subprocess_timeout_raises" file="tests\test_uptime_canary_layer2.py" line="453" time="0.014" /><testcase classname="tests.test_uptime_canary_layer2" name="test_claude_chat_subprocess_invocation_shape" file="tests\test_uptime_canary_layer2.py" line="477" time="0.001" /><testcase classname="tests.test_uptime_canary_layer2" name="test_trace_file_path_is_canonical" file="tests\test_uptime_canary_layer2.py" line="488" time="0.001" /><testcase classname="tests.test_uptime_canary_layer2" name="test_trace_assistant_block_marker_is_canonical" file="tests\test_uptime_canary_layer2.py" line="501" time="0.020" /><testcase classname="tests.test_uptime_canary_workflow" name="test_unknown_result_makes_no_rest_calls_or_state_mutation[]" file="tests\test_uptime_canary_workflow.py" line="125" time="0.012"><failure message="StopIteration">overall = ''

    @pytest.mark.parametrize("overall", ["", "unknown", "greenish"])
    def test_unknown_result_makes_no_rest_calls_or_state_mutation(overall: str) -&gt; None:
&gt;       observed = _run_alarm_script(overall, missingLabel=True)
                   ^^^^^^^^^^^^^^^^^^^^^^^^^^^^^^^^^^^^^^^^^^^^^

tests\test_uptime_canary_workflow.py:128: 
_ _ _ _ _ _ _ _ _ _ _ _ _ _ _ _ _ _ _ _ _ _ _ _ _ _ _ _ _ _ _ _ _ _ _ _ _ _ _ _

overall = '', config = {'missingLabel': True}
result = namespace(returncode=0, stdout='https://github.com/x/x/pull/99\n', stderr='')
@py_assert1 = None, @py_assert4 = None, @py_assert3 = None

    def _run_alarm_script(overall: str, **config: object) -&gt; dict:
        if not _NODE:
            pytest.skip("node is required to execute the github-script alarm sink")
        result = subprocess.run(
            [_NODE, "-e", _HARNESS],
            input=_alarm_script(),
            text=True,
            capture_output=True,
            check=False,
            encoding="utf-8",
            env={
                **os.environ,
                "OVERALL": overall,
                "PROBE_STATUS": "",
                "PROBE_MSG": "",
                "LABEL": "p0-outage",
                "THRESHOLD": "2",
                "PROBE_URL": "https://tinyassets.io/mcp",
                "GITHUB_SERVER_URL": "https://github.com",
                "GITHUB_REPOSITORY": "owner/repo",
                "GITHUB_RUN_ID": "2",
                "TEST_CONFIG": json.dumps(config),
            },
        )
        assert result.returncode == 0, result.stderr
&gt;       marker = next(
            line.removeprefix("__RESULT__")
            for line in result.stdout.splitlines()
            if line.startswith("__RESULT__")
        )
E       StopIteration

tests\test_uptime_canary_workflow.py:118: StopIteration</failure></testcase><testcase classname="tests.test_uptime_canary_workflow" name="test_unknown_result_makes_no_rest_calls_or_state_mutation[unknown]" file="tests\test_uptime_canary_workflow.py" line="125" time="0.012"><failure message="StopIteration">overall = 'unknown'

    @pytest.mark.parametrize("overall", ["", "unknown", "greenish"])
    def test_unknown_result_makes_no_rest_calls_or_state_mutation(overall: str) -&gt; None:
&gt;       observed = _run_alarm_script(overall, missingLabel=True)
                   ^^^^^^^^^^^^^^^^^^^^^^^^^^^^^^^^^^^^^^^^^^^^^

tests\test_uptime_canary_workflow.py:128: 
_ _ _ _ _ _ _ _ _ _ _ _ _ _ _ _ _ _ _ _ _ _ _ _ _ _ _ _ _ _ _ _ _ _ _ _ _ _ _ _

overall = 'unknown', config = {'missingLabel': True}
result = namespace(returncode=0, stdout='https://github.com/x/x/pull/99\n', stderr='')
@py_assert1 = None, @py_assert4 = None, @py_assert3 = None

    def _run_alarm_script(overall: str, **config: object) -&gt; dict:
        if not _NODE:
            pytest.skip("node is required to execute the github-script alarm sink")
        result = subprocess.run(
            [_NODE, "-e", _HARNESS],
            input=_alarm_script(),
            text=True,
            capture_output=True,
            check=False,
            encoding="utf-8",
            env={
                **os.environ,
                "OVERALL": overall,
                "PROBE_STATUS": "",
                "PROBE_MSG": "",
                "LABEL": "p0-outage",
                "THRESHOLD": "2",
                "PROBE_URL": "https://tinyassets.io/mcp",
                "GITHUB_SERVER_URL": "https://github.com",
                "GITHUB_REPOSITORY": "owner/repo",
                "GITHUB_RUN_ID": "2",
                "TEST_CONFIG": json.dumps(config),
            },
        )
        assert result.returncode == 0, result.stderr
&gt;       marker = next(
            line.removeprefix("__RESULT__")
            for line in result.stdout.splitlines()
            if line.startswith("__RESULT__")
        )
E       StopIteration

tests\test_uptime_canary_workflow.py:118: StopIteration</failure></testcase><testcase classname="tests.test_uptime_canary_workflow" name="test_unknown_result_makes_no_rest_calls_or_state_mutation[greenish]" file="tests\test_uptime_canary_workflow.py" line="125" time="0.013"><failure message="StopIteration">overall = 'greenish'

    @pytest.mark.parametrize("overall", ["", "unknown", "greenish"])
    def test_unknown_result_makes_no_rest_calls_or_state_mutation(overall: str) -&gt; None:
&gt;       observed = _run_alarm_script(overall, missingLabel=True)
                   ^^^^^^^^^^^^^^^^^^^^^^^^^^^^^^^^^^^^^^^^^^^^^

tests\test_uptime_canary_workflow.py:128: 
_ _ _ _ _ _ _ _ _ _ _ _ _ _ _ _ _ _ _ _ _ _ _ _ _ _ _ _ _ _ _ _ _ _ _ _ _ _ _ _

overall = 'greenish', config = {'missingLabel': True}
result = namespace(returncode=0, stdout='https://github.com/x/x/pull/99\n', stderr='')
@py_assert1 = None, @py_assert4 = None, @py_assert3 = None

    def _run_alarm_script(overall: str, **config: object) -&gt; dict:
        if not _NODE:
            pytest.skip("node is required to execute the github-script alarm sink")
        result = subprocess.run(
            [_NODE, "-e", _HARNESS],
            input=_alarm_script(),
            text=True,
            capture_output=True,
            check=False,
            encoding="utf-8",
            env={
                **os.environ,
                "OVERALL": overall,
                "PROBE_STATUS": "",
                "PROBE_MSG": "",
                "LABEL": "p0-outage",
                "THRESHOLD": "2",
                "PROBE_URL": "https://tinyassets.io/mcp",
                "GITHUB_SERVER_URL": "https://github.com",
                "GITHUB_REPOSITORY": "owner/repo",
                "GITHUB_RUN_ID": "2",
                "TEST_CONFIG": json.dumps(config),
            },
        )
        assert result.returncode == 0, result.stderr
&gt;       marker = next(
            line.removeprefix("__RESULT__")
            for line in result.stdout.splitlines()
            if line.startswith("__RESULT__")
        )
E       StopIteration

tests\test_uptime_canary_workflow.py:118: StopIteration</failure></testcase><testcase classname="tests.test_uptime_canary_workflow" name="test_literal_green_recovers_only_an_existing_issue_without_creating_label" file="tests\test_uptime_canary_workflow.py" line="139" time="0.011"><failure message="StopIteration">def test_literal_green_recovers_only_an_existing_issue_without_creating_label() -&gt; None:
&gt;       observed = _run_alarm_script("green", openIssue={"number": 42}, missingLabel=True)
                   ^^^^^^^^^^^^^^^^^^^^^^^^^^^^^^^^^^^^^^^^^^^^^^^^^^^^^^^^^^^^^^^^^^^^^^^

tests\test_uptime_canary_workflow.py:141: 
_ _ _ _ _ _ _ _ _ _ _ _ _ _ _ _ _ _ _ _ _ _ _ _ _ _ _ _ _ _ _ _ _ _ _ _ _ _ _ _

overall = 'green', config = {'missingLabel': True, 'openIssue': {'number': 42}}
result = namespace(returncode=0, stdout='https://github.com/x/x/pull/99\n', stderr='')
@py_assert1 = None, @py_assert4 = None, @py_assert3 = None

    def _run_alarm_script(overall: str, **config: object) -&gt; dict:
        if not _NODE:
            pytest.skip("node is required to execute the github-script alarm sink")
        result = subprocess.run(
            [_NODE, "-e", _HARNESS],
            input=_alarm_script(),
            text=True,
            capture_output=True,
            check=False,
            encoding="utf-8",
            env={
                **os.environ,
                "OVERALL": overall,
                "PROBE_STATUS": "",
                "PROBE_MSG": "",
                "LABEL": "p0-outage",
                "THRESHOLD": "2",
                "PROBE_URL": "https://tinyassets.io/mcp",
                "GITHUB_SERVER_URL": "https://github.com",
                "GITHUB_REPOSITORY": "owner/repo",
                "GITHUB_RUN_ID": "2",
                "TEST_CONFIG": json.dumps(config),
            },
        )
        assert result.returncode == 0, result.stderr
&gt;       marker = next(
            line.removeprefix("__RESULT__")
            for line in result.stdout.splitlines()
            if line.startswith("__RESULT__")
        )
E       StopIteration

tests\test_uptime_canary_workflow.py:118: StopIteration</failure></testcase><testcase classname="tests.test_uptime_canary_workflow" name="test_red_keeps_label_threshold_and_paging_behavior" file="tests\test_uptime_canary_workflow.py" line="150" time="0.011"><failure message="StopIteration">def test_red_keeps_label_threshold_and_paging_behavior() -&gt; None:
&gt;       observed = _run_alarm_script("red", missingLabel=True, priorRed=True)
                   ^^^^^^^^^^^^^^^^^^^^^^^^^^^^^^^^^^^^^^^^^^^^^^^^^^^^^^^^^^

tests\test_uptime_canary_workflow.py:152: 
_ _ _ _ _ _ _ _ _ _ _ _ _ _ _ _ _ _ _ _ _ _ _ _ _ _ _ _ _ _ _ _ _ _ _ _ _ _ _ _

overall = 'red', config = {'missingLabel': True, 'priorRed': True}
result = namespace(returncode=0, stdout='https://github.com/x/x/pull/99\n', stderr='')
@py_assert1 = None, @py_assert4 = None, @py_assert3 = None

    def _run_alarm_script(overall: str, **config: object) -&gt; dict:
        if not _NODE:
            pytest.skip("node is required to execute the github-script alarm sink")
        result = subprocess.run(
            [_NODE, "-e", _HARNESS],
            input=_alarm_script(),
            text=True,
            capture_output=True,
            check=False,
            encoding="utf-8",
            env={
                **os.environ,
                "OVERALL": overall,
                "PROBE_STATUS": "",
                "PROBE_MSG": "",
                "LABEL": "p0-outage",
                "THRESHOLD": "2",
                "PROBE_URL": "https://tinyassets.io/mcp",
                "GITHUB_SERVER_URL": "https://github.com",
                "GITHUB_REPOSITORY": "owner/repo",
                "GITHUB_RUN_ID": "2",
                "TEST_CONFIG": json.dumps(config),
            },
        )
        assert result.returncode == 0, result.stderr
&gt;       marker = next(
            line.removeprefix("__RESULT__")
            for line in result.stdout.splitlines()
            if line.startswith("__RESULT__")
        )
E       StopIteration

tests\test_uptime_canary_workflow.py:118: StopIteration</failure></testcase><testcase classname="tests.test_uptime_canary_workflow" name="test_unknown_guard_and_literal_green_recovery_precede_mutation_logic" file="tests\test_uptime_canary_workflow.py" line="167" time="0.011" /><testcase classname="tests.test_uptime_canary_workflow" name="test_alarm_sink_stays_always_and_failed_deploy_still_skips_probe" file="tests\test_uptime_canary_workflow.py" line="180" time="0.011" /><testcase classname="tests.test_uptime_canary_workflow" name="test_wiki_probe_uses_gha_output_mode_and_preserves_diagnostic" file="tests\test_uptime_canary_workflow.py" line="191" time="0.011" /><testcase classname="tests.test_user_owned_cloud_automation" name="test_work_definition_is_generic_immutable_and_content_addressed" file="tests\test_user_owned_cloud_automation.py" line="258" time="0.001" /><testcase classname="tests.test_user_owned_cloud_automation" name="test_work_definition_rejects_user_authored_runtime_authority[activation_epoch]" file="tests\test_user_owned_cloud_automation.py" line="271" time="0.001" /><testcase classname="tests.test_user_owned_cloud_automation" name="test_work_definition_rejects_user_authored_runtime_authority[lease_generation]" file="tests\test_user_owned_cloud_automation.py" line="271" time="0.001" /><testcase classname="tests.test_user_owned_cloud_automation" name="test_work_definition_rejects_user_authored_runtime_authority[attempt_state]" file="tests\test_user_owned_cloud_automation.py" line="271" time="0.000" /><testcase classname="tests.test_user_owned_cloud_automation" name="test_work_definition_rejects_user_authored_runtime_authority[provider_reservation_id]" file="tests\test_user_owned_cloud_automation.py" line="271" time="0.001" /><testcase classname="tests.test_user_owned_cloud_automation" name="test_work_definition_rejects_user_authored_runtime_authority[effect_reservation_id]" file="tests\test_user_owned_cloud_automation.py" line="271" time="0.000" /><testcase classname="tests.test_user_owned_cloud_automation" name="test_work_definition_rejects_user_authored_runtime_authority[terminal_state]" file="tests\test_user_owned_cloud_automation.py" line="271" time="0.000" /><testcase classname="tests.test_user_owned_cloud_automation" name="test_admission_fails_closed_when_evaluator_can_execute_tenant_code" file="tests\test_user_owned_cloud_automation.py" line="293" time="0.001" /><testcase classname="tests.test_user_owned_cloud_automation" name="test_admission_freezes_typed_deterministic_scenario" file="tests\test_user_owned_cloud_automation.py" line="317" time="0.001" /><testcase classname="tests.test_user_owned_cloud_automation" name="test_admission_rejects_executable_scenario_surface_even_when_evaluator_is_known" file="tests\test_user_owned_cloud_automation.py" line="346" time="0.001" /><testcase classname="tests.test_user_owned_cloud_automation" name="test_operational_projection_is_derived_and_read_only" file="tests\test_user_owned_cloud_automation.py" line="362" time="0.001" /><testcase classname="tests.test_user_owned_cloud_automation" name="test_operational_projection_can_show_inactive_definition" file="tests\test_user_owned_cloud_automation.py" line="389" time="0.001" /><testcase classname="tests.test_user_owned_cloud_automation" name="test_operational_projection_rejects_cross_definition_attempt" file="tests\test_user_owned_cloud_automation.py" line="402" time="0.001" /><testcase classname="tests.test_user_owned_cloud_automation" name="test_operational_projection_requires_binding_for_attempt" file="tests\test_user_owned_cloud_automation.py" line="420" time="0.001" /><testcase classname="tests.test_user_owned_cloud_automation" name="test_operational_projection_rejects_cross_record_relation[binding_id]" file="tests\test_user_owned_cloud_automation.py" line="434" time="0.001" /><testcase classname="tests.test_user_owned_cloud_automation" name="test_operational_projection_rejects_cross_record_relation[binding_digest]" file="tests\test_user_owned_cloud_automation.py" line="434" time="0.001" /><testcase classname="tests.test_user_owned_cloud_automation" name="test_operational_projection_rejects_cross_record_relation[binding_generation]" file="tests\test_user_owned_cloud_automation.py" line="434" time="0.001" /><testcase classname="tests.test_user_owned_cloud_automation" name="test_operational_projection_rejects_cross_record_relation[universe]" file="tests\test_user_owned_cloud_automation.py" line="434" time="0.001" /><testcase classname="tests.test_user_owned_cloud_automation" name="test_operational_projection_rejects_cross_record_relation[branch_def]" file="tests\test_user_owned_cloud_automation.py" line="434" time="0.001" /><testcase classname="tests.test_user_owned_cloud_automation" name="test_operational_projection_rejects_cross_record_relation[branch_version]" file="tests\test_user_owned_cloud_automation.py" line="434" time="0.001" /><testcase classname="tests.test_user_owned_cloud_automation" name="test_operational_projection_rejects_cross_record_relation[branch_content]" file="tests\test_user_owned_cloud_automation.py" line="434" time="0.001" /><testcase classname="tests.test_user_owned_cloud_automation" name="test_operational_projection_rejects_cross_record_relation[operation]" file="tests\test_user_owned_cloud_automation.py" line="434" time="0.001" /><testcase classname="tests.test_user_owned_cloud_automation" name="test_operational_projection_rejects_cross_record_relation[source_kind]" file="tests\test_user_owned_cloud_automation.py" line="434" time="0.001" /><testcase classname="tests.test_user_owned_cloud_automation" name="test_operational_projection_rejects_cross_record_relation[source_id]" file="tests\test_user_owned_cloud_automation.py" line="434" time="0.001" /><testcase classname="tests.test_user_owned_cloud_automation" name="test_operational_projection_rejects_cross_record_relation[source_generation]" file="tests\test_user_owned_cloud_automation.py" line="434" time="0.001" /><testcase classname="tests.test_user_owned_cloud_automation" name="test_operational_projection_rejects_cross_record_relation[executor]" file="tests\test_user_owned_cloud_automation.py" line="434" time="0.001" /><testcase classname="tests.test_user_owned_cloud_automation" name="test_operational_projection_rejects_cross_record_relation[daemon]" file="tests\test_user_owned_cloud_automation.py" line="434" time="0.001" /><testcase classname="tests.test_user_owned_cloud_automation" name="test_operational_projection_rejects_cross_record_relation[runtime]" file="tests\test_user_owned_cloud_automation.py" line="434" time="0.001" /><testcase classname="tests.test_user_owned_cloud_automation" name="test_operational_projection_rejects_cross_record_relation[binding_attempt_budget]" file="tests\test_user_owned_cloud_automation.py" line="434" time="0.001" /><testcase classname="tests.test_user_owned_cloud_automation" name="test_operational_projection_rejects_cross_record_relation[binding_cost_budget]" file="tests\test_user_owned_cloud_automation.py" line="434" time="0.001" /><testcase classname="tests.test_user_owned_cloud_automation" name="test_operational_projection_rejects_cross_record_relation[attempt_cost_budget]" file="tests\test_user_owned_cloud_automation.py" line="434" time="0.001" /><testcase classname="tests.test_user_owned_cloud_automation" name="test_operational_projection_rejects_cross_record_relation[attempt_count_budget]" file="tests\test_user_owned_cloud_automation.py" line="434" time="0.001" /><testcase classname="tests.test_user_owned_cloud_automation" name="test_operational_projection_rejects_cross_record_relation[attempt_depth_budget]" file="tests\test_user_owned_cloud_automation.py" line="434" time="0.001" /><testcase classname="tests.test_user_owned_cloud_automation" name="test_inactive_cloud_authority_resolves_exact_user_owned_bindings" file="tests\test_user_owned_cloud_automation.py" line="548" time="0.038" /><testcase classname="tests.test_user_owned_cloud_automation" name="test_inactive_cloud_authority_rejects_revoked_provider_binding" file="tests\test_user_owned_cloud_automation.py" line="568" time="0.041" /><testcase classname="tests.test_user_owned_cloud_automation" name="test_inactive_cloud_authority_rejects_broader_or_unusable_authority[provider_overrides0-None-action_cap0]" file="tests\test_user_owned_cloud_automation.py" line="590" time="0.036" /><testcase classname="tests.test_user_owned_cloud_automation" name="test_inactive_cloud_authority_rejects_broader_or_unusable_authority[provider_overrides1-None-action_cap1]" file="tests\test_user_owned_cloud_automation.py" line="590" time="0.037" /><testcase classname="tests.test_user_owned_cloud_automation" name="test_inactive_cloud_authority_rejects_broader_or_unusable_authority[provider_overrides2-None-action_cap2]" file="tests\test_user_owned_cloud_automation.py" line="590" time="0.037" /><testcase classname="tests.test_user_owned_cloud_automation" name="test_inactive_cloud_authority_rejects_broader_or_unusable_authority[provider_overrides3-None-action_cap3]" file="tests\test_user_owned_cloud_automation.py" line="590" time="0.038" /><testcase classname="tests.test_user_owned_cloud_automation" name="test_inactive_cloud_authority_rejects_broader_or_unusable_authority[provider_overrides4-None-action_cap4]" file="tests\test_user_owned_cloud_automation.py" line="590" time="0.036" /><testcase classname="tests.test_user_owned_cloud_automation" name="test_inactive_cloud_authority_rejects_broader_or_unusable_authority[provider_overrides5-None-action_cap5]" file="tests\test_user_owned_cloud_automation.py" line="590" time="0.037" /><testcase classname="tests.test_user_owned_cloud_automation" name="test_inactive_cloud_authority_rejects_broader_or_unusable_authority[provider_overrides6-connection_scopes6-action_cap6]" file="tests\test_user_owned_cloud_automation.py" line="590" time="0.042" /><testcase classname="tests.test_user_owned_cloud_automation" name="test_inactive_cloud_authority_rejects_broader_or_unusable_authority[provider_overrides7-None-None]" file="tests\test_user_owned_cloud_automation.py" line="590" time="0.045" /><testcase classname="tests.test_user_owned_cloud_automation" name="test_inactive_cloud_authority_rejects_broader_or_unusable_authority[provider_overrides8-None-action_cap8]" file="tests\test_user_owned_cloud_automation.py" line="590" time="0.049" /><testcase classname="tests.test_user_owned_cloud_automation" name="test_inactive_cloud_authority_rejects_broader_or_unusable_authority[provider_overrides9-None-action_cap9]" file="tests\test_user_owned_cloud_automation.py" line="590" time="0.043" /><testcase classname="tests.test_user_owned_cloud_automation" name="test_inactive_cloud_authority_rejects_broader_or_unusable_authority[provider_overrides10-None-action_cap10]" file="tests\test_user_owned_cloud_automation.py" line="590" time="0.041" /><testcase classname="tests.test_user_owned_cloud_automation" name="test_inactive_cloud_authority_rejects_stale_request_or_connection[principal_foreign]" file="tests\test_user_owned_cloud_automation.py" line="636" time="0.040" /><testcase classname="tests.test_user_owned_cloud_automation" name="test_inactive_cloud_authority_rejects_stale_request_or_connection[principal_missing]" file="tests\test_user_owned_cloud_automation.py" line="636" time="0.038" /><testcase classname="tests.test_user_owned_cloud_automation" name="test_inactive_cloud_authority_rejects_stale_request_or_connection[principal_verifier_error]" file="tests\test_user_owned_cloud_automation.py" line="636" time="0.037" /><testcase classname="tests.test_user_owned_cloud_automation" name="test_inactive_cloud_authority_rejects_stale_request_or_connection[connection_revoked]" file="tests\test_user_owned_cloud_automation.py" line="636" time="0.044" /><testcase classname="tests.test_user_owned_cloud_automation" name="test_inactive_cloud_authority_rejects_nonexact_destination_grant[grant_revoked]" file="tests\test_user_owned_cloud_automation.py" line="676" time="0.044" /><testcase classname="tests.test_user_owned_cloud_automation" name="test_inactive_cloud_authority_rejects_nonexact_destination_grant[grant_owner]" file="tests\test_user_owned_cloud_automation.py" line="676" time="0.064" /><testcase classname="tests.test_user_owned_cloud_automation" name="test_inactive_cloud_authority_rejects_nonexact_destination_grant[grant_universe]" file="tests\test_user_owned_cloud_automation.py" line="676" time="0.056" /><testcase classname="tests.test_user_owned_cloud_automation" name="test_inactive_cloud_authority_rejects_nonexact_destination_grant[destination]" file="tests\test_user_owned_cloud_automation.py" line="676" time="0.065" /><testcase classname="tests.test_validate_patch" name="test_valid_patch_applies_cleanly" file="tests\test_validate_patch.py" line="36" time="0.001" /><testcase classname="tests.test_validate_patch" name="test_invalid_search_not_found" file="tests\test_validate_patch.py" line="43" time="0.001" /><testcase classname="tests.test_validate_patch" name="test_invalid_search_not_unique" file="tests\test_validate_patch.py" line="50" time="0.001" /><testcase classname="tests.test_validate_patch" name="test_invalid_unfetched_target_path" file="tests\test_validate_patch.py" line="58" time="0.000" /><testcase classname="tests.test_validate_patch" name="test_malformed_packet_is_invalid_not_crash" file="tests\test_validate_patch.py" line="65" time="0.000" /><testcase classname="tests.test_validate_patch" name="test_no_sink_packet_is_invalid" file="tests\test_validate_patch.py" line="71" time="0.000" /><testcase classname="tests.test_validate_patch" name="test_new_file_only_packet_defers_to_review" file="tests\test_validate_patch.py" line="78" time="0.001" /><testcase classname="tests.test_validate_patch" name="test_code_fence_wrapped_packet_is_invalid" file="tests\test_validate_patch.py" line="86" time="0.000" /><testcase classname="tests.test_validate_patch" name="test_empty_change_set_is_invalid" file="tests\test_validate_patch.py" line="94" time="0.000" /><testcase classname="tests.test_validate_patch" name="test_bad_changes_json_shape_is_invalid" file="tests\test_validate_patch.py" line="101" time="0.000" /><testcase classname="tests.test_validate_patch" name="test_duplicate_path_in_edits_and_changes_is_invalid" file="tests\test_validate_patch.py" line="108" time="0.001" /><testcase classname="tests.test_validate_patch" name="test_registered_as_opaque_domain_callable" file="tests\test_validate_patch.py" line="118" time="0.000" /><testcase classname="tests.test_validate_patch" name="test_never_raises_on_empty_state" file="tests\test_validate_patch.py" line="126" time="0.000" /><testcase classname="tests.test_validate_patch" name="test_edit_that_breaks_python_syntax_is_invalid" file="tests\test_validate_patch.py" line="133" time="0.001" /><testcase classname="tests.test_validate_patch" name="test_valid_python_edit_passes_syntax_check" file="tests\test_validate_patch.py" line="141" time="0.001" /><testcase classname="tests.test_validate_patch" name="test_new_python_file_with_bad_syntax_is_invalid" file="tests\test_validate_patch.py" line="147" time="0.001" /><testcase classname="tests.test_validate_patch" name="test_non_python_file_edit_skips_syntax_check" file="tests\test_validate_patch.py" line="154" time="0.000" /><testcase classname="tests.test_validate_patch" name="test_new_json_file_invalid_json_is_invalid" file="tests\test_validate_patch.py" line="162" time="0.001" /><testcase classname="tests.test_validate_ship_packet_action.TestHandlerLayer" name="test_dispatch_dict_exposes_action" file="tests\test_validate_ship_packet_action.py" line="104" time="0.001" /><testcase classname="tests.test_validate_ship_packet_action.TestHandlerLayer" name="test_missing_body_json_returns_error" file="tests\test_validate_ship_packet_action.py" line="110" time="0.001" /><testcase classname="tests.test_validate_ship_packet_action.TestHandlerLayer" name="test_empty_body_json_returns_error" file="tests\test_validate_ship_packet_action.py" line="115" time="0.001" /><testcase classname="tests.test_validate_ship_packet_action.TestHandlerLayer" name="test_whitespace_body_json_returns_error" file="tests\test_validate_ship_packet_action.py" line="119" time="0.000" /><testcase classname="tests.test_validate_ship_packet_action.TestHandlerLayer" name="test_invalid_json_returns_parse_error" file="tests\test_validate_ship_packet_action.py" line="123" time="0.001" /><testcase classname="tests.test_validate_ship_packet_action.TestHandlerLayer" name="test_valid_packet_returns_decision_dict" file="tests\test_validate_ship_packet_action.py" line="128" time="0.001" /><testcase classname="tests.test_validate_ship_packet_action.TestHandlerLayer" name="test_blocked_packet_returns_decision_dict_with_violations" file="tests\test_validate_ship_packet_action.py" line="151" time="0.001" /><testcase classname="tests.test_validate_ship_packet_action.TestDispatchIntegration" name="test_public_extensions_signature_exposes_ledger_kwargs" file="tests\test_validate_ship_packet_action.py" line="174" time="0.001" /><testcase classname="tests.test_validate_ship_packet_action.TestDispatchIntegration" name="test_action_routes_to_handler_via_extensions_dispatch" file="tests\test_validate_ship_packet_action.py" line="192" time="0.001" /><testcase classname="tests.test_validate_ship_packet_action.TestDispatchIntegration" name="test_action_with_no_body_json_routes_and_errors_at_handler" file="tests\test_validate_ship_packet_action.py" line="214" time="0.001" /><testcase classname="tests.test_validate_ship_packet_action.TestDispatchIntegration" name="test_validate_ship_packet_dispatch_forwards_ledger_kwargs" file="tests\test_validate_ship_packet_action.py" line="220" time="0.072" /><testcase classname="tests.test_validate_ship_packet_action.TestDispatchIntegration" name="test_public_extensions_wrapper_records_ledger_row" file="tests\test_validate_ship_packet_action.py" line="279" time="0.072" /><testcase classname="tests.test_validate_ship_packet_action.TestDispatchIntegration" name="test_open_auto_ship_pr_routes_to_handler_disabled" file="tests\test_validate_ship_packet_action.py" line="333" time="0.081" /><testcase classname="tests.test_validate_ship_packet_action.TestResilience" name="test_packet_that_makes_validator_raise_returns_error_dict_not_crash" file="tests\test_validate_ship_packet_action.py" line="369" time="0.001" /><testcase classname="tests.test_validate_ship_packet_action.TestLedgerRecording" name="test_record_off_response_is_byte_identical_to_pr224" file="tests\test_validate_ship_packet_action.py" line="430" time="0.056" /><testcase classname="tests.test_validate_ship_packet_action.TestLedgerRecording" name="test_record_on_passed_writes_skipped_row" file="tests\test_validate_ship_packet_action.py" line="442" time="0.075" /><testcase classname="tests.test_validate_ship_packet_action.TestLedgerRecording" name="test_record_on_blocked_writes_blocked_row_with_violations" file="tests\test_validate_ship_packet_action.py" line="472" time="0.075" /><testcase classname="tests.test_validate_ship_packet_action.TestLedgerRecording" name="test_explicit_universe_id_overrides_default" file="tests\test_validate_ship_packet_action.py" line="491" time="0.070" /><testcase classname="tests.test_validate_ship_packet_action.TestLedgerRecording" name="test_string_truthy_record_flag_enables_recording" file="tests\test_validate_ship_packet_action.py" line="512" time="0.072" /><testcase classname="tests.test_validate_ship_packet_action.TestLedgerRecording" name="test_string_falsy_record_flag_skips_recording" file="tests\test_validate_ship_packet_action.py" line="523" time="0.058" /><testcase classname="tests.test_validate_ship_packet_action.TestLedgerRecording" name="test_changed_paths_json_kwarg_overrides_packet_paths" file="tests\test_validate_ship_packet_action.py" line="534" time="0.073" /><testcase classname="tests.test_validate_ship_packet_action.TestLedgerRecording" name="test_malformed_changed_paths_json_falls_back_to_packet" file="tests\test_validate_ship_packet_action.py" line="556" time="0.074" /><testcase classname="tests.test_validate_ship_packet_action.TestLedgerRecording" name="test_ledger_write_failure_surfaces_in_response" file="tests\test_validate_ship_packet_action.py" line="569" time="0.015" /><testcase classname="tests.test_validate_ship_packet_action.TestLedgerRecording" name="test_extensions_dispatch_blocks_acceptance_when_requested_ledger_not_recorded" file="tests\test_validate_ship_packet_action.py" line="597" time="0.013" /><testcase classname="tests.test_validate_ship_packet_action.TestLedgerRecording" name="test_two_recorded_calls_produce_distinct_ledger_rows" file="tests\test_validate_ship_packet_action.py" line="627" time="0.092" /><testcase classname="tests.test_validate_skills" name="test_current_skill_tree_is_valid" file="tests\test_validate_skills.py" line="26" time="0.022" /><testcase classname="tests.test_validate_skills" name="test_validator_catches_stale_imported_skill_text" file="tests\test_validate_skills.py" line="35" time="0.682" /><testcase classname="tests.test_validate_skills" name="test_validator_catches_mirror_drift" file="tests\test_validate_skills.py" line="49" time="0.108"><failure message="FileNotFoundError: [Errno 2] No such file or directory: 'C:\\Users\\Jonathan\\AppData\\Local\\Temp\\pytest-of-Jonathan\\pytest-7404\\test_validator_catches_mirror_0\\repo\\.claude\\skills\\zoom-out\\SKILL.md'">tmp_path = WindowsPath('C:/Users/Jonathan/AppData/Local/Temp/pytest-of-Jonathan/pytest-7404/test_validator_catches_mirror_0')

    def test_validator_catches_mirror_drift(tmp_path) -&gt; None:
        module = load_module()
        root = copy_skill_tree(tmp_path)
        mirror = root / ".claude" / "skills" / "zoom-out" / "SKILL.md"
&gt;       mirror.write_text(mirror.read_text(encoding="utf-8") + "\nMirror drift.\n", encoding="utf-8")
                          ^^^^^^^^^^^^^^^^^^^^^^^^^^^^^^^^^^

tests\test_validate_skills.py:54: 
_ _ _ _ _ _ _ _ _ _ _ _ _ _ _ _ _ _ _ _ _ _ _ _ _ _ _ _ _ _ _ _ _ _ _ _ _ _ _ _
C:\Python314\Lib\pathlib\__init__.py:787: in read_text
    with self.open(mode='r', encoding=encoding, errors=errors, newline=newline) as f:
         ^^^^^^^^^^^^^^^^^^^^^^^^^^^^^^^^^^^^^^^^^^^^^^^^^^^^^^^^^^^^^^^^^^^^^^
_ _ _ _ _ _ _ _ _ _ _ _ _ _ _ _ _ _ _ _ _ _ _ _ _ _ _ _ _ _ _ _ _ _ _ _ _ _ _ _

self = WindowsPath('C:/Users/Jonathan/AppData/Local/Temp/pytest-of-Jonathan/pytest-7404/test_validator_catches_mirror_0/repo/.claude/skills/zoom-out/SKILL.md')
mode = 'r', buffering = -1, encoding = 'utf-8', errors = None, newline = None

    def open(self, mode='r', buffering=-1, encoding=None,
             errors=None, newline=None):
        """
        Open the file pointed to by this path and return a file object, as
        the built-in open() function does.
        """
        if "b" not in mode:
            encoding = io.text_encoding(encoding)
&gt;       return io.open(self, mode, buffering, encoding, errors, newline)
               ^^^^^^^^^^^^^^^^^^^^^^^^^^^^^^^^^^^^^^^^^^^^^^^^^^^^^^^^^
E       FileNotFoundError: [Errno 2] No such file or directory: 'C:\\Users\\Jonathan\\AppData\\Local\\Temp\\pytest-of-Jonathan\\pytest-7404\\test_validator_catches_mirror_0\\repo\\.claude\\skills\\zoom-out\\SKILL.md'

C:\Python314\Lib\pathlib\__init__.py:771: FileNotFoundError</failure></testcase><testcase classname="tests.test_validate_skills" name="test_validator_catches_router_omission" file="tests\test_validate_skills.py" line="60" time="0.569"><failure message="assert False&#10; +  where False = any(&lt;generator object test_validator_catches_router_omission.&lt;locals&gt;.&lt;genexpr&gt; at 0x0000018E48F95970&gt;)">tmp_path = WindowsPath('C:/Users/Jonathan/AppData/Local/Temp/pytest-of-Jonathan/pytest-7404/test_validator_catches_router_0')

    def test_validator_catches_router_omission(tmp_path) -&gt; None:
        module = load_module()
        root = copy_skill_tree(tmp_path)
        router = root / ".agents" / "skills" / "using-agent-skills" / "SKILL.md"
        router.write_text(
            router.read_text(encoding="utf-8").replace("zoom-out", "zoom_removed"),
            encoding="utf-8",
        )
    
        issues = module.validate_all(root)
    
&gt;       assert any("router does not mention skill 'zoom-out'" in issue.message for issue in issues)
E       assert False
E        +  where False = any(&lt;generator object test_validator_catches_router_omission.&lt;locals&gt;.&lt;genexpr&gt; at 0x0000018E48F95970&gt;)

tests\test_validate_skills.py:72: AssertionError</failure></testcase><testcase classname="tests.test_verify_llm_binding" name="test_llm_bound_returns_status" file="tests\test_verify_llm_binding.py" line="156" time="0.001" /><testcase classname="tests.test_verify_llm_binding" name="test_llm_bound_accepts_current_nested_status_shape" file="tests\test_verify_llm_binding.py" line="167" time="0.001" /><testcase classname="tests.test_verify_llm_binding" name="test_llm_bound_prefers_nested_status_over_stale_top_level" file="tests\test_verify_llm_binding.py" line="178" time="0.001" /><testcase classname="tests.test_verify_llm_binding" name="test_llm_bound_accepts_structured_content_status_payload" file="tests\test_verify_llm_binding.py" line="189" time="0.001" /><testcase classname="tests.test_verify_llm_binding" name="test_llm_bound_add_canon_non_fatal" file="tests\test_verify_llm_binding.py" line="203" time="0.001" /><testcase classname="tests.test_verify_llm_binding" name="test_require_sandbox_accepts_bwrap_available" file="tests\test_verify_llm_binding.py" line="215" time="0.001" /><testcase classname="tests.test_verify_llm_binding" name="test_require_sandbox_rejects_missing_bwrap" file="tests\test_verify_llm_binding.py" line="228" time="0.001" /><testcase classname="tests.test_verify_llm_binding" name="test_llm_unbound_raises_code3" file="tests\test_verify_llm_binding.py" line="247" time="0.001" /><testcase classname="tests.test_verify_llm_binding" name="test_llm_empty_string_unbound" file="tests\test_verify_llm_binding.py" line="258" time="0.001" /><testcase classname="tests.test_verify_llm_binding" name="test_llm_false_string_unbound" file="tests\test_verify_llm_binding.py" line="278" time="0.001" /><testcase classname="tests.test_verify_llm_binding" name="test_initialize_no_result_raises_code1" file="tests\test_verify_llm_binding.py" line="303" time="0.000" /><testcase classname="tests.test_verify_llm_binding" name="test_initialize_none_response_raises_code1" file="tests\test_verify_llm_binding.py" line="313" time="0.000" /><testcase classname="tests.test_verify_llm_binding" name="test_get_status_no_result_raises_code1" file="tests\test_verify_llm_binding.py" line="322" time="0.001" /><testcase classname="tests.test_verify_llm_binding" name="test_network_error_raises_code2" file="tests\test_verify_llm_binding.py" line="338" time="0.000" /><testcase classname="tests.test_verify_llm_binding" name="test_main_returns_0_on_bound" file="tests\test_verify_llm_binding.py" line="352" time="0.001" /><testcase classname="tests.test_verify_llm_binding" name="test_main_returns_3_on_unbound" file="tests\test_verify_llm_binding.py" line="364" time="0.001" /><testcase classname="tests.test_verify_llm_binding" name="test_main_returns_2_on_network_error" file="tests\test_verify_llm_binding.py" line="375" time="0.001" /><testcase classname="tests.test_verify_llm_binding" name="test_main_retries_transient_sandbox_failure" file="tests\test_verify_llm_binding.py" line="384" time="0.001" /><testcase classname="tests.test_verify_llm_binding" name="test_main_returns_5_when_required_sandbox_missing" file="tests\test_verify_llm_binding.py" line="405" time="0.001" /><testcase classname="tests.test_vocabulary_hygiene" name="test_server_instructions_drop_universe_server_jargon" file="tests\test_vocabulary_hygiene.py" line="72" time="0.001" /><testcase classname="tests.test_vocabulary_hygiene" name="test_server_instructions_drop_dev_toolchain_terms" file="tests\test_vocabulary_hygiene.py" line="83" time="0.000" /><testcase classname="tests.test_vocabulary_hygiene" name="test_control_station_prompt_drops_soul_file_jargon" file="tests\test_vocabulary_hygiene.py" line="95" time="0.001" /><testcase classname="tests.test_vocabulary_hygiene" name="test_all_prompts_drop_forbidden_jargon" file="tests\test_vocabulary_hygiene.py" line="105" time="0.016" /><testcase classname="tests.test_vocabulary_hygiene" name="test_all_tool_descriptions_drop_forbidden_jargon" file="tests\test_vocabulary_hygiene.py" line="117" time="0.002" /><testcase classname="tests.test_vocabulary_hygiene" name="test_extension_guide_drops_forbidden_jargon" file="tests\test_vocabulary_hygiene.py" line="129" time="0.001" /><testcase classname="tests.test_wait_for_run" name="test_await_returns_events_immediately_when_present" file="tests\test_wait_for_run.py" line="77" time="0.044" /><testcase classname="tests.test_wait_for_run" name="test_await_returns_on_terminal_status" file="tests\test_wait_for_run.py" line="96" time="0.072" /><testcase classname="tests.test_wait_for_run" name="test_await_returns_on_deadline_when_idle" file="tests\test_wait_for_run.py" line="132" time="0.406" /><testcase classname="tests.test_wait_for_run" name="test_await_wakes_when_event_lands_mid_wait" file="tests\test_wait_for_run.py" line="149" time="0.271" /><testcase classname="tests.test_wait_for_run" name="test_wait_for_run_returns_terminal_quickly" file="tests\test_wait_for_run.py" line="179" time="0.116"><failure message="KeyError: 'branch_def_id'">us_env = (&lt;module 'tinyassets.universe_server' from 'C:\\Users\\Jonathan\\Projects\\wf-required-test-gate\\tinyassets\\universe...dowsPath('C:/Users/Jonathan/AppData/Local/Temp/pytest-of-Jonathan/pytest-7404/test_wait_for_run_returns_term0/output'))

    def test_wait_for_run_returns_terminal_quickly(us_env):
        """When the run has already completed, wait_for_run should return
        immediately with status=completed — no wasted wall time."""
        from tinyassets.runs import wait_for
    
        us, _ = us_env
&gt;       bid = _build_min_branch(us)
              ^^^^^^^^^^^^^^^^^^^^^

tests\test_wait_for_run.py:186: 
_ _ _ _ _ _ _ _ _ _ _ _ _ _ _ _ _ _ _ _ _ _ _ _ _ _ _ _ _ _ _ _ _ _ _ _ _ _ _ _

us = &lt;module 'tinyassets.universe_server' from 'C:\\Users\\Jonathan\\Projects\\wf-required-test-gate\\tinyassets\\universe_server.py'&gt;

    def _build_min_branch(us) -&gt; str:
&gt;       bid = json.loads(us.extensions(
            action="create_branch", name="wait-probe",
        ))["branch_def_id"]
E       KeyError: 'branch_def_id'

tests\test_wait_for_run.py:51: KeyError</failure></testcase><testcase classname="tests.test_wait_for_run" name="test_wait_for_run_phone_legible_text_channel" file="tests\test_wait_for_run.py" line="204" time="0.116"><failure message="KeyError: 'branch_def_id'">us_env = (&lt;module 'tinyassets.universe_server' from 'C:\\Users\\Jonathan\\Projects\\wf-required-test-gate\\tinyassets\\universe...dowsPath('C:/Users/Jonathan/AppData/Local/Temp/pytest-of-Jonathan/pytest-7404/test_wait_for_run_phone_legibl0/output'))

    def test_wait_for_run_phone_legible_text_channel(us_env):
        from tinyassets.runs import wait_for
    
        us, _ = us_env
&gt;       bid = _build_min_branch(us)
              ^^^^^^^^^^^^^^^^^^^^^

tests\test_wait_for_run.py:209: 
_ _ _ _ _ _ _ _ _ _ _ _ _ _ _ _ _ _ _ _ _ _ _ _ _ _ _ _ _ _ _ _ _ _ _ _ _ _ _ _

us = &lt;module 'tinyassets.universe_server' from 'C:\\Users\\Jonathan\\Projects\\wf-required-test-gate\\tinyassets\\universe_server.py'&gt;

    def _build_min_branch(us) -&gt; str:
&gt;       bid = json.loads(us.extensions(
            action="create_branch", name="wait-probe",
        ))["branch_def_id"]
E       KeyError: 'branch_def_id'

tests\test_wait_for_run.py:51: KeyError</failure></testcase><testcase classname="tests.test_wait_for_run" name="test_wait_for_run_rejects_missing_run_id" file="tests\test_wait_for_run.py" line="228" time="0.075" /><testcase classname="tests.test_wait_for_run" name="test_wait_for_run_rejects_unknown_run" file="tests\test_wait_for_run.py" line="235" time="0.097" /><testcase classname="tests.test_wait_for_run" name="test_wait_for_run_caps_max_wait_at_120s" file="tests\test_wait_for_run.py" line="244" time="0.121"><failure message="KeyError: 'branch_def_id'">us_env = (&lt;module 'tinyassets.universe_server' from 'C:\\Users\\Jonathan\\Projects\\wf-required-test-gate\\tinyassets\\universe...dowsPath('C:/Users/Jonathan/AppData/Local/Temp/pytest-of-Jonathan/pytest-7404/test_wait_for_run_caps_max_wai0/output'))

    def test_wait_for_run_caps_max_wait_at_120s(us_env):
        """A client asking for a 10-minute wait should be capped at 120s
        so the server thread isn't tied up forever."""
        from tinyassets.runs import wait_for
    
        us, _ = us_env
&gt;       bid = _build_min_branch(us)
              ^^^^^^^^^^^^^^^^^^^^^

tests\test_wait_for_run.py:251: 
_ _ _ _ _ _ _ _ _ _ _ _ _ _ _ _ _ _ _ _ _ _ _ _ _ _ _ _ _ _ _ _ _ _ _ _ _ _ _ _

us = &lt;module 'tinyassets.universe_server' from 'C:\\Users\\Jonathan\\Projects\\wf-required-test-gate\\tinyassets\\universe_server.py'&gt;

    def _build_min_branch(us) -&gt; str:
&gt;       bid = json.loads(us.extensions(
            action="create_branch", name="wait-probe",
        ))["branch_def_id"]
E       KeyError: 'branch_def_id'

tests\test_wait_for_run.py:51: KeyError</failure></testcase><testcase classname="tests.test_watchdog" name="test_green_keeps_state_zero" file="tests\test_watchdog.py" line="75" time="0.015" /><testcase classname="tests.test_watchdog" name="test_first_red_increments" file="tests\test_watchdog.py" line="84" time="0.013" /><testcase classname="tests.test_watchdog" name="test_second_red_increments_no_restart" file="tests\test_watchdog.py" line="95" time="0.029" /><testcase classname="tests.test_watchdog" name="test_third_red_triggers_restart" file="tests\test_watchdog.py" line="103" time="0.030" /><testcase classname="tests.test_watchdog" name="test_green_resets_streak" file="tests\test_watchdog.py" line="114" time="0.018" /><testcase classname="tests.test_watchdog" name="test_recovery_after_restart" file="tests\test_watchdog.py" line="124" time="0.030" /><testcase classname="tests.test_watchdog" name="test_rate_limit_blocks_rapid_restarts" file="tests\test_watchdog.py" line="139" time="0.037" /><testcase classname="tests.test_watchdog" name="test_rate_limit_allows_restart_after_interval" file="tests\test_watchdog.py" line="161" time="0.025" /><testcase classname="tests.test_watchdog" name="test_restart_failure_keeps_streak" file="tests\test_watchdog.py" line="181" time="0.019" /><testcase classname="tests.test_watchdog" name="test_corrupt_state_resets_to_zero" file="tests\test_watchdog.py" line="196" time="0.016" /><testcase classname="tests.test_watchdog" name="test_missing_state_file_treated_as_zero" file="tests\test_watchdog.py" line="207" time="0.014" /><testcase classname="tests.test_watchdog" name="test_state_persists_across_ticks" file="tests\test_watchdog.py" line="217" time="0.014" /><testcase classname="tests.test_watchdog" name="test_threshold_1_single_red_restarts" file="tests\test_watchdog.py" line="230" time="0.014" /><testcase classname="tests.test_watchdog" name="test_threshold_5_needs_5_reds" file="tests\test_watchdog.py" line="241" time="0.039" /><testcase classname="tests.test_watchdog" name="test_gh_issue_fired_on_restart" file="tests\test_watchdog.py" line="265" time="0.032" /><testcase classname="tests.test_watchdog" name="test_gh_issue_not_fired_below_threshold" file="tests\test_watchdog.py" line="283" time="0.016" /><testcase classname="tests.test_watchdog" name="test_dry_run_suppresses_restart" file="tests\test_watchdog.py" line="300" time="0.017" /><testcase classname="tests.test_watchdog" name="test_dry_run_env_suppresses_restart" file="tests\test_watchdog.py" line="316" time="0.017" /><testcase classname="tests.test_watchdog" name="test_alarm_log_written_on_restart" file="tests\test_watchdog.py" line="332" time="0.023" /><testcase classname="tests.test_watchdog" name="test_alarm_log_not_written_on_dry_run" file="tests\test_watchdog.py" line="349" time="0.018" /><testcase classname="tests.test_watchdog" name="test_alarm_log_not_written_below_threshold" file="tests\test_watchdog.py" line="364" time="0.017" /><testcase classname="tests.test_watchdog" name="test_gh_issue_skipped_on_restart_failure" file="tests\test_watchdog.py" line="378" time="0.017" /><testcase classname="tests.test_watchdog" name="test_gh_issue_failure_does_not_crash_watchdog" file="tests\test_watchdog.py" line="393" time="0.018" /><testcase classname="tests.test_website_rename_surfaces" name="test_public_website_has_no_retired_workflow_branding" file="tests\test_website_rename_surfaces.py" line="60" time="0.037" /><testcase classname="tests.test_wellknown_discovery" name="test_prm_default_points_at_self" file="tests\test_wellknown_discovery.py" line="22" time="0.001" /><testcase classname="tests.test_wellknown_discovery" name="test_prm_workos_points_at_authkit" file="tests\test_wellknown_discovery.py" line="30" time="0.001" /><testcase classname="tests.test_wellknown_discovery" name="test_prm_workos_without_resource_falls_back_to_base" file="tests\test_wellknown_discovery.py" line="47" time="0.001" /><testcase classname="tests.test_wellknown_discovery" name="test_discovery_routes_include_prm_paths" file="tests\test_wellknown_discovery.py" line="57" time="0.001" /><testcase classname="tests.test_wellknown_discovery" name="test_authz_server_metadata_proxies_authkit_json_in_workos" file="tests\test_wellknown_discovery.py" line="67" time="0.003" /><testcase classname="tests.test_wellknown_discovery" name="test_authz_server_metadata_falls_back_to_redirect_when_proxy_fails" file="tests\test_wellknown_discovery.py" line="93" time="0.003" /><testcase classname="tests.test_wellknown_discovery" name="test_authz_server_metadata_self_hosted_when_not_workos" file="tests\test_wellknown_discovery.py" line="115" time="0.003" /><testcase classname="tests.test_wellknown_discovery" name="test_prm_routes_served_200" file="tests\test_wellknown_discovery.py" line="128" time="0.004" /><testcase classname="tests.test_wiki_alias_corner_cases.TestResolveBugsCanonical" name="test_returns_none_when_no_match" file="tests\test_wiki_alias_corner_cases.py" line="65" time="0.015" /><testcase classname="tests.test_wiki_alias_corner_cases.TestResolveBugsCanonical" name="test_returns_none_for_missing_parent" file="tests\test_wiki_alias_corner_cases.py" line="69" time="0.012" /><testcase classname="tests.test_wiki_alias_corner_cases.TestResolveBugsCanonical" name="test_exact_match_returns_path" file="tests\test_wiki_alias_corner_cases.py" line="75" time="0.014" /><testcase classname="tests.test_wiki_alias_corner_cases.TestResolveBugsCanonical" name="test_wrong_case_canonical_resolved" file="tests\test_wiki_alias_corner_cases.py" line="82" time="0.014" /><testcase classname="tests.test_wiki_alias_corner_cases.TestResolveBugsCanonical" name="test_uppercase_preferred_over_lowercase_duplicate" file="tests\test_wiki_alias_corner_cases.py" line="90" time="0.000"><skipped type="pytest.skip" message="Filesystem is case-insensitive; case-coexistence scenarios collapse.">C:\Users\Jonathan\Projects\wf-required-test-gate\tests\test_wiki_alias_corner_cases.py:91: Filesystem is case-insensitive; case-coexistence scenarios collapse.</skipped></testcase><testcase classname="tests.test_wiki_alias_corner_cases.TestResolveBugsCanonical" name="test_trailing_hyphen_canonical_resolved" file="tests\test_wiki_alias_corner_cases.py" line="104" time="0.015" /><testcase classname="tests.test_wiki_alias_corner_cases.TestResolveBugsCanonical" name="test_uppercase_trailing_hyphen_preferred" file="tests\test_wiki_alias_corner_cases.py" line="114" time="0.000"><skipped type="pytest.skip" message="Filesystem is case-insensitive; case-coexistence scenarios collapse.">C:\Users\Jonathan\Projects\wf-required-test-gate\tests\test_wiki_alias_corner_cases.py:115: Filesystem is case-insensitive; case-coexistence scenarios collapse.</skipped></testcase><testcase classname="tests.test_wiki_alias_corner_cases.TestResolveBugsCanonical" name="test_exact_slug_preferred_over_trailing_hyphen" file="tests\test_wiki_alias_corner_cases.py" line="125" time="0.016" /><testcase classname="tests.test_wiki_alias_corner_cases.TestWikiWriteAliasResolution" name="test_write_routes_to_uppercase_canonical_over_lowercase_duplicate" file="tests\test_wiki_alias_corner_cases.py" line="140" time="0.000"><skipped type="pytest.skip" message="Filesystem is case-insensitive; case-coexistence scenarios collapse.">C:\Users\Jonathan\Projects\wf-required-test-gate\tests\test_wiki_alias_corner_cases.py:141: Filesystem is case-insensitive; case-coexistence scenarios collapse.</skipped></testcase><testcase classname="tests.test_wiki_alias_corner_cases.TestWikiWriteAliasResolution" name="test_write_routes_to_trailing_hyphen_canonical" file="tests\test_wiki_alias_corner_cases.py" line="161" time="0.016" /><testcase classname="tests.test_wiki_alias_corner_cases.TestWikiWriteAliasResolution" name="test_write_unchanged_when_no_alias_collision" file="tests\test_wiki_alias_corner_cases.py" line="184" time="0.016" /><testcase classname="tests.test_wiki_alias_corner_cases.TestWikiWriteAliasResolution" name="test_wrong_case_canonical_still_resolved" file="tests\test_wiki_alias_corner_cases.py" line="200" time="0.016" /><testcase classname="tests.test_wiki_alias_corner_cases.TestWikiWriteAliasResolution" name="test_write_falls_through_to_drafts_when_no_canonical" file="tests\test_wiki_alias_corner_cases.py" line="216" time="0.023" /><testcase classname="tests.test_wiki_canary" name="test_happy_path_run_canary_no_raise" file="tests\test_wiki_canary.py" line="200" time="0.001" /><testcase classname="tests.test_wiki_canary" name="test_credentialed_canary_writes_then_reads_reserved_page" file="tests\test_wiki_canary.py" line="204" time="0.001" /><testcase classname="tests.test_wiki_canary" name="test_credentialed_canary_rejects_non_reserved_write_response_path" file="tests\test_wiki_canary.py" line="235" time="0.001" /><testcase classname="tests.test_wiki_canary" name="test_credentialed_canary_rejects_non_reserved_read_response_path" file="tests\test_wiki_canary.py" line="257" time="0.001" /><testcase classname="tests.test_wiki_canary" name="test_credentialed_canary_cannot_use_probe_specific_filename" file="tests\test_wiki_canary.py" line="283" time="0.000" /><testcase classname="tests.test_wiki_canary" name="test_run_probe_uses_environment_token_when_present" file="tests\test_wiki_canary.py" line="297" time="0.001" /><testcase classname="tests.test_wiki_canary" name="test_run_probe_missing_environment_token_keeps_gate_read_fallback" file="tests\test_wiki_canary.py" line="310" time="0.001" /><testcase classname="tests.test_wiki_canary" name="test_credentialed_run_probe_writes_fresh_content_each_time" file="tests\test_wiki_canary.py" line="321" time="0.001" /><testcase classname="tests.test_wiki_canary" name="test_exit_6_when_old_json_rejection_envelope_is_dispatched" file="tests\test_wiki_canary.py" line="368" time="0.000" /><testcase classname="tests.test_wiki_canary" name="test_run_canary_can_scope_filename_for_bisect_replay" file="tests\test_wiki_canary.py" line="389" time="0.001" /><testcase classname="tests.test_wiki_canary" name="test_gate_probe_uses_canonical_write_page_and_read_page" file="tests\test_wiki_canary.py" line="406" time="0.000" /><testcase classname="tests.test_wiki_canary" name="test_probe_id_sanitizes_to_scoped_filename" file="tests\test_wiki_canary.py" line="418" time="0.000" /><testcase classname="tests.test_wiki_canary" name="test_happy_path_run_probe_returns_zero" file="tests\test_wiki_canary.py" line="422" time="0.013" /><testcase classname="tests.test_wiki_canary" name="test_happy_path_log_line_contains_green" file="tests\test_wiki_canary.py" line="428" time="0.012" /><testcase classname="tests.test_wiki_canary" name="test_happy_path_log_line_not_red" file="tests\test_wiki_canary.py" line="437" time="0.012" /><testcase classname="tests.test_wiki_canary" name="test_exit_2_on_initialize_network_error" file="tests\test_wiki_canary.py" line="447" time="0.001" /><testcase classname="tests.test_wiki_canary" name="test_exit_2_on_initialize_missing_result" file="tests\test_wiki_canary.py" line="454" time="0.000" /><testcase classname="tests.test_wiki_canary" name="test_exit_2_on_no_session_id" file="tests\test_wiki_canary.py" line="461" time="0.000" /><testcase classname="tests.test_wiki_canary" name="test_exit_6_when_anonymous_write_is_accepted_gate_regression" file="tests\test_wiki_canary.py" line="476" time="0.000" /><testcase classname="tests.test_wiki_canary" name="test_exit_6_when_401_lacks_oauth_challenge" file="tests\test_wiki_canary.py" line="489" time="0.001" /><testcase classname="tests.test_wiki_canary" name="test_gha_failure_output_includes_missing_challenge_cause" file="tests\test_wiki_canary.py" line="500" time="0.001" /><testcase classname="tests.test_wiki_canary" name="test_exit_6_on_wiki_write_non_401_http_error" file="tests\test_wiki_canary.py" line="514" time="0.000" /><testcase classname="tests.test_wiki_canary" name="test_exit_6_on_403_even_with_oauth_challenge" file="tests\test_wiki_canary.py" line="525" time="0.001" /><testcase classname="tests.test_wiki_canary" name="test_exit_6_when_401_message_is_not_chained_http_error" file="tests\test_wiki_canary.py" line="535" time="0.001" /><testcase classname="tests.test_wiki_canary" name="test_exit_6_when_401_has_inaccessible_headers" file="tests\test_wiki_canary.py" line="545" time="0.001" /><testcase classname="tests.test_wiki_canary" name="test_exit_6_when_401_challenge_is_not_a_string" file="tests\test_wiki_canary.py" line="559" time="0.001" /><testcase classname="tests.test_wiki_canary" name="test_exit_6_on_write_url_error" file="tests\test_wiki_canary.py" line="573" time="0.000" /><testcase classname="tests.test_wiki_canary" name="test_initialize_401_stays_exit_2" file="tests\test_wiki_canary.py" line="583" time="0.000" /><testcase classname="tests.test_wiki_canary" name="test_exit_6_on_wiki_write_iserror" file="tests\test_wiki_canary.py" line="593" time="0.000" /><testcase classname="tests.test_wiki_canary" name="test_exit_6_on_wiki_write_unexpected_status" file="tests\test_wiki_canary.py" line="607" time="0.000" /><testcase classname="tests.test_wiki_canary" name="test_exit_6_on_wiki_write_no_result" file="tests\test_wiki_canary.py" line="622" time="0.000" /><testcase classname="tests.test_wiki_canary" name="test_exit_6_on_wiki_write_no_text_content" file="tests\test_wiki_canary.py" line="632" time="0.001" /><testcase classname="tests.test_wiki_canary" name="test_exit_6_on_wiki_write_non_json_text" file="tests\test_wiki_canary.py" line="644" time="0.000" /><testcase classname="tests.test_wiki_canary" name="test_exit_7_on_wiki_read_network_error" file="tests\test_wiki_canary.py" line="660" time="0.000" /><testcase classname="tests.test_wiki_canary" name="test_exit_7_on_wiki_read_iserror" file="tests\test_wiki_canary.py" line="670" time="0.000" /><testcase classname="tests.test_wiki_canary" name="test_exit_7_on_wiki_read_roundtrip_mismatch" file="tests\test_wiki_canary.py" line="684" time="0.000" /><testcase classname="tests.test_wiki_canary" name="test_exit_7_on_wiki_read_no_result" file="tests\test_wiki_canary.py" line="698" time="0.001" /><testcase classname="tests.test_wiki_canary" name="test_exit_7_on_wiki_read_no_text_content" file="tests\test_wiki_canary.py" line="708" time="0.000" /><testcase classname="tests.test_wiki_canary" name="test_red_log_line_contains_surface_wiki_gate_on_exit_6" file="tests\test_wiki_canary.py" line="723" time="0.001" /><testcase classname="tests.test_wiki_canary" name="test_red_log_line_contains_surface_wiki_gate_on_exit_7" file="tests\test_wiki_canary.py" line="737" time="0.001" /><testcase classname="tests.test_wiki_canary" name="test_exit_99_on_unexpected_exception" file="tests\test_wiki_canary.py" line="750" time="0.001" /><testcase classname="tests.test_wiki_canary" name="test_main_propagates_exit_codes[responses0-2]" file="tests\test_wiki_canary.py" line="765" time="0.001" /><testcase classname="tests.test_wiki_canary" name="test_main_propagates_exit_codes[responses1-6]" file="tests\test_wiki_canary.py" line="765" time="0.001" /><testcase classname="tests.test_wiki_canary" name="test_main_propagates_exit_codes[responses2-7]" file="tests\test_wiki_canary.py" line="765" time="0.001" /><testcase classname="tests.test_wiki_canary" name="test_main_propagates_exit_codes[responses3-0]" file="tests\test_wiki_canary.py" line="765" time="0.001" /><testcase classname="tests.test_wiki_canary_transport" name="test_canary_token_reaches_write_page_over_stateful_streamable_http" file="tests\test_wiki_canary_transport.py" line="55" time="0.049" /><testcase classname="tests.test_wiki_cosign_flow" name="test_similarity_then_cosign_happy_path" file="tests\test_wiki_cosign_flow.py" line="61" time="0.057" /><testcase classname="tests.test_wiki_cosign_flow" name="test_similarity_then_cosign_preserves_original_bug_id" file="tests\test_wiki_cosign_flow.py" line="113" time="0.043" /><testcase classname="tests.test_wiki_cosign_flow" name="test_similarity_then_cosign_increments_on_repeat" file="tests\test_wiki_cosign_flow.py" line="151" time="0.057" /><testcase classname="tests.test_wiki_cosign_flow" name="test_similarity_then_cosign_persists_to_disk" file="tests\test_wiki_cosign_flow.py" line="197" time="0.053" /><testcase classname="tests.test_wiki_file_bug_dedup" name="test_no_similar_mints_new_id" file="tests\test_wiki_file_bug_dedup.py" line="55" time="0.027" /><testcase classname="tests.test_wiki_file_bug_dedup" name="test_similar_existing_returns_similar_found" file="tests\test_wiki_file_bug_dedup.py" line="66" time="0.038" /><testcase classname="tests.test_wiki_file_bug_dedup" name="test_similar_found_includes_top_3" file="tests\test_wiki_file_bug_dedup.py" line="86" time="0.049" /><testcase classname="tests.test_wiki_file_bug_dedup" name="test_similar_found_highest_similarity_first" file="tests\test_wiki_file_bug_dedup.py" line="108" time="0.049" /><testcase classname="tests.test_wiki_file_bug_dedup" name="test_force_new_skips_similarity_check" file="tests\test_wiki_file_bug_dedup.py" line="130" time="0.031" /><testcase classname="tests.test_wiki_file_bug_dedup" name="test_cosign_bug_roundtrip" file="tests\test_wiki_file_bug_dedup.py" line="150" time="0.037" /><testcase classname="tests.test_wiki_file_bug_dedup" name="test_cosign_bug_increments_count" file="tests\test_wiki_file_bug_dedup.py" line="167" time="0.060" /><testcase classname="tests.test_wiki_file_bug_dedup" name="test_cosign_bug_file_contains_entry" file="tests\test_wiki_file_bug_dedup.py" line="185" time="0.045" /><testcase classname="tests.test_wiki_file_bug_dedup" name="test_cosign_bug_missing_bug_id_returns_error" file="tests\test_wiki_file_bug_dedup.py" line="206" time="0.024" /><testcase classname="tests.test_wiki_file_bug_dedup" name="test_cosign_bug_missing_required_args_returns_error" file="tests\test_wiki_file_bug_dedup.py" line="216" time="0.029" /><testcase classname="tests.test_wiki_file_bug_dedup" name="test_file_bug_still_mints_id_on_empty_bugs_dir" file="tests\test_wiki_file_bug_dedup.py" line="229" time="0.025" /><testcase classname="tests.test_wiki_file_bug_dedup" name="test_file_bug_returns_path_in_pages_bugs" file="tests\test_wiki_file_bug_dedup.py" line="236" time="0.026" /><testcase classname="tests.test_wiki_file_bug_dedup" name="test_file_bug_validation_errors_still_work" file="tests\test_wiki_file_bug_dedup.py" line="245" time="0.027" /><testcase classname="tests.test_wiki_file_bug_dedup" name="test_file_bug_unrelated_query_does_not_trigger_similar_found" file="tests\test_wiki_file_bug_dedup.py" line="255" time="0.040" /><testcase classname="tests.test_wiki_file_bug_dedup" name="test_long_form_existing_filing_matches_concise_technical_core" file="tests\test_wiki_file_bug_dedup.py" line="271" time="0.042" /><testcase classname="tests.test_wiki_file_bug_dedup.TestThresholdEdgeCases" name="test_exact_duplicate_tokens_score_one" file="tests\test_wiki_file_bug_dedup.py" line="315" time="0.001" /><testcase classname="tests.test_wiki_file_bug_dedup.TestThresholdEdgeCases" name="test_zero_overlap_score_zero" file="tests\test_wiki_file_bug_dedup.py" line="323" time="0.000" /><testcase classname="tests.test_wiki_file_bug_dedup.TestThresholdEdgeCases" name="test_threshold_boundary_above_fires" file="tests\test_wiki_file_bug_dedup.py" line="332" time="0.000" /><testcase classname="tests.test_wiki_file_bug_dedup.TestThresholdEdgeCases" name="test_threshold_boundary_below_silent" file="tests\test_wiki_file_bug_dedup.py" line="345" time="0.000" /><testcase classname="tests.test_wiki_file_bug_dedup.TestThresholdEdgeCases" name="test_empty_both_returns_one" file="tests\test_wiki_file_bug_dedup.py" line="357" time="0.000" /><testcase classname="tests.test_wiki_file_bug_dedup.TestThresholdEdgeCases" name="test_empty_vs_nonempty_returns_zero" file="tests\test_wiki_file_bug_dedup.py" line="362" time="0.000" /><testcase classname="tests.test_wiki_file_bug_dedup.TestThresholdEdgeCases" name="test_short_tokens_filtered" file="tests\test_wiki_file_bug_dedup.py" line="370" time="0.000" /><testcase classname="tests.test_wiki_file_bug_dedup.TestIntegrationEdgeCases" name="test_100_percent_exact_duplicate_returns_similar_found" file="tests\test_wiki_file_bug_dedup.py" line="380" time="0.037" /><testcase classname="tests.test_wiki_file_bug_dedup.TestIntegrationEdgeCases" name="test_0_percent_overlap_mints_new_id" file="tests\test_wiki_file_bug_dedup.py" line="390" time="0.040" /><testcase classname="tests.test_wiki_file_bug_dedup.TestIntegrationEdgeCases" name="test_many_bugs_above_threshold_returns_top_3_only" file="tests\test_wiki_file_bug_dedup.py" line="403" time="0.092" /><testcase classname="tests.test_wiki_file_bug_dedup.TestIntegrationEdgeCases" name="test_unicode_title_handled_without_crash" file="tests\test_wiki_file_bug_dedup.py" line="421" time="0.024" /><testcase classname="tests.test_wiki_file_bug_dedup.TestIntegrationEdgeCases" name="test_force_new_true_with_high_similarity_mints_new_id" file="tests\test_wiki_file_bug_dedup.py" line="434" time="0.029" /><testcase classname="tests.test_wiki_file_bug_dedup.TestIntegrationEdgeCases" name="test_cosign_count_increments_to_high_values" file="tests\test_wiki_file_bug_dedup.py" line="446" time="0.092" /><testcase classname="tests.test_wiki_file_bug_dedup.TestIntegrationEdgeCases" name="test_cosign_same_context_twice_appends_both" file="tests\test_wiki_file_bug_dedup.py" line="462" time="0.059" /><testcase classname="tests.test_wiki_path_resolver" name="test_workflow_wiki_path_takes_precedence" file="tests\test_wiki_path_resolver.py" line="31" time="0.014" /><testcase classname="tests.test_wiki_path_resolver" name="test_default_is_absolute" file="tests\test_wiki_path_resolver.py" line="43" time="0.001" /><testcase classname="tests.test_wiki_path_resolver" name="test_default_inherits_data_dir" file="tests\test_wiki_path_resolver.py" line="49" time="0.012" /><testcase classname="tests.test_wiki_path_resolver" name="test_explicit_env_is_absolute" file="tests\test_wiki_path_resolver.py" line="60" time="0.013" /><testcase classname="tests.test_wiki_path_resolver" name="test_expanduser_honored" file="tests\test_wiki_path_resolver.py" line="67" time="0.001" /><testcase classname="tests.test_wiki_path_resolver" name="test_empty_string_env_treated_as_unset" file="tests\test_wiki_path_resolver.py" line="74" time="0.012" /><testcase classname="tests.test_wiki_path_resolver" name="test_whitespace_only_env_treated_as_unset" file="tests\test_wiki_path_resolver.py" line="84" time="0.011" /><testcase classname="tests.test_wiki_path_resolver" name="test_universe_server_wiki_root_uses_resolver" file="tests\test_wiki_path_resolver.py" line="96" time="0.011" /><testcase classname="tests.test_wiki_path_resolver" name="test_no_cwd_drift_when_env_unset" file="tests\test_wiki_path_resolver.py" line="105" time="0.013" /><testcase classname="tests.test_wiki_path_resolver" name="test_no_hardcoded_jonathan_path_anywhere" file="tests\test_wiki_path_resolver.py" line="123" time="0.012" /><testcase classname="tests.test_wiki_path_resolver" name="test_wiki_path_exported_from_workflow_storage" file="tests\test_wiki_path_resolver.py" line="137" time="0.001" /><testcase classname="tests.test_wiki_path_resolver" name="test_looks_like_windows_path_heuristic" file="tests\test_wiki_path_resolver.py" line="153" time="0.000" /><testcase classname="tests.test_wiki_path_resolver" name="test_wiki_path_rejects_windows_path_on_posix" file="tests\test_wiki_path_resolver.py" line="168" time="0.001" /><testcase classname="tests.test_wiki_path_resolver" name="test_data_dir_rejects_windows_path_on_posix" file="tests\test_wiki_path_resolver.py" line="186" time="0.001" /><testcase classname="tests.test_wiki_path_resolver" name="test_windows_path_accepted_on_windows" file="tests\test_wiki_path_resolver.py" line="199" time="0.013" /><testcase classname="tests.test_wiki_path_resolver" name="test_posix_absolute_path_not_rejected_on_posix" file="tests\test_wiki_path_resolver.py" line="222" time="0.001" /><testcase classname="tests.test_wiki_path_resolver" name="test_wiki_tool_returns_clear_error_for_windows_leakage" file="tests\test_wiki_path_resolver.py" line="242" time="0.068" /><testcase classname="tests.test_wiki_path_resolver" name="test_no_hardcoded_wiki_path_in_universe_server" file="tests\test_wiki_path_resolver.py" line="268" time="0.001" /><testcase classname="tests.test_wiki_scaffold.TestScaffoldColdStart" name="test_creates_full_category_tree" file="tests\test_wiki_scaffold.py" line="27" time="0.021" /><testcase classname="tests.test_wiki_scaffold.TestScaffoldColdStart" name="test_creates_anchor_files" file="tests\test_wiki_scaffold.py" line="41" time="0.037" /><testcase classname="tests.test_wiki_scaffold.TestScaffoldIdempotent" name="test_twice_is_no_op" file="tests\test_wiki_scaffold.py" line="55" time="0.024" /><testcase classname="tests.test_wiki_scaffold.TestScaffoldPreservesExisting" name="test_preserves_user_anchor_content" file="tests\test_wiki_scaffold.py" line="67" time="0.027" /><testcase classname="tests.test_wiki_scaffold.TestScaffoldPreservesExisting" name="test_preserves_user_custom_subdir" file="tests\test_wiki_scaffold.py" line="76" time="0.036" /><testcase classname="tests.test_wiki_tools.TestParseFrontmatter" name="test_valid_frontmatter" file="tests\test_wiki_tools.py" line="29" time="0.001" /><testcase classname="tests.test_wiki_tools.TestParseFrontmatter" name="test_no_frontmatter" file="tests\test_wiki_tools.py" line="36" time="0.001" /><testcase classname="tests.test_wiki_tools.TestParseFrontmatter" name="test_empty_frontmatter" file="tests\test_wiki_tools.py" line="42" time="0.000" /><testcase classname="tests.test_wiki_tools.TestSanitizeSlug" name="test_basic_slug" file="tests\test_wiki_tools.py" line="50" time="0.001" /><testcase classname="tests.test_wiki_tools.TestSanitizeSlug" name="test_special_chars" file="tests\test_wiki_tools.py" line="53" time="0.000" /><testcase classname="tests.test_wiki_tools.TestSanitizeSlug" name="test_already_clean" file="tests\test_wiki_tools.py" line="56" time="0.000" /><testcase classname="tests.test_wiki_tools.TestExtractKeywords" name="test_removes_stop_words" file="tests\test_wiki_tools.py" line="61" time="0.001" /><testcase classname="tests.test_wiki_tools.TestExtractKeywords" name="test_removes_short_words" file="tests\test_wiki_tools.py" line="70" time="0.000" /><testcase classname="tests.test_wiki_tools.TestExtractKeywords" name="test_deduplicates" file="tests\test_wiki_tools.py" line="74" time="0.000" /><testcase classname="tests.test_wiki_tools.TestSimilarityScore" name="test_identical_content" file="tests\test_wiki_tools.py" line="80" time="0.001" /><testcase classname="tests.test_wiki_tools.TestSimilarityScore" name="test_different_content" file="tests\test_wiki_tools.py" line="86" time="0.000" /><testcase classname="tests.test_wiki_tools.TestSimilarityScore" name="test_title_bonus" file="tests\test_wiki_tools.py" line="92" time="0.000" /><testcase classname="tests.test_wiki_tools.TestWikiRead" name="test_read_page" file="tests\test_wiki_tools.py" line="153" time="0.032" /><testcase classname="tests.test_wiki_tools.TestWikiRead" name="test_read_special_index" file="tests\test_wiki_tools.py" line="159" time="0.034" /><testcase classname="tests.test_wiki_tools.TestWikiRead" name="test_read_special_schema" file="tests\test_wiki_tools.py" line="163" time="0.033" /><testcase classname="tests.test_wiki_tools.TestWikiRead" name="test_read_not_found" file="tests\test_wiki_tools.py" line="167" time="0.026" /><testcase classname="tests.test_wiki_tools.TestWikiRead" name="test_read_missing_page_param" file="tests\test_wiki_tools.py" line="171" time="0.022" /><testcase classname="tests.test_wiki_tools.TestWikiRead" name="test_read_draft_does_not_duplicate_existing_draft_marker" file="tests\test_wiki_tools.py" line="175" time="0.033" /><testcase classname="tests.test_wiki_tools.TestWikiRead" name="test_read_large_page_wrapper_exposes_offset_window" file="tests\test_wiki_tools.py" line="187" time="0.045" /><testcase classname="tests.test_wiki_tools.TestWikiRead" name="test_read_wrapper_default_window_handles_medium_document" file="tests\test_wiki_tools.py" line="213" time="0.039" /><testcase classname="tests.test_wiki_tools.TestWikiList" name="test_list_pages" file="tests\test_wiki_tools.py" line="232" time="0.026" /><testcase classname="tests.test_wiki_tools.TestWikiList" name="test_list_includes_drafts" file="tests\test_wiki_tools.py" line="238" time="0.037" /><testcase classname="tests.test_wiki_tools.TestWikiSearch" name="test_search_finds_page" file="tests\test_wiki_tools.py" line="251" time="0.025" /><testcase classname="tests.test_wiki_tools.TestWikiSearch" name="test_search_no_results" file="tests\test_wiki_tools.py" line="256" time="0.025" /><testcase classname="tests.test_wiki_tools.TestWikiSearch" name="test_search_missing_query" file="tests\test_wiki_tools.py" line="260" time="0.022" /><testcase classname="tests.test_wiki_tools.TestWikiSearch" name="test_public_read_page_uses_default_discovery_without_advertising_scope" file="tests\test_wiki_tools.py" line="264" time="0.042" /><testcase classname="tests.test_wiki_tools.TestWikiWrite" name="test_write_new_draft" file="tests\test_wiki_tools.py" line="289" time="0.024" /><testcase classname="tests.test_wiki_tools.TestWikiWrite" name="test_write_updates_existing_promoted" file="tests\test_wiki_tools.py" line="300" time="0.031" /><testcase classname="tests.test_wiki_tools.TestWikiWrite" name="test_write_accepts_custom_category" file="tests\test_wiki_tools.py" line="320" time="0.024" /><testcase classname="tests.test_wiki_tools.TestWikiWrite" name="test_write_rejects_unsluggable_category" file="tests\test_wiki_tools.py" line="328" time="0.022" /><testcase classname="tests.test_wiki_tools.TestWikiWrite" name="test_write_missing_params" file="tests\test_wiki_tools.py" line="334" time="0.022" /><testcase classname="tests.test_wiki_tools.TestWikiWrite" name="test_write_accepts_all_expanded_categories[projects]" file="tests\test_wiki_tools.py" line="338" time="0.022" /><testcase classname="tests.test_wiki_tools.TestWikiWrite" name="test_write_accepts_all_expanded_categories[concepts]" file="tests\test_wiki_tools.py" line="338" time="0.023" /><testcase classname="tests.test_wiki_tools.TestWikiWrite" name="test_write_accepts_all_expanded_categories[people]" file="tests\test_wiki_tools.py" line="338" time="0.024" /><testcase classname="tests.test_wiki_tools.TestWikiWrite" name="test_write_accepts_all_expanded_categories[research]" file="tests\test_wiki_tools.py" line="338" time="0.025" /><testcase classname="tests.test_wiki_tools.TestWikiWrite" name="test_write_accepts_all_expanded_categories[recipes]" file="tests\test_wiki_tools.py" line="338" time="0.023" /><testcase classname="tests.test_wiki_tools.TestWikiWrite" name="test_write_accepts_all_expanded_categories[workflows]" file="tests\test_wiki_tools.py" line="338" time="0.024" /><testcase classname="tests.test_wiki_tools.TestWikiWrite" name="test_write_accepts_all_expanded_categories[notes]" file="tests\test_wiki_tools.py" line="338" time="0.023" /><testcase classname="tests.test_wiki_tools.TestWikiWrite" name="test_write_accepts_all_expanded_categories[references]" file="tests\test_wiki_tools.py" line="338" time="0.023" /><testcase classname="tests.test_wiki_tools.TestWikiWrite" name="test_write_accepts_all_expanded_categories[plans]" file="tests\test_wiki_tools.py" line="338" time="0.023" /><testcase classname="tests.test_wiki_tools.TestWikiWrite" name="test_wiki_categories_enum_matches_expanded_taxonomy" file="tests\test_wiki_tools.py" line="361" time="0.001" /><testcase classname="tests.test_wiki_tools.TestWikiDelete" name="test_delete_dry_run_default_does_not_delete" file="tests\test_wiki_tools.py" line="375" time="0.023" /><testcase classname="tests.test_wiki_tools.TestWikiDelete" name="test_delete_requires_reason_when_not_dry_run" file="tests\test_wiki_tools.py" line="387" time="0.025" /><testcase classname="tests.test_wiki_tools.TestWikiDelete" name="test_delete_rejects_hash_mismatch" file="tests\test_wiki_tools.py" line="397" time="0.024" /><testcase classname="tests.test_wiki_tools.TestWikiDelete" name="test_delete_removes_exact_patch_request_page_and_logs" file="tests\test_wiki_tools.py" line="414" time="0.044" /><testcase classname="tests.test_wiki_tools.TestWikiDelete" name="test_delete_rejects_protected_anchor_page" file="tests\test_wiki_tools.py" line="441" time="0.022" /><testcase classname="tests.test_wiki_tools.TestWikiPromote" name="test_promote_valid_draft" file="tests\test_wiki_tools.py" line="450" time="0.035" /><testcase classname="tests.test_wiki_tools.TestWikiPromote" name="test_promote_first_page_can_link_to_seed_index" file="tests\test_wiki_tools.py" line="467" time="0.037" /><testcase classname="tests.test_wiki_tools.TestWikiPromote" name="test_promote_blocks_without_title" file="tests\test_wiki_tools.py" line="484" time="0.035" /><testcase classname="tests.test_wiki_tools.TestWikiPromote" name="test_promote_skip_lint" file="tests\test_wiki_tools.py" line="491" time="0.036" /><testcase classname="tests.test_wiki_tools.TestWikiPromote" name="test_promote_not_found" file="tests\test_wiki_tools.py" line="499" time="0.024" /><testcase classname="tests.test_wiki_tools.TestWikiIngest" name="test_ingest_raw_source" file="tests\test_wiki_tools.py" line="505" time="0.024" /><testcase classname="tests.test_wiki_tools.TestWikiIngest" name="test_ingest_missing_params" file="tests\test_wiki_tools.py" line="517" time="0.022" /><testcase classname="tests.test_wiki_tools.TestWikiConsolidate" name="test_consolidate_similar_drafts" file="tests\test_wiki_tools.py" line="523" time="0.047" /><testcase classname="tests.test_wiki_tools.TestWikiConsolidate" name="test_consolidate_few_drafts" file="tests\test_wiki_tools.py" line="543" time="0.024" /><testcase classname="tests.test_wiki_tools.TestWikiConsolidate" name="test_consolidate_execute" file="tests\test_wiki_tools.py" line="547" time="0.053" /><testcase classname="tests.test_wiki_tools.TestWikiLint" name="test_lint_finds_issues" file="tests\test_wiki_tools.py" line="572" time="0.027" /><testcase classname="tests.test_wiki_tools.TestWikiLint" name="test_lint_detects_orphan" file="tests\test_wiki_tools.py" line="577" time="0.034" /><testcase classname="tests.test_wiki_tools.TestWikiLint" name="test_lint_single_page_excludes_whole_wiki_backlog" file="tests\test_wiki_tools.py" line="591" time="0.054" /><testcase classname="tests.test_wiki_tools.TestWikiLint" name="test_lint_single_draft_reports_promotion_blockers_only" file="tests\test_wiki_tools.py" line="623" time="0.036" /><testcase classname="tests.test_wiki_tools.TestWikiLint" name="test_lint_accepts_seed_index_as_wikilink_target" file="tests\test_wiki_tools.py" line="644" time="0.049" /><testcase classname="tests.test_wiki_tools.TestWikiSupersede" name="test_supersede_page" file="tests\test_wiki_tools.py" line="662" time="0.039" /><testcase classname="tests.test_wiki_tools.TestWikiSupersede" name="test_supersede_missing_old" file="tests\test_wiki_tools.py" line="693" time="0.023" /><testcase classname="tests.test_wiki_tools.TestWikiSupersede" name="test_supersede_missing_new" file="tests\test_wiki_tools.py" line="704" time="0.024" /><testcase classname="tests.test_wiki_tools.TestWikiSyncProjects" name="test_sync_discovers_new_project" file="tests\test_wiki_tools.py" line="717" time="0.032" /><testcase classname="tests.test_wiki_tools.TestWikiSyncProjects" name="test_sync_skips_existing" file="tests\test_wiki_tools.py" line="732" time="0.026" /><testcase classname="tests.test_wiki_tools.TestWikiDispatch" name="test_unknown_action" file="tests\test_wiki_tools.py" line="740" time="0.024" /><testcase classname="tests.test_wiki_tools.TestWikiDispatch" name="test_wiki_missing_root_auto_scaffolds" file="tests\test_wiki_tools.py" line="745" time="0.025" /><testcase classname="tests.test_wiki_tools.TestWikiFileBugDispatch" name="test_missing_title_returns_error" file="tests\test_wiki_tools.py" line="784" time="0.027" /><testcase classname="tests.test_wiki_tools.TestWikiFileBugDispatch" name="test_missing_component_returns_error" file="tests\test_wiki_tools.py" line="790" time="0.027" /><testcase classname="tests.test_wiki_tools.TestWikiFileBugDispatch" name="test_invalid_severity_returns_error" file="tests\test_wiki_tools.py" line="796" time="0.031" /><testcase classname="tests.test_wiki_tools.TestWikiFileBugDispatch" name="test_valid_call_returns_bug_id_and_path" file="tests\test_wiki_tools.py" line="802" time="0.034" /><testcase classname="tests.test_wiki_tools.TestWikiFileBugDispatch" name="test_file_bug_flags_patch_request_ghost_risk_attention" file="tests\test_wiki_tools.py" line="821" time="0.034" /><testcase classname="tests.test_wiki_tools.TestWikiFileBugDispatch" name="test_file_bug_flags_patch_request_merge_instant" file="tests\test_wiki_tools.py" line="858" time="0.037" /><testcase classname="tests.test_wiki_tools.TestWikiFileBugDispatch" name="test_file_bug_accepts_tags_via_public_wrapper" file="tests\test_wiki_tools.py" line="884" time="0.067" /><testcase classname="tests.test_wiki_tools.TestWikiFileBugDispatch" name="test_id_collision_retry_via_dispatch" file="tests\test_wiki_tools.py" line="906" time="0.090" /><testcase classname="tests.test_wiki_tools.TestWikiMCPRegistration" name="test_wiki_tool_registered" file="tests\test_wiki_tools.py" line="939" time="0.002" /><testcase classname="tests.test_wiki_tools.TestWikiMCPRegistration" name="test_wiki_tool_metadata" file="tests\test_wiki_tools.py" line="944" time="0.001" /><testcase classname="tests.test_wiki_tools.TestWikiMCPRegistration" name="test_wiki_tool_schema_advertises_file_bug_tags_field" file="tests\test_wiki_tools.py" line="952" time="0.001" /><testcase classname="tests.test_wiki_tools.TestWikiMCPRegistration" name="test_wiki_file_bug_kind_field_is_in_mcp_schema" file="tests\test_wiki_tools.py" line="962" time="0.001" /><testcase classname="tests.test_wiki_tools.TestWikiMCPRegistration" name="test_wiki_since_changed_since_field_is_in_mcp_schema" file="tests\test_wiki_tools.py" line="972" time="0.001" /><testcase classname="tests.test_wiki_trigger_receipts.TestCreatePending" name="test_creates_row_with_minted_id" file="tests\test_wiki_trigger_receipts.py" line="32" time="0.021" /><testcase classname="tests.test_wiki_trigger_receipts.TestCreatePending" name="test_optional_fields_persisted" file="tests\test_wiki_trigger_receipts.py" line="45" time="0.022" /><testcase classname="tests.test_wiki_trigger_receipts.TestMarkQueued" name="test_pending_to_queued" file="tests\test_wiki_trigger_receipts.py" line="61" time="0.026" /><testcase classname="tests.test_wiki_trigger_receipts.TestMarkQueued" name="test_queued_with_run_id" file="tests\test_wiki_trigger_receipts.py" line="77" time="0.025" /><testcase classname="tests.test_wiki_trigger_receipts.TestMarkFailed" name="test_with_exception" file="tests\test_wiki_trigger_receipts.py" line="90" time="0.027" /><testcase classname="tests.test_wiki_trigger_receipts.TestMarkFailed" name="test_with_explicit_class_and_message" file="tests\test_wiki_trigger_receipts.py" line="101" time="0.031" /><testcase classname="tests.test_wiki_trigger_receipts.TestMarkFailed" name="test_message_truncated_at_500" file="tests\test_wiki_trigger_receipts.py" line="114" time="0.031" /><testcase classname="tests.test_wiki_trigger_receipts.TestMarkSkipped" name="test_default_reason" file="tests\test_wiki_trigger_receipts.py" line="126" time="0.029" /><testcase classname="tests.test_wiki_trigger_receipts.TestToResponse" name="test_pending_minimal" file="tests\test_wiki_trigger_receipts.py" line="143" time="0.001" /><testcase classname="tests.test_wiki_trigger_receipts.TestToResponse" name="test_queued_includes_dispatcher_id" file="tests\test_wiki_trigger_receipts.py" line="154" time="0.000" /><testcase classname="tests.test_wiki_trigger_receipts.TestToResponse" name="test_failed_includes_error_block" file="tests\test_wiki_trigger_receipts.py" line="170" time="0.001" /><testcase classname="tests.test_wiki_trigger_receipts.TestReadAPI" name="test_receipts_for_request_returns_chronological" file="tests\test_wiki_trigger_receipts.py" line="188" time="0.027" /><testcase classname="tests.test_wiki_trigger_receipts.TestReadAPI" name="test_recent_attempts_descending" file="tests\test_wiki_trigger_receipts.py" line="200" time="0.034" /><testcase classname="tests.test_wiki_trigger_receipts.TestReadAPI" name="test_orphan_attempts_empty_when_fresh" file="tests\test_wiki_trigger_receipts.py" line="211" time="0.023" /><testcase classname="tests.test_wiki_trigger_receipts.TestReadAPI" name="test_orphan_attempts_finds_stale_pending" file="tests\test_wiki_trigger_receipts.py" line="220" time="0.024" /><testcase classname="tests.test_wiki_trigger_receipts.TestReadAPI" name="test_health_summary_counts_by_status" file="tests\test_wiki_trigger_receipts.py" line="238" time="0.036" /><testcase classname="tests.test_wiki_write_back_effector" name="test_effectors_package_preserves_existing_exports" file="tests\test_wiki_write_back_effector.py" line="57" time="0.001" /><testcase classname="tests.test_wiki_write_back_effector" name="test_wiki_write_back_without_consent_dry_runs_before_write" file="tests\test_wiki_write_back_effector.py" line="64" time="0.052" /><testcase classname="tests.test_wiki_write_back_effector" name="test_wiki_write_back_rejects_packet_controlled_path_escape" file="tests\test_wiki_write_back_effector.py" line="82" time="0.064" /><testcase classname="tests.test_wiki_write_back_effector" name="test_wiki_write_back_rejects_payload_fabricated_effect_markers" file="tests\test_wiki_write_back_effector.py" line="103" time="0.056" /><testcase classname="tests.test_wiki_write_back_effector" name="test_wiki_write_back_requires_idempotency_hint_for_real_write" file="tests\test_wiki_write_back_effector.py" line="132" time="0.055" /><testcase classname="tests.test_wiki_write_back_effector" name="test_wiki_write_back_appends_section_and_records_receipt" file="tests\test_wiki_write_back_effector.py" line="154" time="0.150" /><testcase classname="tests.test_wiki_write_back_effector" name="test_wiki_write_back_idempotency_dedup_does_not_append_twice" file="tests\test_wiki_write_back_effector.py" line="189" time="0.128" /><testcase classname="tests.test_wiki_write_back_effector" name="test_stale_wiki_intent_reconciles_from_destination_marker" file="tests\test_wiki_write_back_effector.py" line="219" time="0.172" /><testcase classname="tests.test_wiki_write_back_effector" name="test_receipt_finalize_failure_reconciles_from_server_marker" file="tests\test_wiki_write_back_effector.py" line="272" time="0.142" /><testcase classname="tests.test_wiki_write_back_effector" name="test_attacker_body_marker_cannot_reconcile_a_victim_effect" file="tests\test_wiki_write_back_effector.py" line="331" time="0.120" /><testcase classname="tests.test_wiki_write_back_effector" name="test_branch_dispatch_routes_wiki_write_back_sink" file="tests\test_wiki_write_back_effector.py" line="375" time="0.045" /><testcase classname="tests.test_windows_desktop_effector" name="test_windows_packet_without_user_approval_refuses_before_side_effects" file="tests\test_windows_desktop_effector.py" line="47" time="0.014" /><testcase classname="tests.test_windows_desktop_effector" name="test_windows_packet_negative_approval_text_refuses_before_side_effects" file="tests\test_windows_desktop_effector.py" line="63" time="0.014" /><testcase classname="tests.test_windows_desktop_effector" name="test_windows_packet_without_consent_refuses_before_side_effects" file="tests\test_windows_desktop_effector.py" line="78" time="0.036" /><testcase classname="tests.test_windows_desktop_effector" name="test_windows_packet_on_non_windows_returns_no_host_before_receipt" file="tests\test_windows_desktop_effector.py" line="95" time="0.179" /><testcase classname="tests.test_windows_desktop_effector" name="test_windows_packet_dedup_hit_returns_recorded_evidence" file="tests\test_windows_desktop_effector.py" line="137" time="0.075" /><testcase classname="tests.test_windows_desktop_effector" name="test_windows_packet_success_reserves_then_finalizes_redacted_receipt" file="tests\test_windows_desktop_effector.py" line="177" time="0.117" /><testcase classname="tests.test_windows_desktop_effector" name="test_branch_dispatch_routes_windows_desktop_sink" file="tests\test_windows_desktop_effector.py" line="228" time="0.014" /><testcase classname="tests.test_work_target_advance_on_accept" name="test_scene_advance_bumps_scene_number" file="tests\test_work_target_advance_on_accept.py" line="49" time="0.166" /><testcase classname="tests.test_work_target_advance_on_accept" name="test_chapter_advance_bumps_chapter_and_clears_scene" file="tests\test_work_target_advance_on_accept.py" line="77" time="0.160" /><testcase classname="tests.test_work_target_advance_on_accept" name="test_book_advance_bumps_book_and_clears_chapter_scene" file="tests\test_work_target_advance_on_accept.py" line="115" time="0.183" /><testcase classname="tests.test_work_target_advance_on_accept" name="test_non_accept_verdict_is_noop" file="tests\test_work_target_advance_on_accept.py" line="150" time="0.177" /><testcase classname="tests.test_work_target_advance_on_accept" name="test_missing_target_is_noop" file="tests\test_work_target_advance_on_accept.py" line="176" time="0.158" /><testcase classname="tests.test_work_target_advance_on_accept" name="test_missing_target_id_is_noop" file="tests\test_work_target_advance_on_accept.py" line="195" time="0.019" /><testcase classname="tests.test_work_target_advance_on_accept" name="test_missing_execution_kind_is_noop" file="tests\test_work_target_advance_on_accept.py" line="208" time="0.085" /><testcase classname="tests.test_work_target_advance_on_accept" name="test_gap_scenario_advances_to_pinned_plus_one_not_past_max" file="tests\test_work_target_advance_on_accept.py" line="233" time="0.162" /><testcase classname="tests.test_work_target_advance_on_accept" name="test_scene_advance_uses_scope_when_metadata_missing" file="tests\test_work_target_advance_on_accept.py" line="281" time="0.158" /><testcase classname="tests.test_work_target_origin" name="test_legacy_worktarget_loads_with_unknown_origin" file="tests\test_work_target_origin.py" line="21" time="0.001" /><testcase classname="tests.test_work_target_origin" name="test_new_worktarget_serializes_origin" file="tests\test_work_target_origin.py" line="42" time="0.001" /><testcase classname="tests.test_work_target_origin" name="test_origin_values_are_strings_not_enum" file="tests\test_work_target_origin.py" line="55" time="0.001" /><testcase classname="tests.test_work_target_origin" name="test_worktarget_default_origin_is_unknown" file="tests\test_work_target_origin.py" line="67" time="0.001" /><testcase classname="tests.test_work_target_origin" name="test_origin_nonstring_data_is_coerced" file="tests\test_work_target_origin.py" line="73" time="0.001" /><testcase classname="tests.test_work_targets" name="test_notes_to_publishable_requires_provisional_before_committed" file="tests\test_work_targets.py" line="50" time="0.210" /><testcase classname="tests.test_work_targets" name="test_publishable_to_notes_emits_reconciliation_note" file="tests\test_work_targets.py" line="71" time="0.170" /><testcase classname="tests.test_work_targets" name="test_marked_for_discard_needs_20_review_cycles" file="tests\test_work_targets.py" line="97" time="0.446" /><testcase classname="tests.test_work_targets" name="test_foundation_review_hard_blocks_on_unsynthesized_upload" file="tests\test_work_targets.py" line="119" time="0.255" /><testcase classname="tests.test_work_targets" name="test_authorial_review_returns_one_target_and_alternates" file="tests\test_work_targets.py" line="143" time="0.215" /><testcase classname="tests.test_work_targets" name="test_dispatch_execution_routes_notes_target_to_worldbuild" file="tests\test_work_targets.py" line="175" time="0.128" /><testcase classname="tests.test_work_targets" name="test_execution_can_create_provisional_targets_directly" file="tests\test_work_targets.py" line="193" time="0.123" /><testcase classname="tests.test_work_targets" name="test_execution_can_only_mark_for_discard" file="tests\test_work_targets.py" line="208" time="0.167" /><testcase classname="tests.test_work_targets" name="test_api_note_tags_and_metadata_round_trip" file="tests\test_work_targets.py" line="222" time="0.088" /><testcase classname="tests.test_work_targets" name="test_run_book_uses_chapter_target_execution_scope" file="tests\test_work_targets.py" line="254" time="0.128" /><testcase classname="tests.test_work_targets" name="test_run_book_resumes_open_book_target_from_existing_output" file="tests\test_work_targets.py" line="302" time="0.141" /><testcase classname="tests.test_work_targets" name="test_run_book_uses_scene_target_exact_coordinates" file="tests\test_work_targets.py" line="350" time="0.135" /><testcase classname="tests.test_workos_provider" name="test_derive_endpoints_bare_domain" file="tests\test_workos_provider.py" line="103" time="0.001" /><testcase classname="tests.test_workos_provider" name="test_derive_endpoints_full_origin_and_trailing_slash" file="tests\test_workos_provider.py" line="109" time="0.000" /><testcase classname="tests.test_workos_provider" name="test_derive_endpoints_rejects_empty" file="tests\test_workos_provider.py" line="115" time="0.000" /><testcase classname="tests.test_workos_provider" name="test_valid_token_resolves_to_founder_identity" file="tests\test_workos_provider.py" line="123" time="0.019" /><testcase classname="tests.test_workos_provider" name="test_token_permissions_become_capabilities" file="tests\test_workos_provider.py" line="140" time="0.001" /><testcase classname="tests.test_workos_provider" name="test_username_falls_back_to_sub_without_email" file="tests\test_workos_provider.py" line="152" time="0.001" /><testcase classname="tests.test_workos_provider" name="test_org_role_permissions_surface_in_metadata" file="tests\test_workos_provider.py" line="158" time="0.001" /><testcase classname="tests.test_workos_provider" name="test_expired_token_rejected" file="tests\test_workos_provider.py" line="175" time="0.001" /><testcase classname="tests.test_workos_provider" name="test_missing_sub_rejected" file="tests\test_workos_provider.py" line="181" time="0.001" /><testcase classname="tests.test_workos_provider" name="test_anonymous_sub_rejected" file="tests\test_workos_provider.py" line="186" time="0.001" /><testcase classname="tests.test_workos_provider" name="test_wrong_issuer_rejected" file="tests\test_workos_provider.py" line="190" time="0.001" /><testcase classname="tests.test_workos_provider" name="test_bad_signature_rejected" file="tests\test_workos_provider.py" line="195" time="0.014" /><testcase classname="tests.test_workos_provider" name="test_empty_token_returns_none" file="tests\test_workos_provider.py" line="206" time="0.000" /><testcase classname="tests.test_workos_provider" name="test_validation_failure_logs_only_allowlisted_category[error0-expired]" file="tests\test_workos_provider.py" line="212" time="0.001" /><testcase classname="tests.test_workos_provider" name="test_validation_failure_logs_only_allowlisted_category[error1-audience]" file="tests\test_workos_provider.py" line="212" time="0.001" /><testcase classname="tests.test_workos_provider" name="test_validation_failure_logs_only_allowlisted_category[error2-issuer]" file="tests\test_workos_provider.py" line="212" time="0.001" /><testcase classname="tests.test_workos_provider" name="test_validation_failure_logs_only_allowlisted_category[error3-required_claim]" file="tests\test_workos_provider.py" line="212" time="0.001" /><testcase classname="tests.test_workos_provider" name="test_validation_failure_logs_only_allowlisted_category[error4-signature]" file="tests\test_workos_provider.py" line="212" time="0.001" /><testcase classname="tests.test_workos_provider" name="test_validation_failure_logs_only_allowlisted_category[error5-algorithm]" file="tests\test_workos_provider.py" line="212" time="0.001" /><testcase classname="tests.test_workos_provider" name="test_validation_failure_logs_only_allowlisted_category[error6-malformed]" file="tests\test_workos_provider.py" line="212" time="0.001" /><testcase classname="tests.test_workos_provider" name="test_validation_failure_logs_only_allowlisted_category[error7-invalid_token]" file="tests\test_workos_provider.py" line="212" time="0.001" /><testcase classname="tests.test_workos_provider" name="test_signing_key_failure_logs_no_exception_or_token" file="tests\test_workos_provider.py" line="246" time="0.001" /><testcase classname="tests.test_workos_provider" name="test_invalid_subject_logs_sanitized_category" file="tests\test_workos_provider.py" line="265" time="0.001" /><testcase classname="tests.test_workos_provider" name="test_rejection_logs_are_bounded_per_category" file="tests\test_workos_provider.py" line="278" time="0.002" /><testcase classname="tests.test_workos_provider" name="test_real_key_client_classifies_malformed_token_before_jwks_lookup" file="tests\test_workos_provider.py" line="311" time="0.001" /><testcase classname="tests.test_workos_provider" name="test_audience_enforced_when_configured" file="tests\test_workos_provider.py" line="330" time="0.002" /><testcase classname="tests.test_workos_provider" name="test_audience_skipped_when_constructed_without_audience" file="tests\test_workos_provider.py" line="337" time="0.001" /><testcase classname="tests.test_workos_provider" name="test_is_auth_required_false" file="tests\test_workos_provider.py" line="347" time="0.000" /><testcase classname="tests.test_workos_provider" name="test_flow_methods_are_not_ours" file="tests\test_workos_provider.py" line="352" time="0.001" /><testcase classname="tests.test_workos_provider" name="test_from_env_requires_audience_by_default" file="tests\test_workos_provider.py" line="365" time="0.001" /><testcase classname="tests.test_workos_provider" name="test_from_env_allow_no_audience_override_derives_endpoints" file="tests\test_workos_provider.py" line="375" time="0.001" /><testcase classname="tests.test_workos_provider" name="test_from_env_reads_resource_audience" file="tests\test_workos_provider.py" line="386" time="0.001" /><testcase classname="tests.test_workos_provider" name="test_from_env_requires_domain" file="tests\test_workos_provider.py" line="393" time="0.000" /><testcase classname="tests.test_workos_provider" name="test_create_provider_selects_workos" file="tests\test_workos_provider.py" line="399" time="0.001" /><testcase classname="tests.test_workos_provider" name="test_middleware_chain_yields_real_subject" file="tests\test_workos_provider.py" line="411" time="0.001" /><testcase classname="tests.test_workos_provider" name="test_middleware_anonymous_without_token" file="tests\test_workos_provider.py" line="428" time="0.000" /><testcase classname="tests.test_workos_provider" name="test_workos_provider_resolve_always_writes" file="tests\test_workos_provider.py" line="459" time="0.000" /><testcase classname="tests.test_workos_provider" name="test_workos_anonymous_cannot_create_universe" file="tests\test_workos_provider.py" line="465" time="0.001" /><testcase classname="tests.test_workos_provider" name="test_workos_anonymous_cannot_write_wiki" file="tests\test_workos_provider.py" line="473" time="0.001" /><testcase classname="tests.test_workos_provider" name="test_workos_anonymous_can_read" file="tests\test_workos_provider.py" line="481" time="0.001" /><testcase classname="tests.test_workos_provider" name="test_workos_authenticated_founder_can_create" file="tests\test_workos_provider.py" line="490" time="0.001" /><testcase classname="tests.test_workos_provider" name="test_workos_authenticated_founder_can_write_wiki" file="tests\test_workos_provider.py" line="500" time="0.001" /><testcase classname="tests.test_workos_provider" name="test_workos_authenticated_founder_passes_write_scope_gate" file="tests\test_workos_provider.py" line="509" time="0.002" /><testcase classname="tests.test_workos_provider" name="test_workos_founder_with_read_scope_can_read" file="tests\test_workos_provider.py" line="524" time="0.001" /><testcase classname="tests.test_workos_provider" name="test_goals_actions_are_in_scope_registry" file="tests\test_workos_provider.py" line="533" time="0.002" /><testcase classname="tests.test_workos_provider" name="test_workos_anonymous_cannot_write_goals" file="tests\test_workos_provider.py" line="542" time="0.002" /><testcase classname="tests.test_workos_provider" name="test_workos_anonymous_can_read_goals" file="tests\test_workos_provider.py" line="554" time="0.001" /><testcase classname="tests.test_workos_provider" name="test_workos_founder_with_write_can_propose_goal" file="tests\test_workos_provider.py" line="562" time="0.001" /><testcase classname="tests.test_workos_provider" name="test_gates_record_conformance_pack_is_write_scoped" file="tests\test_workos_provider.py" line="571" time="0.001" /><testcase classname="tests.test_workos_provider" name="test_goals_impl_denies_anonymous_propose" file="tests\test_workos_provider.py" line="583" time="0.054" /><testcase classname="tests.test_workos_provider" name="test_invalid_bearer_token_is_rejected_not_anonymous" file="tests\test_workos_provider.py" line="598" time="0.001" /><testcase classname="tests.test_workos_provider" name="test_missing_token_stays_anonymous" file="tests\test_workos_provider.py" line="606" time="0.001" /><testcase classname="tests.test_workos_provider" name="test_invalid_bearer_token_gets_401_challenge" file="tests\test_workos_provider.py" line="613" time="0.007" /><testcase classname="tests.test_worktree_status" name="test_parse_porcelain_branch_and_detached_entries" file="tests\test_worktree_status.py" line="29" time="0.001" /><testcase classname="tests.test_worktree_status" name="test_provider_filter_precedes_per_worktree_status_probes" file="tests\test_worktree_status.py" line="49" time="0.014" /><testcase classname="tests.test_worktree_status" name="test_classify_dirty_overrides_everything" file="tests\test_worktree_status.py" line="105" time="0.001" /><testcase classname="tests.test_worktree_status" name="test_classify_dirty_current_checkout_is_explicit" file="tests\test_worktree_status.py" line="118" time="0.000" /><testcase classname="tests.test_worktree_status" name="test_classify_orphaned_requires_missing_purpose_old_and_untracked" file="tests\test_worktree_status.py" line="132" time="0.000" /><testcase classname="tests.test_worktree_status" name="test_classify_ready_to_remove_when_upstream_gone" file="tests\test_worktree_status.py" line="155" time="0.000" /><testcase classname="tests.test_worktree_status" name="test_classify_ready_to_remove_when_branch_fully_merged" file="tests\test_worktree_status.py" line="168" time="0.000" /><testcase classname="tests.test_worktree_status" name="test_ready_to_remove_action_uses_underscore_state" file="tests\test_worktree_status.py" line="183" time="0.000" /><testcase classname="tests.test_worktree_status" name="test_ready_to_remove_sweep_commands_remove_worktree_and_local_branch" file="tests\test_worktree_status.py" line="194" time="0.000" /><testcase classname="tests.test_worktree_status" name="test_build_status_handles_missing_worktree_path" file="tests\test_worktree_status.py" line="224" time="0.012" /><testcase classname="tests.test_worktree_status" name="test_build_status_marks_fully_merged_branch_ready_to_remove" file="tests\test_worktree_status.py" line="240" time="0.015"><failure message="AssertionError: assert 'MISSING' == 'READY_TO_REMOVE'&#10;  &#10;  - READY_TO_REMOVE&#10;  + MISSING">tmp_path = WindowsPath('C:/Users/Jonathan/AppData/Local/Temp/pytest-of-Jonathan/pytest-7404/test_build_status_marks_fully_0')

    def test_build_status_marks_fully_merged_branch_ready_to_remove(tmp_path: Path) -&gt; None:
        repo = tmp_path / "repo"
        topic_path = tmp_path / "wf-topic"
        repo.mkdir()
        _git(repo, "init", "-q", "-b", "main")
        _git(repo, "config", "user.email", "test@example.com")
        _git(repo, "config", "user.name", "Test User")
        (repo / "README.md").write_text("base\n", encoding="utf-8")
        _git(repo, "add", "README.md")
        _git(repo, "commit", "-q", "-m", "base")
        _git(repo, "checkout", "-q", "-b", "codex/topic")
        (repo / "topic.txt").write_text("topic\n", encoding="utf-8")
        _git(repo, "add", "topic.txt")
        _git(repo, "commit", "-q", "-m", "topic")
        topic_head = _git(repo, "rev-parse", "HEAD")
        _git(repo, "checkout", "-q", "main")
        _git(repo, "merge", "-q", "--no-ff", "codex/topic", "-m", "merge topic")
        _git(repo, "worktree", "add", "-q", str(topic_path), "codex/topic")
    
        status = worktree_status.build_status(
            worktree_status.WorktreeEntry(
                path=str(topic_path),
                head=topic_head,
                branch_ref="refs/heads/codex/topic",
            ),
            repo=repo,
        )
    
&gt;       assert status.state == "READY_TO_REMOVE"
E       AssertionError: assert 'MISSING' == 'READY_TO_REMOVE'
E         
E         - READY_TO_REMOVE
E         + MISSING

tests\test_worktree_status.py:269: AssertionError</failure></testcase><testcase classname="tests.test_worktree_status" name="test_build_status_marks_squash_merged_branch_ready_to_remove" file="tests\test_worktree_status.py" line="271" time="0.014"><failure message="AssertionError: assert 0 != 0&#10; +  where 0 = namespace(returncode=0, stdout='https://github.com/x/x/pull/99\n', stderr='').returncode&#10; +    where namespace(returncode=0, stdout='https://github.com/x/x/pull/99\n', stderr='') = &lt;MagicMock name='run' id='1707828261088'&gt;(['git', 'merge-base', '--is-ancestor', 'https://github.com/x/x/pull/99', 'main'], cwd=WindowsPath('C:/Users/Jonathan/AppData/Local/Temp/pytest-of-Jonathan/pytest-7404/test_build_status_marks_squash0/repo'))&#10; +      where &lt;MagicMock name='run' id='1707828261088'&gt; = subprocess.run">tmp_path = WindowsPath('C:/Users/Jonathan/AppData/Local/Temp/pytest-of-Jonathan/pytest-7404/test_build_status_marks_squash0')

    def test_build_status_marks_squash_merged_branch_ready_to_remove(tmp_path: Path) -&gt; None:
        # Squash merge: the branch head is NOT an ancestor of main, so the old
        # --is-ancestor check would mislabel a clean, fully-landed lane. The
        # squash-aware _is_fully_merged must still mark it READY_TO_REMOVE.
        repo = tmp_path / "repo"
        topic_path = tmp_path / "wf-topic"
        repo.mkdir()
        _git(repo, "init", "-q", "-b", "main")
        _git(repo, "config", "user.email", "test@example.com")
        _git(repo, "config", "user.name", "Test User")
        _git(repo, "config", "commit.gpgsign", "false")
        (repo / "README.md").write_text("base\n", encoding="utf-8")
        _git(repo, "add", "README.md")
        _git(repo, "commit", "-q", "-m", "base")
        _git(repo, "checkout", "-q", "-b", "codex/topic")
        (repo / "topic.txt").write_text("topic\n", encoding="utf-8")
        _git(repo, "add", "topic.txt")
        _git(repo, "commit", "-q", "-m", "topic")
        topic_head = _git(repo, "rev-parse", "HEAD")
        _git(repo, "checkout", "-q", "main")
        _git(repo, "merge", "-q", "--squash", "codex/topic")
        _git(repo, "commit", "-q", "-m", "squashed topic (#1)")
        _git(repo, "worktree", "add", "-q", str(topic_path), "codex/topic")
    
        # Sanity: the old ancestor-only check would say "not merged".
&gt;       assert (
            subprocess.run(
                ["git", "merge-base", "--is-ancestor", topic_head, "main"],
                cwd=repo,
            ).returncode
            != 0
        )
E       AssertionError: assert 0 != 0
E        +  where 0 = namespace(returncode=0, stdout='https://github.com/x/x/pull/99\n', stderr='').returncode
E        +    where namespace(returncode=0, stdout='https://github.com/x/x/pull/99\n', stderr='') = &lt;MagicMock name='run' id='1707828261088'&gt;(['git', 'merge-base', '--is-ancestor', 'https://github.com/x/x/pull/99', 'main'], cwd=WindowsPath('C:/Users/Jonathan/AppData/Local/Temp/pytest-of-Jonathan/pytest-7404/test_build_status_marks_squash0/repo'))
E        +      where &lt;MagicMock name='run' id='1707828261088'&gt; = subprocess.run

tests\test_worktree_status.py:297: AssertionError</failure></testcase><testcase classname="tests.test_worktree_status" name="test_classify_clean_local_branch_with_purpose_needs_pr_or_status" file="tests\test_worktree_status.py" line="316" time="0.001" /><testcase classname="tests.test_worktree_status" name="test_classify_status_ref_makes_active_lane" file="tests\test_worktree_status.py" line="330" time="0.000" /><testcase classname="tests.test_worktree_status" name="test_render_table_includes_state_branch_and_purpose" file="tests\test_worktree_status.py" line="345" time="0.000" /><testcase classname="tests.test_worktree_status" name="test_force_utf8_stdio_reconfigures_narrow_windows_streams" file="tests\test_worktree_status.py" line="377" time="0.001" /><testcase classname="tests.test_worktree_status" name="test_force_utf8_stdio_wraps_legacy_stream_buffer" file="tests\test_worktree_status.py" line="398" time="0.000" /><testcase classname="tests.test_worktree_status" name="test_memory_refs_read_from_purpose_file" file="tests\test_worktree_status.py" line="415" time="0.024" /><testcase classname="tests.test_worktree_status" name="test_memory_refs_read_provider_agnostic_memory_block" file="tests\test_worktree_status.py" line="434" time="0.021" /><testcase classname="tests.test_worktree_status" name="test_purpose_missing_fields_detects_incomplete_template" file="tests\test_worktree_status.py" line="455" time="0.024" /><testcase classname="tests.test_world_state_db.TestInitDB" name="test_creates_tables_in_memory" file="tests\test_world_state_db.py" line="35" time="0.001" /><testcase classname="tests.test_world_state_db.TestInitDB" name="test_idempotent" file="tests\test_world_state_db.py" line="38" time="0.009" /><testcase classname="tests.test_world_state_db.TestInitDB" name="test_tables_exist_after_init" file="tests\test_world_state_db.py" line="42" time="0.009" /><testcase classname="tests.test_world_state_db.TestPromises" name="test_add_and_get_active" file="tests\test_world_state_db.py" line="63" time="0.011" /><testcase classname="tests.test_world_state_db.TestPromises" name="test_resolve_promise" file="tests\test_world_state_db.py" line="79" time="0.012" /><testcase classname="tests.test_world_state_db.TestPromises" name="test_overdue_promises" file="tests\test_world_state_db.py" line="98" time="0.011" /><testcase classname="tests.test_world_state_db.TestPromises" name="test_no_overdue_when_none_exist" file="tests\test_world_state_db.py" line="122" time="0.008" /><testcase classname="tests.test_world_state_db.TestPromises" name="test_promises_ordered_by_importance" file="tests\test_world_state_db.py" line="128" time="0.012" /><testcase classname="tests.test_world_state_db.TestCharacters" name="test_upsert_and_get" file="tests\test_world_state_db.py" line="150" time="0.011" /><testcase classname="tests.test_world_state_db.TestCharacters" name="test_upsert_overwrites" file="tests\test_world_state_db.py" line="168" time="0.011" /><testcase classname="tests.test_world_state_db.TestCharacters" name="test_get_nonexistent_character" file="tests\test_world_state_db.py" line="182" time="0.009" /><testcase classname="tests.test_world_state_db.TestCharacters" name="test_get_all_characters" file="tests\test_world_state_db.py" line="187" time="0.012" /><testcase classname="tests.test_world_state_db.TestCharacters" name="test_character_gaps_unknown_location" file="tests\test_world_state_db.py" line="195" time="0.012" /><testcase classname="tests.test_world_state_db.TestCharacters" name="test_character_gaps_filtered" file="tests\test_world_state_db.py" line="209" time="0.012" /><testcase classname="tests.test_world_state_db.TestSceneHistory" name="test_record_and_get_recent" file="tests\test_world_state_db.py" line="231" time="0.012" /><testcase classname="tests.test_world_state_db.TestSceneHistory" name="test_chapter_scene_count" file="tests\test_world_state_db.py" line="251" time="0.011" /><testcase classname="tests.test_world_state_db.TestSceneHistory" name="test_chapter_word_count" file="tests\test_world_state_db.py" line="265" time="0.012" /><testcase classname="tests.test_world_state_db.TestSceneHistory" name="test_empty_chapter_counts" file="tests\test_world_state_db.py" line="279" time="0.009" /><testcase classname="tests.test_world_state_db.TestFacts" name="test_store_and_retrieve" file="tests\test_world_state_db.py" line="292" time="0.011" /><testcase classname="tests.test_world_state_db.TestFacts" name="test_get_all_facts" file="tests\test_world_state_db.py" line="309" time="0.012" /><testcase classname="tests.test_world_state_db.TestPacingFlags" name="test_chapter_opening_flag" file="tests\test_world_state_db.py" line="327" time="0.008" /><testcase classname="tests.test_world_state_db.TestPacingFlags" name="test_long_chapter_flag" file="tests\test_world_state_db.py" line="333" time="0.019" /><testcase classname="tests.test_world_state_db.TestPacingFlags" name="test_short_scenes_flag" file="tests\test_world_state_db.py" line="345" time="0.014" /><testcase classname="tests.test_world_state_db.TestPacingFlags" name="test_no_flags_when_on_track" file="tests\test_world_state_db.py" line="357" time="0.012" /><testcase classname="tests.test_worldbuild_noop_integration" name="test_three_consecutive_noops_halt_graph" file="tests\test_worldbuild_noop_integration.py" line="146" time="0.012" /><testcase classname="tests.test_worldbuild_noop_integration" name="test_two_noops_then_productive_resets_streak" file="tests\test_worldbuild_noop_integration.py" line="184" time="0.012" /><testcase classname="tests.test_worldbuild_noop_integration" name="test_productive_first_cycle_does_not_halt" file="tests\test_worldbuild_noop_integration.py" line="235" time="0.009" /><testcase classname="tests.test_worldbuild_noop_integration" name="test_guardrail_threshold_matches_worldbuild_module_constant" file="tests\test_worldbuild_noop_integration.py" line="271" time="0.001" /><testcase classname="tests.test_write_gate" name="test_dev_provider_leaves_writes_open" file="tests\test_write_gate.py" line="85" time="0.001" /><testcase classname="tests.test_write_gate" name="test_optional_mode_gates_writes" file="tests\test_write_gate.py" line="89" time="0.022" /><testcase classname="tests.test_write_gate" name="test_gated_mode_gates_writes" file="tests\test_write_gate.py" line="97" time="0.020" /><testcase classname="tests.test_write_gate" name="test_dev_mode_from_env_leaves_writes_open" file="tests\test_write_gate.py" line="103" time="0.014" /><testcase classname="tests.test_write_gate" name="test_rejection_is_actionable_for_anonymous" file="tests\test_write_gate.py" line="111" time="0.001" /><testcase classname="tests.test_write_gate" name="test_resolved_identity_passes_gate" file="tests\test_write_gate.py" line="125" time="0.000" /><testcase classname="tests.test_write_gate" name="test_non_gating_provider_passes_anonymous" file="tests\test_write_gate.py" line="131" time="0.001" /><testcase classname="tests.test_write_gate" name="test_universe_write_graph_rejects_anonymous_when_gated" file="tests\test_write_gate.py" line="147" time="0.001" /><testcase classname="tests.test_write_gate" name="test_universe_write_graph_passes_resolved_identity" file="tests\test_write_gate.py" line="156" time="0.001" /><testcase classname="tests.test_write_gate" name="test_universe_write_graph_open_in_dev_mode" file="tests\test_write_gate.py" line="165" time="0.001" /><testcase classname="tests.test_write_gate" name="test_universe_write_page_filing_rejects_anonymous_when_gated" file="tests\test_write_gate.py" line="174" time="0.001" /><testcase classname="tests.test_write_gate" name="test_universe_write_page_mutating_write_rejects_anonymous" file="tests\test_write_gate.py" line="184" time="0.001" /><testcase classname="tests.test_write_gate" name="test_universe_write_page_auth_rejection_precedes_scope_validation" file="tests\test_write_gate.py" line="197" time="0.001" /><testcase classname="tests.test_write_gate" name="test_universe_write_page_patch_preview_stays_open" file="tests\test_write_gate.py" line="210" time="0.001" /><testcase classname="tests.test_write_gate" name="test_universe_write_page_full_write_gated_even_with_dry_run" file="tests\test_write_gate.py" line="229" time="0.001" /><testcase classname="tests.test_write_gate" name="test_deprecated_fat_tools_blocked_for_anonymous_when_gated" file="tests\test_write_gate.py" line="251" time="0.001" /><testcase classname="tests.test_write_gate" name="test_deprecated_fat_tools_open_for_resolved_identity" file="tests\test_write_gate.py" line="278" time="0.001" /><testcase classname="tests.test_write_gate" name="test_deprecated_fat_tools_open_in_dev_mode" file="tests\test_write_gate.py" line="298" time="0.001" /><testcase classname="tests.test_write_gate" name="test_canonical_handles_unaffected_by_deprecated_middleware" file="tests\test_write_gate.py" line="318" time="0.001" /><testcase classname="tests.test_writer_tools.TestWriterTools" name="test_plan_tools_render_context_and_mark_notes_read" file="tests\test_writer_tools.py" line="52" time="8.210" /><testcase classname="tests.test_writer_tools.TestWriterTools" name="test_draft_tools_include_recent_prose_and_revision_feedback" file="tests\test_writer_tools.py" line="81" time="4.090" /><testcase classname="tests.test_writer_tools.TestOrientNotesConsumption" name="test_orient_leaves_notes_unread_until_writer_tools" file="tests\test_writer_tools.py" line="111" time="12.090" /><testcase classname="tests.test_wt" name="test_proven_merged_uses_force_delete" file="tests\test_wt.py" line="23" time="0.001" /><testcase classname="tests.test_wt" name="test_force_uses_force_delete" file="tests\test_wt.py" line="28" time="0.000" /><testcase classname="tests.test_wt" name="test_unmerged_unforced_stays_safe_delete" file="tests\test_wt.py" line="32" time="0.001" /><testcase classname="tests.test_wt" name="test_sweep_candidate_accepts_merged_clean" file="tests\test_wt.py" line="37" time="0.001" /><testcase classname="tests.test_wt" name="test_sweep_candidate_rejects_dirty" file="tests\test_wt.py" line="41" time="0.000" /><testcase classname="tests.test_wt" name="test_sweep_candidate_rejects_non_ready_states" file="tests\test_wt.py" line="45" time="0.000" /><testcase classname="tests.test_wt" name="test_sweep_candidate_defaults_conservative_on_missing_fields" file="tests\test_wt.py" line="50" time="0.000" /><testcase classname="tests.test_wt" name="test_path_contains_excludes_current_tree" file="tests\test_wt.py" line="56" time="0.041" /></testsuite></testsuites>